[0.013s] Invoking command in '/home/rama/Documents/code/Docker/moonshot_project/ros2_ws/build/moving_table_interfaces': CMAKE_PREFIX_PATH=${CMAKE_PREFIX_PATH}:/home/rama/Documents/code/Docker/moonshot_project/ros2_ws/install/moving_table_pkg:/opt/ros/humble /usr/bin/cmake /home/rama/Documents/code/Docker/moonshot_project/ros2_ws/src/moving_table_interfaces -DROS_EDITION=ROS2 -DHUMBLE_ROS=humble -DCMAKE_INSTALL_PREFIX=/home/rama/Documents/code/Docker/moonshot_project/ros2_ws/install/moving_table_interfaces
[0.070s] -- The C compiler identification is GNU 11.4.0
[0.110s] -- The CXX compiler identification is GNU 11.4.0
[0.115s] -- Detecting C compiler ABI info
[0.204s] -- Detecting C compiler ABI info - done
[0.209s] -- Check for working C compiler: /usr/bin/cc - skipped
[0.209s] -- Detecting C compile features
[0.209s] -- Detecting C compile features - done
[0.211s] -- Detecting CXX compiler ABI info
[0.265s] -- Detecting CXX compiler ABI info - done
[0.274s] -- Check for working CXX compiler: /usr/bin/c++ - skipped
[0.274s] -- Detecting CXX compile features
[0.275s] -- Detecting CXX compile features - done
[0.387s] -- Found ament_cmake: 1.3.12 (/opt/ros/humble/share/ament_cmake/cmake)
[0.512s] -- Found Python3: /usr/bin/python3 (found version "3.10.12") found components: Interpreter 
[0.608s] -- Found rosidl_default_generators: 1.2.0 (/opt/ros/humble/share/rosidl_default_generators/cmake)
[0.650s] -- Using all available rosidl_typesupport_c: rosidl_typesupport_fastrtps_c;rosidl_typesupport_introspection_c
[0.690s] -- Found rosidl_adapter: 3.1.7 (/opt/ros/humble/share/rosidl_adapter/cmake)
[1.044s] -- Using all available rosidl_typesupport_cpp: rosidl_typesupport_fastrtps_cpp;rosidl_typesupport_introspection_cpp
[1.296s] -- Found ament_cmake_ros: 0.10.0 (/opt/ros/humble/share/ament_cmake_ros/cmake)
[1.431s] -- Using all available rosidl_typesupport_c: rosidl_typesupport_fastrtps_c;rosidl_typesupport_introspection_c
[1.626s] -- Using all available rosidl_typesupport_cpp: rosidl_typesupport_fastrtps_cpp;rosidl_typesupport_introspection_cpp
[1.643s] -- Found PythonInterp: /usr/bin/python3 (found suitable version "3.10.12", minimum required is "3.6") 
[1.648s] -- Found python_cmake_module: 0.10.0 (/opt/ros/humble/share/python_cmake_module/cmake)
[1.667s] -- Found PythonLibs: /usr/lib/x86_64-linux-gnu/libpython3.10.so (found suitable version "3.10.12", minimum required is "3.5") 
[1.668s] -- Using PYTHON_EXECUTABLE: /usr/bin/python3
[1.668s] -- Using PYTHON_INCLUDE_DIRS: /usr/include/python3.10
[1.668s] -- Using PYTHON_LIBRARIES: /usr/lib/x86_64-linux-gnu/libpython3.10.so
[1.683s] -- Found PythonExtra: .so  
[1.708s] -- Configuring done
[1.723s] -- Generating done
[1.724s] [33mCMake Warning:
[1.724s]   Manually-specified variables were not used by the project:
[1.724s] 
[1.724s]     HUMBLE_ROS
[1.724s]     ROS_EDITION
[1.725s] 
[1.725s] [0m
[1.729s] -- Build files have been written to: /home/rama/Documents/code/Docker/moonshot_project/ros2_ws/build/moving_table_interfaces
[1.735s] Invoked command in '/home/rama/Documents/code/Docker/moonshot_project/ros2_ws/build/moving_table_interfaces' returned '0': CMAKE_PREFIX_PATH=${CMAKE_PREFIX_PATH}:/home/rama/Documents/code/Docker/moonshot_project/ros2_ws/install/moving_table_pkg:/opt/ros/humble /usr/bin/cmake /home/rama/Documents/code/Docker/moonshot_project/ros2_ws/src/moving_table_interfaces -DROS_EDITION=ROS2 -DHUMBLE_ROS=humble -DCMAKE_INSTALL_PREFIX=/home/rama/Documents/code/Docker/moonshot_project/ros2_ws/install/moving_table_interfaces
[1.735s] Invoking command in '/home/rama/Documents/code/Docker/moonshot_project/ros2_ws/build/moving_table_interfaces': CMAKE_PREFIX_PATH=${CMAKE_PREFIX_PATH}:/home/rama/Documents/code/Docker/moonshot_project/ros2_ws/install/moving_table_pkg:/opt/ros/humble /usr/bin/cmake --build /home/rama/Documents/code/Docker/moonshot_project/ros2_ws/build/moving_table_interfaces -- -j16 -l16
[1.768s] [  3%] [34m[1mGenerating C code for ROS interfaces[0m
[1.774s] [  6%] [34m[1mGenerating C++ code for ROS interfaces[0m
[1.781s] [  6%] Built target ament_cmake_python_copy_moving_table_interfaces
[1.951s] running egg_info
[1.951s] creating moving_table_interfaces.egg-info
[1.951s] writing moving_table_interfaces.egg-info/PKG-INFO
[1.951s] writing dependency_links to moving_table_interfaces.egg-info/dependency_links.txt
[1.951s] writing top-level names to moving_table_interfaces.egg-info/top_level.txt
[1.951s] writing manifest file 'moving_table_interfaces.egg-info/SOURCES.txt'
[1.953s] reading manifest file 'moving_table_interfaces.egg-info/SOURCES.txt'
[1.953s] writing manifest file 'moving_table_interfaces.egg-info/SOURCES.txt'
[1.973s] [  6%] Built target ament_cmake_python_build_moving_table_interfaces_egg
[2.049s] [  6%] Built target moving_table_interfaces__cpp
[2.057s] [ 16%] [34m[1mGenerating C++ type support dispatch for ROS interfaces[0m
[2.057s] [ 16%] [34m[1mGenerating C++ type support for eProsima Fast-RTPS[0m
[2.057s] [ 16%] [34m[1mGenerating C++ introspection for ROS interfaces[0m
[2.065s] [ 19%] [32mBuilding C object CMakeFiles/moving_table_interfaces__rosidl_generator_c.dir/rosidl_generator_c/moving_table_interfaces/srv/detail/moving_table__functions.c.o[0m
[2.107s] [ 22%] [32m[1mLinking C shared library libmoving_table_interfaces__rosidl_generator_c.so[0m
[2.135s] [ 22%] Built target moving_table_interfaces__rosidl_generator_c
[2.143s] [ 32%] [34m[1mGenerating C introspection for ROS interfaces[0m
[2.143s] [ 32%] [34m[1mGenerating C type support dispatch for ROS interfaces[0m
[2.143s] [ 32%] [34m[1mGenerating C type support for eProsima Fast-RTPS[0m
[2.308s] [ 35%] [32mBuilding CXX object CMakeFiles/moving_table_interfaces__rosidl_typesupport_cpp.dir/rosidl_typesupport_cpp/moving_table_interfaces/srv/moving_table__type_support.cpp.o[0m
[2.318s] [ 38%] [32mBuilding CXX object CMakeFiles/moving_table_interfaces__rosidl_typesupport_introspection_cpp.dir/rosidl_typesupport_introspection_cpp/moving_table_interfaces/srv/detail/moving_table__type_support.cpp.o[0m
[2.377s] [ 41%] [32mBuilding CXX object CMakeFiles/moving_table_interfaces__rosidl_typesupport_fastrtps_cpp.dir/rosidl_typesupport_fastrtps_cpp/moving_table_interfaces/srv/detail/dds_fastrtps/moving_table__type_support.cpp.o[0m
[2.406s] [ 45%] [32mBuilding CXX object CMakeFiles/moving_table_interfaces__rosidl_typesupport_c.dir/rosidl_typesupport_c/moving_table_interfaces/srv/moving_table__type_support.cpp.o[0m
[2.420s] [ 48%] [32mBuilding CXX object CMakeFiles/moving_table_interfaces__rosidl_typesupport_fastrtps_c.dir/rosidl_typesupport_fastrtps_c/moving_table_interfaces/srv/detail/moving_table__type_support_c.cpp.o[0m
[2.428s] [ 51%] [32mBuilding C object CMakeFiles/moving_table_interfaces__rosidl_typesupport_introspection_c.dir/rosidl_typesupport_introspection_c/moving_table_interfaces/srv/detail/moving_table__type_support.c.o[0m
[2.430s] [ 54%] [32m[1mLinking CXX shared library libmoving_table_interfaces__rosidl_typesupport_c.so[0m
[2.455s] [ 58%] [32m[1mLinking C shared library libmoving_table_interfaces__rosidl_typesupport_introspection_c.so[0m
[2.461s] [ 58%] Built target moving_table_interfaces__rosidl_typesupport_c
[2.478s] [ 58%] Built target moving_table_interfaces__rosidl_typesupport_introspection_c
[2.520s] [ 61%] [32m[1mLinking CXX shared library libmoving_table_interfaces__rosidl_typesupport_cpp.so[0m
[2.550s] [ 61%] Built target moving_table_interfaces__rosidl_typesupport_cpp
[2.602s] [ 64%] [32m[1mLinking CXX shared library libmoving_table_interfaces__rosidl_typesupport_introspection_cpp.so[0m
[2.657s] [ 64%] Built target moving_table_interfaces__rosidl_typesupport_introspection_cpp
[2.681s] [ 67%] [32m[1mLinking CXX shared library libmoving_table_interfaces__rosidl_typesupport_fastrtps_c.so[0m
[2.696s] [ 70%] [32m[1mLinking CXX shared library libmoving_table_interfaces__rosidl_typesupport_fastrtps_cpp.so[0m
[2.736s] [ 70%] Built target moving_table_interfaces__rosidl_typesupport_fastrtps_c
[2.750s] [ 70%] Built target moving_table_interfaces__rosidl_typesupport_fastrtps_cpp
[2.763s] [ 70%] Built target moving_table_interfaces
[2.776s] [ 74%] [34m[1mGenerating Python code for ROS interfaces[0m
[3.154s] [ 74%] Built target moving_table_interfaces__py
[3.166s] [ 77%] [32mBuilding C object CMakeFiles/moving_table_interfaces__rosidl_generator_py.dir/rosidl_generator_py/moving_table_interfaces/srv/_moving_table_s.c.o[0m
[3.240s] [ 80%] [32m[1mLinking C shared library rosidl_generator_py/moving_table_interfaces/libmoving_table_interfaces__rosidl_generator_py.so[0m
[3.270s] [ 80%] Built target moving_table_interfaces__rosidl_generator_py
[3.287s] [ 90%] [32mBuilding C object CMakeFiles/moving_table_interfaces__rosidl_typesupport_introspection_c__pyext.dir/rosidl_generator_py/moving_table_interfaces/_moving_table_interfaces_s.ep.rosidl_typesupport_introspection_c.c.o[0m
[3.287s] [ 90%] [32mBuilding C object CMakeFiles/moving_table_interfaces__rosidl_typesupport_c__pyext.dir/rosidl_generator_py/moving_table_interfaces/_moving_table_interfaces_s.ep.rosidl_typesupport_c.c.o[0m
[3.287s] [ 90%] [32mBuilding C object CMakeFiles/moving_table_interfaces__rosidl_typesupport_fastrtps_c__pyext.dir/rosidl_generator_py/moving_table_interfaces/_moving_table_interfaces_s.ep.rosidl_typesupport_fastrtps_c.c.o[0m
[3.351s] [ 96%] [32m[1mLinking C shared library rosidl_generator_py/moving_table_interfaces/moving_table_interfaces_s__rosidl_typesupport_c.cpython-310-x86_64-linux-gnu.so[0m
[3.351s] [ 96%] [32m[1mLinking C shared library rosidl_generator_py/moving_table_interfaces/moving_table_interfaces_s__rosidl_typesupport_introspection_c.cpython-310-x86_64-linux-gnu.so[0m
[3.351s] [100%] [32m[1mLinking C shared library rosidl_generator_py/moving_table_interfaces/moving_table_interfaces_s__rosidl_typesupport_fastrtps_c.cpython-310-x86_64-linux-gnu.so[0m
[3.373s] [100%] Built target moving_table_interfaces__rosidl_typesupport_introspection_c__pyext
[3.373s] [100%] Built target moving_table_interfaces__rosidl_typesupport_fastrtps_c__pyext
[3.373s] [100%] Built target moving_table_interfaces__rosidl_typesupport_c__pyext
[3.381s] Invoked command in '/home/rama/Documents/code/Docker/moonshot_project/ros2_ws/build/moving_table_interfaces' returned '0': CMAKE_PREFIX_PATH=${CMAKE_PREFIX_PATH}:/home/rama/Documents/code/Docker/moonshot_project/ros2_ws/install/moving_table_pkg:/opt/ros/humble /usr/bin/cmake --build /home/rama/Documents/code/Docker/moonshot_project/ros2_ws/build/moving_table_interfaces -- -j16 -l16
[3.383s] Invoking command in '/home/rama/Documents/code/Docker/moonshot_project/ros2_ws/build/moving_table_interfaces': CMAKE_PREFIX_PATH=${CMAKE_PREFIX_PATH}:/home/rama/Documents/code/Docker/moonshot_project/ros2_ws/install/moving_table_pkg:/opt/ros/humble /usr/bin/cmake --install /home/rama/Documents/code/Docker/moonshot_project/ros2_ws/build/moving_table_interfaces
[3.389s] -- Install configuration: ""
[3.389s] -- Installing: /home/rama/Documents/code/Docker/moonshot_project/ros2_ws/install/moving_table_interfaces/share/ament_index/resource_index/rosidl_interfaces/moving_table_interfaces
[3.389s] -- Installing: /home/rama/Documents/code/Docker/moonshot_project/ros2_ws/install/moving_table_interfaces/include/moving_table_interfaces/moving_table_interfaces
[3.389s] -- Installing: /home/rama/Documents/code/Docker/moonshot_project/ros2_ws/install/moving_table_interfaces/include/moving_table_interfaces/moving_table_interfaces/srv
[3.389s] -- Installing: /home/rama/Documents/code/Docker/moonshot_project/ros2_ws/install/moving_table_interfaces/include/moving_table_interfaces/moving_table_interfaces/srv/moving_table.h
[3.389s] -- Installing: /home/rama/Documents/code/Docker/moonshot_project/ros2_ws/install/moving_table_interfaces/include/moving_table_interfaces/moving_table_interfaces/srv/detail
[3.389s] -- Installing: /home/rama/Documents/code/Docker/moonshot_project/ros2_ws/install/moving_table_interfaces/include/moving_table_interfaces/moving_table_interfaces/srv/detail/moving_table__functions.h
[3.389s] -- Installing: /home/rama/Documents/code/Docker/moonshot_project/ros2_ws/install/moving_table_interfaces/include/moving_table_interfaces/moving_table_interfaces/srv/detail/moving_table__functions.c
[3.389s] -- Installing: /home/rama/Documents/code/Docker/moonshot_project/ros2_ws/install/moving_table_interfaces/include/moving_table_interfaces/moving_table_interfaces/srv/detail/moving_table__type_support.h
[3.389s] -- Installing: /home/rama/Documents/code/Docker/moonshot_project/ros2_ws/install/moving_table_interfaces/include/moving_table_interfaces/moving_table_interfaces/srv/detail/moving_table__struct.h
[3.389s] -- Installing: /home/rama/Documents/code/Docker/moonshot_project/ros2_ws/install/moving_table_interfaces/include/moving_table_interfaces/moving_table_interfaces/msg
[3.389s] -- Installing: /home/rama/Documents/code/Docker/moonshot_project/ros2_ws/install/moving_table_interfaces/include/moving_table_interfaces/moving_table_interfaces/msg/rosidl_generator_c__visibility_control.h
[3.390s] -- Installing: /home/rama/Documents/code/Docker/moonshot_project/ros2_ws/install/moving_table_interfaces/share/moving_table_interfaces/environment/library_path.sh
[3.390s] -- Installing: /home/rama/Documents/code/Docker/moonshot_project/ros2_ws/install/moving_table_interfaces/share/moving_table_interfaces/environment/library_path.dsv
[3.390s] -- Installing: /home/rama/Documents/code/Docker/moonshot_project/ros2_ws/install/moving_table_interfaces/lib/libmoving_table_interfaces__rosidl_generator_c.so
[3.390s] -- Set runtime path of "/home/rama/Documents/code/Docker/moonshot_project/ros2_ws/install/moving_table_interfaces/lib/libmoving_table_interfaces__rosidl_generator_c.so" to ""
[3.390s] -- Up-to-date: /home/rama/Documents/code/Docker/moonshot_project/ros2_ws/install/moving_table_interfaces/include/moving_table_interfaces/moving_table_interfaces
[3.390s] -- Up-to-date: /home/rama/Documents/code/Docker/moonshot_project/ros2_ws/install/moving_table_interfaces/include/moving_table_interfaces/moving_table_interfaces/srv
[3.390s] -- Up-to-date: /home/rama/Documents/code/Docker/moonshot_project/ros2_ws/install/moving_table_interfaces/include/moving_table_interfaces/moving_table_interfaces/srv/detail
[3.390s] -- Installing: /home/rama/Documents/code/Docker/moonshot_project/ros2_ws/install/moving_table_interfaces/include/moving_table_interfaces/moving_table_interfaces/srv/detail/moving_table__rosidl_typesupport_fastrtps_c.h
[3.390s] -- Up-to-date: /home/rama/Documents/code/Docker/moonshot_project/ros2_ws/install/moving_table_interfaces/include/moving_table_interfaces/moving_table_interfaces/msg
[3.390s] -- Installing: /home/rama/Documents/code/Docker/moonshot_project/ros2_ws/install/moving_table_interfaces/include/moving_table_interfaces/moving_table_interfaces/msg/rosidl_typesupport_fastrtps_c__visibility_control.h
[3.390s] -- Installing: /home/rama/Documents/code/Docker/moonshot_project/ros2_ws/install/moving_table_interfaces/lib/libmoving_table_interfaces__rosidl_typesupport_fastrtps_c.so
[3.390s] -- Set runtime path of "/home/rama/Documents/code/Docker/moonshot_project/ros2_ws/install/moving_table_interfaces/lib/libmoving_table_interfaces__rosidl_typesupport_fastrtps_c.so" to ""
[3.390s] -- Up-to-date: /home/rama/Documents/code/Docker/moonshot_project/ros2_ws/install/moving_table_interfaces/include/moving_table_interfaces/moving_table_interfaces
[3.391s] -- Up-to-date: /home/rama/Documents/code/Docker/moonshot_project/ros2_ws/install/moving_table_interfaces/include/moving_table_interfaces/moving_table_interfaces/srv
[3.391s] -- Up-to-date: /home/rama/Documents/code/Docker/moonshot_project/ros2_ws/install/moving_table_interfaces/include/moving_table_interfaces/moving_table_interfaces/srv/detail
[3.391s] -- Installing: /home/rama/Documents/code/Docker/moonshot_project/ros2_ws/install/moving_table_interfaces/include/moving_table_interfaces/moving_table_interfaces/srv/detail/moving_table__type_support.c
[3.391s] -- Installing: /home/rama/Documents/code/Docker/moonshot_project/ros2_ws/install/moving_table_interfaces/include/moving_table_interfaces/moving_table_interfaces/srv/detail/moving_table__rosidl_typesupport_introspection_c.h
[3.391s] -- Up-to-date: /home/rama/Documents/code/Docker/moonshot_project/ros2_ws/install/moving_table_interfaces/include/moving_table_interfaces/moving_table_interfaces/msg
[3.391s] -- Installing: /home/rama/Documents/code/Docker/moonshot_project/ros2_ws/install/moving_table_interfaces/include/moving_table_interfaces/moving_table_interfaces/msg/rosidl_typesupport_introspection_c__visibility_control.h
[3.391s] -- Installing: /home/rama/Documents/code/Docker/moonshot_project/ros2_ws/install/moving_table_interfaces/lib/libmoving_table_interfaces__rosidl_typesupport_introspection_c.so
[3.391s] -- Set runtime path of "/home/rama/Documents/code/Docker/moonshot_project/ros2_ws/install/moving_table_interfaces/lib/libmoving_table_interfaces__rosidl_typesupport_introspection_c.so" to ""
[3.391s] -- Installing: /home/rama/Documents/code/Docker/moonshot_project/ros2_ws/install/moving_table_interfaces/lib/libmoving_table_interfaces__rosidl_typesupport_c.so
[3.391s] -- Set runtime path of "/home/rama/Documents/code/Docker/moonshot_project/ros2_ws/install/moving_table_interfaces/lib/libmoving_table_interfaces__rosidl_typesupport_c.so" to ""
[3.391s] -- Up-to-date: /home/rama/Documents/code/Docker/moonshot_project/ros2_ws/install/moving_table_interfaces/include/moving_table_interfaces/moving_table_interfaces
[3.391s] -- Up-to-date: /home/rama/Documents/code/Docker/moonshot_project/ros2_ws/install/moving_table_interfaces/include/moving_table_interfaces/moving_table_interfaces/srv
[3.391s] -- Installing: /home/rama/Documents/code/Docker/moonshot_project/ros2_ws/install/moving_table_interfaces/include/moving_table_interfaces/moving_table_interfaces/srv/moving_table.hpp
[3.391s] -- Up-to-date: /home/rama/Documents/code/Docker/moonshot_project/ros2_ws/install/moving_table_interfaces/include/moving_table_interfaces/moving_table_interfaces/srv/detail
[3.392s] -- Installing: /home/rama/Documents/code/Docker/moonshot_project/ros2_ws/install/moving_table_interfaces/include/moving_table_interfaces/moving_table_interfaces/srv/detail/moving_table__builder.hpp
[3.392s] -- Installing: /home/rama/Documents/code/Docker/moonshot_project/ros2_ws/install/moving_table_interfaces/include/moving_table_interfaces/moving_table_interfaces/srv/detail/moving_table__struct.hpp
[3.392s] -- Installing: /home/rama/Documents/code/Docker/moonshot_project/ros2_ws/install/moving_table_interfaces/include/moving_table_interfaces/moving_table_interfaces/srv/detail/moving_table__traits.hpp
[3.392s] -- Installing: /home/rama/Documents/code/Docker/moonshot_project/ros2_ws/install/moving_table_interfaces/include/moving_table_interfaces/moving_table_interfaces/srv/detail/moving_table__type_support.hpp
[3.392s] -- Up-to-date: /home/rama/Documents/code/Docker/moonshot_project/ros2_ws/install/moving_table_interfaces/include/moving_table_interfaces/moving_table_interfaces/msg
[3.392s] -- Installing: /home/rama/Documents/code/Docker/moonshot_project/ros2_ws/install/moving_table_interfaces/include/moving_table_interfaces/moving_table_interfaces/msg/rosidl_generator_cpp__visibility_control.hpp
[3.392s] -- Up-to-date: /home/rama/Documents/code/Docker/moonshot_project/ros2_ws/install/moving_table_interfaces/include/moving_table_interfaces/moving_table_interfaces
[3.392s] -- Up-to-date: /home/rama/Documents/code/Docker/moonshot_project/ros2_ws/install/moving_table_interfaces/include/moving_table_interfaces/moving_table_interfaces/srv
[3.392s] -- Up-to-date: /home/rama/Documents/code/Docker/moonshot_project/ros2_ws/install/moving_table_interfaces/include/moving_table_interfaces/moving_table_interfaces/srv/detail
[3.392s] -- Installing: /home/rama/Documents/code/Docker/moonshot_project/ros2_ws/install/moving_table_interfaces/include/moving_table_interfaces/moving_table_interfaces/srv/detail/moving_table__rosidl_typesupport_fastrtps_cpp.hpp
[3.392s] -- Installing: /home/rama/Documents/code/Docker/moonshot_project/ros2_ws/install/moving_table_interfaces/include/moving_table_interfaces/moving_table_interfaces/srv/detail/dds_fastrtps
[3.392s] -- Up-to-date: /home/rama/Documents/code/Docker/moonshot_project/ros2_ws/install/moving_table_interfaces/include/moving_table_interfaces/moving_table_interfaces/msg
[3.392s] -- Installing: /home/rama/Documents/code/Docker/moonshot_project/ros2_ws/install/moving_table_interfaces/include/moving_table_interfaces/moving_table_interfaces/msg/rosidl_typesupport_fastrtps_cpp__visibility_control.h
[3.392s] -- Installing: /home/rama/Documents/code/Docker/moonshot_project/ros2_ws/install/moving_table_interfaces/lib/libmoving_table_interfaces__rosidl_typesupport_fastrtps_cpp.so
[3.393s] -- Set runtime path of "/home/rama/Documents/code/Docker/moonshot_project/ros2_ws/install/moving_table_interfaces/lib/libmoving_table_interfaces__rosidl_typesupport_fastrtps_cpp.so" to ""
[3.393s] -- Up-to-date: /home/rama/Documents/code/Docker/moonshot_project/ros2_ws/install/moving_table_interfaces/include/moving_table_interfaces/moving_table_interfaces
[3.393s] -- Up-to-date: /home/rama/Documents/code/Docker/moonshot_project/ros2_ws/install/moving_table_interfaces/include/moving_table_interfaces/moving_table_interfaces/srv
[3.393s] -- Up-to-date: /home/rama/Documents/code/Docker/moonshot_project/ros2_ws/install/moving_table_interfaces/include/moving_table_interfaces/moving_table_interfaces/srv/detail
[3.393s] -- Installing: /home/rama/Documents/code/Docker/moonshot_project/ros2_ws/install/moving_table_interfaces/include/moving_table_interfaces/moving_table_interfaces/srv/detail/moving_table__rosidl_typesupport_introspection_cpp.hpp
[3.393s] -- Installing: /home/rama/Documents/code/Docker/moonshot_project/ros2_ws/install/moving_table_interfaces/include/moving_table_interfaces/moving_table_interfaces/srv/detail/moving_table__type_support.cpp
[3.393s] -- Installing: /home/rama/Documents/code/Docker/moonshot_project/ros2_ws/install/moving_table_interfaces/lib/libmoving_table_interfaces__rosidl_typesupport_introspection_cpp.so
[3.393s] -- Set runtime path of "/home/rama/Documents/code/Docker/moonshot_project/ros2_ws/install/moving_table_interfaces/lib/libmoving_table_interfaces__rosidl_typesupport_introspection_cpp.so" to ""
[3.393s] -- Installing: /home/rama/Documents/code/Docker/moonshot_project/ros2_ws/install/moving_table_interfaces/lib/libmoving_table_interfaces__rosidl_typesupport_cpp.so
[3.393s] -- Set runtime path of "/home/rama/Documents/code/Docker/moonshot_project/ros2_ws/install/moving_table_interfaces/lib/libmoving_table_interfaces__rosidl_typesupport_cpp.so" to ""
[3.393s] -- Installing: /home/rama/Documents/code/Docker/moonshot_project/ros2_ws/install/moving_table_interfaces/share/moving_table_interfaces/environment/pythonpath.sh
[3.393s] -- Installing: /home/rama/Documents/code/Docker/moonshot_project/ros2_ws/install/moving_table_interfaces/share/moving_table_interfaces/environment/pythonpath.dsv
[3.393s] -- Installing: /home/rama/Documents/code/Docker/moonshot_project/ros2_ws/install/moving_table_interfaces/local/lib/python3.10/dist-packages/moving_table_interfaces-0.0.0-py3.10.egg-info
[3.393s] -- Installing: /home/rama/Documents/code/Docker/moonshot_project/ros2_ws/install/moving_table_interfaces/local/lib/python3.10/dist-packages/moving_table_interfaces-0.0.0-py3.10.egg-info/dependency_links.txt
[3.393s] -- Installing: /home/rama/Documents/code/Docker/moonshot_project/ros2_ws/install/moving_table_interfaces/local/lib/python3.10/dist-packages/moving_table_interfaces-0.0.0-py3.10.egg-info/SOURCES.txt
[3.394s] -- Installing: /home/rama/Documents/code/Docker/moonshot_project/ros2_ws/install/moving_table_interfaces/local/lib/python3.10/dist-packages/moving_table_interfaces-0.0.0-py3.10.egg-info/top_level.txt
[3.394s] -- Installing: /home/rama/Documents/code/Docker/moonshot_project/ros2_ws/install/moving_table_interfaces/local/lib/python3.10/dist-packages/moving_table_interfaces-0.0.0-py3.10.egg-info/PKG-INFO
[3.394s] -- Installing: /home/rama/Documents/code/Docker/moonshot_project/ros2_ws/install/moving_table_interfaces/local/lib/python3.10/dist-packages/moving_table_interfaces
[3.394s] -- Installing: /home/rama/Documents/code/Docker/moonshot_project/ros2_ws/install/moving_table_interfaces/local/lib/python3.10/dist-packages/moving_table_interfaces/moving_table_interfaces_s__rosidl_typesupport_introspection_c.cpython-310-x86_64-linux-gnu.so
[3.394s] -- Installing: /home/rama/Documents/code/Docker/moonshot_project/ros2_ws/install/moving_table_interfaces/local/lib/python3.10/dist-packages/moving_table_interfaces/_moving_table_interfaces_s.ep.rosidl_typesupport_introspection_c.c
[3.394s] -- Installing: /home/rama/Documents/code/Docker/moonshot_project/ros2_ws/install/moving_table_interfaces/local/lib/python3.10/dist-packages/moving_table_interfaces/moving_table_interfaces_s__rosidl_typesupport_c.cpython-310-x86_64-linux-gnu.so
[3.394s] -- Installing: /home/rama/Documents/code/Docker/moonshot_project/ros2_ws/install/moving_table_interfaces/local/lib/python3.10/dist-packages/moving_table_interfaces/_moving_table_interfaces_s.ep.rosidl_typesupport_fastrtps_c.c
[3.394s] -- Installing: /home/rama/Documents/code/Docker/moonshot_project/ros2_ws/install/moving_table_interfaces/local/lib/python3.10/dist-packages/moving_table_interfaces/srv
[3.394s] -- Installing: /home/rama/Documents/code/Docker/moonshot_project/ros2_ws/install/moving_table_interfaces/local/lib/python3.10/dist-packages/moving_table_interfaces/srv/_moving_table_s.c
[3.394s] -- Installing: /home/rama/Documents/code/Docker/moonshot_project/ros2_ws/install/moving_table_interfaces/local/lib/python3.10/dist-packages/moving_table_interfaces/srv/_moving_table.py
[3.394s] -- Installing: /home/rama/Documents/code/Docker/moonshot_project/ros2_ws/install/moving_table_interfaces/local/lib/python3.10/dist-packages/moving_table_interfaces/srv/__init__.py
[3.394s] -- Installing: /home/rama/Documents/code/Docker/moonshot_project/ros2_ws/install/moving_table_interfaces/local/lib/python3.10/dist-packages/moving_table_interfaces/_moving_table_interfaces_s.ep.rosidl_typesupport_c.c
[3.394s] -- Installing: /home/rama/Documents/code/Docker/moonshot_project/ros2_ws/install/moving_table_interfaces/local/lib/python3.10/dist-packages/moving_table_interfaces/moving_table_interfaces_s__rosidl_typesupport_fastrtps_c.cpython-310-x86_64-linux-gnu.so
[3.394s] -- Installing: /home/rama/Documents/code/Docker/moonshot_project/ros2_ws/install/moving_table_interfaces/local/lib/python3.10/dist-packages/moving_table_interfaces/libmoving_table_interfaces__rosidl_generator_py.so
[3.394s] -- Installing: /home/rama/Documents/code/Docker/moonshot_project/ros2_ws/install/moving_table_interfaces/local/lib/python3.10/dist-packages/moving_table_interfaces/__init__.py
[3.420s] Listing '/home/rama/Documents/code/Docker/moonshot_project/ros2_ws/install/moving_table_interfaces/local/lib/python3.10/dist-packages/moving_table_interfaces'...
[3.420s] Compiling '/home/rama/Documents/code/Docker/moonshot_project/ros2_ws/install/moving_table_interfaces/local/lib/python3.10/dist-packages/moving_table_interfaces/__init__.py'...
[3.420s] Listing '/home/rama/Documents/code/Docker/moonshot_project/ros2_ws/install/moving_table_interfaces/local/lib/python3.10/dist-packages/moving_table_interfaces/srv'...
[3.420s] Compiling '/home/rama/Documents/code/Docker/moonshot_project/ros2_ws/install/moving_table_interfaces/local/lib/python3.10/dist-packages/moving_table_interfaces/srv/__init__.py'...
[3.420s] Compiling '/home/rama/Documents/code/Docker/moonshot_project/ros2_ws/install/moving_table_interfaces/local/lib/python3.10/dist-packages/moving_table_interfaces/srv/_moving_table.py'...
[3.423s] -- Installing: /home/rama/Documents/code/Docker/moonshot_project/ros2_ws/install/moving_table_interfaces/local/lib/python3.10/dist-packages/moving_table_interfaces/moving_table_interfaces_s__rosidl_typesupport_fastrtps_c.cpython-310-x86_64-linux-gnu.so
[3.423s] -- Set runtime path of "/home/rama/Documents/code/Docker/moonshot_project/ros2_ws/install/moving_table_interfaces/local/lib/python3.10/dist-packages/moving_table_interfaces/moving_table_interfaces_s__rosidl_typesupport_fastrtps_c.cpython-310-x86_64-linux-gnu.so" to ""
[3.423s] -- Installing: /home/rama/Documents/code/Docker/moonshot_project/ros2_ws/install/moving_table_interfaces/local/lib/python3.10/dist-packages/moving_table_interfaces/moving_table_interfaces_s__rosidl_typesupport_introspection_c.cpython-310-x86_64-linux-gnu.so
[3.423s] -- Set runtime path of "/home/rama/Documents/code/Docker/moonshot_project/ros2_ws/install/moving_table_interfaces/local/lib/python3.10/dist-packages/moving_table_interfaces/moving_table_interfaces_s__rosidl_typesupport_introspection_c.cpython-310-x86_64-linux-gnu.so" to ""
[3.423s] -- Installing: /home/rama/Documents/code/Docker/moonshot_project/ros2_ws/install/moving_table_interfaces/local/lib/python3.10/dist-packages/moving_table_interfaces/moving_table_interfaces_s__rosidl_typesupport_c.cpython-310-x86_64-linux-gnu.so
[3.424s] -- Set runtime path of "/home/rama/Documents/code/Docker/moonshot_project/ros2_ws/install/moving_table_interfaces/local/lib/python3.10/dist-packages/moving_table_interfaces/moving_table_interfaces_s__rosidl_typesupport_c.cpython-310-x86_64-linux-gnu.so" to ""
[3.424s] -- Installing: /home/rama/Documents/code/Docker/moonshot_project/ros2_ws/install/moving_table_interfaces/lib/libmoving_table_interfaces__rosidl_generator_py.so
[3.424s] -- Set runtime path of "/home/rama/Documents/code/Docker/moonshot_project/ros2_ws/install/moving_table_interfaces/lib/libmoving_table_interfaces__rosidl_generator_py.so" to ""
[3.424s] -- Installing: /home/rama/Documents/code/Docker/moonshot_project/ros2_ws/install/moving_table_interfaces/share/moving_table_interfaces/srv/MovingTable.idl
[3.424s] -- Installing: /home/rama/Documents/code/Docker/moonshot_project/ros2_ws/install/moving_table_interfaces/share/moving_table_interfaces/srv/MovingTable.srv
[3.424s] -- Installing: /home/rama/Documents/code/Docker/moonshot_project/ros2_ws/install/moving_table_interfaces/share/moving_table_interfaces/srv/MovingTable_Request.msg
[3.424s] -- Installing: /home/rama/Documents/code/Docker/moonshot_project/ros2_ws/install/moving_table_interfaces/share/moving_table_interfaces/srv/MovingTable_Response.msg
[3.424s] -- Installing: /home/rama/Documents/code/Docker/moonshot_project/ros2_ws/install/moving_table_interfaces/share/ament_index/resource_index/package_run_dependencies/moving_table_interfaces
[3.424s] -- Installing: /home/rama/Documents/code/Docker/moonshot_project/ros2_ws/install/moving_table_interfaces/share/ament_index/resource_index/parent_prefix_path/moving_table_interfaces
[3.424s] -- Installing: /home/rama/Documents/code/Docker/moonshot_project/ros2_ws/install/moving_table_interfaces/share/moving_table_interfaces/environment/ament_prefix_path.sh
[3.424s] -- Installing: /home/rama/Documents/code/Docker/moonshot_project/ros2_ws/install/moving_table_interfaces/share/moving_table_interfaces/environment/ament_prefix_path.dsv
[3.424s] -- Installing: /home/rama/Documents/code/Docker/moonshot_project/ros2_ws/install/moving_table_interfaces/share/moving_table_interfaces/environment/path.sh
[3.424s] -- Installing: /home/rama/Documents/code/Docker/moonshot_project/ros2_ws/install/moving_table_interfaces/share/moving_table_interfaces/environment/path.dsv
[3.424s] -- Installing: /home/rama/Documents/code/Docker/moonshot_project/ros2_ws/install/moving_table_interfaces/share/moving_table_interfaces/local_setup.bash
[3.425s] -- Installing: /home/rama/Documents/code/Docker/moonshot_project/ros2_ws/install/moving_table_interfaces/share/moving_table_interfaces/local_setup.sh
[3.425s] -- Installing: /home/rama/Documents/code/Docker/moonshot_project/ros2_ws/install/moving_table_interfaces/share/moving_table_interfaces/local_setup.zsh
[3.425s] -- Installing: /home/rama/Documents/code/Docker/moonshot_project/ros2_ws/install/moving_table_interfaces/share/moving_table_interfaces/local_setup.dsv
[3.425s] -- Installing: /home/rama/Documents/code/Docker/moonshot_project/ros2_ws/install/moving_table_interfaces/share/moving_table_interfaces/package.dsv
[3.425s] -- Installing: /home/rama/Documents/code/Docker/moonshot_project/ros2_ws/install/moving_table_interfaces/share/ament_index/resource_index/packages/moving_table_interfaces
[3.425s] -- Installing: /home/rama/Documents/code/Docker/moonshot_project/ros2_ws/install/moving_table_interfaces/share/moving_table_interfaces/cmake/export_moving_table_interfaces__rosidl_generator_cExport.cmake
[3.425s] -- Installing: /home/rama/Documents/code/Docker/moonshot_project/ros2_ws/install/moving_table_interfaces/share/moving_table_interfaces/cmake/export_moving_table_interfaces__rosidl_generator_cExport-noconfig.cmake
[3.425s] -- Installing: /home/rama/Documents/code/Docker/moonshot_project/ros2_ws/install/moving_table_interfaces/share/moving_table_interfaces/cmake/export_moving_table_interfaces__rosidl_typesupport_fastrtps_cExport.cmake
[3.425s] -- Installing: /home/rama/Documents/code/Docker/moonshot_project/ros2_ws/install/moving_table_interfaces/share/moving_table_interfaces/cmake/export_moving_table_interfaces__rosidl_typesupport_fastrtps_cExport-noconfig.cmake
[3.425s] -- Installing: /home/rama/Documents/code/Docker/moonshot_project/ros2_ws/install/moving_table_interfaces/share/moving_table_interfaces/cmake/moving_table_interfaces__rosidl_typesupport_introspection_cExport.cmake
[3.425s] -- Installing: /home/rama/Documents/code/Docker/moonshot_project/ros2_ws/install/moving_table_interfaces/share/moving_table_interfaces/cmake/moving_table_interfaces__rosidl_typesupport_introspection_cExport-noconfig.cmake
[3.425s] -- Installing: /home/rama/Documents/code/Docker/moonshot_project/ros2_ws/install/moving_table_interfaces/share/moving_table_interfaces/cmake/moving_table_interfaces__rosidl_typesupport_cExport.cmake
[3.425s] -- Installing: /home/rama/Documents/code/Docker/moonshot_project/ros2_ws/install/moving_table_interfaces/share/moving_table_interfaces/cmake/moving_table_interfaces__rosidl_typesupport_cExport-noconfig.cmake
[3.425s] -- Installing: /home/rama/Documents/code/Docker/moonshot_project/ros2_ws/install/moving_table_interfaces/share/moving_table_interfaces/cmake/export_moving_table_interfaces__rosidl_generator_cppExport.cmake
[3.426s] -- Installing: /home/rama/Documents/code/Docker/moonshot_project/ros2_ws/install/moving_table_interfaces/share/moving_table_interfaces/cmake/export_moving_table_interfaces__rosidl_typesupport_fastrtps_cppExport.cmake
[3.426s] -- Installing: /home/rama/Documents/code/Docker/moonshot_project/ros2_ws/install/moving_table_interfaces/share/moving_table_interfaces/cmake/export_moving_table_interfaces__rosidl_typesupport_fastrtps_cppExport-noconfig.cmake
[3.426s] -- Installing: /home/rama/Documents/code/Docker/moonshot_project/ros2_ws/install/moving_table_interfaces/share/moving_table_interfaces/cmake/moving_table_interfaces__rosidl_typesupport_introspection_cppExport.cmake
[3.426s] -- Installing: /home/rama/Documents/code/Docker/moonshot_project/ros2_ws/install/moving_table_interfaces/share/moving_table_interfaces/cmake/moving_table_interfaces__rosidl_typesupport_introspection_cppExport-noconfig.cmake
[3.426s] -- Installing: /home/rama/Documents/code/Docker/moonshot_project/ros2_ws/install/moving_table_interfaces/share/moving_table_interfaces/cmake/moving_table_interfaces__rosidl_typesupport_cppExport.cmake
[3.426s] -- Installing: /home/rama/Documents/code/Docker/moonshot_project/ros2_ws/install/moving_table_interfaces/share/moving_table_interfaces/cmake/moving_table_interfaces__rosidl_typesupport_cppExport-noconfig.cmake
[3.426s] -- Installing: /home/rama/Documents/code/Docker/moonshot_project/ros2_ws/install/moving_table_interfaces/share/moving_table_interfaces/cmake/export_moving_table_interfaces__rosidl_generator_pyExport.cmake
[3.426s] -- Installing: /home/rama/Documents/code/Docker/moonshot_project/ros2_ws/install/moving_table_interfaces/share/moving_table_interfaces/cmake/export_moving_table_interfaces__rosidl_generator_pyExport-noconfig.cmake
[3.426s] -- Installing: /home/rama/Documents/code/Docker/moonshot_project/ros2_ws/install/moving_table_interfaces/share/moving_table_interfaces/cmake/rosidl_cmake-extras.cmake
[3.426s] -- Installing: /home/rama/Documents/code/Docker/moonshot_project/ros2_ws/install/moving_table_interfaces/share/moving_table_interfaces/cmake/ament_cmake_export_include_directories-extras.cmake
[3.426s] -- Installing: /home/rama/Documents/code/Docker/moonshot_project/ros2_ws/install/moving_table_interfaces/share/moving_table_interfaces/cmake/ament_cmake_export_libraries-extras.cmake
[3.426s] -- Installing: /home/rama/Documents/code/Docker/moonshot_project/ros2_ws/install/moving_table_interfaces/share/moving_table_interfaces/cmake/ament_cmake_export_targets-extras.cmake
[3.426s] -- Installing: /home/rama/Documents/code/Docker/moonshot_project/ros2_ws/install/moving_table_interfaces/share/moving_table_interfaces/cmake/rosidl_cmake_export_typesupport_targets-extras.cmake
[3.426s] -- Installing: /home/rama/Documents/code/Docker/moonshot_project/ros2_ws/install/moving_table_interfaces/share/moving_table_interfaces/cmake/ament_cmake_export_dependencies-extras.cmake
[3.427s] -- Installing: /home/rama/Documents/code/Docker/moonshot_project/ros2_ws/install/moving_table_interfaces/share/moving_table_interfaces/cmake/rosidl_cmake_export_typesupport_libraries-extras.cmake
[3.427s] -- Installing: /home/rama/Documents/code/Docker/moonshot_project/ros2_ws/install/moving_table_interfaces/share/moving_table_interfaces/cmake/moving_table_interfacesConfig.cmake
[3.427s] -- Installing: /home/rama/Documents/code/Docker/moonshot_project/ros2_ws/install/moving_table_interfaces/share/moving_table_interfaces/cmake/moving_table_interfacesConfig-version.cmake
[3.427s] -- Installing: /home/rama/Documents/code/Docker/moonshot_project/ros2_ws/install/moving_table_interfaces/share/moving_table_interfaces/package.xml
[3.429s] Invoked command in '/home/rama/Documents/code/Docker/moonshot_project/ros2_ws/build/moving_table_interfaces' returned '0': CMAKE_PREFIX_PATH=${CMAKE_PREFIX_PATH}:/home/rama/Documents/code/Docker/moonshot_project/ros2_ws/install/moving_table_pkg:/opt/ros/humble /usr/bin/cmake --install /home/rama/Documents/code/Docker/moonshot_project/ros2_ws/build/moving_table_interfaces
