seed  0  P1  180.37  P1'  332.78  lama@P1'  373.10 regret  12.1%  pindah 5->5 (m_min 5)  n1/n2 4/2->4/2  same False
seed  1  P1  103.24  P1'  263.09  lama@P1'  263.09 regret   0.0%  pindah 2->2 (m_min 2)  n1/n2 3/3->3/3  same True
seed  2  P1  199.06  P1'  356.53  lama@P1'  356.53 regret   0.0%  pindah 5->5 (m_min 5)  n1/n2 2/4->2/4  same False
seed  3  P1  156.33  P1'  362.35  lama@P1'  362.35 regret   0.0%  pindah 3->3 (m_min 3)  n1/n2 2/4->2/4  same False
seed  4  P1  210.20  P1'  375.01  lama@P1'  375.01 regret  -0.0%  pindah 5->5 (m_min 5)  n1/n2 2/4->2/4  same True
seed  5  P1  134.05  P1'  274.53  lama@P1'  274.53 regret  -0.0%  pindah 3->3 (m_min 3)  n1/n2 2/4->2/4  same True
seed  6  P1  203.83  P1'  320.81  lama@P1'  320.81 regret   0.0%  pindah 6->6 (m_min 6)  n1/n2 3/3->3/3  same False
seed  7  P1  154.33  P1'  311.48  lama@P1'  311.48 regret  -0.0%  pindah 4->4 (m_min 4)  n1/n2 2/4->2/4  same True
seed  8  P1  197.47  P1'  353.90  lama@P1'  353.90 regret   0.0%  pindah 5->5 (m_min 5)  n1/n2 2/4->2/4  same False
seed  9  P1  147.56  P1'  271.41  lama@P1'  271.41 regret   0.0%  pindah 4->4 (m_min 4)  n1/n2 3/3->3/3  same True
seed 10  P1  130.05  P1'  274.53  lama@P1'  274.53 regret   0.0%  pindah 3->3 (m_min 3)  n1/n2 2/4->2/4  same True
seed 11  P1  139.60  P1'  238.12  lama@P1'  238.12 regret   0.0%  pindah 3->3 (m_min 3)  n1/n2 4/2->4/2  same False
seed 12  P1  189.92  P1'  338.06  lama@P1'  388.93 regret  15.0%  pindah 4->4 (m_min 4)  n1/n2 2/4->2/4  same False
seed 13  P1  151.15  P1'  262.55  lama@P1'  262.55 regret   0.0%  pindah 4->4 (m_min 4)  n1/n2 3/3->3/3  same False
seed 14  P1  175.59  P1'  365.39  lama@P1'  365.39 regret   0.0%  pindah 5->5 (m_min 5)  n1/n2 4/2->4/2  same True
seed 15  P1  133.64  P1'  233.52  lama@P1'  233.52 regret   0.0%  pindah 4->4 (m_min 4)  n1/n2 3/3->3/3  same False
seed 16  P1  139.60  P1'  271.89  lama@P1'  272.10 regret   0.1%  pindah 4->4 (m_min 4)  n1/n2 4/2->4/2  same False
seed 17  P1   74.60  P1'  216.27  lama@P1'  259.23 regret  19.9%  pindah 2->2 (m_min 2)  n1/n2 2/4->2/4  same False
seed 18  P1  208.61  P1'  328.73  lama@P1'  328.73 regret   0.0%  pindah 4->5 (m_min 4)  n1/n2 3/3->3/3  same False
seed 19  P1  140.42  P1'  379.61  lama@P1'  379.61 regret   0.0%  pindah 3->3 (m_min 3)  n1/n2 5/1->5/1  same True
seed 20  P1  133.24  P1'  236.16  lama@P1'  236.70 regret   0.2%  pindah 3->3 (m_min 3)  n1/n2 3/3->3/3  same False
seed 21  P1  186.33  P1'  335.42  lama@P1'  335.42 regret   0.0%  pindah 5->5 (m_min 5)  n1/n2 2/4->2/4  same False
seed 22  P1  136.42  P1'  241.44  lama@P1'  241.44 regret  -0.0%  pindah 3->3 (m_min 3)  n1/n2 3/3->3/3  same False
seed 23  P1  138.42  P1'  241.44  lama@P1'  279.12 regret  15.6%  pindah 4->4 (m_min 4)  n1/n2 3/3->3/3  same False
seed 25  P1  123.69  P1'  263.97  lama@P1'  263.97 regret   0.0%  pindah 3->3 (m_min 3)  n1/n2 4/2->4/2  same True
seed 26  P1  127.69  P1'  263.97  lama@P1'  263.97 regret   0.0%  pindah 3->3 (m_min 3)  n1/n2 4/2->4/2  same True
seed 27  P1  189.51  P1'  340.70  lama@P1'  340.70 regret  -0.0%  pindah 5->5 (m_min 5)  n1/n2 2/4->2/4  same False
seed 29  P1   78.96  P1'  235.48  lama@P1'  235.48 regret   0.0%  pindah 2->2 (m_min 2)  n1/n2 4/2->4/2  same True
seed 30  P1  253.74  P1'  414.79  lama@P1'  415.00 regret   0.1%  pindah 5->5 (m_min 5)  n1/n2 2/4->2/4  same False
seed 31  P1  203.83  P1'  364.45  lama@P1'  364.45 regret   0.0%  pindah 5->5 (m_min 5)  n1/n2 2/4->2/4  same False
seed 32  P1  261.70  P1'  471.63  lama@P1'  471.63 regret   0.0%  pindah 5->5 (m_min 5)  n1/n2 1/5->1/5  same False
seed 33  P1  130.05  P1'  260.45  lama@P1'  260.45 regret   0.0%  pindah 3->3 (m_min 3)  n1/n2 3/3->3/3  same True
seed 34  P1  204.24  P1'  361.81  lama@P1'  362.02 regret   0.1%  pindah 5->5 (m_min 5)  n1/n2 2/4->2/4  same False
seed 35  P1  114.14  P1'  257.81  lama@P1'  257.81 regret  -0.0%  pindah 3->3 (m_min 3)  n1/n2 3/3->3/3  same False
seed 36  P1  154.33  P1'  362.35  lama@P1'  362.35 regret   0.0%  pindah 4->4 (m_min 4)  n1/n2 2/4->2/4  same True
seed 38  P1  154.33  P1'  267.83  lama@P1'  318.92 regret  19.1%  pindah 4->4 (m_min 4)  n1/n2 3/3->3/3  same False
seed 39  P1  183.55  P1'  327.71  lama@P1'  327.71 regret   0.0%  pindah 5->5 (m_min 5)  n1/n2 4/2->4/2  same True
seed 40  P1  138.42  P1'  241.65  lama@P1'  241.65 regret  -0.0%  pindah 4->4 (m_min 4)  n1/n2 3/3->3/3  same True
seed 41  P1  203.83  P1'  364.45  lama@P1'  364.45 regret   0.0%  pindah 5->5 (m_min 5)  n1/n2 2/4->2/4  same False
seed 42  P1  208.61  P1'  328.73  lama@P1'  328.73 regret  -0.0%  pindah 4->4 (m_min 4)  n1/n2 3/3->3/3  same True
seed 43  P1  146.38  P1'  298.28  lama@P1'  298.28 regret   0.0%  pindah 4->4 (m_min 4)  n1/n2 2/4->2/4  same False
seed 44  P1  243.01  P1'  488.19  lama@P1'  488.40 regret   0.0%  pindah 5->5 (m_min 5)  n1/n2 5/1->5/1  same False
seed 45  P1  132.05  P1'  274.53  lama@P1'  274.53 regret   0.0%  pindah 3->3 (m_min 3)  n1/n2 2/4->2/4  same False
seed 47  P1  181.96  P1'  368.72  lama@P1'  368.72 regret   0.0%  pindah 4->4 (m_min 4)  n1/n2 5/1->5/1  same True
seed 48  P1  152.74  P1'  316.07  lama@P1'  316.07 regret   0.0%  pindah 4->4 (m_min 4)  n1/n2 3/3->3/3  same True

== 45 instance
P1': lama tidak optimum 10/45; jadwal identik 18/45; regret mean 1.83 % median 0.00 % maks 19.86 % (51.1 s)
   pindah total mean lama 3.956 -> baru 3.978; = m_min: baru 44/45, lama 45/45; m_min mean 3.956
   |n1-n2| mean lama 1.511 -> baru 1.511; pindah naik/sama/turun 1/44/0
   pangsa gantry kritis: tasks 53.5 %, retract 25.3 %, overhead 3.5 %, rail 17.7 %
   makespan mean P1 163.35 -> P1' 312.41 (x1.96)
P1'-par: lama tidak optimum 11/45; jadwal identik 21/45; regret mean 3.31 % median 0.00 % maks 67.14 % (86.6 s)
   pindah total mean lama 3.956 -> baru 3.978; = m_min: baru 44/45, lama 45/45; m_min mean 3.956
   |n1-n2| mean lama 1.511 -> baru 1.511; pindah naik/sama/turun 1/44/0

seed 1: P1 103.24; P1' opt 263.09, jadwal G24b@P1' 263.09 (serial Σ_g 457.56); jadwal sama True
