tuple: 61; sampel tidak lengkap: tidak ada

A4 (dikunci G27) -- ketat:
  tolak => UNSAFE : 39/41 (95%)   (salah: [(5, 'SAFE'), (40, 'SAFE')])
  terima => SAFE  : 20/20 (100%)   (salah: [])
  presisi terima = 1.000; recall (SAFE) = 0.909 (20/22 SAFE); laju tolak-benar = 39/41 (95%)
  varian torsi-saja: terima => 0/3 TORQUE: 20/20 (100%)
  A4 berlaku penuh: False

verdict per z (per rencana):
  z 1.32: {'PLANNED': 60}
  z 1.40: {'TORQUE-UNSAFE': 102, 'PLANNED': 21}

posisi puncak RNEA j2 per z (rencana ber-lintasan):
  z 1.32: n 60 {'interior': 22, 'akhir': 38}; RNEA2 - statis_akhir median -0.032 maks +0.001; k/(N-1) median 1.00
  z 1.40: n 123 {'interior': 123}; RNEA2 - statis_akhir median +1.228 maks +2.156; k/(N-1) median 0.70

pelanggaran batas URDF (lintasan mana pun, informatif, pasca-kunci):
  z 1.32 PLANNED: 0/60 []
  z 1.40 PLANNED: 20/21 [(5, 0, 5, 0.028), (5, 1, 5, 0.073), (5, 2, 5, 0.014), (10, 1, 5, 0.05), (10, 2, 5, 0.058), (17, 1, 5, 0.054), (18, 1, 3, 0.04), (25, 2, 5, 0.025)]
  z 1.40 TORQUE-UNSAFE: 20/102 [(0, 1, 3, 0.025), (0, 2, 3, 0.009), (11, 0, 3, 0.007), (13, 2, 3, 0.001), (14, 0, 3, 0.008), (14, 2, 3, 0.003), (15, 1, 3, 0.021), (15, 2, 3, 0.018)]

(iv): 14/14 (100%) seed LOLOS: [16, 17, 18, 20, 21, 22, 23, 26, 29, 33, 35, 36, 40, 42]
  per rencana tugas: {'PLANNED': 252}

papan skor:
  D132: ✅  102/102 memenuhi; langgar []
  D133: ✅  39/41 tuple z1.40 UNSAFE (>= 38)
  D134: ✅  laju TORQUE z1.40 102/123 = 0.829 ([0.55, 0.85])
  D135: ✅  20/20 tuple z1.32 0/3 TORQUE (20/20)
  D136: ✅  20/20 tuple z1.32 SAFE (>= 19)
  D137: ✅  0/123 rencana z1.40 dengan RNEA j2 di (4.0, 6.0) (<= 10 %)
  D138: ✅  102/102 TORQUE z1.40: statis@puncak >= RNEA - 0.659 (>= 90 %)
  D139: ✅  60/60 PLANNED z1.32: RNEA2 - statis_akhir <= 0.659 (>= 95 %)
  D140: ✅  102/102 TORQUE z1.40: RNEA2 - P2_own di [-0.5, 0.7] (>= 70 %); median -0.002 min -0.007 maks -0.001
  D141: ✅  14/14 LOLOS (>= 12/14)
  D142: ✅  TORQUE-UNSAFE 0 (== 0)
  D143: ✅  Σ wall rencana 32.8 menit (<= 60; wall sesi ada di log)
  D144 (dev): ❌  PLANNED z1.40 statis_akhir < 4.0 (21), TORQUE >= 4.5 (102); langgar [(18, 1, 'P', 5.34), (30, 1, 'P', 5.32), (31, 2, 'P', 5.33)]
  D145 (dev): ✅  183/183 |RNEA2 - P2_own| <= 0.30 (>= 80 %)
