KD1 lulus: 61 tuple = 41 z1.40 tolak + 20 z1.32 terima; rel dalam [0, 1.6]
KD2 lulus: /tmp/reach_dwell_live.urdf sha f02e7c532cdb
KD3 lulus: offset joint_2 = 7.7
K-RNEA off: 200 lintasan sintetis, maks |beda| = 0.0 -> LULUS (bit-identik)
DRY (R1 diberikan = [0.0, 0.0]): 61 tuple x 3 sampel -> /home/user1/Documents/ceiling_arm/docs/results/p1_g28/v28_plans.jsonl
  [ 0] arm_4 -> (0.0714, -0.3176, 1.40) rel t1 0.000 t2 0.600  oracle4 tolak  others=['arm_1', 'arm_2', 'arm_3']
  [ 1] arm_2 -> (0.0714, 0.3882, 1.40) rel t1 0.600 t2 0.000  oracle4 tolak  others=['arm_1', 'arm_3', 'arm_4']
  [ 2] arm_2 -> (0.2143, 0.3176, 1.40) rel t1 0.750 t2 0.000  oracle4 tolak  others=['arm_1', 'arm_3', 'arm_4']
  [ 3] arm_2 -> (0.2143, 0.4588, 1.40) rel t1 0.700 t2 0.000  oracle4 tolak  others=['arm_1', 'arm_3', 'arm_4']
  [ 4] arm_2 -> (0.3571, 0.3176, 1.40) rel t1 0.900 t2 0.000  oracle4 tolak  others=['arm_1', 'arm_3', 'arm_4']
  [ 5] arm_1 -> (0.4286, 0.2471, 1.40) rel t1 0.100 t2 0.000  oracle4 tolak  others=['arm_2', 'arm_3', 'arm_4']
  [ 6] arm_2 -> (0.4286, 0.2471, 1.40) rel t1 0.750 t2 0.000  oracle4 tolak  others=['arm_1', 'arm_3', 'arm_4']
  [ 7] arm_2 -> (0.4286, 0.2471, 1.40) rel t1 0.900 t2 0.000  oracle4 tolak  others=['arm_1', 'arm_3', 'arm_4']
  [ 8] arm_4 -> (0.5000, -0.3882, 1.40) rel t1 0.000 t2 1.050  oracle4 tolak  others=['arm_1', 'arm_2', 'arm_3']
  [ 9] arm_2 -> (0.5000, 0.3176, 1.40) rel t1 1.050 t2 0.000  oracle4 tolak  others=['arm_1', 'arm_3', 'arm_4']
  [10] arm_1 -> (0.5714, 0.4588, 1.40) rel t1 0.050 t2 0.000  oracle4 tolak  others=['arm_2', 'arm_3', 'arm_4']
  [11] arm_4 -> (0.6429, -0.4588, 1.40) rel t1 0.000 t2 0.950  oracle4 tolak  others=['arm_1', 'arm_2', 'arm_3']
  [12] arm_4 -> (0.6429, -0.4588, 1.40) rel t1 0.000 t2 1.150  oracle4 tolak  others=['arm_1', 'arm_2', 'arm_3']
  [13] arm_3 -> (0.9286, -0.2471, 1.40) rel t1 0.000 t2 0.450  oracle4 tolak  others=['arm_1', 'arm_2', 'arm_4']
  [14] arm_3 -> (0.9286, -0.2471, 1.40) rel t1 0.000 t2 0.600  oracle4 tolak  others=['arm_1', 'arm_2', 'arm_4']
  [15] arm_4 -> (0.9286, -0.2471, 1.40) rel t1 0.000 t2 1.250  oracle4 tolak  others=['arm_1', 'arm_2', 'arm_3']
  [16] arm_4 -> (0.9286, -0.2471, 1.40) rel t1 0.000 t2 1.400  oracle4 tolak  others=['arm_1', 'arm_2', 'arm_3']
  [17] arm_1 -> (1.0000, 0.4588, 1.40) rel t1 0.500 t2 0.000  oracle4 tolak  others=['arm_2', 'arm_3', 'arm_4']
  [18] arm_3 -> (1.0714, -0.2471, 1.40) rel t1 0.000 t2 0.600  oracle4 tolak  others=['arm_1', 'arm_2', 'arm_4']
  [19] arm_3 -> (1.0714, -0.2471, 1.40) rel t1 0.000 t2 0.750  oracle4 tolak  others=['arm_1', 'arm_2', 'arm_4']
  [20] arm_4 -> (1.0714, -0.2471, 1.40) rel t1 0.000 t2 1.400  oracle4 tolak  others=['arm_1', 'arm_2', 'arm_3']
  [21] arm_4 -> (1.0714, -0.2471, 1.40) rel t1 0.000 t2 1.550  oracle4 tolak  others=['arm_1', 'arm_2', 'arm_3']
  [22] arm_3 -> (1.1429, -0.3176, 1.40) rel t1 0.000 t2 0.600  oracle4 tolak  others=['arm_1', 'arm_2', 'arm_4']
  [23] arm_2 -> (1.1429, 0.4588, 1.40) rel t1 1.450 t2 0.000  oracle4 tolak  others=['arm_1', 'arm_3', 'arm_4']
  [24] arm_2 -> (1.2857, 0.3882, 1.40) rel t1 1.550 t2 0.000  oracle4 tolak  others=['arm_1', 'arm_3', 'arm_4']
  [25] arm_1 -> (1.2857, 0.4588, 1.40) rel t1 0.800 t2 0.000  oracle4 tolak  others=['arm_2', 'arm_3', 'arm_4']
  [26] arm_2 -> (1.2857, 0.4588, 1.40) rel t1 1.600 t2 0.000  oracle4 tolak  others=['arm_1', 'arm_3', 'arm_4']
  [27] arm_3 -> (1.4286, -0.3882, 1.40) rel t1 0.000 t2 0.900  oracle4 tolak  others=['arm_1', 'arm_2', 'arm_4']
  [28] arm_1 -> (1.4286, 0.3176, 1.40) rel t1 0.900 t2 0.000  oracle4 tolak  others=['arm_2', 'arm_3', 'arm_4']
  [29] arm_1 -> (1.4286, 0.3882, 1.40) rel t1 0.900 t2 0.000  oracle4 tolak  others=['arm_2', 'arm_3', 'arm_4']
  [30] arm_3 -> (1.5714, -0.3176, 1.40) rel t1 0.000 t2 1.300  oracle4 tolak  others=['arm_1', 'arm_2', 'arm_4']
  [31] arm_3 -> (1.5714, -0.2471, 1.40) rel t1 0.000 t2 1.100  oracle4 tolak  others=['arm_1', 'arm_2', 'arm_4']
  [32] arm_3 -> (1.5714, -0.2471, 1.40) rel t1 0.000 t2 1.250  oracle4 tolak  others=['arm_1', 'arm_2', 'arm_4']
  [33] arm_3 -> (1.7143, -0.4588, 1.40) rel t1 0.000 t2 1.400  oracle4 tolak  others=['arm_1', 'arm_2', 'arm_4']
  [34] arm_3 -> (1.7143, -0.3882, 1.40) rel t1 0.000 t2 1.450  oracle4 tolak  others=['arm_1', 'arm_2', 'arm_4']
  [35] arm_3 -> (1.7857, -0.4588, 1.40) rel t1 0.000 t2 1.300  oracle4 tolak  others=['arm_1', 'arm_2', 'arm_4']
  [36] arm_3 -> (1.8571, -0.4588, 1.40) rel t1 0.000 t2 1.550  oracle4 tolak  others=['arm_1', 'arm_2', 'arm_4']
  [37] arm_1 -> (1.8571, 0.4588, 1.40) rel t1 1.350 t2 0.000  oracle4 tolak  others=['arm_2', 'arm_3', 'arm_4']
  [38] arm_1 -> (1.8571, 0.4588, 1.40) rel t1 1.550 t2 0.000  oracle4 tolak  others=['arm_2', 'arm_3', 'arm_4']
  [39] arm_1 -> (2.0000, 0.3882, 1.40) rel t1 1.450 t2 0.000  oracle4 tolak  others=['arm_2', 'arm_3', 'arm_4']
  [40] arm_1 -> (2.0000, 0.4588, 1.40) rel t1 1.500 t2 0.000  oracle4 tolak  others=['arm_2', 'arm_3', 'arm_4']
  [41] arm_4 -> (0.0000, -0.3882, 1.32) rel t1 0.000 t2 0.450  oracle4 terima  others=['arm_1', 'arm_2', 'arm_3']
  [42] arm_2 -> (0.1429, 0.3882, 1.32) rel t1 0.500 t2 0.000  oracle4 terima  others=['arm_1', 'arm_3', 'arm_4']
  [43] arm_4 -> (0.2857, -0.3176, 1.32) rel t1 0.000 t2 0.650  oracle4 terima  others=['arm_1', 'arm_2', 'arm_3']
  [44] arm_3 -> (0.3571, -0.3882, 1.32) rel t1 0.000 t2 0.000  oracle4 terima  others=['arm_1', 'arm_2', 'arm_4']
  [45] arm_1 -> (0.5000, 0.3882, 1.32) rel t1 0.050 t2 0.000  oracle4 terima  others=['arm_2', 'arm_3', 'arm_4']
  [46] arm_1 -> (0.5000, 0.3882, 1.32) rel t1 0.150 t2 0.000  oracle4 terima  others=['arm_2', 'arm_3', 'arm_4']
  [47] arm_2 -> (0.5000, 0.3882, 1.32) rel t1 0.950 t2 0.000  oracle4 terima  others=['arm_1', 'arm_3', 'arm_4']
  [48] arm_4 -> (0.5714, -0.3882, 1.32) rel t1 0.000 t2 0.900  oracle4 terima  others=['arm_1', 'arm_2', 'arm_3']
  [49] arm_2 -> (0.5714, 0.3176, 1.32) rel t1 1.000 t2 0.000  oracle4 terima  others=['arm_1', 'arm_3', 'arm_4']
  [50] arm_2 -> (0.7857, 0.3176, 1.32) rel t1 1.250 t2 0.000  oracle4 terima  others=['arm_1', 'arm_3', 'arm_4']
  [51] arm_3 -> (1.0714, -0.3176, 1.32) rel t1 0.000 t2 0.700  oracle4 terima  others=['arm_1', 'arm_2', 'arm_4']
  [52] arm_4 -> (1.0714, -0.3176, 1.32) rel t1 0.000 t2 1.450  oracle4 terima  others=['arm_1', 'arm_2', 'arm_3']
  [53] arm_4 -> (1.0714, -0.3176, 1.32) rel t1 0.000 t2 1.500  oracle4 terima  others=['arm_1', 'arm_2', 'arm_3']
  [54] arm_1 -> (1.0714, 0.3176, 1.32) rel t1 0.650 t2 0.000  oracle4 terima  others=['arm_2', 'arm_3', 'arm_4']
  [55] arm_1 -> (1.2143, 0.3176, 1.32) rel t1 0.750 t2 0.000  oracle4 terima  others=['arm_2', 'arm_3', 'arm_4']
  [56] arm_1 -> (1.2857, 0.3176, 1.32) rel t1 0.850 t2 0.000  oracle4 terima  others=['arm_2', 'arm_3', 'arm_4']
  [57] arm_3 -> (1.3571, -0.3176, 1.32) rel t1 0.000 t2 0.900  oracle4 terima  others=['arm_1', 'arm_2', 'arm_4']
  [58] arm_1 -> (1.4286, 0.3176, 1.32) rel t1 1.000 t2 0.000  oracle4 terima  others=['arm_2', 'arm_3', 'arm_4']
  [59] arm_3 -> (1.6429, -0.3176, 1.32) rel t1 0.000 t2 1.300  oracle4 terima  others=['arm_1', 'arm_2', 'arm_4']
  [60] arm_3 -> (1.8571, -0.3176, 1.32) rel t1 0.000 t2 1.500  oracle4 terima  others=['arm_1', 'arm_2', 'arm_4']
