1791440029.2881 pids monitor [2273517] recorder [2273500] ros2_control_node [2242882]
1791440031.6890   event 0: {'kind': 'retract', 'gantry': 1, 'stop': 0}
1791440031.6891   event 1: {'kind': 'traverse', 'gantry': 1, 'stop': 0, 'frm': (0.0, 0.0), 'to': (0.9, 0.0)}
1791440031.6891   event 2: {'kind': 'task', 'gantry': 1, 'stop': 0, 'arm': 'arm_1', 'task': 4, 'xyz': [1.3571, 0.3882, 1.24]}
1791440031.6892   event 3: {'kind': 'retract', 'gantry': 1, 'stop': 1}
1791440031.6892   event 4: {'kind': 'traverse', 'gantry': 1, 'stop': 1, 'frm': (0.9, 0.0), 'to': (1.35, 0.0)}
1791440031.6892   event 5: {'kind': 'task', 'gantry': 1, 'stop': 1, 'arm': 'arm_1', 'task': 3, 'xyz': [1.8571, 0.3176, 1.08]}
1791440031.6893   event 6: {'kind': 'retract', 'gantry': 2, 'stop': 0}
1791440031.6893   event 7: {'kind': 'traverse', 'gantry': 2, 'stop': 0, 'frm': (0.0, 0.0), 'to': (0.6, -0.17453292519943295)}
1791440031.6894   event 8: {'kind': 'task', 'gantry': 2, 'stop': 0, 'arm': 'arm_3', 'task': 0, 'xyz': [0.7857, -0.4588, 1.0]}
1791440031.6894   event 9: {'kind': 'task', 'gantry': 2, 'stop': 0, 'arm': 'arm_4', 'task': 1, 'xyz': [0.3571, -0.3176, 1.08]}
1791440031.6894   event 10: {'kind': 'task', 'gantry': 2, 'stop': 0, 'arm': 'arm_3', 'task': 5, 'xyz': [0.9286, -0.4588, 1.0]}
1791440031.6895   event 11: {'kind': 'retract', 'gantry': 2, 'stop': 1}
1791440031.6895   event 12: {'kind': 'traverse', 'gantry': 2, 'stop': 1, 'frm': (0.6, -0.17453292519943295), 'to': (1.45, 0.0)}
1791440031.6896   event 13: {'kind': 'task', 'gantry': 2, 'stop': 1, 'arm': 'arm_3', 'task': 2, 'xyz': [1.9286, -0.3176, 1.16]}
1791440031.6896 awal: maks |q - REST| keempat lengan 0.000 deg; rel t1 0.000000 t2 0.000000
1791440031.6945 ===== t0 1791440031.6941
1791440031.6987   [0] retract g1  
1791440034.5094   [0] rc=0 2.81 s
1791440034.5173   [1] traverse g1  (0.9, 0.0)
1791440098.8885   [1] rc=0 64.37 s
1791440098.8952   [2] task g1 arm_1 [1.3571, 0.3882, 1.24]
1791440136.9457   [2] rc=0 38.05 s success@104.92
1791440136.9531   [3] retract g1  
1791440188.8309   [3] rc=0 51.88 s
1791440188.8389   [4] traverse g1  (1.35, 0.0)
1791440229.6256   [4] rc=0 40.79 s
1791440229.6317   [5] task g1 arm_1 [1.8571, 0.3176, 1.08]
1791440270.4649   [5] rc=0 40.83 s success@238.42
1791440270.4701   [6] retract g2  
1791440273.6670   [6] rc=0 3.20 s
1791440273.6745   [7] traverse g2  (0.6, -0.17453292519943295)
1791440329.4011   [7] rc=0 55.73 s
1791440329.4083   [8] task g2 arm_3 [0.7857, -0.4588, 1.0]
1791440359.9920   [8] rc=0 30.58 s success@327.97
1791440360.0008   [9] task g2 arm_4 [0.3571, -0.3176, 1.08]
1791440406.2927   [9] rc=0 46.29 s success@374.27
1791440406.2987   [10] task g2 arm_3 [0.9286, -0.4588, 1.0]
1791440443.5232   [10] rc=0 37.22 s success@411.52
1791440443.5302   [11] retract g2  
1791440497.7188   [11] rc=0 54.19 s
1791440497.7262   [12] traverse g2  (1.45, 0.0)
1791440571.4031   [12] rc=0 73.68 s
1791440571.4114   [13] task g2 arm_3 [1.9286, -0.3176, 1.16]
1791440610.9337   [13] rc=0 39.52 s success@578.92
1791440610.9357 SELESAI: 6/6 tugas sukses; makespan terukur 578.92 s
