# 1791440406.2987 CMD timeout 600 python3 -u reach_dwell_probe.py --arms arm_3 --target=0.9286,-0.4588,1.0000 --approach 0 --trials 1 --tau-max 12.0 --move --monitor-csv /tmp/g36mock_step_samples.csv
1791440407.1866 probe LANGKAH 5: arm_3, 1 percobaan, abort torsi 12.0 N.m
1791440407.1867 sumber target: arm_3 (0.9286, -0.4588, 1.0), [] []
1791440407.1867 kriteria A1 TERKUNCI, N-lengan: SATU jendela 2.0 s di mana KEDUA lengan
1791440407.1867 memenuhi pos < 5 mm dan ori < 5 deg BERSAMAAN. Bergantian TIDAK dihitung.
1791440407.1867 
1791440409.4739 [INFO] [1791440409.473078891] [reach_dwell_probe]: torsi RNEA+offset(per-aktuator) vs rating: 1=0.05->6.65/10, 2=3.95->11.65/14, 3=1.22->7.82/10, 4=0.24->2.22/7, 5=0.10->2.08/7, 6=0.00->1.98/7  (terketat t2_a1_joint_2 83 %)
1791440409.4847 /home/user1/Documents/ceiling_arm/scripts/interarm_collision.py:82: UserWarning: You passed package dir(s) via argument geometry_model and provided package_dirs.
1791440409.4847   self.geom = pin.buildGeomFromUrdf(
1791440414.9855 /home/user1/Documents/ceiling_arm/scripts/interarm_collision.py:241: UserWarning: You passed package dir(s) via argument geometry_model and provided package_dirs.
1791440414.9855   self.geom = pin.buildGeomFromUrdf(
1791440427.9350 [INFO] [1791440427.934983442] [reach_dwell_probe]: jarak antar-lengan minimum sepanjang rencana: 379.6 mm di titik 0 (t2_a1_right_finger_prox_link_0 <-> t2_a2_left_finger_prox_link_0) -> CLEAR
1791440429.9082 [INFO] [1791440429.908108054] [reach_dwell_probe]: jarak ke peta lingkungan minimum: 62.9 mm di titik 78 (t2_a1_right_finger_prox_link_0) -> CLEAR
1791440430.9813 [INFO] [1791440430.981233753] [reach_dwell_probe]: retract g2 ['arm_3'] lurus (rel 0.600):
1791440433.3953 [INFO] [1791440433.395214565] [reach_dwell_probe]:   penyaring se-gantry: CLEAR, minimum 468.9 mm di titik 0/60 (t2_a1_arm_link_0 <-> t2_a2_forearm_link_0)
1791440433.3959 [INFO] [1791440433.395888213] [reach_dwell_probe]:   penyaring antar-gantry: CLEAR, minimum 569.6 mm di titik 59/60 (t1_a2_right_finger_prox_link_0 <-> t2_a1_right_finger_prox_link_0)
1791440433.3965 [INFO] [1791440433.396494168] [reach_dwell_probe]:   penyaring lingkungan: CLEAR, minimum 63.1 mm di titik 0/60 (t2_a1_right_finger_prox_link_0)
1791440441.2317        arm_3: moveit MOVED
1791440443.2153   [ 1] SUCCESS      (lengan sukses sendiri-sendiri: ['arm_3']) torsi puncak  0.00 N.m
1791440443.2154   TIDAK VALID (mesin, A5, di LUAR penyebut): tidak ada
1791440443.2158   -> /tmp/g20_step5.json
