/home/user1/Documents/ceiling_arm/docs/results/p1_g33/../../../scripts/env_collision.py:67: UserWarning: You passed package dir(s) via argument geometry_model and provided package_dirs.
  self.geom = pin.buildGeomFromUrdf(
(P+) ev8 task: d_min -0.012 t2_a1_right_finger_dist_link_0 @ -0.41s -> COLLIDE; at contact -0.002 t2_a1_left_finger_dist_link_0; first reject -2.0081000328063965
(R0) ev00 retract   d_min +0.204 t1_a2_left_finger_dist_link_0    CLEAR
(R0) ev01 traverse  d_min +0.098 t1_a1_right_finger_dist_link_0   CLEAR
(R0) ev02 task      d_min +0.098 t1_a1_right_finger_dist_link_0   CLEAR
(R0) ev03 retract   d_min +0.096 t1_a1_right_finger_dist_link_0   CLEAR
(R0) ev04 traverse  d_min +0.091 t1_a1_right_finger_dist_link_0   CLEAR
(R0) ev05 task      d_min +0.171 t1_a1_right_finger_dist_link_0   CLEAR
(R0) ev06 task      d_min +0.216 t2_a2_arm_link_0                 CLEAR
(R0) ev07 retract   d_min +0.216 t2_a2_arm_link_0                 CLEAR
(R0) ev08 traverse  d_min +0.216 t2_a2_arm_link_0                 CLEAR
(R0) ev09 task      d_min +0.116 t2_a1_left_finger_prox_link_0    CLEAR
(R0) ev10 retract   d_min +0.115 t2_a1_left_finger_prox_link_0    CLEAR
(R0) ev11 traverse  d_min +0.069 t2_a2_right_finger_prox_link_0   CLEAR
(R0) ev12 task      d_min +0.101 t2_a2_right_finger_prox_link_0   CLEAR
(R0) ev13 task      d_min +0.026 t2_a2_right_finger_prox_link_0   MARGIN
(R10) ev00 retract   d_min +0.206 t1_a2_left_finger_dist_link_0    CLEAR
(R10) ev01 traverse  d_min +0.097 t1_a1_right_finger_dist_link_0   CLEAR
(R10) ev02 task      d_min +0.097 t1_a1_right_finger_dist_link_0   CLEAR
(R10) ev03 retract   d_min +0.097 t1_a1_right_finger_dist_link_0   CLEAR
(R10) ev04 traverse  d_min +0.091 t1_a1_right_finger_dist_link_0   CLEAR
(R10) ev05 task      d_min +0.171 t1_a1_right_finger_dist_link_0   CLEAR
(R10) ev06 retract   d_min +0.216 t2_a2_arm_link_0                 CLEAR
(R10) ev07 traverse  d_min +0.131 t2_a1_left_finger_prox_link_0    CLEAR
R0 plans [(2, 'arm_1', 'CLEAR', 0.096), (5, 'arm_1', 'CLEAR', 0.17), (6, 'arm_3', 'CLEAR', 0.216), (9, 'arm_3', 'CLEAR', 0.097), (12, 'arm_3', 'CLEAR', 0.101), (13, 'arm_4', 'CLEAR', 0.058), (2, 'arm_1', 'CLEAR', 0.096), (5, 'arm_1', 'CLEAR', 0.171), (6, 'arm_3', 'CLEAR', 0.216), (9, 'arm_3', 'CLEAR', 0.098), (12, 'arm_3', 'CLEAR', 0.101), (13, 'arm_4', 'MARGIN', 0.043), (2, 'arm_1', 'CLEAR', 0.096), (5, 'arm_1', 'CLEAR', 0.171), (6, 'arm_3', 'CLEAR', 0.216), (9, 'arm_3', 'CLEAR', 0.095), (12, 'arm_3', 'CLEAR', 0.101), (13, 'arm_4', 'CLEAR', 0.059)]
R10 plans [(2, 'arm_1', 'CLEAR', 0.095), (5, 'arm_1', 'CLEAR', 0.17), (8, 'arm_3', 'CLEAR', 0.085), (9, 'arm_4', 'CLEAR', 0.114), (10, 'arm_3', 'CLEAR', 0.07), (13, 'arm_3', 'CLEAR', 0.101), (2, 'arm_1', 'CLEAR', 0.095), (5, 'arm_1', 'CLEAR', 0.171), (8, 'arm_3', 'CLEAR', 0.099), (9, 'arm_4', 'CLEAR', 0.116), (10, 'arm_3', 'MARGIN', 0.006), (13, 'arm_3', 'CLEAR', 0.101), (2, 'arm_1', 'CLEAR', 0.095), (5, 'arm_1', 'CLEAR', 0.171), (8, 'arm_3', 'CLEAR', 0.117), (9, 'arm_4', 'CLEAR', 0.128), (10, 'arm_3', 'MARGIN', 0.024), (13, 'arm_3', 'CLEAR', 0.101)]
