/home/user1/Documents/ceiling_arm/docs/results/p1_g33/../../../scripts/env_collision.py:67: UserWarning: You passed package dir(s) via argument geometry_model and provided package_dirs.
  self.geom = pin.buildGeomFromUrdf(
(P+) ev8 task: d_min +0.017 t2_a1_right_finger_dist_link_0 @ +0.19s -> MARGIN; at contact +0.018 t2_a1_right_finger_dist_link_0; first reject -0.7081000804901123
(R0) ev00 retract   d_min +0.135 t2_a1_lower_wrist_link_0         CLEAR
(R0) ev01 traverse  d_min +0.027 t1_a2_right_finger_dist_link_0   MARGIN
(R0) ev02 task      d_min +0.072 t1_a1_right_finger_dist_link_0   CLEAR
(R0) ev03 retract   d_min +0.071 t1_a1_right_finger_dist_link_0   CLEAR
(R0) ev04 traverse  d_min +0.072 t1_a1_right_finger_dist_link_0   CLEAR
(R0) ev05 task      d_min +0.135 t2_a1_lower_wrist_link_0         CLEAR
(R0) ev06 task      d_min +0.071 t2_a1_forearm_link_0             CLEAR
(R0) ev07 retract   d_min +0.071 t2_a1_forearm_link_0             CLEAR
(R0) ev08 traverse  d_min +0.071 t2_a2_right_finger_prox_link_0   CLEAR
(R0) ev09 task      d_min +0.082 t2_a2_right_finger_prox_link_0   CLEAR
(R0) ev10 retract   d_min +0.082 t2_a2_right_finger_prox_link_0   CLEAR
(R0) ev11 traverse  d_min -0.024 t2_a2_gripper_base_link_0        COLLIDE
(R0) ev12 task      d_min +0.150 t2_a2_right_finger_prox_link_0   CLEAR
(R0) ev13 task      d_min +0.103 t2_a2_right_finger_prox_link_0   CLEAR
(R10) ev00 retract   d_min +0.135 t2_a1_lower_wrist_link_0         CLEAR
(R10) ev01 traverse  d_min +0.028 t1_a2_right_finger_dist_link_0   MARGIN
(R10) ev02 task      d_min +0.071 t1_a1_right_finger_dist_link_0   CLEAR
(R10) ev03 retract   d_min +0.071 t1_a1_right_finger_dist_link_0   CLEAR
(R10) ev04 traverse  d_min +0.072 t1_a1_right_finger_dist_link_0   CLEAR
(R10) ev05 task      d_min +0.135 t2_a1_lower_wrist_link_0         CLEAR
(R10) ev06 retract   d_min +0.135 t2_a1_lower_wrist_link_0         CLEAR
(R10) ev07 traverse  d_min +0.057 t2_a1_left_finger_prox_link_0    CLEAR
R0 plans [(2, 'arm_1', 'CLEAR', 0.072), (5, 'arm_1', 'CLEAR', 0.135), (6, 'arm_3', 'CLEAR', 0.069), (9, 'arm_3', 'CLEAR', 0.082), (12, 'arm_3', 'CLEAR', 0.15), (13, 'arm_4', 'CLEAR', 0.124), (2, 'arm_1', 'CLEAR', 0.072), (5, 'arm_1', 'CLEAR', 0.135), (6, 'arm_3', 'COLLIDE', -0.024), (9, 'arm_3', 'CLEAR', 0.082), (12, 'arm_3', 'CLEAR', 0.15), (13, 'arm_4', 'CLEAR', 0.142), (2, 'arm_1', 'CLEAR', 0.072), (5, 'arm_1', 'CLEAR', 0.135), (6, 'arm_3', 'CLEAR', 0.135), (9, 'arm_3', 'CLEAR', 0.082), (12, 'arm_3', 'CLEAR', 0.15), (13, 'arm_4', 'CLEAR', 0.141)]
