[INFO] [launch]: All log files can be found below /home/user1/.ros/log/2026-10-07-13-15-10-924703-kubota-NUC9VXQNX-2037905
[INFO] [launch]: Default logging verbosity is set to INFO
[INFO] [robot_state_publisher-1]: process started with pid [2037946]
[INFO] [move_group-2]: process started with pid [2037948]
[INFO] [rviz2-3]: process started with pid [2037950]
[INFO] [ros2_control_node-4]: process started with pid [2037952]
[INFO] [spawner-5]: process started with pid [2037954]
[INFO] [spawner-6]: process started with pid [2037956]
[INFO] [spawner-7]: process started with pid [2037958]
[INFO] [spawner-8]: process started with pid [2037960]
[INFO] [spawner-9]: process started with pid [2037962]
[INFO] [spawner-10]: process started with pid [2038005]
[INFO] [spawner-11]: process started with pid [2038007]
[INFO] [spawner-12]: process started with pid [2038009]
[INFO] [spawner-13]: process started with pid [2038028]
[INFO] [spawner-14]: process started with pid [2038030]
[INFO] [spawner-15]: process started with pid [2038032]
[INFO] [spawner-16]: process started with pid [2038034]
[INFO] [spawner-17]: process started with pid [2038036]
[INFO] [spawner-18]: process started with pid [2038038]
[robot_state_publisher-1] [INFO] [1791346515.638750929] [robot_state_publisher]: got segment t1_a1_arm_link
[robot_state_publisher-1] [INFO] [1791346515.638996479] [robot_state_publisher]: got segment t1_a1_base_link
[robot_state_publisher-1] [INFO] [1791346515.639017920] [robot_state_publisher]: got segment t1_a1_dummy_link
[robot_state_publisher-1] [INFO] [1791346515.639026346] [robot_state_publisher]: got segment t1_a1_end_effector_link
[robot_state_publisher-1] [INFO] [1791346515.639033220] [robot_state_publisher]: got segment t1_a1_forearm_link
[robot_state_publisher-1] [INFO] [1791346515.639039259] [robot_state_publisher]: got segment t1_a1_gripper_base_link
[robot_state_publisher-1] [INFO] [1791346515.639045147] [robot_state_publisher]: got segment t1_a1_left_finger_dist_link
[robot_state_publisher-1] [INFO] [1791346515.639051368] [robot_state_publisher]: got segment t1_a1_left_finger_prox_link
[robot_state_publisher-1] [INFO] [1791346515.639057084] [robot_state_publisher]: got segment t1_a1_lower_wrist_link
[robot_state_publisher-1] [INFO] [1791346515.639062758] [robot_state_publisher]: got segment t1_a1_right_finger_dist_link
[robot_state_publisher-1] [INFO] [1791346515.639068543] [robot_state_publisher]: got segment t1_a1_right_finger_prox_link
[robot_state_publisher-1] [INFO] [1791346515.639074492] [robot_state_publisher]: got segment t1_a1_shoulder_link
[robot_state_publisher-1] [INFO] [1791346515.639080214] [robot_state_publisher]: got segment t1_a1_tool_frame
[robot_state_publisher-1] [INFO] [1791346515.639085912] [robot_state_publisher]: got segment t1_a1_upper_wrist_link
[robot_state_publisher-1] [INFO] [1791346515.639092218] [robot_state_publisher]: got segment t1_a2_arm_link
[robot_state_publisher-1] [INFO] [1791346515.639098321] [robot_state_publisher]: got segment t1_a2_base_link
[robot_state_publisher-1] [INFO] [1791346515.639104083] [robot_state_publisher]: got segment t1_a2_dummy_link
[robot_state_publisher-1] [INFO] [1791346515.639110410] [robot_state_publisher]: got segment t1_a2_end_effector_link
[robot_state_publisher-1] [INFO] [1791346515.639116553] [robot_state_publisher]: got segment t1_a2_forearm_link
[robot_state_publisher-1] [INFO] [1791346515.639122698] [robot_state_publisher]: got segment t1_a2_gripper_base_link
[robot_state_publisher-1] [INFO] [1791346515.639128861] [robot_state_publisher]: got segment t1_a2_left_finger_dist_link
[robot_state_publisher-1] [INFO] [1791346515.639134690] [robot_state_publisher]: got segment t1_a2_left_finger_prox_link
[robot_state_publisher-1] [INFO] [1791346515.639140942] [robot_state_publisher]: got segment t1_a2_lower_wrist_link
[robot_state_publisher-1] [INFO] [1791346515.639147040] [robot_state_publisher]: got segment t1_a2_right_finger_dist_link
[robot_state_publisher-1] [INFO] [1791346515.639153189] [robot_state_publisher]: got segment t1_a2_right_finger_prox_link
[robot_state_publisher-1] [INFO] [1791346515.639159216] [robot_state_publisher]: got segment t1_a2_shoulder_link
[robot_state_publisher-1] [INFO] [1791346515.639165386] [robot_state_publisher]: got segment t1_a2_tool_frame
[robot_state_publisher-1] [INFO] [1791346515.639171227] [robot_state_publisher]: got segment t1_a2_upper_wrist_link
[robot_state_publisher-1] [INFO] [1791346515.639176989] [robot_state_publisher]: got segment t1_base_link
[robot_state_publisher-1] [INFO] [1791346515.639182961] [robot_state_publisher]: got segment t1_mount_plate_left
[robot_state_publisher-1] [INFO] [1791346515.639189212] [robot_state_publisher]: got segment t1_mount_plate_right
[robot_state_publisher-1] [INFO] [1791346515.639195287] [robot_state_publisher]: got segment t1_platform_link
[robot_state_publisher-1] [INFO] [1791346515.639201176] [robot_state_publisher]: got segment t1_rotation_link
[robot_state_publisher-1] [INFO] [1791346515.639207533] [robot_state_publisher]: got segment t2_a1_arm_link
[robot_state_publisher-1] [INFO] [1791346515.639213749] [robot_state_publisher]: got segment t2_a1_base_link
[robot_state_publisher-1] [INFO] [1791346515.639219842] [robot_state_publisher]: got segment t2_a1_dummy_link
[robot_state_publisher-1] [INFO] [1791346515.639225270] [robot_state_publisher]: got segment t2_a1_end_effector_link
[robot_state_publisher-1] [INFO] [1791346515.639230961] [robot_state_publisher]: got segment t2_a1_forearm_link
[robot_state_publisher-1] [INFO] [1791346515.639236470] [robot_state_publisher]: got segment t2_a1_gripper_base_link
[robot_state_publisher-1] [INFO] [1791346515.639241725] [robot_state_publisher]: got segment t2_a1_left_finger_dist_link
[robot_state_publisher-1] [INFO] [1791346515.639247283] [robot_state_publisher]: got segment t2_a1_left_finger_prox_link
[robot_state_publisher-1] [INFO] [1791346515.639253385] [robot_state_publisher]: got segment t2_a1_lower_wrist_link
[robot_state_publisher-1] [INFO] [1791346515.639259550] [robot_state_publisher]: got segment t2_a1_right_finger_dist_link
[robot_state_publisher-1] [INFO] [1791346515.639265595] [robot_state_publisher]: got segment t2_a1_right_finger_prox_link
[robot_state_publisher-1] [INFO] [1791346515.639271613] [robot_state_publisher]: got segment t2_a1_shoulder_link
[robot_state_publisher-1] [INFO] [1791346515.639278083] [robot_state_publisher]: got segment t2_a1_tool_frame
[robot_state_publisher-1] [INFO] [1791346515.639284221] [robot_state_publisher]: got segment t2_a1_upper_wrist_link
[robot_state_publisher-1] [INFO] [1791346515.639315068] [robot_state_publisher]: got segment t2_a2_arm_link
[robot_state_publisher-1] [INFO] [1791346515.639324006] [robot_state_publisher]: got segment t2_a2_base_link
[robot_state_publisher-1] [INFO] [1791346515.639330902] [robot_state_publisher]: got segment t2_a2_dummy_link
[robot_state_publisher-1] [INFO] [1791346515.639337325] [robot_state_publisher]: got segment t2_a2_end_effector_link
[robot_state_publisher-1] [INFO] [1791346515.639343430] [robot_state_publisher]: got segment t2_a2_forearm_link
[robot_state_publisher-1] [INFO] [1791346515.639349602] [robot_state_publisher]: got segment t2_a2_gripper_base_link
[robot_state_publisher-1] [INFO] [1791346515.639355882] [robot_state_publisher]: got segment t2_a2_left_finger_dist_link
[robot_state_publisher-1] [INFO] [1791346515.639362152] [robot_state_publisher]: got segment t2_a2_left_finger_prox_link
[robot_state_publisher-1] [INFO] [1791346515.639368223] [robot_state_publisher]: got segment t2_a2_lower_wrist_link
[robot_state_publisher-1] [INFO] [1791346515.639374808] [robot_state_publisher]: got segment t2_a2_right_finger_dist_link
[robot_state_publisher-1] [INFO] [1791346515.639380954] [robot_state_publisher]: got segment t2_a2_right_finger_prox_link
[robot_state_publisher-1] [INFO] [1791346515.639387562] [robot_state_publisher]: got segment t2_a2_shoulder_link
[robot_state_publisher-1] [INFO] [1791346515.639394200] [robot_state_publisher]: got segment t2_a2_tool_frame
[robot_state_publisher-1] [INFO] [1791346515.639400612] [robot_state_publisher]: got segment t2_a2_upper_wrist_link
[robot_state_publisher-1] [INFO] [1791346515.639407120] [robot_state_publisher]: got segment t2_base_link
[robot_state_publisher-1] [INFO] [1791346515.639413464] [robot_state_publisher]: got segment t2_mount_plate_left
[robot_state_publisher-1] [INFO] [1791346515.639419918] [robot_state_publisher]: got segment t2_mount_plate_right
[robot_state_publisher-1] [INFO] [1791346515.639426300] [robot_state_publisher]: got segment t2_platform_link
[robot_state_publisher-1] [INFO] [1791346515.639432812] [robot_state_publisher]: got segment t2_rotation_link
[robot_state_publisher-1] [INFO] [1791346515.639439115] [robot_state_publisher]: got segment world
[move_group-2] [INFO] [1791346515.656947962] [moveit_rdf_loader.rdf_loader]: Loaded robot model in 0.00682361 seconds
[move_group-2] [INFO] [1791346515.657009420] [moveit_robot_model.robot_model]: Loading robot model 'trailer_workcell'...
[move_group-2] [INFO] [1791346515.657019674] [moveit_robot_model.robot_model]: No root/virtual joint specified in SRDF. Assuming fixed joint
[ros2_control_node-4] [WARN] [1791346515.652583381] [controller_manager]: [Deprecated] Passing the robot description parameter directly to the control_manager node is deprecated. Use '~/robot_description' topic from 'robot_state_publisher' instead.
[ros2_control_node-4] [INFO] [1791346515.654143831] [resource_manager]: Loading hardware 'TableFakeHardware' 
[ros2_control_node-4] [INFO] [1791346515.654723124] [resource_manager]: Initialize hardware 'TableFakeHardware' 
[ros2_control_node-4] [INFO] [1791346515.654772411] [resource_manager]: Successful initialization of hardware 'TableFakeHardware'
[ros2_control_node-4] [INFO] [1791346515.654794185] [resource_manager]: Loading hardware 't1_a1_GenericSystem' 
[ros2_control_node-4] [INFO] [1791346515.654808581] [resource_manager]: Initialize hardware 't1_a1_GenericSystem' 
[ros2_control_node-4] [WARN] [1791346515.654828562] [mock_generic_system]: Parameter 'fake_sensor_commands' has been deprecated from usage. Use'mock_sensor_commands' instead.
[ros2_control_node-4] [INFO] [1791346515.654857617] [resource_manager]: Successful initialization of hardware 't1_a1_GenericSystem'
[ros2_control_node-4] [INFO] [1791346515.654888773] [resource_manager]: Loading hardware 't1_a1_GripperHardwareInterface' 
[ros2_control_node-4] [INFO] [1791346515.654901206] [resource_manager]: Initialize hardware 't1_a1_GripperHardwareInterface' 
[ros2_control_node-4] [INFO] [1791346515.654925623] [resource_manager]: Successful initialization of hardware 't1_a1_GripperHardwareInterface'
[ros2_control_node-4] [INFO] [1791346515.654940603] [resource_manager]: Loading hardware 't1_a2_GenericSystem' 
[ros2_control_node-4] [INFO] [1791346515.654951653] [resource_manager]: Initialize hardware 't1_a2_GenericSystem' 
[ros2_control_node-4] [WARN] [1791346515.654967928] [mock_generic_system]: Parameter 'fake_sensor_commands' has been deprecated from usage. Use'mock_sensor_commands' instead.
[ros2_control_node-4] [INFO] [1791346515.654982162] [resource_manager]: Successful initialization of hardware 't1_a2_GenericSystem'
[ros2_control_node-4] [INFO] [1791346515.655002592] [resource_manager]: Loading hardware 't1_a2_GripperHardwareInterface' 
[ros2_control_node-4] [INFO] [1791346515.655013735] [resource_manager]: Initialize hardware 't1_a2_GripperHardwareInterface' 
[ros2_control_node-4] [INFO] [1791346515.655036030] [resource_manager]: Successful initialization of hardware 't1_a2_GripperHardwareInterface'
[ros2_control_node-4] [INFO] [1791346515.655050513] [resource_manager]: Loading hardware 't2_a1_GenericSystem' 
[ros2_control_node-4] [INFO] [1791346515.655061112] [resource_manager]: Initialize hardware 't2_a1_GenericSystem' 
[ros2_control_node-4] [WARN] [1791346515.655105726] [mock_generic_system]: Parameter 'fake_sensor_commands' has been deprecated from usage. Use'mock_sensor_commands' instead.
[ros2_control_node-4] [INFO] [1791346515.655123199] [resource_manager]: Successful initialization of hardware 't2_a1_GenericSystem'
[ros2_control_node-4] [INFO] [1791346515.655147964] [resource_manager]: Loading hardware 't2_a1_GripperHardwareInterface' 
[ros2_control_node-4] [INFO] [1791346515.655159272] [resource_manager]: Initialize hardware 't2_a1_GripperHardwareInterface' 
[ros2_control_node-4] [INFO] [1791346515.655218106] [resource_manager]: Successful initialization of hardware 't2_a1_GripperHardwareInterface'
[ros2_control_node-4] [INFO] [1791346515.655235090] [resource_manager]: Loading hardware 't2_a2_GenericSystem' 
[ros2_control_node-4] [INFO] [1791346515.655249159] [resource_manager]: Initialize hardware 't2_a2_GenericSystem' 
[ros2_control_node-4] [WARN] [1791346515.655291860] [mock_generic_system]: Parameter 'fake_sensor_commands' has been deprecated from usage. Use'mock_sensor_commands' instead.
[ros2_control_node-4] [INFO] [1791346515.655307308] [resource_manager]: Successful initialization of hardware 't2_a2_GenericSystem'
[ros2_control_node-4] [INFO] [1791346515.655333678] [resource_manager]: Loading hardware 't2_a2_GripperHardwareInterface' 
[ros2_control_node-4] [INFO] [1791346515.655346142] [resource_manager]: Initialize hardware 't2_a2_GripperHardwareInterface' 
[ros2_control_node-4] [INFO] [1791346515.655405645] [resource_manager]: Successful initialization of hardware 't2_a2_GripperHardwareInterface'
[ros2_control_node-4] [INFO] [1791346515.655532285] [resource_manager]: 'configure' hardware 't2_a2_GripperHardwareInterface' 
[ros2_control_node-4] [INFO] [1791346515.655541102] [resource_manager]: Successful 'configure' of hardware 't2_a2_GripperHardwareInterface'
[ros2_control_node-4] [INFO] [1791346515.655548015] [resource_manager]: 'activate' hardware 't2_a2_GripperHardwareInterface' 
[ros2_control_node-4] [INFO] [1791346515.655553946] [resource_manager]: Successful 'activate' of hardware 't2_a2_GripperHardwareInterface'
[ros2_control_node-4] [INFO] [1791346515.655559359] [resource_manager]: 'configure' hardware 't2_a2_GenericSystem' 
[ros2_control_node-4] [INFO] [1791346515.655588545] [resource_manager]: Successful 'configure' of hardware 't2_a2_GenericSystem'
[ros2_control_node-4] [INFO] [1791346515.655598643] [resource_manager]: 'activate' hardware 't2_a2_GenericSystem' 
[ros2_control_node-4] [INFO] [1791346515.655604026] [resource_manager]: Successful 'activate' of hardware 't2_a2_GenericSystem'
[ros2_control_node-4] [INFO] [1791346515.655609350] [resource_manager]: 'configure' hardware 't2_a1_GripperHardwareInterface' 
[ros2_control_node-4] [INFO] [1791346515.655614489] [resource_manager]: Successful 'configure' of hardware 't2_a1_GripperHardwareInterface'
[ros2_control_node-4] [INFO] [1791346515.655620942] [resource_manager]: 'activate' hardware 't2_a1_GripperHardwareInterface' 
[ros2_control_node-4] [INFO] [1791346515.655626398] [resource_manager]: Successful 'activate' of hardware 't2_a1_GripperHardwareInterface'
[ros2_control_node-4] [INFO] [1791346515.655631796] [resource_manager]: 'configure' hardware 't2_a1_GenericSystem' 
[ros2_control_node-4] [INFO] [1791346515.655636301] [resource_manager]: Successful 'configure' of hardware 't2_a1_GenericSystem'
[ros2_control_node-4] [INFO] [1791346515.655645992] [resource_manager]: 'activate' hardware 't2_a1_GenericSystem' 
[ros2_control_node-4] [INFO] [1791346515.655650770] [resource_manager]: Successful 'activate' of hardware 't2_a1_GenericSystem'
[ros2_control_node-4] [INFO] [1791346515.655655105] [resource_manager]: 'configure' hardware 't1_a2_GripperHardwareInterface' 
[ros2_control_node-4] [INFO] [1791346515.655659567] [resource_manager]: Successful 'configure' of hardware 't1_a2_GripperHardwareInterface'
[ros2_control_node-4] [INFO] [1791346515.655665571] [resource_manager]: 'activate' hardware 't1_a2_GripperHardwareInterface' 
[ros2_control_node-4] [INFO] [1791346515.655670454] [resource_manager]: Successful 'activate' of hardware 't1_a2_GripperHardwareInterface'
[ros2_control_node-4] [INFO] [1791346515.655675259] [resource_manager]: 'configure' hardware 't1_a2_GenericSystem' 
[ros2_control_node-4] [INFO] [1791346515.655679824] [resource_manager]: Successful 'configure' of hardware 't1_a2_GenericSystem'
[ros2_control_node-4] [INFO] [1791346515.655692170] [resource_manager]: 'activate' hardware 't1_a2_GenericSystem' 
[ros2_control_node-4] [INFO] [1791346515.655697619] [resource_manager]: Successful 'activate' of hardware 't1_a2_GenericSystem'
[ros2_control_node-4] [INFO] [1791346515.655702111] [resource_manager]: 'configure' hardware 't1_a1_GripperHardwareInterface' 
[ros2_control_node-4] [INFO] [1791346515.655707014] [resource_manager]: Successful 'configure' of hardware 't1_a1_GripperHardwareInterface'
[ros2_control_node-4] [INFO] [1791346515.655713913] [resource_manager]: 'activate' hardware 't1_a1_GripperHardwareInterface' 
[ros2_control_node-4] [INFO] [1791346515.655719321] [resource_manager]: Successful 'activate' of hardware 't1_a1_GripperHardwareInterface'
[ros2_control_node-4] [INFO] [1791346515.655724109] [resource_manager]: 'configure' hardware 't1_a1_GenericSystem' 
[ros2_control_node-4] [INFO] [1791346515.655729186] [resource_manager]: Successful 'configure' of hardware 't1_a1_GenericSystem'
[ros2_control_node-4] [INFO] [1791346515.655741888] [resource_manager]: 'activate' hardware 't1_a1_GenericSystem' 
[ros2_control_node-4] [INFO] [1791346515.655747201] [resource_manager]: Successful 'activate' of hardware 't1_a1_GenericSystem'
[ros2_control_node-4] [INFO] [1791346515.655752185] [resource_manager]: 'configure' hardware 'TableFakeHardware' 
[ros2_control_node-4] [INFO] [1791346515.655757355] [resource_manager]: Successful 'configure' of hardware 'TableFakeHardware'
[ros2_control_node-4] [INFO] [1791346515.655764750] [resource_manager]: 'activate' hardware 'TableFakeHardware' 
[ros2_control_node-4] [INFO] [1791346515.655770128] [resource_manager]: Successful 'activate' of hardware 'TableFakeHardware'
[ros2_control_node-4] [INFO] [1791346515.661154271] [controller_manager]: update rate is 100 Hz
[ros2_control_node-4] [INFO] [1791346515.661184777] [controller_manager]: Spawning controller_manager RT thread with scheduler priority: 50
[ros2_control_node-4] [WARN] [1791346515.661254811] [controller_manager]: Could not enable FIFO RT scheduling policy: with error number <1>(Operation not permitted). See [https://control.ros.org/master/doc/ros2_control/controller_manager/doc/userdoc.html] for details on how to enable realtime scheduling.
[rviz2-3] [INFO] [1791346516.052849153] [rviz2]: Stereo is NOT SUPPORTED
[rviz2-3] [INFO] [1791346516.055992099] [rviz2]: OpenGl version: 4.5 (GLSL 4.5)
[rviz2-3] [INFO] [1791346516.209945914] [rviz2]: Stereo is NOT SUPPORTED
[ros2_control_node-4] [INFO] [1791346516.225471819] [controller_manager]: Loading controller 'gantry_2_with_arm_controller'
[ros2_control_node-4] [WARN] [1791346516.249831813] [gantry_2_with_arm_controller]: [Deprecated]: "allow_nonzero_velocity_at_trajectory_end" is set to true. The default behavior will change to false.
[spawner-6] [INFO] [1791346516.287636011] [spawner_gantry_2_with_arm_controller]: [94mLoaded [1mgantry_2_with_arm_controller[0m
[spawner-13] [WARN] [1791346516.352882136] [spawner_gantry_2_with_arm_controller]: [93mController already loaded, skipping load_controller[0m
[ros2_control_node-4] [INFO] [1791346516.352986166] [controller_manager]: Loading controller 'joint_state_broadcaster'
[rviz2-3] Warning: class_loader.impl: SEVERE WARNING!!! A namespace collision has occurred with plugin factory for class rviz_default_plugins::displays::InteractiveMarkerDisplay. New factory will OVERWRITE existing one. This situation occurs when libraries containing plugins are directly linked against an executable (the one running right now generating this message). Please separate plugins out into their own library or just don't link against the library and use either class_loader::ClassLoader/MultiLibraryClassLoader to open.
[rviz2-3]          at line 253 in /opt/ros/humble/include/class_loader/class_loader/class_loader_core.hpp
[ros2_control_node-4] [INFO] [1791346516.371681846] [controller_manager]: Loading controller 'gripper_2_controller'
[spawner-10] [INFO] [1791346516.375219580] [spawner_gripper_4_controller]: waiting for service /controller_manager/list_controllers to become available...
[ros2_control_node-4] [INFO] [1791346516.381989727] [controller_manager]: Loading controller 'gripper_3_controller'
[ros2_control_node-4] [INFO] [1791346516.391526383] [controller_manager]: Loading controller 'gripper_1_controller'
[spawner-18] [INFO] [1791346516.395231625] [spawner_joint_state_broadcaster]: [94mLoaded [1mjoint_state_broadcaster[0m
[spawner-8] [INFO] [1791346516.404825596] [spawner_gripper_2_controller]: [94mLoaded [1mgripper_2_controller[0m
[ros2_control_node-4] [INFO] [1791346516.412298332] [controller_manager]: Loading controller 'gantry_1_with_arm_controller'
[spawner-9] [INFO] [1791346516.443978056] [spawner_gripper_3_controller]: [94mLoaded [1mgripper_3_controller[0m
[ros2_control_node-4] [WARN] [1791346516.459628072] [gantry_1_with_arm_controller]: [Deprecated]: "allow_nonzero_velocity_at_trajectory_end" is set to true. The default behavior will change to false.
[ros2_control_node-4] [INFO] [1791346516.461922795] [controller_manager]: Configuring controller 'gantry_2_with_arm_controller'
[ros2_control_node-4] [INFO] [1791346516.462642759] [gantry_2_with_arm_controller]: No specific joint names are used for command interfaces. Using 'joints' parameter.
[ros2_control_node-4] [INFO] [1791346516.462707962] [gantry_2_with_arm_controller]: Command interfaces are [position] and state interfaces are [position velocity].
[ros2_control_node-4] [INFO] [1791346516.462751728] [gantry_2_with_arm_controller]: Using 'splines' interpolation method.
[ros2_control_node-4] [INFO] [1791346516.466088955] [gantry_2_with_arm_controller]: Controller state will be published at 50.00 Hz.
[spawner-7] [INFO] [1791346516.470118469] [spawner_gripper_1_controller]: [94mLoaded [1mgripper_1_controller[0m
[spawner-15] [WARN] [1791346516.470959045] [spawner_gripper_2_controller]: [93mController already loaded, skipping load_controller[0m
[ros2_control_node-4] [INFO] [1791346516.471790852] [gantry_2_with_arm_controller]: Goals with partial set of joints are allowed
[ros2_control_node-4] [INFO] [1791346516.471837931] [gantry_2_with_arm_controller]: Action status changes will be monitored at 20.00 Hz.
[ros2_control_node-4] [INFO] [1791346516.482580887] [controller_manager]: Loading controller 'gripper_4_controller'
[spawner-5] [INFO] [1791346516.497620923] [spawner_gantry_1_with_arm_controller]: [94mLoaded [1mgantry_1_with_arm_controller[0m
[ros2_control_node-4] [INFO] [1791346516.501930164] [controller_manager]: Configuring controller 'gantry_2_with_arm_controller'
[ros2_control_node-4] [INFO] [1791346516.502438617] [gantry_2_with_arm_controller]: No specific joint names are used for command interfaces. Using 'joints' parameter.
[ros2_control_node-4] [INFO] [1791346516.502470419] [gantry_2_with_arm_controller]: Command interfaces are [position] and state interfaces are [position velocity].
[ros2_control_node-4] [INFO] [1791346516.502506596] [gantry_2_with_arm_controller]: Using 'splines' interpolation method.
[ros2_control_node-4] [INFO] [1791346516.503414388] [gantry_2_with_arm_controller]: Controller state will be published at 50.00 Hz.
[ros2_control_node-4] [INFO] [1791346516.507141019] [gantry_2_with_arm_controller]: Goals with partial set of joints are allowed
[ros2_control_node-4] [INFO] [1791346516.507183389] [gantry_2_with_arm_controller]: Action status changes will be monitored at 20.00 Hz.
[spawner-11] [WARN] [1791346516.513213890] [spawner_joint_state_broadcaster]: [93mController already loaded, skipping load_controller[0m
[spawner-16] [WARN] [1791346516.513727047] [spawner_gripper_3_controller]: [93mController already loaded, skipping load_controller[0m
[ros2_control_node-4] [INFO] [1791346516.521888588] [controller_manager]: Configuring controller 'joint_state_broadcaster'
[ros2_control_node-4] [INFO] [1791346516.521983368] [joint_state_broadcaster]: 'joints' or 'interfaces' parameter is empty. All available state interfaces will be published
[spawner-17] [INFO] [1791346516.529702748] [spawner_gripper_4_controller]: [94mLoaded [1mgripper_4_controller[0m
[ros2_control_node-4] [INFO] [1791346516.531775858] [controller_manager]: Configuring controller 'gripper_2_controller'
[ros2_control_node-4] [INFO] [1791346516.531856163] [gripper_2_controller]: Action status changes will be monitored at 20.000000 Hz.
[ros2_control_node-4] [INFO] [1791346516.541908403] [controller_manager]: Configuring controller 'gripper_3_controller'
[ros2_control_node-4] [INFO] [1791346516.541986157] [gripper_3_controller]: Action status changes will be monitored at 20.000000 Hz.
[ros2_control_node-4] [INFO] [1791346516.552483990] [controller_manager]: Configuring controller 'gantry_1_with_arm_controller'
[ros2_control_node-4] [INFO] [1791346516.552885251] [gantry_1_with_arm_controller]: No specific joint names are used for command interfaces. Using 'joints' parameter.
[ros2_control_node-4] [INFO] [1791346516.552915323] [gantry_1_with_arm_controller]: Command interfaces are [position] and state interfaces are [position velocity].
[ros2_control_node-4] [INFO] [1791346516.552941507] [gantry_1_with_arm_controller]: Using 'splines' interpolation method.
[ros2_control_node-4] [INFO] [1791346516.553814086] [gantry_1_with_arm_controller]: Controller state will be published at 50.00 Hz.
[ros2_control_node-4] [INFO] [1791346516.555354249] [gantry_1_with_arm_controller]: Goals with partial set of joints are allowed
[ros2_control_node-4] [INFO] [1791346516.555375268] [gantry_1_with_arm_controller]: Action status changes will be monitored at 20.00 Hz.
[ros2_control_node-4] [INFO] [1791346516.561896386] [controller_manager]: Configuring controller 'gripper_1_controller'
[ros2_control_node-4] [INFO] [1791346516.561968439] [gripper_1_controller]: Action status changes will be monitored at 20.000000 Hz.
[ros2_control_node-4] [INFO] [1791346516.571939335] [controller_manager]: Configuring controller 'gripper_2_controller'
[ros2_control_node-4] [INFO] [1791346516.572041224] [gripper_2_controller]: Action status changes will be monitored at 20.000000 Hz.
[ros2_control_node-4] [INFO] [1791346516.581777924] [controller_manager]: Configuring controller 'joint_state_broadcaster'
[ros2_control_node-4] [INFO] [1791346516.581866449] [joint_state_broadcaster]: 'joints' or 'interfaces' parameter is empty. All available state interfaces will be published
[ros2_control_node-4] [INFO] [1791346516.592546893] [controller_manager]: Configuring controller 'gripper_3_controller'
[ros2_control_node-4] [INFO] [1791346516.592612394] [gripper_3_controller]: Action status changes will be monitored at 20.000000 Hz.
[ros2_control_node-4] [INFO] [1791346516.601761791] [controller_manager]: Configuring controller 'gripper_4_controller'
[ros2_control_node-4] [INFO] [1791346516.601818356] [gripper_4_controller]: Action status changes will be monitored at 20.000000 Hz.
[ros2_control_node-4] [WARN] [1791346516.631732227] [controller_manager]: Controller with name 'gantry_2_with_arm_controller' is not inactive so its following controllers do not have to be checked, because it cannot be activated.
[ros2_control_node-4] [WARN] [1791346516.631777374] [controller_manager]: Could not activate controller with name 'gantry_2_with_arm_controller'. Check above warnings for more details. Check the state of the controllers and their required interfaces using `ros2 control list_controllers -v` CLI to get more information.
[ros2_control_node-4] [ERROR] [1791346516.631785594] [controller_manager]: Aborting, no controller is switched! (::STRICT switch)
[spawner-6] [INFO] [1791346516.632418377] [spawner_gantry_2_with_arm_controller]: [92mConfigured and activated [1mgantry_2_with_arm_controller[0m
[spawner-13] [ERROR] [1791346516.632663113] [spawner_gantry_2_with_arm_controller]: [91mFailed to activate controller : gantry_2_with_arm_controller[0m
[spawner-18] [INFO] [1791346516.652596345] [spawner_joint_state_broadcaster]: [92mConfigured and activated [1mjoint_state_broadcaster[0m
[spawner-8] [INFO] [1791346516.672685815] [spawner_gripper_2_controller]: [92mConfigured and activated [1mgripper_2_controller[0m
[spawner-9] [INFO] [1791346516.692478514] [spawner_gripper_3_controller]: [92mConfigured and activated [1mgripper_3_controller[0m
[spawner-5] [INFO] [1791346516.712671368] [spawner_gantry_1_with_arm_controller]: [92mConfigured and activated [1mgantry_1_with_arm_controller[0m
[ros2_control_node-4] [WARN] [1791346516.732004432] [controller_manager]: Controller with name 'gripper_2_controller' is not inactive so its following controllers do not have to be checked, because it cannot be activated.
[ros2_control_node-4] [WARN] [1791346516.732051644] [controller_manager]: Could not activate controller with name 'gripper_2_controller'. Check above warnings for more details. Check the state of the controllers and their required interfaces using `ros2 control list_controllers -v` CLI to get more information.
[ros2_control_node-4] [ERROR] [1791346516.732062344] [controller_manager]: Aborting, no controller is switched! (::STRICT switch)
[ros2_control_node-4] [WARN] [1791346516.732296058] [controller_manager]: Controller with name 'joint_state_broadcaster' is not inactive so its following controllers do not have to be checked, because it cannot be activated.
[ros2_control_node-4] [WARN] [1791346516.732313576] [controller_manager]: Could not activate controller with name 'joint_state_broadcaster'. Check above warnings for more details. Check the state of the controllers and their required interfaces using `ros2 control list_controllers -v` CLI to get more information.
[ros2_control_node-4] [ERROR] [1791346516.732319277] [controller_manager]: Aborting, no controller is switched! (::STRICT switch)
[ros2_control_node-4] [WARN] [1791346516.732527166] [controller_manager]: Controller with name 'gripper_3_controller' is not inactive so its following controllers do not have to be checked, because it cannot be activated.
[ros2_control_node-4] [WARN] [1791346516.732548471] [controller_manager]: Could not activate controller with name 'gripper_3_controller'. Check above warnings for more details. Check the state of the controllers and their required interfaces using `ros2 control list_controllers -v` CLI to get more information.
[ros2_control_node-4] [ERROR] [1791346516.732557642] [controller_manager]: Aborting, no controller is switched! (::STRICT switch)
[spawner-7] [INFO] [1791346516.732612058] [spawner_gripper_1_controller]: [92mConfigured and activated [1mgripper_1_controller[0m
[spawner-15] [ERROR] [1791346516.732682594] [spawner_gripper_2_controller]: [91mFailed to activate controller : gripper_2_controller[0m
[spawner-11] [ERROR] [1791346516.733108039] [spawner_joint_state_broadcaster]: [91mFailed to activate controller : joint_state_broadcaster[0m
[spawner-16] [ERROR] [1791346516.733370100] [spawner_gripper_3_controller]: [91mFailed to activate controller : gripper_3_controller[0m
[spawner-17] [INFO] [1791346516.752200849] [spawner_gripper_4_controller]: [92mConfigured and activated [1mgripper_4_controller[0m
[ERROR] [spawner-13]: process has died [pid 2038028, exit code 1, cmd '/opt/ros/humble/lib/controller_manager/spawner gantry_2_with_arm_controller --ros-args'].
[INFO] [spawner-6]: process has finished cleanly [pid 2037956]
[INFO] [spawner-18]: process has finished cleanly [pid 2038038]
[INFO] [spawner-8]: process has finished cleanly [pid 2037960]
[INFO] [spawner-9]: process has finished cleanly [pid 2037962]
[INFO] [spawner-5]: process has finished cleanly [pid 2037954]
[ERROR] [spawner-11]: process has died [pid 2038007, exit code 1, cmd '/opt/ros/humble/lib/controller_manager/spawner joint_state_broadcaster --ros-args'].
[INFO] [spawner-17]: process has finished cleanly [pid 2038036]
[INFO] [spawner-7]: process has finished cleanly [pid 2037958]
[ERROR] [spawner-16]: process has died [pid 2038034, exit code 1, cmd '/opt/ros/humble/lib/controller_manager/spawner gripper_3_controller --ros-args'].
[ERROR] [spawner-15]: process has died [pid 2038032, exit code 1, cmd '/opt/ros/humble/lib/controller_manager/spawner gripper_2_controller --ros-args'].
[move_group-2] [ERROR] [1791346516.930567053] [moveit_kinematics_base.kinematics_base]: Group 'gantry_1_with_arm' is not a chain
[move_group-2] [ERROR] [1791346516.930619731] [kinematics_plugin_loader]: Kinematics solver of type 'kdl_kinematics_plugin/KDLKinematicsPlugin' could not be initialized for group 'gantry_1_with_arm'
[move_group-2] [ERROR] [1791346516.930633503] [moveit_ros.robot_model_loader]: Kinematics solver could not be instantiated for joint group gantry_1_with_arm.
[move_group-2] [ERROR] [1791346516.930849054] [moveit_kinematics_base.kinematics_base]: Group 'gantry_2_with_arm' is not a chain
[move_group-2] [ERROR] [1791346516.930856644] [kinematics_plugin_loader]: Kinematics solver of type 'kdl_kinematics_plugin/KDLKinematicsPlugin' could not be initialized for group 'gantry_2_with_arm'
[move_group-2] [ERROR] [1791346516.930886396] [moveit_ros.robot_model_loader]: Kinematics solver could not be instantiated for joint group gantry_2_with_arm.
[spawner-14] [WARN] [1791346517.287163369] [spawner_gripper_1_controller]: [93mController already loaded, skipping load_controller[0m
[ros2_control_node-4] [INFO] [1791346517.288473187] [controller_manager]: Configuring controller 'gripper_1_controller'
[ros2_control_node-4] [ERROR] [1791346517.288525939] [controller_manager]: Controller 'gripper_1_controller' can not be configured from 'active' state.
[spawner-14] [ERROR] [1791346517.289229711] [spawner_gripper_1_controller]: [91mFailed to configure controller[0m
[spawner-12] [WARN] [1791346517.315376460] [spawner_gantry_1_with_arm_controller]: [93mController already loaded, skipping load_controller[0m
[ros2_control_node-4] [INFO] [1791346517.316476084] [controller_manager]: Configuring controller 'gantry_1_with_arm_controller'
[ros2_control_node-4] [ERROR] [1791346517.316532127] [controller_manager]: Controller 'gantry_1_with_arm_controller' can not be configured from 'active' state.
[spawner-12] [ERROR] [1791346517.317235159] [spawner_gantry_1_with_arm_controller]: [91mFailed to configure controller[0m
[ERROR] [spawner-14]: process has died [pid 2038030, exit code 1, cmd '/opt/ros/humble/lib/controller_manager/spawner gripper_1_controller --ros-args'].
[ERROR] [spawner-12]: process has died [pid 2038009, exit code 1, cmd '/opt/ros/humble/lib/controller_manager/spawner gantry_1_with_arm_controller --ros-args'].
[move_group-2] [INFO] [1791346518.944484643] [moveit_ros.planning_scene_monitor.planning_scene_monitor]: Publishing maintained planning scene on 'monitored_planning_scene'
[move_group-2] [INFO] [1791346518.944738197] [moveit.ros_planning_interface.moveit_cpp]: Listening to 'joint_states' for joint states
[move_group-2] [INFO] [1791346518.945315072] [moveit_ros.current_state_monitor]: Listening to joint states on topic 'joint_states'
[move_group-2] [INFO] [1791346518.945714623] [moveit_ros.planning_scene_monitor.planning_scene_monitor]: Listening to '/attached_collision_object' for attached collision objects
[move_group-2] [INFO] [1791346518.945727086] [moveit_ros.planning_scene_monitor.planning_scene_monitor]: Starting planning scene monitor
[move_group-2] [INFO] [1791346518.945901985] [moveit_ros.planning_scene_monitor.planning_scene_monitor]: Listening to '/planning_scene'
[move_group-2] [INFO] [1791346518.945931958] [moveit_ros.planning_scene_monitor.planning_scene_monitor]: Starting world geometry update monitor for collision objects, attached objects, octomap updates.
[move_group-2] [INFO] [1791346518.946174444] [moveit_ros.planning_scene_monitor.planning_scene_monitor]: Listening to 'collision_object'
[move_group-2] [INFO] [1791346518.946394239] [moveit_ros.planning_scene_monitor.planning_scene_monitor]: Listening to 'planning_scene_world' for planning scene world geometry
[spawner-10] [WARN] [1791346519.380352637] [spawner_gripper_4_controller]: [93mController already loaded, skipping load_controller[0m
[ros2_control_node-4] [INFO] [1791346519.381164456] [controller_manager]: Configuring controller 'gripper_4_controller'
[ros2_control_node-4] [ERROR] [1791346519.381199367] [controller_manager]: Controller 'gripper_4_controller' can not be configured from 'active' state.
[spawner-10] [ERROR] [1791346519.382040303] [spawner_gripper_4_controller]: [91mFailed to configure controller[0m
[rviz2-3] [ERROR] [1791346519.388506734] [moveit_ros_visualization.motion_planning_frame]: Action server: /recognize_objects not available
[rviz2-3] [INFO] [1791346519.402212206] [moveit_ros_visualization.motion_planning_frame]: MoveGroup namespace changed: / -> . Reloading params.
[ERROR] [spawner-10]: process has died [pid 2038005, exit code 1, cmd '/opt/ros/humble/lib/controller_manager/spawner gripper_4_controller --ros-args'].
[rviz2-3] [INFO] [1791346519.551204140] [moveit_rdf_loader.rdf_loader]: Loaded robot model in 0.0509917 seconds
[rviz2-3] [INFO] [1791346519.551256599] [moveit_robot_model.robot_model]: Loading robot model 'trailer_workcell'...
[rviz2-3] [INFO] [1791346519.551273765] [moveit_robot_model.robot_model]: No root/virtual joint specified in SRDF. Assuming fixed joint
[rviz2-3] [ERROR] [1791346520.384679006] [moveit_kinematics_base.kinematics_base]: Group 'gantry_1_with_arm' is not a chain
[rviz2-3] [ERROR] [1791346520.384739014] [kinematics_plugin_loader]: Kinematics solver of type 'kdl_kinematics_plugin/KDLKinematicsPlugin' could not be initialized for group 'gantry_1_with_arm'
[rviz2-3] [ERROR] [1791346520.384752653] [moveit_ros.robot_model_loader]: Kinematics solver could not be instantiated for joint group gantry_1_with_arm.
[rviz2-3] [ERROR] [1791346520.384984970] [moveit_kinematics_base.kinematics_base]: Group 'gantry_2_with_arm' is not a chain
[rviz2-3] [ERROR] [1791346520.384993394] [kinematics_plugin_loader]: Kinematics solver of type 'kdl_kinematics_plugin/KDLKinematicsPlugin' could not be initialized for group 'gantry_2_with_arm'
[rviz2-3] [ERROR] [1791346520.384997478] [moveit_ros.robot_model_loader]: Kinematics solver could not be instantiated for joint group gantry_2_with_arm.
[rviz2-3] [INFO] [1791346522.462813397] [moveit_ros.planning_scene_monitor.planning_scene_monitor]: Starting planning scene monitor
[rviz2-3] [INFO] [1791346522.463290015] [moveit_ros.planning_scene_monitor.planning_scene_monitor]: Listening to '/monitored_planning_scene'
[rviz2-3] [INFO] [1791346522.713588993] [interactive_marker_display_111097034858416]: Connected on namespace: /rviz_moveit_motion_planning_display/robot_interaction_interactive_marker_topic
[rviz2-3] [INFO] [1791346522.917925719] [interactive_marker_display_111097034858416]: Sending request for interactive markers
[rviz2-3] [INFO] [1791346523.041770086] [interactive_marker_display_111097034858416]: Service response received for initialization
[rviz2-3] [INFO] [1791346527.771205212] [moveit_ros.planning_scene_monitor.planning_scene_monitor]: Failed to call service get_planning_scene, have you launched move_group or called psm.providePlanningSceneService()?
[rviz2-3] [INFO] [1791346527.771265527] [moveit_ros_visualization.motion_planning_frame]: group arm_1
[rviz2-3] [INFO] [1791346527.771270747] [moveit_ros_visualization.motion_planning_frame]: Constructing new MoveGroup connection for group 'arm_1' in namespace ''
[move_group-2] [INFO] [1791346529.720191771] [moveit.ros.perception.pointcloud_octomap_updater]: Listening to '/rgbd/collision_cloud' using message filter with target frame 'world '
[move_group-2] [INFO] [1791346529.720559310] [moveit.ros.perception.pointcloud_octomap_updater]: Listening to '/rgbd2/collision_cloud' using message filter with target frame 'world '
[move_group-2] [INFO] [1791346529.720574007] [moveit.ros_planning_interface.moveit_cpp]: Loading planning pipeline 'chomp'
[move_group-2] [ERROR] [1791346529.722329880] [moveit.ros_planning.planning_pipeline]: Exception while loading planner 'chomp_interface/CHOMPPlanner': Failed to load library /opt/ros/humble/lib/libmoveit_chomp_planner_plugin.so. Make sure that you are calling the PLUGINLIB_EXPORT_CLASS macro in the library code, and that names are consistent between this macro and your XML. Error string: Could not load library dlopen error: libchomp_motion_planner.so.2.5.10: cannot open shared object file: No such file or directory, at ./src/shared_library.c:99Available plugins: chomp_interface/CHOMPPlanner, ompl_interface/OMPLPlanner, pilz_industrial_motion_planner/CommandPlanner
[move_group-2] [INFO] [1791346529.724237095] [moveit_ros.add_time_optimal_parameterization]: Param 'chomp.path_tolerance' was not set. Using default value: 0.100000
[move_group-2] [INFO] [1791346529.724247655] [moveit_ros.add_time_optimal_parameterization]: Param 'chomp.resample_dt' was not set. Using default value: 0.100000
[move_group-2] [INFO] [1791346529.724251283] [moveit_ros.add_time_optimal_parameterization]: Param 'chomp.min_angle_change' was not set. Using default value: 0.001000
[move_group-2] [INFO] [1791346529.724267242] [moveit_ros.fix_workspace_bounds]: Param 'chomp.default_workspace_bounds' was not set. Using default value: 10.000000
[move_group-2] [INFO] [1791346529.724277896] [moveit_ros.fix_start_state_bounds]: Param 'chomp.start_state_max_bounds_error' was set to 0.100000
[move_group-2] [INFO] [1791346529.724282328] [moveit_ros.fix_start_state_bounds]: Param 'chomp.start_state_max_dt' was not set. Using default value: 0.500000
[move_group-2] [INFO] [1791346529.724291099] [moveit_ros.fix_start_state_collision]: Param 'chomp.start_state_max_dt' was not set. Using default value: 0.500000
[move_group-2] [INFO] [1791346529.724295108] [moveit_ros.fix_start_state_collision]: Param 'chomp.jiggle_fraction' was set to 0.050000
[move_group-2] [INFO] [1791346529.724298876] [moveit_ros.fix_start_state_collision]: Param 'chomp.max_sampling_attempts' was not set. Using default value: 100
[move_group-2] [INFO] [1791346529.724308141] [moveit.ros_planning.planning_pipeline]: Using planning request adapter 'Add Time Optimal Parameterization'
[move_group-2] [INFO] [1791346529.724310940] [moveit.ros_planning.planning_pipeline]: Using planning request adapter 'Resolve constraint frames to robot links'
[move_group-2] [INFO] [1791346529.724313251] [moveit.ros_planning.planning_pipeline]: Using planning request adapter 'Fix Workspace Bounds'
[move_group-2] [INFO] [1791346529.724315525] [moveit.ros_planning.planning_pipeline]: Using planning request adapter 'Fix Start State Bounds'
[move_group-2] [INFO] [1791346529.724317612] [moveit.ros_planning.planning_pipeline]: Using planning request adapter 'Fix Start State In Collision'
[move_group-2] [INFO] [1791346529.724319661] [moveit.ros_planning.planning_pipeline]: Using planning request adapter 'Fix Start State Path Constraints'
[move_group-2] [ERROR] [1791346529.725752987] [moveit.ros_planning_interface.moveit_cpp]: Failed to initialize planning pipeline 'chomp'.
[move_group-2] [INFO] [1791346529.726469684] [moveit.ros_planning_interface.moveit_cpp]: Loading planning pipeline 'ompl'
[move_group-2] [INFO] [1791346529.736654662] [moveit.ros_planning.planning_pipeline]: Using planning interface 'OMPL'
[move_group-2] [INFO] [1791346529.738644549] [moveit_ros.add_time_optimal_parameterization]: Param 'ompl.path_tolerance' was not set. Using default value: 0.100000
[move_group-2] [INFO] [1791346529.738656372] [moveit_ros.add_time_optimal_parameterization]: Param 'ompl.resample_dt' was not set. Using default value: 0.100000
[move_group-2] [INFO] [1791346529.738660264] [moveit_ros.add_time_optimal_parameterization]: Param 'ompl.min_angle_change' was not set. Using default value: 0.001000
[move_group-2] [INFO] [1791346529.738676317] [moveit_ros.fix_workspace_bounds]: Param 'ompl.default_workspace_bounds' was not set. Using default value: 10.000000
[move_group-2] [INFO] [1791346529.738688568] [moveit_ros.fix_start_state_bounds]: Param 'ompl.start_state_max_bounds_error' was set to 0.100000
[move_group-2] [INFO] [1791346529.738692796] [moveit_ros.fix_start_state_bounds]: Param 'ompl.start_state_max_dt' was not set. Using default value: 0.500000
[move_group-2] [INFO] [1791346529.738701531] [moveit_ros.fix_start_state_collision]: Param 'ompl.start_state_max_dt' was not set. Using default value: 0.500000
[move_group-2] [INFO] [1791346529.738705766] [moveit_ros.fix_start_state_collision]: Param 'ompl.jiggle_fraction' was set to 0.050000
[move_group-2] [INFO] [1791346529.738709740] [moveit_ros.fix_start_state_collision]: Param 'ompl.max_sampling_attempts' was not set. Using default value: 100
[move_group-2] [INFO] [1791346529.738718288] [moveit.ros_planning.planning_pipeline]: Using planning request adapter 'Add Time Optimal Parameterization'
[move_group-2] [INFO] [1791346529.738721113] [moveit.ros_planning.planning_pipeline]: Using planning request adapter 'Resolve constraint frames to robot links'
[move_group-2] [INFO] [1791346529.738723222] [moveit.ros_planning.planning_pipeline]: Using planning request adapter 'Fix Workspace Bounds'
[move_group-2] [INFO] [1791346529.738725538] [moveit.ros_planning.planning_pipeline]: Using planning request adapter 'Fix Start State Bounds'
[move_group-2] [INFO] [1791346529.738727814] [moveit.ros_planning.planning_pipeline]: Using planning request adapter 'Fix Start State In Collision'
[move_group-2] [INFO] [1791346529.738729930] [moveit.ros_planning.planning_pipeline]: Using planning request adapter 'Fix Start State Path Constraints'
[move_group-2] [INFO] [1791346529.739225156] [moveit.ros_planning_interface.moveit_cpp]: Loading planning pipeline 'pilz_industrial_motion_planner'
[move_group-2] [ERROR] [1791346529.740705636] [moveit.ros_planning.planning_pipeline]: Exception while loading planner 'pilz_industrial_motion_planner/CommandPlanner': Failed to load library /opt/ros/humble/lib/libpilz_industrial_motion_planner.so. Make sure that you are calling the PLUGINLIB_EXPORT_CLASS macro in the library code, and that names are consistent between this macro and your XML. Error string: Could not load library dlopen error: libmoveit_planning_interface.so.2.5.9: cannot open shared object file: No such file or directory, at ./src/shared_library.c:99Available plugins: chomp_interface/CHOMPPlanner, ompl_interface/OMPLPlanner, pilz_industrial_motion_planner/CommandPlanner
[move_group-2] [ERROR] [1791346529.741062367] [moveit.ros_planning_interface.moveit_cpp]: Failed to initialize planning pipeline 'pilz_industrial_motion_planner'.
[move_group-2] [INFO] [1791346529.815204724] [moveit.plugins.moveit_simple_controller_manager]: Added FollowJointTrajectory controller for gantry_1_with_arm_controller
[move_group-2] [INFO] [1791346529.816983567] [moveit.plugins.moveit_simple_controller_manager]: Added FollowJointTrajectory controller for gantry_2_with_arm_controller
[move_group-2] [INFO] [1791346529.817012901] [moveit.plugins.moveit_simple_controller_manager]: Max effort set to 0.0
[move_group-2] [INFO] [1791346529.819000038] [moveit.plugins.moveit_simple_controller_manager]: Added GripperCommand controller for gripper_1_controller
[move_group-2] [INFO] [1791346529.819027647] [moveit.plugins.moveit_simple_controller_manager]: Max effort set to 0.0
[move_group-2] [INFO] [1791346529.820820833] [moveit.plugins.moveit_simple_controller_manager]: Added GripperCommand controller for gripper_2_controller
[move_group-2] [INFO] [1791346529.820848898] [moveit.plugins.moveit_simple_controller_manager]: Max effort set to 0.0
[move_group-2] [INFO] [1791346529.822767436] [moveit.plugins.moveit_simple_controller_manager]: Added GripperCommand controller for gripper_3_controller
[move_group-2] [INFO] [1791346529.822797458] [moveit.plugins.moveit_simple_controller_manager]: Max effort set to 0.0
[move_group-2] [INFO] [1791346529.824838898] [moveit.plugins.moveit_simple_controller_manager]: Added GripperCommand controller for gripper_4_controller
[move_group-2] [INFO] [1791346529.825000374] [moveit.plugins.moveit_simple_controller_manager]: Returned 6 controllers in list
[move_group-2] [INFO] [1791346529.825044058] [moveit.plugins.moveit_simple_controller_manager]: Returned 6 controllers in list
[move_group-2] [INFO] [1791346529.825421916] [moveit_ros.trajectory_execution_manager]: Trajectory execution is managing controllers
[move_group-2] [INFO] [1791346529.825437877] [move_group.move_group]: MoveGroup debug mode is ON
[move_group-2] [INFO] [1791346529.841325795] [move_group.move_group]: 
[move_group-2] 
[move_group-2] ********************************************************
[move_group-2] * MoveGroup using: 
[move_group-2] *     - ApplyPlanningSceneService
[move_group-2] *     - ClearOctomapService
[move_group-2] *     - CartesianPathService
[move_group-2] *     - ExecuteTrajectoryAction
[move_group-2] *     - GetPlanningSceneService
[move_group-2] *     - KinematicsService
[move_group-2] *     - MoveAction
[move_group-2] *     - MotionPlanService
[move_group-2] *     - QueryPlannersService
[move_group-2] *     - StateValidationService
[move_group-2] ********************************************************
[move_group-2] 
[move_group-2] [INFO] [1791346529.841365686] [moveit_move_group_capabilities_base.move_group_context]: MoveGroup context using planning plugin ompl_interface/OMPLPlanner
[move_group-2] [INFO] [1791346529.841375032] [moveit_move_group_capabilities_base.move_group_context]: MoveGroup context initialization complete
[move_group-2] [96mLoading 'move_group/ApplyPlanningSceneService'...
[move_group-2] [0m[96mLoading 'move_group/ClearOctomapService'...
[move_group-2] [0m[96mLoading 'move_group/MoveGroupCartesianPathService'...
[move_group-2] [0m[96mLoading 'move_group/MoveGroupExecuteTrajectoryAction'...
[move_group-2] [0m[96mLoading 'move_group/MoveGroupGetPlanningSceneService'...
[move_group-2] [0m[96mLoading 'move_group/MoveGroupKinematicsService'...
[move_group-2] [0m[96mLoading 'move_group/MoveGroupMoveAction'...
[move_group-2] [0m[96mLoading 'move_group/MoveGroupPlanService'...
[move_group-2] [0m[96mLoading 'move_group/MoveGroupQueryPlannersService'...
[move_group-2] [0m[96mLoading 'move_group/MoveGroupStateValidationService'...
[move_group-2] [0m[92m
[move_group-2] You can start planning now!
[move_group-2] 
[rviz2-3] [INFO] [1791346529.878321077] [move_group_interface]: Ready to take commands for planning group arm_1.
[rviz2-3] [INFO] [1791346529.878998539] [moveit_ros_visualization.motion_planning_frame]: group arm_1
[WARNING] [launch]: user interrupted with ctrl-c (SIGINT)
[INFO] [ros2_control_node-4]: sending signal 'SIGINT' to process[ros2_control_node-4]
[INFO] [rviz2-3]: sending signal 'SIGINT' to process[rviz2-3]
[INFO] [move_group-2]: sending signal 'SIGINT' to process[move_group-2]
[INFO] [robot_state_publisher-1]: sending signal 'SIGINT' to process[robot_state_publisher-1]
[ros2_control_node-4] [INFO] [1791346601.839832842] [rclcpp]: signal_handler(SIGINT/SIGTERM)
[ros2_control_node-4] [INFO] [1791346601.839975138] [controller_manager]: Shutdown request received....
[ros2_control_node-4] [INFO] [1791346601.840053273] [controller_manager]: Shutting down all controllers in the controller manager.
[ros2_control_node-4] [INFO] [1791346601.840143874] [controller_manager]: Deactivating controller 'gantry_2_with_arm_controller'
[ros2_control_node-4] [INFO] [1791346601.840186419] [controller_manager]: Shutting down controller 'gantry_2_with_arm_controller'
[ros2_control_node-4] [INFO] [1791346601.840233310] [controller_manager]: Deactivating controller 'joint_state_broadcaster'
[ros2_control_node-4] [INFO] [1791346601.840272639] [controller_manager]: Shutting down controller 'joint_state_broadcaster'
[ros2_control_node-4] [INFO] [1791346601.840291294] [controller_manager]: Deactivating controller 'gripper_2_controller'
[ros2_control_node-4] [INFO] [1791346601.840313343] [controller_manager]: Shutting down controller 'gripper_2_controller'
[ros2_control_node-4] [INFO] [1791346601.840329590] [controller_manager]: Deactivating controller 'gripper_3_controller'
[ros2_control_node-4] [INFO] [1791346601.840380156] [controller_manager]: Shutting down controller 'gripper_3_controller'
[ros2_control_node-4] [INFO] [1791346601.840397037] [controller_manager]: Deactivating controller 'gantry_1_with_arm_controller'
[ros2_control_node-4] [INFO] [1791346601.840423550] [controller_manager]: Shutting down controller 'gantry_1_with_arm_controller'
[ros2_control_node-4] [INFO] [1791346601.840439917] [controller_manager]: Deactivating controller 'gripper_1_controller'
[ros2_control_node-4] [INFO] [1791346601.840457156] [controller_manager]: Shutting down controller 'gripper_1_controller'
[ros2_control_node-4] [INFO] [1791346601.840471865] [controller_manager]: Deactivating controller 'gripper_4_controller'
[ros2_control_node-4] [INFO] [1791346601.840488137] [controller_manager]: Shutting down controller 'gripper_4_controller'
[ros2_control_node-4] [INFO] [1791346601.840542947] [resource_manager]: 'deactivate' hardware 't2_a2_GripperHardwareInterface' 
[ros2_control_node-4] [INFO] [1791346601.840555203] [resource_manager]: Successful 'deactivate' of hardware 't2_a2_GripperHardwareInterface'
[ros2_control_node-4] [INFO] [1791346601.840560138] [resource_manager]: 'shutdown' hardware 't2_a2_GripperHardwareInterface' 
[ros2_control_node-4] [INFO] [1791346601.840565429] [resource_manager]: Successful 'shutdown' of hardware 't2_a2_GripperHardwareInterface'
[ros2_control_node-4] [INFO] [1791346601.840571403] [resource_manager]: 'deactivate' hardware 't2_a2_GenericSystem' 
[ros2_control_node-4] [INFO] [1791346601.840576121] [resource_manager]: Successful 'deactivate' of hardware 't2_a2_GenericSystem'
[ros2_control_node-4] [INFO] [1791346601.840593262] [resource_manager]: 'shutdown' hardware 't2_a2_GenericSystem' 
[ros2_control_node-4] [INFO] [1791346601.840597512] [resource_manager]: Successful 'shutdown' of hardware 't2_a2_GenericSystem'
[ros2_control_node-4] [INFO] [1791346601.840620074] [resource_manager]: 'deactivate' hardware 't2_a1_GripperHardwareInterface' 
[ros2_control_node-4] [INFO] [1791346601.840624658] [resource_manager]: Successful 'deactivate' of hardware 't2_a1_GripperHardwareInterface'
[ros2_control_node-4] [INFO] [1791346601.840628266] [resource_manager]: 'shutdown' hardware 't2_a1_GripperHardwareInterface' 
[ros2_control_node-4] [INFO] [1791346601.840632646] [resource_manager]: Successful 'shutdown' of hardware 't2_a1_GripperHardwareInterface'
[ros2_control_node-4] [INFO] [1791346601.840637601] [resource_manager]: 'deactivate' hardware 't2_a1_GenericSystem' 
[ros2_control_node-4] [INFO] [1791346601.840643252] [resource_manager]: Successful 'deactivate' of hardware 't2_a1_GenericSystem'
[ros2_control_node-4] [INFO] [1791346601.840663589] [resource_manager]: 'shutdown' hardware 't2_a1_GenericSystem' 
[ros2_control_node-4] [INFO] [1791346601.840668303] [resource_manager]: Successful 'shutdown' of hardware 't2_a1_GenericSystem'
[ros2_control_node-4] [INFO] [1791346601.840674430] [resource_manager]: 'deactivate' hardware 't1_a2_GripperHardwareInterface' 
[ros2_control_node-4] [INFO] [1791346601.840679002] [resource_manager]: Successful 'deactivate' of hardware 't1_a2_GripperHardwareInterface'
[ros2_control_node-4] [INFO] [1791346601.840684856] [resource_manager]: 'shutdown' hardware 't1_a2_GripperHardwareInterface' 
[ros2_control_node-4] [INFO] [1791346601.840690401] [resource_manager]: Successful 'shutdown' of hardware 't1_a2_GripperHardwareInterface'
[ros2_control_node-4] [INFO] [1791346601.840696941] [resource_manager]: 'deactivate' hardware 't1_a2_GenericSystem' 
[ros2_control_node-4] [INFO] [1791346601.840701795] [resource_manager]: Successful 'deactivate' of hardware 't1_a2_GenericSystem'
[ros2_control_node-4] [INFO] [1791346601.840705230] [resource_manager]: 'shutdown' hardware 't1_a2_GenericSystem' 
[ros2_control_node-4] [INFO] [1791346601.840732553] [resource_manager]: Successful 'shutdown' of hardware 't1_a2_GenericSystem'
[ros2_control_node-4] [INFO] [1791346601.840739177] [resource_manager]: 'deactivate' hardware 't1_a1_GripperHardwareInterface' 
[ros2_control_node-4] [INFO] [1791346601.840743850] [resource_manager]: Successful 'deactivate' of hardware 't1_a1_GripperHardwareInterface'
[ros2_control_node-4] [INFO] [1791346601.840749421] [resource_manager]: 'shutdown' hardware 't1_a1_GripperHardwareInterface' 
[ros2_control_node-4] [INFO] [1791346601.840753793] [resource_manager]: Successful 'shutdown' of hardware 't1_a1_GripperHardwareInterface'
[ros2_control_node-4] [INFO] [1791346601.840760468] [resource_manager]: 'deactivate' hardware 't1_a1_GenericSystem' 
[ros2_control_node-4] [INFO] [1791346601.840766207] [resource_manager]: Successful 'deactivate' of hardware 't1_a1_GenericSystem'
[ros2_control_node-4] [INFO] [1791346601.840771867] [resource_manager]: 'shutdown' hardware 't1_a1_GenericSystem' 
[ros2_control_node-4] [INFO] [1791346601.840777911] [resource_manager]: Successful 'shutdown' of hardware 't1_a1_GenericSystem'
[ros2_control_node-4] [INFO] [1791346601.840782875] [resource_manager]: 'deactivate' hardware 'TableFakeHardware' 
[ros2_control_node-4] [INFO] [1791346601.840787293] [resource_manager]: Successful 'deactivate' of hardware 'TableFakeHardware'
[ros2_control_node-4] [INFO] [1791346601.840790651] [resource_manager]: 'shutdown' hardware 'TableFakeHardware' 
[ros2_control_node-4] [INFO] [1791346601.840794779] [resource_manager]: Successful 'shutdown' of hardware 'TableFakeHardware'
[ros2_control_node-4] [INFO] [1791346601.840798675] [controller_manager]: Shutting down the controller manager.
[rviz2-3] [INFO] [1791346601.842448306] [rclcpp]: signal_handler(SIGINT/SIGTERM)
[move_group-2] [INFO] [1791346601.845531789] [rclcpp]: signal_handler(SIGINT/SIGTERM)
[robot_state_publisher-1] [INFO] [1791346601.847720514] [rclcpp]: signal_handler(SIGINT/SIGTERM)
[INFO] [robot_state_publisher-1]: process has finished cleanly [pid 2037946]
[INFO] [ros2_control_node-4]: process has finished cleanly [pid 2037952]
[move_group-2] [INFO] [1791346602.727201570] [moveit.ros_planning_interface.moveit_cpp]: Deleting MoveItCpp
[move_group-2] [INFO] [1791346602.820185992] [moveit_ros.planning_scene_monitor.planning_scene_monitor]: Stopped publishing maintained planning scene.
[move_group-2] [INFO] [1791346602.820794715] [moveit_ros.planning_scene_monitor.planning_scene_monitor]: Stopping world geometry monitor
[move_group-2] [INFO] [1791346602.821664600] [moveit_ros.planning_scene_monitor.planning_scene_monitor]: Stopping planning scene monitor
[move_group-2] Warning: class_loader.ClassLoader: SEVERE WARNING!!! Attempting to unload library while objects created by this loader exist in the heap! You should delete your objects before attempting to unload the library or destroying the ClassLoader. The library will NOT be unloaded.
[move_group-2]          at line 127 in ./src/class_loader.cpp
[move_group-2] Stack trace (most recent call last):
[move_group-2] #16   Object "", at 0xffffffffffffffff, in 
[move_group-2] #15   Object "/opt/ros/humble/lib/moveit_ros_move_group/move_group", at 0x56e2274d1704, in 
[move_group-2] #14   Source "../csu/libc-start.c", line 392, in __libc_start_main_impl [0x7ba16fe29e3f]
[move_group-2] #13   Source "../sysdeps/nptl/libc_start_call_main.h", line 58, in __libc_start_call_main [0x7ba16fe29d8f]
[move_group-2] #12   Object "/opt/ros/humble/lib/moveit_ros_move_group/move_group", at 0x56e2274d063b, in 
[move_group-2] #11   Object "/opt/ros/humble/lib/moveit_ros_move_group/move_group", at 0x56e2274d26e9, in 
[move_group-2] #10   Object "/opt/ros/humble/lib/libmoveit_cpp.so.2.5.10", at 0x7ba170baa836, in moveit_cpp::MoveItCpp::~MoveItCpp()
[move_group-2] #9    Object "/opt/ros/humble/lib/libmoveit_cpp.so.2.5.10", at 0x7ba170ba8b99, in 
[move_group-2] #8    Object "/opt/ros/humble/lib/libmoveit_trajectory_execution_manager.so.2.5.10", at 0x7ba1700d13a5, in trajectory_execution_manager::TrajectoryExecutionManager::~TrajectoryExecutionManager()
[move_group-2] #7    Object "/opt/ros/humble/lib/libmoveit_trajectory_execution_manager.so.2.5.10", at 0x7ba1700e42c9, in 
[move_group-2] #6    Object "/opt/ros/humble/lib/librclcpp.so", at 0x7ba17080bb8c, in rclcpp::Node::~Node()
[move_group-2] #5    Object "/opt/ros/humble/lib/librclcpp.so", at 0x7ba17080bb2e, in rclcpp::Node::~Node()
[move_group-2] #4    Object "/opt/ros/humble/lib/librclcpp.so", at 0x7ba1707e6d39, in 
[move_group-2] #3    Object "/opt/ros/humble/lib/librclcpp.so", at 0x7ba1708150b9, in 
[move_group-2] #2    Object "/opt/ros/humble/lib/librclcpp.so", at 0x7ba170815000, in rclcpp::node_interfaces::NodeBase::~NodeBase()
[move_group-2] #1    Object "/opt/ros/humble/lib/librclcpp.so", at 0x7ba1707e6d39, in 
[move_group-2] #0    Object "/opt/ros/humble/lib/librclcpp.so", at 0x7ba1707ebb31, in rclcpp::CallbackGroup::~CallbackGroup()
[move_group-2] Segmentation fault (Address not mapped to object [0x7ba166d82798])
[rviz2-3] [WARN] [1791346603.258023206] [interactive_marker_display_111097034858416]: Server not available while running, resetting
[rviz2-3] 
[rviz2-3] >>> [rcutils|error_handling.c:108] rcutils_set_error_state()
[rviz2-3] This error state is being overwritten:
[rviz2-3] 
[rviz2-3]   'rcl node's context is invalid, at ./src/rcl/node.c:428'
[rviz2-3] 
[rviz2-3] with this new error message:
[rviz2-3] 
[rviz2-3]   'publisher's context is invalid, at ./src/rcl/publisher.c:389'
[rviz2-3] 
[rviz2-3] rcutils_reset_error() should be called after error handling to avoid this.
[rviz2-3] <<<
[ERROR] [rviz2-3]: process[rviz2-3] failed to terminate '5' seconds after receiving 'SIGINT', escalating to 'SIGTERM'
[ERROR] [move_group-2]: process[move_group-2] failed to terminate '5' seconds after receiving 'SIGINT', escalating to 'SIGTERM'
[INFO] [rviz2-3]: sending signal 'SIGTERM' to process[rviz2-3]
[INFO] [move_group-2]: sending signal 'SIGTERM' to process[move_group-2]
[ERROR] [rviz2-3]: process has died [pid 2037950, exit code -15, cmd '/opt/ros/humble/lib/rviz2/rviz2 -d /home/user1/Documents/ceiling_arm/ros2_ws/install/workcell_moveit_config/share/workcell_moveit_config/config/moveit.rviz --ros-args --params-file /tmp/launch_params_gbz8vz35 --params-file /tmp/launch_params_ur1tp87a --params-file /tmp/launch_params_d96wv9i3'].
[ERROR] [move_group-2]: process[move_group-2] failed to terminate '10.0' seconds after receiving 'SIGTERM', escalating to 'SIGKILL'
[INFO] [move_group-2]: sending signal 'SIGKILL' to process[move_group-2]
[ERROR] [move_group-2]: process has died [pid 2037948, exit code -9, cmd '/opt/ros/humble/lib/moveit_ros_move_group/move_group --ros-args --params-file /tmp/launch_params_o__ddw08 --params-file /tmp/launch_params_naub9wrw'].
[move_group-2] [0m
