[0.013s] Invoking command in '/home/rama/Documents/code/Docker/moonshot_project/ros2_ws/build/moving_table_interfaces': CMAKE_PREFIX_PATH=${CMAKE_PREFIX_PATH}:/home/rama/Documents/code/Docker/moonshot_project/ros2_ws/install/moving_table_pkg:/opt/ros/humble /usr/bin/cmake /home/rama/Documents/code/Docker/moonshot_project/ros2_ws/src/moving_table_interfaces -DROS_EDITION=ROS2 -DHUMBLE_ROS=humble -DCMAKE_INSTALL_PREFIX=/home/rama/Documents/code/Docker/moonshot_project/ros2_ws/install/moving_table_interfaces
[0.047s] -- The C compiler identification is GNU 11.4.0
[0.082s] -- The CXX compiler identification is GNU 11.4.0
[0.087s] -- Detecting C compiler ABI info
[0.132s] -- Detecting C compiler ABI info - done
[0.137s] -- Check for working C compiler: /usr/bin/cc - skipped
[0.137s] -- Detecting C compile features
[0.137s] -- Detecting C compile features - done
[0.139s] -- Detecting CXX compiler ABI info
[0.193s] -- Detecting CXX compiler ABI info - done
[0.203s] -- Check for working CXX compiler: /usr/bin/c++ - skipped
[0.203s] -- Detecting CXX compile features
[0.203s] -- Detecting CXX compile features - done
[0.206s] -- Found ament_cmake: 1.3.12 (/opt/ros/humble/share/ament_cmake/cmake)
[0.346s] -- Found Python3: /usr/bin/python3 (found version "3.10.12") found components: Interpreter 
[0.424s] -- Found rosidl_default_generators: 1.2.0 (/opt/ros/humble/share/rosidl_default_generators/cmake)
[0.428s] -- Using all available rosidl_typesupport_c: rosidl_typesupport_fastrtps_c;rosidl_typesupport_introspection_c
[0.435s] -- Found rosidl_adapter: 3.1.7 (/opt/ros/humble/share/rosidl_adapter/cmake)
[0.480s] -- Using all available rosidl_typesupport_cpp: rosidl_typesupport_fastrtps_cpp;rosidl_typesupport_introspection_cpp
[0.724s] -- Found ament_cmake_ros: 0.10.0 (/opt/ros/humble/share/ament_cmake_ros/cmake)
[0.881s] -- Using all available rosidl_typesupport_c: rosidl_typesupport_fastrtps_c;rosidl_typesupport_introspection_c
[1.093s] -- Using all available rosidl_typesupport_cpp: rosidl_typesupport_fastrtps_cpp;rosidl_typesupport_introspection_cpp
[1.113s] -- Found PythonInterp: /usr/bin/python3 (found suitable version "3.10.12", minimum required is "3.6") 
[1.115s] -- Found python_cmake_module: 0.10.0 (/opt/ros/humble/share/python_cmake_module/cmake)
[1.137s] -- Found PythonLibs: /usr/lib/x86_64-linux-gnu/libpython3.10.so (found suitable version "3.10.12", minimum required is "3.5") 
[1.137s] -- Using PYTHON_EXECUTABLE: /usr/bin/python3
[1.137s] -- Using PYTHON_INCLUDE_DIRS: /usr/include/python3.10
[1.137s] -- Using PYTHON_LIBRARIES: /usr/lib/x86_64-linux-gnu/libpython3.10.so
[1.154s] -- Found PythonExtra: .so  
[1.180s] -- Configuring done
[1.195s] -- Generating done
[1.197s] [33mCMake Warning:
[1.197s]   Manually-specified variables were not used by the project:
[1.197s] 
[1.197s]     HUMBLE_ROS
[1.197s]     ROS_EDITION
[1.197s] 
[1.197s] [0m
[1.202s] -- Build files have been written to: /home/rama/Documents/code/Docker/moonshot_project/ros2_ws/build/moving_table_interfaces
[1.209s] Invoked command in '/home/rama/Documents/code/Docker/moonshot_project/ros2_ws/build/moving_table_interfaces' returned '0': CMAKE_PREFIX_PATH=${CMAKE_PREFIX_PATH}:/home/rama/Documents/code/Docker/moonshot_project/ros2_ws/install/moving_table_pkg:/opt/ros/humble /usr/bin/cmake /home/rama/Documents/code/Docker/moonshot_project/ros2_ws/src/moving_table_interfaces -DROS_EDITION=ROS2 -DHUMBLE_ROS=humble -DCMAKE_INSTALL_PREFIX=/home/rama/Documents/code/Docker/moonshot_project/ros2_ws/install/moving_table_interfaces
[1.210s] Invoking command in '/home/rama/Documents/code/Docker/moonshot_project/ros2_ws/build/moving_table_interfaces': CMAKE_PREFIX_PATH=${CMAKE_PREFIX_PATH}:/home/rama/Documents/code/Docker/moonshot_project/ros2_ws/install/moving_table_pkg:/opt/ros/humble /usr/bin/cmake --build /home/rama/Documents/code/Docker/moonshot_project/ros2_ws/build/moving_table_interfaces -- -j16 -l16
[1.236s] [  3%] [34m[1mGenerating C code for ROS interfaces[0m
[1.242s] [  6%] [34m[1mGenerating C++ code for ROS interfaces[0m
[1.247s] [  6%] Built target ament_cmake_python_copy_moving_table_interfaces
[1.413s] running egg_info
[1.413s] creating moving_table_interfaces.egg-info
[1.413s] writing moving_table_interfaces.egg-info/PKG-INFO
[1.413s] writing dependency_links to moving_table_interfaces.egg-info/dependency_links.txt
[1.414s] writing top-level names to moving_table_interfaces.egg-info/top_level.txt
[1.414s] writing manifest file 'moving_table_interfaces.egg-info/SOURCES.txt'
[1.416s] reading manifest file 'moving_table_interfaces.egg-info/SOURCES.txt'
[1.416s] writing manifest file 'moving_table_interfaces.egg-info/SOURCES.txt'
[1.445s] [  6%] Built target ament_cmake_python_build_moving_table_interfaces_egg
[1.520s] [  9%] [32mBuilding C object CMakeFiles/moving_table_interfaces__rosidl_generator_c.dir/rosidl_generator_c/moving_table_interfaces/srv/detail/moving_table__functions.c.o[0m
[1.540s] [  9%] Built target moving_table_interfaces__cpp
[1.547s] [ 19%] [34m[1mGenerating C++ introspection for ROS interfaces[0m
[1.547s] [ 19%] [34m[1mGenerating C++ type support dispatch for ROS interfaces[0m
[1.547s] [ 19%] [34m[1mGenerating C++ type support for eProsima Fast-RTPS[0m
[1.562s] [ 22%] [32m[1mLinking C shared library libmoving_table_interfaces__rosidl_generator_c.so[0m
[1.591s] [ 22%] Built target moving_table_interfaces__rosidl_generator_c
[1.598s] [ 25%] [34m[1mGenerating C introspection for ROS interfaces[0m
[1.598s] [ 29%] [34m[1mGenerating C type support dispatch for ROS interfaces[0m
[1.600s] [ 32%] [34m[1mGenerating C type support for eProsima Fast-RTPS[0m
[1.808s] [ 38%] [32mBuilding CXX object CMakeFiles/moving_table_interfaces__rosidl_typesupport_introspection_cpp.dir/rosidl_typesupport_introspection_cpp/moving_table_interfaces/srv/detail/moving_table__type_support.cpp.o[0m
[1.808s] [ 38%] [32mBuilding CXX object CMakeFiles/moving_table_interfaces__rosidl_typesupport_cpp.dir/rosidl_typesupport_cpp/moving_table_interfaces/srv/moving_table__type_support.cpp.o[0m
[1.848s] [ 41%] [32mBuilding CXX object CMakeFiles/moving_table_interfaces__rosidl_typesupport_c.dir/rosidl_typesupport_c/moving_table_interfaces/srv/moving_table__type_support.cpp.o[0m
[1.868s] [ 45%] [32mBuilding C object CMakeFiles/moving_table_interfaces__rosidl_typesupport_introspection_c.dir/rosidl_typesupport_introspection_c/moving_table_interfaces/srv/detail/moving_table__type_support.c.o[0m
[1.878s] [ 48%] [32m[1mLinking CXX shared library libmoving_table_interfaces__rosidl_typesupport_c.so[0m
[1.883s] [ 51%] [32mBuilding CXX object CMakeFiles/moving_table_interfaces__rosidl_typesupport_fastrtps_cpp.dir/rosidl_typesupport_fastrtps_cpp/moving_table_interfaces/srv/detail/dds_fastrtps/moving_table__type_support.cpp.o[0m
[1.895s] [ 54%] [32m[1mLinking C shared library libmoving_table_interfaces__rosidl_typesupport_introspection_c.so[0m
[1.909s] [ 54%] Built target moving_table_interfaces__rosidl_typesupport_c
[1.921s] [ 54%] Built target moving_table_interfaces__rosidl_typesupport_introspection_c
[1.936s] [ 58%] [32mBuilding CXX object CMakeFiles/moving_table_interfaces__rosidl_typesupport_fastrtps_c.dir/rosidl_typesupport_fastrtps_c/moving_table_interfaces/srv/detail/moving_table__type_support_c.cpp.o[0m
[2.069s] [ 61%] [32m[1mLinking CXX shared library libmoving_table_interfaces__rosidl_typesupport_cpp.so[0m
[2.101s] [ 61%] Built target moving_table_interfaces__rosidl_typesupport_cpp
[2.131s] [ 64%] [32m[1mLinking CXX shared library libmoving_table_interfaces__rosidl_typesupport_introspection_cpp.so[0m
[2.173s] [ 64%] Built target moving_table_interfaces__rosidl_typesupport_introspection_cpp
[2.195s] [ 67%] [32m[1mLinking CXX shared library libmoving_table_interfaces__rosidl_typesupport_fastrtps_cpp.so[0m
[2.196s] [ 70%] [32m[1mLinking CXX shared library libmoving_table_interfaces__rosidl_typesupport_fastrtps_c.so[0m
[2.243s] [ 70%] Built target moving_table_interfaces__rosidl_typesupport_fastrtps_cpp
[2.243s] [ 70%] Built target moving_table_interfaces__rosidl_typesupport_fastrtps_c
[2.256s] [ 70%] Built target moving_table_interfaces
[2.268s] [ 74%] [34m[1mGenerating Python code for ROS interfaces[0m
[2.622s] [ 74%] Built target moving_table_interfaces__py
[2.635s] [ 77%] [32mBuilding C object CMakeFiles/moving_table_interfaces__rosidl_generator_py.dir/rosidl_generator_py/moving_table_interfaces/srv/_moving_table_s.c.o[0m
[2.702s] [ 80%] [32m[1mLinking C shared library rosidl_generator_py/moving_table_interfaces/libmoving_table_interfaces__rosidl_generator_py.so[0m
[2.729s] [ 80%] Built target moving_table_interfaces__rosidl_generator_py
[2.743s] [ 83%] [32mBuilding C object CMakeFiles/moving_table_interfaces__rosidl_typesupport_introspection_c__pyext.dir/rosidl_generator_py/moving_table_interfaces/_moving_table_interfaces_s.ep.rosidl_typesupport_introspection_c.c.o[0m
[2.743s] [ 87%] [32mBuilding C object CMakeFiles/moving_table_interfaces__rosidl_typesupport_c__pyext.dir/rosidl_generator_py/moving_table_interfaces/_moving_table_interfaces_s.ep.rosidl_typesupport_c.c.o[0m
[2.743s] [ 90%] [32mBuilding C object CMakeFiles/moving_table_interfaces__rosidl_typesupport_fastrtps_c__pyext.dir/rosidl_generator_py/moving_table_interfaces/_moving_table_interfaces_s.ep.rosidl_typesupport_fastrtps_c.c.o[0m
[2.802s] [ 93%] [32m[1mLinking C shared library rosidl_generator_py/moving_table_interfaces/moving_table_interfaces_s__rosidl_typesupport_c.cpython-310-x86_64-linux-gnu.so[0m
[2.802s] [ 96%] [32m[1mLinking C shared library rosidl_generator_py/moving_table_interfaces/moving_table_interfaces_s__rosidl_typesupport_introspection_c.cpython-310-x86_64-linux-gnu.so[0m
[2.803s] [100%] [32m[1mLinking C shared library rosidl_generator_py/moving_table_interfaces/moving_table_interfaces_s__rosidl_typesupport_fastrtps_c.cpython-310-x86_64-linux-gnu.so[0m
[2.825s] [100%] Built target moving_table_interfaces__rosidl_typesupport_c__pyext
[2.825s] [100%] Built target moving_table_interfaces__rosidl_typesupport_introspection_c__pyext
[2.825s] [100%] Built target moving_table_interfaces__rosidl_typesupport_fastrtps_c__pyext
[2.833s] Invoked command in '/home/rama/Documents/code/Docker/moonshot_project/ros2_ws/build/moving_table_interfaces' returned '0': CMAKE_PREFIX_PATH=${CMAKE_PREFIX_PATH}:/home/rama/Documents/code/Docker/moonshot_project/ros2_ws/install/moving_table_pkg:/opt/ros/humble /usr/bin/cmake --build /home/rama/Documents/code/Docker/moonshot_project/ros2_ws/build/moving_table_interfaces -- -j16 -l16
[2.834s] Invoking command in '/home/rama/Documents/code/Docker/moonshot_project/ros2_ws/build/moving_table_interfaces': CMAKE_PREFIX_PATH=${CMAKE_PREFIX_PATH}:/home/rama/Documents/code/Docker/moonshot_project/ros2_ws/install/moving_table_pkg:/opt/ros/humble /usr/bin/cmake --install /home/rama/Documents/code/Docker/moonshot_project/ros2_ws/build/moving_table_interfaces
[2.839s] -- Install configuration: ""
[2.839s] -- Installing: /home/rama/Documents/code/Docker/moonshot_project/ros2_ws/install/moving_table_interfaces/share/ament_index/resource_index/rosidl_interfaces/moving_table_interfaces
[2.840s] -- Installing: /home/rama/Documents/code/Docker/moonshot_project/ros2_ws/install/moving_table_interfaces/include/moving_table_interfaces/moving_table_interfaces
[2.840s] -- Installing: /home/rama/Documents/code/Docker/moonshot_project/ros2_ws/install/moving_table_interfaces/include/moving_table_interfaces/moving_table_interfaces/srv
[2.840s] -- Installing: /home/rama/Documents/code/Docker/moonshot_project/ros2_ws/install/moving_table_interfaces/include/moving_table_interfaces/moving_table_interfaces/srv/moving_table.h
[2.840s] -- Installing: /home/rama/Documents/code/Docker/moonshot_project/ros2_ws/install/moving_table_interfaces/include/moving_table_interfaces/moving_table_interfaces/srv/detail
[2.840s] -- Installing: /home/rama/Documents/code/Docker/moonshot_project/ros2_ws/install/moving_table_interfaces/include/moving_table_interfaces/moving_table_interfaces/srv/detail/moving_table__functions.h
[2.840s] -- Installing: /home/rama/Documents/code/Docker/moonshot_project/ros2_ws/install/moving_table_interfaces/include/moving_table_interfaces/moving_table_interfaces/srv/detail/moving_table__functions.c
[2.840s] -- Installing: /home/rama/Documents/code/Docker/moonshot_project/ros2_ws/install/moving_table_interfaces/include/moving_table_interfaces/moving_table_interfaces/srv/detail/moving_table__type_support.h
[2.840s] -- Installing: /home/rama/Documents/code/Docker/moonshot_project/ros2_ws/install/moving_table_interfaces/include/moving_table_interfaces/moving_table_interfaces/srv/detail/moving_table__struct.h
[2.840s] -- Installing: /home/rama/Documents/code/Docker/moonshot_project/ros2_ws/install/moving_table_interfaces/include/moving_table_interfaces/moving_table_interfaces/msg
[2.840s] -- Installing: /home/rama/Documents/code/Docker/moonshot_project/ros2_ws/install/moving_table_interfaces/include/moving_table_interfaces/moving_table_interfaces/msg/rosidl_generator_c__visibility_control.h
[2.840s] -- Installing: /home/rama/Documents/code/Docker/moonshot_project/ros2_ws/install/moving_table_interfaces/share/moving_table_interfaces/environment/library_path.sh
[2.840s] -- Installing: /home/rama/Documents/code/Docker/moonshot_project/ros2_ws/install/moving_table_interfaces/share/moving_table_interfaces/environment/library_path.dsv
[2.840s] -- Installing: /home/rama/Documents/code/Docker/moonshot_project/ros2_ws/install/moving_table_interfaces/lib/libmoving_table_interfaces__rosidl_generator_c.so
[2.840s] -- Set runtime path of "/home/rama/Documents/code/Docker/moonshot_project/ros2_ws/install/moving_table_interfaces/lib/libmoving_table_interfaces__rosidl_generator_c.so" to ""
[2.840s] -- Up-to-date: /home/rama/Documents/code/Docker/moonshot_project/ros2_ws/install/moving_table_interfaces/include/moving_table_interfaces/moving_table_interfaces
[2.840s] -- Up-to-date: /home/rama/Documents/code/Docker/moonshot_project/ros2_ws/install/moving_table_interfaces/include/moving_table_interfaces/moving_table_interfaces/srv
[2.841s] -- Up-to-date: /home/rama/Documents/code/Docker/moonshot_project/ros2_ws/install/moving_table_interfaces/include/moving_table_interfaces/moving_table_interfaces/srv/detail
[2.841s] -- Installing: /home/rama/Documents/code/Docker/moonshot_project/ros2_ws/install/moving_table_interfaces/include/moving_table_interfaces/moving_table_interfaces/srv/detail/moving_table__rosidl_typesupport_fastrtps_c.h
[2.841s] -- Up-to-date: /home/rama/Documents/code/Docker/moonshot_project/ros2_ws/install/moving_table_interfaces/include/moving_table_interfaces/moving_table_interfaces/msg
[2.841s] -- Installing: /home/rama/Documents/code/Docker/moonshot_project/ros2_ws/install/moving_table_interfaces/include/moving_table_interfaces/moving_table_interfaces/msg/rosidl_typesupport_fastrtps_c__visibility_control.h
[2.841s] -- Installing: /home/rama/Documents/code/Docker/moonshot_project/ros2_ws/install/moving_table_interfaces/lib/libmoving_table_interfaces__rosidl_typesupport_fastrtps_c.so
[2.841s] -- Set runtime path of "/home/rama/Documents/code/Docker/moonshot_project/ros2_ws/install/moving_table_interfaces/lib/libmoving_table_interfaces__rosidl_typesupport_fastrtps_c.so" to ""
[2.841s] -- Up-to-date: /home/rama/Documents/code/Docker/moonshot_project/ros2_ws/install/moving_table_interfaces/include/moving_table_interfaces/moving_table_interfaces
[2.841s] -- Up-to-date: /home/rama/Documents/code/Docker/moonshot_project/ros2_ws/install/moving_table_interfaces/include/moving_table_interfaces/moving_table_interfaces/srv
[2.841s] -- Up-to-date: /home/rama/Documents/code/Docker/moonshot_project/ros2_ws/install/moving_table_interfaces/include/moving_table_interfaces/moving_table_interfaces/srv/detail
[2.841s] -- Installing: /home/rama/Documents/code/Docker/moonshot_project/ros2_ws/install/moving_table_interfaces/include/moving_table_interfaces/moving_table_interfaces/srv/detail/moving_table__type_support.c
[2.841s] -- Installing: /home/rama/Documents/code/Docker/moonshot_project/ros2_ws/install/moving_table_interfaces/include/moving_table_interfaces/moving_table_interfaces/srv/detail/moving_table__rosidl_typesupport_introspection_c.h
[2.841s] -- Up-to-date: /home/rama/Documents/code/Docker/moonshot_project/ros2_ws/install/moving_table_interfaces/include/moving_table_interfaces/moving_table_interfaces/msg
[2.841s] -- Installing: /home/rama/Documents/code/Docker/moonshot_project/ros2_ws/install/moving_table_interfaces/include/moving_table_interfaces/moving_table_interfaces/msg/rosidl_typesupport_introspection_c__visibility_control.h
[2.841s] -- Installing: /home/rama/Documents/code/Docker/moonshot_project/ros2_ws/install/moving_table_interfaces/lib/libmoving_table_interfaces__rosidl_typesupport_introspection_c.so
[2.841s] -- Set runtime path of "/home/rama/Documents/code/Docker/moonshot_project/ros2_ws/install/moving_table_interfaces/lib/libmoving_table_interfaces__rosidl_typesupport_introspection_c.so" to ""
[2.841s] -- Installing: /home/rama/Documents/code/Docker/moonshot_project/ros2_ws/install/moving_table_interfaces/lib/libmoving_table_interfaces__rosidl_typesupport_c.so
[2.841s] -- Set runtime path of "/home/rama/Documents/code/Docker/moonshot_project/ros2_ws/install/moving_table_interfaces/lib/libmoving_table_interfaces__rosidl_typesupport_c.so" to ""
[2.841s] -- Up-to-date: /home/rama/Documents/code/Docker/moonshot_project/ros2_ws/install/moving_table_interfaces/include/moving_table_interfaces/moving_table_interfaces
[2.841s] -- Up-to-date: /home/rama/Documents/code/Docker/moonshot_project/ros2_ws/install/moving_table_interfaces/include/moving_table_interfaces/moving_table_interfaces/srv
[2.842s] -- Installing: /home/rama/Documents/code/Docker/moonshot_project/ros2_ws/install/moving_table_interfaces/include/moving_table_interfaces/moving_table_interfaces/srv/moving_table.hpp
[2.842s] -- Up-to-date: /home/rama/Documents/code/Docker/moonshot_project/ros2_ws/install/moving_table_interfaces/include/moving_table_interfaces/moving_table_interfaces/srv/detail
[2.842s] -- Installing: /home/rama/Documents/code/Docker/moonshot_project/ros2_ws/install/moving_table_interfaces/include/moving_table_interfaces/moving_table_interfaces/srv/detail/moving_table__builder.hpp
[2.842s] -- Installing: /home/rama/Documents/code/Docker/moonshot_project/ros2_ws/install/moving_table_interfaces/include/moving_table_interfaces/moving_table_interfaces/srv/detail/moving_table__struct.hpp
[2.842s] -- Installing: /home/rama/Documents/code/Docker/moonshot_project/ros2_ws/install/moving_table_interfaces/include/moving_table_interfaces/moving_table_interfaces/srv/detail/moving_table__traits.hpp
[2.842s] -- Installing: /home/rama/Documents/code/Docker/moonshot_project/ros2_ws/install/moving_table_interfaces/include/moving_table_interfaces/moving_table_interfaces/srv/detail/moving_table__type_support.hpp
[2.842s] -- Up-to-date: /home/rama/Documents/code/Docker/moonshot_project/ros2_ws/install/moving_table_interfaces/include/moving_table_interfaces/moving_table_interfaces/msg
[2.842s] -- Installing: /home/rama/Documents/code/Docker/moonshot_project/ros2_ws/install/moving_table_interfaces/include/moving_table_interfaces/moving_table_interfaces/msg/rosidl_generator_cpp__visibility_control.hpp
[2.842s] -- Up-to-date: /home/rama/Documents/code/Docker/moonshot_project/ros2_ws/install/moving_table_interfaces/include/moving_table_interfaces/moving_table_interfaces
[2.842s] -- Up-to-date: /home/rama/Documents/code/Docker/moonshot_project/ros2_ws/install/moving_table_interfaces/include/moving_table_interfaces/moving_table_interfaces/srv
[2.842s] -- Up-to-date: /home/rama/Documents/code/Docker/moonshot_project/ros2_ws/install/moving_table_interfaces/include/moving_table_interfaces/moving_table_interfaces/srv/detail
[2.842s] -- Installing: /home/rama/Documents/code/Docker/moonshot_project/ros2_ws/install/moving_table_interfaces/include/moving_table_interfaces/moving_table_interfaces/srv/detail/moving_table__rosidl_typesupport_fastrtps_cpp.hpp
[2.842s] -- Installing: /home/rama/Documents/code/Docker/moonshot_project/ros2_ws/install/moving_table_interfaces/include/moving_table_interfaces/moving_table_interfaces/srv/detail/dds_fastrtps
[2.842s] -- Up-to-date: /home/rama/Documents/code/Docker/moonshot_project/ros2_ws/install/moving_table_interfaces/include/moving_table_interfaces/moving_table_interfaces/msg
[2.842s] -- Installing: /home/rama/Documents/code/Docker/moonshot_project/ros2_ws/install/moving_table_interfaces/include/moving_table_interfaces/moving_table_interfaces/msg/rosidl_typesupport_fastrtps_cpp__visibility_control.h
[2.842s] -- Installing: /home/rama/Documents/code/Docker/moonshot_project/ros2_ws/install/moving_table_interfaces/lib/libmoving_table_interfaces__rosidl_typesupport_fastrtps_cpp.so
[2.842s] -- Set runtime path of "/home/rama/Documents/code/Docker/moonshot_project/ros2_ws/install/moving_table_interfaces/lib/libmoving_table_interfaces__rosidl_typesupport_fastrtps_cpp.so" to ""
[2.842s] -- Up-to-date: /home/rama/Documents/code/Docker/moonshot_project/ros2_ws/install/moving_table_interfaces/include/moving_table_interfaces/moving_table_interfaces
[2.842s] -- Up-to-date: /home/rama/Documents/code/Docker/moonshot_project/ros2_ws/install/moving_table_interfaces/include/moving_table_interfaces/moving_table_interfaces/srv
[2.842s] -- Up-to-date: /home/rama/Documents/code/Docker/moonshot_project/ros2_ws/install/moving_table_interfaces/include/moving_table_interfaces/moving_table_interfaces/srv/detail
[2.842s] -- Installing: /home/rama/Documents/code/Docker/moonshot_project/ros2_ws/install/moving_table_interfaces/include/moving_table_interfaces/moving_table_interfaces/srv/detail/moving_table__rosidl_typesupport_introspection_cpp.hpp
[2.842s] -- Installing: /home/rama/Documents/code/Docker/moonshot_project/ros2_ws/install/moving_table_interfaces/include/moving_table_interfaces/moving_table_interfaces/srv/detail/moving_table__type_support.cpp
[2.842s] -- Installing: /home/rama/Documents/code/Docker/moonshot_project/ros2_ws/install/moving_table_interfaces/lib/libmoving_table_interfaces__rosidl_typesupport_introspection_cpp.so
[2.843s] -- Set runtime path of "/home/rama/Documents/code/Docker/moonshot_project/ros2_ws/install/moving_table_interfaces/lib/libmoving_table_interfaces__rosidl_typesupport_introspection_cpp.so" to ""
[2.843s] -- Installing: /home/rama/Documents/code/Docker/moonshot_project/ros2_ws/install/moving_table_interfaces/lib/libmoving_table_interfaces__rosidl_typesupport_cpp.so
[2.843s] -- Set runtime path of "/home/rama/Documents/code/Docker/moonshot_project/ros2_ws/install/moving_table_interfaces/lib/libmoving_table_interfaces__rosidl_typesupport_cpp.so" to ""
[2.843s] -- Installing: /home/rama/Documents/code/Docker/moonshot_project/ros2_ws/install/moving_table_interfaces/share/moving_table_interfaces/environment/pythonpath.sh
[2.843s] -- Installing: /home/rama/Documents/code/Docker/moonshot_project/ros2_ws/install/moving_table_interfaces/share/moving_table_interfaces/environment/pythonpath.dsv
[2.843s] -- Installing: /home/rama/Documents/code/Docker/moonshot_project/ros2_ws/install/moving_table_interfaces/local/lib/python3.10/dist-packages/moving_table_interfaces-0.0.0-py3.10.egg-info
[2.843s] -- Installing: /home/rama/Documents/code/Docker/moonshot_project/ros2_ws/install/moving_table_interfaces/local/lib/python3.10/dist-packages/moving_table_interfaces-0.0.0-py3.10.egg-info/dependency_links.txt
[2.843s] -- Installing: /home/rama/Documents/code/Docker/moonshot_project/ros2_ws/install/moving_table_interfaces/local/lib/python3.10/dist-packages/moving_table_interfaces-0.0.0-py3.10.egg-info/SOURCES.txt
[2.843s] -- Installing: /home/rama/Documents/code/Docker/moonshot_project/ros2_ws/install/moving_table_interfaces/local/lib/python3.10/dist-packages/moving_table_interfaces-0.0.0-py3.10.egg-info/top_level.txt
[2.843s] -- Installing: /home/rama/Documents/code/Docker/moonshot_project/ros2_ws/install/moving_table_interfaces/local/lib/python3.10/dist-packages/moving_table_interfaces-0.0.0-py3.10.egg-info/PKG-INFO
[2.843s] -- Installing: /home/rama/Documents/code/Docker/moonshot_project/ros2_ws/install/moving_table_interfaces/local/lib/python3.10/dist-packages/moving_table_interfaces
[2.843s] -- Installing: /home/rama/Documents/code/Docker/moonshot_project/ros2_ws/install/moving_table_interfaces/local/lib/python3.10/dist-packages/moving_table_interfaces/moving_table_interfaces_s__rosidl_typesupport_introspection_c.cpython-310-x86_64-linux-gnu.so
[2.843s] -- Installing: /home/rama/Documents/code/Docker/moonshot_project/ros2_ws/install/moving_table_interfaces/local/lib/python3.10/dist-packages/moving_table_interfaces/_moving_table_interfaces_s.ep.rosidl_typesupport_introspection_c.c
[2.843s] -- Installing: /home/rama/Documents/code/Docker/moonshot_project/ros2_ws/install/moving_table_interfaces/local/lib/python3.10/dist-packages/moving_table_interfaces/moving_table_interfaces_s__rosidl_typesupport_c.cpython-310-x86_64-linux-gnu.so
[2.843s] -- Installing: /home/rama/Documents/code/Docker/moonshot_project/ros2_ws/install/moving_table_interfaces/local/lib/python3.10/dist-packages/moving_table_interfaces/_moving_table_interfaces_s.ep.rosidl_typesupport_fastrtps_c.c
[2.843s] -- Installing: /home/rama/Documents/code/Docker/moonshot_project/ros2_ws/install/moving_table_interfaces/local/lib/python3.10/dist-packages/moving_table_interfaces/srv
[2.843s] -- Installing: /home/rama/Documents/code/Docker/moonshot_project/ros2_ws/install/moving_table_interfaces/local/lib/python3.10/dist-packages/moving_table_interfaces/srv/_moving_table_s.c
[2.844s] -- Installing: /home/rama/Documents/code/Docker/moonshot_project/ros2_ws/install/moving_table_interfaces/local/lib/python3.10/dist-packages/moving_table_interfaces/srv/_moving_table.py
[2.844s] -- Installing: /home/rama/Documents/code/Docker/moonshot_project/ros2_ws/install/moving_table_interfaces/local/lib/python3.10/dist-packages/moving_table_interfaces/srv/__init__.py
[2.844s] -- Installing: /home/rama/Documents/code/Docker/moonshot_project/ros2_ws/install/moving_table_interfaces/local/lib/python3.10/dist-packages/moving_table_interfaces/_moving_table_interfaces_s.ep.rosidl_typesupport_c.c
[2.844s] -- Installing: /home/rama/Documents/code/Docker/moonshot_project/ros2_ws/install/moving_table_interfaces/local/lib/python3.10/dist-packages/moving_table_interfaces/moving_table_interfaces_s__rosidl_typesupport_fastrtps_c.cpython-310-x86_64-linux-gnu.so
[2.844s] -- Installing: /home/rama/Documents/code/Docker/moonshot_project/ros2_ws/install/moving_table_interfaces/local/lib/python3.10/dist-packages/moving_table_interfaces/libmoving_table_interfaces__rosidl_generator_py.so
[2.844s] -- Installing: /home/rama/Documents/code/Docker/moonshot_project/ros2_ws/install/moving_table_interfaces/local/lib/python3.10/dist-packages/moving_table_interfaces/__init__.py
[2.868s] Listing '/home/rama/Documents/code/Docker/moonshot_project/ros2_ws/install/moving_table_interfaces/local/lib/python3.10/dist-packages/moving_table_interfaces'...
[2.868s] Compiling '/home/rama/Documents/code/Docker/moonshot_project/ros2_ws/install/moving_table_interfaces/local/lib/python3.10/dist-packages/moving_table_interfaces/__init__.py'...
[2.868s] Listing '/home/rama/Documents/code/Docker/moonshot_project/ros2_ws/install/moving_table_interfaces/local/lib/python3.10/dist-packages/moving_table_interfaces/srv'...
[2.868s] Compiling '/home/rama/Documents/code/Docker/moonshot_project/ros2_ws/install/moving_table_interfaces/local/lib/python3.10/dist-packages/moving_table_interfaces/srv/__init__.py'...
[2.868s] Compiling '/home/rama/Documents/code/Docker/moonshot_project/ros2_ws/install/moving_table_interfaces/local/lib/python3.10/dist-packages/moving_table_interfaces/srv/_moving_table.py'...
[2.871s] -- Installing: /home/rama/Documents/code/Docker/moonshot_project/ros2_ws/install/moving_table_interfaces/local/lib/python3.10/dist-packages/moving_table_interfaces/moving_table_interfaces_s__rosidl_typesupport_fastrtps_c.cpython-310-x86_64-linux-gnu.so
[2.871s] -- Set runtime path of "/home/rama/Documents/code/Docker/moonshot_project/ros2_ws/install/moving_table_interfaces/local/lib/python3.10/dist-packages/moving_table_interfaces/moving_table_interfaces_s__rosidl_typesupport_fastrtps_c.cpython-310-x86_64-linux-gnu.so" to ""
[2.871s] -- Installing: /home/rama/Documents/code/Docker/moonshot_project/ros2_ws/install/moving_table_interfaces/local/lib/python3.10/dist-packages/moving_table_interfaces/moving_table_interfaces_s__rosidl_typesupport_introspection_c.cpython-310-x86_64-linux-gnu.so
[2.871s] -- Set runtime path of "/home/rama/Documents/code/Docker/moonshot_project/ros2_ws/install/moving_table_interfaces/local/lib/python3.10/dist-packages/moving_table_interfaces/moving_table_interfaces_s__rosidl_typesupport_introspection_c.cpython-310-x86_64-linux-gnu.so" to ""
[2.872s] -- Installing: /home/rama/Documents/code/Docker/moonshot_project/ros2_ws/install/moving_table_interfaces/local/lib/python3.10/dist-packages/moving_table_interfaces/moving_table_interfaces_s__rosidl_typesupport_c.cpython-310-x86_64-linux-gnu.so
[2.872s] -- Set runtime path of "/home/rama/Documents/code/Docker/moonshot_project/ros2_ws/install/moving_table_interfaces/local/lib/python3.10/dist-packages/moving_table_interfaces/moving_table_interfaces_s__rosidl_typesupport_c.cpython-310-x86_64-linux-gnu.so" to ""
[2.872s] -- Installing: /home/rama/Documents/code/Docker/moonshot_project/ros2_ws/install/moving_table_interfaces/lib/libmoving_table_interfaces__rosidl_generator_py.so
[2.872s] -- Set runtime path of "/home/rama/Documents/code/Docker/moonshot_project/ros2_ws/install/moving_table_interfaces/lib/libmoving_table_interfaces__rosidl_generator_py.so" to ""
[2.872s] -- Installing: /home/rama/Documents/code/Docker/moonshot_project/ros2_ws/install/moving_table_interfaces/share/moving_table_interfaces/srv/MovingTable.idl
[2.872s] -- Installing: /home/rama/Documents/code/Docker/moonshot_project/ros2_ws/install/moving_table_interfaces/share/moving_table_interfaces/srv/MovingTable.srv
[2.872s] -- Installing: /home/rama/Documents/code/Docker/moonshot_project/ros2_ws/install/moving_table_interfaces/share/moving_table_interfaces/srv/MovingTable_Request.msg
[2.872s] -- Installing: /home/rama/Documents/code/Docker/moonshot_project/ros2_ws/install/moving_table_interfaces/share/moving_table_interfaces/srv/MovingTable_Response.msg
[2.872s] -- Installing: /home/rama/Documents/code/Docker/moonshot_project/ros2_ws/install/moving_table_interfaces/share/ament_index/resource_index/package_run_dependencies/moving_table_interfaces
[2.872s] -- Installing: /home/rama/Documents/code/Docker/moonshot_project/ros2_ws/install/moving_table_interfaces/share/ament_index/resource_index/parent_prefix_path/moving_table_interfaces
[2.872s] -- Installing: /home/rama/Documents/code/Docker/moonshot_project/ros2_ws/install/moving_table_interfaces/share/moving_table_interfaces/environment/ament_prefix_path.sh
[2.872s] -- Installing: /home/rama/Documents/code/Docker/moonshot_project/ros2_ws/install/moving_table_interfaces/share/moving_table_interfaces/environment/ament_prefix_path.dsv
[2.872s] -- Installing: /home/rama/Documents/code/Docker/moonshot_project/ros2_ws/install/moving_table_interfaces/share/moving_table_interfaces/environment/path.sh
[2.873s] -- Installing: /home/rama/Documents/code/Docker/moonshot_project/ros2_ws/install/moving_table_interfaces/share/moving_table_interfaces/environment/path.dsv
[2.873s] -- Installing: /home/rama/Documents/code/Docker/moonshot_project/ros2_ws/install/moving_table_interfaces/share/moving_table_interfaces/local_setup.bash
[2.873s] -- Installing: /home/rama/Documents/code/Docker/moonshot_project/ros2_ws/install/moving_table_interfaces/share/moving_table_interfaces/local_setup.sh
[2.873s] -- Installing: /home/rama/Documents/code/Docker/moonshot_project/ros2_ws/install/moving_table_interfaces/share/moving_table_interfaces/local_setup.zsh
[2.873s] -- Installing: /home/rama/Documents/code/Docker/moonshot_project/ros2_ws/install/moving_table_interfaces/share/moving_table_interfaces/local_setup.dsv
[2.873s] -- Installing: /home/rama/Documents/code/Docker/moonshot_project/ros2_ws/install/moving_table_interfaces/share/moving_table_interfaces/package.dsv
[2.873s] -- Installing: /home/rama/Documents/code/Docker/moonshot_project/ros2_ws/install/moving_table_interfaces/share/ament_index/resource_index/packages/moving_table_interfaces
[2.873s] -- Installing: /home/rama/Documents/code/Docker/moonshot_project/ros2_ws/install/moving_table_interfaces/share/moving_table_interfaces/cmake/export_moving_table_interfaces__rosidl_generator_cExport.cmake
[2.873s] -- Installing: /home/rama/Documents/code/Docker/moonshot_project/ros2_ws/install/moving_table_interfaces/share/moving_table_interfaces/cmake/export_moving_table_interfaces__rosidl_generator_cExport-noconfig.cmake
[2.873s] -- Installing: /home/rama/Documents/code/Docker/moonshot_project/ros2_ws/install/moving_table_interfaces/share/moving_table_interfaces/cmake/export_moving_table_interfaces__rosidl_typesupport_fastrtps_cExport.cmake
[2.873s] -- Installing: /home/rama/Documents/code/Docker/moonshot_project/ros2_ws/install/moving_table_interfaces/share/moving_table_interfaces/cmake/export_moving_table_interfaces__rosidl_typesupport_fastrtps_cExport-noconfig.cmake
[2.873s] -- Installing: /home/rama/Documents/code/Docker/moonshot_project/ros2_ws/install/moving_table_interfaces/share/moving_table_interfaces/cmake/moving_table_interfaces__rosidl_typesupport_introspection_cExport.cmake
[2.873s] -- Installing: /home/rama/Documents/code/Docker/moonshot_project/ros2_ws/install/moving_table_interfaces/share/moving_table_interfaces/cmake/moving_table_interfaces__rosidl_typesupport_introspection_cExport-noconfig.cmake
[2.873s] -- Installing: /home/rama/Documents/code/Docker/moonshot_project/ros2_ws/install/moving_table_interfaces/share/moving_table_interfaces/cmake/moving_table_interfaces__rosidl_typesupport_cExport.cmake
[2.874s] -- Installing: /home/rama/Documents/code/Docker/moonshot_project/ros2_ws/install/moving_table_interfaces/share/moving_table_interfaces/cmake/moving_table_interfaces__rosidl_typesupport_cExport-noconfig.cmake
[2.874s] -- Installing: /home/rama/Documents/code/Docker/moonshot_project/ros2_ws/install/moving_table_interfaces/share/moving_table_interfaces/cmake/export_moving_table_interfaces__rosidl_generator_cppExport.cmake
[2.874s] -- Installing: /home/rama/Documents/code/Docker/moonshot_project/ros2_ws/install/moving_table_interfaces/share/moving_table_interfaces/cmake/export_moving_table_interfaces__rosidl_typesupport_fastrtps_cppExport.cmake
[2.874s] -- Installing: /home/rama/Documents/code/Docker/moonshot_project/ros2_ws/install/moving_table_interfaces/share/moving_table_interfaces/cmake/export_moving_table_interfaces__rosidl_typesupport_fastrtps_cppExport-noconfig.cmake
[2.874s] -- Installing: /home/rama/Documents/code/Docker/moonshot_project/ros2_ws/install/moving_table_interfaces/share/moving_table_interfaces/cmake/moving_table_interfaces__rosidl_typesupport_introspection_cppExport.cmake
[2.874s] -- Installing: /home/rama/Documents/code/Docker/moonshot_project/ros2_ws/install/moving_table_interfaces/share/moving_table_interfaces/cmake/moving_table_interfaces__rosidl_typesupport_introspection_cppExport-noconfig.cmake
[2.874s] -- Installing: /home/rama/Documents/code/Docker/moonshot_project/ros2_ws/install/moving_table_interfaces/share/moving_table_interfaces/cmake/moving_table_interfaces__rosidl_typesupport_cppExport.cmake
[2.874s] -- Installing: /home/rama/Documents/code/Docker/moonshot_project/ros2_ws/install/moving_table_interfaces/share/moving_table_interfaces/cmake/moving_table_interfaces__rosidl_typesupport_cppExport-noconfig.cmake
[2.874s] -- Installing: /home/rama/Documents/code/Docker/moonshot_project/ros2_ws/install/moving_table_interfaces/share/moving_table_interfaces/cmake/export_moving_table_interfaces__rosidl_generator_pyExport.cmake
[2.874s] -- Installing: /home/rama/Documents/code/Docker/moonshot_project/ros2_ws/install/moving_table_interfaces/share/moving_table_interfaces/cmake/export_moving_table_interfaces__rosidl_generator_pyExport-noconfig.cmake
[2.874s] -- Installing: /home/rama/Documents/code/Docker/moonshot_project/ros2_ws/install/moving_table_interfaces/share/moving_table_interfaces/cmake/rosidl_cmake-extras.cmake
[2.874s] -- Installing: /home/rama/Documents/code/Docker/moonshot_project/ros2_ws/install/moving_table_interfaces/share/moving_table_interfaces/cmake/ament_cmake_export_include_directories-extras.cmake
[2.874s] -- Installing: /home/rama/Documents/code/Docker/moonshot_project/ros2_ws/install/moving_table_interfaces/share/moving_table_interfaces/cmake/ament_cmake_export_libraries-extras.cmake
[2.874s] -- Installing: /home/rama/Documents/code/Docker/moonshot_project/ros2_ws/install/moving_table_interfaces/share/moving_table_interfaces/cmake/ament_cmake_export_targets-extras.cmake
[2.874s] -- Installing: /home/rama/Documents/code/Docker/moonshot_project/ros2_ws/install/moving_table_interfaces/share/moving_table_interfaces/cmake/rosidl_cmake_export_typesupport_targets-extras.cmake
[2.875s] -- Installing: /home/rama/Documents/code/Docker/moonshot_project/ros2_ws/install/moving_table_interfaces/share/moving_table_interfaces/cmake/ament_cmake_export_dependencies-extras.cmake
[2.875s] -- Installing: /home/rama/Documents/code/Docker/moonshot_project/ros2_ws/install/moving_table_interfaces/share/moving_table_interfaces/cmake/rosidl_cmake_export_typesupport_libraries-extras.cmake
[2.875s] -- Installing: /home/rama/Documents/code/Docker/moonshot_project/ros2_ws/install/moving_table_interfaces/share/moving_table_interfaces/cmake/moving_table_interfacesConfig.cmake
[2.875s] -- Installing: /home/rama/Documents/code/Docker/moonshot_project/ros2_ws/install/moving_table_interfaces/share/moving_table_interfaces/cmake/moving_table_interfacesConfig-version.cmake
[2.875s] -- Installing: /home/rama/Documents/code/Docker/moonshot_project/ros2_ws/install/moving_table_interfaces/share/moving_table_interfaces/package.xml
[2.877s] Invoked command in '/home/rama/Documents/code/Docker/moonshot_project/ros2_ws/build/moving_table_interfaces' returned '0': CMAKE_PREFIX_PATH=${CMAKE_PREFIX_PATH}:/home/rama/Documents/code/Docker/moonshot_project/ros2_ws/install/moving_table_pkg:/opt/ros/humble /usr/bin/cmake --install /home/rama/Documents/code/Docker/moonshot_project/ros2_ws/build/moving_table_interfaces
