running egg_info
creating ../../build/moving_table_pkg/moving_table_pkg.egg-info
writing ../../build/moving_table_pkg/moving_table_pkg.egg-info/PKG-INFO
writing dependency_links to ../../build/moving_table_pkg/moving_table_pkg.egg-info/dependency_links.txt
writing entry points to ../../build/moving_table_pkg/moving_table_pkg.egg-info/entry_points.txt
writing requirements to ../../build/moving_table_pkg/moving_table_pkg.egg-info/requires.txt
writing top-level names to ../../build/moving_table_pkg/moving_table_pkg.egg-info/top_level.txt
writing manifest file '../../build/moving_table_pkg/moving_table_pkg.egg-info/SOURCES.txt'
reading manifest file '../../build/moving_table_pkg/moving_table_pkg.egg-info/SOURCES.txt'
writing manifest file '../../build/moving_table_pkg/moving_table_pkg.egg-info/SOURCES.txt'
running build
running build_py
creating /home/rama/Documents/code/Docker/moonshot_project/ros2_ws/build/moving_table_pkg/build
creating /home/rama/Documents/code/Docker/moonshot_project/ros2_ws/build/moving_table_pkg/build/lib
creating /home/rama/Documents/code/Docker/moonshot_project/ros2_ws/build/moving_table_pkg/build/lib/moving_table_pkg
copying moving_table_pkg/dual_table_controller.py -> /home/rama/Documents/code/Docker/moonshot_project/ros2_ws/build/moving_table_pkg/build/lib/moving_table_pkg
copying moving_table_pkg/__init__.py -> /home/rama/Documents/code/Docker/moonshot_project/ros2_ws/build/moving_table_pkg/build/lib/moving_table_pkg
creating /home/rama/Documents/code/Docker/moonshot_project/ros2_ws/build/moving_table_pkg/build/lib/moving_table
copying moving_table/moving_table.py -> /home/rama/Documents/code/Docker/moonshot_project/ros2_ws/build/moving_table_pkg/build/lib/moving_table
copying moving_table/oml_mrtu.py -> /home/rama/Documents/code/Docker/moonshot_project/ros2_ws/build/moving_table_pkg/build/lib/moving_table
copying moving_table/__init__.py -> /home/rama/Documents/code/Docker/moonshot_project/ros2_ws/build/moving_table_pkg/build/lib/moving_table
running install
running install_lib
creating /home/rama/Documents/code/Docker/moonshot_project/ros2_ws/install/moving_table_pkg/lib/python3.10/site-packages/moving_table_pkg
copying /home/rama/Documents/code/Docker/moonshot_project/ros2_ws/build/moving_table_pkg/build/lib/moving_table_pkg/dual_table_controller.py -> /home/rama/Documents/code/Docker/moonshot_project/ros2_ws/install/moving_table_pkg/lib/python3.10/site-packages/moving_table_pkg
copying /home/rama/Documents/code/Docker/moonshot_project/ros2_ws/build/moving_table_pkg/build/lib/moving_table_pkg/__init__.py -> /home/rama/Documents/code/Docker/moonshot_project/ros2_ws/install/moving_table_pkg/lib/python3.10/site-packages/moving_table_pkg
creating /home/rama/Documents/code/Docker/moonshot_project/ros2_ws/install/moving_table_pkg/lib/python3.10/site-packages/moving_table
copying /home/rama/Documents/code/Docker/moonshot_project/ros2_ws/build/moving_table_pkg/build/lib/moving_table/moving_table.py -> /home/rama/Documents/code/Docker/moonshot_project/ros2_ws/install/moving_table_pkg/lib/python3.10/site-packages/moving_table
copying /home/rama/Documents/code/Docker/moonshot_project/ros2_ws/build/moving_table_pkg/build/lib/moving_table/oml_mrtu.py -> /home/rama/Documents/code/Docker/moonshot_project/ros2_ws/install/moving_table_pkg/lib/python3.10/site-packages/moving_table
copying /home/rama/Documents/code/Docker/moonshot_project/ros2_ws/build/moving_table_pkg/build/lib/moving_table/__init__.py -> /home/rama/Documents/code/Docker/moonshot_project/ros2_ws/install/moving_table_pkg/lib/python3.10/site-packages/moving_table
byte-compiling /home/rama/Documents/code/Docker/moonshot_project/ros2_ws/install/moving_table_pkg/lib/python3.10/site-packages/moving_table_pkg/dual_table_controller.py to dual_table_controller.cpython-310.pyc
byte-compiling /home/rama/Documents/code/Docker/moonshot_project/ros2_ws/install/moving_table_pkg/lib/python3.10/site-packages/moving_table_pkg/__init__.py to __init__.cpython-310.pyc
byte-compiling /home/rama/Documents/code/Docker/moonshot_project/ros2_ws/install/moving_table_pkg/lib/python3.10/site-packages/moving_table/moving_table.py to moving_table.cpython-310.pyc
byte-compiling /home/rama/Documents/code/Docker/moonshot_project/ros2_ws/install/moving_table_pkg/lib/python3.10/site-packages/moving_table/oml_mrtu.py to oml_mrtu.cpython-310.pyc
byte-compiling /home/rama/Documents/code/Docker/moonshot_project/ros2_ws/install/moving_table_pkg/lib/python3.10/site-packages/moving_table/__init__.py to __init__.cpython-310.pyc
running install_data
creating /home/rama/Documents/code/Docker/moonshot_project/ros2_ws/install/moving_table_pkg/share/ament_index
creating /home/rama/Documents/code/Docker/moonshot_project/ros2_ws/install/moving_table_pkg/share/ament_index/resource_index
creating /home/rama/Documents/code/Docker/moonshot_project/ros2_ws/install/moving_table_pkg/share/ament_index/resource_index/packages
copying resource/moving_table_pkg -> /home/rama/Documents/code/Docker/moonshot_project/ros2_ws/install/moving_table_pkg/share/ament_index/resource_index/packages
copying package.xml -> /home/rama/Documents/code/Docker/moonshot_project/ros2_ws/install/moving_table_pkg/share/moving_table_pkg
creating /home/rama/Documents/code/Docker/moonshot_project/ros2_ws/install/moving_table_pkg/share/moving_table_pkg/launch
copying launch/tables.launch.py -> /home/rama/Documents/code/Docker/moonshot_project/ros2_ws/install/moving_table_pkg/share/moving_table_pkg/launch
creating /home/rama/Documents/code/Docker/moonshot_project/ros2_ws/install/moving_table_pkg/share/moving_table_pkg/robots
copying robots/tables.xacro -> /home/rama/Documents/code/Docker/moonshot_project/ros2_ws/install/moving_table_pkg/share/moving_table_pkg/robots
running install_egg_info
Copying ../../build/moving_table_pkg/moving_table_pkg.egg-info to /home/rama/Documents/code/Docker/moonshot_project/ros2_ws/install/moving_table_pkg/lib/python3.10/site-packages/moving_table_pkg-0.0.0-py3.10.egg-info
running install_scripts
Installing dual_table_controller script to /home/rama/Documents/code/Docker/moonshot_project/ros2_ws/install/moving_table_pkg/lib/moving_table_pkg
writing list of installed files to '/home/rama/Documents/code/Docker/moonshot_project/ros2_ws/build/moving_table_pkg/install.log'
