[0.537s] Invoking command in '/home/rama/Documents/code/Docker/moonshot_project/ros2_ws/src/moving_table_pkg': PYTHONPATH=/home/rama/Documents/code/Docker/moonshot_project/ros2_ws/build/moving_table_pkg/prefix_override:/usr/lib/python3/dist-packages/colcon_core/task/python/colcon_distutils_commands:/home/rama/Documents/code/Docker/moonshot_project/ros2_ws/install/moving_table_pkg/lib/python3.10/site-packages:${PYTHONPATH} /usr/bin/python3 -W ignore:setup.py install is deprecated -W ignore:easy_install command is deprecated setup.py egg_info --egg-base ../../build/moving_table_pkg build --build-base /home/rama/Documents/code/Docker/moonshot_project/ros2_ws/build/moving_table_pkg/build install --record /home/rama/Documents/code/Docker/moonshot_project/ros2_ws/build/moving_table_pkg/install.log --single-version-externally-managed install_data
[0.716s] running egg_info
[0.717s] creating ../../build/moving_table_pkg/moving_table_pkg.egg-info
[0.717s] writing ../../build/moving_table_pkg/moving_table_pkg.egg-info/PKG-INFO
[0.717s] writing dependency_links to ../../build/moving_table_pkg/moving_table_pkg.egg-info/dependency_links.txt
[0.717s] writing entry points to ../../build/moving_table_pkg/moving_table_pkg.egg-info/entry_points.txt
[0.717s] writing requirements to ../../build/moving_table_pkg/moving_table_pkg.egg-info/requires.txt
[0.717s] writing top-level names to ../../build/moving_table_pkg/moving_table_pkg.egg-info/top_level.txt
[0.717s] writing manifest file '../../build/moving_table_pkg/moving_table_pkg.egg-info/SOURCES.txt'
[0.718s] reading manifest file '../../build/moving_table_pkg/moving_table_pkg.egg-info/SOURCES.txt'
[0.719s] writing manifest file '../../build/moving_table_pkg/moving_table_pkg.egg-info/SOURCES.txt'
[0.719s] running build
[0.719s] running build_py
[0.719s] creating /home/rama/Documents/code/Docker/moonshot_project/ros2_ws/build/moving_table_pkg/build
[0.719s] creating /home/rama/Documents/code/Docker/moonshot_project/ros2_ws/build/moving_table_pkg/build/lib
[0.719s] creating /home/rama/Documents/code/Docker/moonshot_project/ros2_ws/build/moving_table_pkg/build/lib/moving_table_pkg
[0.719s] copying moving_table_pkg/dual_table_controller.py -> /home/rama/Documents/code/Docker/moonshot_project/ros2_ws/build/moving_table_pkg/build/lib/moving_table_pkg
[0.719s] copying moving_table_pkg/__init__.py -> /home/rama/Documents/code/Docker/moonshot_project/ros2_ws/build/moving_table_pkg/build/lib/moving_table_pkg
[0.719s] creating /home/rama/Documents/code/Docker/moonshot_project/ros2_ws/build/moving_table_pkg/build/lib/moving_table
[0.719s] copying moving_table/moving_table.py -> /home/rama/Documents/code/Docker/moonshot_project/ros2_ws/build/moving_table_pkg/build/lib/moving_table
[0.719s] copying moving_table/oml_mrtu.py -> /home/rama/Documents/code/Docker/moonshot_project/ros2_ws/build/moving_table_pkg/build/lib/moving_table
[0.720s] copying moving_table/__init__.py -> /home/rama/Documents/code/Docker/moonshot_project/ros2_ws/build/moving_table_pkg/build/lib/moving_table
[0.720s] running install
[0.720s] running install_lib
[0.720s] creating /home/rama/Documents/code/Docker/moonshot_project/ros2_ws/install/moving_table_pkg/lib/python3.10/site-packages/moving_table_pkg
[0.720s] copying /home/rama/Documents/code/Docker/moonshot_project/ros2_ws/build/moving_table_pkg/build/lib/moving_table_pkg/dual_table_controller.py -> /home/rama/Documents/code/Docker/moonshot_project/ros2_ws/install/moving_table_pkg/lib/python3.10/site-packages/moving_table_pkg
[0.720s] copying /home/rama/Documents/code/Docker/moonshot_project/ros2_ws/build/moving_table_pkg/build/lib/moving_table_pkg/__init__.py -> /home/rama/Documents/code/Docker/moonshot_project/ros2_ws/install/moving_table_pkg/lib/python3.10/site-packages/moving_table_pkg
[0.720s] creating /home/rama/Documents/code/Docker/moonshot_project/ros2_ws/install/moving_table_pkg/lib/python3.10/site-packages/moving_table
[0.720s] copying /home/rama/Documents/code/Docker/moonshot_project/ros2_ws/build/moving_table_pkg/build/lib/moving_table/moving_table.py -> /home/rama/Documents/code/Docker/moonshot_project/ros2_ws/install/moving_table_pkg/lib/python3.10/site-packages/moving_table
[0.720s] copying /home/rama/Documents/code/Docker/moonshot_project/ros2_ws/build/moving_table_pkg/build/lib/moving_table/oml_mrtu.py -> /home/rama/Documents/code/Docker/moonshot_project/ros2_ws/install/moving_table_pkg/lib/python3.10/site-packages/moving_table
[0.721s] copying /home/rama/Documents/code/Docker/moonshot_project/ros2_ws/build/moving_table_pkg/build/lib/moving_table/__init__.py -> /home/rama/Documents/code/Docker/moonshot_project/ros2_ws/install/moving_table_pkg/lib/python3.10/site-packages/moving_table
[0.721s] byte-compiling /home/rama/Documents/code/Docker/moonshot_project/ros2_ws/install/moving_table_pkg/lib/python3.10/site-packages/moving_table_pkg/dual_table_controller.py to dual_table_controller.cpython-310.pyc
[0.721s] byte-compiling /home/rama/Documents/code/Docker/moonshot_project/ros2_ws/install/moving_table_pkg/lib/python3.10/site-packages/moving_table_pkg/__init__.py to __init__.cpython-310.pyc
[0.722s] byte-compiling /home/rama/Documents/code/Docker/moonshot_project/ros2_ws/install/moving_table_pkg/lib/python3.10/site-packages/moving_table/moving_table.py to moving_table.cpython-310.pyc
[0.722s] byte-compiling /home/rama/Documents/code/Docker/moonshot_project/ros2_ws/install/moving_table_pkg/lib/python3.10/site-packages/moving_table/oml_mrtu.py to oml_mrtu.cpython-310.pyc
[0.724s] byte-compiling /home/rama/Documents/code/Docker/moonshot_project/ros2_ws/install/moving_table_pkg/lib/python3.10/site-packages/moving_table/__init__.py to __init__.cpython-310.pyc
[0.724s] running install_data
[0.724s] creating /home/rama/Documents/code/Docker/moonshot_project/ros2_ws/install/moving_table_pkg/share/ament_index
[0.724s] creating /home/rama/Documents/code/Docker/moonshot_project/ros2_ws/install/moving_table_pkg/share/ament_index/resource_index
[0.724s] creating /home/rama/Documents/code/Docker/moonshot_project/ros2_ws/install/moving_table_pkg/share/ament_index/resource_index/packages
[0.724s] copying resource/moving_table_pkg -> /home/rama/Documents/code/Docker/moonshot_project/ros2_ws/install/moving_table_pkg/share/ament_index/resource_index/packages
[0.724s] copying package.xml -> /home/rama/Documents/code/Docker/moonshot_project/ros2_ws/install/moving_table_pkg/share/moving_table_pkg
[0.725s] creating /home/rama/Documents/code/Docker/moonshot_project/ros2_ws/install/moving_table_pkg/share/moving_table_pkg/launch
[0.725s] copying launch/tables.launch.py -> /home/rama/Documents/code/Docker/moonshot_project/ros2_ws/install/moving_table_pkg/share/moving_table_pkg/launch
[0.725s] creating /home/rama/Documents/code/Docker/moonshot_project/ros2_ws/install/moving_table_pkg/share/moving_table_pkg/robots
[0.725s] copying robots/tables.xacro -> /home/rama/Documents/code/Docker/moonshot_project/ros2_ws/install/moving_table_pkg/share/moving_table_pkg/robots
[0.725s] running install_egg_info
[0.726s] Copying ../../build/moving_table_pkg/moving_table_pkg.egg-info to /home/rama/Documents/code/Docker/moonshot_project/ros2_ws/install/moving_table_pkg/lib/python3.10/site-packages/moving_table_pkg-0.0.0-py3.10.egg-info
[0.726s] running install_scripts
[0.740s] Installing dual_table_controller script to /home/rama/Documents/code/Docker/moonshot_project/ros2_ws/install/moving_table_pkg/lib/moving_table_pkg
[0.740s] writing list of installed files to '/home/rama/Documents/code/Docker/moonshot_project/ros2_ws/build/moving_table_pkg/install.log'
[0.758s] Invoked command in '/home/rama/Documents/code/Docker/moonshot_project/ros2_ws/src/moving_table_pkg' returned '0': PYTHONPATH=/home/rama/Documents/code/Docker/moonshot_project/ros2_ws/build/moving_table_pkg/prefix_override:/usr/lib/python3/dist-packages/colcon_core/task/python/colcon_distutils_commands:/home/rama/Documents/code/Docker/moonshot_project/ros2_ws/install/moving_table_pkg/lib/python3.10/site-packages:${PYTHONPATH} /usr/bin/python3 -W ignore:setup.py install is deprecated -W ignore:easy_install command is deprecated setup.py egg_info --egg-base ../../build/moving_table_pkg build --build-base /home/rama/Documents/code/Docker/moonshot_project/ros2_ws/build/moving_table_pkg/build install --record /home/rama/Documents/code/Docker/moonshot_project/ros2_ws/build/moving_table_pkg/install.log --single-version-externally-managed install_data
