### fake r1=0 r2=0 off=0 | rot_to_g --gantry 1 10.0
S12: maks |q - REST| arm_1 0.000, arm_2 0.000, arm_3 0.000, arm_4 0.000 deg (batas 0.5 untuk gantry 1)
S23': t1_rotation_joint +0.000 deg (batas 10.5), t2_rotation_joint +0.000 deg (batas 0.5); target +10.000
S28: sapuan t1_rotation_joint +0.000 -> +10.000 deg (rel 0.0005 m, sisanya TERUKUR): CLEAR, min 380.0 mm ('t1_platform_link_0', 't2_platform_link_0') di +0.00 deg; lengan 493.1, SS 380.0, n 22
t1_rotation_joint: +0.000 -> +10.000 deg (+10.000), T_cmd 3.00 s, T_rot model 1.26 s
setpoint pertama 0.245 deg (arm_tol 1.0 deg)
DRY RUN: tidak ada yang dikirim.
{"dry": true, "gantry": 1, "start_deg": 0.0, "goal_deg": 10.0, "sweep": "CLEAR", "sweep_min_mm": 380.0, "sweep_arm_mm": 493.1, "T_cmd": 3.0}
rc=0
### fake r1=0 r2=0 off=0 | rot_to_g --gantry 2 -10.0
S12: maks |q - REST| arm_1 0.000, arm_2 0.000, arm_3 0.000, arm_4 0.000 deg (batas 0.5 untuk gantry 2)
S23': t2_rotation_joint +0.000 deg (batas 10.5), t1_rotation_joint +0.000 deg (batas 0.5); target -10.000
S28: sapuan t2_rotation_joint +0.000 -> -10.000 deg (rel 0.0005 m, sisanya TERUKUR): CLEAR, min 380.0 mm ('t1_platform_link_0', 't2_platform_link_0') di +0.00 deg; lengan 493.1, SS 380.0, n 22
t2_rotation_joint: +0.000 -> -10.000 deg (-10.000), T_cmd 3.00 s, T_rot model 1.26 s
setpoint pertama 0.245 deg (arm_tol 1.0 deg)
DRY RUN: tidak ada yang dikirim.
{"dry": true, "gantry": 2, "start_deg": 0.0, "goal_deg": -10.0, "sweep": "CLEAR", "sweep_min_mm": 380.0, "sweep_arm_mm": 493.1, "T_cmd": 3.0}
rc=0
### fake r1=0 r2=0 off=0 | rot_to_g --gantry 1 11.0
REFUSE: S23' -- target +11.000 deg, batas |rot| <= 10.0
rc=1
### fake r1=0 r2=0 off=1 | rot_to_g --gantry 1 10.0
S12: maks |q - REST| arm_1 1.000, arm_2 0.000, arm_3 0.000, arm_4 0.000 deg (batas 0.5 untuk gantry 1)
REFUSE: S12 -- lengan BELUM di REST, gantry tidak diputar
rc=1
### fake r1=0 r2=0 off=1 | rot_to_g --gantry 2 10.0
S12: maks |q - REST| arm_1 1.000, arm_2 0.000, arm_3 0.000, arm_4 0.000 deg (batas 0.5 untuk gantry 2)
S23': t2_rotation_joint +0.000 deg (batas 10.5), t1_rotation_joint +0.000 deg (batas 0.5); target +10.000
S28: sapuan t2_rotation_joint +0.000 -> +10.000 deg (rel 0.0005 m, sisanya TERUKUR): CLEAR, min 380.0 mm ('t1_platform_link_0', 't2_platform_link_0') di +0.00 deg; lengan 493.1, SS 380.0, n 22
t2_rotation_joint: +0.000 -> +10.000 deg (+10.000), T_cmd 3.00 s, T_rot model 1.26 s
setpoint pertama 0.245 deg (arm_tol 1.0 deg)
DRY RUN: tidak ada yang dikirim.
{"dry": true, "gantry": 2, "start_deg": 0.0, "goal_deg": 10.0, "sweep": "CLEAR", "sweep_min_mm": 380.0, "sweep_arm_mm": 493.1, "T_cmd": 3.0}
rc=0
### fake r1=0 r2=1 off=0 | rot_to_g --gantry 1 10.0
S12: maks |q - REST| arm_1 0.000, arm_2 0.000, arm_3 0.000, arm_4 0.000 deg (batas 0.5 untuk gantry 1)
S23': t1_rotation_joint +0.000 deg (batas 10.5), t2_rotation_joint +1.000 deg (batas 0.5); target +10.000
REFUSE: S23' -- rotasi terukur di luar batas sesi (satu gantry, <= 10 deg)
rc=1
### fake r1=10 r2=0 off=0 | rot_to_g --gantry 1 0.0
S12: maks |q - REST| arm_1 0.000, arm_2 0.000, arm_3 0.000, arm_4 0.000 deg (batas 0.5 untuk gantry 1)
S23': t1_rotation_joint +10.000 deg (batas 10.5), t2_rotation_joint +0.000 deg (batas 0.5); target +0.000
S28: sapuan t1_rotation_joint +10.000 -> +0.000 deg (rel 0.0005 m, sisanya TERUKUR): CLEAR, min 380.0 mm ('t1_platform_link_0', 't2_platform_link_0') di +10.00 deg; lengan 493.1, SS 380.0, n 22
t1_rotation_joint: +10.000 -> +0.000 deg (-10.000), T_cmd 3.00 s, T_rot model 1.26 s
setpoint pertama 0.245 deg (arm_tol 1.0 deg)
DRY RUN: tidak ada yang dikirim.
{"dry": true, "gantry": 1, "start_deg": 10.0, "goal_deg": 0.0, "sweep": "CLEAR", "sweep_min_mm": 380.0, "sweep_arm_mm": 493.1, "T_cmd": 3.0}
rc=0
