 +0->+10 ovh 0.05 dt 0.01: galat akhir -0.120 deg (searah gerak KURANG), t_rot 2.38 s
 +0->+10 ovh 0.05 dt 0.02: galat akhir -0.213 deg (searah gerak KURANG), t_rot 2.30 s
 +0->+10 ovh 0.16 dt 0.01: galat akhir +0.000 deg (searah gerak lebih/0), t_rot 2.62 s
 +0->+10 ovh 0.16 dt 0.02: galat akhir -0.070 deg (searah gerak KURANG), t_rot 2.46 s
 +0->+10 ovh 0.30 dt 0.01: galat akhir +0.000 deg (searah gerak lebih/0), t_rot 2.71 s
 +0->+10 ovh 0.30 dt 0.02: galat akhir -0.039 deg (searah gerak KURANG), t_rot 2.60 s
+10-> +0 ovh 0.05 dt 0.01: galat akhir +0.120 deg (searah gerak KURANG), t_rot 2.38 s
+10-> +0 ovh 0.05 dt 0.02: galat akhir +0.213 deg (searah gerak KURANG), t_rot 2.30 s
+10-> +0 ovh 0.16 dt 0.01: galat akhir +0.000 deg (searah gerak lebih/0), t_rot 2.62 s
+10-> +0 ovh 0.16 dt 0.02: galat akhir +0.070 deg (searah gerak KURANG), t_rot 2.46 s
+10-> +0 ovh 0.30 dt 0.01: galat akhir +0.000 deg (searah gerak lebih/0), t_rot 2.71 s
+10-> +0 ovh 0.30 dt 0.02: galat akhir +0.039 deg (searah gerak KURANG), t_rot 2.60 s
 +0->-10 ovh 0.05 dt 0.01: galat akhir +0.120 deg (searah gerak KURANG), t_rot 2.38 s
 +0->-10 ovh 0.05 dt 0.02: galat akhir +0.213 deg (searah gerak KURANG), t_rot 2.30 s
 +0->-10 ovh 0.16 dt 0.01: galat akhir +0.000 deg (searah gerak lebih/0), t_rot 2.62 s
 +0->-10 ovh 0.16 dt 0.02: galat akhir +0.070 deg (searah gerak KURANG), t_rot 2.46 s
 +0->-10 ovh 0.30 dt 0.01: galat akhir +0.000 deg (searah gerak lebih/0), t_rot 2.71 s
 +0->-10 ovh 0.30 dt 0.02: galat akhir +0.039 deg (searah gerak KURANG), t_rot 2.60 s
-10-> +0 ovh 0.05 dt 0.01: galat akhir -0.120 deg (searah gerak KURANG), t_rot 2.38 s
-10-> +0 ovh 0.05 dt 0.02: galat akhir -0.213 deg (searah gerak KURANG), t_rot 2.30 s
-10-> +0 ovh 0.16 dt 0.01: galat akhir +0.000 deg (searah gerak lebih/0), t_rot 2.62 s
-10-> +0 ovh 0.16 dt 0.02: galat akhir -0.070 deg (searah gerak KURANG), t_rot 2.46 s
-10-> +0 ovh 0.30 dt 0.01: galat akhir +0.000 deg (searah gerak lebih/0), t_rot 2.71 s
-10-> +0 ovh 0.30 dt 0.02: galat akhir -0.039 deg (searah gerak KURANG), t_rot 2.60 s
