var  ev jenis        n |  HW env rep lama   beda | rep baru  hemat | HW lain (S28/antar-lengan/muat retract)
R0    1 traverse    91 |    7.65     7.24    -5% |     0.43   6.80 | S28 5.5
R0    2 task       127 |    9.68    10.02    +4% |     1.36   8.66 | antar-lengan 28.4
R0    3 retract     60 |    None     6.22        |     0.46   5.76 | muat 12.8 + 3 saring 14.9
R0    4 traverse    47 |     6.5     5.93    -9% |     0.34   5.59 | S28 5.4
R0    5 task       128 |    12.3    10.84   -12% |     1.41   9.43 | antar-lengan 43.6
R0    6 task       128 |   12.52    10.72   -14% |     1.41   9.31 | antar-lengan 38.1
R0    7 retract     60 |    None     6.77        |     0.32   6.45 | muat 12.8 + 3 saring 16.6
R0    8 traverse    21 |    5.48     5.06    -8% |     0.26   4.81 | S28 5.3
R0    9 task       130 |   11.33    10.80    -5% |     1.50   9.30 | antar-lengan 33.2
R0   10 retract     60 |    None     6.75        |     0.34   6.41 | muat 12.9 + 3 saring 17.1
R0   11 traverse   127 |   12.09    10.62   -12% |     0.66   9.95 | S28 6.0
R0   12 task       130 |   12.97    12.90    -1% |     1.67  11.23 | antar-lengan 32.3
R0   13 task       126 |   10.69    12.87   +20% |     1.47  11.41 | antar-lengan 24.8
R10   1 traverse    91 |    7.72     6.89   -11% |     0.43   6.46 | S28 5.6
R10   2 task       128 |   11.55    10.26   -11% |     1.40   8.86 | antar-lengan 33.2
R10   3 retract     60 |    None     6.21        |     0.39   5.82 | muat 12.9 + 3 saring 14.1
R10   4 traverse    47 |    6.49     5.82   -10% |     0.34   5.48 | S28 5.5
R10   5 task       128 |    9.91    10.79    +9% |     1.41   9.38 | antar-lengan 26.4
R10   7 traverse   671 |   44.66    38.90   -13% |     1.31  37.59 | S28 8.6
R10   8 task        53 |   13.83     7.50   -46% |     1.42   6.08 | antar-lengan 36.9
R10   9 task       126 |   14.01    11.22   -20% |     1.54   9.68 | antar-lengan 39.6
R10  10 task        90 |   17.15    10.16   -41% |     1.57   8.58 | antar-lengan 50.4
R10  11 retract     60 |    None     7.42        |     0.37   7.05 | muat 13.0 + 3 saring 19.1
R10  12 traverse   957 |    69.5    61.03   -12% |     1.49  59.54 | S28 10.1
R10  13 task       126 |   13.19    12.68    -4% |     1.66  11.02 | antar-lengan 30.2
R0 {"rep_old": 116.75, "rep_new": 11.64, "saved": 105.11, "hw_env_known": 101.21, "rep_old_known": 97.0, "saved_by_kind": {"traverse": 27.16, "task": 59.33, "retract": 18.63}}
R10 {"rep_old": 188.88, "rep_new": 13.34, "saved": 175.54, "hw_env_known": 208.02, "rep_old_known": 175.25, "saved_by_kind": {"traverse": 109.07, "task": 53.6, "retract": 12.87}}
