joint_states dimuat 28.7 s
R0  ev01 traverse n   91 rep build  4.24 + screen   3.00 s  | HW env 7.65  rep CLEAR 88.6 mm (HW 88.6)
R0  ev02 task     n  127 rep build  4.02 + screen   5.00 s  | HW env 9.68  rep CLEAR 88.5 mm (HW 88.6)
R0  ev03 retract  n   60 rep build  4.01 + screen   2.22 s  | HW env None  rep CLEAR 88.6 mm (HW 88.6)
R0  ev04 traverse n   47 rep build  4.04 + screen   1.89 s  | HW env 6.5  rep CLEAR 86.6 mm (HW 86.6)
R0  ev05 task     n  128 rep build  4.04 + screen   5.80 s  | HW env 12.3  rep CLEAR 154.0 mm (HW 151.8)
R0  ev06 task     n  128 rep build  3.91 + screen   5.80 s  | HW env 12.52  rep CLEAR 210.0 mm (HW 209.3)
R0  ev07 retract  n   60 rep build  4.00 + screen   2.77 s  | HW env None  rep CLEAR 209.3 mm (HW 209.3)
R0  ev08 traverse n   21 rep build  4.06 + screen   1.00 s  | HW env 5.48  rep CLEAR 209.3 mm (HW 209.3)
R0  ev09 task     n  130 rep build  4.00 + screen   5.80 s  | HW env 11.33  rep CLEAR 110.8 mm (HW 111.3)
R0  ev10 retract  n   60 rep build  3.98 + screen   2.77 s  | HW env None  rep CLEAR 112.0 mm (HW 112.1)
R0  ev11 traverse n  127 rep build  3.96 + screen   6.66 s  | HW env 12.09  rep CLEAR 69.7 mm (HW 69.7)
R0  ev12 task     n  130 rep build  3.98 + screen   7.92 s  | HW env 12.97  rep CLEAR 99.4 mm (HW 102.9)
R0  ev13 task     n  126 rep build  3.97 + screen   7.91 s  | HW env 10.69  rep CLEAR 58.7 mm (HW 58.1)
R10 ev01 traverse n   91 rep build  3.98 + screen   2.91 s  | HW env 7.72  rep CLEAR 88.6 mm (HW 88.6)
R10 ev02 task     n  128 rep build  4.12 + screen   5.14 s  | HW env 11.55  rep CLEAR 88.5 mm (HW 88.6)
R10 ev03 retract  n   60 rep build  3.95 + screen   2.26 s  | HW env None  rep CLEAR 88.6 mm (HW 88.6)
R10 ev04 traverse n   47 rep build  3.98 + screen   1.84 s  | HW env 6.49  rep CLEAR 86.6 mm (HW 86.6)
R10 ev05 task     n  128 rep build  4.02 + screen   5.77 s  | HW env 9.91  rep CLEAR 154.0 mm (HW 153.8)
R10 ev07 traverse n  671 rep build  4.00 + screen  34.90 s  | HW env 44.66  rep CLEAR 127.6 mm (HW 127.6)
R10 ev08 task     n   53 rep build  3.97 + screen   2.53 s  | HW env 13.83  rep CLEAR 105.5 mm (HW 95.4)
R10 ev09 task     n  126 rep build  3.98 + screen   6.24 s  | HW env 14.01  rep CLEAR 116.7 mm (HW 95.7)
R10 ev10 task     n   90 rep build  4.24 + screen   4.92 s  | HW env 17.15  rep CLEAR 61.4 mm (HW 56.8)
R10 ev11 retract  n   60 rep build  3.99 + screen   3.43 s  | HW env None  rep CLEAR 67.8 mm (HW 67.8)
R10 ev12 traverse n  957 rep build  3.94 + screen  57.09 s  | HW env 69.5  rep CLEAR 69.5 mm (HW 69.5)
R10 ev13 task     n  126 rep build  3.96 + screen   7.72 s  | HW env 13.19  rep CLEAR 101.1 mm (HW 92.8)
