joint_states dimuat 31.6 s
R0  ev01 traverse n   91 rep build  0.17 + screen   0.26 s  | HW env 7.65  rep CLEAR 88.6 mm (HW 88.6)
R0  ev02 task     n  127 rep build  0.18 + screen   0.19 s  | HW env 9.68  rep CLEAR 88.5 mm (HW 88.6)
R0  ev03 retract  n   60 rep build  0.18 + screen   0.28 s  | HW env None  rep CLEAR 88.6 mm (HW 88.6)
R0  ev04 traverse n   47 rep build  0.17 + screen   0.17 s  | HW env 6.5  rep CLEAR 86.6 mm (HW 86.6)
R0  ev05 task     n  128 rep build  0.17 + screen   0.24 s  | HW env 12.3  rep CLEAR 154.0 mm (HW 151.8)
R0  ev06 task     n  128 rep build  0.17 + screen   0.23 s  | HW env 12.52  rep CLEAR 210.0 mm (HW 209.3)
R0  ev07 retract  n   60 rep build  0.18 + screen   0.14 s  | HW env None  rep CLEAR 209.3 mm (HW 209.3)
R0  ev08 traverse n   21 rep build  0.17 + screen   0.08 s  | HW env 5.48  rep CLEAR 209.3 mm (HW 209.3)
R0  ev09 task     n  130 rep build  0.17 + screen   0.33 s  | HW env 11.33  rep CLEAR 110.8 mm (HW 111.3)
R0  ev10 retract  n   60 rep build  0.18 + screen   0.16 s  | HW env None  rep CLEAR 112.0 mm (HW 112.1)
R0  ev11 traverse n  127 rep build  0.18 + screen   0.49 s  | HW env 12.09  rep CLEAR 69.7 mm (HW 69.7)
R0  ev12 task     n  130 rep build  0.17 + screen   0.50 s  | HW env 12.97  rep CLEAR 99.4 mm (HW 102.9)
R0  ev13 task     n  126 rep build  0.18 + screen   0.29 s  | HW env 10.69  rep CLEAR 58.7 mm (HW 58.1)
R10 ev01 traverse n   91 rep build  0.17 + screen   0.26 s  | HW env 7.72  rep CLEAR 88.6 mm (HW 88.6)
R10 ev02 task     n  128 rep build  0.20 + screen   0.20 s  | HW env 11.55  rep CLEAR 88.5 mm (HW 88.6)
R10 ev03 retract  n   60 rep build  0.18 + screen   0.22 s  | HW env None  rep CLEAR 88.6 mm (HW 88.6)
R10 ev04 traverse n   47 rep build  0.18 + screen   0.17 s  | HW env 6.49  rep CLEAR 86.6 mm (HW 86.6)
R10 ev05 task     n  128 rep build  0.17 + screen   0.24 s  | HW env 9.91  rep CLEAR 154.0 mm (HW 153.8)
R10 ev07 traverse n  671 rep build  0.18 + screen   1.13 s  | HW env 44.66  rep CLEAR 127.6 mm (HW 127.6)
R10 ev08 task     n   53 rep build  0.18 + screen   0.23 s  | HW env 13.83  rep CLEAR 105.5 mm (HW 95.4)
R10 ev09 task     n  126 rep build  0.17 + screen   0.37 s  | HW env 14.01  rep CLEAR 116.7 mm (HW 95.7)
R10 ev10 task     n   90 rep build  0.17 + screen   0.40 s  | HW env 17.15  rep CLEAR 61.4 mm (HW 56.8)
R10 ev11 retract  n   60 rep build  0.19 + screen   0.18 s  | HW env None  rep CLEAR 67.8 mm (HW 67.8)
R10 ev12 traverse n  957 rep build  0.18 + screen   1.32 s  | HW env 69.5  rep CLEAR 69.5 mm (HW 69.5)
R10 ev13 task     n  126 rep build  0.18 + screen   0.48 s  | HW env 13.19  rep CLEAR 101.1 mm (HW 92.8)
