OK  v28_after_plans.jsonl.gz#0                   n  118 CLEAR  /CLEAR     202.43/  202.43 mm  10.51/ 1.07 s
OK  v28_after_plans.jsonl.gz#4                   n  125 CLEAR  /CLEAR     115.11/  115.11 mm  11.85/ 0.82 s
OK  v28_after_plans.jsonl.gz#8                   n  118 CLEAR  /CLEAR      94.97/   94.97 mm  11.05/ 0.46 s
OK  v28_after_plans.jsonl.gz#12                  n  116 CLEAR  /CLEAR      88.56/   88.56 mm  10.57/ 0.72 s
OK  v28_after_plans.jsonl.gz#16                  n  125 CLEAR  /CLEAR     246.75/  246.75 mm  11.65/ 0.47 s
OK  v28_after_plans.jsonl.gz#20                  n  118 CLEAR  /CLEAR      94.97/   94.97 mm  11.16/ 0.53 s
OK  v28_after_plans.jsonl.gz#24                  n  126 CLEAR  /CLEAR     201.21/  201.21 mm  12.89/ 0.51 s
OK  v28_after_plans.jsonl.gz#28                  n  122 CLEAR  /CLEAR      90.76/   90.76 mm  12.38/ 0.57 s
OK  v28_after_plans.jsonl.gz#32                  n  115 CLEAR  /CLEAR     231.62/  231.62 mm   9.43/ 0.59 s
OK  v28_after_plans.jsonl.gz#36                  n  131 CLEAR  /CLEAR     130.54/  130.54 mm  14.54/ 0.47 s
OK  v28_after_plans.jsonl.gz#40                  n  131 CLEAR  /CLEAR     186.31/  186.31 mm  11.91/ 0.70 s
OK  v28_after_plans.jsonl.gz#44                  n  125 CLEAR  /CLEAR     202.43/  202.43 mm  11.51/ 0.65 s
OK  v28_after_plans.jsonl.gz#48                  n  130 CLEAR  /CLEAR      93.08/   93.08 mm  15.30/ 0.48 s
OK  v28_after_plans.jsonl.gz#52                  n  118 CLEAR  /CLEAR     128.53/  128.53 mm  11.17/ 0.46 s
OK  v28_after_plans.jsonl.gz#56                  n  118 CLEAR  /CLEAR     202.43/  202.43 mm  10.82/ 0.58 s
OK  v28_after_plans.jsonl.gz#60                  n  125 CLEAR  /CLEAR      68.06/   68.06 mm  14.62/ 0.57 s
OK  v28_after_plans.jsonl.gz#64                  n  126 MARGIN /MARGIN     32.44/   32.44 mm  15.81/ 0.71 s
OK  v28_after_plans.jsonl.gz#68                  n  116 CLEAR  /CLEAR     202.43/  202.43 mm  11.43/ 0.78 s
OK  v28_after_plans.jsonl.gz#72                  n  125 CLEAR  /CLEAR     109.94/  109.94 mm  14.49/ 0.64 s
OK  v28_after_plans.jsonl.gz#76                  n  125 CLEAR  /CLEAR      84.14/   84.14 mm  12.23/ 0.48 s
OK  v28_after_plans.jsonl.gz#80                  n  130 CLEAR  /CLEAR     111.86/  111.86 mm  16.46/ 0.62 s
OK  v28_after_plans.jsonl.gz#84                  n  127 CLEAR  /CLEAR      88.28/   88.28 mm  12.54/ 0.40 s
OK  v28_after_plans.jsonl.gz#88                  n  124 CLEAR  /CLEAR      88.56/   88.56 mm  11.97/ 0.63 s
OK  v28_after_plans.jsonl.gz#92                  n  130 CLEAR  /CLEAR      70.91/   70.91 mm  13.99/ 0.64 s
OK  v28_after_plans.jsonl.gz#96                  n  125 CLEAR  /CLEAR      86.00/   86.00 mm  13.57/ 0.62 s
OK  v28_after_plans.jsonl.gz#100                 n  126 CLEAR  /CLEAR      93.08/   93.08 mm  14.09/ 0.68 s
OK  v28_after_plans.jsonl.gz#104                 n  125 CLEAR  /CLEAR     114.07/  114.07 mm  13.85/ 0.81 s
OK  v28_after_plans.jsonl.gz#108                 n  129 MARGIN /MARGIN     32.44/   32.44 mm  15.06/ 0.51 s
OK  v28_after_plans.jsonl.gz#112                 n  129 CLEAR  /CLEAR     147.39/  147.39 mm  15.61/ 0.62 s
OK  v28_after_plans.jsonl.gz#116                 n  118 CLEAR  /CLEAR     104.63/  104.63 mm  13.92/ 0.54 s
OK  v28_after_plans.jsonl.gz#120                 n  107 CLEAR  /CLEAR     115.11/  115.11 mm  12.26/ 0.46 s
OK  v28_after_plans.jsonl.gz#124                 n  127 CLEAR  /CLEAR     202.85/  202.85 mm  10.02/ 0.43 s
OK  v28_after_plans.jsonl.gz#128                 n  126 CLEAR  /CLEAR     168.54/  168.54 mm  10.91/ 0.72 s
OK  v28_after_plans.jsonl.gz#132                 n  127 CLEAR  /CLEAR     202.85/  202.85 mm  10.51/ 0.50 s
OK  v28_after_plans.jsonl.gz#136                 n  127 CLEAR  /CLEAR     231.62/  231.62 mm  10.17/ 0.50 s
OK  v28_after_plans.jsonl.gz#140                 n  128 CLEAR  /CLEAR     241.75/  241.75 mm  10.16/ 0.85 s
OK  v28_after_plans.jsonl.gz#144                 n  104 CLEAR  /CLEAR     202.85/  202.85 mm  10.31/ 0.43 s
OK  v28_after_plans.jsonl.gz#148                 n  127 CLEAR  /CLEAR      95.32/   95.32 mm  11.98/ 0.81 s
OK  v28_after_plans.jsonl.gz#152                 n  105 CLEAR  /CLEAR     154.01/  154.01 mm  11.17/ 0.50 s
OK  v28_after_plans.jsonl.gz#156                 n  128 CLEAR  /CLEAR      79.56/   79.56 mm  14.48/ 0.52 s
OK  v28_after_plans.jsonl.gz#160                 n  126 CLEAR  /CLEAR      71.63/   71.63 mm  13.61/ 0.94 s
OK  v28_after_plans.jsonl.gz#164                 n  126 CLEAR  /CLEAR     108.14/  108.14 mm  10.34/ 0.38 s
OK  v28_after_plans.jsonl.gz#168                 n  126 CLEAR  /CLEAR      90.52/   90.52 mm   6.14/ 0.19 s
OK  v28_after_plans.jsonl.gz#172                 n  115 CLEAR  /CLEAR     202.85/  202.85 mm   6.01/ 0.35 s
OK  v28_after_plans.jsonl.gz#176                 n  128 CLEAR  /CLEAR      95.22/   95.22 mm   6.77/ 0.22 s
OK  v28_after_plans.jsonl.gz#180                 n  128 CLEAR  /CLEAR      71.63/   71.63 mm   8.12/ 0.35 s
RINGKAS {"source": "v28", "n": 46, "bad": 0, "skipped": 0, "bit_identical": 46, "verdicts": {"CLEAR": 44, "MARGIN": 2, "COLLIDE": 0}, "t_old": 549.3690321720205, "t_new": 26.487469607498497, "speedup": 20.740714017336572, "n_samples": 5671}
