OK  g34_planonly_plans_g34_R0.jsonl#2            n  125 CLEAR  /CLEAR     209.96/  209.96 mm  10.59/ 0.27 s
OK  g34_planonly_plans_g34_R10.jsonl#2           n  156 CLEAR  /CLEAR      84.33/   84.33 mm  11.88/ 0.53 s
OK  g34_planonly_plans_g34_R10.jsonl#5           n  126 CLEAR  /CLEAR      66.63/   66.63 mm   9.94/ 0.36 s
OK  g34_planonly_plans_g34_R10.jsonl#8           n  129 CLEAR  /CLEAR     154.01/  154.01 mm   8.32/ 0.24 s
OK  g34_planonly_plans_g34_R10.jsonl#11          n   27 CLEAR  /CLEAR      59.97/   59.97 mm   2.27/ 0.29 s
OK  g34_planonly_plans_g34_R10.jsonl#14          n  125 CLEAR  /CLEAR     151.26/  151.26 mm   7.64/ 0.30 s
OK  g34_planonly_plans_g34_R10.jsonl#17          n   65 CLEAR  /CLEAR      62.61/   62.61 mm   4.61/ 0.26 s
OK  g34_planonly_plans_g34b_hw_R0.jsonl#2        n  128 CLEAR  /CLEAR     209.96/  209.96 mm   7.96/ 0.28 s
OK  g34_planonly_plans_g34b_hw_R0.jsonl#5        n  126 CLEAR  /CLEAR      58.71/   58.71 mm  10.99/ 0.35 s
OK  g34_planonly_plans_g34b_hw_R0.jsonl#8        n  126 CLEAR  /CLEAR     209.96/  209.96 mm   9.09/ 0.29 s
OK  g34_planonly_plans_g34b_hw_R0.jsonl#11       n  128 CLEAR  /CLEAR      62.66/   62.66 mm  11.67/ 0.38 s
OK  g34_planonly_plans_g34b_hw_R0.jsonl#14       n  127 CLEAR  /CLEAR     209.96/  209.96 mm   8.27/ 0.27 s
OK  g34_planonly_plans_g34b_hw_R0.jsonl#17       n  111 CLEAR  /CLEAR      59.47/   59.47 mm  15.98/ 0.88 s
OK  g34_planonly_plans_g34b_hw_R10.jsonl#2       n   53 CLEAR  /CLEAR     105.54/  105.54 mm   6.71/ 0.51 s
OK  g34_planonly_plans_g34b_hw_R10.jsonl#5       n  126 CLEAR  /CLEAR     101.05/  101.05 mm  20.79/ 1.10 s
OK  g34_planonly_plans_g34b_hw_R10.jsonl#8       n   47 CLEAR  /CLEAR     104.69/  104.69 mm   7.01/ 0.53 s
OK  g34_planonly_plans_g34b_hw_R10.jsonl#11      n   93 CLEAR  /CLEAR      98.73/   98.73 mm  18.17/ 1.32 s
OK  g34_planonly_plans_g34b_hw_R10.jsonl#14      n  126 CLEAR  /CLEAR     101.69/  101.69 mm  19.57/ 1.06 s
OK  g34_planonly_plans_g34b_hw_R10.jsonl#17      n   77 CLEAR  /CLEAR      91.49/   91.49 mm  14.17/ 0.92 s
OK  g34_planonly_plans_g34n_R0.jsonl#2           n  127 CLEAR  /CLEAR     209.96/  209.96 mm  15.66/ 0.50 s
OK  g34_planonly_plans_g34n_R0.jsonl#5           n  137 CLEAR  /CLEAR      59.67/   59.67 mm  21.85/ 1.02 s
OK  g34_planonly_plans_g34n_R0.jsonl#8           n  126 CLEAR  /CLEAR     209.96/  209.96 mm  15.77/ 0.66 s
OK  g34_planonly_plans_g34n_R0.jsonl#11          n  111 CLEAR  /CLEAR      68.24/   68.24 mm  19.50/ 1.08 s
OK  g34_planonly_plans_g34n_R0.jsonl#14          n  128 CLEAR  /CLEAR     209.96/  209.96 mm  17.79/ 0.52 s
OK  g34_planonly_plans_g34n_R0.jsonl#17          n   68 CLEAR  /CLEAR      67.73/   67.73 mm  12.01/ 0.82 s
OK  g34_planonly_plans_g34n_R10.jsonl#2          n  124 CLEAR  /CLEAR      76.10/   76.10 mm  18.67/ 1.05 s
OK  g34_planonly_plans_g34n_R10.jsonl#5          n  129 CLEAR  /CLEAR      65.25/   65.25 mm  21.32/ 0.61 s
OK  g34_planonly_plans_g34n_R10.jsonl#8          n  126 CLEAR  /CLEAR     154.01/  154.01 mm  15.09/ 0.49 s
OK  g34_planonly_plans_g34n_R10.jsonl#11         n   86 CLEAR  /CLEAR      69.51/   69.51 mm  11.88/ 0.50 s
OK  g34_planonly_plans_g34n_R10.jsonl#14         n  128 CLEAR  /CLEAR     153.89/  153.89 mm  14.70/ 0.45 s
OK  g34_planonly_plans_g34n_R10.jsonl#17         n   29 CLEAR  /CLEAR      58.78/   58.78 mm   4.62/ 0.46 s
OK  g34_planonly_plans_reg3_R0.jsonl#2           n  127 CLEAR  /CLEAR     209.96/  209.96 mm  17.93/ 0.57 s
OK  g34_planonly_plans_reg3_R0.jsonl#5           n  109 CLEAR  /CLEAR      64.42/   64.42 mm  20.94/ 0.70 s
OK  g34_planonly_plans_reg3_R0.jsonl#8           n  126 CLEAR  /CLEAR     209.96/  209.96 mm  16.71/ 0.52 s
OK  g34_planonly_plans_reg3_R0.jsonl#11          n  136 CLEAR  /CLEAR      61.58/   61.58 mm  23.41/ 0.99 s
OK  g34_planonly_plans_reg3_R0.jsonl#14          n  125 CLEAR  /CLEAR     209.96/  209.96 mm  16.95/ 0.52 s
OK  g34_planonly_plans_reg3_R0.jsonl#17          n  108 CLEAR  /CLEAR      62.42/   62.42 mm  19.10/ 0.78 s
OK  g34_planonly_plans_reg3_R10.jsonl#2          n   34 CLEAR  /CLEAR      97.81/   97.81 mm   4.51/ 0.41 s
OK  g34_planonly_plans_reg3_R10.jsonl#5          n  126 CLEAR  /CLEAR      61.00/   61.00 mm  18.42/ 0.56 s
OK  g34_planonly_plans_reg3_R10.jsonl#8          n  127 CLEAR  /CLEAR     154.01/  154.01 mm   8.64/ 0.28 s
OK  g34_planonly_plans_reg3_R10.jsonl#11         n  134 CLEAR  /CLEAR      58.69/   58.69 mm  10.39/ 0.40 s
OK  g34_planonly_plans_reg3_R10.jsonl#14         n   68 CLEAR  /CLEAR     153.80/  153.80 mm   4.43/ 0.21 s
OK  g34_planonly_plans_reg3_R10.jsonl#17         n  130 CLEAR  /CLEAR      59.56/   59.56 mm  10.73/ 0.59 s
OK  g33_planonly_plans_R0.jsonl.gz#2             n  126 CLEAR  /CLEAR     209.96/  209.96 mm   9.38/ 0.28 s
OK  g33_planonly_plans_R0.jsonl.gz#5             n  126 CLEAR  /CLEAR      59.88/   59.88 mm  12.31/ 0.39 s
OK  g33_planonly_plans_R0.jsonl.gz#8             n   59 CLEAR  /CLEAR     209.96/  209.96 mm   3.73/ 0.15 s
OK  g33_planonly_plans_R0.jsonl.gz#11            n  128 CLEAR  /CLEAR      60.35/   60.35 mm  11.82/ 0.35 s
OK  g33_planonly_plans_R0.jsonl.gz#14            n  126 CLEAR  /CLEAR     209.96/  209.96 mm   8.45/ 0.28 s
OK  g33_planonly_plans_R0.jsonl.gz#17            n  128 CLEAR  /CLEAR      59.70/   59.70 mm  11.62/ 0.36 s
OK  g33_planonly_plans_R10.jsonl.gz#2            n  131 CLEAR  /CLEAR      64.70/   64.70 mm   9.69/ 0.47 s
OK  g32hw_screen_plans_R0.jsonl.gz#2             n  127 CLEAR  /CLEAR     209.96/  209.96 mm   8.93/ 0.28 s
OK  g32hw_screen_plans_R0.jsonl.gz#5             n   40 CLEAR  /CLEAR      62.53/   62.53 mm   3.74/ 0.30 s
OK  g32hw_screen_plans_R0.jsonl.gz#8             n  127 CLEAR  /CLEAR     209.96/  209.96 mm   8.02/ 0.27 s
OK  g32hw_screen_plans_R0.jsonl.gz#11            n  125 MARGIN /MARGIN     42.99/   42.99 mm  10.99/ 0.34 s
OK  g32hw_screen_plans_R0.jsonl.gz#14            n   60 CLEAR  /CLEAR     209.96/  209.96 mm   4.06/ 0.15 s
OK  g32hw_screen_plans_R0.jsonl.gz#17            n  128 CLEAR  /CLEAR      59.97/   59.97 mm  10.78/ 0.30 s
OK  g32hw_screen_plans_R10.jsonl.gz#2            n  121 CLEAR  /CLEAR      79.69/   79.69 mm   6.97/ 0.38 s
OK  g32hw_screen_plans_R10.jsonl.gz#5            n  127 COLLIDE/COLLIDE    -6.98/   -6.98 mm   8.91/ 0.49 s
OK  g32hw_screen_plans_R10.jsonl.gz#8            n   24 CLEAR  /CLEAR      90.54/   90.54 mm   1.17/ 0.13 s
OK  g32hw_screen_plans_R10.jsonl.gz#11           n   87 CLEAR  /CLEAR      79.00/   79.00 mm   5.44/ 0.36 s
OK  g32hw_screen_plans_R10.jsonl.gz#14           n   45 CLEAR  /CLEAR     115.49/  115.49 mm   2.52/ 0.23 s
OK  g32hw_screen_plans_R10.jsonl.gz#17           n   97 CLEAR  /CLEAR      93.32/   93.32 mm   6.79/ 0.43 s
OK  g32_screen_plans.jsonl.gz#2                  n  125 CLEAR  /CLEAR      99.78/   99.78 mm   7.10/ 0.34 s
OK  g32_screen_plans.jsonl.gz#5                  n   86 CLEAR  /CLEAR      89.99/   89.99 mm   5.97/ 0.33 s
OK  g32_screen_plans.jsonl.gz#8                  n   68 CLEAR  /CLEAR      98.51/   98.51 mm   3.62/ 0.27 s
OK  g32_screen_plans.jsonl.gz#11                 n   86 CLEAR  /CLEAR      91.63/   91.63 mm   5.71/ 0.36 s
OK  g32_screen_plans.jsonl.gz#14                 n   62 CLEAR  /CLEAR     100.42/  100.42 mm   3.63/ 0.26 s
OK  g32_screen_plans.jsonl.gz#17                 n  127 COLLIDE/COLLIDE   -11.48/  -11.48 mm   8.80/ 0.46 s
RINGKAS {"source": "plans", "n": 68, "bad": 0, "skipped": 0, "bit_identical": 68, "verdicts": {"CLEAR": 65, "MARGIN": 1, "COLLIDE": 2}, "t_old": 746.7532256282866, "t_new": 32.80987504357472, "speedup": 22.76001431387731, "n_samples": 7176}
