OK  g31_screen_plans.jsonl.gz#3                  n  128 CLEAR  /CLEAR     229.46/  229.46 mm   7.27/ 0.35 s
OK  g31_screen_plans.jsonl.gz#9                  n   57 CLEAR  /CLEAR     231.87/  231.87 mm   2.99/ 0.15 s
OK  g31_screen_plans.jsonl.gz#15                 n  129 CLEAR  /CLEAR     230.00/  230.00 mm   7.28/ 0.28 s
OK  g31_screen_plans.jsonl.gz#21                 n   65 CLEAR  /CLEAR     165.64/  165.64 mm   5.76/ 0.18 s
OK  g31_screen_plans.jsonl.gz#27                 n   36 CLEAR  /CLEAR     165.64/  165.64 mm   2.87/ 0.13 s
OK  g31_screen_plans.jsonl.gz#33                 n   65 CLEAR  /CLEAR     165.64/  165.64 mm   4.98/ 0.19 s
OK  g31_screen_plans.jsonl.gz#39                 n   64 CLEAR  /CLEAR      97.08/   97.08 mm   4.42/ 0.18 s
OK  g31_screen_plans.jsonl.gz#45                 n   56 CLEAR  /CLEAR      97.08/   97.08 mm   4.39/ 0.17 s
OK  g31_screen_plans.jsonl.gz#51                 n   67 CLEAR  /CLEAR      97.08/   97.08 mm   4.92/ 0.19 s
OK  g31_screen_plans.jsonl.gz#57                 n  145 CLEAR  /CLEAR     150.39/  150.39 mm   9.80/ 0.31 s
OK  g31_screen_plans.jsonl.gz#63                 n   93 CLEAR  /CLEAR     162.92/  162.92 mm   5.70/ 0.22 s
OK  g31_screen_plans.jsonl.gz#69                 n  132 CLEAR  /CLEAR     154.93/  154.93 mm   8.71/ 0.32 s
OK  g31_screen_plans.jsonl.gz#75                 n   40 CLEAR  /CLEAR     212.14/  212.14 mm   2.40/ 0.16 s
OK  g31_screen_plans.jsonl.gz#81                 n  126 CLEAR  /CLEAR     212.14/  212.14 mm   7.48/ 0.41 s
OK  g31_screen_plans.jsonl.gz#87                 n   75 CLEAR  /CLEAR     212.14/  212.14 mm   4.56/ 0.26 s
OK  g31_screen_plans.jsonl.gz#93                 n  128 CLEAR  /CLEAR     202.56/  202.56 mm   7.68/ 0.26 s
OK  g31_screen_plans.jsonl.gz#99                 n   62 CLEAR  /CLEAR     203.81/  203.81 mm   3.76/ 0.16 s
OK  g31_screen_plans.jsonl.gz#105                n  128 CLEAR  /CLEAR     203.27/  203.27 mm   8.11/ 0.27 s
OK  g31_screen_plans.jsonl.gz#111                n  127 CLEAR  /CLEAR      71.83/   71.83 mm  11.54/ 0.50 s
OK  g31_screen_plans.jsonl.gz#117                n  128 CLEAR  /CLEAR     131.05/  131.05 mm  15.34/ 1.28 s
OK  g31_screen_plans.jsonl.gz#123                n  127 CLEAR  /CLEAR      76.97/   76.97 mm  23.39/ 0.91 s
OK  g31_screen_plans.jsonl.gz#129                n   72 CLEAR  /CLEAR     194.32/  194.32 mm  11.39/ 0.59 s
OK  g31_screen_plans.jsonl.gz#135                n  122 CLEAR  /CLEAR     194.32/  194.32 mm  17.10/ 0.63 s
OK  g31_screen_plans.jsonl.gz#141                n   82 CLEAR  /CLEAR     194.32/  194.32 mm  13.21/ 0.59 s
OK  g31_screen_plans.jsonl.gz#147                n  130 CLEAR  /CLEAR     130.66/  130.66 mm  15.57/ 0.61 s
OK  g31_screen_plans.jsonl.gz#153                n  105 CLEAR  /CLEAR     130.66/  130.66 mm  11.37/ 0.49 s
OK  g31_screen_plans.jsonl.gz#159                n  105 CLEAR  /CLEAR     130.66/  130.66 mm  11.07/ 0.50 s
OK  g31_screen_plans.jsonl.gz#165                n  129 CLEAR  /CLEAR      79.41/   79.41 mm  22.60/ 0.91 s
OK  g31_screen_plans.jsonl.gz#171                n   53 CLEAR  /CLEAR     129.26/  129.26 mm   9.22/ 0.59 s
OK  g31_screen_plans.jsonl.gz#177                n  129 CLEAR  /CLEAR     135.08/  135.08 mm  22.87/ 0.85 s
OK  g31_screen_plans.jsonl.gz#183                n  132 CLEAR  /CLEAR     236.64/  236.64 mm  17.54/ 0.56 s
OK  g31_screen_plans.jsonl.gz#189                n   60 CLEAR  /CLEAR     236.08/  236.08 mm   7.00/ 0.34 s
OK  g31_screen_plans.jsonl.gz#195                n  131 CLEAR  /CLEAR     236.62/  236.62 mm  15.42/ 0.90 s
OK  g31_screen_plans.jsonl.gz#201                n  128 CLEAR  /CLEAR     280.92/  280.92 mm  13.19/ 0.67 s
OK  g31_screen_plans.jsonl.gz#207                n   50 CLEAR  /CLEAR     280.92/  280.92 mm   5.86/ 0.30 s
OK  g31_screen_plans.jsonl.gz#213                n  124 CLEAR  /CLEAR     280.92/  280.92 mm  12.60/ 0.76 s
OK  g31_screen_plans.jsonl.gz#219                n  128 CLEAR  /CLEAR     144.08/  144.08 mm  19.27/ 0.87 s
OK  g31_screen_plans.jsonl.gz#225                n   90 CLEAR  /CLEAR     142.85/  142.85 mm  13.84/ 0.55 s
OK  g31_screen_plans.jsonl.gz#231                n  101 CLEAR  /CLEAR     143.70/  143.70 mm  14.89/ 0.76 s
OK  g31_screen_plans.jsonl.gz#237                n   76 CLEAR  /CLEAR     189.79/  189.79 mm   8.18/ 0.32 s
OK  g31_screen_plans.jsonl.gz#243                n   87 CLEAR  /CLEAR     189.79/  189.79 mm   8.53/ 0.36 s
OK  g31_screen_plans.jsonl.gz#249                n   70 CLEAR  /CLEAR     189.79/  189.79 mm   7.53/ 0.32 s
OK  g31_screen_plans.jsonl.gz#255                n   52 CLEAR  /CLEAR     105.33/  105.33 mm   7.71/ 0.29 s
OK  g31_screen_plans.jsonl.gz#261                n   70 CLEAR  /CLEAR     109.76/  109.76 mm  10.17/ 0.35 s
OK  g31_screen_plans.jsonl.gz#267                n   53 CLEAR  /CLEAR     118.16/  118.16 mm   7.16/ 0.41 s
OK  g31_screen_plans.jsonl.gz#273                n  128 CLEAR  /CLEAR     127.81/  127.81 mm  16.16/ 0.50 s
OK  g31_screen_plans.jsonl.gz#279                n   82 CLEAR  /CLEAR     127.81/  127.81 mm  12.10/ 0.38 s
OK  g31_screen_plans.jsonl.gz#285                n  125 CLEAR  /CLEAR     127.81/  127.81 mm  16.38/ 0.49 s
OK  g31_screen_plans.jsonl.gz#291                n  129 CLEAR  /CLEAR     114.75/  114.75 mm  13.39/ 0.74 s
OK  g31_screen_plans.jsonl.gz#297                n  128 CLEAR  /CLEAR     234.77/  234.77 mm  13.48/ 0.57 s
OK  g31_screen_plans.jsonl.gz#303                n  116 CLEAR  /CLEAR     223.74/  223.74 mm  11.31/ 0.67 s
RINGKAS {"source": "plans", "n": 51, "bad": 0, "skipped": 0, "bit_identical": 51, "verdicts": {"CLEAR": 51, "MARGIN": 0, "COLLIDE": 0}, "t_old": 539.4736579502933, "t_new": 23.806141992565244, "speedup": 22.661112334740046, "n_samples": 4965}
