OK  v28_plans.jsonl.gz#1                         n  119 CLEAR  /CLEAR     202.43/  202.43 mm  12.08/ 1.29 s
OK  v28_plans.jsonl.gz#5                         n  127 CLEAR  /CLEAR     115.11/  115.11 mm  15.19/ 0.99 s
OK  v28_plans.jsonl.gz#9                         n  128 CLEAR  /CLEAR      99.44/   99.44 mm  12.54/ 0.60 s
OK  v28_plans.jsonl.gz#13                        n  117 CLEAR  /CLEAR      88.56/   88.56 mm  11.39/ 0.73 s
OK  v28_plans.jsonl.gz#17                        n  126 CLEAR  /CLEAR     246.75/  246.75 mm  11.03/ 0.52 s
OK  v28_plans.jsonl.gz#21                        n  129 CLEAR  /CLEAR      88.56/   88.56 mm  12.19/ 0.89 s
OK  v28_plans.jsonl.gz#25                        n  126 CLEAR  /CLEAR     201.21/  201.21 mm  14.29/ 0.40 s
OK  v28_plans.jsonl.gz#29                        n  115 CLEAR  /CLEAR      90.76/   90.76 mm  11.48/ 0.61 s
OK  v28_plans.jsonl.gz#33                        n  118 CLEAR  /CLEAR     202.85/  202.85 mm  13.02/ 0.60 s
OK  v28_plans.jsonl.gz#37                        n  118 CLEAR  /CLEAR     130.54/  130.54 mm  12.59/ 0.41 s
OK  v28_plans.jsonl.gz#41                        n  118 CLEAR  /CLEAR     202.85/  202.85 mm  10.33/ 0.59 s
OK  v28_plans.jsonl.gz#45                        n  124 CLEAR  /CLEAR      86.00/   86.00 mm  14.19/ 0.41 s
OK  v28_plans.jsonl.gz#49                        n  124 CLEAR  /CLEAR      93.08/   93.08 mm  14.47/ 0.40 s
OK  v28_plans.jsonl.gz#53                        n  127 CLEAR  /CLEAR     131.74/  131.74 mm  12.71/ 0.55 s
OK  v28_plans.jsonl.gz#57                        n  108 CLEAR  /CLEAR     202.85/  202.85 mm  10.24/ 0.64 s
OK  v28_plans.jsonl.gz#61                        n  125 CLEAR  /CLEAR      67.82/   67.82 mm  14.11/ 0.55 s
OK  v28_plans.jsonl.gz#65                        n  125 MARGIN /MARGIN     32.44/   32.44 mm  15.82/ 0.68 s
OK  v28_plans.jsonl.gz#69                        n  128 CLEAR  /CLEAR     135.63/  135.63 mm  15.51/ 0.96 s
OK  v28_plans.jsonl.gz#73                        n  130 CLEAR  /CLEAR     109.94/  109.94 mm  15.54/ 0.71 s
OK  v28_plans.jsonl.gz#77                        n  127 CLEAR  /CLEAR      91.60/   91.60 mm  12.38/ 0.61 s
OK  v28_plans.jsonl.gz#81                        n  126 CLEAR  /CLEAR     202.85/  202.85 mm  12.68/ 0.67 s
OK  v28_plans.jsonl.gz#85                        n  129 CLEAR  /CLEAR      88.56/   88.56 mm  12.79/ 0.39 s
OK  v28_plans.jsonl.gz#89                        n  130 CLEAR  /CLEAR      88.32/   88.32 mm  13.16/ 0.41 s
OK  v28_plans.jsonl.gz#93                        n  126 CLEAR  /CLEAR     162.10/  162.10 mm  13.29/ 0.57 s
OK  v28_plans.jsonl.gz#97                        n  128 CLEAR  /CLEAR      86.00/   86.00 mm  13.83/ 0.60 s
OK  v28_plans.jsonl.gz#101                       n  126 COLLIDE/COLLIDE   -15.35/  -15.35 mm  14.56/ 0.84 s
OK  v28_plans.jsonl.gz#105                       n  130 CLEAR  /CLEAR      70.91/   70.91 mm  14.13/ 0.77 s
OK  v28_plans.jsonl.gz#109                       n  109 MARGIN /MARGIN     32.44/   32.44 mm  12.60/ 0.44 s
OK  v28_plans.jsonl.gz#113                       n  126 CLEAR  /CLEAR     147.38/  147.38 mm  15.12/ 0.61 s
OK  v28_plans.jsonl.gz#117                       n  116 CLEAR  /CLEAR     111.09/  111.09 mm  12.64/ 0.46 s
OK  v28_plans.jsonl.gz#121                       n  118 CLEAR  /CLEAR     110.99/  110.99 mm  12.80/ 0.41 s
OK  v28_plans.jsonl.gz#125                       n  127 CLEAR  /CLEAR     202.85/  202.85 mm   9.94/ 0.43 s
OK  v28_plans.jsonl.gz#129                       n  127 CLEAR  /CLEAR     202.85/  202.85 mm  11.79/ 0.45 s
OK  v28_plans.jsonl.gz#133                       n  128 CLEAR  /CLEAR     202.85/  202.85 mm  10.42/ 0.51 s
OK  v28_plans.jsonl.gz#137                       n  126 CLEAR  /CLEAR     231.62/  231.62 mm   9.90/ 0.59 s
OK  v28_plans.jsonl.gz#141                       n  127 CLEAR  /CLEAR      86.61/   86.61 mm   7.91/ 0.44 s
OK  v28_plans.jsonl.gz#145                       n  115 CLEAR  /CLEAR     202.85/  202.85 mm   6.37/ 0.26 s
OK  v28_plans.jsonl.gz#149                       n  128 CLEAR  /CLEAR      95.32/   95.32 mm   7.03/ 0.56 s
OK  v28_plans.jsonl.gz#153                       n  128 CLEAR  /CLEAR     121.46/  121.46 mm   6.94/ 0.43 s
OK  v28_plans.jsonl.gz#157                       n  127 CLEAR  /CLEAR      75.00/   75.00 mm   8.42/ 0.30 s
OK  v28_plans.jsonl.gz#161                       n  127 CLEAR  /CLEAR      71.63/   71.63 mm   9.13/ 0.70 s
OK  v28_plans.jsonl.gz#165                       n  105 CLEAR  /CLEAR      92.49/   92.49 mm   5.13/ 0.20 s
OK  v28_plans.jsonl.gz#169                       n  127 CLEAR  /CLEAR      90.76/   90.76 mm   6.57/ 0.20 s
OK  v28_plans.jsonl.gz#173                       n  105 CLEAR  /CLEAR     202.85/  202.85 mm   5.83/ 0.31 s
OK  v28_plans.jsonl.gz#177                       n  116 CLEAR  /CLEAR      70.91/   70.91 mm   6.93/ 0.30 s
OK  v28_plans.jsonl.gz#181                       n  128 COLLIDE/COLLIDE   -11.46/  -11.46 mm   8.65/ 0.50 s
RINGKAS {"source": "v28", "n": 46, "bad": 0, "skipped": 0, "bit_identical": 46, "verdicts": {"CLEAR": 42, "MARGIN": 2, "COLLIDE": 2}, "t_old": 529.680871644523, "t_new": 25.515052258502692, "speedup": 20.75954484741496, "n_samples": 5664}
