OK  P+ ev8                                       n  469 COLLIDE/COLLIDE   -12.04/  -12.04 mm  25.46/ 1.42 s  tolak -1.71/-1.71 s
OK  N- R0 ev00                                   n   10 CLEAR  /CLEAR     202.19/  202.19 mm   0.30/ 0.04 s
OK  N- R0 ev01                                   n  234 CLEAR  /CLEAR      88.83/   88.83 mm   7.55/ 0.40 s
OK  N- R0 ev02                                   n  203 CLEAR  /CLEAR      87.36/   87.36 mm   7.17/ 0.41 s
OK  N- R0 ev03                                   n  217 CLEAR  /CLEAR      86.65/   86.65 mm   8.10/ 0.83 s
OK  N- R0 ev04                                   n  133 CLEAR  /CLEAR      86.56/   86.56 mm   5.13/ 0.28 s
OK  N- R0 ev05                                   n  209 CLEAR  /CLEAR     151.52/  151.52 mm   9.15/ 0.35 s
OK  N- R0 ev06                                   n  208 CLEAR  /CLEAR     210.00/  210.00 mm   9.63/ 0.30 s
OK  N- R0 ev07                                   n  220 CLEAR  /CLEAR     210.00/  210.00 mm  10.55/ 0.31 s
OK  N- R0 ev08                                   n   76 CLEAR  /CLEAR     210.00/  210.00 mm   3.51/ 0.14 s
OK  N- R0 ev09                                   n  136 CLEAR  /CLEAR     108.77/  108.77 mm   6.46/ 0.25 s
OK  N- R0 ev10                                   n  219 CLEAR  /CLEAR     108.58/  108.58 mm  10.74/ 0.27 s
OK  N- R0 ev11                                   n  313 CLEAR  /CLEAR      69.47/   69.47 mm  16.52/ 0.65 s
OK  N- R0 ev12                                   n  206 CLEAR  /CLEAR      99.92/   99.92 mm  13.21/ 0.53 s
OK  N- R0 ev13                                   n  212 MARGIN /MARGIN     32.14/   32.14 mm  14.00/ 0.63 s
OK  N- R10 ev00                                  n   11 CLEAR  /CLEAR     203.56/  203.56 mm   0.34/ 0.04 s
OK  N- R10 ev01                                  n  240 CLEAR  /CLEAR      88.72/   88.72 mm   7.94/ 0.42 s
OK  N- R10 ev02                                  n  203 CLEAR  /CLEAR      86.30/   86.30 mm   7.38/ 0.43 s
OK  N- R10 ev03                                  n  216 CLEAR  /CLEAR      86.37/   86.37 mm   8.47/ 0.91 s
OK  N- R10 ev04                                  n  133 CLEAR  /CLEAR      86.56/   86.56 mm   5.25/ 0.28 s
OK  N- R10 ev05                                  n  199 CLEAR  /CLEAR     153.98/  153.98 mm   8.98/ 0.35 s
OK  N- R10 ev06                                  n   12 CLEAR  /CLEAR     209.88/  209.88 mm   0.56/ 0.06 s
OK  N- R10 ev07                                  n  177 CLEAR  /CLEAR     132.60/  132.60 mm   8.40/ 0.35 s
RINGKAS {"source": "controls", "n": 23, "bad": 0, "skipped": 0, "bit_identical": 23, "verdicts": {"CLEAR": 21, "MARGIN": 1, "COLLIDE": 1}, "t_old": 194.8027564296499, "t_new": 9.669112012721598, "speedup": 20.14691278509846, "n_samples": 4256}
