OK  g34_planonly_plans_g34_R0.jsonl#0            n   91 CLEAR  /CLEAR      88.56/   88.56 mm   3.75/ 0.15 s
OK  g34_planonly_plans_g34_R0.jsonl#1            n   67 CLEAR  /CLEAR     150.94/  150.94 mm   3.48/ 0.17 s
OK  g34_planonly_plans_g34_R0.jsonl#2            n  125 CLEAR  /CLEAR     209.96/  209.96 mm   7.28/ 0.23 s
OK  g34_planonly_plans_g34_R0.jsonl#3            n  130 CLEAR  /CLEAR      88.19/   88.19 mm   7.89/ 0.35 s
OK  g34_planonly_plans_g34_R10.jsonl#0           n  129 CLEAR  /CLEAR      88.51/   88.51 mm   5.81/ 0.18 s
OK  g34_planonly_plans_g34_R10.jsonl#1           n   68 CLEAR  /CLEAR     153.77/  153.77 mm   3.55/ 0.18 s
OK  g34_planonly_plans_g34_R10.jsonl#2           n  156 CLEAR  /CLEAR      84.33/   84.33 mm   9.77/ 0.41 s
OK  g34_planonly_plans_g34_R10.jsonl#3           n   64 CLEAR  /CLEAR     115.31/  115.31 mm   3.72/ 0.17 s
OK  g34_planonly_plans_g34_R10.jsonl#4           n   89 CLEAR  /CLEAR      66.63/   66.63 mm   5.36/ 0.27 s
OK  g34_planonly_plans_g34_R10.jsonl#5           n  126 CLEAR  /CLEAR      66.63/   66.63 mm   7.83/ 0.26 s
OK  g34_planonly_plans_g34_R10.jsonl#6           n  118 CLEAR  /CLEAR     102.59/  102.59 mm   8.77/ 0.38 s
OK  g34_planonly_plans_g34_R10.jsonl#7           n  102 CLEAR  /CLEAR      85.82/   85.82 mm   4.16/ 0.17 s
OK  g34_planonly_plans_g34_R10.jsonl#8           n  129 CLEAR  /CLEAR     154.01/  154.01 mm   6.53/ 0.18 s
OK  g34_planonly_plans_g34_R10.jsonl#9           n  129 CLEAR  /CLEAR      98.25/   98.25 mm   7.78/ 0.37 s
OK  g34_planonly_plans_g34_R10.jsonl#10          n  127 CLEAR  /CLEAR     119.62/  119.62 mm   7.96/ 0.36 s
OK  g34_planonly_plans_g34_R10.jsonl#11          n   27 CLEAR  /CLEAR      59.97/   59.97 mm   1.80/ 0.18 s
OK  g34_planonly_plans_g34_R10.jsonl#12          n  146 CLEAR  /CLEAR     104.68/  104.68 mm  10.74/ 0.45 s
OK  g34_planonly_plans_g34_R10.jsonl#13          n  126 CLEAR  /CLEAR      88.54/   88.54 mm   5.28/ 0.17 s
OK  g34_planonly_plans_g34_R10.jsonl#14          n  125 CLEAR  /CLEAR     151.26/  151.26 mm   6.07/ 0.24 s
OK  g34_planonly_plans_g34_R10.jsonl#15          n  128 CLEAR  /CLEAR      95.60/   95.60 mm   6.88/ 0.54 s
OK  g34_planonly_plans_g34_R10.jsonl#16          n   64 CLEAR  /CLEAR      98.16/   98.16 mm   3.45/ 0.14 s
OK  g34_planonly_plans_g34_R10.jsonl#17          n   65 CLEAR  /CLEAR      62.61/   62.61 mm   3.63/ 0.21 s
OK  g34_planonly_plans_g34b_hw_R0.jsonl#0        n  127 CLEAR  /CLEAR      88.51/   88.51 mm   5.50/ 0.21 s
OK  g34_planonly_plans_g34b_hw_R0.jsonl#1        n  128 CLEAR  /CLEAR     154.01/  154.01 mm   6.36/ 0.23 s
OK  g34_planonly_plans_g34b_hw_R0.jsonl#2        n  128 CLEAR  /CLEAR     209.96/  209.96 mm   6.41/ 0.22 s
OK  g34_planonly_plans_g34b_hw_R0.jsonl#3        n  130 CLEAR  /CLEAR     110.77/  110.77 mm   6.39/ 0.32 s
OK  g34_planonly_plans_g34b_hw_R0.jsonl#4        n  130 CLEAR  /CLEAR      99.39/   99.39 mm   8.82/ 0.47 s
OK  g34_planonly_plans_g34b_hw_R0.jsonl#5        n  126 CLEAR  /CLEAR      58.71/   58.71 mm   8.37/ 0.27 s
OK  g34_planonly_plans_g34b_hw_R0.jsonl#6        n  126 CLEAR  /CLEAR      86.63/   86.63 mm   4.87/ 0.17 s
OK  g34_planonly_plans_g34b_hw_R0.jsonl#7        n   68 CLEAR  /CLEAR     150.92/  150.92 mm   3.16/ 0.16 s
OK  g34_planonly_plans_g34b_hw_R0.jsonl#8        n  126 CLEAR  /CLEAR     209.96/  209.96 mm   6.76/ 0.21 s
OK  g34_planonly_plans_g34b_hw_R0.jsonl#9        n   57 CLEAR  /CLEAR     101.91/  101.91 mm   3.06/ 0.17 s
OK  g34_planonly_plans_g34b_hw_R0.jsonl#10       n   92 CLEAR  /CLEAR     101.87/  101.87 mm   6.23/ 0.40 s
OK  g34_planonly_plans_g34b_hw_R0.jsonl#11       n  128 CLEAR  /CLEAR      62.66/   62.66 mm   8.57/ 0.29 s
OK  g34_planonly_plans_g34b_hw_R0.jsonl#12       n  129 CLEAR  /CLEAR      86.86/   86.86 mm   4.76/ 0.17 s
OK  g34_planonly_plans_g34b_hw_R0.jsonl#13       n  130 CLEAR  /CLEAR     151.84/  151.84 mm   5.90/ 0.22 s
OK  g34_planonly_plans_g34b_hw_R0.jsonl#14       n  127 CLEAR  /CLEAR     209.96/  209.96 mm   6.17/ 0.21 s
OK  g34_planonly_plans_g34b_hw_R0.jsonl#15       n   59 CLEAR  /CLEAR     105.63/  105.63 mm   2.88/ 0.16 s
OK  g34_planonly_plans_g34b_hw_R0.jsonl#16       n   88 CLEAR  /CLEAR      89.47/   89.47 mm   5.58/ 0.35 s
OK  g34_planonly_plans_g34b_hw_R0.jsonl#17       n  111 CLEAR  /CLEAR      59.47/   59.47 mm   7.51/ 0.27 s
OK  g34_planonly_plans_g34b_hw_R10.jsonl#0       n  128 CLEAR  /CLEAR      88.51/   88.51 mm   5.08/ 0.16 s
OK  g34_planonly_plans_g34b_hw_R10.jsonl#1       n  128 CLEAR  /CLEAR     154.01/  154.01 mm   5.88/ 0.21 s
OK  g34_planonly_plans_g34b_hw_R10.jsonl#2       n   53 CLEAR  /CLEAR     105.54/  105.54 mm   2.58/ 0.21 s
OK  g34_planonly_plans_g34b_hw_R10.jsonl#3       n  126 CLEAR  /CLEAR     116.67/  116.67 mm   6.73/ 0.34 s
OK  g34_planonly_plans_g34b_hw_R10.jsonl#4       n   90 CLEAR  /CLEAR      61.42/   61.42 mm   4.96/ 0.39 s
OK  g34_planonly_plans_g34b_hw_R10.jsonl#5       n  126 CLEAR  /CLEAR     101.05/  101.05 mm   8.00/ 0.43 s
OK  g34_planonly_plans_g34b_hw_R10.jsonl#6       n  128 CLEAR  /CLEAR      86.56/   86.56 mm   4.76/ 0.18 s
OK  g34_planonly_plans_g34b_hw_R10.jsonl#7       n  129 CLEAR  /CLEAR     154.01/  154.01 mm   6.14/ 0.18 s
OK  g34_planonly_plans_g34b_hw_R10.jsonl#8       n   47 CLEAR  /CLEAR     104.69/  104.69 mm   2.66/ 0.20 s
OK  g34_planonly_plans_g34b_hw_R10.jsonl#9       n  130 CLEAR  /CLEAR     119.63/  119.63 mm   7.75/ 0.35 s
OK  g34_planonly_plans_g34b_hw_R10.jsonl#10      n   82 CLEAR  /CLEAR      63.53/   63.53 mm   5.31/ 0.28 s
OK  g34_planonly_plans_g34b_hw_R10.jsonl#11      n   93 CLEAR  /CLEAR      98.73/   98.73 mm   6.48/ 0.41 s
OK  g34_planonly_plans_g34b_hw_R10.jsonl#12      n  126 CLEAR  /CLEAR      88.56/   88.56 mm   5.21/ 0.16 s
OK  g34_planonly_plans_g34b_hw_R10.jsonl#13      n   62 CLEAR  /CLEAR     153.70/  153.70 mm   2.94/ 0.14 s
OK  g34_planonly_plans_g34b_hw_R10.jsonl#14      n  126 CLEAR  /CLEAR     101.69/  101.69 mm   7.23/ 0.42 s
OK  g34_planonly_plans_g34b_hw_R10.jsonl#15      n   82 CLEAR  /CLEAR     103.76/  103.76 mm   4.76/ 0.16 s
OK  g34_planonly_plans_g34b_hw_R10.jsonl#16      n  142 CLEAR  /CLEAR      63.15/   63.15 mm   8.64/ 0.37 s
OK  g34_planonly_plans_g34b_hw_R10.jsonl#17      n   77 CLEAR  /CLEAR      91.49/   91.49 mm   5.41/ 0.35 s
OK  g34_planonly_plans_g34n_R0.jsonl#0           n  102 CLEAR  /CLEAR      85.27/   85.27 mm   4.02/ 0.17 s
OK  g34_planonly_plans_g34n_R0.jsonl#1           n  127 CLEAR  /CLEAR     154.01/  154.01 mm   5.95/ 0.22 s
OK  g34_planonly_plans_g34n_R0.jsonl#2           n  127 CLEAR  /CLEAR     209.96/  209.96 mm   6.07/ 0.21 s
OK  g34_planonly_plans_g34n_R0.jsonl#3           n   67 CLEAR  /CLEAR     120.37/  120.37 mm   3.24/ 0.20 s
OK  g34_planonly_plans_g34n_R0.jsonl#4           n  101 CLEAR  /CLEAR     101.51/  101.51 mm   6.22/ 0.41 s
OK  g34_planonly_plans_g34n_R0.jsonl#5           n  137 CLEAR  /CLEAR      59.67/   59.67 mm   8.67/ 0.44 s
OK  g34_planonly_plans_g34n_R0.jsonl#6           n  126 CLEAR  /CLEAR      86.25/   86.25 mm   4.94/ 0.17 s
OK  g34_planonly_plans_g34n_R0.jsonl#7           n  127 CLEAR  /CLEAR     154.01/  154.01 mm   5.94/ 0.22 s
OK  g34_planonly_plans_g34n_R0.jsonl#8           n  126 CLEAR  /CLEAR     209.96/  209.96 mm   6.13/ 0.21 s
OK  g34_planonly_plans_g34n_R0.jsonl#9           n  128 CLEAR  /CLEAR     119.35/  119.35 mm   6.11/ 0.30 s
OK  g34_planonly_plans_g34n_R0.jsonl#10          n   86 CLEAR  /CLEAR      80.66/   80.66 mm   5.53/ 0.34 s
OK  g34_planonly_plans_g34n_R0.jsonl#11          n  111 CLEAR  /CLEAR      68.24/   68.24 mm   7.80/ 0.46 s
OK  g34_planonly_plans_g34n_R0.jsonl#12          n  126 CLEAR  /CLEAR      88.53/   88.53 mm   5.10/ 0.18 s
OK  g34_planonly_plans_g34n_R0.jsonl#13          n   67 CLEAR  /CLEAR     150.83/  150.83 mm   3.38/ 0.17 s
OK  g34_planonly_plans_g34n_R0.jsonl#14          n  128 CLEAR  /CLEAR     209.96/  209.96 mm   6.92/ 0.22 s
OK  g34_planonly_plans_g34n_R0.jsonl#15          n   61 CLEAR  /CLEAR     118.13/  118.13 mm   3.29/ 0.18 s
OK  g34_planonly_plans_g34n_R0.jsonl#16          n   95 CLEAR  /CLEAR      92.55/   92.55 mm   6.64/ 0.44 s
OK  g34_planonly_plans_g34n_R0.jsonl#17          n   68 CLEAR  /CLEAR      67.73/   67.73 mm   4.82/ 0.34 s
OK  g34_planonly_plans_g34n_R10.jsonl#0          n  127 CLEAR  /CLEAR      88.53/   88.53 mm   5.11/ 0.17 s
OK  g34_planonly_plans_g34n_R10.jsonl#1          n  126 CLEAR  /CLEAR     154.01/  154.01 mm   6.08/ 0.16 s
OK  g34_planonly_plans_g34n_R10.jsonl#2          n  124 CLEAR  /CLEAR      76.10/   76.10 mm   7.09/ 0.37 s
OK  g34_planonly_plans_g34n_R10.jsonl#3          n  130 CLEAR  /CLEAR     109.14/  109.14 mm   7.68/ 0.21 s
OK  g34_planonly_plans_g34n_R10.jsonl#4          n   81 CLEAR  /CLEAR      65.25/   65.25 mm   5.19/ 0.34 s
OK  g34_planonly_plans_g34n_R10.jsonl#5          n  129 CLEAR  /CLEAR      65.25/   65.25 mm   8.61/ 0.24 s
OK  g34_planonly_plans_g34n_R10.jsonl#6          n   99 CLEAR  /CLEAR      95.36/   95.36 mm   7.03/ 0.46 s
OK  g34_planonly_plans_g34n_R10.jsonl#7          n  127 CLEAR  /CLEAR      88.54/   88.54 mm   5.31/ 0.17 s
OK  g34_planonly_plans_g34n_R10.jsonl#8          n  126 CLEAR  /CLEAR     154.01/  154.01 mm   5.93/ 0.20 s
OK  g34_planonly_plans_g34n_R10.jsonl#9          n   28 CLEAR  /CLEAR      87.31/   87.31 mm   1.38/ 0.14 s
OK  g34_planonly_plans_g34n_R10.jsonl#10         n   64 CLEAR  /CLEAR     105.92/  105.92 mm   3.27/ 0.13 s
OK  g34_planonly_plans_g34n_R10.jsonl#11         n   86 CLEAR  /CLEAR      69.51/   69.51 mm   4.57/ 0.21 s
OK  g34_planonly_plans_g34n_R10.jsonl#12         n   87 CLEAR  /CLEAR      83.22/   83.22 mm   5.57/ 0.36 s
OK  g34_planonly_plans_g34n_R10.jsonl#13         n   91 CLEAR  /CLEAR      88.56/   88.56 mm   3.47/ 0.13 s
OK  g34_planonly_plans_g34n_R10.jsonl#14         n  128 CLEAR  /CLEAR     153.89/  153.89 mm   5.97/ 0.19 s
OK  g34_planonly_plans_g34n_R10.jsonl#15         n  128 CLEAR  /CLEAR      97.06/   97.06 mm   7.30/ 0.35 s
OK  g34_planonly_plans_g34n_R10.jsonl#16         n  130 CLEAR  /CLEAR     114.70/  114.70 mm   7.61/ 0.35 s
OK  g34_planonly_plans_g34n_R10.jsonl#17         n   29 CLEAR  /CLEAR      58.78/   58.78 mm   1.84/ 0.18 s
OK  g34_planonly_plans_g34n_R10.jsonl#18         n   75 CLEAR  /CLEAR      90.87/   90.87 mm   5.20/ 0.29 s
OK  g34_planonly_plans_reg3_R0.jsonl#0           n  127 CLEAR  /CLEAR      86.45/   86.45 mm   4.92/ 0.18 s
OK  g34_planonly_plans_reg3_R0.jsonl#1           n   84 CLEAR  /CLEAR     151.61/  151.61 mm   4.00/ 0.20 s
OK  g34_planonly_plans_reg3_R0.jsonl#2           n  127 CLEAR  /CLEAR     209.96/  209.96 mm   6.88/ 0.23 s
OK  g34_planonly_plans_reg3_R0.jsonl#3           n  129 CLEAR  /CLEAR     104.60/  104.60 mm   7.02/ 0.36 s
OK  g34_planonly_plans_reg3_R0.jsonl#4           n  126 CLEAR  /CLEAR     101.22/  101.22 mm   8.95/ 0.54 s
OK  g34_planonly_plans_reg3_R0.jsonl#5           n  109 CLEAR  /CLEAR      64.42/   64.42 mm   8.06/ 0.30 s
OK  g34_planonly_plans_reg3_R0.jsonl#6           n  126 CLEAR  /CLEAR      86.19/   86.19 mm   4.96/ 0.17 s
OK  g34_planonly_plans_reg3_R0.jsonl#7           n   66 CLEAR  /CLEAR     153.65/  153.65 mm   3.16/ 0.16 s
OK  g34_planonly_plans_reg3_R0.jsonl#8           n  126 CLEAR  /CLEAR     209.96/  209.96 mm   7.00/ 0.22 s
OK  g34_planonly_plans_reg3_R0.jsonl#9           n   61 CLEAR  /CLEAR     102.38/  102.38 mm   3.46/ 0.18 s
OK  g34_planonly_plans_reg3_R0.jsonl#10          n  129 CLEAR  /CLEAR     101.15/  101.15 mm   9.44/ 0.44 s
OK  g34_planonly_plans_reg3_R0.jsonl#11          n  136 CLEAR  /CLEAR      61.58/   61.58 mm   9.89/ 0.41 s
OK  g34_planonly_plans_reg3_R0.jsonl#12          n   92 CLEAR  /CLEAR      88.56/   88.56 mm   3.44/ 0.13 s
OK  g34_planonly_plans_reg3_R0.jsonl#13          n   69 CLEAR  /CLEAR     153.76/  153.76 mm   3.35/ 0.16 s
OK  g34_planonly_plans_reg3_R0.jsonl#14          n  125 CLEAR  /CLEAR     209.96/  209.96 mm   7.01/ 0.22 s
OK  g34_planonly_plans_reg3_R0.jsonl#15          n   73 CLEAR  /CLEAR     108.38/  108.38 mm   4.07/ 0.20 s
OK  g34_planonly_plans_reg3_R0.jsonl#16          n   86 CLEAR  /CLEAR      93.38/   93.38 mm   6.14/ 0.40 s
OK  g34_planonly_plans_reg3_R0.jsonl#17          n  108 CLEAR  /CLEAR      62.42/   62.42 mm   8.11/ 0.34 s
OK  g34_planonly_plans_reg3_R10.jsonl#0          n   91 CLEAR  /CLEAR      88.56/   88.56 mm   3.44/ 0.14 s
OK  g34_planonly_plans_reg3_R10.jsonl#1          n  128 CLEAR  /CLEAR     153.93/  153.93 mm   6.08/ 0.19 s
OK  g34_planonly_plans_reg3_R10.jsonl#2          n   34 CLEAR  /CLEAR      97.81/   97.81 mm   1.93/ 0.17 s
OK  g34_planonly_plans_reg3_R10.jsonl#3          n   96 CLEAR  /CLEAR      97.81/   97.81 mm   5.51/ 0.19 s
OK  g34_planonly_plans_reg3_R10.jsonl#4          n  157 CLEAR  /CLEAR      61.00/   61.00 mm   9.99/ 0.29 s
OK  g34_planonly_plans_reg3_R10.jsonl#5          n  126 CLEAR  /CLEAR      61.00/   61.00 mm   7.92/ 0.24 s
OK  g34_planonly_plans_reg3_R10.jsonl#6          n   95 CLEAR  /CLEAR      92.21/   92.21 mm   6.74/ 0.44 s
OK  g34_planonly_plans_reg3_R10.jsonl#7          n  129 CLEAR  /CLEAR      88.17/   88.17 mm   4.87/ 0.17 s
OK  g34_planonly_plans_reg3_R10.jsonl#8          n  127 CLEAR  /CLEAR     154.01/  154.01 mm   5.94/ 0.22 s
OK  g34_planonly_plans_reg3_R10.jsonl#9          n  128 CLEAR  /CLEAR     101.03/  101.03 mm   6.43/ 0.46 s
OK  g34_planonly_plans_reg3_R10.jsonl#10         n  129 CLEAR  /CLEAR     102.21/  102.21 mm   6.74/ 0.23 s
OK  g34_planonly_plans_reg3_R10.jsonl#11         n  134 CLEAR  /CLEAR      58.69/   58.69 mm   7.85/ 0.30 s
OK  g34_planonly_plans_reg3_R10.jsonl#12         n   76 CLEAR  /CLEAR      93.73/   93.73 mm   4.80/ 0.27 s
OK  g34_planonly_plans_reg3_R10.jsonl#13         n  126 CLEAR  /CLEAR      86.37/   86.37 mm   4.88/ 0.16 s
OK  g34_planonly_plans_reg3_R10.jsonl#14         n   68 CLEAR  /CLEAR     153.80/  153.80 mm   3.22/ 0.16 s
OK  g34_planonly_plans_reg3_R10.jsonl#15         n   35 CLEAR  /CLEAR      90.51/   90.51 mm   2.00/ 0.16 s
OK  g34_planonly_plans_reg3_R10.jsonl#16         n   64 CLEAR  /CLEAR     116.86/  116.86 mm   3.61/ 0.16 s
OK  g34_planonly_plans_reg3_R10.jsonl#17         n  130 CLEAR  /CLEAR      59.56/   59.56 mm   7.82/ 0.44 s
OK  g34_planonly_plans_reg3_R10.jsonl#18         n  132 CLEAR  /CLEAR      64.48/   64.48 mm   8.03/ 0.23 s
OK  g34_planonly_plans_reg3_R10.jsonl#19         n   85 CLEAR  /CLEAR      95.37/   95.37 mm   6.01/ 0.39 s
OK  g33_planonly_plans_R0.jsonl.gz#0             n  127 CLEAR  /CLEAR      88.53/   88.53 mm   5.10/ 0.16 s
OK  g33_planonly_plans_R0.jsonl.gz#1             n  127 CLEAR  /CLEAR     153.90/  153.90 mm   5.94/ 0.18 s
OK  g33_planonly_plans_R0.jsonl.gz#2             n  126 CLEAR  /CLEAR     209.96/  209.96 mm   6.86/ 0.22 s
OK  g33_planonly_plans_R0.jsonl.gz#3             n  128 CLEAR  /CLEAR     101.66/  101.66 mm   6.78/ 0.28 s
OK  g33_planonly_plans_R0.jsonl.gz#4             n   86 CLEAR  /CLEAR      88.71/   88.71 mm   6.02/ 0.30 s
OK  g33_planonly_plans_R0.jsonl.gz#5             n  126 CLEAR  /CLEAR      59.88/   59.88 mm   9.15/ 0.27 s
OK  g33_planonly_plans_R0.jsonl.gz#6             n  128 CLEAR  /CLEAR      86.97/   86.97 mm   4.86/ 0.17 s
OK  g33_planonly_plans_R0.jsonl.gz#7             n  125 CLEAR  /CLEAR     151.78/  151.78 mm   5.73/ 0.22 s
OK  g33_planonly_plans_R0.jsonl.gz#8             n   59 CLEAR  /CLEAR     209.96/  209.96 mm   2.81/ 0.12 s
OK  g33_planonly_plans_R0.jsonl.gz#9             n  129 CLEAR  /CLEAR      89.81/   89.81 mm   6.41/ 0.28 s
OK  g33_planonly_plans_R0.jsonl.gz#10            n   85 CLEAR  /CLEAR      90.37/   90.37 mm   5.37/ 0.29 s
OK  g33_planonly_plans_R0.jsonl.gz#11            n  128 CLEAR  /CLEAR      60.35/   60.35 mm   8.75/ 0.29 s
OK  g33_planonly_plans_R0.jsonl.gz#12            n  128 CLEAR  /CLEAR      88.53/   88.53 mm   5.37/ 0.17 s
OK  g33_planonly_plans_R0.jsonl.gz#13            n  124 CLEAR  /CLEAR     151.10/  151.10 mm   5.72/ 0.24 s
OK  g33_planonly_plans_R0.jsonl.gz#14            n  126 CLEAR  /CLEAR     209.96/  209.96 mm   6.17/ 0.21 s
OK  g33_planonly_plans_R0.jsonl.gz#15            n   75 CLEAR  /CLEAR     119.32/  119.32 mm   3.63/ 0.20 s
OK  g33_planonly_plans_R0.jsonl.gz#16            n   98 CLEAR  /CLEAR      98.69/   98.69 mm   6.22/ 0.39 s
OK  g33_planonly_plans_R0.jsonl.gz#17            n  128 CLEAR  /CLEAR      59.70/   59.70 mm   7.89/ 0.26 s
OK  g33_planonly_plans_R10.jsonl.gz#0            n  104 CLEAR  /CLEAR      86.55/   86.55 mm   3.96/ 0.17 s
OK  g33_planonly_plans_R10.jsonl.gz#1            n   63 CLEAR  /CLEAR     153.50/  153.50 mm   2.90/ 0.14 s
OK  g33_planonly_plans_R10.jsonl.gz#2            n  131 CLEAR  /CLEAR      64.70/   64.70 mm   7.17/ 0.34 s
OK  g33_planonly_plans_R10.jsonl.gz#3            n  125 CLEAR  /CLEAR     120.69/  120.69 mm   6.98/ 0.37 s
OK  g33_planonly_plans_R10.jsonl.gz#4            n   83 CLEAR  /CLEAR      68.49/   68.49 mm   5.09/ 0.34 s
OK  g32hw_screen_plans_R0.jsonl.gz#0             n  125 CLEAR  /CLEAR      88.56/   88.56 mm   5.06/ 0.16 s
OK  g32hw_screen_plans_R0.jsonl.gz#1             n   67 CLEAR  /CLEAR     150.81/  150.81 mm   3.08/ 0.16 s
OK  g32hw_screen_plans_R0.jsonl.gz#2             n  127 CLEAR  /CLEAR     209.96/  209.96 mm   6.69/ 0.21 s
OK  g32hw_screen_plans_R0.jsonl.gz#3             n  129 CLEAR  /CLEAR      87.63/   87.63 mm   6.91/ 0.28 s
OK  g32hw_screen_plans_R0.jsonl.gz#4             n   75 CLEAR  /CLEAR      91.36/   91.36 mm   4.98/ 0.30 s
OK  g32hw_screen_plans_R0.jsonl.gz#5             n   40 CLEAR  /CLEAR      62.53/   62.53 mm   2.81/ 0.24 s
OK  g32hw_screen_plans_R0.jsonl.gz#6             n   93 CLEAR  /CLEAR      88.56/   88.56 mm   3.46/ 0.14 s
OK  g32hw_screen_plans_R0.jsonl.gz#7             n  127 CLEAR  /CLEAR     154.01/  154.01 mm   5.81/ 0.21 s
OK  g32hw_screen_plans_R0.jsonl.gz#8             n  127 CLEAR  /CLEAR     209.96/  209.96 mm   6.06/ 0.21 s
OK  g32hw_screen_plans_R0.jsonl.gz#9             n  128 CLEAR  /CLEAR      90.10/   90.10 mm   7.32/ 0.41 s
Traceback (most recent call last):
  File "/home/user1/Documents/ceiling_arm/docs/results/p1_g35/regress.py", line 222, in <module>
    print('RINGKAS', json.dumps(summ), flush=True)
  File "/home/user1/Documents/ceiling_arm/docs/results/p1_g35/regress.py", line 189, in main
    if base is None:
  File "/home/user1/Documents/ceiling_arm/docs/results/p1_g35/env_collision_old.py", line 195, in screen_trajectory
    d, g = self.check(self.q_from(j), only)
  File "/home/user1/Documents/ceiling_arm/docs/results/p1_g35/env_collision_old.py", line 180, in check
    d = coal.distance(g.geometry, coal.Transform3s(M.rotation, M.translation),
KeyboardInterrupt
