OK  v28_after_plans.jsonl.gz#2                   n  130 CLEAR  /CLEAR     202.43/  202.43 mm  11.92/ 1.45 s
OK  v28_after_plans.jsonl.gz#6                   n  117 CLEAR  /CLEAR      94.97/   94.97 mm  10.37/ 0.46 s
OK  v28_after_plans.jsonl.gz#10                  n  126 CLEAR  /CLEAR      99.44/   99.44 mm  12.86/ 0.54 s
OK  v28_after_plans.jsonl.gz#14                  n  120 CLEAR  /CLEAR      88.56/   88.56 mm  12.47/ 0.75 s
OK  v28_after_plans.jsonl.gz#18                  n  107 CLEAR  /CLEAR      94.97/   94.97 mm  10.27/ 0.46 s
OK  v28_after_plans.jsonl.gz#22                  n  118 CLEAR  /CLEAR      88.56/   88.56 mm  12.16/ 0.88 s
OK  v28_after_plans.jsonl.gz#26                  n  126 CLEAR  /CLEAR     201.21/  201.21 mm  14.23/ 0.40 s
OK  v28_after_plans.jsonl.gz#30                  n  114 CLEAR  /CLEAR     231.62/  231.62 mm   9.82/ 0.50 s
OK  v28_after_plans.jsonl.gz#34                  n  126 CLEAR  /CLEAR     202.85/  202.85 mm  13.79/ 0.76 s
OK  v28_after_plans.jsonl.gz#38                  n  106 CLEAR  /CLEAR      88.80/   88.80 mm  13.64/ 0.80 s
OK  v28_after_plans.jsonl.gz#42                  n  129 CLEAR  /CLEAR     202.43/  202.43 mm  12.15/ 0.89 s
OK  v28_after_plans.jsonl.gz#46                  n  128 CLEAR  /CLEAR      86.00/   86.00 mm  14.93/ 0.40 s
OK  v28_after_plans.jsonl.gz#50                  n  118 CLEAR  /CLEAR      58.13/   58.13 mm  13.89/ 0.50 s
OK  v28_after_plans.jsonl.gz#54                  n  128 CLEAR  /CLEAR     155.76/  155.76 mm  12.18/ 0.78 s
OK  v28_after_plans.jsonl.gz#58                  n  125 CLEAR  /CLEAR     195.13/  195.13 mm  12.51/ 0.88 s
OK  v28_after_plans.jsonl.gz#62                  n  126 CLEAR  /CLEAR      69.68/   69.68 mm  14.64/ 0.56 s
OK  v28_after_plans.jsonl.gz#66                  n  124 CLEAR  /CLEAR     202.43/  202.43 mm  12.08/ 0.65 s
OK  v28_after_plans.jsonl.gz#70                  n  127 CLEAR  /CLEAR     135.63/  135.63 mm  15.53/ 1.21 s
OK  v28_after_plans.jsonl.gz#74                  n  130 CLEAR  /CLEAR     109.94/  109.94 mm  15.57/ 0.77 s
OK  v28_after_plans.jsonl.gz#78                  n  130 CLEAR  /CLEAR     111.86/  111.86 mm  15.42/ 0.73 s
OK  v28_after_plans.jsonl.gz#82                  n  118 CLEAR  /CLEAR     202.85/  202.85 mm  12.95/ 0.65 s
OK  v28_after_plans.jsonl.gz#86                  n  117 CLEAR  /CLEAR      83.53/   83.53 mm  11.75/ 0.50 s
OK  v28_after_plans.jsonl.gz#90                  n  129 CLEAR  /CLEAR      70.91/   70.91 mm  14.56/ 0.75 s
OK  v28_after_plans.jsonl.gz#94                  n  128 CLEAR  /CLEAR     162.10/  162.10 mm  13.40/ 0.58 s
OK  v28_after_plans.jsonl.gz#98                  n  127 CLEAR  /CLEAR      86.00/   86.00 mm  13.94/ 0.63 s
OK  v28_after_plans.jsonl.gz#102                 n  131 CLEAR  /CLEAR     114.07/  114.07 mm  14.51/ 0.78 s
OK  v28_after_plans.jsonl.gz#106                 n  128 CLEAR  /CLEAR      70.91/   70.91 mm  14.24/ 0.83 s
OK  v28_after_plans.jsonl.gz#110                 n  124 COLLIDE/COLLIDE   -19.24/  -19.24 mm  15.45/ 1.71 s
OK  v28_after_plans.jsonl.gz#114                 n  125 CLEAR  /CLEAR     109.94/  109.94 mm  14.70/ 0.46 s
OK  v28_after_plans.jsonl.gz#118                 n  128 CLEAR  /CLEAR     109.58/  109.58 mm  14.84/ 0.52 s
OK  v28_after_plans.jsonl.gz#122                 n  117 CLEAR  /CLEAR     105.20/  105.20 mm  13.19/ 0.46 s
OK  v28_after_plans.jsonl.gz#126                 n  129 CLEAR  /CLEAR     168.54/  168.54 mm  11.49/ 0.70 s
OK  v28_after_plans.jsonl.gz#130                 n  127 CLEAR  /CLEAR     202.85/  202.85 mm  11.95/ 0.47 s
OK  v28_after_plans.jsonl.gz#134                 n  127 CLEAR  /CLEAR     202.85/  202.85 mm  10.47/ 0.50 s
OK  v28_after_plans.jsonl.gz#138                 n  127 CLEAR  /CLEAR     252.92/  252.92 mm  10.25/ 0.58 s
OK  v28_after_plans.jsonl.gz#142                 n  127 CLEAR  /CLEAR      86.61/   86.61 mm  12.00/ 0.79 s
OK  v28_after_plans.jsonl.gz#146                 n  104 CLEAR  /CLEAR     202.85/  202.85 mm  10.23/ 0.41 s
OK  v28_after_plans.jsonl.gz#150                 n  128 CLEAR  /CLEAR     154.01/  154.01 mm  13.64/ 0.58 s
OK  v28_after_plans.jsonl.gz#154                 n  127 CLEAR  /CLEAR     114.03/  114.03 mm  11.98/ 0.73 s
OK  v28_after_plans.jsonl.gz#158                 n  127 CLEAR  /CLEAR      73.29/   73.29 mm  14.45/ 0.48 s
OK  v28_after_plans.jsonl.gz#162                 n  127 CLEAR  /CLEAR     108.44/  108.44 mm   5.94/ 0.21 s
OK  v28_after_plans.jsonl.gz#166                 n  128 CLEAR  /CLEAR      93.88/   93.88 mm   6.11/ 0.21 s
OK  v28_after_plans.jsonl.gz#170                 n  128 CLEAR  /CLEAR      90.76/   90.76 mm   6.20/ 0.21 s
OK  v28_after_plans.jsonl.gz#174                 n  128 CLEAR  /CLEAR      95.21/   95.21 mm   6.65/ 0.21 s
OK  v28_after_plans.jsonl.gz#178                 n  128 CLEAR  /CLEAR      70.91/   70.91 mm   6.71/ 0.31 s
OK  v28_after_plans.jsonl.gz#182                 n  126 COLLIDE/COLLIDE   -16.40/  -16.40 mm   7.13/ 0.39 s
RINGKAS {"source": "v28", "n": 46, "bad": 0, "skipped": 0, "bit_identical": 46, "verdicts": {"CLEAR": 44, "MARGIN": 0, "COLLIDE": 2}, "t_old": 559.1574560091831, "t_new": 29.0001786747016, "speedup": 19.281172791427174, "n_samples": 5715}
