OK  g31_screen_plans.jsonl.gz#1                  n  133 CLEAR  /CLEAR     148.44/  148.44 mm   7.42/ 0.77 s
OK  g31_screen_plans.jsonl.gz#7                  n   97 CLEAR  /CLEAR     153.98/  153.98 mm   7.79/ 0.53 s
OK  g31_screen_plans.jsonl.gz#13                 n   95 CLEAR  /CLEAR     140.28/  140.28 mm   7.93/ 0.46 s
OK  g31_screen_plans.jsonl.gz#19                 n  129 CLEAR  /CLEAR     126.76/  126.76 mm  14.50/ 0.52 s
OK  g31_screen_plans.jsonl.gz#25                 n  129 CLEAR  /CLEAR     126.14/  126.14 mm  14.83/ 0.42 s
OK  g31_screen_plans.jsonl.gz#31                 n   57 CLEAR  /CLEAR     123.82/  123.82 mm   6.00/ 0.31 s
OK  g31_screen_plans.jsonl.gz#37                 n  139 CLEAR  /CLEAR     280.92/  280.92 mm  12.47/ 0.66 s
OK  g31_screen_plans.jsonl.gz#43                 n   57 CLEAR  /CLEAR     280.92/  280.92 mm   4.84/ 0.27 s
OK  g31_screen_plans.jsonl.gz#49                 n  127 CLEAR  /CLEAR     280.92/  280.92 mm  11.47/ 0.48 s
OK  g31_screen_plans.jsonl.gz#55                 n   58 CLEAR  /CLEAR     271.45/  271.45 mm   5.10/ 0.51 s
OK  g31_screen_plans.jsonl.gz#61                 n   57 CLEAR  /CLEAR     271.45/  271.45 mm   5.12/ 0.52 s
OK  g31_screen_plans.jsonl.gz#67                 n  125 CLEAR  /CLEAR     271.15/  271.15 mm  11.09/ 1.00 s
OK  g31_screen_plans.jsonl.gz#73                 n  135 CLEAR  /CLEAR     212.14/  212.14 mm  11.44/ 0.83 s
OK  g31_screen_plans.jsonl.gz#79                 n  138 CLEAR  /CLEAR     212.14/  212.14 mm  14.58/ 1.15 s
OK  g31_screen_plans.jsonl.gz#85                 n   50 CLEAR  /CLEAR     212.14/  212.14 mm   4.68/ 0.36 s
OK  g31_screen_plans.jsonl.gz#91                 n   68 CLEAR  /CLEAR     253.01/  253.01 mm   8.80/ 0.36 s
OK  g31_screen_plans.jsonl.gz#97                 n   63 CLEAR  /CLEAR     250.96/  250.96 mm   8.42/ 0.31 s
OK  g31_screen_plans.jsonl.gz#103                n   77 CLEAR  /CLEAR     251.69/  251.69 mm  10.53/ 0.43 s
OK  g31_screen_plans.jsonl.gz#109                n  128 CLEAR  /CLEAR     168.96/  168.96 mm  18.47/ 0.50 s
OK  g31_screen_plans.jsonl.gz#115                n  126 CLEAR  /CLEAR     160.99/  160.99 mm  17.61/ 0.52 s
OK  g31_screen_plans.jsonl.gz#121                n  128 CLEAR  /CLEAR     168.67/  168.67 mm  17.83/ 0.51 s
OK  g31_screen_plans.jsonl.gz#127                n  120 CLEAR  /CLEAR     155.15/  155.15 mm  15.27/ 0.54 s
OK  g31_screen_plans.jsonl.gz#133                n   66 CLEAR  /CLEAR     136.80/  136.80 mm   7.79/ 0.46 s
OK  g31_screen_plans.jsonl.gz#139                n  127 CLEAR  /CLEAR     150.21/  150.21 mm  15.67/ 0.77 s
OK  g31_screen_plans.jsonl.gz#145                n   93 CLEAR  /CLEAR     182.02/  182.02 mm   8.46/ 0.56 s
OK  g31_screen_plans.jsonl.gz#151                n  163 CLEAR  /CLEAR     182.02/  182.02 mm  15.01/ 0.95 s
OK  g31_screen_plans.jsonl.gz#157                n   94 CLEAR  /CLEAR     182.02/  182.02 mm   7.79/ 0.57 s
OK  g31_screen_plans.jsonl.gz#163                n  136 CLEAR  /CLEAR     202.85/  202.85 mm  11.88/ 0.48 s
OK  g31_screen_plans.jsonl.gz#169                n  107 CLEAR  /CLEAR     202.85/  202.85 mm   8.75/ 0.42 s
OK  g31_screen_plans.jsonl.gz#175                n  103 CLEAR  /CLEAR     202.85/  202.85 mm   8.75/ 0.45 s
OK  g31_screen_plans.jsonl.gz#181                n  135 CLEAR  /CLEAR     119.88/  119.88 mm  12.87/ 0.69 s
OK  g31_screen_plans.jsonl.gz#187                n  135 CLEAR  /CLEAR     119.88/  119.88 mm  12.28/ 0.54 s
OK  g31_screen_plans.jsonl.gz#193                n   91 CLEAR  /CLEAR     119.88/  119.88 mm   8.69/ 0.38 s
OK  g31_screen_plans.jsonl.gz#199                n   92 CLEAR  /CLEAR     134.03/  134.03 mm   8.26/ 0.36 s
OK  g31_screen_plans.jsonl.gz#205                n  127 CLEAR  /CLEAR     144.18/  144.18 mm  12.31/ 0.46 s
OK  g31_screen_plans.jsonl.gz#211                n   91 CLEAR  /CLEAR     135.70/  135.70 mm   8.70/ 0.54 s
OK  g31_screen_plans.jsonl.gz#217                n  126 CLEAR  /CLEAR     142.93/  142.93 mm  14.42/ 1.11 s
OK  g31_screen_plans.jsonl.gz#223                n  128 CLEAR  /CLEAR     233.08/  233.08 mm  15.42/ 0.98 s
OK  g31_screen_plans.jsonl.gz#229                n  128 CLEAR  /CLEAR     172.42/  172.42 mm  16.18/ 1.33 s
OK  g31_screen_plans.jsonl.gz#235                n   93 CLEAR  /CLEAR     189.79/  189.79 mm   8.55/ 0.45 s
OK  g31_screen_plans.jsonl.gz#241                n  130 CLEAR  /CLEAR     189.79/  189.79 mm  11.59/ 0.47 s
OK  g31_screen_plans.jsonl.gz#247                n   92 CLEAR  /CLEAR     189.79/  189.79 mm   7.82/ 0.39 s
OK  g31_screen_plans.jsonl.gz#253                n  109 CLEAR  /CLEAR     169.11/  169.11 mm  12.59/ 0.51 s
OK  g31_screen_plans.jsonl.gz#259                n  110 CLEAR  /CLEAR     169.11/  169.11 mm  13.63/ 0.61 s
OK  g31_screen_plans.jsonl.gz#265                n   67 CLEAR  /CLEAR     169.11/  169.11 mm   7.56/ 0.41 s
OK  g31_screen_plans.jsonl.gz#271                n   44 CLEAR  /CLEAR     273.14/  273.14 mm   3.47/ 0.20 s
OK  g31_screen_plans.jsonl.gz#277                n   37 CLEAR  /CLEAR     273.14/  273.14 mm   2.95/ 0.18 s
OK  g31_screen_plans.jsonl.gz#283                n   78 CLEAR  /CLEAR     273.14/  273.14 mm   6.31/ 0.36 s
OK  g31_screen_plans.jsonl.gz#289                n   65 CLEAR  /CLEAR     270.00/  270.00 mm   5.85/ 0.29 s
OK  g31_screen_plans.jsonl.gz#295                n   95 CLEAR  /CLEAR     269.60/  269.60 mm   8.50/ 0.50 s
OK  g31_screen_plans.jsonl.gz#301                n   67 CLEAR  /CLEAR     272.45/  272.45 mm   5.95/ 0.31 s
RINGKAS {"source": "plans", "n": 51, "bad": 0, "skipped": 0, "bit_identical": 51, "verdicts": {"CLEAR": 51, "MARGIN": 0, "COLLIDE": 0}, "t_old": 524.202081440948, "t_new": 27.696070584934205, "speedup": 18.926947771648788, "n_samples": 5165}
