OK  v28_plans.jsonl.gz#0                         n  124 CLEAR  /CLEAR     202.43/  202.43 mm  12.06/ 1.26 s
OK  v28_plans.jsonl.gz#4                         n  128 CLEAR  /CLEAR     115.11/  115.11 mm  15.12/ 1.19 s
OK  v28_plans.jsonl.gz#8                         n  122 CLEAR  /CLEAR      94.97/   94.97 mm  12.43/ 0.66 s
OK  v28_plans.jsonl.gz#12                        n  127 CLEAR  /CLEAR      88.56/   88.56 mm  13.00/ 0.88 s
OK  v28_plans.jsonl.gz#16                        n  118 CLEAR  /CLEAR     246.75/  246.75 mm   9.93/ 0.44 s
OK  v28_plans.jsonl.gz#20                        n  131 CLEAR  /CLEAR      94.97/   94.97 mm  13.29/ 0.52 s
OK  v28_plans.jsonl.gz#24                        n  129 CLEAR  /CLEAR     143.53/  143.53 mm  15.08/ 0.87 s
OK  v28_plans.jsonl.gz#28                        n  125 CLEAR  /CLEAR      90.76/   90.76 mm  12.91/ 0.58 s
OK  v28_plans.jsonl.gz#32                        n  129 CLEAR  /CLEAR     231.62/  231.62 mm  11.56/ 0.64 s
OK  v28_plans.jsonl.gz#36                        n  130 CLEAR  /CLEAR     130.54/  130.54 mm  14.18/ 0.42 s
OK  v28_plans.jsonl.gz#40                        n  128 CLEAR  /CLEAR     202.85/  202.85 mm  11.30/ 0.64 s
OK  v28_plans.jsonl.gz#44                        n  118 CLEAR  /CLEAR     202.43/  202.43 mm  10.82/ 0.60 s
OK  v28_plans.jsonl.gz#48                        n  119 CLEAR  /CLEAR      57.99/   57.99 mm  13.56/ 0.52 s
OK  v28_plans.jsonl.gz#52                        n  119 CLEAR  /CLEAR     139.78/  139.78 mm  10.84/ 0.52 s
OK  v28_plans.jsonl.gz#56                        n  127 CLEAR  /CLEAR     202.43/  202.43 mm  11.92/ 0.81 s
OK  v28_plans.jsonl.gz#60                        n  127 CLEAR  /CLEAR      93.08/   93.08 mm  15.64/ 0.42 s
OK  v28_plans.jsonl.gz#64                        n  129 MARGIN /MARGIN     32.44/   32.44 mm  15.98/ 0.77 s
OK  v28_plans.jsonl.gz#68                        n  124 CLEAR  /CLEAR     191.29/  191.29 mm  11.71/ 0.55 s
OK  v28_plans.jsonl.gz#72                        n  128 CLEAR  /CLEAR     109.94/  109.94 mm  15.52/ 0.68 s
OK  v28_plans.jsonl.gz#76                        n  125 CLEAR  /CLEAR      84.03/   84.03 mm  11.93/ 0.49 s
OK  v28_plans.jsonl.gz#80                        n  127 CLEAR  /CLEAR     111.86/  111.86 mm  15.28/ 0.69 s
OK  v28_plans.jsonl.gz#84                        n  124 CLEAR  /CLEAR      81.70/   81.70 mm  12.75/ 0.47 s
OK  v28_plans.jsonl.gz#88                        n  125 CLEAR  /CLEAR      81.31/   81.31 mm  12.63/ 0.51 s
OK  v28_plans.jsonl.gz#92                        n  108 CLEAR  /CLEAR      70.91/   70.91 mm  11.85/ 0.54 s
OK  v28_plans.jsonl.gz#96                        n  125 CLEAR  /CLEAR      86.00/   86.00 mm  13.19/ 0.62 s
OK  v28_plans.jsonl.gz#100                       n  127 CLEAR  /CLEAR      93.08/   93.08 mm  14.22/ 0.69 s
OK  v28_plans.jsonl.gz#104                       n  131 COLLIDE/COLLIDE    -4.38/   -4.38 mm  15.21/ 1.08 s
OK  v28_plans.jsonl.gz#108                       n  126 MARGIN /MARGIN     32.44/   32.44 mm  15.24/ 0.53 s
OK  v28_plans.jsonl.gz#112                       n  129 CLEAR  /CLEAR     147.54/  147.54 mm  15.84/ 0.63 s
OK  v28_plans.jsonl.gz#116                       n  125 CLEAR  /CLEAR     109.79/  109.79 mm  14.54/ 0.50 s
OK  v28_plans.jsonl.gz#120                       n  125 CLEAR  /CLEAR     113.13/  113.13 mm  14.62/ 0.43 s
OK  v28_plans.jsonl.gz#124                       n  127 CLEAR  /CLEAR     202.85/  202.85 mm  10.14/ 0.45 s
OK  v28_plans.jsonl.gz#128                       n  129 CLEAR  /CLEAR     168.54/  168.54 mm  11.01/ 0.71 s
OK  v28_plans.jsonl.gz#132                       n  127 CLEAR  /CLEAR     202.85/  202.85 mm  10.17/ 0.48 s
OK  v28_plans.jsonl.gz#136                       n  128 CLEAR  /CLEAR     231.62/  231.62 mm  10.27/ 0.49 s
OK  v28_plans.jsonl.gz#140                       n  128 CLEAR  /CLEAR     252.92/  252.92 mm  10.22/ 0.59 s
OK  v28_plans.jsonl.gz#144                       n  115 CLEAR  /CLEAR     202.85/  202.85 mm  10.81/ 0.46 s
OK  v28_plans.jsonl.gz#148                       n  128 CLEAR  /CLEAR      95.32/   95.32 mm  11.88/ 0.81 s
OK  v28_plans.jsonl.gz#152                       n  129 CLEAR  /CLEAR     154.01/  154.01 mm  10.01/ 0.32 s
OK  v28_plans.jsonl.gz#156                       n  127 CLEAR  /CLEAR     103.60/  103.60 mm   7.81/ 0.40 s
OK  v28_plans.jsonl.gz#160                       n  127 CLEAR  /CLEAR      71.63/   71.63 mm   8.51/ 0.54 s
OK  v28_plans.jsonl.gz#164                       n  128 CLEAR  /CLEAR     104.78/  104.78 mm   6.11/ 0.21 s
OK  v28_plans.jsonl.gz#168                       n  128 CLEAR  /CLEAR      90.76/   90.76 mm   6.29/ 0.22 s
OK  v28_plans.jsonl.gz#172                       n  128 CLEAR  /CLEAR     189.66/  189.66 mm   7.08/ 0.31 s
OK  v28_plans.jsonl.gz#176                       n  128 CLEAR  /CLEAR      95.14/   95.14 mm   6.67/ 0.22 s
OK  v28_plans.jsonl.gz#180                       n  116 CLEAR  /CLEAR      71.63/   71.63 mm   7.30/ 0.21 s
RINGKAS {"source": "v28", "n": 46, "bad": 0, "skipped": 0, "bit_identical": 46, "verdicts": {"CLEAR": 43, "MARGIN": 2, "COLLIDE": 1}, "t_old": 548.3926623375155, "t_new": 26.519361790735275, "speedup": 20.678953990857366, "n_samples": 5772}
