OK  v28_plans.jsonl.gz#2                         n  118 CLEAR  /CLEAR     202.43/  202.43 mm  11.56/ 1.38 s
OK  v28_plans.jsonl.gz#6                         n  117 CLEAR  /CLEAR      94.97/   94.97 mm  10.48/ 0.46 s
OK  v28_plans.jsonl.gz#10                        n  124 CLEAR  /CLEAR      99.44/   99.44 mm  12.10/ 0.49 s
OK  v28_plans.jsonl.gz#14                        n  116 CLEAR  /CLEAR      88.56/   88.56 mm  11.27/ 0.75 s
OK  v28_plans.jsonl.gz#18                        n  107 CLEAR  /CLEAR      94.97/   94.97 mm  10.40/ 0.52 s
OK  v28_plans.jsonl.gz#22                        n  107 CLEAR  /CLEAR      88.56/   88.56 mm  11.86/ 0.73 s
OK  v28_plans.jsonl.gz#26                        n  115 CLEAR  /CLEAR     201.21/  201.21 mm  12.92/ 0.62 s
OK  v28_plans.jsonl.gz#30                        n  108 CLEAR  /CLEAR     231.62/  231.62 mm   9.29/ 0.76 s
OK  v28_plans.jsonl.gz#34                        n  118 CLEAR  /CLEAR     202.85/  202.85 mm  12.72/ 0.68 s
OK  v28_plans.jsonl.gz#38                        n  105 CLEAR  /CLEAR      85.19/   85.19 mm  11.91/ 0.68 s
OK  v28_plans.jsonl.gz#42                        n  109 CLEAR  /CLEAR     183.46/  183.46 mm   9.99/ 0.54 s
OK  v28_plans.jsonl.gz#46                        n  133 CLEAR  /CLEAR      86.00/   86.00 mm  14.29/ 0.42 s
OK  v28_plans.jsonl.gz#50                        n  124 CLEAR  /CLEAR      62.49/   62.49 mm  14.19/ 0.59 s
OK  v28_plans.jsonl.gz#54                        n  119 CLEAR  /CLEAR     202.43/  202.43 mm  11.64/ 0.59 s
OK  v28_plans.jsonl.gz#58                        n  108 CLEAR  /CLEAR     202.85/  202.85 mm  10.57/ 0.61 s
OK  v28_plans.jsonl.gz#62                        n  126 CLEAR  /CLEAR      93.08/   93.08 mm  16.08/ 0.41 s
OK  v28_plans.jsonl.gz#66                        n  125 CLEAR  /CLEAR     191.65/  191.65 mm  11.30/ 0.57 s
OK  v28_plans.jsonl.gz#70                        n  129 CLEAR  /CLEAR     135.63/  135.63 mm  15.64/ 1.02 s
OK  v28_plans.jsonl.gz#74                        n  127 CLEAR  /CLEAR     109.94/  109.94 mm  15.15/ 0.61 s
OK  v28_plans.jsonl.gz#78                        n  128 CLEAR  /CLEAR     111.86/  111.86 mm  16.54/ 0.78 s
OK  v28_plans.jsonl.gz#82                        n  126 CLEAR  /CLEAR     202.85/  202.85 mm  12.95/ 0.76 s
OK  v28_plans.jsonl.gz#86                        n  127 CLEAR  /CLEAR      88.56/   88.56 mm  11.58/ 0.37 s
OK  v28_plans.jsonl.gz#90                        n  127 CLEAR  /CLEAR      70.91/   70.91 mm  14.65/ 0.62 s
OK  v28_plans.jsonl.gz#94                        n  125 CLEAR  /CLEAR     162.10/  162.10 mm  13.45/ 0.57 s
OK  v28_plans.jsonl.gz#98                        n  108 CLEAR  /CLEAR      86.00/   86.00 mm  11.27/ 0.51 s
OK  v28_plans.jsonl.gz#102                       n  128 CLEAR  /CLEAR     114.07/  114.07 mm  14.12/ 0.77 s
OK  v28_plans.jsonl.gz#106                       n  129 CLEAR  /CLEAR      70.91/   70.91 mm  13.86/ 0.65 s
OK  v28_plans.jsonl.gz#110                       n  129 MARGIN /MARGIN     32.44/   32.44 mm  15.14/ 0.58 s
OK  v28_plans.jsonl.gz#114                       n  127 CLEAR  /CLEAR     103.03/  103.03 mm  15.73/ 0.60 s
OK  v28_plans.jsonl.gz#118                       n  119 CLEAR  /CLEAR     119.62/  119.62 mm  12.82/ 0.45 s
OK  v28_plans.jsonl.gz#122                       n  118 CLEAR  /CLEAR     115.11/  115.11 mm  12.86/ 0.44 s
OK  v28_plans.jsonl.gz#126                       n  128 CLEAR  /CLEAR     168.54/  168.54 mm  10.70/ 0.69 s
OK  v28_plans.jsonl.gz#130                       n  127 CLEAR  /CLEAR     202.85/  202.85 mm  11.80/ 0.46 s
OK  v28_plans.jsonl.gz#134                       n  127 CLEAR  /CLEAR     202.85/  202.85 mm  10.45/ 0.50 s
OK  v28_plans.jsonl.gz#138                       n  127 CLEAR  /CLEAR     252.92/  252.92 mm  10.28/ 0.57 s
OK  v28_plans.jsonl.gz#142                       n  126 CLEAR  /CLEAR      86.61/   86.61 mm  12.00/ 0.78 s
OK  v28_plans.jsonl.gz#146                       n  115 CLEAR  /CLEAR     202.85/  202.85 mm  10.81/ 0.46 s
OK  v28_plans.jsonl.gz#150                       n  105 CLEAR  /CLEAR     154.01/  154.01 mm  11.07/ 0.49 s
OK  v28_plans.jsonl.gz#154                       n  127 CLEAR  /CLEAR     202.85/  202.85 mm  11.82/ 0.85 s
OK  v28_plans.jsonl.gz#158                       n  129 CLEAR  /CLEAR      81.62/   81.62 mm  14.60/ 0.53 s
OK  v28_plans.jsonl.gz#162                       n  128 CLEAR  /CLEAR     103.68/  103.68 mm   9.13/ 0.22 s
OK  v28_plans.jsonl.gz#166                       n  127 CLEAR  /CLEAR      93.94/   93.94 mm   6.23/ 0.21 s
OK  v28_plans.jsonl.gz#170                       n  128 CLEAR  /CLEAR      90.76/   90.76 mm   6.42/ 0.22 s
OK  v28_plans.jsonl.gz#174                       n  126 CLEAR  /CLEAR      84.96/   84.96 mm   6.72/ 0.22 s
OK  v28_plans.jsonl.gz#178                       n  105 CLEAR  /CLEAR      70.91/   70.91 mm   5.99/ 0.27 s
OK  v28_plans.jsonl.gz#182                       n  127 COLLIDE/COLLIDE    -5.90/   -5.90 mm   8.46/ 0.46 s
RINGKAS {"source": "v28", "n": 46, "bad": 0, "skipped": 0, "bit_identical": 46, "verdicts": {"CLEAR": 44, "MARGIN": 1, "COLLIDE": 1}, "t_old": 544.8353115129285, "t_new": 26.452148877549917, "speedup": 20.597015162550107, "n_samples": 5578}
