OK  v28_plans.jsonl.gz#3                         n  130 CLEAR  /CLEAR     115.11/  115.11 mm  13.28/ 0.89 s
OK  v28_plans.jsonl.gz#7                         n  118 CLEAR  /CLEAR      94.97/   94.97 mm  10.98/ 0.50 s
OK  v28_plans.jsonl.gz#11                        n  128 CLEAR  /CLEAR      99.44/   99.44 mm  12.60/ 0.59 s
OK  v28_plans.jsonl.gz#15                        n  127 CLEAR  /CLEAR     246.75/  246.75 mm  12.19/ 0.82 s
OK  v28_plans.jsonl.gz#19                        n  117 CLEAR  /CLEAR      94.97/   94.97 mm  11.50/ 0.49 s
OK  v28_plans.jsonl.gz#23                        n  129 CLEAR  /CLEAR      88.56/   88.56 mm  13.37/ 0.90 s
OK  v28_plans.jsonl.gz#27                        n  124 CLEAR  /CLEAR      90.76/   90.76 mm  13.60/ 0.66 s
OK  v28_plans.jsonl.gz#31                        n  119 CLEAR  /CLEAR     231.62/  231.62 mm  10.06/ 0.48 s
OK  v28_plans.jsonl.gz#35                        n  124 CLEAR  /CLEAR     202.85/  202.85 mm  14.43/ 0.75 s
OK  v28_plans.jsonl.gz#39                        n  128 CLEAR  /CLEAR     202.85/  202.85 mm  12.72/ 0.62 s
OK  v28_plans.jsonl.gz#43                        n  125 CLEAR  /CLEAR     202.43/  202.43 mm  11.36/ 0.62 s
OK  v28_plans.jsonl.gz#47                        n  108 CLEAR  /CLEAR      84.20/   84.20 mm  12.23/ 0.51 s
OK  v28_plans.jsonl.gz#51                        n  127 CLEAR  /CLEAR     136.81/  136.81 mm  12.67/ 0.53 s
OK  v28_plans.jsonl.gz#55                        n  109 CLEAR  /CLEAR     190.48/  190.48 mm   9.97/ 0.66 s
OK  v28_plans.jsonl.gz#59                        n  119 CLEAR  /CLEAR     202.85/  202.85 mm  11.76/ 0.61 s
OK  v28_plans.jsonl.gz#63                        n  129 MARGIN /MARGIN     32.44/   32.44 mm  16.42/ 0.86 s
OK  v28_plans.jsonl.gz#67                        n  117 CLEAR  /CLEAR     202.43/  202.43 mm  10.95/ 0.67 s
OK  v28_plans.jsonl.gz#71                        n  126 CLEAR  /CLEAR     135.63/  135.63 mm  15.14/ 0.99 s
OK  v28_plans.jsonl.gz#75                        n  134 CLEAR  /CLEAR      92.56/   92.56 mm  12.94/ 0.50 s
OK  v28_plans.jsonl.gz#79                        n  129 CLEAR  /CLEAR     111.86/  111.86 mm  16.38/ 0.62 s
OK  v28_plans.jsonl.gz#83                        n  120 CLEAR  /CLEAR     202.85/  202.85 mm  12.91/ 0.66 s
OK  v28_plans.jsonl.gz#87                        n  128 CLEAR  /CLEAR      88.32/   88.32 mm  12.69/ 0.65 s
OK  v28_plans.jsonl.gz#91                        n  109 CLEAR  /CLEAR      70.91/   70.91 mm  11.76/ 0.58 s
OK  v28_plans.jsonl.gz#95                        n  109 CLEAR  /CLEAR     162.10/  162.10 mm  12.15/ 0.54 s
OK  v28_plans.jsonl.gz#99                        n  127 CLEAR  /CLEAR      93.08/   93.08 mm  14.20/ 0.68 s
OK  v28_plans.jsonl.gz#103                       n  128 CLEAR  /CLEAR     114.07/  114.07 mm  14.10/ 0.77 s
OK  v28_plans.jsonl.gz#107                       n  125 CLEAR  /CLEAR      70.91/   70.91 mm  13.74/ 0.78 s
OK  v28_plans.jsonl.gz#111                       n  117 CLEAR  /CLEAR     154.01/  154.01 mm  12.64/ 0.48 s
OK  v28_plans.jsonl.gz#115                       n  107 CLEAR  /CLEAR     109.94/  109.94 mm  12.37/ 0.37 s
OK  v28_plans.jsonl.gz#119                       n  129 CLEAR  /CLEAR     135.63/  135.63 mm  14.58/ 0.54 s
OK  v28_plans.jsonl.gz#123                       n  126 CLEAR  /CLEAR     202.85/  202.85 mm   8.00/ 0.28 s
OK  v28_plans.jsonl.gz#127                       n  127 CLEAR  /CLEAR     168.54/  168.54 mm   6.50/ 0.41 s
OK  v28_plans.jsonl.gz#131                       n  128 CLEAR  /CLEAR     202.85/  202.85 mm   6.76/ 0.27 s
OK  v28_plans.jsonl.gz#135                       n  126 CLEAR  /CLEAR     231.62/  231.62 mm   6.37/ 0.49 s
OK  v28_plans.jsonl.gz#139                       n  127 CLEAR  /CLEAR     252.92/  252.92 mm  10.41/ 0.58 s
OK  v28_plans.jsonl.gz#143                       n  126 CLEAR  /CLEAR      86.61/   86.61 mm  11.83/ 0.79 s
OK  v28_plans.jsonl.gz#147                       n  126 CLEAR  /CLEAR      95.32/   95.32 mm  12.05/ 0.81 s
OK  v28_plans.jsonl.gz#151                       n  104 CLEAR  /CLEAR     154.01/  154.01 mm  10.95/ 0.48 s
OK  v28_plans.jsonl.gz#155                       n  127 CLEAR  /CLEAR     117.24/  117.24 mm  12.01/ 0.76 s
OK  v28_plans.jsonl.gz#159                       n  128 CLEAR  /CLEAR      71.63/   71.63 mm  14.70/ 1.00 s
OK  v28_plans.jsonl.gz#163                       n  127 CLEAR  /CLEAR     108.40/  108.40 mm   9.47/ 0.32 s
OK  v28_plans.jsonl.gz#167                       n  104 CLEAR  /CLEAR      92.69/   92.69 mm   5.39/ 0.20 s
OK  v28_plans.jsonl.gz#171                       n  128 CLEAR  /CLEAR     189.68/  189.68 mm   7.25/ 0.32 s
OK  v28_plans.jsonl.gz#175                       n  127 CLEAR  /CLEAR      84.11/   84.11 mm   6.90/ 0.23 s
OK  v28_plans.jsonl.gz#179                       n  116 CLEAR  /CLEAR      70.91/   70.91 mm   7.08/ 0.31 s
RINGKAS {"source": "v28", "n": 45, "bad": 0, "skipped": 0, "bit_identical": 45, "verdicts": {"CLEAR": 44, "MARGIN": 1, "COLLIDE": 0}, "t_old": 521.3537692227401, "t_new": 26.556336221750826, "speedup": 19.631991584581915, "n_samples": 5513}
