OK  g34_planonly_plans_g34_R0.jsonl#1            n   67 CLEAR  /CLEAR     150.94/  150.94 mm   7.17/ 0.36 s
OK  g34_planonly_plans_g34_R10.jsonl#1           n   68 CLEAR  /CLEAR     153.77/  153.77 mm   7.37/ 0.38 s
OK  g34_planonly_plans_g34_R10.jsonl#4           n   89 CLEAR  /CLEAR      66.63/   66.63 mm  11.75/ 0.60 s
OK  g34_planonly_plans_g34_R10.jsonl#7           n  102 CLEAR  /CLEAR      85.82/   85.82 mm   9.11/ 0.37 s
OK  g34_planonly_plans_g34_R10.jsonl#10          n  127 CLEAR  /CLEAR     119.62/  119.62 mm  17.37/ 0.80 s
OK  g34_planonly_plans_g34_R10.jsonl#13          n  126 CLEAR  /CLEAR      88.54/   88.54 mm  11.41/ 0.38 s
OK  g34_planonly_plans_g34_R10.jsonl#16          n   64 CLEAR  /CLEAR      98.16/   98.16 mm   7.26/ 0.30 s
OK  g34_planonly_plans_g34b_hw_R0.jsonl#1        n  128 CLEAR  /CLEAR     154.01/  154.01 mm  13.55/ 0.50 s
OK  g34_planonly_plans_g34b_hw_R0.jsonl#4        n  130 CLEAR  /CLEAR      99.39/   99.39 mm  18.88/ 1.05 s
OK  g34_planonly_plans_g34b_hw_R0.jsonl#7        n   68 CLEAR  /CLEAR     150.92/  150.92 mm   7.78/ 0.40 s
OK  g34_planonly_plans_g34b_hw_R0.jsonl#10       n   92 CLEAR  /CLEAR     101.87/  101.87 mm  17.43/ 1.01 s
OK  g34_planonly_plans_g34b_hw_R0.jsonl#13       n  130 CLEAR  /CLEAR     151.84/  151.84 mm  14.75/ 0.52 s
OK  g34_planonly_plans_g34b_hw_R0.jsonl#16       n   88 CLEAR  /CLEAR      89.47/   89.47 mm  15.12/ 0.89 s
OK  g34_planonly_plans_g34b_hw_R10.jsonl#1       n  128 CLEAR  /CLEAR     154.01/  154.01 mm  16.17/ 0.63 s
OK  g34_planonly_plans_g34b_hw_R10.jsonl#4       n   90 CLEAR  /CLEAR      61.42/   61.42 mm  13.72/ 1.02 s
OK  g34_planonly_plans_g34b_hw_R10.jsonl#7       n  129 CLEAR  /CLEAR     154.01/  154.01 mm  16.98/ 0.45 s
OK  g34_planonly_plans_g34b_hw_R10.jsonl#10      n   82 CLEAR  /CLEAR      63.53/   63.53 mm  14.58/ 0.75 s
OK  g34_planonly_plans_g34b_hw_R10.jsonl#13      n   62 CLEAR  /CLEAR     153.70/  153.70 mm   7.82/ 0.37 s
OK  g34_planonly_plans_g34b_hw_R10.jsonl#16      n  142 CLEAR  /CLEAR      63.15/   63.15 mm  22.39/ 1.05 s
OK  g34_planonly_plans_g34n_R0.jsonl#1           n  127 CLEAR  /CLEAR     154.01/  154.01 mm  15.45/ 0.54 s
OK  g34_planonly_plans_g34n_R0.jsonl#4           n  101 CLEAR  /CLEAR     101.51/  101.51 mm  16.51/ 0.97 s
OK  g34_planonly_plans_g34n_R0.jsonl#7           n  127 CLEAR  /CLEAR     154.01/  154.01 mm  15.17/ 0.54 s
OK  g34_planonly_plans_g34n_R0.jsonl#10          n   86 CLEAR  /CLEAR      80.66/   80.66 mm  13.30/ 0.90 s
OK  g34_planonly_plans_g34n_R0.jsonl#13          n   67 CLEAR  /CLEAR     150.83/  150.83 mm   7.91/ 0.43 s
OK  g34_planonly_plans_g34n_R0.jsonl#16          n   95 CLEAR  /CLEAR      92.55/   92.55 mm  16.35/ 1.07 s
OK  g34_planonly_plans_g34n_R10.jsonl#1          n  126 CLEAR  /CLEAR     154.01/  154.01 mm  15.36/ 0.39 s
OK  g34_planonly_plans_g34n_R10.jsonl#4          n   81 CLEAR  /CLEAR      65.25/   65.25 mm  13.50/ 0.89 s
OK  g34_planonly_plans_g34n_R10.jsonl#7          n  127 CLEAR  /CLEAR      88.54/   88.54 mm  13.22/ 0.42 s
OK  g34_planonly_plans_g34n_R10.jsonl#10         n   64 CLEAR  /CLEAR     105.92/  105.92 mm   8.08/ 0.32 s
OK  g34_planonly_plans_g34n_R10.jsonl#13         n   91 CLEAR  /CLEAR      88.56/   88.56 mm   8.87/ 0.35 s
OK  g34_planonly_plans_g34n_R10.jsonl#16         n  130 CLEAR  /CLEAR     114.70/  114.70 mm  19.71/ 0.89 s
OK  g34_planonly_plans_reg3_R0.jsonl#1           n   84 CLEAR  /CLEAR     151.61/  151.61 mm  10.25/ 0.57 s
OK  g34_planonly_plans_reg3_R0.jsonl#4           n  126 CLEAR  /CLEAR     101.22/  101.22 mm  21.22/ 1.29 s
OK  g34_planonly_plans_reg3_R0.jsonl#7           n   66 CLEAR  /CLEAR     153.65/  153.65 mm   7.45/ 0.39 s
OK  g34_planonly_plans_reg3_R0.jsonl#10          n  129 CLEAR  /CLEAR     101.15/  101.15 mm  21.91/ 1.05 s
OK  g34_planonly_plans_reg3_R0.jsonl#13          n   69 CLEAR  /CLEAR     153.76/  153.76 mm   7.93/ 0.42 s
OK  g34_planonly_plans_reg3_R0.jsonl#16          n   86 CLEAR  /CLEAR      93.38/   93.38 mm  13.33/ 0.80 s
OK  g34_planonly_plans_reg3_R10.jsonl#1          n  128 CLEAR  /CLEAR     153.93/  153.93 mm  13.66/ 0.44 s
OK  g34_planonly_plans_reg3_R10.jsonl#4          n  157 CLEAR  /CLEAR      61.00/   61.00 mm  23.18/ 0.69 s
OK  g34_planonly_plans_reg3_R10.jsonl#7          n  129 CLEAR  /CLEAR      88.17/   88.17 mm  11.19/ 0.40 s
OK  g34_planonly_plans_reg3_R10.jsonl#10         n  129 CLEAR  /CLEAR     102.21/  102.21 mm  15.40/ 0.52 s
OK  g34_planonly_plans_reg3_R10.jsonl#13         n  126 CLEAR  /CLEAR      86.37/   86.37 mm  11.19/ 0.39 s
OK  g34_planonly_plans_reg3_R10.jsonl#16         n   64 CLEAR  /CLEAR     116.86/  116.86 mm   8.43/ 0.38 s
OK  g34_planonly_plans_reg3_R10.jsonl#19         n   85 CLEAR  /CLEAR      95.37/   95.37 mm  13.97/ 0.94 s
OK  g33_planonly_plans_R0.jsonl.gz#1             n  127 CLEAR  /CLEAR     153.90/  153.90 mm  13.58/ 0.43 s
OK  g33_planonly_plans_R0.jsonl.gz#4             n   86 CLEAR  /CLEAR      88.71/   88.71 mm  13.70/ 0.68 s
OK  g33_planonly_plans_R0.jsonl.gz#7             n  125 CLEAR  /CLEAR     151.78/  151.78 mm  13.06/ 0.49 s
OK  g33_planonly_plans_R0.jsonl.gz#10            n   85 CLEAR  /CLEAR      90.37/   90.37 mm  12.30/ 0.67 s
OK  g33_planonly_plans_R0.jsonl.gz#13            n  124 CLEAR  /CLEAR     151.10/  151.10 mm   9.51/ 0.30 s
OK  g33_planonly_plans_R0.jsonl.gz#16            n   98 CLEAR  /CLEAR      98.69/   98.69 mm   7.91/ 0.51 s
OK  g33_planonly_plans_R10.jsonl.gz#1            n   63 CLEAR  /CLEAR     153.50/  153.50 mm   3.69/ 0.18 s
OK  g33_planonly_plans_R10.jsonl.gz#4            n   83 CLEAR  /CLEAR      68.49/   68.49 mm   5.95/ 0.39 s
OK  g32hw_screen_plans_R0.jsonl.gz#1             n   67 CLEAR  /CLEAR     150.81/  150.81 mm   3.44/ 0.17 s
OK  g32hw_screen_plans_R0.jsonl.gz#4             n   75 CLEAR  /CLEAR      91.36/   91.36 mm   5.52/ 0.31 s
OK  g32hw_screen_plans_R0.jsonl.gz#7             n  127 CLEAR  /CLEAR     154.01/  154.01 mm   6.01/ 0.22 s
OK  g32hw_screen_plans_R0.jsonl.gz#10            n   87 CLEAR  /CLEAR      90.66/   90.66 mm   5.44/ 0.35 s
OK  g32hw_screen_plans_R0.jsonl.gz#13            n   97 CLEAR  /CLEAR     153.83/  153.83 mm   4.47/ 0.20 s
OK  g32hw_screen_plans_R0.jsonl.gz#16            n   86 CLEAR  /CLEAR      78.23/   78.23 mm   5.91/ 0.36 s
OK  g32hw_screen_plans_R10.jsonl.gz#1            n   69 CLEAR  /CLEAR     151.36/  151.36 mm   3.19/ 0.17 s
OK  g32hw_screen_plans_R10.jsonl.gz#4            n   56 CLEAR  /CLEAR      66.94/   66.94 mm   2.99/ 0.22 s
OK  g32hw_screen_plans_R10.jsonl.gz#7            n  127 CLEAR  /CLEAR     151.08/  151.08 mm   5.69/ 0.24 s
OK  g32hw_screen_plans_R10.jsonl.gz#10           n  134 MARGIN /MARGIN      4.53/    4.53 mm   7.35/ 0.36 s
OK  g32hw_screen_plans_R10.jsonl.gz#13           n   78 CLEAR  /CLEAR     153.82/  153.82 mm   3.59/ 0.17 s
OK  g32hw_screen_plans_R10.jsonl.gz#16           n   79 MARGIN /MARGIN     14.24/   14.24 mm   4.60/ 0.25 s
OK  g32_screen_plans.jsonl.gz#1                  n  128 CLEAR  /CLEAR     154.01/  154.01 mm   6.29/ 0.16 s
OK  g32_screen_plans.jsonl.gz#4                  n  135 MARGIN /MARGIN     43.05/   43.05 mm   8.04/ 0.48 s
OK  g32_screen_plans.jsonl.gz#7                  n   66 CLEAR  /CLEAR     150.69/  150.69 mm   3.04/ 0.15 s
OK  g32_screen_plans.jsonl.gz#10                 n   58 MARGIN /MARGIN     19.48/   19.48 mm   3.25/ 0.18 s
OK  g32_screen_plans.jsonl.gz#13                 n  128 CLEAR  /CLEAR     153.91/  153.91 mm   5.82/ 0.18 s
OK  g32_screen_plans.jsonl.gz#16                 n  131 MARGIN /MARGIN      5.69/    5.69 mm   7.51/ 0.35 s
RINGKAS {"source": "plans", "n": 70, "bad": 0, "skipped": 0, "bit_identical": 70, "verdicts": {"CLEAR": 65, "MARGIN": 5, "COLLIDE": 0}, "t_old": 764.989217617549, "t_new": 35.99532412132248, "speedup": 21.25246087628348, "n_samples": 7031}
