OK  g34_planonly_plans_g34_R0.jsonl#0            n   91 CLEAR  /CLEAR      88.56/   88.56 mm   7.80/ 0.32 s
OK  g34_planonly_plans_g34_R0.jsonl#3            n  130 CLEAR  /CLEAR      88.19/   88.19 mm  15.99/ 0.75 s
OK  g34_planonly_plans_g34_R10.jsonl#0           n  129 CLEAR  /CLEAR      88.51/   88.51 mm  11.91/ 0.38 s
OK  g34_planonly_plans_g34_R10.jsonl#3           n   64 CLEAR  /CLEAR     115.31/  115.31 mm   8.17/ 0.38 s
OK  g34_planonly_plans_g34_R10.jsonl#6           n  118 CLEAR  /CLEAR     102.59/  102.59 mm  19.15/ 0.83 s
OK  g34_planonly_plans_g34_R10.jsonl#9           n  129 CLEAR  /CLEAR      98.25/   98.25 mm  17.15/ 0.82 s
OK  g34_planonly_plans_g34_R10.jsonl#12          n  146 CLEAR  /CLEAR     104.68/  104.68 mm  23.70/ 1.00 s
OK  g34_planonly_plans_g34_R10.jsonl#15          n  128 CLEAR  /CLEAR      95.60/   95.60 mm  16.81/ 1.34 s
OK  g34_planonly_plans_g34b_hw_R0.jsonl#0        n  127 CLEAR  /CLEAR      88.51/   88.51 mm  13.67/ 0.41 s
OK  g34_planonly_plans_g34b_hw_R0.jsonl#3        n  130 CLEAR  /CLEAR     110.77/  110.77 mm  16.07/ 0.83 s
OK  g34_planonly_plans_g34b_hw_R0.jsonl#6        n  126 CLEAR  /CLEAR      86.63/   86.63 mm  13.33/ 0.41 s
OK  g34_planonly_plans_g34b_hw_R0.jsonl#9        n   57 CLEAR  /CLEAR     101.91/  101.91 mm   9.19/ 0.40 s
OK  g34_planonly_plans_g34b_hw_R0.jsonl#12       n  129 CLEAR  /CLEAR      86.86/   86.86 mm  12.86/ 0.60 s
OK  g34_planonly_plans_g34b_hw_R0.jsonl#15       n   59 CLEAR  /CLEAR     105.63/  105.63 mm   8.06/ 0.51 s
OK  g34_planonly_plans_g34b_hw_R10.jsonl#0       n  128 CLEAR  /CLEAR      88.51/   88.51 mm  13.19/ 0.52 s
OK  g34_planonly_plans_g34b_hw_R10.jsonl#3       n  126 CLEAR  /CLEAR     116.67/  116.67 mm  17.03/ 0.80 s
OK  g34_planonly_plans_g34b_hw_R10.jsonl#6       n  128 CLEAR  /CLEAR      86.56/   86.56 mm  13.20/ 0.42 s
OK  g34_planonly_plans_g34b_hw_R10.jsonl#9       n  130 CLEAR  /CLEAR     119.63/  119.63 mm  20.20/ 0.92 s
OK  g34_planonly_plans_g34b_hw_R10.jsonl#12      n  126 CLEAR  /CLEAR      88.56/   88.56 mm  13.70/ 0.40 s
OK  g34_planonly_plans_g34b_hw_R10.jsonl#15      n   82 CLEAR  /CLEAR     103.76/  103.76 mm  11.85/ 0.39 s
OK  g34_planonly_plans_g34n_R0.jsonl#0           n  102 CLEAR  /CLEAR      85.27/   85.27 mm  10.18/ 0.39 s
OK  g34_planonly_plans_g34n_R0.jsonl#3           n   67 CLEAR  /CLEAR     120.37/  120.37 mm   8.41/ 0.54 s
OK  g34_planonly_plans_g34n_R0.jsonl#6           n  126 CLEAR  /CLEAR      86.25/   86.25 mm  12.29/ 0.43 s
OK  g34_planonly_plans_g34n_R0.jsonl#9           n  128 CLEAR  /CLEAR     119.35/  119.35 mm  16.08/ 0.82 s
OK  g34_planonly_plans_g34n_R0.jsonl#12          n  126 CLEAR  /CLEAR      88.53/   88.53 mm  12.71/ 0.53 s
OK  g34_planonly_plans_g34n_R0.jsonl#15          n   61 CLEAR  /CLEAR     118.13/  118.13 mm   8.49/ 0.45 s
OK  g34_planonly_plans_g34n_R10.jsonl#0          n  127 CLEAR  /CLEAR      88.53/   88.53 mm  13.74/ 0.49 s
OK  g34_planonly_plans_g34n_R10.jsonl#3          n  130 CLEAR  /CLEAR     109.14/  109.14 mm  20.07/ 0.61 s
OK  g34_planonly_plans_g34n_R10.jsonl#6          n   99 CLEAR  /CLEAR      95.36/   95.36 mm  18.07/ 1.14 s
OK  g34_planonly_plans_g34n_R10.jsonl#9          n   28 CLEAR  /CLEAR      87.31/   87.31 mm   3.43/ 0.37 s
OK  g34_planonly_plans_g34n_R10.jsonl#12         n   87 CLEAR  /CLEAR      83.22/   83.22 mm  14.15/ 0.93 s
OK  g34_planonly_plans_g34n_R10.jsonl#15         n  128 CLEAR  /CLEAR      97.06/   97.06 mm  17.92/ 0.85 s
OK  g34_planonly_plans_g34n_R10.jsonl#18         n   75 CLEAR  /CLEAR      90.87/   90.87 mm  12.60/ 0.69 s
OK  g34_planonly_plans_reg3_R0.jsonl#0           n  127 CLEAR  /CLEAR      86.45/   86.45 mm  11.92/ 0.42 s
OK  g34_planonly_plans_reg3_R0.jsonl#3           n  129 CLEAR  /CLEAR     104.60/  104.60 mm  16.72/ 0.85 s
OK  g34_planonly_plans_reg3_R0.jsonl#6           n  126 CLEAR  /CLEAR      86.19/   86.19 mm  11.86/ 0.41 s
OK  g34_planonly_plans_reg3_R0.jsonl#9           n   61 CLEAR  /CLEAR     102.38/  102.38 mm   8.11/ 0.42 s
OK  g34_planonly_plans_reg3_R0.jsonl#12          n   92 CLEAR  /CLEAR      88.56/   88.56 mm   8.14/ 0.31 s
OK  g34_planonly_plans_reg3_R0.jsonl#15          n   73 CLEAR  /CLEAR     108.38/  108.38 mm   9.61/ 0.48 s
OK  g34_planonly_plans_reg3_R10.jsonl#0          n   91 CLEAR  /CLEAR      88.56/   88.56 mm   7.97/ 0.32 s
OK  g34_planonly_plans_reg3_R10.jsonl#3          n   96 CLEAR  /CLEAR      97.81/   97.81 mm  12.83/ 0.46 s
OK  g34_planonly_plans_reg3_R10.jsonl#6          n   95 CLEAR  /CLEAR      92.21/   92.21 mm  15.75/ 1.03 s
OK  g34_planonly_plans_reg3_R10.jsonl#9          n  128 CLEAR  /CLEAR     101.03/  101.03 mm  14.77/ 1.07 s
OK  g34_planonly_plans_reg3_R10.jsonl#12         n   76 CLEAR  /CLEAR      93.73/   93.73 mm  11.02/ 0.65 s
OK  g34_planonly_plans_reg3_R10.jsonl#15         n   35 CLEAR  /CLEAR      90.51/   90.51 mm   4.64/ 0.38 s
OK  g34_planonly_plans_reg3_R10.jsonl#18         n  132 CLEAR  /CLEAR      64.48/   64.48 mm  18.49/ 0.55 s
OK  g33_planonly_plans_R0.jsonl.gz#0             n  127 CLEAR  /CLEAR      88.53/   88.53 mm  11.76/ 0.38 s
OK  g33_planonly_plans_R0.jsonl.gz#3             n  128 CLEAR  /CLEAR     101.66/  101.66 mm  15.65/ 0.64 s
OK  g33_planonly_plans_R0.jsonl.gz#6             n  128 CLEAR  /CLEAR      86.97/   86.97 mm  11.04/ 0.38 s
OK  g33_planonly_plans_R0.jsonl.gz#9             n  129 CLEAR  /CLEAR      89.81/   89.81 mm  12.63/ 0.36 s
OK  g33_planonly_plans_R0.jsonl.gz#12            n  128 CLEAR  /CLEAR      88.53/   88.53 mm   6.71/ 0.22 s
OK  g33_planonly_plans_R0.jsonl.gz#15            n   75 CLEAR  /CLEAR     119.32/  119.32 mm   4.69/ 0.25 s
OK  g33_planonly_plans_R10.jsonl.gz#0            n  104 CLEAR  /CLEAR      86.55/   86.55 mm   4.87/ 0.19 s
OK  g33_planonly_plans_R10.jsonl.gz#3            n  125 CLEAR  /CLEAR     120.69/  120.69 mm   7.99/ 0.42 s
OK  g32hw_screen_plans_R0.jsonl.gz#0             n  125 CLEAR  /CLEAR      88.56/   88.56 mm   5.52/ 0.16 s
OK  g32hw_screen_plans_R0.jsonl.gz#3             n  129 CLEAR  /CLEAR      87.63/   87.63 mm   7.21/ 0.29 s
OK  g32hw_screen_plans_R0.jsonl.gz#6             n   93 CLEAR  /CLEAR      88.56/   88.56 mm   3.42/ 0.15 s
OK  g32hw_screen_plans_R0.jsonl.gz#9             n  128 CLEAR  /CLEAR      90.10/   90.10 mm   6.14/ 0.33 s
OK  g32hw_screen_plans_R0.jsonl.gz#12            n  126 CLEAR  /CLEAR      88.56/   88.56 mm   5.17/ 0.16 s
OK  g32hw_screen_plans_R0.jsonl.gz#15            n  126 CLEAR  /CLEAR      88.57/   88.57 mm   6.91/ 0.29 s
OK  g32hw_screen_plans_R10.jsonl.gz#0            n  129 CLEAR  /CLEAR      88.51/   88.51 mm   5.09/ 0.16 s
OK  g32hw_screen_plans_R10.jsonl.gz#3            n   74 CLEAR  /CLEAR     108.66/  108.66 mm   3.93/ 0.14 s
OK  g32hw_screen_plans_R10.jsonl.gz#6            n  128 CLEAR  /CLEAR      88.50/   88.50 mm   5.02/ 0.17 s
OK  g32hw_screen_plans_R10.jsonl.gz#9            n  131 CLEAR  /CLEAR     100.76/  100.76 mm   6.82/ 0.27 s
OK  g32hw_screen_plans_R10.jsonl.gz#12           n  104 CLEAR  /CLEAR      86.50/   86.50 mm   4.16/ 0.17 s
OK  g32hw_screen_plans_R10.jsonl.gz#15           n   53 CLEAR  /CLEAR     115.49/  115.49 mm   3.05/ 0.17 s
OK  g32_screen_plans.jsonl.gz#0                  n  128 CLEAR  /CLEAR      88.51/   88.51 mm   5.03/ 0.17 s
OK  g32_screen_plans.jsonl.gz#3                  n   64 CLEAR  /CLEAR     116.08/  116.08 mm   3.71/ 0.17 s
OK  g32_screen_plans.jsonl.gz#6                  n  127 CLEAR  /CLEAR      88.53/   88.53 mm   5.05/ 0.16 s
OK  g32_screen_plans.jsonl.gz#9                  n   64 CLEAR  /CLEAR      98.72/   98.72 mm   3.44/ 0.14 s
OK  g32_screen_plans.jsonl.gz#12                 n  126 CLEAR  /CLEAR      88.56/   88.56 mm   5.15/ 0.17 s
OK  g32_screen_plans.jsonl.gz#15                 n   53 CLEAR  /CLEAR     100.42/  100.42 mm   3.01/ 0.12 s
RINGKAS {"source": "plans", "n": 72, "bad": 0, "skipped": 0, "bit_identical": 72, "verdicts": {"CLEAR": 72, "MARGIN": 0, "COLLIDE": 0}, "t_old": 766.1702951397747, "t_new": 34.24219977296889, "speedup": 22.375031400424124, "n_samples": 7680}
