OK  g31_r0_control_plans.jsonl#0                 n  126 CLEAR  /CLEAR     115.11/  115.11 mm   5.58/ 0.17 s
OK  g31_r0_control_plans.jsonl#1                 n   91 CLEAR  /CLEAR     280.92/  280.92 mm   4.36/ 0.22 s
OK  g31_r0_control_plans.jsonl#2                 n   70 CLEAR  /CLEAR     140.14/  140.14 mm   4.17/ 0.30 s
OK  g31_r0_control_plans.jsonl#3                 n  134 CLEAR  /CLEAR     158.02/  158.02 mm   8.40/ 0.26 s
OK  g31_r0_control_plans.jsonl#4                 n  100 CLEAR  /CLEAR     190.24/  190.24 mm   6.92/ 0.27 s
OK  g31_r0_control_plans.jsonl#5                 n  128 CLEAR  /CLEAR     201.21/  201.21 mm  10.26/ 0.35 s
OK  g31_r0_control_plans.jsonl#6                 n   95 CLEAR  /CLEAR     108.92/  108.92 mm   4.29/ 0.20 s
OK  g31_r0_control_plans.jsonl#7                 n  129 CLEAR  /CLEAR     280.92/  280.92 mm   6.51/ 0.27 s
OK  g31_r0_control_plans.jsonl#8                 n   74 CLEAR  /CLEAR     144.41/  144.41 mm   4.45/ 0.35 s
OK  g31_r0_control_plans.jsonl#9                 n   80 CLEAR  /CLEAR     162.30/  162.30 mm   5.65/ 0.19 s
OK  g31_r0_control_plans.jsonl#10                n   50 CLEAR  /CLEAR     196.63/  196.63 mm   3.84/ 0.18 s
OK  g31_r0_control_plans.jsonl#11                n   77 CLEAR  /CLEAR     201.21/  201.21 mm   6.50/ 0.31 s
OK  g31_r0_control_plans.jsonl#12                n   90 CLEAR  /CLEAR     107.81/  107.81 mm   3.97/ 0.21 s
OK  g31_r0_control_plans.jsonl#13                n   76 CLEAR  /CLEAR     280.92/  280.92 mm   3.38/ 0.18 s
OK  g31_r0_control_plans.jsonl#14                n  128 CLEAR  /CLEAR     147.15/  147.15 mm   7.88/ 0.39 s
OK  g31_r0_control_plans.jsonl#15                n  133 CLEAR  /CLEAR     132.77/  132.77 mm   8.76/ 0.36 s
OK  g31_r0_control_plans.jsonl#16                n  133 CLEAR  /CLEAR     196.63/  196.63 mm   9.35/ 0.28 s
OK  g31_r0_control_plans.jsonl#17                n  128 CLEAR  /CLEAR     201.21/  201.21 mm   9.93/ 0.34 s
OK  smoke_mock_plans.jsonl#0                     n  129 CLEAR  /CLEAR      92.26/   92.26 mm   6.56/ 0.24 s
OK  smoke_mock_plans.jsonl#1                     n  127 CLEAR  /CLEAR      92.25/   92.25 mm  10.91/ 0.42 s
OK  smoke_mock_plans.jsonl#2                     n  118 CLEAR  /CLEAR      84.97/   84.97 mm  11.60/ 0.46 s
OK  smoke_mock_plans.jsonl#3                     n  128 CLEAR  /CLEAR     135.63/  135.63 mm  11.94/ 0.87 s
OK  smoke_mock_plans.jsonl#4                     n  115 CLEAR  /CLEAR     135.63/  135.63 mm  10.50/ 0.77 s
OK  smoke_mock_plans.jsonl#5                     n  127 CLEAR  /CLEAR     135.63/  135.63 mm  11.54/ 0.73 s
OK  smoke_mock_plans.jsonl#6                     n  128 CLEAR  /CLEAR     135.63/  135.63 mm  12.36/ 0.42 s
OK  smoke_mock_plans.jsonl#7                     n  128 CLEAR  /CLEAR     135.63/  135.63 mm  13.26/ 0.49 s
OK  smoke_mock_plans.jsonl#8                     n  127 CLEAR  /CLEAR     126.86/  126.86 mm  13.27/ 0.61 s
RINGKAS {"source": "plans", "n": 27, "bad": 0, "skipped": 0, "bit_identical": 27, "verdicts": {"CLEAR": 27, "MARGIN": 0, "COLLIDE": 0}, "t_old": 216.15170843200758, "t_new": 9.846115376334637, "speedup": 21.952993659970016, "n_samples": 2969}
