OK  v28_plans.jsonl.gz#0                         n  124 CLEAR  /CLEAR     202.43/  202.43 mm   4.69/ 0.49 s
OK  v28_plans.jsonl.gz#1                         n  119 CLEAR  /CLEAR     202.43/  202.43 mm   4.59/ 0.48 s
OK  v28_plans.jsonl.gz#2                         n  118 CLEAR  /CLEAR     202.43/  202.43 mm   4.61/ 0.48 s
OK  v28_plans.jsonl.gz#3                         n  130 CLEAR  /CLEAR     115.11/  115.11 mm   5.78/ 0.38 s
OK  v28_plans.jsonl.gz#4                         n  128 CLEAR  /CLEAR     115.11/  115.11 mm   5.06/ 0.33 s
OK  v28_plans.jsonl.gz#5                         n  127 CLEAR  /CLEAR     115.11/  115.11 mm   4.94/ 0.32 s
OK  v28_plans.jsonl.gz#6                         n  117 CLEAR  /CLEAR      94.97/   94.97 mm   4.53/ 0.21 s
OK  v28_plans.jsonl.gz#7                         n  118 CLEAR  /CLEAR      94.97/   94.97 mm   4.53/ 0.23 s
OK  v28_plans.jsonl.gz#8                         n  122 CLEAR  /CLEAR      94.97/   94.97 mm   4.50/ 0.21 s
OK  v28_plans.jsonl.gz#9                         n  128 CLEAR  /CLEAR      99.44/   99.44 mm   4.83/ 0.22 s
OK  v28_plans.jsonl.gz#10                        n  124 CLEAR  /CLEAR      99.44/   99.44 mm   4.70/ 0.21 s
OK  v28_plans.jsonl.gz#11                        n  128 CLEAR  /CLEAR      99.44/   99.44 mm   4.98/ 0.23 s
OK  v28_plans.jsonl.gz#12                        n  127 CLEAR  /CLEAR      88.56/   88.56 mm   5.00/ 0.34 s
OK  v28_plans.jsonl.gz#13                        n  117 CLEAR  /CLEAR      88.56/   88.56 mm   4.43/ 0.31 s
OK  v28_plans.jsonl.gz#14                        n  116 CLEAR  /CLEAR      88.56/   88.56 mm   4.39/ 0.31 s
OK  v28_plans.jsonl.gz#15                        n  127 CLEAR  /CLEAR     246.75/  246.75 mm   4.44/ 0.24 s
OK  v28_plans.jsonl.gz#16                        n  118 CLEAR  /CLEAR     246.75/  246.75 mm   3.93/ 0.20 s
OK  v28_plans.jsonl.gz#17                        n  126 CLEAR  /CLEAR     246.75/  246.75 mm   4.37/ 0.23 s
OK  v28_plans.jsonl.gz#18                        n  107 CLEAR  /CLEAR      94.97/   94.97 mm   4.02/ 0.19 s
OK  v28_plans.jsonl.gz#19                        n  117 CLEAR  /CLEAR      94.97/   94.97 mm   4.27/ 0.20 s
OK  v28_plans.jsonl.gz#20                        n  131 CLEAR  /CLEAR      94.97/   94.97 mm   5.05/ 0.22 s
OK  v28_plans.jsonl.gz#21                        n  129 CLEAR  /CLEAR      88.56/   88.56 mm   5.06/ 0.35 s
OK  v28_plans.jsonl.gz#22                        n  107 CLEAR  /CLEAR      88.56/   88.56 mm   4.15/ 0.29 s
OK  v28_plans.jsonl.gz#23                        n  129 CLEAR  /CLEAR      88.56/   88.56 mm   5.04/ 0.35 s
OK  v28_plans.jsonl.gz#24                        n  129 CLEAR  /CLEAR     143.53/  143.53 mm   5.75/ 0.38 s
OK  v28_plans.jsonl.gz#25                        n  126 CLEAR  /CLEAR     201.21/  201.21 mm   5.45/ 0.18 s
OK  v28_plans.jsonl.gz#26                        n  115 CLEAR  /CLEAR     201.21/  201.21 mm   4.85/ 0.16 s
OK  v28_plans.jsonl.gz#27                        n  124 CLEAR  /CLEAR      90.76/   90.76 mm   5.34/ 0.25 s
OK  v28_plans.jsonl.gz#28                        n  125 CLEAR  /CLEAR      90.76/   90.76 mm   5.50/ 0.24 s
OK  v28_plans.jsonl.gz#29                        n  115 CLEAR  /CLEAR      90.76/   90.76 mm   4.74/ 0.25 s
OK  v28_plans.jsonl.gz#30                        n  108 CLEAR  /CLEAR     231.62/  231.62 mm   3.90/ 0.34 s
OK  v28_plans.jsonl.gz#31                        n  119 CLEAR  /CLEAR     231.62/  231.62 mm   4.26/ 0.21 s
OK  v28_plans.jsonl.gz#32                        n  129 CLEAR  /CLEAR     231.62/  231.62 mm   4.74/ 0.25 s
OK  v28_plans.jsonl.gz#33                        n  118 CLEAR  /CLEAR     202.85/  202.85 mm   5.11/ 0.23 s
OK  v28_plans.jsonl.gz#34                        n  118 CLEAR  /CLEAR     202.85/  202.85 mm   4.87/ 0.22 s
OK  v28_plans.jsonl.gz#35                        n  124 CLEAR  /CLEAR     202.85/  202.85 mm   5.17/ 0.24 s
OK  v28_plans.jsonl.gz#36                        n  130 CLEAR  /CLEAR     130.54/  130.54 mm   5.40/ 0.18 s
OK  v28_plans.jsonl.gz#37                        n  118 CLEAR  /CLEAR     130.54/  130.54 mm   4.90/ 0.17 s
OK  v28_plans.jsonl.gz#38                        n  105 CLEAR  /CLEAR      85.19/   85.19 mm   4.48/ 0.26 s
OK  v28_plans.jsonl.gz#39                        n  128 CLEAR  /CLEAR     202.85/  202.85 mm   4.35/ 0.26 s
OK  v28_plans.jsonl.gz#40                        n  128 CLEAR  /CLEAR     202.85/  202.85 mm   4.31/ 0.26 s
OK  v28_plans.jsonl.gz#41                        n  118 CLEAR  /CLEAR     202.85/  202.85 mm   4.02/ 0.25 s
OK  v28_plans.jsonl.gz#42                        n  109 CLEAR  /CLEAR     183.46/  183.46 mm   3.81/ 0.23 s
OK  v28_plans.jsonl.gz#43                        n  125 CLEAR  /CLEAR     202.43/  202.43 mm   4.55/ 0.26 s
OK  v28_plans.jsonl.gz#44                        n  118 CLEAR  /CLEAR     202.43/  202.43 mm   4.30/ 0.25 s
OK  v28_plans.jsonl.gz#45                        n  124 CLEAR  /CLEAR      86.00/   86.00 mm   5.49/ 0.17 s
OK  v28_plans.jsonl.gz#46                        n  133 CLEAR  /CLEAR      86.00/   86.00 mm   5.63/ 0.17 s
OK  v28_plans.jsonl.gz#47                        n  108 CLEAR  /CLEAR      84.20/   84.20 mm   4.66/ 0.17 s
OK  v28_plans.jsonl.gz#48                        n  119 CLEAR  /CLEAR      57.99/   57.99 mm   5.39/ 0.21 s
OK  v28_plans.jsonl.gz#49                        n  124 CLEAR  /CLEAR      93.08/   93.08 mm   5.71/ 0.16 s
OK  v28_plans.jsonl.gz#50                        n  124 CLEAR  /CLEAR      62.49/   62.49 mm   5.52/ 0.23 s
OK  v28_plans.jsonl.gz#51                        n  127 CLEAR  /CLEAR     136.81/  136.81 mm   4.80/ 0.22 s
OK  v28_plans.jsonl.gz#52                        n  119 CLEAR  /CLEAR     139.78/  139.78 mm   4.50/ 0.22 s
OK  v28_plans.jsonl.gz#53                        n  127 CLEAR  /CLEAR     131.74/  131.74 mm   4.82/ 0.22 s
OK  v28_plans.jsonl.gz#54                        n  119 CLEAR  /CLEAR     202.43/  202.43 mm   4.41/ 0.25 s
OK  v28_plans.jsonl.gz#55                        n  109 CLEAR  /CLEAR     190.48/  190.48 mm   3.92/ 0.23 s
OK  v28_plans.jsonl.gz#56                        n  127 CLEAR  /CLEAR     202.43/  202.43 mm   4.62/ 0.27 s
OK  v28_plans.jsonl.gz#57                        n  108 CLEAR  /CLEAR     202.85/  202.85 mm   4.02/ 0.27 s
OK  v28_plans.jsonl.gz#58                        n  108 CLEAR  /CLEAR     202.85/  202.85 mm   4.01/ 0.28 s
OK  v28_plans.jsonl.gz#59                        n  119 CLEAR  /CLEAR     202.85/  202.85 mm   4.63/ 0.25 s
OK  v28_plans.jsonl.gz#60                        n  127 CLEAR  /CLEAR      93.08/   93.08 mm   6.05/ 0.17 s
OK  v28_plans.jsonl.gz#61                        n  125 CLEAR  /CLEAR      67.82/   67.82 mm   5.57/ 0.22 s
OK  v28_plans.jsonl.gz#62                        n  126 CLEAR  /CLEAR      93.08/   93.08 mm   5.98/ 0.17 s
OK  v28_plans.jsonl.gz#63                        n  129 MARGIN /MARGIN     32.44/   32.44 mm   6.36/ 0.29 s
OK  v28_plans.jsonl.gz#64                        n  129 MARGIN /MARGIN     32.44/   32.44 mm   6.22/ 0.31 s
OK  v28_plans.jsonl.gz#65                        n  125 MARGIN /MARGIN     32.44/   32.44 mm   6.28/ 0.28 s
OK  v28_plans.jsonl.gz#66                        n  125 CLEAR  /CLEAR     191.65/  191.65 mm   4.55/ 0.23 s
OK  v28_plans.jsonl.gz#67                        n  117 CLEAR  /CLEAR     202.43/  202.43 mm   4.36/ 0.26 s
OK  v28_plans.jsonl.gz#68                        n  124 CLEAR  /CLEAR     191.29/  191.29 mm   4.52/ 0.23 s
OK  v28_plans.jsonl.gz#69                        n  128 CLEAR  /CLEAR     135.63/  135.63 mm   6.11/ 0.39 s
OK  v28_plans.jsonl.gz#70                        n  129 CLEAR  /CLEAR     135.63/  135.63 mm   6.12/ 0.45 s
OK  v28_plans.jsonl.gz#71                        n  126 CLEAR  /CLEAR     135.63/  135.63 mm   6.01/ 0.38 s
OK  v28_plans.jsonl.gz#72                        n  128 CLEAR  /CLEAR     109.94/  109.94 mm   6.05/ 0.26 s
OK  v28_plans.jsonl.gz#73                        n  130 CLEAR  /CLEAR     109.94/  109.94 mm   6.09/ 0.26 s
OK  v28_plans.jsonl.gz#74                        n  127 CLEAR  /CLEAR     109.94/  109.94 mm   6.12/ 0.30 s
OK  v28_plans.jsonl.gz#75                        n  134 CLEAR  /CLEAR      92.56/   92.56 mm   5.02/ 0.20 s
OK  v28_plans.jsonl.gz#76                        n  125 CLEAR  /CLEAR      84.03/   84.03 mm   4.74/ 0.21 s
OK  v28_plans.jsonl.gz#77                        n  127 CLEAR  /CLEAR      91.60/   91.60 mm   4.93/ 0.18 s
OK  v28_plans.jsonl.gz#78                        n  128 CLEAR  /CLEAR     111.86/  111.86 mm   6.32/ 0.26 s
OK  v28_plans.jsonl.gz#79                        n  129 CLEAR  /CLEAR     111.86/  111.86 mm   6.33/ 0.27 s
OK  v28_plans.jsonl.gz#80                        n  127 CLEAR  /CLEAR     111.86/  111.86 mm   6.19/ 0.26 s
OK  v28_plans.jsonl.gz#81                        n  126 CLEAR  /CLEAR     202.85/  202.85 mm   5.15/ 0.28 s
OK  v28_plans.jsonl.gz#82                        n  126 CLEAR  /CLEAR     202.85/  202.85 mm   5.09/ 0.28 s
OK  v28_plans.jsonl.gz#83                        n  120 CLEAR  /CLEAR     202.85/  202.85 mm   5.00/ 0.28 s
OK  v28_plans.jsonl.gz#84                        n  124 CLEAR  /CLEAR      81.70/   81.70 mm   4.80/ 0.20 s
OK  v28_plans.jsonl.gz#85                        n  129 CLEAR  /CLEAR      88.56/   88.56 mm   5.21/ 0.16 s
OK  v28_plans.jsonl.gz#86                        n  127 CLEAR  /CLEAR      88.56/   88.56 mm   4.59/ 0.15 s
OK  v28_plans.jsonl.gz#87                        n  128 CLEAR  /CLEAR      88.32/   88.32 mm   5.04/ 0.17 s
OK  v28_plans.jsonl.gz#88                        n  125 CLEAR  /CLEAR      81.31/   81.31 mm   5.04/ 0.20 s
OK  v28_plans.jsonl.gz#89                        n  130 CLEAR  /CLEAR      88.32/   88.32 mm   5.05/ 0.17 s
OK  v28_plans.jsonl.gz#90                        n  127 CLEAR  /CLEAR      70.91/   70.91 mm   5.60/ 0.26 s
OK  v28_plans.jsonl.gz#91                        n  109 CLEAR  /CLEAR      70.91/   70.91 mm   4.72/ 0.22 s
OK  v28_plans.jsonl.gz#92                        n  108 CLEAR  /CLEAR      70.91/   70.91 mm   4.69/ 0.23 s
OK  v28_plans.jsonl.gz#93                        n  126 CLEAR  /CLEAR     162.10/  162.10 mm   5.29/ 0.26 s
OK  v28_plans.jsonl.gz#94                        n  125 CLEAR  /CLEAR     162.10/  162.10 mm   5.26/ 0.24 s
OK  v28_plans.jsonl.gz#95                        n  109 CLEAR  /CLEAR     162.10/  162.10 mm   4.60/ 0.23 s
OK  v28_plans.jsonl.gz#96                        n  125 CLEAR  /CLEAR      86.00/   86.00 mm   5.33/ 0.27 s
OK  v28_plans.jsonl.gz#97                        n  128 CLEAR  /CLEAR      86.00/   86.00 mm   5.95/ 0.26 s
OK  v28_plans.jsonl.gz#98                        n  108 CLEAR  /CLEAR      86.00/   86.00 mm   4.70/ 0.21 s
OK  v28_plans.jsonl.gz#99                        n  127 CLEAR  /CLEAR      93.08/   93.08 mm   5.90/ 0.29 s
OK  v28_plans.jsonl.gz#100                       n  127 CLEAR  /CLEAR      93.08/   93.08 mm   5.92/ 0.29 s
OK  v28_plans.jsonl.gz#101                       n  126 COLLIDE/COLLIDE   -15.35/  -15.35 mm   6.13/ 0.36 s
OK  v28_plans.jsonl.gz#102                       n  128 CLEAR  /CLEAR     114.07/  114.07 mm   5.91/ 0.33 s
OK  v28_plans.jsonl.gz#103                       n  128 CLEAR  /CLEAR     114.07/  114.07 mm   5.98/ 0.33 s
OK  v28_plans.jsonl.gz#104                       n  131 COLLIDE/COLLIDE    -4.38/   -4.38 mm   6.33/ 0.45 s
OK  v28_plans.jsonl.gz#105                       n  130 CLEAR  /CLEAR      70.91/   70.91 mm   5.92/ 0.32 s
OK  v28_plans.jsonl.gz#106                       n  129 CLEAR  /CLEAR      70.91/   70.91 mm   5.85/ 0.28 s
OK  v28_plans.jsonl.gz#107                       n  125 CLEAR  /CLEAR      70.91/   70.91 mm   5.84/ 0.33 s
OK  v28_plans.jsonl.gz#108                       n  126 MARGIN /MARGIN     32.44/   32.44 mm   6.20/ 0.22 s
OK  v28_plans.jsonl.gz#109                       n  109 MARGIN /MARGIN     32.44/   32.44 mm   5.29/ 0.18 s
OK  v28_plans.jsonl.gz#110                       n  129 MARGIN /MARGIN     32.44/   32.44 mm   6.33/ 0.25 s
OK  v28_plans.jsonl.gz#111                       n  117 CLEAR  /CLEAR     154.01/  154.01 mm   5.41/ 0.20 s
OK  v28_plans.jsonl.gz#112                       n  129 CLEAR  /CLEAR     147.54/  147.54 mm   6.62/ 0.26 s
OK  v28_plans.jsonl.gz#113                       n  126 CLEAR  /CLEAR     147.38/  147.38 mm   6.43/ 0.26 s
OK  v28_plans.jsonl.gz#114                       n  127 CLEAR  /CLEAR     103.03/  103.03 mm   6.48/ 0.25 s
OK  v28_plans.jsonl.gz#115                       n  107 CLEAR  /CLEAR     109.94/  109.94 mm   5.10/ 0.16 s
OK  v28_plans.jsonl.gz#116                       n  125 CLEAR  /CLEAR     109.79/  109.79 mm   6.19/ 0.21 s
OK  v28_plans.jsonl.gz#117                       n  116 CLEAR  /CLEAR     111.09/  111.09 mm   5.58/ 0.20 s
OK  v28_plans.jsonl.gz#118                       n  119 CLEAR  /CLEAR     119.62/  119.62 mm   5.42/ 0.20 s
OK  v28_plans.jsonl.gz#119                       n  129 CLEAR  /CLEAR     135.63/  135.63 mm   6.27/ 0.22 s
OK  v28_plans.jsonl.gz#120                       n  125 CLEAR  /CLEAR     113.13/  113.13 mm   6.15/ 0.18 s
OK  v28_plans.jsonl.gz#121                       n  118 CLEAR  /CLEAR     110.99/  110.99 mm   5.45/ 0.18 s
OK  v28_plans.jsonl.gz#122                       n  118 CLEAR  /CLEAR     115.11/  115.11 mm   5.41/ 0.18 s
OK  v28_plans.jsonl.gz#123                       n  126 CLEAR  /CLEAR     202.85/  202.85 mm   4.37/ 0.20 s
OK  v28_plans.jsonl.gz#124                       n  127 CLEAR  /CLEAR     202.85/  202.85 mm   4.47/ 0.19 s
OK  v28_plans.jsonl.gz#125                       n  127 CLEAR  /CLEAR     202.85/  202.85 mm   4.36/ 0.20 s
OK  v28_plans.jsonl.gz#126                       n  128 CLEAR  /CLEAR     168.54/  168.54 mm   4.66/ 0.30 s
OK  v28_plans.jsonl.gz#127                       n  127 CLEAR  /CLEAR     168.54/  168.54 mm   4.65/ 0.30 s
OK  v28_plans.jsonl.gz#128                       n  129 CLEAR  /CLEAR     168.54/  168.54 mm   4.79/ 0.32 s
OK  v28_plans.jsonl.gz#129                       n  127 CLEAR  /CLEAR     202.85/  202.85 mm   5.10/ 0.21 s
OK  v28_plans.jsonl.gz#130                       n  127 CLEAR  /CLEAR     202.85/  202.85 mm   5.09/ 0.20 s
OK  v28_plans.jsonl.gz#131                       n  128 CLEAR  /CLEAR     202.85/  202.85 mm   4.92/ 0.20 s
OK  v28_plans.jsonl.gz#132                       n  127 CLEAR  /CLEAR     202.85/  202.85 mm   4.39/ 0.21 s
OK  v28_plans.jsonl.gz#133                       n  128 CLEAR  /CLEAR     202.85/  202.85 mm   4.51/ 0.22 s
OK  v28_plans.jsonl.gz#134                       n  127 CLEAR  /CLEAR     202.85/  202.85 mm   4.55/ 0.22 s
OK  v28_plans.jsonl.gz#135                       n  126 CLEAR  /CLEAR     231.62/  231.62 mm   4.37/ 0.22 s
OK  v28_plans.jsonl.gz#136                       n  128 CLEAR  /CLEAR     231.62/  231.62 mm   4.46/ 0.22 s
OK  v28_plans.jsonl.gz#137                       n  126 CLEAR  /CLEAR     231.62/  231.62 mm   4.33/ 0.26 s
OK  v28_plans.jsonl.gz#138                       n  127 CLEAR  /CLEAR     252.92/  252.92 mm   4.45/ 0.25 s
OK  v28_plans.jsonl.gz#139                       n  127 CLEAR  /CLEAR     252.92/  252.92 mm   4.46/ 0.25 s
OK  v28_plans.jsonl.gz#140                       n  128 CLEAR  /CLEAR     252.92/  252.92 mm   4.46/ 0.25 s
OK  v28_plans.jsonl.gz#141                       n  127 CLEAR  /CLEAR      86.61/   86.61 mm   5.42/ 0.34 s
OK  v28_plans.jsonl.gz#142                       n  126 CLEAR  /CLEAR      86.61/   86.61 mm   5.21/ 0.34 s
OK  v28_plans.jsonl.gz#143                       n  126 CLEAR  /CLEAR      86.61/   86.61 mm   5.11/ 0.33 s
OK  v28_plans.jsonl.gz#144                       n  115 CLEAR  /CLEAR     202.85/  202.85 mm   4.69/ 0.20 s
OK  v28_plans.jsonl.gz#145                       n  115 CLEAR  /CLEAR     202.85/  202.85 mm   4.66/ 0.20 s
OK  v28_plans.jsonl.gz#146                       n  115 CLEAR  /CLEAR     202.85/  202.85 mm   4.71/ 0.20 s
OK  v28_plans.jsonl.gz#147                       n  126 CLEAR  /CLEAR      95.32/   95.32 mm   5.16/ 0.35 s
OK  v28_plans.jsonl.gz#148                       n  128 CLEAR  /CLEAR      95.32/   95.32 mm   5.15/ 0.35 s
OK  v28_plans.jsonl.gz#149                       n  128 CLEAR  /CLEAR      95.32/   95.32 mm   5.29/ 0.35 s
OK  v28_plans.jsonl.gz#150                       n  105 CLEAR  /CLEAR     154.01/  154.01 mm   4.82/ 0.21 s
OK  v28_plans.jsonl.gz#151                       n  104 CLEAR  /CLEAR     154.01/  154.01 mm   4.73/ 0.21 s
OK  v28_plans.jsonl.gz#152                       n  129 CLEAR  /CLEAR     154.01/  154.01 mm   5.97/ 0.25 s
OK  v28_plans.jsonl.gz#153                       n  128 CLEAR  /CLEAR     121.46/  121.46 mm   5.21/ 0.33 s
OK  v28_plans.jsonl.gz#154                       n  127 CLEAR  /CLEAR     202.85/  202.85 mm   5.19/ 0.37 s
OK  v28_plans.jsonl.gz#155                       n  127 CLEAR  /CLEAR     117.24/  117.24 mm   5.16/ 0.33 s
OK  v28_plans.jsonl.gz#156                       n  127 CLEAR  /CLEAR     103.60/  103.60 mm   5.97/ 0.31 s
OK  v28_plans.jsonl.gz#157                       n  127 CLEAR  /CLEAR      75.00/   75.00 mm   6.28/ 0.23 s
OK  v28_plans.jsonl.gz#158                       n  129 CLEAR  /CLEAR      81.62/   81.62 mm   6.37/ 0.24 s
OK  v28_plans.jsonl.gz#159                       n  128 CLEAR  /CLEAR      71.63/   71.63 mm   6.33/ 0.43 s
OK  v28_plans.jsonl.gz#160                       n  127 CLEAR  /CLEAR      71.63/   71.63 mm   6.42/ 0.43 s
OK  v28_plans.jsonl.gz#161                       n  127 CLEAR  /CLEAR      71.63/   71.63 mm   5.95/ 0.42 s
OK  v28_plans.jsonl.gz#162                       n  128 CLEAR  /CLEAR     103.68/  103.68 mm   4.67/ 0.17 s
OK  v28_plans.jsonl.gz#163                       n  127 CLEAR  /CLEAR     108.40/  108.40 mm   4.74/ 0.16 s
OK  v28_plans.jsonl.gz#164                       n  128 CLEAR  /CLEAR     104.78/  104.78 mm   4.64/ 0.17 s
OK  v28_plans.jsonl.gz#165                       n  105 CLEAR  /CLEAR      92.49/   92.49 mm   3.82/ 0.15 s
OK  v28_plans.jsonl.gz#166                       n  127 CLEAR  /CLEAR      93.94/   93.94 mm   4.66/ 0.17 s
OK  v28_plans.jsonl.gz#167                       n  104 CLEAR  /CLEAR      92.69/   92.69 mm   3.76/ 0.15 s
OK  v28_plans.jsonl.gz#168                       n  128 CLEAR  /CLEAR      90.76/   90.76 mm   4.77/ 0.17 s
OK  v28_plans.jsonl.gz#169                       n  127 CLEAR  /CLEAR      90.76/   90.76 mm   4.86/ 0.16 s
OK  v28_plans.jsonl.gz#170                       n  128 CLEAR  /CLEAR      90.76/   90.76 mm   4.76/ 0.17 s
OK  v28_plans.jsonl.gz#171                       n  128 CLEAR  /CLEAR     189.68/  189.68 mm   5.35/ 0.24 s
OK  v28_plans.jsonl.gz#172                       n  128 CLEAR  /CLEAR     189.66/  189.66 mm   5.31/ 0.26 s
OK  v28_plans.jsonl.gz#173                       n  105 CLEAR  /CLEAR     202.85/  202.85 mm   4.31/ 0.23 s
OK  v28_plans.jsonl.gz#174                       n  126 CLEAR  /CLEAR      84.96/   84.96 mm   4.87/ 0.17 s
OK  v28_plans.jsonl.gz#175                       n  127 CLEAR  /CLEAR      84.11/   84.11 mm   5.10/ 0.20 s
OK  v28_plans.jsonl.gz#176                       n  128 CLEAR  /CLEAR      95.14/   95.14 mm   5.11/ 0.18 s
OK  v28_plans.jsonl.gz#177                       n  116 CLEAR  /CLEAR      70.91/   70.91 mm   5.17/ 0.25 s
OK  v28_plans.jsonl.gz#178                       n  105 CLEAR  /CLEAR      70.91/   70.91 mm   4.52/ 0.21 s
OK  v28_plans.jsonl.gz#179                       n  116 CLEAR  /CLEAR      70.91/   70.91 mm   5.22/ 0.23 s
OK  v28_plans.jsonl.gz#180                       n  116 CLEAR  /CLEAR      71.63/   71.63 mm   5.62/ 0.18 s
OK  v28_plans.jsonl.gz#181                       n  128 COLLIDE/COLLIDE   -11.46/  -11.46 mm   6.44/ 0.39 s
OK  v28_plans.jsonl.gz#182                       n  127 COLLIDE/COLLIDE    -5.90/   -5.90 mm   6.36/ 0.37 s
OK  v28_after_plans.jsonl.gz#0                   n  118 CLEAR  /CLEAR     202.43/  202.43 mm   4.06/ 0.42 s
OK  v28_after_plans.jsonl.gz#1                   n  130 CLEAR  /CLEAR     202.43/  202.43 mm   4.40/ 0.46 s
OK  v28_after_plans.jsonl.gz#2                   n  130 CLEAR  /CLEAR     202.43/  202.43 mm   4.87/ 0.63 s
OK  v28_after_plans.jsonl.gz#3                   n  128 CLEAR  /CLEAR     115.11/  115.11 mm   7.00/ 0.39 s
OK  v28_after_plans.jsonl.gz#4                   n  125 CLEAR  /CLEAR     115.11/  115.11 mm   6.35/ 0.49 s
OK  v28_after_plans.jsonl.gz#5                   n  125 CLEAR  /CLEAR     115.11/  115.11 mm   5.87/ 0.40 s
OK  v28_after_plans.jsonl.gz#6                   n  117 CLEAR  /CLEAR      94.97/   94.97 mm   8.77/ 0.45 s
OK  v28_after_plans.jsonl.gz#7                   n  117 CLEAR  /CLEAR      94.97/   94.97 mm   9.49/ 0.45 s
OK  v28_after_plans.jsonl.gz#8                   n  118 CLEAR  /CLEAR      94.97/   94.97 mm   9.58/ 0.45 s
OK  v28_after_plans.jsonl.gz#9                   n  126 CLEAR  /CLEAR      99.44/   99.44 mm  10.55/ 0.48 s
OK  v28_after_plans.jsonl.gz#10                  n  126 CLEAR  /CLEAR      99.44/   99.44 mm  10.84/ 0.51 s
OK  v28_after_plans.jsonl.gz#11                  n  128 CLEAR  /CLEAR      99.44/   99.44 mm  10.68/ 0.48 s
OK  v28_after_plans.jsonl.gz#12                  n  116 CLEAR  /CLEAR      88.56/   88.56 mm   9.65/ 0.70 s
OK  v28_after_plans.jsonl.gz#13                  n  120 CLEAR  /CLEAR      88.56/   88.56 mm  10.23/ 0.74 s
OK  v28_after_plans.jsonl.gz#14                  n  120 CLEAR  /CLEAR      88.56/   88.56 mm  10.22/ 0.74 s
OK  v28_after_plans.jsonl.gz#15                  n  126 CLEAR  /CLEAR     246.75/  246.75 mm   9.59/ 0.47 s
Traceback (most recent call last):
  File "/home/user1/Documents/ceiling_arm/docs/results/p1_g35/regress.py", line 222, in <module>
    print('RINGKAS', json.dumps(summ), flush=True)
  File "/home/user1/Documents/ceiling_arm/docs/results/p1_g35/regress.py", line 189, in main
    if base is None:
  File "/home/user1/Documents/ceiling_arm/docs/results/p1_g35/env_collision_old.py", line 195, in screen_trajectory
    d, g = self.check(self.q_from(j), only)
  File "/home/user1/Documents/ceiling_arm/docs/results/p1_g35/env_collision_old.py", line 180, in check
    d = coal.distance(g.geometry, coal.Transform3s(M.rotation, M.translation),
KeyboardInterrupt
