OK  g31_screen_plans.jsonl.gz#4                  n  107 CLEAR  /CLEAR     229.46/  229.46 mm   7.37/ 0.30 s
OK  g31_screen_plans.jsonl.gz#10                 n   97 CLEAR  /CLEAR     231.87/  231.87 mm   5.24/ 0.22 s
OK  g31_screen_plans.jsonl.gz#16                 n   97 CLEAR  /CLEAR     230.00/  230.00 mm   5.76/ 0.23 s
OK  g31_screen_plans.jsonl.gz#22                 n   79 CLEAR  /CLEAR      75.61/   75.61 mm   7.17/ 0.24 s
OK  g31_screen_plans.jsonl.gz#28                 n  127 CLEAR  /CLEAR      65.96/   65.96 mm  11.05/ 0.38 s
OK  g31_screen_plans.jsonl.gz#34                 n   83 CLEAR  /CLEAR      69.48/   69.48 mm   6.45/ 0.26 s
OK  g31_screen_plans.jsonl.gz#40                 n  128 CLEAR  /CLEAR      53.64/   53.64 mm  11.27/ 0.34 s
OK  g31_screen_plans.jsonl.gz#46                 n  127 CLEAR  /CLEAR      53.64/   53.64 mm  10.92/ 0.35 s
OK  g31_screen_plans.jsonl.gz#52                 n  124 CLEAR  /CLEAR      53.64/   53.64 mm  10.58/ 0.34 s
OK  g31_screen_plans.jsonl.gz#58                 n  115 CLEAR  /CLEAR     227.33/  227.33 mm   9.32/ 0.32 s
OK  g31_screen_plans.jsonl.gz#64                 n  114 CLEAR  /CLEAR     228.17/  228.17 mm   7.63/ 0.30 s
OK  g31_screen_plans.jsonl.gz#70                 n  116 CLEAR  /CLEAR     227.94/  227.94 mm   8.17/ 0.31 s
OK  g31_screen_plans.jsonl.gz#76                 n   93 CLEAR  /CLEAR     179.16/  179.16 mm   5.68/ 0.45 s
OK  g31_screen_plans.jsonl.gz#82                 n  135 MARGIN /MARGIN      0.31/    0.31 mm   7.85/ 0.42 s
OK  g31_screen_plans.jsonl.gz#88                 n   91 CLEAR  /CLEAR     178.39/  178.39 mm   5.42/ 0.44 s
OK  g31_screen_plans.jsonl.gz#94                 n   87 CLEAR  /CLEAR     148.26/  148.26 mm  10.48/ 0.84 s
OK  g31_screen_plans.jsonl.gz#100                n   75 CLEAR  /CLEAR     173.88/  173.88 mm  10.43/ 0.49 s
OK  g31_screen_plans.jsonl.gz#106                n  127 CLEAR  /CLEAR     173.88/  173.88 mm  19.38/ 1.15 s
OK  g31_screen_plans.jsonl.gz#112                n   68 CLEAR  /CLEAR     130.72/  130.72 mm  13.27/ 0.42 s
OK  g31_screen_plans.jsonl.gz#118                n   65 CLEAR  /CLEAR     131.05/  131.05 mm  12.88/ 0.51 s
OK  g31_screen_plans.jsonl.gz#124                n   69 CLEAR  /CLEAR     130.31/  130.31 mm  14.10/ 0.44 s
OK  g31_screen_plans.jsonl.gz#130                n  105 CLEAR  /CLEAR      92.93/   92.93 mm  16.36/ 0.71 s
OK  g31_screen_plans.jsonl.gz#136                n  128 CLEAR  /CLEAR      92.93/   92.93 mm  18.21/ 0.60 s
OK  g31_screen_plans.jsonl.gz#142                n  129 CLEAR  /CLEAR      92.93/   92.93 mm  18.91/ 0.60 s
OK  g31_screen_plans.jsonl.gz#148                n   75 CLEAR  /CLEAR      81.34/   81.34 mm   8.83/ 0.37 s
OK  g31_screen_plans.jsonl.gz#154                n   76 CLEAR  /CLEAR      81.34/   81.34 mm   8.67/ 0.38 s
OK  g31_screen_plans.jsonl.gz#160                n   86 CLEAR  /CLEAR      77.72/   77.72 mm   9.73/ 0.51 s
OK  g31_screen_plans.jsonl.gz#166                n   74 CLEAR  /CLEAR     130.93/  130.93 mm  13.70/ 0.70 s
OK  g31_screen_plans.jsonl.gz#172                n   75 CLEAR  /CLEAR     129.29/  129.29 mm  14.59/ 0.48 s
OK  g31_screen_plans.jsonl.gz#178                n   74 CLEAR  /CLEAR     135.08/  135.08 mm  14.08/ 0.48 s
OK  g31_screen_plans.jsonl.gz#184                n   91 CLEAR  /CLEAR     196.63/  196.63 mm  13.03/ 0.54 s
OK  g31_screen_plans.jsonl.gz#190                n  102 CLEAR  /CLEAR     191.58/  191.58 mm  12.61/ 0.65 s
OK  g31_screen_plans.jsonl.gz#196                n  103 CLEAR  /CLEAR     195.74/  195.74 mm  13.55/ 0.84 s
OK  g31_screen_plans.jsonl.gz#202                n  126 MARGIN /MARGIN     36.05/   36.05 mm  16.52/ 1.25 s
OK  g31_screen_plans.jsonl.gz#208                n  125 MARGIN /MARGIN     37.53/   37.53 mm  16.80/ 1.09 s
OK  g31_screen_plans.jsonl.gz#214                n  126 COLLIDE/COLLIDE   -17.97/  -17.97 mm  15.58/ 0.91 s
OK  g31_screen_plans.jsonl.gz#220                n  122 CLEAR  /CLEAR     144.08/  144.08 mm  17.32/ 0.57 s
OK  g31_screen_plans.jsonl.gz#226                n  126 CLEAR  /CLEAR     142.85/  142.85 mm  19.61/ 0.56 s
OK  g31_screen_plans.jsonl.gz#232                n   48 CLEAR  /CLEAR     143.70/  143.70 mm   7.09/ 0.32 s
OK  g31_screen_plans.jsonl.gz#238                n  125 CLEAR  /CLEAR      70.52/   70.52 mm  15.35/ 0.66 s
OK  g31_screen_plans.jsonl.gz#244                n  127 MARGIN /MARGIN     44.98/   44.98 mm  15.95/ 0.87 s
OK  g31_screen_plans.jsonl.gz#250                n  126 MARGIN /MARGIN     49.12/   49.12 mm  16.90/ 0.97 s
OK  g31_screen_plans.jsonl.gz#256                n   78 MARGIN /MARGIN     49.02/   49.02 mm  10.91/ 0.58 s
OK  g31_screen_plans.jsonl.gz#262                n   58 MARGIN /MARGIN     40.25/   40.25 mm   8.24/ 0.51 s
OK  g31_screen_plans.jsonl.gz#268                n   85 MARGIN /MARGIN     15.91/   15.91 mm  11.78/ 0.66 s
OK  g31_screen_plans.jsonl.gz#274                n   78 CLEAR  /CLEAR     127.81/  127.81 mm  10.95/ 0.45 s
OK  g31_screen_plans.jsonl.gz#280                n   40 CLEAR  /CLEAR     127.81/  127.81 mm   6.21/ 0.32 s
OK  g31_screen_plans.jsonl.gz#286                n  127 CLEAR  /CLEAR     127.81/  127.81 mm  17.88/ 0.65 s
OK  g31_screen_plans.jsonl.gz#292                n   43 CLEAR  /CLEAR      64.60/   64.60 mm   4.93/ 0.27 s
OK  g31_screen_plans.jsonl.gz#298                n   69 CLEAR  /CLEAR      63.88/   63.88 mm   7.97/ 0.36 s
OK  g31_screen_plans.jsonl.gz#304                n   49 CLEAR  /CLEAR      64.60/   64.60 mm   5.63/ 0.32 s
RINGKAS {"source": "plans", "n": 51, "bad": 0, "skipped": 0, "bit_identical": 51, "verdicts": {"CLEAR": 42, "MARGIN": 8, "COLLIDE": 1}, "t_old": 588.3165074801072, "t_new": 26.91555473441258, "speedup": 21.857862982401095, "n_samples": 4920}
