OK  v28_after_plans.jsonl.gz#3                   n  128 CLEAR  /CLEAR     115.11/  115.11 mm  11.82/ 0.92 s
OK  v28_after_plans.jsonl.gz#7                   n  117 CLEAR  /CLEAR      94.97/   94.97 mm  10.51/ 0.46 s
OK  v28_after_plans.jsonl.gz#11                  n  128 CLEAR  /CLEAR      99.44/   99.44 mm  13.04/ 0.51 s
OK  v28_after_plans.jsonl.gz#15                  n  126 CLEAR  /CLEAR     246.75/  246.75 mm  10.55/ 0.51 s
OK  v28_after_plans.jsonl.gz#19                  n  128 CLEAR  /CLEAR      94.97/   94.97 mm  12.97/ 0.60 s
OK  v28_after_plans.jsonl.gz#23                  n  129 CLEAR  /CLEAR      88.56/   88.56 mm  12.66/ 1.30 s
OK  v28_after_plans.jsonl.gz#27                  n  124 CLEAR  /CLEAR      90.76/   90.76 mm  13.40/ 0.58 s
OK  v28_after_plans.jsonl.gz#31                  n  127 CLEAR  /CLEAR     231.62/  231.62 mm  11.07/ 0.60 s
OK  v28_after_plans.jsonl.gz#35                  n  107 CLEAR  /CLEAR     202.85/  202.85 mm  11.53/ 0.91 s
OK  v28_after_plans.jsonl.gz#39                  n  125 CLEAR  /CLEAR     202.85/  202.85 mm  11.59/ 0.61 s
OK  v28_after_plans.jsonl.gz#43                  n  126 CLEAR  /CLEAR     144.73/  144.73 mm  11.58/ 0.98 s
OK  v28_after_plans.jsonl.gz#47                  n  126 CLEAR  /CLEAR      86.00/   86.00 mm  14.86/ 0.40 s
OK  v28_after_plans.jsonl.gz#51                  n  105 CLEAR  /CLEAR     168.54/  168.54 mm  10.47/ 0.43 s
OK  v28_after_plans.jsonl.gz#55                  n  107 CLEAR  /CLEAR     188.52/  188.52 mm   9.99/ 0.55 s
OK  v28_after_plans.jsonl.gz#59                  n  127 CLEAR  /CLEAR     202.85/  202.85 mm  12.93/ 0.63 s
OK  v28_after_plans.jsonl.gz#63                  n  130 MARGIN /MARGIN     32.44/   32.44 mm  15.97/ 0.77 s
OK  v28_after_plans.jsonl.gz#67                  n  115 CLEAR  /CLEAR     202.43/  202.43 mm  10.76/ 0.73 s
OK  v28_after_plans.jsonl.gz#71                  n  130 CLEAR  /CLEAR     135.63/  135.63 mm  16.02/ 0.91 s
OK  v28_after_plans.jsonl.gz#75                  n  130 CLEAR  /CLEAR      84.21/   84.21 mm  12.37/ 0.60 s
OK  v28_after_plans.jsonl.gz#79                  n  127 CLEAR  /CLEAR     111.86/  111.86 mm  16.04/ 0.63 s
OK  v28_after_plans.jsonl.gz#83                  n  127 CLEAR  /CLEAR     202.85/  202.85 mm  13.44/ 0.70 s
OK  v28_after_plans.jsonl.gz#87                  n  129 CLEAR  /CLEAR      81.19/   81.19 mm  13.26/ 0.53 s
OK  v28_after_plans.jsonl.gz#91                  n  127 CLEAR  /CLEAR      70.91/   70.91 mm  14.31/ 0.63 s
OK  v28_after_plans.jsonl.gz#95                  n  118 CLEAR  /CLEAR     162.10/  162.10 mm  12.70/ 0.69 s
OK  v28_after_plans.jsonl.gz#99                  n  126 CLEAR  /CLEAR      93.08/   93.08 mm  14.14/ 0.69 s
OK  v28_after_plans.jsonl.gz#103                 n  107 CLEAR  /CLEAR     114.07/  114.07 mm  11.91/ 0.62 s
OK  v28_after_plans.jsonl.gz#107                 n  125 CLEAR  /CLEAR      70.91/   70.91 mm  13.75/ 0.62 s
OK  v28_after_plans.jsonl.gz#111                 n  107 CLEAR  /CLEAR     154.01/  154.01 mm  12.21/ 0.51 s
OK  v28_after_plans.jsonl.gz#115                 n  127 CLEAR  /CLEAR     109.94/  109.94 mm  15.22/ 0.47 s
OK  v28_after_plans.jsonl.gz#119                 n  126 CLEAR  /CLEAR     109.60/  109.60 mm  11.26/ 0.30 s
OK  v28_after_plans.jsonl.gz#123                 n  126 CLEAR  /CLEAR     202.85/  202.85 mm   6.68/ 0.45 s
OK  v28_after_plans.jsonl.gz#127                 n  126 CLEAR  /CLEAR     168.54/  168.54 mm  11.07/ 0.72 s
OK  v28_after_plans.jsonl.gz#131                 n  126 CLEAR  /CLEAR     202.85/  202.85 mm   6.99/ 0.27 s
OK  v28_after_plans.jsonl.gz#135                 n  127 CLEAR  /CLEAR     231.62/  231.62 mm   6.03/ 0.33 s
OK  v28_after_plans.jsonl.gz#139                 n  128 CLEAR  /CLEAR     252.92/  252.92 mm   5.98/ 0.32 s
OK  v28_after_plans.jsonl.gz#143                 n  127 CLEAR  /CLEAR      86.61/   86.61 mm   7.07/ 0.44 s
OK  v28_after_plans.jsonl.gz#147                 n  127 CLEAR  /CLEAR      95.32/   95.32 mm   6.87/ 0.45 s
OK  v28_after_plans.jsonl.gz#151                 n  127 CLEAR  /CLEAR     154.01/  154.01 mm   7.96/ 0.33 s
OK  v28_after_plans.jsonl.gz#155                 n  128 CLEAR  /CLEAR     118.56/  118.56 mm   7.05/ 0.42 s
OK  v28_after_plans.jsonl.gz#159                 n  127 CLEAR  /CLEAR      71.63/   71.63 mm   8.54/ 0.67 s
OK  v28_after_plans.jsonl.gz#163                 n  127 CLEAR  /CLEAR     109.19/  109.19 mm   6.12/ 0.21 s
OK  v28_after_plans.jsonl.gz#167                 n  131 CLEAR  /CLEAR      94.97/   94.97 mm   6.42/ 0.34 s
OK  v28_after_plans.jsonl.gz#171                 n  127 CLEAR  /CLEAR     202.85/  202.85 mm   7.14/ 0.36 s
OK  v28_after_plans.jsonl.gz#175                 n  127 CLEAR  /CLEAR      85.01/   85.01 mm   7.05/ 0.23 s
OK  v28_after_plans.jsonl.gz#179                 n  105 CLEAR  /CLEAR      70.91/   70.91 mm   6.32/ 0.29 s
RINGKAS {"source": "v28", "n": 45, "bad": 0, "skipped": 0, "bit_identical": 45, "verdicts": {"CLEAR": 44, "MARGIN": 1, "COLLIDE": 0}, "t_old": 489.6161462641321, "t_new": 25.24502171203494, "speedup": 19.39456229624551, "n_samples": 5567}
