OK  v28_after_plans.jsonl.gz#1                   n  130 CLEAR  /CLEAR     202.43/  202.43 mm  12.59/ 1.14 s
OK  v28_after_plans.jsonl.gz#5                   n  125 CLEAR  /CLEAR     115.11/  115.11 mm  11.18/ 0.73 s
OK  v28_after_plans.jsonl.gz#9                   n  126 CLEAR  /CLEAR      99.44/   99.44 mm  13.34/ 0.49 s
OK  v28_after_plans.jsonl.gz#13                  n  120 CLEAR  /CLEAR      88.56/   88.56 mm  12.13/ 0.83 s
OK  v28_after_plans.jsonl.gz#17                  n  124 CLEAR  /CLEAR     246.75/  246.75 mm  11.14/ 0.63 s
OK  v28_after_plans.jsonl.gz#21                  n  130 CLEAR  /CLEAR      88.56/   88.56 mm  12.77/ 0.79 s
OK  v28_after_plans.jsonl.gz#25                  n  131 CLEAR  /CLEAR     201.21/  201.21 mm  14.11/ 0.44 s
OK  v28_after_plans.jsonl.gz#29                  n  126 CLEAR  /CLEAR      90.76/   90.76 mm  13.31/ 0.58 s
OK  v28_after_plans.jsonl.gz#33                  n  128 CLEAR  /CLEAR     202.85/  202.85 mm  15.14/ 0.83 s
OK  v28_after_plans.jsonl.gz#37                  n  129 CLEAR  /CLEAR     130.54/  130.54 mm  14.05/ 0.44 s
OK  v28_after_plans.jsonl.gz#41                  n  126 CLEAR  /CLEAR     202.85/  202.85 mm  11.22/ 0.64 s
OK  v28_after_plans.jsonl.gz#45                  n  125 CLEAR  /CLEAR      86.00/   86.00 mm  14.11/ 0.42 s
OK  v28_after_plans.jsonl.gz#49                  n  118 CLEAR  /CLEAR      57.48/   57.48 mm  13.72/ 0.51 s
OK  v28_after_plans.jsonl.gz#53                  n  129 CLEAR  /CLEAR     132.87/  132.87 mm  12.34/ 0.56 s
OK  v28_after_plans.jsonl.gz#57                  n  125 CLEAR  /CLEAR     202.85/  202.85 mm  12.29/ 0.62 s
OK  v28_after_plans.jsonl.gz#61                  n  133 CLEAR  /CLEAR      63.58/   63.58 mm  15.56/ 0.68 s
OK  v28_after_plans.jsonl.gz#65                  n  131 MARGIN /MARGIN     32.44/   32.44 mm  16.51/ 0.68 s
OK  v28_after_plans.jsonl.gz#69                  n  127 CLEAR  /CLEAR     135.63/  135.63 mm  15.84/ 1.01 s
OK  v28_after_plans.jsonl.gz#73                  n  106 CLEAR  /CLEAR     109.94/  109.94 mm  13.02/ 0.57 s
OK  v28_after_plans.jsonl.gz#77                  n  132 CLEAR  /CLEAR      92.56/   92.56 mm  12.66/ 0.63 s
OK  v28_after_plans.jsonl.gz#81                  n  130 CLEAR  /CLEAR     202.85/  202.85 mm  12.92/ 0.79 s
OK  v28_after_plans.jsonl.gz#85                  n  125 CLEAR  /CLEAR      88.56/   88.56 mm  12.03/ 0.38 s
OK  v28_after_plans.jsonl.gz#89                  n  123 CLEAR  /CLEAR      88.56/   88.56 mm  11.54/ 0.46 s
OK  v28_after_plans.jsonl.gz#93                  n  118 CLEAR  /CLEAR     162.10/  162.10 mm  12.61/ 0.56 s
OK  v28_after_plans.jsonl.gz#97                  n  126 CLEAR  /CLEAR      86.00/   86.00 mm  13.19/ 0.61 s
OK  v28_after_plans.jsonl.gz#101                 n  126 CLEAR  /CLEAR      93.08/   93.08 mm  13.97/ 0.70 s
OK  v28_after_plans.jsonl.gz#105                 n  130 CLEAR  /CLEAR      70.91/   70.91 mm  14.09/ 0.66 s
OK  v28_after_plans.jsonl.gz#109                 n  129 MARGIN /MARGIN     32.44/   32.44 mm  15.25/ 0.54 s
OK  v28_after_plans.jsonl.gz#113                 n  124 CLEAR  /CLEAR     147.46/  147.46 mm  15.03/ 0.61 s
OK  v28_after_plans.jsonl.gz#117                 n  127 CLEAR  /CLEAR     109.92/  109.92 mm  11.77/ 0.28 s
OK  v28_after_plans.jsonl.gz#121                 n  117 CLEAR  /CLEAR     105.21/  105.21 mm   7.67/ 0.26 s
OK  v28_after_plans.jsonl.gz#125                 n  126 CLEAR  /CLEAR     202.85/  202.85 mm   5.80/ 0.29 s
OK  v28_after_plans.jsonl.gz#129                 n  127 CLEAR  /CLEAR     202.85/  202.85 mm   6.60/ 0.26 s
OK  v28_after_plans.jsonl.gz#133                 n  128 CLEAR  /CLEAR     202.85/  202.85 mm   5.78/ 0.27 s
OK  v28_after_plans.jsonl.gz#137                 n  128 CLEAR  /CLEAR     231.62/  231.62 mm   5.88/ 0.34 s
OK  v28_after_plans.jsonl.gz#141                 n  127 CLEAR  /CLEAR      86.61/   86.61 mm   6.90/ 0.46 s
OK  v28_after_plans.jsonl.gz#145                 n  115 CLEAR  /CLEAR     202.85/  202.85 mm   6.52/ 0.26 s
OK  v28_after_plans.jsonl.gz#149                 n  128 CLEAR  /CLEAR      95.32/   95.32 mm   7.33/ 0.47 s
OK  v28_after_plans.jsonl.gz#153                 n  126 CLEAR  /CLEAR     202.85/  202.85 mm   6.81/ 0.47 s
OK  v28_after_plans.jsonl.gz#157                 n  128 CLEAR  /CLEAR      80.65/   80.65 mm   8.46/ 0.31 s
OK  v28_after_plans.jsonl.gz#161                 n  128 CLEAR  /CLEAR      71.63/   71.63 mm   8.43/ 0.57 s
OK  v28_after_plans.jsonl.gz#165                 n  127 CLEAR  /CLEAR      94.97/   94.97 mm   6.38/ 0.21 s
OK  v28_after_plans.jsonl.gz#169                 n  126 CLEAR  /CLEAR      89.39/   89.39 mm   6.33/ 0.24 s
OK  v28_after_plans.jsonl.gz#173                 n  117 CLEAR  /CLEAR     202.85/  202.85 mm   6.50/ 0.41 s
OK  v28_after_plans.jsonl.gz#177                 n  115 CLEAR  /CLEAR      70.91/   70.91 mm   7.84/ 0.34 s
OK  v28_after_plans.jsonl.gz#181                 n  106 CLEAR  /CLEAR      71.63/   71.63 mm   6.81/ 0.26 s
RINGKAS {"source": "v28", "n": 46, "bad": 0, "skipped": 0, "bit_identical": 46, "verdicts": {"CLEAR": 44, "MARGIN": 2, "COLLIDE": 0}, "t_old": 509.478402714245, "t_new": 24.225352180190384, "speedup": 21.030794472034838, "n_samples": 5748}
