OK  g31_screen_plans.jsonl.gz#2                  n  124 CLEAR  /CLEAR     222.53/  222.53 mm   6.47/ 0.28 s
OK  g31_screen_plans.jsonl.gz#8                  n   32 CLEAR  /CLEAR     215.88/  215.88 mm   1.59/ 0.15 s
OK  g31_screen_plans.jsonl.gz#14                 n  114 CLEAR  /CLEAR     181.84/  181.84 mm   5.89/ 0.32 s
OK  g31_screen_plans.jsonl.gz#20                 n   87 CLEAR  /CLEAR     165.64/  165.64 mm   7.23/ 0.31 s
OK  g31_screen_plans.jsonl.gz#26                 n  126 CLEAR  /CLEAR     165.64/  165.64 mm   9.77/ 0.37 s
OK  g31_screen_plans.jsonl.gz#32                 n  114 CLEAR  /CLEAR     165.64/  165.64 mm   8.92/ 0.35 s
OK  g31_screen_plans.jsonl.gz#38                 n   86 CLEAR  /CLEAR     166.23/  166.23 mm   5.27/ 0.20 s
OK  g31_screen_plans.jsonl.gz#44                 n  126 CLEAR  /CLEAR     152.15/  152.15 mm   8.39/ 0.31 s
OK  g31_screen_plans.jsonl.gz#50                 n   88 CLEAR  /CLEAR     168.36/  168.36 mm   5.70/ 0.20 s
OK  g31_screen_plans.jsonl.gz#56                 n   92 CLEAR  /CLEAR     139.44/  139.44 mm   5.49/ 0.40 s
OK  g31_screen_plans.jsonl.gz#62                 n   71 CLEAR  /CLEAR     141.63/  141.63 mm   4.22/ 0.30 s
OK  g31_screen_plans.jsonl.gz#68                 n  126 CLEAR  /CLEAR     128.25/  128.25 mm   7.60/ 0.46 s
OK  g31_screen_plans.jsonl.gz#74                 n   67 CLEAR  /CLEAR     160.17/  160.17 mm   3.88/ 0.30 s
OK  g31_screen_plans.jsonl.gz#80                 n   45 CLEAR  /CLEAR     132.80/  132.80 mm   2.47/ 0.21 s
OK  g31_screen_plans.jsonl.gz#86                 n   67 CLEAR  /CLEAR     160.17/  160.17 mm   3.93/ 0.19 s
OK  g31_screen_plans.jsonl.gz#92                 n  137 CLEAR  /CLEAR     148.67/  148.67 mm   7.94/ 0.63 s
OK  g31_screen_plans.jsonl.gz#98                 n   94 CLEAR  /CLEAR     203.81/  203.81 mm   5.41/ 0.43 s
OK  g31_screen_plans.jsonl.gz#104                n  101 CLEAR  /CLEAR     203.27/  203.27 mm   5.76/ 0.43 s
OK  g31_screen_plans.jsonl.gz#110                n   68 CLEAR  /CLEAR     171.27/  171.27 mm   5.21/ 0.17 s
OK  g31_screen_plans.jsonl.gz#116                n  125 CLEAR  /CLEAR     162.38/  162.38 mm   8.96/ 0.39 s
OK  g31_screen_plans.jsonl.gz#122                n  127 CLEAR  /CLEAR     171.27/  171.27 mm  18.53/ 0.61 s
OK  g31_screen_plans.jsonl.gz#128                n   91 CLEAR  /CLEAR     143.02/  143.02 mm  15.04/ 0.50 s
OK  g31_screen_plans.jsonl.gz#134                n  126 CLEAR  /CLEAR     143.02/  143.02 mm  19.43/ 0.57 s
OK  g31_screen_plans.jsonl.gz#140                n   91 CLEAR  /CLEAR     143.02/  143.02 mm  14.41/ 0.38 s
OK  g31_screen_plans.jsonl.gz#146                n   85 CLEAR  /CLEAR     182.02/  182.02 mm   7.55/ 0.53 s
OK  g31_screen_plans.jsonl.gz#152                n   89 CLEAR  /CLEAR     182.02/  182.02 mm   8.41/ 0.58 s
OK  g31_screen_plans.jsonl.gz#158                n  105 CLEAR  /CLEAR     182.02/  182.02 mm   9.45/ 0.73 s
OK  g31_screen_plans.jsonl.gz#164                n   91 CLEAR  /CLEAR     180.76/  180.76 mm  11.82/ 0.43 s
OK  g31_screen_plans.jsonl.gz#170                n   91 CLEAR  /CLEAR     180.76/  180.76 mm  11.60/ 0.34 s
OK  g31_screen_plans.jsonl.gz#176                n  127 CLEAR  /CLEAR     160.06/  160.06 mm  16.75/ 0.60 s
OK  g31_screen_plans.jsonl.gz#182                n  126 CLEAR  /CLEAR     132.42/  132.42 mm  13.29/ 0.41 s
OK  g31_screen_plans.jsonl.gz#188                n  126 CLEAR  /CLEAR     132.42/  132.42 mm  13.53/ 0.40 s
OK  g31_screen_plans.jsonl.gz#194                n  128 CLEAR  /CLEAR     132.42/  132.42 mm  13.70/ 0.71 s
OK  g31_screen_plans.jsonl.gz#200                n   85 CLEAR  /CLEAR     280.92/  280.92 mm   8.17/ 0.40 s
OK  g31_screen_plans.jsonl.gz#206                n  126 CLEAR  /CLEAR     280.92/  280.92 mm  13.04/ 0.53 s
OK  g31_screen_plans.jsonl.gz#212                n   75 CLEAR  /CLEAR     280.92/  280.92 mm   6.71/ 0.56 s
OK  g31_screen_plans.jsonl.gz#218                n   34 CLEAR  /CLEAR     102.97/  102.97 mm   4.03/ 0.35 s
OK  g31_screen_plans.jsonl.gz#224                n   58 CLEAR  /CLEAR     103.25/  103.25 mm   7.16/ 0.60 s
OK  g31_screen_plans.jsonl.gz#230                n  125 CLEAR  /CLEAR     123.98/  123.98 mm  15.78/ 0.60 s
OK  g31_screen_plans.jsonl.gz#236                n  163 CLEAR  /CLEAR     189.79/  189.79 mm  15.12/ 0.59 s
OK  g31_screen_plans.jsonl.gz#242                n  124 CLEAR  /CLEAR     189.79/  189.79 mm  11.85/ 0.51 s
OK  g31_screen_plans.jsonl.gz#248                n  131 CLEAR  /CLEAR     189.79/  189.79 mm  13.25/ 0.56 s
OK  g31_screen_plans.jsonl.gz#254                n  129 CLEAR  /CLEAR     102.23/  102.23 mm  17.61/ 1.05 s
OK  g31_screen_plans.jsonl.gz#260                n  125 CLEAR  /CLEAR     100.20/  100.20 mm  18.84/ 0.91 s
OK  g31_screen_plans.jsonl.gz#266                n   50 CLEAR  /CLEAR     105.85/  105.85 mm   7.13/ 0.54 s
OK  g31_screen_plans.jsonl.gz#272                n  127 CLEAR  /CLEAR     127.81/  127.81 mm  16.40/ 0.56 s
OK  g31_screen_plans.jsonl.gz#278                n   84 CLEAR  /CLEAR     127.81/  127.81 mm  10.73/ 0.44 s
OK  g31_screen_plans.jsonl.gz#284                n  127 CLEAR  /CLEAR     127.81/  127.81 mm  15.69/ 0.58 s
OK  g31_screen_plans.jsonl.gz#290                n   79 CLEAR  /CLEAR     270.00/  270.00 mm   7.08/ 0.43 s
OK  g31_screen_plans.jsonl.gz#296                n  139 CLEAR  /CLEAR     269.60/  269.60 mm  12.60/ 0.60 s
OK  g31_screen_plans.jsonl.gz#302                n   80 CLEAR  /CLEAR     272.45/  272.45 mm   7.28/ 0.45 s
RINGKAS {"source": "plans", "n": 51, "bad": 0, "skipped": 0, "bit_identical": 51, "verdicts": {"CLEAR": 51, "MARGIN": 0, "COLLIDE": 0}, "t_old": 502.0557279475033, "t_new": 23.471101476810873, "speedup": 21.39037779899369, "n_samples": 5154}
