OK  g31_screen_plans.jsonl.gz#0                  n  124 CLEAR  /CLEAR     140.61/  140.61 mm   9.45/ 0.58 s
OK  g31_screen_plans.jsonl.gz#6                  n  113 CLEAR  /CLEAR     132.55/  132.55 mm   9.00/ 0.48 s
OK  g31_screen_plans.jsonl.gz#12                 n  125 CLEAR  /CLEAR     149.63/  149.63 mm  10.31/ 0.46 s
OK  g31_screen_plans.jsonl.gz#18                 n   46 CLEAR  /CLEAR     209.75/  209.75 mm   4.58/ 0.34 s
OK  g31_screen_plans.jsonl.gz#24                 n  124 CLEAR  /CLEAR     211.41/  211.41 mm  12.29/ 0.40 s
OK  g31_screen_plans.jsonl.gz#30                 n   34 CLEAR  /CLEAR     206.54/  206.54 mm   3.38/ 0.28 s
OK  g31_screen_plans.jsonl.gz#36                 n   86 CLEAR  /CLEAR     119.88/  119.88 mm   7.09/ 0.32 s
OK  g31_screen_plans.jsonl.gz#42                 n   75 CLEAR  /CLEAR     116.23/  116.23 mm   6.05/ 0.29 s
OK  g31_screen_plans.jsonl.gz#48                 n   86 CLEAR  /CLEAR     119.88/  119.88 mm   7.12/ 0.29 s
OK  g31_screen_plans.jsonl.gz#54                 n   94 CLEAR  /CLEAR     256.04/  256.04 mm   7.89/ 0.42 s
OK  g31_screen_plans.jsonl.gz#60                 n   59 CLEAR  /CLEAR     249.82/  249.82 mm   5.00/ 0.34 s
OK  g31_screen_plans.jsonl.gz#66                 n  123 CLEAR  /CLEAR     257.54/  257.54 mm  10.42/ 0.47 s
OK  g31_screen_plans.jsonl.gz#72                 n  126 CLEAR  /CLEAR     212.14/  212.14 mm   9.49/ 0.70 s
OK  g31_screen_plans.jsonl.gz#78                 n  128 CLEAR  /CLEAR     212.14/  212.14 mm   9.69/ 0.71 s
OK  g31_screen_plans.jsonl.gz#84                 n   26 CLEAR  /CLEAR     212.14/  212.14 mm   1.98/ 0.21 s
OK  g31_screen_plans.jsonl.gz#90                 n   75 CLEAR  /CLEAR      85.89/   85.89 mm   6.68/ 0.33 s
OK  g31_screen_plans.jsonl.gz#96                 n  126 CLEAR  /CLEAR      85.89/   85.89 mm  13.76/ 0.42 s
OK  g31_screen_plans.jsonl.gz#102                n  127 CLEAR  /CLEAR      85.89/   85.89 mm  15.11/ 0.40 s
OK  g31_screen_plans.jsonl.gz#108                n   66 CLEAR  /CLEAR     230.00/  230.00 mm   5.61/ 0.49 s
OK  g31_screen_plans.jsonl.gz#114                n  126 CLEAR  /CLEAR     230.00/  230.00 mm  11.62/ 0.55 s
OK  g31_screen_plans.jsonl.gz#120                n   66 CLEAR  /CLEAR     230.00/  230.00 mm   6.07/ 0.28 s
OK  g31_screen_plans.jsonl.gz#126                n  133 CLEAR  /CLEAR     218.01/  218.01 mm  12.68/ 0.58 s
OK  g31_screen_plans.jsonl.gz#132                n   76 CLEAR  /CLEAR     218.01/  218.01 mm   6.90/ 0.36 s
OK  g31_screen_plans.jsonl.gz#138                n   76 CLEAR  /CLEAR     218.01/  218.01 mm   6.62/ 0.38 s
OK  g31_screen_plans.jsonl.gz#144                n   51 CLEAR  /CLEAR     182.02/  182.02 mm   4.35/ 0.33 s
OK  g31_screen_plans.jsonl.gz#150                n   59 CLEAR  /CLEAR     182.02/  182.02 mm   5.38/ 0.43 s
OK  g31_screen_plans.jsonl.gz#156                n   51 CLEAR  /CLEAR     182.02/  182.02 mm   4.43/ 0.52 s
OK  g31_screen_plans.jsonl.gz#162                n  128 CLEAR  /CLEAR     202.85/  202.85 mm  10.17/ 0.45 s
OK  g31_screen_plans.jsonl.gz#168                n  127 CLEAR  /CLEAR     202.85/  202.85 mm  10.29/ 0.45 s
OK  g31_screen_plans.jsonl.gz#174                n  156 CLEAR  /CLEAR     202.85/  202.85 mm  12.48/ 0.64 s
OK  g31_screen_plans.jsonl.gz#180                n  127 CLEAR  /CLEAR     119.88/  119.88 mm  12.04/ 0.56 s
OK  g31_screen_plans.jsonl.gz#186                n  127 CLEAR  /CLEAR     119.88/  119.88 mm  11.85/ 0.63 s
OK  g31_screen_plans.jsonl.gz#192                n   86 CLEAR  /CLEAR     119.88/  119.88 mm   8.03/ 0.36 s
OK  g31_screen_plans.jsonl.gz#198                n   94 CLEAR  /CLEAR     202.85/  202.85 mm   7.50/ 0.38 s
OK  g31_screen_plans.jsonl.gz#204                n  132 CLEAR  /CLEAR     202.85/  202.85 mm  10.92/ 0.60 s
OK  g31_screen_plans.jsonl.gz#210                n  123 CLEAR  /CLEAR     202.85/  202.85 mm   9.85/ 0.45 s
OK  g31_screen_plans.jsonl.gz#216                n   87 CLEAR  /CLEAR     195.28/  195.28 mm   7.94/ 0.42 s
OK  g31_screen_plans.jsonl.gz#222                n  126 CLEAR  /CLEAR     195.28/  195.28 mm  12.63/ 0.41 s
OK  g31_screen_plans.jsonl.gz#228                n   86 CLEAR  /CLEAR     195.28/  195.28 mm   8.64/ 0.30 s
OK  g31_screen_plans.jsonl.gz#234                n  105 CLEAR  /CLEAR     252.92/  252.92 mm   8.73/ 0.44 s
OK  g31_screen_plans.jsonl.gz#240                n   85 CLEAR  /CLEAR     252.92/  252.92 mm   7.17/ 0.36 s
OK  g31_screen_plans.jsonl.gz#246                n  114 CLEAR  /CLEAR     252.92/  252.92 mm   9.89/ 0.59 s
OK  g31_screen_plans.jsonl.gz#252                n  126 CLEAR  /CLEAR      88.56/   88.56 mm  14.36/ 0.47 s
OK  g31_screen_plans.jsonl.gz#258                n  127 CLEAR  /CLEAR      86.89/   86.89 mm  13.07/ 0.40 s
OK  g31_screen_plans.jsonl.gz#264                n  128 CLEAR  /CLEAR      86.45/   86.45 mm  12.37/ 0.43 s
OK  g31_screen_plans.jsonl.gz#270                n  125 CLEAR  /CLEAR     273.14/  273.14 mm   9.99/ 0.48 s
OK  g31_screen_plans.jsonl.gz#276                n   51 CLEAR  /CLEAR     273.14/  273.14 mm   4.08/ 0.25 s
OK  g31_screen_plans.jsonl.gz#282                n   76 CLEAR  /CLEAR     273.14/  273.14 mm   6.21/ 0.35 s
OK  g31_screen_plans.jsonl.gz#288                n  125 CLEAR  /CLEAR     199.37/  199.37 mm  11.19/ 0.39 s
OK  g31_screen_plans.jsonl.gz#294                n   43 CLEAR  /CLEAR     199.37/  199.37 mm   3.89/ 0.23 s
OK  g31_screen_plans.jsonl.gz#300                n   29 CLEAR  /CLEAR     199.37/  199.37 mm   2.57/ 0.17 s
RINGKAS {"source": "plans", "n": 51, "bad": 0, "skipped": 0, "bit_identical": 51, "verdicts": {"CLEAR": 51, "MARGIN": 0, "COLLIDE": 0}, "t_old": 438.8303278503008, "t_new": 21.552840158343315, "speedup": 20.360672868463013, "n_samples": 4934}
