OK  g31_screen_plans.jsonl.gz#5                  n  126 CLEAR  /CLEAR      58.89/   58.89 mm  13.93/ 0.76 s
OK  g31_screen_plans.jsonl.gz#11                 n  127 CLEAR  /CLEAR     139.78/  139.78 mm  16.34/ 0.66 s
OK  g31_screen_plans.jsonl.gz#17                 n  126 CLEAR  /CLEAR     139.78/  139.78 mm  16.79/ 0.67 s
OK  g31_screen_plans.jsonl.gz#23                 n   66 MARGIN /MARGIN     44.31/   44.31 mm  10.50/ 0.40 s
OK  g31_screen_plans.jsonl.gz#29                 n   56 MARGIN /MARGIN     44.31/   44.31 mm   8.30/ 0.34 s
OK  g31_screen_plans.jsonl.gz#35                 n  128 MARGIN /MARGIN     44.31/   44.31 mm  17.98/ 0.60 s
OK  g31_screen_plans.jsonl.gz#41                 n   77 CLEAR  /CLEAR      53.64/   53.64 mm  11.00/ 0.44 s
OK  g31_screen_plans.jsonl.gz#47                 n  132 CLEAR  /CLEAR      53.64/   53.64 mm  20.07/ 0.65 s
OK  g31_screen_plans.jsonl.gz#53                 n  146 CLEAR  /CLEAR      53.64/   53.64 mm  24.09/ 0.85 s
OK  g31_screen_plans.jsonl.gz#59                 n  117 CLEAR  /CLEAR     201.21/  201.21 mm  21.81/ 0.86 s
OK  g31_screen_plans.jsonl.gz#65                 n  129 CLEAR  /CLEAR     201.21/  201.21 mm  20.58/ 0.74 s
OK  g31_screen_plans.jsonl.gz#71                 n  127 CLEAR  /CLEAR     201.21/  201.21 mm  21.91/ 0.66 s
OK  g31_screen_plans.jsonl.gz#77                 n  135 CLEAR  /CLEAR     179.16/  179.16 mm  16.65/ 0.87 s
OK  g31_screen_plans.jsonl.gz#83                 n   83 CLEAR  /CLEAR     162.30/  162.30 mm   9.66/ 0.44 s
OK  g31_screen_plans.jsonl.gz#89                 n  128 CLEAR  /CLEAR     178.39/  178.39 mm  15.21/ 0.65 s
OK  g31_screen_plans.jsonl.gz#95                 n  129 MARGIN /MARGIN     26.50/   26.50 mm  20.40/ 1.47 s
OK  g31_screen_plans.jsonl.gz#101                n   58 MARGIN /MARGIN     27.68/   27.68 mm   9.01/ 0.76 s
OK  g31_screen_plans.jsonl.gz#107                n   66 MARGIN /MARGIN     17.53/   17.53 mm   9.67/ 0.81 s
OK  g31_screen_plans.jsonl.gz#113                n  136 CLEAR  /CLEAR     130.72/  130.72 mm  25.87/ 0.65 s
OK  g31_screen_plans.jsonl.gz#119                n  134 CLEAR  /CLEAR     131.05/  131.05 mm  23.14/ 0.82 s
OK  g31_screen_plans.jsonl.gz#125                n  138 CLEAR  /CLEAR     130.31/  130.31 mm  25.73/ 0.67 s
OK  g31_screen_plans.jsonl.gz#131                n  126 CLEAR  /CLEAR     194.32/  194.32 mm  22.52/ 0.78 s
OK  g31_screen_plans.jsonl.gz#137                n   70 CLEAR  /CLEAR     194.32/  194.32 mm  11.09/ 0.42 s
OK  g31_screen_plans.jsonl.gz#143                n   67 CLEAR  /CLEAR     194.32/  194.32 mm  10.57/ 0.40 s
OK  g31_screen_plans.jsonl.gz#149                n   50 CLEAR  /CLEAR     172.08/  172.08 mm   5.98/ 0.28 s
OK  g31_screen_plans.jsonl.gz#155                n   80 CLEAR  /CLEAR     174.49/  174.49 mm   9.50/ 0.51 s
OK  g31_screen_plans.jsonl.gz#161                n  129 CLEAR  /CLEAR     173.41/  173.41 mm  16.13/ 0.81 s
OK  g31_screen_plans.jsonl.gz#167                n  136 MARGIN /MARGIN     12.13/   12.13 mm  24.20/ 0.74 s
OK  g31_screen_plans.jsonl.gz#173                n   69 CLEAR  /CLEAR      94.29/   94.29 mm  12.52/ 0.69 s
OK  g31_screen_plans.jsonl.gz#179                n   65 CLEAR  /CLEAR      87.40/   87.40 mm  11.87/ 0.74 s
OK  g31_screen_plans.jsonl.gz#185                n  134 CLEAR  /CLEAR     153.57/  153.57 mm  18.47/ 0.93 s
OK  g31_screen_plans.jsonl.gz#191                n  133 CLEAR  /CLEAR     156.16/  156.16 mm  16.45/ 0.94 s
OK  g31_screen_plans.jsonl.gz#197                n  157 CLEAR  /CLEAR      72.25/   72.25 mm  19.24/ 1.09 s
OK  g31_screen_plans.jsonl.gz#203                n   97 MARGIN /MARGIN     17.42/   17.42 mm  11.84/ 0.48 s
OK  g31_screen_plans.jsonl.gz#209                n   67 MARGIN /MARGIN     16.64/   16.64 mm   8.29/ 0.41 s
OK  g31_screen_plans.jsonl.gz#215                n   66 COLLIDE/COLLIDE   -13.54/  -13.54 mm   7.48/ 0.65 s
OK  g31_screen_plans.jsonl.gz#221                n   43 COLLIDE/COLLIDE    -4.13/   -4.13 mm   6.49/ 0.43 s
OK  g31_screen_plans.jsonl.gz#227                n   57 COLLIDE/COLLIDE    -4.13/   -4.13 mm   8.53/ 0.53 s
OK  g31_screen_plans.jsonl.gz#233                n   36 COLLIDE/COLLIDE    -4.13/   -4.13 mm   5.64/ 0.39 s
OK  g31_screen_plans.jsonl.gz#239                n   65 MARGIN /MARGIN     14.17/   14.17 mm   8.48/ 0.47 s
OK  g31_screen_plans.jsonl.gz#245                n   66 MARGIN /MARGIN      8.75/    8.75 mm   8.35/ 0.56 s
OK  g31_screen_plans.jsonl.gz#251                n   63 MARGIN /MARGIN      7.33/    7.33 mm   8.42/ 0.56 s
OK  g31_screen_plans.jsonl.gz#257                n   75 CLEAR  /CLEAR      92.97/   92.97 mm  11.74/ 0.67 s
OK  g31_screen_plans.jsonl.gz#263                n  128 COLLIDE/COLLIDE   -12.46/  -12.46 mm  22.31/ 0.80 s
OK  g31_screen_plans.jsonl.gz#269                n  128 COLLIDE/COLLIDE    -6.26/   -6.26 mm  11.61/ 0.71 s
OK  g31_screen_plans.jsonl.gz#275                n  102 CLEAR  /CLEAR     127.81/  127.81 mm   8.14/ 0.31 s
OK  g31_screen_plans.jsonl.gz#281                n  110 CLEAR  /CLEAR     127.81/  127.81 mm   9.23/ 0.41 s
OK  g31_screen_plans.jsonl.gz#287                n   57 CLEAR  /CLEAR      68.61/   68.61 mm   4.27/ 0.28 s
OK  g31_screen_plans.jsonl.gz#293                n   67 MARGIN /MARGIN     43.61/   43.61 mm   4.70/ 0.29 s
OK  g31_screen_plans.jsonl.gz#299                n   66 MARGIN /MARGIN     43.83/   43.83 mm   4.17/ 0.25 s
OK  g31_screen_plans.jsonl.gz#305                n  126 COLLIDE/COLLIDE   -15.98/  -15.98 mm   8.08/ 0.55 s
RINGKAS {"source": "plans", "n": 51, "bad": 0, "skipped": 0, "bit_identical": 51, "verdicts": {"CLEAR": 30, "MARGIN": 14, "COLLIDE": 7}, "t_old": 694.9422889919952, "t_new": 31.854648389853537, "speedup": 21.81604017369568, "n_samples": 4999}
