  gelombang 1: selesai 0/50 seed, tuple di cache 1548
  gelombang 2: selesai 0/50 seed, tuple di cache 3421
  gelombang 3: selesai 0/50 seed, tuple di cache 5089
  gelombang 4: selesai 0/50 seed, tuple di cache 7173
  gelombang 5: selesai 0/50 seed, tuple di cache 8907
  gelombang 6: selesai 0/50 seed, tuple di cache 10497
  gelombang 7: selesai 0/50 seed, tuple di cache 12042
  gelombang 8: selesai 0/50 seed, tuple di cache 13619
  gelombang 9: selesai 0/50 seed, tuple di cache 15296
  gelombang 10: selesai 4/50 seed, tuple di cache 16700
  gelombang 11: selesai 9/50 seed, tuple di cache 18044
  gelombang 12: selesai 11/50 seed, tuple di cache 18891
  gelombang 13: selesai 14/50 seed, tuple di cache 20132
  gelombang 14: selesai 16/50 seed, tuple di cache 21121
  gelombang 15: selesai 18/50 seed, tuple di cache 22089
  gelombang 16: selesai 23/50 seed, tuple di cache 22922
  gelombang 17: selesai 30/50 seed, tuple di cache 23675
  gelombang 18: selesai 32/50 seed, tuple di cache 24381
  gelombang 19: selesai 35/50 seed, tuple di cache 24946
  gelombang 20: selesai 38/50 seed, tuple di cache 25469
  gelombang 21: selesai 39/50 seed, tuple di cache 25765
  gelombang 22: selesai 41/50 seed, tuple di cache 26028
  gelombang 23: selesai 43/50 seed, tuple di cache 26319
  gelombang 24: selesai 45/50 seed, tuple di cache 26557
  gelombang 25: selesai 46/50 seed, tuple di cache 26693
  gelombang 26: selesai 47/50 seed, tuple di cache 26809
  gelombang 27: selesai 47/50 seed, tuple di cache 26848
  gelombang 28: selesai 47/50 seed, tuple di cache 26935
  gelombang 29: selesai 47/50 seed, tuple di cache 27010
  gelombang 30: selesai 48/50 seed, tuple di cache 27019
  gelombang 31: selesai 48/50 seed, tuple di cache 27054
  gelombang 32: selesai 48/50 seed, tuple di cache 27118
  gelombang 33: selesai 48/50 seed, tuple di cache 27216
  gelombang 34: selesai 48/50 seed, tuple di cache 27260
  gelombang 35: selesai 48/50 seed, tuple di cache 27296
  gelombang 36: selesai 48/50 seed, tuple di cache 27323
  gelombang 37: selesai 48/50 seed, tuple di cache 27348
  gelombang 38: selesai 48/50 seed, tuple di cache 27422
  gelombang 39: selesai 48/50 seed, tuple di cache 27450
  gelombang 40: selesai 48/50 seed, tuple di cache 27600
  gelombang 41: selesai 50/50 seed, tuple di cache 27659
seed  0: tolak-tarik   5, pindah g1/g2 3/2, tugas 4/2, makespan FISIK  180.37 DINDING  408.37, jadwal sama True, konflik None  (ii) LOLOS
seed  1: tolak-tarik  11, pindah g1/g2 1/1, tugas 3/3, makespan FISIK  103.24 DINDING  179.24, jadwal sama True, konflik None  (ii) LOLOS
seed  2: tolak-tarik  11, pindah g1/g2 2/3, tugas 2/4, makespan FISIK  199.06 DINDING  427.06, jadwal sama False, konflik None  (ii) LOLOS
seed  3: tolak-tarik   4, pindah g1/g2 1/2, tugas 2/4, makespan FISIK  156.33 DINDING  308.33, jadwal sama True, konflik None  (ii) LOLOS
seed  4: tolak-tarik   7, pindah g1/g2 2/3, tugas 2/4, makespan FISIK  210.20 DINDING  438.20, jadwal sama True, konflik None  (ii) LOLOS
seed  5: tolak-tarik   9, pindah g1/g2 1/2, tugas 2/4, makespan FISIK  134.05 DINDING  286.05, jadwal sama True, konflik None  (ii) LOLOS
seed  6: tolak-tarik  35, pindah g1/g2 3/3, tugas 3/3, makespan FISIK  203.83 DINDING  431.83, jadwal sama False, konflik None  (ii) LOLOS
seed  7: tolak-tarik  10, pindah g1/g2 2/2, tugas 2/4, makespan FISIK  154.33 DINDING  306.33, jadwal sama True, konflik None  (ii) LOLOS
seed  8: tolak-tarik  10, pindah g1/g2 2/3, tugas 2/4, makespan FISIK  197.47 DINDING  425.47, jadwal sama False, konflik None  (ii) LOLOS
seed  9: tolak-tarik  14, pindah g1/g2 2/2, tugas 3/3, makespan FISIK  147.56 DINDING  299.56, jadwal sama True, konflik None  (ii) LOLOS
seed 10: tolak-tarik  14, pindah g1/g2 1/2, tugas 2/4, makespan FISIK  130.05 DINDING  282.05, jadwal sama True, konflik None  (ii) LOLOS
seed 11: tolak-tarik   9, pindah g1/g2 1/2, tugas 4/2, makespan FISIK  139.60 DINDING  291.60, jadwal sama True, konflik None  (ii) LOLOS
seed 12: tolak-tarik  13, pindah g1/g2 1/3, tugas 2/4, makespan FISIK  189.92 DINDING  417.92, jadwal sama True, konflik None  (ii) LOLOS
seed 13: tolak-tarik  13, pindah g1/g2 2/2, tugas 3/3, makespan FISIK  151.15 DINDING  303.15, jadwal sama True, konflik None  (ii) LOLOS
seed 14: tolak-tarik  20, pindah g1/g2 3/2, tugas 4/2, makespan FISIK  175.59 DINDING  403.59, jadwal sama False, konflik None  (ii) LOLOS
seed 15: tolak-tarik  13, pindah g1/g2 2/2, tugas 3/3, makespan FISIK  133.64 DINDING  285.64, jadwal sama False, konflik None  (ii) LOLOS
seed 16: tolak-tarik  10, pindah g1/g2 2/2, tugas 4/2, makespan FISIK  139.60 DINDING  291.60, jadwal sama False, konflik None  (ii) LOLOS
seed 17: tolak-tarik   4, pindah g1/g2 1/1, tugas 2/4, makespan FISIK   74.60 DINDING  150.60, jadwal sama True, konflik None  (ii) LOLOS
seed 18: tolak-tarik  10, pindah g1/g2 1/3, tugas 3/3, makespan FISIK  208.61 DINDING  436.61, jadwal sama True, konflik None  (ii) LOLOS
seed 19: tolak-tarik   7, pindah g1/g2 2/1, tugas 5/1, makespan FISIK  140.42 DINDING  292.42, jadwal sama True, konflik None  (ii) LOLOS
seed 20: tolak-tarik  18, pindah g1/g2 2/1, tugas 3/3, makespan FISIK  133.24 DINDING  285.24, jadwal sama True, konflik None  (ii) LOLOS
seed 21: tolak-tarik  12, pindah g1/g2 2/3, tugas 2/4, makespan FISIK  186.33 DINDING  414.33, jadwal sama True, konflik None  (ii) LOLOS
seed 22: tolak-tarik  15, pindah g1/g2 1/2, tugas 3/3, makespan FISIK  136.42 DINDING  288.42, jadwal sama True, konflik None  (ii) LOLOS
seed 23: tolak-tarik   8, pindah g1/g2 2/2, tugas 3/3, makespan FISIK  138.42 DINDING  290.42, jadwal sama False, konflik None  (ii) LOLOS
seed 24: tolak-tarik   5, pindah g1/g2 3/0, tugas 6/0, makespan FISIK  180.37 DINDING  408.37, jadwal sama False, konflik None  (ii) -
seed 25: tolak-tarik   4, pindah g1/g2 2/1, tugas 4/2, makespan FISIK  123.69 DINDING  275.69, jadwal sama True, konflik None  (ii) LOLOS
seed 26: tolak-tarik  19, pindah g1/g2 2/1, tugas 4/2, makespan FISIK  127.69 DINDING  279.69, jadwal sama True, konflik None  (ii) LOLOS
seed 27: tolak-tarik  17, pindah g1/g2 2/3, tugas 2/4, makespan FISIK  189.51 DINDING  417.51, jadwal sama False, konflik None  (ii) LOLOS
seed 28: tolak-tarik  11, pindah g1/g2 0/3, tugas 0/6, makespan FISIK  205.83 DINDING  433.83, jadwal sama True, konflik None  (ii) -
seed 29: tolak-tarik  11, pindah g1/g2 1/1, tugas 4/2, makespan FISIK   78.96 DINDING  154.96, jadwal sama True, konflik None  (ii) LOLOS
seed 30: tolak-tarik  16, pindah g1/g2 1/4, tugas 2/4, makespan FISIK  253.74 DINDING  557.74, jadwal sama False, konflik None  (ii) LOLOS
seed 31: tolak-tarik  14, pindah g1/g2 2/3, tugas 2/4, makespan FISIK  203.83 DINDING  431.83, jadwal sama False, konflik None  (ii) LOLOS
seed 32: tolak-tarik  16, pindah g1/g2 1/4, tugas 1/5, makespan FISIK  261.70 DINDING  565.70, jadwal sama True, konflik None  (ii) LOLOS
seed 33: tolak-tarik  35, pindah g1/g2 2/1, tugas 3/3, makespan FISIK  130.05 DINDING  282.05, jadwal sama True, konflik None  (ii) LOLOS
seed 34: tolak-tarik   5, pindah g1/g2 2/3, tugas 2/4, makespan FISIK  204.24 DINDING  432.24, jadwal sama True, konflik None  (ii) LOLOS
seed 35: tolak-tarik   5, pindah g1/g2 2/1, tugas 3/3, makespan FISIK  114.14 DINDING  266.14, jadwal sama True, konflik None  (ii) LOLOS
seed 36: tolak-tarik   5, pindah g1/g2 2/2, tugas 2/4, makespan FISIK  154.33 DINDING  306.33, jadwal sama True, konflik None  (ii) LOLOS
seed 37: tolak-tarik  18, pindah g1/g2 0/2, tugas 0/6, makespan FISIK  142.01 DINDING  294.01, jadwal sama True, konflik None  (ii) -
seed 38: tolak-tarik  11, pindah g1/g2 2/2, tugas 3/3, makespan FISIK  154.33 DINDING  306.33, jadwal sama True, konflik None  (ii) LOLOS
seed 39: tolak-tarik   4, pindah g1/g2 3/2, tugas 4/2, makespan FISIK  183.55 DINDING  411.55, jadwal sama True, konflik None  (ii) LOLOS
seed 40: tolak-tarik   6, pindah g1/g2 2/2, tugas 3/3, makespan FISIK  138.42 DINDING  290.42, jadwal sama True, konflik None  (ii) LOLOS
seed 41: tolak-tarik   7, pindah g1/g2 2/3, tugas 2/4, makespan FISIK  203.83 DINDING  431.83, jadwal sama True, konflik None  (ii) LOLOS
seed 42: tolak-tarik   6, pindah g1/g2 1/3, tugas 3/3, makespan FISIK  208.61 DINDING  436.61, jadwal sama False, konflik None  (ii) LOLOS
seed 43: tolak-tarik  17, pindah g1/g2 2/2, tugas 2/4, makespan FISIK  146.38 DINDING  298.38, jadwal sama True, konflik None  (ii) LOLOS
seed 44: tolak-tarik  10, pindah g1/g2 4/1, tugas 5/1, makespan FISIK  243.01 DINDING  547.01, jadwal sama True, konflik None  (ii) LOLOS
seed 45: tolak-tarik  11, pindah g1/g2 1/2, tugas 2/4, makespan FISIK  132.05 DINDING  284.05, jadwal sama True, konflik None  (ii) LOLOS
seed 46: tolak-tarik   8, pindah g1/g2 0/5, tugas 0/6, makespan FISIK  310.01 DINDING  690.01, jadwal sama False, konflik None  (ii) -
seed 47: tolak-tarik  12, pindah g1/g2 3/1, tugas 5/1, makespan FISIK  181.96 DINDING  409.96, jadwal sama True, konflik None  (ii) LOLOS
seed 48: tolak-tarik  24, pindah g1/g2 2/2, tugas 3/3, makespan FISIK  152.74 DINDING  304.74, jadwal sama True, konflik None  (ii) LOLOS
seed 49: tolak-tarik  11, pindah g1/g2 0/2, tugas 1/5, makespan FISIK  161.52 DINDING  313.52, jadwal sama True, konflik None  (ii) -

(i) 50/50 (K2 harus 50); lolos (i)-(iii): 45 seed: [0, 1, 2, 3, 4, 5, 6, 7, 8, 9, 10, 11, 12, 13, 14, 15, 16, 17, 18, 19, 20, 21, 22, 23, 25, 26, 27, 29, 30, 31, 32, 33, 34, 35, 36, 38, 39, 40, 41, 42, 43, 44, 45, 47, 48]
node kandidat dihitung 780, layak-oracle'' 270; tuple 27659, ORACLE'' benar 1510  -> /home/user1/Documents/ceiling_arm/docs/results/p1_g24/g24_candidates.json
