/home/rama/Documents/code/Docker/moonshot_project/ros2_ws/install/moving_table_pkg/lib/python3.10/site-packages/moving_table_pkg/dual_table_controller.py
/home/rama/Documents/code/Docker/moonshot_project/ros2_ws/install/moving_table_pkg/lib/python3.10/site-packages/moving_table_pkg/__init__.py
/home/rama/Documents/code/Docker/moonshot_project/ros2_ws/install/moving_table_pkg/lib/python3.10/site-packages/moving_table/moving_table.py
/home/rama/Documents/code/Docker/moonshot_project/ros2_ws/install/moving_table_pkg/lib/python3.10/site-packages/moving_table/oml_mrtu.py
/home/rama/Documents/code/Docker/moonshot_project/ros2_ws/install/moving_table_pkg/lib/python3.10/site-packages/moving_table/__init__.py
/home/rama/Documents/code/Docker/moonshot_project/ros2_ws/install/moving_table_pkg/lib/python3.10/site-packages/moving_table_pkg/__pycache__/dual_table_controller.cpython-310.pyc
/home/rama/Documents/code/Docker/moonshot_project/ros2_ws/install/moving_table_pkg/lib/python3.10/site-packages/moving_table_pkg/__pycache__/__init__.cpython-310.pyc
/home/rama/Documents/code/Docker/moonshot_project/ros2_ws/install/moving_table_pkg/lib/python3.10/site-packages/moving_table/__pycache__/moving_table.cpython-310.pyc
/home/rama/Documents/code/Docker/moonshot_project/ros2_ws/install/moving_table_pkg/lib/python3.10/site-packages/moving_table/__pycache__/oml_mrtu.cpython-310.pyc
/home/rama/Documents/code/Docker/moonshot_project/ros2_ws/install/moving_table_pkg/lib/python3.10/site-packages/moving_table/__pycache__/__init__.cpython-310.pyc
/home/rama/Documents/code/Docker/moonshot_project/ros2_ws/install/moving_table_pkg/share/ament_index/resource_index/packages/moving_table_pkg
/home/rama/Documents/code/Docker/moonshot_project/ros2_ws/install/moving_table_pkg/share/moving_table_pkg/package.xml
/home/rama/Documents/code/Docker/moonshot_project/ros2_ws/install/moving_table_pkg/share/moving_table_pkg/launch/tables.launch.py
/home/rama/Documents/code/Docker/moonshot_project/ros2_ws/install/moving_table_pkg/share/moving_table_pkg/robots/tables.xacro
/home/rama/Documents/code/Docker/moonshot_project/ros2_ws/install/moving_table_pkg/lib/python3.10/site-packages/moving_table_pkg-0.0.0-py3.10.egg-info/zip-safe
/home/rama/Documents/code/Docker/moonshot_project/ros2_ws/install/moving_table_pkg/lib/python3.10/site-packages/moving_table_pkg-0.0.0-py3.10.egg-info/dependency_links.txt
/home/rama/Documents/code/Docker/moonshot_project/ros2_ws/install/moving_table_pkg/lib/python3.10/site-packages/moving_table_pkg-0.0.0-py3.10.egg-info/SOURCES.txt
/home/rama/Documents/code/Docker/moonshot_project/ros2_ws/install/moving_table_pkg/lib/python3.10/site-packages/moving_table_pkg-0.0.0-py3.10.egg-info/entry_points.txt
/home/rama/Documents/code/Docker/moonshot_project/ros2_ws/install/moving_table_pkg/lib/python3.10/site-packages/moving_table_pkg-0.0.0-py3.10.egg-info/top_level.txt
/home/rama/Documents/code/Docker/moonshot_project/ros2_ws/install/moving_table_pkg/lib/python3.10/site-packages/moving_table_pkg-0.0.0-py3.10.egg-info/PKG-INFO
/home/rama/Documents/code/Docker/moonshot_project/ros2_ws/install/moving_table_pkg/lib/python3.10/site-packages/moving_table_pkg-0.0.0-py3.10.egg-info/requires.txt
/home/rama/Documents/code/Docker/moonshot_project/ros2_ws/install/moving_table_pkg/lib/moving_table_pkg/dual_table_controller
