seed 1 R0
    iterasi 1: makespan 263.093, tuple rot!=0 terpakai belum terverifikasi 0
seed 1 R10
    iterasi 1: makespan 257.815, tuple rot!=0 terpakai belum terverifikasi 0
seed 1 R35
    iterasi 1: makespan 257.815, tuple rot!=0 terpakai belum terverifikasi 1
      oracle''' terpakai ok3 0/1; dihitung 14, ok3 6 (ok4 6)
    iterasi 2: makespan 257.815, tuple rot!=0 terpakai belum terverifikasi 2
      oracle''' terpakai ok3 0/2; dihitung 28, ok3 1 (ok4 1)
    iterasi 3: makespan 257.815, tuple rot!=0 terpakai belum terverifikasi 3
      oracle''' terpakai ok3 1/3; dihitung 42, ok3 25 (ok4 25)
    iterasi 4: makespan 257.815, tuple rot!=0 terpakai belum terverifikasi 2
      oracle''' terpakai ok3 1/2; dihitung 28, ok3 7 (ok4 7)
    iterasi 5: makespan 257.815, tuple rot!=0 terpakai belum terverifikasi 3
      oracle''' terpakai ok3 0/3; dihitung 42, ok3 10 (ok4 10)
    iterasi 6: makespan 257.815, tuple rot!=0 terpakai belum terverifikasi 2
      oracle''' terpakai ok3 0/2; dihitung 28, ok3 8 (ok4 8)
    iterasi 7: makespan 257.815, tuple rot!=0 terpakai belum terverifikasi 2
      oracle''' terpakai ok3 0/2; dihitung 28, ok3 2 (ok4 2)
    iterasi 8: makespan 257.815, tuple rot!=0 terpakai belum terverifikasi 2
      oracle''' terpakai ok3 0/2; dihitung 28, ok3 2 (ok4 2)
    iterasi 9: makespan 257.815, tuple rot!=0 terpakai belum terverifikasi 1
      oracle''' terpakai ok3 0/1; dihitung 14, ok3 0 (ok4 0)
    iterasi 10: makespan 257.815, tuple rot!=0 terpakai belum terverifikasi 2
      oracle''' terpakai ok3 0/2; dihitung 28, ok3 4 (ok4 4)
    iterasi 11: makespan 257.815, tuple rot!=0 terpakai belum terverifikasi 1
      oracle''' terpakai ok3 0/1; dihitung 14, ok3 3 (ok4 3)
    iterasi 12: makespan 257.815, tuple rot!=0 terpakai belum terverifikasi 0
seed  1: P1' R0  263.093  R10  257.815  R35  257.815  pindah R0 3 R35 3; rot R35 {'1': [5.0, -25.0], '2': [0.0, -10.0]}; konflik None
seed 2 R0
    iterasi 1: makespan 356.535, tuple rot!=0 terpakai belum terverifikasi 0
seed 2 R10
    iterasi 1: makespan 224.193, tuple rot!=0 terpakai belum terverifikasi 6
      oracle''' terpakai ok3 1/6; dihitung 84, ok3 17 (ok4 17)
    iterasi 2: makespan 229.472, tuple rot!=0 terpakai belum terverifikasi 6
      oracle''' terpakai ok3 0/6; dihitung 84, ok3 19 (ok4 19)
    iterasi 3: makespan 288.264, tuple rot!=0 terpakai belum terverifikasi 5
      oracle''' terpakai ok3 1/5; dihitung 70, ok3 25 (ok4 25)
    iterasi 4: makespan 293.543, tuple rot!=0 terpakai belum terverifikasi 3
      oracle''' terpakai ok3 0/3; dihitung 38, ok3 2 (ok4 2)
    iterasi 5: makespan 298.282, tuple rot!=0 terpakai belum terverifikasi 3
      oracle''' terpakai ok3 1/3; dihitung 42, ok3 14 (ok4 14)
    iterasi 6: makespan 304.100, tuple rot!=0 terpakai belum terverifikasi 3
      oracle''' terpakai ok3 1/3; dihitung 42, ok3 7 (ok4 7)
    iterasi 7: makespan 309.379, tuple rot!=0 terpakai belum terverifikasi 3
      oracle''' terpakai ok3 0/3; dihitung 29, ok3 5 (ok4 5)
    iterasi 8: makespan 349.156, tuple rot!=0 terpakai belum terverifikasi 1
      oracle''' terpakai ok3 0/1; dihitung 14, ok3 0 (ok4 0)
    iterasi 9: makespan 349.156, tuple rot!=0 terpakai belum terverifikasi 1
      oracle''' terpakai ok3 0/1; dihitung 10, ok3 2 (ok4 2)
    iterasi 10: makespan 353.895, tuple rot!=0 terpakai belum terverifikasi 2
      oracle''' terpakai ok3 0/2; dihitung 28, ok3 2 (ok4 2)
    iterasi 11: makespan 353.895, tuple rot!=0 terpakai belum terverifikasi 2
      oracle''' terpakai ok3 1/2; dihitung 11, ok3 4 (ok4 4)
    iterasi 12: makespan 353.895, tuple rot!=0 terpakai belum terverifikasi 0
seed 2 R35
    iterasi 1: makespan 199.023, tuple rot!=0 terpakai belum terverifikasi 6
      oracle''' terpakai ok3 2/6; dihitung 84, ok3 22 (ok4 22)
    iterasi 2: makespan 204.301, tuple rot!=0 terpakai belum terverifikasi 6
      oracle''' terpakai ok3 2/6; dihitung 84, ok3 27 (ok4 27)
    iterasi 3: makespan 206.941, tuple rot!=0 terpakai belum terverifikasi 6
      oracle''' terpakai ok3 0/6; dihitung 84, ok3 3 (ok4 3)
    iterasi 4: makespan 209.580, tuple rot!=0 terpakai belum terverifikasi 6
      oracle''' terpakai ok3 1/6; dihitung 82, ok3 15 (ok4 15)
    iterasi 5: makespan 220.138, tuple rot!=0 terpakai belum terverifikasi 6
      oracle''' terpakai ok3 0/6; dihitung 60, ok3 6 (ok4 6)
    iterasi 6: makespan 251.997, tuple rot!=0 terpakai belum terverifikasi 5
      oracle''' terpakai ok3 0/5; dihitung 70, ok3 2 (ok4 2)
    iterasi 7: makespan 267.833, tuple rot!=0 terpakai belum terverifikasi 4
      oracle''' terpakai ok3 0/4; dihitung 46, ok3 4 (ok4 4)
    iterasi 8: makespan 288.264, tuple rot!=0 terpakai belum terverifikasi 4
      oracle''' terpakai ok3 0/4; dihitung 56, ok3 6 (ok4 6)
    iterasi 9: makespan 293.543, tuple rot!=0 terpakai belum terverifikasi 3
      oracle''' terpakai ok3 1/3; dihitung 42, ok3 10 (ok4 10)
    iterasi 10: makespan 296.182, tuple rot!=0 terpakai belum terverifikasi 3
      oracle''' terpakai ok3 0/3; dihitung 42, ok3 10 (ok4 10)
    iterasi 11: makespan 298.282, tuple rot!=0 terpakai belum terverifikasi 3
      oracle''' terpakai ok3 0/3; dihitung 42, ok3 10 (ok4 10)
    iterasi 12: makespan 298.821, tuple rot!=0 terpakai belum terverifikasi 3
      oracle''' terpakai ok3 0/3; dihitung 42, ok3 4 (ok4 4)
    iterasi 13: makespan 301.461, tuple rot!=0 terpakai belum terverifikasi 2
      oracle''' terpakai ok3 0/2; dihitung 28, ok3 0 (ok4 0)
    iterasi 14: makespan 306.739, tuple rot!=0 terpakai belum terverifikasi 3
      oracle''' terpakai ok3 0/3; dihitung 42, ok3 3 (ok4 3)
    iterasi 15: makespan 306.739, tuple rot!=0 terpakai belum terverifikasi 2
      oracle''' terpakai ok3 0/2; dihitung 28, ok3 2 (ok4 2)
    iterasi 16: makespan 309.379, tuple rot!=0 terpakai belum terverifikasi 2
      oracle''' terpakai ok3 0/2; dihitung 27, ok3 4 (ok4 4)
    iterasi 17: makespan 314.658, tuple rot!=0 terpakai belum terverifikasi 3
      oracle''' terpakai ok3 0/3; dihitung 32, ok3 0 (ok4 0)
    iterasi 18: makespan 349.156, tuple rot!=0 terpakai belum terverifikasi 1
      oracle''' terpakai ok3 0/1; dihitung 14, ok3 0 (ok4 0)
    iterasi 19: makespan 349.156, tuple rot!=0 terpakai belum terverifikasi 1
      oracle''' terpakai ok3 0/1; dihitung 14, ok3 0 (ok4 0)
    iterasi 20: makespan 349.156, tuple rot!=0 terpakai belum terverifikasi 1
      oracle''' terpakai ok3 0/1; dihitung 14, ok3 0 (ok4 0)
    iterasi 21: makespan 351.795, tuple rot!=0 terpakai belum terverifikasi 1
      oracle''' terpakai ok3 0/1; dihitung 14, ok3 0 (ok4 0)
    iterasi 22: makespan 351.795, tuple rot!=0 terpakai belum terverifikasi 1
      oracle''' terpakai ok3 0/1; dihitung 14, ok3 0 (ok4 0)
    iterasi 23: makespan 353.186, tuple rot!=0 terpakai belum terverifikasi 1
      oracle''' terpakai ok3 0/1; dihitung 14, ok3 0 (ok4 0)
    iterasi 24: makespan 353.895, tuple rot!=0 terpakai belum terverifikasi 2
      oracle''' terpakai ok3 0/2; dihitung 28, ok3 0 (ok4 0)
    iterasi 25: makespan 353.895, tuple rot!=0 terpakai belum terverifikasi 2
      oracle''' terpakai ok3 0/2; dihitung 28, ok3 2 (ok4 2)
    iterasi 26: makespan 353.895, tuple rot!=0 terpakai belum terverifikasi 2
      oracle''' terpakai ok3 1/2; dihitung 28, ok3 10 (ok4 10)
    iterasi 27: makespan 353.895, tuple rot!=0 terpakai belum terverifikasi 1
      oracle''' terpakai ok3 0/1; dihitung 14, ok3 0 (ok4 0)
    iterasi 28: makespan 353.895, tuple rot!=0 terpakai belum terverifikasi 0
seed  2: P1' R0  356.535  R10  353.895  R35  353.895  pindah R0 5 R35 5; rot R35 {'1': [-25.0, -5.0], '2': [-5.0, -25.0, 10.0]}; konflik None
seed 13 R0
    iterasi 1: makespan 262.554, tuple rot!=0 terpakai belum terverifikasi 0
seed 13 R10
    iterasi 1: makespan 183.186, tuple rot!=0 terpakai belum terverifikasi 6
      oracle''' terpakai ok3 2/6; dihitung 84, ok3 22 (ok4 22)
    iterasi 2: makespan 188.465, tuple rot!=0 terpakai belum terverifikasi 6
      oracle''' terpakai ok3 1/6; dihitung 84, ok3 18 (ok4 18)
    iterasi 3: makespan 246.718, tuple rot!=0 terpakai belum terverifikasi 4
      oracle''' terpakai ok3 0/4; dihitung 56, ok3 14 (ok4 14)
    iterasi 4: makespan 254.636, tuple rot!=0 terpakai belum terverifikasi 4
      oracle''' terpakai ok3 0/4; dihitung 56, ok3 11 (ok4 11)
    iterasi 5: makespan 257.275, tuple rot!=0 terpakai belum terverifikasi 2
      oracle''' terpakai ok3 0/2; dihitung 28, ok3 0 (ok4 0)
    iterasi 6: makespan 257.275, tuple rot!=0 terpakai belum terverifikasi 2
      oracle''' terpakai ok3 0/2; dihitung 22, ok3 0 (ok4 0)
    iterasi 7: makespan 257.275, tuple rot!=0 terpakai belum terverifikasi 3
      oracle''' terpakai ok3 0/3; dihitung 42, ok3 6 (ok4 6)
    iterasi 8: makespan 257.275, tuple rot!=0 terpakai belum terverifikasi 3
      oracle''' terpakai ok3 1/3; dihitung 28, ok3 15 (ok4 15)
    iterasi 9: makespan 257.275, tuple rot!=0 terpakai belum terverifikasi 0
seed 13 R35
    iterasi 1: makespan 183.186, tuple rot!=0 terpakai belum terverifikasi 6
      oracle''' terpakai ok3 0/6; dihitung 84, ok3 7 (ok4 7)
    iterasi 2: makespan 183.186, tuple rot!=0 terpakai belum terverifikasi 6
      oracle''' terpakai ok3 1/6; dihitung 84, ok3 11 (ok4 11)
    iterasi 3: makespan 196.383, tuple rot!=0 terpakai belum terverifikasi 6
      oracle''' terpakai ok3 0/6; dihitung 84, ok3 5 (ok4 5)
    iterasi 4: makespan 212.219, tuple rot!=0 terpakai belum terverifikasi 6
      oracle''' terpakai ok3 0/6; dihitung 65, ok3 5 (ok4 5)
    iterasi 5: makespan 241.802, tuple rot!=0 terpakai belum terverifikasi 6
      oracle''' terpakai ok3 1/6; dihitung 71, ok3 13 (ok4 13)
    iterasi 6: makespan 244.078, tuple rot!=0 terpakai belum terverifikasi 6
      oracle''' terpakai ok3 0/6; dihitung 84, ok3 13 (ok4 13)
    iterasi 7: makespan 246.718, tuple rot!=0 terpakai belum terverifikasi 4
      oracle''' terpakai ok3 0/4; dihitung 56, ok3 1 (ok4 1)
    iterasi 8: makespan 246.718, tuple rot!=0 terpakai belum terverifikasi 4
      oracle''' terpakai ok3 0/4; dihitung 56, ok3 4 (ok4 4)
    iterasi 9: makespan 247.257, tuple rot!=0 terpakai belum terverifikasi 4
      oracle''' terpakai ok3 0/4; dihitung 56, ok3 0 (ok4 0)
    iterasi 10: makespan 249.357, tuple rot!=0 terpakai belum terverifikasi 4
      oracle''' terpakai ok3 0/4; dihitung 56, ok3 1 (ok4 1)
    iterasi 11: makespan 257.275, tuple rot!=0 terpakai belum terverifikasi 3
      oracle''' terpakai ok3 1/3; dihitung 42, ok3 3 (ok4 3)
    iterasi 12: makespan 257.275, tuple rot!=0 terpakai belum terverifikasi 2
      oracle''' terpakai ok3 0/2; dihitung 28, ok3 0 (ok4 0)
    iterasi 13: makespan 257.275, tuple rot!=0 terpakai belum terverifikasi 3
      oracle''' terpakai ok3 0/3; dihitung 42, ok3 2 (ok4 2)
    iterasi 14: makespan 257.275, tuple rot!=0 terpakai belum terverifikasi 3
      oracle''' terpakai ok3 0/3; dihitung 42, ok3 6 (ok4 6)
    iterasi 15: makespan 257.275, tuple rot!=0 terpakai belum terverifikasi 3
      oracle''' terpakai ok3 1/3; dihitung 41, ok3 14 (ok4 14)
    iterasi 16: makespan 257.275, tuple rot!=0 terpakai belum terverifikasi 3
      oracle''' terpakai ok3 1/3; dihitung 42, ok3 11 (ok4 11)
    iterasi 17: makespan 257.275, tuple rot!=0 terpakai belum terverifikasi 1
      oracle''' terpakai ok3 0/1; dihitung 14, ok3 0 (ok4 0)
    iterasi 18: makespan 257.275, tuple rot!=0 terpakai belum terverifikasi 1
      oracle''' terpakai ok3 0/1; dihitung 14, ok3 5 (ok4 5)
    iterasi 19: makespan 257.275, tuple rot!=0 terpakai belum terverifikasi 0
seed 13: P1' R0  262.554  R10  257.275  R35  257.275  pindah R0 4 R35 4; rot R35 {'1': [-5.0, -5.0], '2': [-20.0, 5.0]}; konflik None
seed 16 R0
    iterasi 1: makespan 300.921, tuple rot!=0 terpakai belum terverifikasi 0
seed 16 R10
    iterasi 1: makespan 199.023, tuple rot!=0 terpakai belum terverifikasi 6
      oracle''' terpakai ok3 0/6; dihitung 84, ok3 19 (ok4 19)
    iterasi 2: makespan 246.718, tuple rot!=0 terpakai belum terverifikasi 6
      oracle''' terpakai ok3 2/6; dihitung 76, ok3 31 (ok4 31)
    iterasi 3: makespan 290.364, tuple rot!=0 terpakai belum terverifikasi 5
      oracle''' terpakai ok3 1/5; dihitung 70, ok3 17 (ok4 17)
    iterasi 4: makespan 290.364, tuple rot!=0 terpakai belum terverifikasi 4
      oracle''' terpakai ok3 2/4; dihitung 56, ok3 22 (ok4 22)
    iterasi 5: makespan 295.643, tuple rot!=0 terpakai belum terverifikasi 3
      oracle''' terpakai ok3 1/3; dihitung 38, ok3 15 (ok4 15)
    iterasi 6: makespan 300.921, tuple rot!=0 terpakai belum terverifikasi 3
      oracle''' terpakai ok3 0/3; dihitung 38, ok3 2 (ok4 2)
    iterasi 7: makespan 300.921, tuple rot!=0 terpakai belum terverifikasi 1
      oracle''' terpakai ok3 0/1; dihitung 6, ok3 0 (ok4 0)
    iterasi 8: makespan 300.921, tuple rot!=0 terpakai belum terverifikasi 1
      oracle''' terpakai ok3 0/1; dihitung 14, ok3 1 (ok4 1)
    iterasi 9: makespan 300.921, tuple rot!=0 terpakai belum terverifikasi 0
seed 16 R35
    iterasi 1: makespan 183.186, tuple rot!=0 terpakai belum terverifikasi 6
      oracle''' terpakai ok3 0/6; dihitung 84, ok3 18 (ok4 18)
    iterasi 2: makespan 229.472, tuple rot!=0 terpakai belum terverifikasi 6
      oracle''' terpakai ok3 1/6; dihitung 79, ok3 8 (ok4 8)
    iterasi 3: makespan 244.078, tuple rot!=0 terpakai belum terverifikasi 6
      oracle''' terpakai ok3 0/6; dihitung 84, ok3 20 (ok4 20)
    iterasi 4: makespan 246.718, tuple rot!=0 terpakai belum terverifikasi 5
      oracle''' terpakai ok3 2/5; dihitung 70, ok3 24 (ok4 24)
    iterasi 5: makespan 246.718, tuple rot!=0 terpakai belum terverifikasi 3
      oracle''' terpakai ok3 0/3; dihitung 42, ok3 5 (ok4 5)
    iterasi 6: makespan 246.718, tuple rot!=0 terpakai belum terverifikasi 3
      oracle''' terpakai ok3 1/3; dihitung 31, ok3 12 (ok4 12)
    iterasi 7: makespan 246.718, tuple rot!=0 terpakai belum terverifikasi 5
      oracle''' terpakai ok3 1/5; dihitung 70, ok3 11 (ok4 11)
    iterasi 8: makespan 246.718, tuple rot!=0 terpakai belum terverifikasi 4
      oracle''' terpakai ok3 0/4; dihitung 50, ok3 4 (ok4 4)
    iterasi 9: makespan 259.915, tuple rot!=0 terpakai belum terverifikasi 3
      oracle''' terpakai ok3 0/3; dihitung 41, ok3 3 (ok4 3)
    iterasi 10: makespan 290.364, tuple rot!=0 terpakai belum terverifikasi 4
      oracle''' terpakai ok3 0/4; dihitung 56, ok3 0 (ok4 0)
    iterasi 11: makespan 290.364, tuple rot!=0 terpakai belum terverifikasi 5
      oracle''' terpakai ok3 1/5; dihitung 70, ok3 22 (ok4 22)
    iterasi 12: makespan 293.003, tuple rot!=0 terpakai belum terverifikasi 5
      oracle''' terpakai ok3 1/5; dihitung 70, ok3 16 (ok4 16)
    iterasi 13: makespan 298.282, tuple rot!=0 terpakai belum terverifikasi 4
      oracle''' terpakai ok3 1/4; dihitung 50, ok3 7 (ok4 7)
    iterasi 14: makespan 300.921, tuple rot!=0 terpakai belum terverifikasi 5
      oracle''' terpakai ok3 2/5; dihitung 60, ok3 20 (ok4 20)
    iterasi 15: makespan 300.921, tuple rot!=0 terpakai belum terverifikasi 5
      oracle''' terpakai ok3 2/5; dihitung 70, ok3 32 (ok4 32)
    iterasi 16: makespan 300.921, tuple rot!=0 terpakai belum terverifikasi 2
      oracle''' terpakai ok3 0/2; dihitung 27, ok3 18 (ok4 18)
    iterasi 17: makespan 300.921, tuple rot!=0 terpakai belum terverifikasi 0
seed 16: P1' R0  300.921  R10  300.921  R35  300.921  pindah R0 4 R35 4; rot R35 {'1': [-25.0, -5.0], '2': [5.0, 0.0]}; konflik None
seed 17 R0
    iterasi 1: makespan 216.275, tuple rot!=0 terpakai belum terverifikasi 0
seed 17 R10
    iterasi 1: makespan 200.439, tuple rot!=0 terpakai belum terverifikasi 6
      oracle''' terpakai ok3 2/6; dihitung 84, ok3 32 (ok4 32)
    iterasi 2: makespan 205.717, tuple rot!=0 terpakai belum terverifikasi 4
      oracle''' terpakai ok3 2/4; dihitung 56, ok3 38 (ok4 38)
    iterasi 3: makespan 208.357, tuple rot!=0 terpakai belum terverifikasi 1
      oracle''' terpakai ok3 0/1; dihitung 14, ok3 3 (ok4 3)
    iterasi 4: makespan 210.996, tuple rot!=0 terpakai belum terverifikasi 1
      oracle''' terpakai ok3 0/1; dihitung 14, ok3 2 (ok4 2)
    iterasi 5: makespan 213.635, tuple rot!=0 terpakai belum terverifikasi 3
      oracle''' terpakai ok3 3/3; dihitung 42, ok3 31 (ok4 31)
    iterasi 6: makespan 213.635, tuple rot!=0 terpakai belum terverifikasi 0
seed 17 R35
    iterasi 1: makespan 156.792, tuple rot!=0 terpakai belum terverifikasi 6
      oracle''' terpakai ok3 1/6; dihitung 81, ok3 18 (ok4 18)
    iterasi 2: makespan 164.711, tuple rot!=0 terpakai belum terverifikasi 6
      oracle''' terpakai ok3 2/6; dihitung 72, ok3 21 (ok4 21)
    iterasi 3: makespan 164.711, tuple rot!=0 terpakai belum terverifikasi 6
      oracle''' terpakai ok3 1/6; dihitung 84, ok3 23 (ok4 23)
    iterasi 4: makespan 208.357, tuple rot!=0 terpakai belum terverifikasi 5
      oracle''' terpakai ok3 2/5; dihitung 70, ok3 10 (ok4 10)
    iterasi 5: makespan 208.357, tuple rot!=0 terpakai belum terverifikasi 6
      oracle''' terpakai ok3 4/6; dihitung 84, ok3 46 (ok4 46)
    iterasi 6: makespan 210.996, tuple rot!=0 terpakai belum terverifikasi 3
      oracle''' terpakai ok3 1/3; dihitung 42, ok3 24 (ok4 24)
    iterasi 7: makespan 213.635, tuple rot!=0 terpakai belum terverifikasi 0
seed 17: P1' R0  216.275  R10  213.635  R35  213.635  pindah R0 2 R35 2; rot R35 {'1': [-15.0], '2': [-10.0]}; konflik None
seed 18 R0
    iterasi 1: makespan 328.725, tuple rot!=0 terpakai belum terverifikasi 0
seed 18 R10
    iterasi 1: makespan 193.744, tuple rot!=0 terpakai belum terverifikasi 6
      oracle''' terpakai ok3 1/6; dihitung 84, ok3 12 (ok4 12)
    iterasi 2: makespan 201.662, tuple rot!=0 terpakai belum terverifikasi 6
      oracle''' terpakai ok3 1/6; dihitung 84, ok3 17 (ok4 17)
    iterasi 3: makespan 265.194, tuple rot!=0 terpakai belum terverifikasi 6
      oracle''' terpakai ok3 2/6; dihitung 83, ok3 35 (ok4 35)
    iterasi 4: makespan 270.472, tuple rot!=0 terpakai belum terverifikasi 4
      oracle''' terpakai ok3 2/4; dihitung 56, ok3 26 (ok4 26)
    iterasi 5: makespan 275.751, tuple rot!=0 terpakai belum terverifikasi 2
      oracle''' terpakai ok3 0/2; dihitung 23, ok3 0 (ok4 0)
    iterasi 6: makespan 326.086, tuple rot!=0 terpakai belum terverifikasi 1
      oracle''' terpakai ok3 0/1; dihitung 14, ok3 3 (ok4 3)
    iterasi 7: makespan 326.086, tuple rot!=0 terpakai belum terverifikasi 1
      oracle''' terpakai ok3 0/1; dihitung 14, ok3 0 (ok4 0)
    iterasi 8: makespan 326.086, tuple rot!=0 terpakai belum terverifikasi 1
      oracle''' terpakai ok3 0/1; dihitung 2, ok3 1 (ok4 1)
    iterasi 9: makespan 326.086, tuple rot!=0 terpakai belum terverifikasi 1
      oracle''' terpakai ok3 0/1; dihitung 14, ok3 5 (ok4 5)
    iterasi 10: makespan 326.086, tuple rot!=0 terpakai belum terverifikasi 1
      oracle''' terpakai ok3 0/1; dihitung 10, ok3 5 (ok4 5)
    iterasi 11: makespan 326.086, tuple rot!=0 terpakai belum terverifikasi 0
seed 18 R35
    iterasi 1: makespan 196.383, tuple rot!=0 terpakai belum terverifikasi 6
      oracle''' terpakai ok3 1/6; dihitung 84, ok3 15 (ok4 15)
    iterasi 2: makespan 196.383, tuple rot!=0 terpakai belum terverifikasi 6
      oracle''' terpakai ok3 0/6; dihitung 84, ok3 2 (ok4 2)
    iterasi 3: makespan 204.301, tuple rot!=0 terpakai belum terverifikasi 6
      oracle''' terpakai ok3 1/6; dihitung 84, ok3 19 (ok4 19)
    iterasi 4: makespan 259.915, tuple rot!=0 terpakai belum terverifikasi 6
      oracle''' terpakai ok3 0/6; dihitung 84, ok3 0 (ok4 0)
    iterasi 5: makespan 262.554, tuple rot!=0 terpakai belum terverifikasi 6
      oracle''' terpakai ok3 1/6; dihitung 71, ok3 9 (ok4 9)
    iterasi 6: makespan 267.833, tuple rot!=0 terpakai belum terverifikasi 6
      oracle''' terpakai ok3 0/6; dihitung 84, ok3 7 (ok4 7)
    iterasi 7: makespan 270.472, tuple rot!=0 terpakai belum terverifikasi 5
      oracle''' terpakai ok3 1/5; dihitung 70, ok3 23 (ok4 23)
    iterasi 8: makespan 270.472, tuple rot!=0 terpakai belum terverifikasi 5
      oracle''' terpakai ok3 1/5; dihitung 70, ok3 16 (ok4 16)
    iterasi 9: makespan 270.472, tuple rot!=0 terpakai belum terverifikasi 4
      oracle''' terpakai ok3 1/4; dihitung 56, ok3 7 (ok4 7)
    iterasi 10: makespan 270.472, tuple rot!=0 terpakai belum terverifikasi 2
      oracle''' terpakai ok3 0/2; dihitung 28, ok3 1 (ok4 1)
    iterasi 11: makespan 270.472, tuple rot!=0 terpakai belum terverifikasi 2
      oracle''' terpakai ok3 0/2; dihitung 28, ok3 0 (ok4 0)
    iterasi 12: makespan 275.751, tuple rot!=0 terpakai belum terverifikasi 3
      oracle''' terpakai ok3 1/3; dihitung 34, ok3 4 (ok4 4)
    iterasi 13: makespan 326.086, tuple rot!=0 terpakai belum terverifikasi 1
      oracle''' terpakai ok3 0/1; dihitung 14, ok3 0 (ok4 0)
    iterasi 14: makespan 326.086, tuple rot!=0 terpakai belum terverifikasi 1
      oracle''' terpakai ok3 0/1; dihitung 14, ok3 0 (ok4 0)
    iterasi 15: makespan 326.086, tuple rot!=0 terpakai belum terverifikasi 1
      oracle''' terpakai ok3 0/1; dihitung 14, ok3 0 (ok4 0)
    iterasi 16: makespan 326.086, tuple rot!=0 terpakai belum terverifikasi 1
      oracle''' terpakai ok3 0/1; dihitung 14, ok3 0 (ok4 0)
    iterasi 17: makespan 326.086, tuple rot!=0 terpakai belum terverifikasi 1
      oracle''' terpakai ok3 0/1; dihitung 12, ok3 1 (ok4 1)
    iterasi 18: makespan 326.086, tuple rot!=0 terpakai belum terverifikasi 1
      oracle''' terpakai ok3 0/1; dihitung 14, ok3 0 (ok4 0)
    iterasi 19: makespan 326.086, tuple rot!=0 terpakai belum terverifikasi 1
      oracle''' terpakai ok3 0/1; dihitung 14, ok3 0 (ok4 0)
    iterasi 20: makespan 326.086, tuple rot!=0 terpakai belum terverifikasi 1
      oracle''' terpakai ok3 0/1; dihitung 14, ok3 4 (ok4 4)
    iterasi 21: makespan 326.086, tuple rot!=0 terpakai belum terverifikasi 1
      oracle''' terpakai ok3 0/1; dihitung 14, ok3 2 (ok4 2)
    iterasi 22: makespan 326.086, tuple rot!=0 terpakai belum terverifikasi 0
seed 18: P1' R0  328.725  R10  326.086  R35  326.086  pindah R0 5 R35 4; rot R35 {'1': [5.0], '2': [5.0, -15.0, -20.0]}; konflik None
seed 20 R0
    iterasi 1: makespan 265.194, tuple rot!=0 terpakai belum terverifikasi 0
seed 20 R10
    iterasi 1: makespan 180.547, tuple rot!=0 terpakai belum terverifikasi 6
      oracle''' terpakai ok3 1/6; dihitung 84, ok3 13 (ok4 13)
    iterasi 2: makespan 185.826, tuple rot!=0 terpakai belum terverifikasi 5
      oracle''' terpakai ok3 1/5; dihitung 70, ok3 13 (ok4 13)
    iterasi 3: makespan 193.744, tuple rot!=0 terpakai belum terverifikasi 5
      oracle''' terpakai ok3 1/5; dihitung 70, ok3 20 (ok4 20)
    iterasi 4: makespan 204.301, tuple rot!=0 terpakai belum terverifikasi 3
      oracle''' terpakai ok3 1/3; dihitung 42, ok3 10 (ok4 10)
    iterasi 5: makespan 245.308, tuple rot!=0 terpakai belum terverifikasi 6
      oracle''' terpakai ok3 0/6; dihitung 73, ok3 11 (ok4 11)
    iterasi 6: makespan 265.194, tuple rot!=0 terpakai belum terverifikasi 0
seed 20 R35
    iterasi 1: makespan 180.547, tuple rot!=0 terpakai belum terverifikasi 6
      oracle''' terpakai ok3 0/6; dihitung 84, ok3 11 (ok4 11)
    iterasi 2: makespan 183.186, tuple rot!=0 terpakai belum terverifikasi 6
      oracle''' terpakai ok3 0/6; dihitung 84, ok3 6 (ok4 6)
    iterasi 3: makespan 185.826, tuple rot!=0 terpakai belum terverifikasi 6
      oracle''' terpakai ok3 0/6; dihitung 84, ok3 11 (ok4 11)
    iterasi 4: makespan 188.465, tuple rot!=0 terpakai belum terverifikasi 5
      oracle''' terpakai ok3 1/5; dihitung 70, ok3 12 (ok4 12)
    iterasi 5: makespan 193.744, tuple rot!=0 terpakai belum terverifikasi 5
      oracle''' terpakai ok3 2/5; dihitung 70, ok3 20 (ok4 20)
    iterasi 6: makespan 196.383, tuple rot!=0 terpakai belum terverifikasi 5
      oracle''' terpakai ok3 1/5; dihitung 70, ok3 22 (ok4 22)
    iterasi 7: makespan 201.662, tuple rot!=0 terpakai belum terverifikasi 4
      oracle''' terpakai ok3 0/4; dihitung 56, ok3 3 (ok4 3)
    iterasi 8: makespan 259.915, tuple rot!=0 terpakai belum terverifikasi 3
      oracle''' terpakai ok3 1/3; dihitung 42, ok3 9 (ok4 9)
    iterasi 9: makespan 265.193, tuple rot!=0 terpakai belum terverifikasi 3
      oracle''' terpakai ok3 0/3; dihitung 42, ok3 7 (ok4 7)
    iterasi 10: makespan 265.194, tuple rot!=0 terpakai belum terverifikasi 1
      oracle''' terpakai ok3 0/1; dihitung 14, ok3 0 (ok4 0)
    iterasi 11: makespan 265.194, tuple rot!=0 terpakai belum terverifikasi 0
seed 20: P1' R0  265.194  R10  265.194  R35  265.194  pindah R0 3 R35 3; rot R35 {'1': [-5.0, -5.0], '2': [0.0]}; konflik None
seed 21 R0
    iterasi 1: makespan 335.420, tuple rot!=0 terpakai belum terverifikasi 0
seed 21 R10
    iterasi 1: makespan 200.439, tuple rot!=0 terpakai belum terverifikasi 6
      oracle''' terpakai ok3 1/6; dihitung 84, ok3 17 (ok4 17)
    iterasi 2: makespan 208.357, tuple rot!=0 terpakai belum terverifikasi 6
      oracle''' terpakai ok3 2/6; dihitung 84, ok3 20 (ok4 20)
    iterasi 3: makespan 216.275, tuple rot!=0 terpakai belum terverifikasi 6
      oracle''' terpakai ok3 0/6; dihitung 84, ok3 21 (ok4 21)
    iterasi 4: makespan 226.832, tuple rot!=0 terpakai belum terverifikasi 5
      oracle''' terpakai ok3 0/5; dihitung 70, ok3 6 (ok4 6)
    iterasi 5: makespan 232.111, tuple rot!=0 terpakai belum terverifikasi 4
      oracle''' terpakai ok3 0/4; dihitung 56, ok3 15 (ok4 15)
    iterasi 6: makespan 242.669, tuple rot!=0 terpakai belum terverifikasi 4
      oracle''' terpakai ok3 1/4; dihitung 56, ok3 15 (ok4 15)
    iterasi 7: makespan 265.193, tuple rot!=0 terpakai belum terverifikasi 3
      oracle''' terpakai ok3 0/3; dihitung 42, ok3 0 (ok4 0)
    iterasi 8: makespan 265.194, tuple rot!=0 terpakai belum terverifikasi 3
      oracle''' terpakai ok3 1/3; dihitung 25, ok3 5 (ok4 5)
    iterasi 9: makespan 265.194, tuple rot!=0 terpakai belum terverifikasi 4
      oracle''' terpakai ok3 0/4; dihitung 49, ok3 2 (ok4 2)
    iterasi 10: makespan 277.167, tuple rot!=0 terpakai belum terverifikasi 3
      oracle''' terpakai ok3 0/3; dihitung 41, ok3 2 (ok4 2)
    iterasi 11: makespan 277.167, tuple rot!=0 terpakai belum terverifikasi 2
      oracle''' terpakai ok3 0/2; dihitung 28, ok3 0 (ok4 0)
    iterasi 12: makespan 277.167, tuple rot!=0 terpakai belum terverifikasi 1
      oracle''' terpakai ok3 0/1; dihitung 12, ok3 0 (ok4 0)
    iterasi 13: makespan 277.167, tuple rot!=0 terpakai belum terverifikasi 1
      oracle''' terpakai ok3 0/1; dihitung 14, ok3 0 (ok4 0)
    iterasi 14: makespan 277.167, tuple rot!=0 terpakai belum terverifikasi 1
      oracle''' terpakai ok3 0/1; dihitung 14, ok3 0 (ok4 0)
    iterasi 15: makespan 285.085, tuple rot!=0 terpakai belum terverifikasi 1
      oracle''' terpakai ok3 0/1; dihitung 14, ok3 0 (ok4 0)
    iterasi 16: makespan 319.397, tuple rot!=0 terpakai belum terverifikasi 2
      oracle''' terpakai ok3 0/2; dihitung 8, ok3 1 (ok4 1)
    iterasi 17: makespan 332.780, tuple rot!=0 terpakai belum terverifikasi 0
seed 21 R35
    iterasi 1: makespan 184.602, tuple rot!=0 terpakai belum terverifikasi 6
      oracle''' terpakai ok3 0/6; dihitung 84, ok3 3 (ok4 3)
    iterasi 2: makespan 189.881, tuple rot!=0 terpakai belum terverifikasi 6
      oracle''' terpakai ok3 0/6; dihitung 84, ok3 10 (ok4 10)
    iterasi 3: makespan 192.520, tuple rot!=0 terpakai belum terverifikasi 5
      oracle''' terpakai ok3 1/5; dihitung 62, ok3 7 (ok4 7)
    iterasi 4: makespan 193.744, tuple rot!=0 terpakai belum terverifikasi 6
      oracle''' terpakai ok3 1/6; dihitung 84, ok3 12 (ok4 12)
    iterasi 5: makespan 203.078, tuple rot!=0 terpakai belum terverifikasi 6
      oracle''' terpakai ok3 1/6; dihitung 84, ok3 5 (ok4 5)
    iterasi 6: makespan 205.717, tuple rot!=0 terpakai belum terverifikasi 6
      oracle''' terpakai ok3 1/6; dihitung 84, ok3 14 (ok4 14)
    iterasi 7: makespan 209.580, tuple rot!=0 terpakai belum terverifikasi 6
      oracle''' terpakai ok3 0/6; dihitung 84, ok3 3 (ok4 3)
    iterasi 8: makespan 213.635, tuple rot!=0 terpakai belum terverifikasi 5
      oracle''' terpakai ok3 1/5; dihitung 70, ok3 9 (ok4 9)
    iterasi 9: makespan 218.914, tuple rot!=0 terpakai belum terverifikasi 6
      oracle''' terpakai ok3 0/6; dihitung 79, ok3 3 (ok4 3)
    iterasi 10: makespan 221.548, tuple rot!=0 terpakai belum terverifikasi 4
      oracle''' terpakai ok3 0/4; dihitung 49, ok3 0 (ok4 0)
    iterasi 11: makespan 221.554, tuple rot!=0 terpakai belum terverifikasi 5
      oracle''' terpakai ok3 0/5; dihitung 70, ok3 11 (ok4 11)
    iterasi 12: makespan 224.193, tuple rot!=0 terpakai belum terverifikasi 5
      oracle''' terpakai ok3 0/5; dihitung 69, ok3 3 (ok4 3)
    iterasi 13: makespan 229.472, tuple rot!=0 terpakai belum terverifikasi 5
      oracle''' terpakai ok3 1/5; dihitung 70, ok3 14 (ok4 14)
    iterasi 14: makespan 229.472, tuple rot!=0 terpakai belum terverifikasi 4
      oracle''' terpakai ok3 1/4; dihitung 56, ok3 6 (ok4 6)
    iterasi 15: makespan 232.111, tuple rot!=0 terpakai belum terverifikasi 4
      oracle''' terpakai ok3 0/4; dihitung 56, ok3 0 (ok4 0)
    iterasi 16: makespan 237.390, tuple rot!=0 terpakai belum terverifikasi 4
      oracle''' terpakai ok3 0/4; dihitung 56, ok3 0 (ok4 0)
    iterasi 17: makespan 240.029, tuple rot!=0 terpakai belum terverifikasi 4
      oracle''' terpakai ok3 1/4; dihitung 56, ok3 13 (ok4 13)
    iterasi 18: makespan 245.308, tuple rot!=0 terpakai belum terverifikasi 4
      oracle''' terpakai ok3 1/4; dihitung 56, ok3 9 (ok4 9)
    iterasi 19: makespan 265.193, tuple rot!=0 terpakai belum terverifikasi 4
      oracle''' terpakai ok3 0/4; dihitung 45, ok3 0 (ok4 0)
    iterasi 20: makespan 265.193, tuple rot!=0 terpakai belum terverifikasi 3
      oracle''' terpakai ok3 0/3; dihitung 42, ok3 0 (ok4 0)
    iterasi 21: makespan 265.193, tuple rot!=0 terpakai belum terverifikasi 5
      oracle''' terpakai ok3 0/5; dihitung 70, ok3 11 (ok4 11)
    iterasi 22: makespan 265.193, tuple rot!=0 terpakai belum terverifikasi 5
      oracle''' terpakai ok3 0/5; dihitung 70, ok3 1 (ok4 1)
    iterasi 23: makespan 265.194, tuple rot!=0 terpakai belum terverifikasi 3
      oracle''' terpakai ok3 0/3; dihitung 42, ok3 0 (ok4 0)
    iterasi 24: makespan 265.194, tuple rot!=0 terpakai belum terverifikasi 2
      oracle''' terpakai ok3 0/2; dihitung 28, ok3 0 (ok4 0)
    iterasi 25: makespan 265.194, tuple rot!=0 terpakai belum terverifikasi 2
      oracle''' terpakai ok3 0/2; dihitung 20, ok3 0 (ok4 0)
    iterasi 26: makespan 265.194, tuple rot!=0 terpakai belum terverifikasi 2
      oracle''' terpakai ok3 0/2; dihitung 17, ok3 0 (ok4 0)
    iterasi 27: makespan 265.194, tuple rot!=0 terpakai belum terverifikasi 4
      oracle''' terpakai ok3 0/4; dihitung 45, ok3 0 (ok4 0)
    iterasi 28: makespan 265.194, tuple rot!=0 terpakai belum terverifikasi 4
      oracle''' terpakai ok3 0/4; dihitung 56, ok3 0 (ok4 0)
    iterasi 29: makespan 265.194, tuple rot!=0 terpakai belum terverifikasi 3
      oracle''' terpakai ok3 0/3; dihitung 42, ok3 6 (ok4 6)
    iterasi 30: makespan 265.194, tuple rot!=0 terpakai belum terverifikasi 3
      oracle''' terpakai ok3 0/3; dihitung 42, ok3 1 (ok4 1)
    iterasi 31: makespan 265.194, tuple rot!=0 terpakai belum terverifikasi 3
      oracle''' terpakai ok3 0/3; dihitung 42, ok3 0 (ok4 0)
    iterasi 32: makespan 265.194, tuple rot!=0 terpakai belum terverifikasi 2
      oracle''' terpakai ok3 0/2; dihitung 28, ok3 1 (ok4 1)
    iterasi 33: makespan 282.446, tuple rot!=0 terpakai belum terverifikasi 1
      oracle''' terpakai ok3 0/1; dihitung 14, ok3 0 (ok4 0)
    iterasi 34: makespan 285.085, tuple rot!=0 terpakai belum terverifikasi 1
      oracle''' terpakai ok3 0/1; dihitung 14, ok3 0 (ok4 0)
    iterasi 35: makespan 300.921, tuple rot!=0 terpakai belum terverifikasi 3
      oracle''' terpakai ok3 0/3; dihitung 42, ok3 0 (ok4 0)
    iterasi 36: makespan 314.118, tuple rot!=0 terpakai belum terverifikasi 4
      oracle''' terpakai ok3 0/4; dihitung 56, ok3 8 (ok4 8)
    iterasi 37: makespan 316.758, tuple rot!=0 terpakai belum terverifikasi 2
      oracle''' terpakai ok3 0/2; dihitung 28, ok3 1 (ok4 1)
    iterasi 38: makespan 319.397, tuple rot!=0 terpakai belum terverifikasi 1
      oracle''' terpakai ok3 0/1; dihitung 14, ok3 0 (ok4 0)
    iterasi 39: makespan 319.397, tuple rot!=0 terpakai belum terverifikasi 2
      oracle''' terpakai ok3 0/2; dihitung 15, ok3 0 (ok4 0)
    iterasi 40: makespan 320.807, tuple rot!=0 terpakai belum terverifikasi 2
      oracle''' terpakai ok3 0/2; dihitung 18, ok3 0 (ok4 0)
    iterasi 41: makespan 320.807, tuple rot!=0 terpakai belum terverifikasi 1
      oracle''' terpakai ok3 0/1; dihitung 7, ok3 0 (ok4 0)
    iterasi 42: makespan 320.807, tuple rot!=0 terpakai belum terverifikasi 1
      oracle''' terpakai ok3 0/1; dihitung 2, ok3 0 (ok4 0)
    iterasi 43: makespan 332.780, tuple rot!=0 terpakai belum terverifikasi 1
      oracle''' terpakai ok3 0/1; dihitung 14, ok3 0 (ok4 0)
    iterasi 44: makespan 332.780, tuple rot!=0 terpakai belum terverifikasi 0
seed 21: P1' R0  335.420  R10  332.780  R35  332.780  pindah R0 5 R35 5; rot R35 {'1': [-15.0, 0.0], '2': [-10.0, -15.0, 5.0]}; konflik None
seed 22 R0
    iterasi 1: makespan 241.439, tuple rot!=0 terpakai belum terverifikasi 0
seed 22 R10
    iterasi 1: makespan 156.792, tuple rot!=0 terpakai belum terverifikasi 6
      oracle''' terpakai ok3 3/6; dihitung 84, ok3 39 (ok4 39)
    iterasi 2: makespan 162.071, tuple rot!=0 terpakai belum terverifikasi 3
      oracle''' terpakai ok3 0/3; dihitung 42, ok3 6 (ok4 6)
    iterasi 3: makespan 172.629, tuple rot!=0 terpakai belum terverifikasi 3
      oracle''' terpakai ok3 0/3; dihitung 42, ok3 7 (ok4 7)
    iterasi 4: makespan 180.547, tuple rot!=0 terpakai belum terverifikasi 3
      oracle''' terpakai ok3 0/3; dihitung 42, ok3 13 (ok4 13)
    iterasi 5: makespan 182.094, tuple rot!=0 terpakai belum terverifikasi 1
      oracle''' terpakai ok3 0/1; dihitung 8, ok3 0 (ok4 0)
    iterasi 6: makespan 183.186, tuple rot!=0 terpakai belum terverifikasi 1
      oracle''' terpakai ok3 0/1; dihitung 14, ok3 0 (ok4 0)
    iterasi 7: makespan 196.383, tuple rot!=0 terpakai belum terverifikasi 3
      oracle''' terpakai ok3 1/3; dihitung 42, ok3 10 (ok4 10)
    iterasi 8: makespan 200.439, tuple rot!=0 terpakai belum terverifikasi 4
      oracle''' terpakai ok3 0/4; dihitung 56, ok3 8 (ok4 8)
    iterasi 9: makespan 201.662, tuple rot!=0 terpakai belum terverifikasi 3
      oracle''' terpakai ok3 1/3; dihitung 42, ok3 7 (ok4 7)
    iterasi 10: makespan 221.554, tuple rot!=0 terpakai belum terverifikasi 4
      oracle''' terpakai ok3 3/4; dihitung 48, ok3 31 (ok4 31)
    iterasi 11: makespan 238.800, tuple rot!=0 terpakai belum terverifikasi 1
      oracle''' terpakai ok3 0/1; dihitung 14, ok3 0 (ok4 0)
    iterasi 12: makespan 238.800, tuple rot!=0 terpakai belum terverifikasi 1
      oracle''' terpakai ok3 0/1; dihitung 14, ok3 0 (ok4 0)
    iterasi 13: makespan 238.800, tuple rot!=0 terpakai belum terverifikasi 2
      oracle''' terpakai ok3 1/2; dihitung 19, ok3 12 (ok4 12)
    iterasi 14: makespan 238.800, tuple rot!=0 terpakai belum terverifikasi 1
      oracle''' terpakai ok3 0/1; dihitung 14, ok3 0 (ok4 0)
    iterasi 15: makespan 238.800, tuple rot!=0 terpakai belum terverifikasi 1
      oracle''' terpakai ok3 0/1; dihitung 7, ok3 0 (ok4 0)
    iterasi 16: makespan 238.800, tuple rot!=0 terpakai belum terverifikasi 0
seed 22 R35
    iterasi 1: makespan 156.792, tuple rot!=0 terpakai belum terverifikasi 6
      oracle''' terpakai ok3 3/6; dihitung 84, ok3 24 (ok4 24)
    iterasi 2: makespan 159.432, tuple rot!=0 terpakai belum terverifikasi 3
      oracle''' terpakai ok3 1/3; dihitung 42, ok3 11 (ok4 11)
    iterasi 3: makespan 164.711, tuple rot!=0 terpakai belum terverifikasi 3
      oracle''' terpakai ok3 0/3; dihitung 42, ok3 5 (ok4 5)
    iterasi 4: makespan 164.711, tuple rot!=0 terpakai belum terverifikasi 6
      oracle''' terpakai ok3 0/6; dihitung 73, ok3 0 (ok4 0)
    iterasi 5: makespan 169.989, tuple rot!=0 terpakai belum terverifikasi 3
      oracle''' terpakai ok3 1/3; dihitung 42, ok3 5 (ok4 5)
    iterasi 6: makespan 175.268, tuple rot!=0 terpakai belum terverifikasi 3
      oracle''' terpakai ok3 0/3; dihitung 42, ok3 1 (ok4 1)
    iterasi 7: makespan 177.907, tuple rot!=0 terpakai belum terverifikasi 3
      oracle''' terpakai ok3 1/3; dihitung 42, ok3 13 (ok4 13)
    iterasi 8: makespan 180.547, tuple rot!=0 terpakai belum terverifikasi 3
      oracle''' terpakai ok3 0/3; dihitung 42, ok3 0 (ok4 0)
    iterasi 9: makespan 182.094, tuple rot!=0 terpakai belum terverifikasi 2
      oracle''' terpakai ok3 1/2; dihitung 28, ok3 11 (ok4 11)
    iterasi 10: makespan 183.186, tuple rot!=0 terpakai belum terverifikasi 1
      oracle''' terpakai ok3 0/1; dihitung 14, ok3 0 (ok4 0)
    iterasi 11: makespan 183.186, tuple rot!=0 terpakai belum terverifikasi 4
      oracle''' terpakai ok3 1/4; dihitung 56, ok3 19 (ok4 19)
    iterasi 12: makespan 188.465, tuple rot!=0 terpakai belum terverifikasi 1
      oracle''' terpakai ok3 0/1; dihitung 14, ok3 0 (ok4 0)
    iterasi 13: makespan 188.465, tuple rot!=0 terpakai belum terverifikasi 3
      oracle''' terpakai ok3 1/3; dihitung 42, ok3 4 (ok4 4)
    iterasi 14: makespan 188.465, tuple rot!=0 terpakai belum terverifikasi 4
      oracle''' terpakai ok3 0/4; dihitung 55, ok3 0 (ok4 0)
    iterasi 15: makespan 193.744, tuple rot!=0 terpakai belum terverifikasi 3
      oracle''' terpakai ok3 1/3; dihitung 42, ok3 16 (ok4 16)
    iterasi 16: makespan 196.383, tuple rot!=0 terpakai belum terverifikasi 3
      oracle''' terpakai ok3 0/3; dihitung 42, ok3 2 (ok4 2)
    iterasi 17: makespan 197.799, tuple rot!=0 terpakai belum terverifikasi 4
      oracle''' terpakai ok3 0/4; dihitung 56, ok3 3 (ok4 3)
    iterasi 18: makespan 199.023, tuple rot!=0 terpakai belum terverifikasi 3
      oracle''' terpakai ok3 0/3; dihitung 42, ok3 4 (ok4 4)
    iterasi 19: makespan 200.439, tuple rot!=0 terpakai belum terverifikasi 4
      oracle''' terpakai ok3 0/4; dihitung 54, ok3 4 (ok4 4)
    iterasi 20: makespan 203.078, tuple rot!=0 terpakai belum terverifikasi 4
      oracle''' terpakai ok3 0/4; dihitung 56, ok3 5 (ok4 5)
    iterasi 21: makespan 210.996, tuple rot!=0 terpakai belum terverifikasi 4
      oracle''' terpakai ok3 2/4; dihitung 56, ok3 25 (ok4 25)
    iterasi 22: makespan 216.275, tuple rot!=0 terpakai belum terverifikasi 4
      oracle''' terpakai ok3 1/4; dihitung 56, ok3 13 (ok4 13)
    iterasi 23: makespan 224.193, tuple rot!=0 terpakai belum terverifikasi 4
      oracle''' terpakai ok3 2/4; dihitung 56, ok3 19 (ok4 19)
    iterasi 24: makespan 236.700, tuple rot!=0 terpakai belum terverifikasi 4
      oracle''' terpakai ok3 0/4; dihitung 43, ok3 6 (ok4 6)
    iterasi 25: makespan 238.800, tuple rot!=0 terpakai belum terverifikasi 1
      oracle''' terpakai ok3 0/1; dihitung 14, ok3 0 (ok4 0)
    iterasi 26: makespan 238.800, tuple rot!=0 terpakai belum terverifikasi 1
      oracle''' terpakai ok3 0/1; dihitung 14, ok3 0 (ok4 0)
    iterasi 27: makespan 238.800, tuple rot!=0 terpakai belum terverifikasi 1
      oracle''' terpakai ok3 0/1; dihitung 14, ok3 0 (ok4 0)
    iterasi 28: makespan 238.800, tuple rot!=0 terpakai belum terverifikasi 1
      oracle''' terpakai ok3 0/1; dihitung 14, ok3 0 (ok4 0)
    iterasi 29: makespan 238.800, tuple rot!=0 terpakai belum terverifikasi 1
      oracle''' terpakai ok3 0/1; dihitung 14, ok3 0 (ok4 0)
    iterasi 30: makespan 238.800, tuple rot!=0 terpakai belum terverifikasi 1
      oracle''' terpakai ok3 0/1; dihitung 14, ok3 0 (ok4 0)
    iterasi 31: makespan 238.800, tuple rot!=0 terpakai belum terverifikasi 2
      oracle''' terpakai ok3 1/2; dihitung 28, ok3 13 (ok4 13)
    iterasi 32: makespan 238.800, tuple rot!=0 terpakai belum terverifikasi 1
      oracle''' terpakai ok3 0/1; dihitung 14, ok3 0 (ok4 0)
    iterasi 33: makespan 238.800, tuple rot!=0 terpakai belum terverifikasi 1
      oracle''' terpakai ok3 0/1; dihitung 7, ok3 0 (ok4 0)
    iterasi 34: makespan 238.800, tuple rot!=0 terpakai belum terverifikasi 1
      oracle''' terpakai ok3 0/1; dihitung 14, ok3 0 (ok4 0)
    iterasi 35: makespan 238.800, tuple rot!=0 terpakai belum terverifikasi 1
      oracle''' terpakai ok3 0/1; dihitung 14, ok3 0 (ok4 0)
    iterasi 36: makespan 238.800, tuple rot!=0 terpakai belum terverifikasi 1
      oracle''' terpakai ok3 0/1; dihitung 14, ok3 0 (ok4 0)
    iterasi 37: makespan 238.800, tuple rot!=0 terpakai belum terverifikasi 1
      oracle''' terpakai ok3 0/1; dihitung 6, ok3 0 (ok4 0)
    iterasi 38: makespan 238.800, tuple rot!=0 terpakai belum terverifikasi 0
seed 22: P1' R0  241.439  R10  238.800  R35  238.800  pindah R0 3 R35 3; rot R35 {'1': [-15.0], '2': [-15.0, -20.0]}; konflik None
seed 23 R0
    iterasi 1: makespan 252.536, tuple rot!=0 terpakai belum terverifikasi 0
seed 23 R10
    iterasi 1: makespan 185.826, tuple rot!=0 terpakai belum terverifikasi 5
      oracle''' terpakai ok3 2/5; dihitung 70, ok3 34 (ok4 34)
    iterasi 2: makespan 185.826, tuple rot!=0 terpakai belum terverifikasi 4
      oracle''' terpakai ok3 1/4; dihitung 56, ok3 7 (ok4 7)
    iterasi 3: makespan 239.339, tuple rot!=0 terpakai belum terverifikasi 5
      oracle''' terpakai ok3 1/5; dihitung 70, ok3 16 (ok4 16)
    iterasi 4: makespan 247.257, tuple rot!=0 terpakai belum terverifikasi 3
      oracle''' terpakai ok3 1/3; dihitung 42, ok3 12 (ok4 12)
    iterasi 5: makespan 252.536, tuple rot!=0 terpakai belum terverifikasi 3
      oracle''' terpakai ok3 0/3; dihitung 42, ok3 1 (ok4 1)
    iterasi 6: makespan 252.536, tuple rot!=0 terpakai belum terverifikasi 3
      oracle''' terpakai ok3 1/3; dihitung 29, ok3 5 (ok4 5)
    iterasi 7: makespan 252.536, tuple rot!=0 terpakai belum terverifikasi 1
      oracle''' terpakai ok3 0/1; dihitung 14, ok3 0 (ok4 0)
    iterasi 8: makespan 252.536, tuple rot!=0 terpakai belum terverifikasi 1
      oracle''' terpakai ok3 0/1; dihitung 14, ok3 0 (ok4 0)
    iterasi 9: makespan 252.536, tuple rot!=0 terpakai belum terverifikasi 1
      oracle''' terpakai ok3 0/1; dihitung 14, ok3 4 (ok4 4)
    iterasi 10: makespan 252.536, tuple rot!=0 terpakai belum terverifikasi 0
seed 23 R35
    iterasi 1: makespan 183.186, tuple rot!=0 terpakai belum terverifikasi 6
      oracle''' terpakai ok3 2/6; dihitung 84, ok3 18 (ok4 18)
    iterasi 2: makespan 185.826, tuple rot!=0 terpakai belum terverifikasi 5
      oracle''' terpakai ok3 2/5; dihitung 70, ok3 22 (ok4 22)
    iterasi 3: makespan 185.826, tuple rot!=0 terpakai belum terverifikasi 4
      oracle''' terpakai ok3 0/4; dihitung 56, ok3 4 (ok4 4)
    iterasi 4: makespan 188.465, tuple rot!=0 terpakai belum terverifikasi 5
      oracle''' terpakai ok3 1/5; dihitung 70, ok3 17 (ok4 17)
    iterasi 5: makespan 188.465, tuple rot!=0 terpakai belum terverifikasi 4
      oracle''' terpakai ok3 0/4; dihitung 56, ok3 4 (ok4 4)
    iterasi 6: makespan 191.104, tuple rot!=0 terpakai belum terverifikasi 6
      oracle''' terpakai ok3 0/6; dihitung 84, ok3 4 (ok4 4)
    iterasi 7: makespan 196.383, tuple rot!=0 terpakai belum terverifikasi 6
      oracle''' terpakai ok3 0/6; dihitung 84, ok3 0 (ok4 0)
    iterasi 8: makespan 206.941, tuple rot!=0 terpakai belum terverifikasi 6
      oracle''' terpakai ok3 0/6; dihitung 84, ok3 4 (ok4 4)
    iterasi 9: makespan 212.219, tuple rot!=0 terpakai belum terverifikasi 4
      oracle''' terpakai ok3 0/4; dihitung 56, ok3 12 (ok4 12)
    iterasi 10: makespan 231.421, tuple rot!=0 terpakai belum terverifikasi 3
      oracle''' terpakai ok3 0/3; dihitung 30, ok3 0 (ok4 0)
    iterasi 11: makespan 231.421, tuple rot!=0 terpakai belum terverifikasi 4
      oracle''' terpakai ok3 0/4; dihitung 43, ok3 0 (ok4 0)
    iterasi 12: makespan 239.339, tuple rot!=0 terpakai belum terverifikasi 5
      oracle''' terpakai ok3 2/5; dihitung 70, ok3 21 (ok4 21)
    iterasi 13: makespan 244.618, tuple rot!=0 terpakai belum terverifikasi 2
      oracle''' terpakai ok3 0/2; dihitung 28, ok3 0 (ok4 0)
    iterasi 14: makespan 246.275, tuple rot!=0 terpakai belum terverifikasi 2
      oracle''' terpakai ok3 0/2; dihitung 18, ok3 0 (ok4 0)
    iterasi 15: makespan 247.257, tuple rot!=0 terpakai belum terverifikasi 1
      oracle''' terpakai ok3 0/1; dihitung 14, ok3 0 (ok4 0)
    iterasi 16: makespan 252.536, tuple rot!=0 terpakai belum terverifikasi 1
      oracle''' terpakai ok3 0/1; dihitung 14, ok3 2 (ok4 2)
    iterasi 17: makespan 252.536, tuple rot!=0 terpakai belum terverifikasi 0
seed 23: P1' R0  252.536  R10  252.536  R35  252.536  pindah R0 3 R35 2; rot R35 {'1': [0.0, -10.0], '2': [-20.0]}; konflik None
seed 26 R0
    iterasi 1: makespan 293.003, tuple rot!=0 terpakai belum terverifikasi 0
seed 26 R10
    iterasi 1: makespan 188.465, tuple rot!=0 terpakai belum terverifikasi 5
      oracle''' terpakai ok3 0/5; dihitung 64, ok3 8 (ok4 8)
    iterasi 2: makespan 277.167, tuple rot!=0 terpakai belum terverifikasi 5
      oracle''' terpakai ok3 1/5; dihitung 70, ok3 13 (ok4 13)
    iterasi 3: makespan 279.806, tuple rot!=0 terpakai belum terverifikasi 3
      oracle''' terpakai ok3 0/3; dihitung 42, ok3 2 (ok4 2)
    iterasi 4: makespan 279.806, tuple rot!=0 terpakai belum terverifikasi 4
      oracle''' terpakai ok3 0/4; dihitung 56, ok3 13 (ok4 13)
    iterasi 5: makespan 290.364, tuple rot!=0 terpakai belum terverifikasi 2
      oracle''' terpakai ok3 0/2; dihitung 28, ok3 5 (ok4 5)
    iterasi 6: makespan 293.003, tuple rot!=0 terpakai belum terverifikasi 2
      oracle''' terpakai ok3 1/2; dihitung 28, ok3 15 (ok4 15)
    iterasi 7: makespan 293.003, tuple rot!=0 terpakai belum terverifikasi 1
      oracle''' terpakai ok3 0/1; dihitung 14, ok3 0 (ok4 0)
    iterasi 8: makespan 293.003, tuple rot!=0 terpakai belum terverifikasi 1
      oracle''' terpakai ok3 0/1; dihitung 14, ok3 6 (ok4 6)
    iterasi 9: makespan 293.003, tuple rot!=0 terpakai belum terverifikasi 0
seed 26 R35
    iterasi 1: makespan 172.629, tuple rot!=0 terpakai belum terverifikasi 5
      oracle''' terpakai ok3 0/5; dihitung 70, ok3 3 (ok4 3)
    iterasi 2: makespan 175.268, tuple rot!=0 terpakai belum terverifikasi 5
      oracle''' terpakai ok3 0/5; dihitung 59, ok3 2 (ok4 2)
    iterasi 3: makespan 188.465, tuple rot!=0 terpakai belum terverifikasi 5
      oracle''' terpakai ok3 0/5; dihitung 61, ok3 0 (ok4 0)
    iterasi 4: makespan 233.521, tuple rot!=0 terpakai belum terverifikasi 5
      oracle''' terpakai ok3 0/5; dihitung 70, ok3 10 (ok4 10)
    iterasi 5: makespan 236.160, tuple rot!=0 terpakai belum terverifikasi 4
      oracle''' terpakai ok3 0/4; dihitung 56, ok3 0 (ok4 0)
    iterasi 6: makespan 236.160, tuple rot!=0 terpakai belum terverifikasi 4
      oracle''' terpakai ok3 0/4; dihitung 56, ok3 1 (ok4 1)
    iterasi 7: makespan 236.160, tuple rot!=0 terpakai belum terverifikasi 3
      oracle''' terpakai ok3 1/3; dihitung 42, ok3 10 (ok4 10)
    iterasi 8: makespan 236.160, tuple rot!=0 terpakai belum terverifikasi 3
      oracle''' terpakai ok3 0/3; dihitung 33, ok3 0 (ok4 0)
    iterasi 9: makespan 236.160, tuple rot!=0 terpakai belum terverifikasi 3
      oracle''' terpakai ok3 0/3; dihitung 30, ok3 0 (ok4 0)
    iterasi 10: makespan 236.160, tuple rot!=0 terpakai belum terverifikasi 4
      oracle''' terpakai ok3 0/4; dihitung 51, ok3 0 (ok4 0)
    iterasi 11: makespan 279.806, tuple rot!=0 terpakai belum terverifikasi 4
      oracle''' terpakai ok3 0/4; dihitung 56, ok3 0 (ok4 0)
    iterasi 12: makespan 279.806, tuple rot!=0 terpakai belum terverifikasi 5
      oracle''' terpakai ok3 1/5; dihitung 70, ok3 12 (ok4 12)
    iterasi 13: makespan 285.085, tuple rot!=0 terpakai belum terverifikasi 4
      oracle''' terpakai ok3 0/4; dihitung 56, ok3 1 (ok4 1)
    iterasi 14: makespan 285.085, tuple rot!=0 terpakai belum terverifikasi 4
      oracle''' terpakai ok3 1/4; dihitung 56, ok3 11 (ok4 11)
    iterasi 15: makespan 287.724, tuple rot!=0 terpakai belum terverifikasi 3
      oracle''' terpakai ok3 0/3; dihitung 42, ok3 0 (ok4 0)
    iterasi 16: makespan 293.003, tuple rot!=0 terpakai belum terverifikasi 3
      oracle''' terpakai ok3 1/3; dihitung 42, ok3 14 (ok4 14)
    iterasi 17: makespan 293.003, tuple rot!=0 terpakai belum terverifikasi 1
      oracle''' terpakai ok3 0/1; dihitung 14, ok3 0 (ok4 0)
    iterasi 18: makespan 293.003, tuple rot!=0 terpakai belum terverifikasi 1
      oracle''' terpakai ok3 0/1; dihitung 14, ok3 0 (ok4 0)
    iterasi 19: makespan 293.003, tuple rot!=0 terpakai belum terverifikasi 1
      oracle''' terpakai ok3 0/1; dihitung 14, ok3 0 (ok4 0)
    iterasi 20: makespan 293.003, tuple rot!=0 terpakai belum terverifikasi 2
      oracle''' terpakai ok3 1/2; dihitung 28, ok3 13 (ok4 13)
    iterasi 21: makespan 293.003, tuple rot!=0 terpakai belum terverifikasi 1
      oracle''' terpakai ok3 0/1; dihitung 14, ok3 0 (ok4 0)
    iterasi 22: makespan 293.003, tuple rot!=0 terpakai belum terverifikasi 1
      oracle''' terpakai ok3 0/1; dihitung 14, ok3 1 (ok4 1)
    iterasi 23: makespan 293.003, tuple rot!=0 terpakai belum terverifikasi 0
seed 26: P1' R0  293.003  R10  293.003  R35  293.003  pindah R0 3 R35 3; rot R35 {'1': [-5.0, -10.0], '2': [0.0]}; konflik None
seed 29 R0
    iterasi 1: makespan 259.231, tuple rot!=0 terpakai belum terverifikasi 0
seed 29 R10
    iterasi 1: makespan 184.602, tuple rot!=0 terpakai belum terverifikasi 6
      oracle''' terpakai ok3 2/6; dihitung 84, ok3 28 (ok4 28)
    iterasi 2: makespan 192.520, tuple rot!=0 terpakai belum terverifikasi 6
      oracle''' terpakai ok3 0/6; dihitung 84, ok3 16 (ok4 16)
    iterasi 3: makespan 200.439, tuple rot!=0 terpakai belum terverifikasi 4
      oracle''' terpakai ok3 1/4; dihitung 48, ok3 16 (ok4 16)
    iterasi 4: makespan 208.357, tuple rot!=0 terpakai belum terverifikasi 3
      oracle''' terpakai ok3 2/3; dihitung 42, ok3 8 (ok4 8)
    iterasi 5: makespan 213.635, tuple rot!=0 terpakai belum terverifikasi 4
      oracle''' terpakai ok3 2/4; dihitung 56, ok3 16 (ok4 16)
    iterasi 6: makespan 221.554, tuple rot!=0 terpakai belum terverifikasi 4
      oracle''' terpakai ok3 1/4; dihitung 56, ok3 12 (ok4 12)
    iterasi 7: makespan 259.231, tuple rot!=0 terpakai belum terverifikasi 0
seed 29 R35
    iterasi 1: makespan 164.711, tuple rot!=0 terpakai belum terverifikasi 6
      oracle''' terpakai ok3 2/6; dihitung 84, ok3 27 (ok4 27)
    iterasi 2: makespan 169.989, tuple rot!=0 terpakai belum terverifikasi 6
      oracle''' terpakai ok3 0/6; dihitung 84, ok3 11 (ok4 11)
    iterasi 3: makespan 172.629, tuple rot!=0 terpakai belum terverifikasi 6
      oracle''' terpakai ok3 1/6; dihitung 84, ok3 22 (ok4 22)
    iterasi 4: makespan 172.629, tuple rot!=0 terpakai belum terverifikasi 5
      oracle''' terpakai ok3 2/5; dihitung 70, ok3 24 (ok4 24)
    iterasi 5: makespan 175.268, tuple rot!=0 terpakai belum terverifikasi 4
      oracle''' terpakai ok3 1/4; dihitung 45, ok3 12 (ok4 12)
    iterasi 6: makespan 180.547, tuple rot!=0 terpakai belum terverifikasi 5
      oracle''' terpakai ok3 0/5; dihitung 70, ok3 0 (ok4 0)
    iterasi 7: makespan 183.186, tuple rot!=0 terpakai belum terverifikasi 5
      oracle''' terpakai ok3 1/5; dihitung 69, ok3 11 (ok4 11)
    iterasi 8: makespan 193.744, tuple rot!=0 terpakai belum terverifikasi 5
      oracle''' terpakai ok3 1/5; dihitung 70, ok3 13 (ok4 13)
    iterasi 9: makespan 201.662, tuple rot!=0 terpakai belum terverifikasi 6
      oracle''' terpakai ok3 0/6; dihitung 84, ok3 0 (ok4 0)
    iterasi 10: makespan 205.717, tuple rot!=0 terpakai belum terverifikasi 4
      oracle''' terpakai ok3 0/4; dihitung 56, ok3 14 (ok4 14)
    iterasi 11: makespan 208.357, tuple rot!=0 terpakai belum terverifikasi 3
      oracle''' terpakai ok3 0/3; dihitung 42, ok3 5 (ok4 5)
    iterasi 12: makespan 210.996, tuple rot!=0 terpakai belum terverifikasi 3
      oracle''' terpakai ok3 0/3; dihitung 42, ok3 1 (ok4 1)
    iterasi 13: makespan 214.859, tuple rot!=0 terpakai belum terverifikasi 5
      oracle''' terpakai ok3 0/5; dihitung 66, ok3 0 (ok4 0)
    iterasi 14: makespan 216.275, tuple rot!=0 terpakai belum terverifikasi 4
      oracle''' terpakai ok3 1/4; dihitung 56, ok3 10 (ok4 10)
    iterasi 15: makespan 218.914, tuple rot!=0 terpakai belum terverifikasi 4
      oracle''' terpakai ok3 2/4; dihitung 56, ok3 9 (ok4 9)
    iterasi 16: makespan 218.914, tuple rot!=0 terpakai belum terverifikasi 3
      oracle''' terpakai ok3 0/3; dihitung 42, ok3 1 (ok4 1)
    iterasi 17: makespan 228.242, tuple rot!=0 terpakai belum terverifikasi 1
      oracle''' terpakai ok3 0/1; dihitung 14, ok3 0 (ok4 0)
    iterasi 18: makespan 228.242, tuple rot!=0 terpakai belum terverifikasi 1
      oracle''' terpakai ok3 0/1; dihitung 5, ok3 0 (ok4 0)
    iterasi 19: makespan 228.242, tuple rot!=0 terpakai belum terverifikasi 3
      oracle''' terpakai ok3 0/3; dihitung 40, ok3 0 (ok4 0)
    iterasi 20: makespan 228.826, tuple rot!=0 terpakai belum terverifikasi 1
      oracle''' terpakai ok3 0/1; dihitung 2, ok3 0 (ok4 0)
    iterasi 21: makespan 233.521, tuple rot!=0 terpakai belum terverifikasi 4
      oracle''' terpakai ok3 0/4; dihitung 32, ok3 3 (ok4 3)
    iterasi 22: makespan 259.231, tuple rot!=0 terpakai belum terverifikasi 0
seed 29: P1' R0  259.231  R10  259.231  R35  259.231  pindah R0 2 R35 2; rot R35 {'1': [0.0, -5.0], '2': [-15.0]}; konflik None
seed 33 R0
    iterasi 1: makespan 260.454, tuple rot!=0 terpakai belum terverifikasi 0
seed 33 R10
    iterasi 1: makespan 247.257, tuple rot!=0 terpakai belum terverifikasi 5
      oracle''' terpakai ok3 0/5; dihitung 70, ok3 4 (ok4 4)
    iterasi 2: makespan 247.947, tuple rot!=0 terpakai belum terverifikasi 4
      oracle''' terpakai ok3 1/4; dihitung 49, ok3 14 (ok4 14)
    iterasi 3: makespan 257.275, tuple rot!=0 terpakai belum terverifikasi 4
      oracle''' terpakai ok3 0/4; dihitung 56, ok3 9 (ok4 9)
    iterasi 4: makespan 257.275, tuple rot!=0 terpakai belum terverifikasi 3
      oracle''' terpakai ok3 0/3; dihitung 42, ok3 0 (ok4 0)
    iterasi 5: makespan 259.915, tuple rot!=0 terpakai belum terverifikasi 4
      oracle''' terpakai ok3 0/4; dihitung 56, ok3 3 (ok4 3)
    iterasi 6: makespan 259.915, tuple rot!=0 terpakai belum terverifikasi 4
      oracle''' terpakai ok3 1/4; dihitung 48, ok3 9 (ok4 9)
    iterasi 7: makespan 259.915, tuple rot!=0 terpakai belum terverifikasi 3
      oracle''' terpakai ok3 0/3; dihitung 42, ok3 5 (ok4 5)
    iterasi 8: makespan 259.915, tuple rot!=0 terpakai belum terverifikasi 2
      oracle''' terpakai ok3 0/2; dihitung 28, ok3 10 (ok4 10)
    iterasi 9: makespan 259.915, tuple rot!=0 terpakai belum terverifikasi 0
seed 33 R35
    iterasi 1: makespan 209.580, tuple rot!=0 terpakai belum terverifikasi 6
      oracle''' terpakai ok3 1/6; dihitung 71, ok3 12 (ok4 12)
    iterasi 2: makespan 240.029, tuple rot!=0 terpakai belum terverifikasi 5
      oracle''' terpakai ok3 0/5; dihitung 70, ok3 5 (ok4 5)
    iterasi 3: makespan 249.897, tuple rot!=0 terpakai belum terverifikasi 5
      oracle''' terpakai ok3 0/5; dihitung 70, ok3 15 (ok4 15)
    iterasi 4: makespan 252.536, tuple rot!=0 terpakai belum terverifikasi 4
      oracle''' terpakai ok3 0/4; dihitung 56, ok3 0 (ok4 0)
    iterasi 5: makespan 254.636, tuple rot!=0 terpakai belum terverifikasi 4
      oracle''' terpakai ok3 0/4; dihitung 56, ok3 10 (ok4 10)
    iterasi 6: makespan 257.275, tuple rot!=0 terpakai belum terverifikasi 3
      oracle''' terpakai ok3 0/3; dihitung 42, ok3 0 (ok4 0)
    iterasi 7: makespan 257.275, tuple rot!=0 terpakai belum terverifikasi 3
      oracle''' terpakai ok3 0/3; dihitung 42, ok3 1 (ok4 1)
    iterasi 8: makespan 257.275, tuple rot!=0 terpakai belum terverifikasi 4
      oracle''' terpakai ok3 0/4; dihitung 56, ok3 4 (ok4 4)
    iterasi 9: makespan 257.275, tuple rot!=0 terpakai belum terverifikasi 3
      oracle''' terpakai ok3 0/3; dihitung 42, ok3 0 (ok4 0)
    iterasi 10: makespan 257.275, tuple rot!=0 terpakai belum terverifikasi 4
      oracle''' terpakai ok3 0/4; dihitung 56, ok3 6 (ok4 6)
    iterasi 11: makespan 257.275, tuple rot!=0 terpakai belum terverifikasi 4
      oracle''' terpakai ok3 0/4; dihitung 56, ok3 4 (ok4 4)
    iterasi 12: makespan 257.275, tuple rot!=0 terpakai belum terverifikasi 4
      oracle''' terpakai ok3 0/4; dihitung 56, ok3 19 (ok4 19)
    iterasi 13: makespan 257.275, tuple rot!=0 terpakai belum terverifikasi 4
      oracle''' terpakai ok3 1/4; dihitung 56, ok3 11 (ok4 11)
    iterasi 14: makespan 257.275, tuple rot!=0 terpakai belum terverifikasi 2
      oracle''' terpakai ok3 0/2; dihitung 28, ok3 0 (ok4 0)
    iterasi 15: makespan 257.275, tuple rot!=0 terpakai belum terverifikasi 0
seed 33: P1' R0  260.454  R10  259.915  R35  257.275  pindah R0 3 R35 4; rot R35 {'1': [-20.0, 10.0], '2': [0.0, 15.0]}; konflik None
seed 35 R0
    iterasi 1: makespan 257.815, tuple rot!=0 terpakai belum terverifikasi 0
seed 35 R10
    iterasi 1: makespan 199.023, tuple rot!=0 terpakai belum terverifikasi 6
      oracle''' terpakai ok3 0/6; dihitung 84, ok3 11 (ok4 11)
    iterasi 2: makespan 255.175, tuple rot!=0 terpakai belum terverifikasi 5
      oracle''' terpakai ok3 2/5; dihitung 70, ok3 45 (ok4 45)
    iterasi 3: makespan 257.815, tuple rot!=0 terpakai belum terverifikasi 1
      oracle''' terpakai ok3 0/1; dihitung 14, ok3 0 (ok4 0)
    iterasi 4: makespan 257.815, tuple rot!=0 terpakai belum terverifikasi 1
      oracle''' terpakai ok3 0/1; dihitung 14, ok3 0 (ok4 0)
    iterasi 5: makespan 257.815, tuple rot!=0 terpakai belum terverifikasi 2
      oracle''' terpakai ok3 0/2; dihitung 18, ok3 0 (ok4 0)
    iterasi 6: makespan 257.815, tuple rot!=0 terpakai belum terverifikasi 3
      oracle''' terpakai ok3 1/3; dihitung 42, ok3 15 (ok4 15)
    iterasi 7: makespan 257.815, tuple rot!=0 terpakai belum terverifikasi 3
      oracle''' terpakai ok3 2/3; dihitung 42, ok3 6 (ok4 6)
    iterasi 8: makespan 257.815, tuple rot!=0 terpakai belum terverifikasi 3
      oracle''' terpakai ok3 0/3; dihitung 28, ok3 0 (ok4 0)
    iterasi 9: makespan 257.815, tuple rot!=0 terpakai belum terverifikasi 1
      oracle''' terpakai ok3 0/1; dihitung 14, ok3 0 (ok4 0)
    iterasi 10: makespan 257.815, tuple rot!=0 terpakai belum terverifikasi 0
seed 35 R35
    iterasi 1: makespan 201.662, tuple rot!=0 terpakai belum terverifikasi 6
      oracle''' terpakai ok3 1/6; dihitung 74, ok3 15 (ok4 15)
    iterasi 2: makespan 254.636, tuple rot!=0 terpakai belum terverifikasi 5
      oracle''' terpakai ok3 0/5; dihitung 70, ok3 4 (ok4 4)
    iterasi 3: makespan 257.815, tuple rot!=0 terpakai belum terverifikasi 5
      oracle''' terpakai ok3 0/5; dihitung 70, ok3 27 (ok4 27)
    iterasi 4: makespan 257.815, tuple rot!=0 terpakai belum terverifikasi 3
      oracle''' terpakai ok3 0/3; dihitung 42, ok3 0 (ok4 0)
    iterasi 5: makespan 257.815, tuple rot!=0 terpakai belum terverifikasi 1
      oracle''' terpakai ok3 0/1; dihitung 14, ok3 0 (ok4 0)
    iterasi 6: makespan 257.815, tuple rot!=0 terpakai belum terverifikasi 3
      oracle''' terpakai ok3 0/3; dihitung 42, ok3 3 (ok4 3)
    iterasi 7: makespan 257.815, tuple rot!=0 terpakai belum terverifikasi 3
      oracle''' terpakai ok3 2/3; dihitung 42, ok3 12 (ok4 12)
    iterasi 8: makespan 257.815, tuple rot!=0 terpakai belum terverifikasi 3
      oracle''' terpakai ok3 1/3; dihitung 42, ok3 12 (ok4 12)
    iterasi 9: makespan 257.815, tuple rot!=0 terpakai belum terverifikasi 3
      oracle''' terpakai ok3 0/3; dihitung 42, ok3 1 (ok4 1)
    iterasi 10: makespan 257.815, tuple rot!=0 terpakai belum terverifikasi 2
      oracle''' terpakai ok3 0/2; dihitung 28, ok3 0 (ok4 0)
    iterasi 11: makespan 257.815, tuple rot!=0 terpakai belum terverifikasi 2
      oracle''' terpakai ok3 0/2; dihitung 28, ok3 0 (ok4 0)
    iterasi 12: makespan 257.815, tuple rot!=0 terpakai belum terverifikasi 3
      oracle''' terpakai ok3 1/3; dihitung 42, ok3 6 (ok4 6)
    iterasi 13: makespan 257.815, tuple rot!=0 terpakai belum terverifikasi 3
      oracle''' terpakai ok3 0/3; dihitung 39, ok3 0 (ok4 0)
    iterasi 14: makespan 257.815, tuple rot!=0 terpakai belum terverifikasi 1
      oracle''' terpakai ok3 0/1; dihitung 14, ok3 0 (ok4 0)
    iterasi 15: makespan 257.815, tuple rot!=0 terpakai belum terverifikasi 1
      oracle''' terpakai ok3 0/1; dihitung 14, ok3 0 (ok4 0)
    iterasi 16: makespan 257.815, tuple rot!=0 terpakai belum terverifikasi 1
      oracle''' terpakai ok3 0/1; dihitung 14, ok3 0 (ok4 0)
    iterasi 17: makespan 257.815, tuple rot!=0 terpakai belum terverifikasi 1
      oracle''' terpakai ok3 0/1; dihitung 14, ok3 0 (ok4 0)
    iterasi 18: makespan 257.815, tuple rot!=0 terpakai belum terverifikasi 1
      oracle''' terpakai ok3 0/1; dihitung 14, ok3 0 (ok4 0)
    iterasi 19: makespan 257.815, tuple rot!=0 terpakai belum terverifikasi 0
seed 35: P1' R0  257.815  R10  257.815  R35  257.815  pindah R0 3 R35 3; rot R35 {'1': [0.0, -10.0], '2': [0.0, 0.0]}; konflik None
seed 36 R0
    iterasi 1: makespan 362.353, tuple rot!=0 terpakai belum terverifikasi 0
seed 36 R10
    iterasi 1: makespan 232.111, tuple rot!=0 terpakai belum terverifikasi 6
      oracle''' terpakai ok3 0/6; dihitung 84, ok3 13 (ok4 13)
    iterasi 2: makespan 237.390, tuple rot!=0 terpakai belum terverifikasi 6
      oracle''' terpakai ok3 2/6; dihitung 84, ok3 25 (ok4 25)
    iterasi 3: makespan 245.308, tuple rot!=0 terpakai belum terverifikasi 6
      oracle''' terpakai ok3 2/6; dihitung 84, ok3 37 (ok4 37)
    iterasi 4: makespan 306.739, tuple rot!=0 terpakai belum terverifikasi 3
      oracle''' terpakai ok3 1/3; dihitung 40, ok3 11 (ok4 11)
    iterasi 5: makespan 311.479, tuple rot!=0 terpakai belum terverifikasi 3
      oracle''' terpakai ok3 0/3; dihitung 42, ok3 8 (ok4 8)
    iterasi 6: makespan 311.479, tuple rot!=0 terpakai belum terverifikasi 4
      oracle''' terpakai ok3 1/4; dihitung 56, ok3 14 (ok4 14)
    iterasi 7: makespan 311.479, tuple rot!=0 terpakai belum terverifikasi 4
      oracle''' terpakai ok3 2/4; dihitung 53, ok3 25 (ok4 25)
    iterasi 8: makespan 311.479, tuple rot!=0 terpakai belum terverifikasi 2
      oracle''' terpakai ok3 0/2; dihitung 26, ok3 0 (ok4 0)
    iterasi 9: makespan 311.479, tuple rot!=0 terpakai belum terverifikasi 2
      oracle''' terpakai ok3 0/2; dihitung 28, ok3 2 (ok4 2)
    iterasi 10: makespan 311.479, tuple rot!=0 terpakai belum terverifikasi 2
      oracle''' terpakai ok3 1/2; dihitung 22, ok3 7 (ok4 7)
    iterasi 11: makespan 311.479, tuple rot!=0 terpakai belum terverifikasi 1
      oracle''' terpakai ok3 0/1; dihitung 2, ok3 0 (ok4 0)
    iterasi 12: makespan 311.479, tuple rot!=0 terpakai belum terverifikasi 0
seed 36 R35
    iterasi 1: makespan 201.662, tuple rot!=0 terpakai belum terverifikasi 6
      oracle''' terpakai ok3 1/6; dihitung 84, ok3 8 (ok4 8)
    iterasi 2: makespan 209.580, tuple rot!=0 terpakai belum terverifikasi 6
      oracle''' terpakai ok3 1/6; dihitung 84, ok3 9 (ok4 9)
    iterasi 3: makespan 217.498, tuple rot!=0 terpakai belum terverifikasi 6
      oracle''' terpakai ok3 1/6; dihitung 75, ok3 26 (ok4 26)
    iterasi 4: makespan 232.111, tuple rot!=0 terpakai belum terverifikasi 6
      oracle''' terpakai ok3 1/6; dihitung 80, ok3 12 (ok4 12)
    iterasi 5: makespan 232.111, tuple rot!=0 terpakai belum terverifikasi 6
      oracle''' terpakai ok3 1/6; dihitung 84, ok3 5 (ok4 5)
    iterasi 6: makespan 237.390, tuple rot!=0 terpakai belum terverifikasi 6
      oracle''' terpakai ok3 2/6; dihitung 84, ok3 24 (ok4 24)
    iterasi 7: makespan 237.390, tuple rot!=0 terpakai belum terverifikasi 6
      oracle''' terpakai ok3 0/6; dihitung 84, ok3 4 (ok4 4)
    iterasi 8: makespan 242.669, tuple rot!=0 terpakai belum terverifikasi 6
      oracle''' terpakai ok3 1/6; dihitung 84, ok3 22 (ok4 22)
    iterasi 9: makespan 253.226, tuple rot!=0 terpakai belum terverifikasi 6
      oracle''' terpakai ok3 1/6; dihitung 71, ok3 17 (ok4 17)
    iterasi 10: makespan 296.182, tuple rot!=0 terpakai belum terverifikasi 4
      oracle''' terpakai ok3 2/4; dihitung 56, ok3 9 (ok4 9)
    iterasi 11: makespan 308.839, tuple rot!=0 terpakai belum terverifikasi 5
      oracle''' terpakai ok3 0/5; dihitung 70, ok3 7 (ok4 7)
    iterasi 12: makespan 309.379, tuple rot!=0 terpakai belum terverifikasi 4
      oracle''' terpakai ok3 1/4; dihitung 56, ok3 11 (ok4 11)
    iterasi 13: makespan 311.479, tuple rot!=0 terpakai belum terverifikasi 4
      oracle''' terpakai ok3 0/4; dihitung 45, ok3 6 (ok4 6)
    iterasi 14: makespan 311.479, tuple rot!=0 terpakai belum terverifikasi 2
      oracle''' terpakai ok3 0/2; dihitung 28, ok3 0 (ok4 0)
    iterasi 15: makespan 311.479, tuple rot!=0 terpakai belum terverifikasi 2
      oracle''' terpakai ok3 0/2; dihitung 28, ok3 0 (ok4 0)
    iterasi 16: makespan 311.479, tuple rot!=0 terpakai belum terverifikasi 2
      oracle''' terpakai ok3 0/2; dihitung 28, ok3 0 (ok4 0)
    iterasi 17: makespan 311.479, tuple rot!=0 terpakai belum terverifikasi 3
      oracle''' terpakai ok3 1/3; dihitung 42, ok3 5 (ok4 5)
    iterasi 18: makespan 311.479, tuple rot!=0 terpakai belum terverifikasi 2
      oracle''' terpakai ok3 0/2; dihitung 28, ok3 0 (ok4 0)
    iterasi 19: makespan 311.479, tuple rot!=0 terpakai belum terverifikasi 4
      oracle''' terpakai ok3 0/4; dihitung 56, ok3 0 (ok4 0)
    iterasi 20: makespan 311.479, tuple rot!=0 terpakai belum terverifikasi 1
      oracle''' terpakai ok3 0/1; dihitung 14, ok3 0 (ok4 0)
    iterasi 21: makespan 311.479, tuple rot!=0 terpakai belum terverifikasi 0
seed 36: P1' R0  362.353  R10  311.479  R35  311.479  pindah R0 4 R35 4; rot R35 {'1': [0.0, -10.0], '2': [-10.0, 0.0]}; konflik None
seed 40 R0
    iterasi 1: makespan 265.194, tuple rot!=0 terpakai belum terverifikasi 0
seed 40 R10
    iterasi 1: makespan 238.800, tuple rot!=0 terpakai belum terverifikasi 6
      oracle''' terpakai ok3 1/6; dihitung 84, ok3 18 (ok4 18)
    iterasi 2: makespan 244.078, tuple rot!=0 terpakai belum terverifikasi 6
      oracle''' terpakai ok3 3/6; dihitung 84, ok3 48 (ok4 48)
    iterasi 3: makespan 251.997, tuple rot!=0 terpakai belum terverifikasi 5
      oracle''' terpakai ok3 1/5; dihitung 70, ok3 21 (ok4 21)
    iterasi 4: makespan 262.554, tuple rot!=0 terpakai belum terverifikasi 2
      oracle''' terpakai ok3 0/2; dihitung 28, ok3 4 (ok4 4)
    iterasi 5: makespan 265.193, tuple rot!=0 terpakai belum terverifikasi 3
      oracle''' terpakai ok3 0/3; dihitung 40, ok3 10 (ok4 10)
    iterasi 6: makespan 265.194, tuple rot!=0 terpakai belum terverifikasi 1
      oracle''' terpakai ok3 0/1; dihitung 6, ok3 0 (ok4 0)
    iterasi 7: makespan 265.194, tuple rot!=0 terpakai belum terverifikasi 1
      oracle''' terpakai ok3 0/1; dihitung 14, ok3 1 (ok4 1)
    iterasi 8: makespan 265.194, tuple rot!=0 terpakai belum terverifikasi 2
      oracle''' terpakai ok3 0/2; dihitung 22, ok3 9 (ok4 9)
    iterasi 9: makespan 265.194, tuple rot!=0 terpakai belum terverifikasi 0
seed 40 R35
    iterasi 1: makespan 238.800, tuple rot!=0 terpakai belum terverifikasi 6
      oracle''' terpakai ok3 1/6; dihitung 84, ok3 9 (ok4 9)
    iterasi 2: makespan 238.800, tuple rot!=0 terpakai belum terverifikasi 6
      oracle''' terpakai ok3 1/6; dihitung 84, ok3 22 (ok4 22)
    iterasi 3: makespan 244.078, tuple rot!=0 terpakai belum terverifikasi 4
      oracle''' terpakai ok3 0/4; dihitung 56, ok3 8 (ok4 8)
    iterasi 4: makespan 246.718, tuple rot!=0 terpakai belum terverifikasi 4
      oracle''' terpakai ok3 1/4; dihitung 56, ok3 17 (ok4 17)
    iterasi 5: makespan 251.997, tuple rot!=0 terpakai belum terverifikasi 5
      oracle''' terpakai ok3 2/5; dihitung 70, ok3 20 (ok4 20)
    iterasi 6: makespan 254.636, tuple rot!=0 terpakai belum terverifikasi 4
      oracle''' terpakai ok3 1/4; dihitung 45, ok3 11 (ok4 11)
    iterasi 7: makespan 254.636, tuple rot!=0 terpakai belum terverifikasi 3
      oracle''' terpakai ok3 0/3; dihitung 42, ok3 0 (ok4 0)
    iterasi 8: makespan 259.915, tuple rot!=0 terpakai belum terverifikasi 4
      oracle''' terpakai ok3 1/4; dihitung 56, ok3 22 (ok4 22)
    iterasi 9: makespan 259.915, tuple rot!=0 terpakai belum terverifikasi 2
      oracle''' terpakai ok3 0/2; dihitung 28, ok3 0 (ok4 0)
    iterasi 10: makespan 265.193, tuple rot!=0 terpakai belum terverifikasi 3
      oracle''' terpakai ok3 0/3; dihitung 42, ok3 8 (ok4 8)
    iterasi 11: makespan 265.194, tuple rot!=0 terpakai belum terverifikasi 1
      oracle''' terpakai ok3 0/1; dihitung 9, ok3 0 (ok4 0)
    iterasi 12: makespan 265.194, tuple rot!=0 terpakai belum terverifikasi 1
      oracle''' terpakai ok3 0/1; dihitung 14, ok3 0 (ok4 0)
    iterasi 13: makespan 265.194, tuple rot!=0 terpakai belum terverifikasi 1
      oracle''' terpakai ok3 0/1; dihitung 14, ok3 1 (ok4 1)
    iterasi 14: makespan 265.194, tuple rot!=0 terpakai belum terverifikasi 1
      oracle''' terpakai ok3 0/1; dihitung 14, ok3 0 (ok4 0)
    iterasi 15: makespan 265.194, tuple rot!=0 terpakai belum terverifikasi 1
      oracle''' terpakai ok3 0/1; dihitung 14, ok3 8 (ok4 8)
    iterasi 16: makespan 265.194, tuple rot!=0 terpakai belum terverifikasi 1
      oracle''' terpakai ok3 0/1; dihitung 14, ok3 2 (ok4 2)
    iterasi 17: makespan 265.194, tuple rot!=0 terpakai belum terverifikasi 0
seed 40: P1' R0  265.194  R10  265.194  R35  265.194  pindah R0 4 R35 4; rot R35 {'1': [5.0, -15.0], '2': [15.0, -5.0]}; konflik None
seed 42 R0
    iterasi 1: makespan 328.725, tuple rot!=0 terpakai belum terverifikasi 0
seed 42 R10
    iterasi 1: makespan 193.744, tuple rot!=0 terpakai belum terverifikasi 5
      oracle''' terpakai ok3 2/5; dihitung 70, ok3 20 (ok4 20)
    iterasi 2: makespan 200.439, tuple rot!=0 terpakai belum terverifikasi 4
      oracle''' terpakai ok3 0/4; dihitung 56, ok3 8 (ok4 8)
    iterasi 3: makespan 209.580, tuple rot!=0 terpakai belum terverifikasi 5
      oracle''' terpakai ok3 1/5; dihitung 69, ok3 24 (ok4 24)
    iterasi 4: makespan 217.498, tuple rot!=0 terpakai belum terverifikasi 3
      oracle''' terpakai ok3 0/3; dihitung 41, ok3 3 (ok4 3)
    iterasi 5: makespan 226.826, tuple rot!=0 terpakai belum terverifikasi 3
      oracle''' terpakai ok3 0/3; dihitung 36, ok3 7 (ok4 7)
    iterasi 6: makespan 270.472, tuple rot!=0 terpakai belum terverifikasi 2
      oracle''' terpakai ok3 1/2; dihitung 19, ok3 5 (ok4 5)
    iterasi 7: makespan 270.472, tuple rot!=0 terpakai belum terverifikasi 1
      oracle''' terpakai ok3 0/1; dihitung 14, ok3 0 (ok4 0)
    iterasi 8: makespan 270.472, tuple rot!=0 terpakai belum terverifikasi 1
      oracle''' terpakai ok3 0/1; dihitung 14, ok3 3 (ok4 3)
    iterasi 9: makespan 270.472, tuple rot!=0 terpakai belum terverifikasi 1
      oracle''' terpakai ok3 0/1; dihitung 14, ok3 0 (ok4 0)
    iterasi 10: makespan 270.472, tuple rot!=0 terpakai belum terverifikasi 1
      oracle''' terpakai ok3 0/1; dihitung 14, ok3 0 (ok4 0)
    iterasi 11: makespan 270.472, tuple rot!=0 terpakai belum terverifikasi 1
      oracle''' terpakai ok3 0/1; dihitung 9, ok3 0 (ok4 0)
    iterasi 12: makespan 298.282, tuple rot!=0 terpakai belum terverifikasi 2
      oracle''' terpakai ok3 1/2; dihitung 28, ok3 10 (ok4 10)
    iterasi 13: makespan 316.758, tuple rot!=0 terpakai belum terverifikasi 2
      oracle''' terpakai ok3 0/2; dihitung 17, ok3 4 (ok4 4)
    iterasi 14: makespan 326.086, tuple rot!=0 terpakai belum terverifikasi 1
      oracle''' terpakai ok3 0/1; dihitung 14, ok3 0 (ok4 0)
    iterasi 15: makespan 326.086, tuple rot!=0 terpakai belum terverifikasi 1
      oracle''' terpakai ok3 0/1; dihitung 14, ok3 0 (ok4 0)
    iterasi 16: makespan 326.086, tuple rot!=0 terpakai belum terverifikasi 1
      oracle''' terpakai ok3 0/1; dihitung 14, ok3 0 (ok4 0)
    iterasi 17: makespan 326.086, tuple rot!=0 terpakai belum terverifikasi 1
      oracle''' terpakai ok3 0/1; dihitung 7, ok3 0 (ok4 0)
    iterasi 18: makespan 326.086, tuple rot!=0 terpakai belum terverifikasi 0
seed 42 R35
    iterasi 1: makespan 196.383, tuple rot!=0 terpakai belum terverifikasi 5
      oracle''' terpakai ok3 2/5; dihitung 70, ok3 26 (ok4 26)
    iterasi 2: makespan 199.023, tuple rot!=0 terpakai belum terverifikasi 5
      oracle''' terpakai ok3 2/5; dihitung 70, ok3 15 (ok4 15)
    iterasi 3: makespan 200.439, tuple rot!=0 terpakai belum terverifikasi 4
      oracle''' terpakai ok3 1/4; dihitung 56, ok3 6 (ok4 6)
    iterasi 4: makespan 206.941, tuple rot!=0 terpakai belum terverifikasi 4
      oracle''' terpakai ok3 0/4; dihitung 56, ok3 0 (ok4 0)
    iterasi 5: makespan 208.357, tuple rot!=0 terpakai belum terverifikasi 5
      oracle''' terpakai ok3 1/5; dihitung 70, ok3 24 (ok4 24)
    iterasi 6: makespan 212.219, tuple rot!=0 terpakai belum terverifikasi 5
      oracle''' terpakai ok3 1/5; dihitung 69, ok3 7 (ok4 7)
    iterasi 7: makespan 214.859, tuple rot!=0 terpakai belum terverifikasi 3
      oracle''' terpakai ok3 0/3; dihitung 42, ok3 8 (ok4 8)
    iterasi 8: makespan 253.413, tuple rot!=0 terpakai belum terverifikasi 4
      oracle''' terpakai ok3 0/4; dihitung 56, ok3 3 (ok4 3)
    iterasi 9: makespan 269.249, tuple rot!=0 terpakai belum terverifikasi 3
      oracle''' terpakai ok3 1/3; dihitung 42, ok3 8 (ok4 8)
    iterasi 10: makespan 270.472, tuple rot!=0 terpakai belum terverifikasi 2
      oracle''' terpakai ok3 0/2; dihitung 28, ok3 6 (ok4 6)
    iterasi 11: makespan 270.472, tuple rot!=0 terpakai belum terverifikasi 1
      oracle''' terpakai ok3 0/1; dihitung 14, ok3 0 (ok4 0)
    iterasi 12: makespan 270.472, tuple rot!=0 terpakai belum terverifikasi 1
      oracle''' terpakai ok3 0/1; dihitung 14, ok3 0 (ok4 0)
    iterasi 13: makespan 270.472, tuple rot!=0 terpakai belum terverifikasi 1
      oracle''' terpakai ok3 0/1; dihitung 14, ok3 0 (ok4 0)
    iterasi 14: makespan 270.472, tuple rot!=0 terpakai belum terverifikasi 1
      oracle''' terpakai ok3 0/1; dihitung 14, ok3 0 (ok4 0)
    iterasi 15: makespan 270.472, tuple rot!=0 terpakai belum terverifikasi 2
      oracle''' terpakai ok3 1/2; dihitung 28, ok3 8 (ok4 8)
    iterasi 16: makespan 270.472, tuple rot!=0 terpakai belum terverifikasi 1
      oracle''' terpakai ok3 0/1; dihitung 14, ok3 2 (ok4 2)
    iterasi 17: makespan 270.472, tuple rot!=0 terpakai belum terverifikasi 1
      oracle''' terpakai ok3 0/1; dihitung 14, ok3 0 (ok4 0)
    iterasi 18: makespan 270.472, tuple rot!=0 terpakai belum terverifikasi 1
      oracle''' terpakai ok3 0/1; dihitung 14, ok3 0 (ok4 0)
    iterasi 19: makespan 270.472, tuple rot!=0 terpakai belum terverifikasi 1
      oracle''' terpakai ok3 0/1; dihitung 14, ok3 0 (ok4 0)
    iterasi 20: makespan 270.472, tuple rot!=0 terpakai belum terverifikasi 1
      oracle''' terpakai ok3 0/1; dihitung 14, ok3 0 (ok4 0)
    iterasi 21: makespan 270.472, tuple rot!=0 terpakai belum terverifikasi 1
      oracle''' terpakai ok3 0/1; dihitung 14, ok3 0 (ok4 0)
    iterasi 22: makespan 270.472, tuple rot!=0 terpakai belum terverifikasi 1
      oracle''' terpakai ok3 0/1; dihitung 14, ok3 0 (ok4 0)
    iterasi 23: makespan 275.751, tuple rot!=0 terpakai belum terverifikasi 1
      oracle''' terpakai ok3 0/1; dihitung 14, ok3 0 (ok4 0)
    iterasi 24: makespan 275.751, tuple rot!=0 terpakai belum terverifikasi 1
      oracle''' terpakai ok3 0/1; dihitung 12, ok3 0 (ok4 0)
    iterasi 25: makespan 277.167, tuple rot!=0 terpakai belum terverifikasi 1
      oracle''' terpakai ok3 0/1; dihitung 14, ok3 0 (ok4 0)
    iterasi 26: makespan 282.446, tuple rot!=0 terpakai belum terverifikasi 1
      oracle''' terpakai ok3 0/1; dihitung 14, ok3 0 (ok4 0)
    iterasi 27: makespan 282.446, tuple rot!=0 terpakai belum terverifikasi 1
      oracle''' terpakai ok3 0/1; dihitung 14, ok3 0 (ok4 0)
    iterasi 28: makespan 290.364, tuple rot!=0 terpakai belum terverifikasi 2
      oracle''' terpakai ok3 0/2; dihitung 21, ok3 6 (ok4 6)
    iterasi 29: makespan 293.003, tuple rot!=0 terpakai belum terverifikasi 3
      oracle''' terpakai ok3 1/3; dihitung 42, ok3 11 (ok4 11)
    iterasi 30: makespan 298.282, tuple rot!=0 terpakai belum terverifikasi 2
      oracle''' terpakai ok3 1/2; dihitung 28, ok3 12 (ok4 12)
    iterasi 31: makespan 306.200, tuple rot!=0 terpakai belum terverifikasi 1
      oracle''' terpakai ok3 0/1; dihitung 14, ok3 0 (ok4 0)
    iterasi 32: makespan 306.200, tuple rot!=0 terpakai belum terverifikasi 2
      oracle''' terpakai ok3 0/2; dihitung 28, ok3 0 (ok4 0)
    iterasi 33: makespan 314.118, tuple rot!=0 terpakai belum terverifikasi 2
      oracle''' terpakai ok3 0/2; dihitung 23, ok3 2 (ok4 2)
    iterasi 34: makespan 316.758, tuple rot!=0 terpakai belum terverifikasi 3
      oracle''' terpakai ok3 0/3; dihitung 31, ok3 1 (ok4 1)
    iterasi 35: makespan 326.086, tuple rot!=0 terpakai belum terverifikasi 1
      oracle''' terpakai ok3 0/1; dihitung 14, ok3 0 (ok4 0)
    iterasi 36: makespan 326.086, tuple rot!=0 terpakai belum terverifikasi 1
      oracle''' terpakai ok3 0/1; dihitung 14, ok3 0 (ok4 0)
    iterasi 37: makespan 326.086, tuple rot!=0 terpakai belum terverifikasi 1
      oracle''' terpakai ok3 0/1; dihitung 14, ok3 0 (ok4 0)
    iterasi 38: makespan 326.086, tuple rot!=0 terpakai belum terverifikasi 1
      oracle''' terpakai ok3 0/1; dihitung 14, ok3 0 (ok4 0)
    iterasi 39: makespan 326.086, tuple rot!=0 terpakai belum terverifikasi 1
      oracle''' terpakai ok3 0/1; dihitung 14, ok3 0 (ok4 0)
    iterasi 40: makespan 326.086, tuple rot!=0 terpakai belum terverifikasi 1
      oracle''' terpakai ok3 0/1; dihitung 14, ok3 0 (ok4 0)
    iterasi 41: makespan 326.086, tuple rot!=0 terpakai belum terverifikasi 1
      oracle''' terpakai ok3 0/1; dihitung 14, ok3 0 (ok4 0)
    iterasi 42: makespan 326.086, tuple rot!=0 terpakai belum terverifikasi 1
      oracle''' terpakai ok3 0/1; dihitung 14, ok3 0 (ok4 0)
    iterasi 43: makespan 326.086, tuple rot!=0 terpakai belum terverifikasi 0
seed 42: P1' R0  328.725  R10  326.086  R35  326.086  pindah R0 4 R35 4; rot R35 {'1': [-20.0], '2': [5.0, -25.0, 5.0]}; konflik None

kontrol R0 == G26 P1' (makespan): 17/17
R10 < R0 pada 10/17 seed [1, 2, 13, 17, 18, 21, 22, 33, 36, 42]; total gain 77.81 s
R35 < R0 pada 10/17 seed [1, 2, 13, 17, 18, 21, 22, 33, 36, 42]; total gain 80.45 s
K-G3e mutan rot_cmd diabaikan (motor T_rot): makespan berubah pada 0/17 []
