seed 1 R0
    iterasi 1: makespan 263.093, tuple rot!=0 terpakai belum terverifikasi 0
seed 1 R10
    iterasi 1: makespan 175.268, tuple rot!=0 terpakai belum terverifikasi 6
      oracle''' ok3 2/6 (ok4 2)
    iterasi 2: makespan 177.907, tuple rot!=0 terpakai belum terverifikasi 6
      oracle''' ok3 1/6 (ok4 1)
    iterasi 3: makespan 177.907, tuple rot!=0 terpakai belum terverifikasi 6
      oracle''' ok3 4/6 (ok4 4)
    iterasi 4: makespan 177.907, tuple rot!=0 terpakai belum terverifikasi 6
      oracle''' ok3 3/6 (ok4 3)
    iterasi 5: makespan 177.907, tuple rot!=0 terpakai belum terverifikasi 6
      oracle''' ok3 4/6 (ok4 4)
    iterasi 6: makespan 180.547, tuple rot!=0 terpakai belum terverifikasi 6
      oracle''' ok3 3/6 (ok4 3)
    iterasi 7: makespan 180.547, tuple rot!=0 terpakai belum terverifikasi 6
      oracle''' ok3 2/6 (ok4 2)
    iterasi 8: makespan 180.547, tuple rot!=0 terpakai belum terverifikasi 6
      oracle''' ok3 2/6 (ok4 2)
    iterasi 9: makespan 180.547, tuple rot!=0 terpakai belum terverifikasi 6
      oracle''' ok3 2/6 (ok4 2)
    iterasi 10: makespan 183.186, tuple rot!=0 terpakai belum terverifikasi 6
      oracle''' ok3 2/6 (ok4 2)
    iterasi 11: makespan 183.186, tuple rot!=0 terpakai belum terverifikasi 6
      oracle''' ok3 2/6 (ok4 2)
    iterasi 12: makespan 183.186, tuple rot!=0 terpakai belum terverifikasi 6
      oracle''' ok3 3/6 (ok4 3)
    iterasi 13: makespan 183.186, tuple rot!=0 terpakai belum terverifikasi 6
      oracle''' ok3 3/6 (ok4 3)
    iterasi 14: makespan 185.826, tuple rot!=0 terpakai belum terverifikasi 6
      oracle''' ok3 3/6 (ok4 3)
    iterasi 15: makespan 185.826, tuple rot!=0 terpakai belum terverifikasi 6
      oracle''' ok3 3/6 (ok4 3)
    iterasi 16: makespan 185.826, tuple rot!=0 terpakai belum terverifikasi 6
      oracle''' ok3 3/6 (ok4 3)
    iterasi 17: makespan 185.826, tuple rot!=0 terpakai belum terverifikasi 6
      oracle''' ok3 3/6 (ok4 3)
    iterasi 18: makespan 188.465, tuple rot!=0 terpakai belum terverifikasi 6
      oracle''' ok3 3/6 (ok4 3)
    iterasi 19: makespan 188.465, tuple rot!=0 terpakai belum terverifikasi 6
      oracle''' ok3 2/6 (ok4 2)
    iterasi 20: makespan 188.465, tuple rot!=0 terpakai belum terverifikasi 6
      oracle''' ok3 2/6 (ok4 2)
    iterasi 21: makespan 188.465, tuple rot!=0 terpakai belum terverifikasi 6
      oracle''' ok3 2/6 (ok4 2)
    iterasi 22: makespan 191.104, tuple rot!=0 terpakai belum terverifikasi 6
      oracle''' ok3 2/6 (ok4 2)
    iterasi 23: makespan 191.104, tuple rot!=0 terpakai belum terverifikasi 6
      oracle''' ok3 2/6 (ok4 2)
    iterasi 24: makespan 191.104, tuple rot!=0 terpakai belum terverifikasi 6
      oracle''' ok3 2/6 (ok4 2)
    iterasi 25: makespan 191.104, tuple rot!=0 terpakai belum terverifikasi 6
      oracle''' ok3 2/6 (ok4 2)
    iterasi 26: makespan 193.744, tuple rot!=0 terpakai belum terverifikasi 6
      oracle''' ok3 2/6 (ok4 2)
    iterasi 27: makespan 193.744, tuple rot!=0 terpakai belum terverifikasi 6
      oracle''' ok3 2/6 (ok4 2)
    iterasi 28: makespan 193.744, tuple rot!=0 terpakai belum terverifikasi 6
      oracle''' ok3 1/6 (ok4 1)
    iterasi 29: makespan 193.744, tuple rot!=0 terpakai belum terverifikasi 6
      oracle''' ok3 2/6 (ok4 2)
    iterasi 30: makespan 196.383, tuple rot!=0 terpakai belum terverifikasi 6
      oracle''' ok3 1/6 (ok4 1)
    iterasi 31: makespan 196.383, tuple rot!=0 terpakai belum terverifikasi 6
      oracle''' ok3 1/6 (ok4 1)
    iterasi 32: makespan 196.383, tuple rot!=0 terpakai belum terverifikasi 6
      oracle''' ok3 1/6 (ok4 1)
    iterasi 33: makespan 196.383, tuple rot!=0 terpakai belum terverifikasi 6
      oracle''' ok3 1/6 (ok4 1)
    iterasi 34: makespan 249.897, tuple rot!=0 terpakai belum terverifikasi 4
      oracle''' ok3 1/4 (ok4 1)
    iterasi 35: makespan 249.897, tuple rot!=0 terpakai belum terverifikasi 4
      oracle''' ok3 1/4 (ok4 1)
    iterasi 36: makespan 249.897, tuple rot!=0 terpakai belum terverifikasi 4
      oracle''' ok3 1/4 (ok4 1)
    iterasi 37: makespan 249.897, tuple rot!=0 terpakai belum terverifikasi 4
      oracle''' ok3 1/4 (ok4 1)
    iterasi 38: makespan 252.536, tuple rot!=0 terpakai belum terverifikasi 4
      oracle''' ok3 1/4 (ok4 1)
    iterasi 39: makespan 252.536, tuple rot!=0 terpakai belum terverifikasi 4
      oracle''' ok3 1/4 (ok4 1)
    iterasi 40: makespan 252.536, tuple rot!=0 terpakai belum terverifikasi 4
      oracle''' ok3 1/4 (ok4 1)
    iterasi 41: makespan 252.536, tuple rot!=0 terpakai belum terverifikasi 4
      oracle''' ok3 0/4 (ok4 0)
    iterasi 42: makespan 255.175, tuple rot!=0 terpakai belum terverifikasi 4
      oracle''' ok3 1/4 (ok4 1)
    iterasi 43: makespan 255.175, tuple rot!=0 terpakai belum terverifikasi 4
      oracle''' ok3 1/4 (ok4 1)
    iterasi 44: makespan 255.175, tuple rot!=0 terpakai belum terverifikasi 4
      oracle''' ok3 1/4 (ok4 1)
    iterasi 45: makespan 255.175, tuple rot!=0 terpakai belum terverifikasi 4
      oracle''' ok3 1/4 (ok4 1)
    iterasi 46: makespan 257.815, tuple rot!=0 terpakai belum terverifikasi 4
      oracle''' ok3 2/4 (ok4 2)
    iterasi 47: makespan 257.815, tuple rot!=0 terpakai belum terverifikasi 3
      oracle''' ok3 1/3 (ok4 1)
    iterasi 48: makespan 257.815, tuple rot!=0 terpakai belum terverifikasi 3
      oracle''' ok3 1/3 (ok4 1)
    iterasi 49: makespan 257.815, tuple rot!=0 terpakai belum terverifikasi 3
      oracle''' ok3 1/3 (ok4 1)
    iterasi 50: makespan 257.815, tuple rot!=0 terpakai belum terverifikasi 3
      oracle''' ok3 1/3 (ok4 1)
    iterasi 51: makespan 257.815, tuple rot!=0 terpakai belum terverifikasi 3
      oracle''' ok3 1/3 (ok4 1)
    iterasi 52: makespan 257.815, tuple rot!=0 terpakai belum terverifikasi 3
      oracle''' ok3 1/3 (ok4 1)
    iterasi 53: makespan 257.815, tuple rot!=0 terpakai belum terverifikasi 3
      oracle''' ok3 1/3 (ok4 1)
    iterasi 54: makespan 257.815, tuple rot!=0 terpakai belum terverifikasi 3
      oracle''' ok3 1/3 (ok4 1)
    iterasi 55: makespan 257.815, tuple rot!=0 terpakai belum terverifikasi 3
      oracle''' ok3 1/3 (ok4 1)
    iterasi 56: makespan 257.815, tuple rot!=0 terpakai belum terverifikasi 3
      oracle''' ok3 0/3 (ok4 0)
    iterasi 57: makespan 257.815, tuple rot!=0 terpakai belum terverifikasi 3
      oracle''' ok3 2/3 (ok4 2)
    iterasi 58: makespan 257.815, tuple rot!=0 terpakai belum terverifikasi 3
      oracle''' ok3 0/3 (ok4 0)
    iterasi 59: makespan 257.815, tuple rot!=0 terpakai belum terverifikasi 3
      oracle''' ok3 0/3 (ok4 0)
    iterasi 60: makespan 257.815, tuple rot!=0 terpakai belum terverifikasi 3
      oracle''' ok3 1/3 (ok4 1)
    iterasi 61: makespan 257.815, tuple rot!=0 terpakai belum terverifikasi 3
      oracle''' ok3 2/3 (ok4 2)
    iterasi 62: makespan 257.815, tuple rot!=0 terpakai belum terverifikasi 3
      oracle''' ok3 2/3 (ok4 2)
    iterasi 63: makespan 257.815, tuple rot!=0 terpakai belum terverifikasi 3
      oracle''' ok3 1/3 (ok4 1)
    iterasi 64: makespan 257.815, tuple rot!=0 terpakai belum terverifikasi 3
      oracle''' ok3 2/3 (ok4 2)
    iterasi 65: makespan 257.815, tuple rot!=0 terpakai belum terverifikasi 3
      oracle''' ok3 2/3 (ok4 2)
    iterasi 66: makespan 257.815, tuple rot!=0 terpakai belum terverifikasi 3
      oracle''' ok3 1/3 (ok4 1)
    iterasi 67: makespan 257.815, tuple rot!=0 terpakai belum terverifikasi 3
Process ForkPoolWorker-1:
Process ForkPoolWorker-4:
Process ForkPoolWorker-6:
Process ForkPoolWorker-8:
Process ForkPoolWorker-10:
Process ForkPoolWorker-5:
Process ForkPoolWorker-2:
Process ForkPoolWorker-14:
Process ForkPoolWorker-3:
Process ForkPoolWorker-7:
Process ForkPoolWorker-13:
Process ForkPoolWorker-9:
Process ForkPoolWorker-11:
Traceback (most recent call last):
Traceback (most recent call last):
  File "/usr/lib/python3.10/multiprocessing/pool.py", line 856, in next
    item = self._items.popleft()
IndexError: pop from an empty deque

During handling of the above exception, another exception occurred:

Traceback (most recent call last):
  File "/home/user1/Documents/ceiling_arm/docs/results/p1_g31/g31_sched.py", line 175, in <module>
    run()
  File "/home/user1/Documents/ceiling_arm/docs/results/p1_g31/g31_sched.py", line 138, in run
    inst, sol, it = solve_lazy(row, cache0, crot, rset, pool, lambda s: print(s, flush=True))
  File "/home/user1/Documents/ceiling_arm/docs/results/p1_g31/g31_sched.py", line 106, in solve_lazy
    for d in pool.imap_unordered(GO._job, todo, chunksize=1):
  File "/usr/lib/python3.10/multiprocessing/pool.py", line 861, in next
    self._cond.wait(timeout)
  File "/usr/lib/python3.10/threading.py", line 320, in wait
    waiter.acquire()
KeyboardInterrupt
