seed  R0      R10     R35     gain%  mv0 mv35 rotmv35 iters(R10,R35) used_rot ok4 maxrot conflict ok_ii
  1  263.09  257.81  257.81  2.01   3    3      3     1, 12        4   4    25 None True
  2  356.53  353.90  353.90  0.74   5    5      5    12, 28        6   6    25 None True
 13  262.55  257.28  257.28  2.01   4    4      3     9, 19        6   6    20 None True
 16  300.92  300.92  300.92  0.00   4    4      4     9, 17        5   5    25 None True
 17  216.27  213.64  213.64  1.22   2    2      2     6,  7        6   6    15 None True
 18  328.73  326.09  326.09  0.80   5    4      4    11, 22        6   6    20 None True
 20  265.19  265.19  265.19  0.00   3    3      1     6, 11        3   3     5 None True
 21  335.42  332.78  332.78  0.79   5    5      5    17, 44        5   5    15 None True
 22  241.44  238.80  238.80  1.09   3    3      3    16, 38        6   6    20 None True
 23  252.54  252.54  252.54  0.00   3    2      2    10, 17        4   4    20 None True
 26  293.00  293.00  293.00  0.00   3    3      2     9, 23        4   4    10 None True
 29  259.23  259.23  259.23  0.00   2    2      2     7, 22        5   5    15 None True
 33  260.45  259.91  257.28  1.22   3    4      3     9, 15        4   4    20 None True
 35  257.81  257.81  257.81  0.00   3    3      1    10, 19        2   2    10 None True
 36  362.35  311.48  311.48 14.04   4    4      3    12, 21        4   4    10 None True
 40  265.19  265.19  265.19  0.00   4    4      4     9, 17        6   6    15 None True
 42  328.73  326.09  326.09  0.80   4    4      4    18, 43        6   6    25 None True
iterasi min/median/maks 1 15 44
seed R35 tanpa rotasi: []
seri (R35==R0) tapi berotasi: [16, 20, 23, 26, 29, 35, 40]
