1791429208.0071 pids monitor [2206142] recorder [2206099] ros2_control_node [2205302]
1791429210.5410   event 0: {'kind': 'retract', 'gantry': 1, 'stop': 0}
1791429210.5411   event 1: {'kind': 'traverse', 'gantry': 1, 'stop': 0, 'frm': (0.0, 0.0), 'to': (0.9, 0.0)}
1791429210.5411   event 2: {'kind': 'task', 'gantry': 1, 'stop': 0, 'arm': 'arm_1', 'task': 4, 'xyz': [1.3571, 0.3882, 1.24]}
1791429210.5411   event 3: {'kind': 'retract', 'gantry': 1, 'stop': 1}
1791429210.5412   event 4: {'kind': 'traverse', 'gantry': 1, 'stop': 1, 'frm': (0.9, 0.0), 'to': (1.35, 0.0)}
1791429210.5412   event 5: {'kind': 'task', 'gantry': 1, 'stop': 1, 'arm': 'arm_1', 'task': 3, 'xyz': [1.8571, 0.3176, 1.08]}
1791429210.5413   event 6: {'kind': 'task', 'gantry': 2, 'stop': 0, 'arm': 'arm_3', 'task': 1, 'xyz': [0.3571, -0.3176, 1.08]}
1791429210.5414   event 7: {'kind': 'retract', 'gantry': 2, 'stop': 1}
1791429210.5414   event 8: {'kind': 'traverse', 'gantry': 2, 'stop': 1, 'frm': (0.0, 0.0), 'to': (0.2, 0.0)}
1791429210.5414   event 9: {'kind': 'task', 'gantry': 2, 'stop': 1, 'arm': 'arm_3', 'task': 0, 'xyz': [0.7857, -0.4588, 1.0]}
1791429210.5415   event 10: {'kind': 'retract', 'gantry': 2, 'stop': 2}
1791429210.5415   event 11: {'kind': 'traverse', 'gantry': 2, 'stop': 2, 'frm': (0.2, 0.0), 'to': (1.45, 0.0)}
1791429210.5416   event 12: {'kind': 'task', 'gantry': 2, 'stop': 2, 'arm': 'arm_3', 'task': 2, 'xyz': [1.9286, -0.3176, 1.16]}
1791429210.5416   event 13: {'kind': 'task', 'gantry': 2, 'stop': 2, 'arm': 'arm_4', 'task': 5, 'xyz': [0.9286, -0.4588, 1.0]}
1791429210.5417 awal: maks |q - REST| keempat lengan 0.112 deg; rel t1 0.000136 t2 0.000764
1791429210.5476 ===== t0 1791429210.5468
1791429210.5524   [0] retract g1  
1791429213.0612   [0] rc=0 2.51 s
1791429213.0666   [1] traverse g1  (0.9, 0.0)
1791429272.2527   [1] rc=0 59.19 s
1791429272.2642   [2] task g1 arm_1 [1.3571, 0.3882, 1.24]
1791429323.3611   [2] rc=0 51.10 s success@112.57
1791429323.3724   [3] retract g1  
1791429378.1062   [3] rc=0 54.73 s
1791429378.1177   [4] traverse g1  (1.35, 0.0)
1791429411.8348   [4] rc=0 33.72 s
1791429411.8481   [5] task g1 arm_1 [1.8571, 0.3176, 1.08]
1791429449.1504   [5] rc=0 37.30 s success@238.37
1791429449.1626   [6] task g2 arm_3 [0.3571, -0.3176, 1.08]
1791429504.7169   [6] rc=0 55.55 s success@293.92
1791429504.7383   [7] retract g2  
1791429561.4219   [7] rc=0 56.68 s
1791429561.4353   [8] traverse g2  (0.2, 0.0)
1791429581.2551   [8] rc=0 19.82 s
1791429581.2785   [9] task g2 arm_3 [0.7857, -0.4588, 1.0]
1791429622.2223   [9] rc=0 40.94 s success@411.42
1791429622.2392   [10] retract g2  
1791429678.4118   [10] rc=0 56.17 s
1791429678.4268   [11] traverse g2  (1.45, 0.0)
1791429757.4079   [11] rc=0 78.98 s
1791429757.4290   [12] task g2 arm_3 [1.9286, -0.3176, 1.16]
1791429805.6555   [12] rc=0 48.23 s success@594.87
1791429805.6722   [13] task g2 arm_4 [0.9286, -0.4588, 1.0]
1791429840.4720   [13] rc=0 34.80 s success@629.67
1791429840.4734 SELESAI: 6/6 tugas sukses; makespan terukur 629.67 s
