[0.014s] Invoking command in '/home/rama/Documents/code/Docker/moonshot_project/ros2_ws/build/moving_table_interfaces': CMAKE_PREFIX_PATH=${CMAKE_PREFIX_PATH}:/home/rama/Documents/code/Docker/moonshot_project/ros2_ws/install/moving_table_pkg:/opt/ros/humble /usr/bin/cmake /home/rama/Documents/code/Docker/moonshot_project/ros2_ws/src/moving_table_interfaces -DROS_EDITION=ROS2 -DHUMBLE_ROS=humble -DCMAKE_INSTALL_PREFIX=/home/rama/Documents/code/Docker/moonshot_project/ros2_ws/install/moving_table_interfaces
[0.052s] -- The C compiler identification is GNU 11.4.0
[0.091s] -- The CXX compiler identification is GNU 11.4.0
[0.096s] -- Detecting C compiler ABI info
[0.141s] -- Detecting C compiler ABI info - done
[0.146s] -- Check for working C compiler: /usr/bin/cc - skipped
[0.146s] -- Detecting C compile features
[0.146s] -- Detecting C compile features - done
[0.148s] -- Detecting CXX compiler ABI info
[0.206s] -- Detecting CXX compiler ABI info - done
[0.212s] -- Check for working CXX compiler: /usr/bin/c++ - skipped
[0.212s] -- Detecting CXX compile features
[0.213s] -- Detecting CXX compile features - done
[0.214s] -- Found ament_cmake: 1.3.12 (/opt/ros/humble/share/ament_cmake/cmake)
[0.339s] -- Found Python3: /usr/bin/python3 (found version "3.10.12") found components: Interpreter 
[0.408s] -- Found rosidl_default_generators: 1.2.0 (/opt/ros/humble/share/rosidl_default_generators/cmake)
[0.411s] -- Using all available rosidl_typesupport_c: rosidl_typesupport_fastrtps_c;rosidl_typesupport_introspection_c
[0.415s] -- Found rosidl_adapter: 3.1.7 (/opt/ros/humble/share/rosidl_adapter/cmake)
[0.442s] -- Using all available rosidl_typesupport_cpp: rosidl_typesupport_fastrtps_cpp;rosidl_typesupport_introspection_cpp
[0.693s] -- Found ament_cmake_ros: 0.10.0 (/opt/ros/humble/share/ament_cmake_ros/cmake)
[0.867s] -- Using all available rosidl_typesupport_c: rosidl_typesupport_fastrtps_c;rosidl_typesupport_introspection_c
[1.053s] -- Using all available rosidl_typesupport_cpp: rosidl_typesupport_fastrtps_cpp;rosidl_typesupport_introspection_cpp
[1.070s] -- Found PythonInterp: /usr/bin/python3 (found suitable version "3.10.12", minimum required is "3.6") 
[1.071s] -- Found python_cmake_module: 0.10.0 (/opt/ros/humble/share/python_cmake_module/cmake)
[1.093s] -- Found PythonLibs: /usr/lib/x86_64-linux-gnu/libpython3.10.so (found suitable version "3.10.12", minimum required is "3.5") 
[1.093s] -- Using PYTHON_EXECUTABLE: /usr/bin/python3
[1.093s] -- Using PYTHON_INCLUDE_DIRS: /usr/include/python3.10
[1.093s] -- Using PYTHON_LIBRARIES: /usr/lib/x86_64-linux-gnu/libpython3.10.so
[1.109s] -- Found PythonExtra: .so  
[1.143s] -- Configuring done
[1.167s] -- Generating done
[1.169s] [33mCMake Warning:
[1.169s]   Manually-specified variables were not used by the project:
[1.169s] 
[1.169s]     HUMBLE_ROS
[1.169s]     ROS_EDITION
[1.169s] 
[1.169s] [0m
[1.174s] -- Build files have been written to: /home/rama/Documents/code/Docker/moonshot_project/ros2_ws/build/moving_table_interfaces
[1.186s] Invoked command in '/home/rama/Documents/code/Docker/moonshot_project/ros2_ws/build/moving_table_interfaces' returned '0': CMAKE_PREFIX_PATH=${CMAKE_PREFIX_PATH}:/home/rama/Documents/code/Docker/moonshot_project/ros2_ws/install/moving_table_pkg:/opt/ros/humble /usr/bin/cmake /home/rama/Documents/code/Docker/moonshot_project/ros2_ws/src/moving_table_interfaces -DROS_EDITION=ROS2 -DHUMBLE_ROS=humble -DCMAKE_INSTALL_PREFIX=/home/rama/Documents/code/Docker/moonshot_project/ros2_ws/install/moving_table_interfaces
[1.187s] Invoking command in '/home/rama/Documents/code/Docker/moonshot_project/ros2_ws/build/moving_table_interfaces': CMAKE_PREFIX_PATH=${CMAKE_PREFIX_PATH}:/home/rama/Documents/code/Docker/moonshot_project/ros2_ws/install/moving_table_pkg:/opt/ros/humble /usr/bin/cmake --build /home/rama/Documents/code/Docker/moonshot_project/ros2_ws/build/moving_table_interfaces -- -j16 -l16
[1.215s] [  3%] [34m[1mGenerating C code for ROS interfaces[0m
[1.222s] [  6%] [34m[1mGenerating C++ code for ROS interfaces[0m
[1.229s] [  6%] Built target ament_cmake_python_copy_moving_table_interfaces
[1.412s] running egg_info
[1.412s] creating moving_table_interfaces.egg-info
[1.412s] writing moving_table_interfaces.egg-info/PKG-INFO
[1.413s] writing dependency_links to moving_table_interfaces.egg-info/dependency_links.txt
[1.413s] writing top-level names to moving_table_interfaces.egg-info/top_level.txt
[1.413s] writing manifest file 'moving_table_interfaces.egg-info/SOURCES.txt'
[1.414s] reading manifest file 'moving_table_interfaces.egg-info/SOURCES.txt'
[1.415s] writing manifest file 'moving_table_interfaces.egg-info/SOURCES.txt'
[1.434s] [  6%] Built target ament_cmake_python_build_moving_table_interfaces_egg
[1.496s] [  9%] [32mBuilding C object CMakeFiles/moving_table_interfaces__rosidl_generator_c.dir/rosidl_generator_c/moving_table_interfaces/srv/detail/moving_table__functions.c.o[0m
[1.499s] [  9%] Built target moving_table_interfaces__cpp
[1.506s] [ 19%] [34m[1mGenerating C++ introspection for ROS interfaces[0m
[1.507s] [ 19%] [34m[1mGenerating C++ type support dispatch for ROS interfaces[0m
[1.507s] [ 19%] [34m[1mGenerating C++ type support for eProsima Fast-RTPS[0m
[1.536s] [ 22%] [32m[1mLinking C shared library libmoving_table_interfaces__rosidl_generator_c.so[0m
[1.561s] [ 22%] Built target moving_table_interfaces__rosidl_generator_c
[1.568s] [ 25%] [34m[1mGenerating C type support for eProsima Fast-RTPS[0m
[1.568s] [ 29%] [34m[1mGenerating C introspection for ROS interfaces[0m
[1.568s] [ 32%] [34m[1mGenerating C type support dispatch for ROS interfaces[0m
[1.800s] [ 35%] [32mBuilding CXX object CMakeFiles/moving_table_interfaces__rosidl_typesupport_cpp.dir/rosidl_typesupport_cpp/moving_table_interfaces/srv/moving_table__type_support.cpp.o[0m
[1.816s] [ 38%] [32mBuilding CXX object CMakeFiles/moving_table_interfaces__rosidl_typesupport_introspection_cpp.dir/rosidl_typesupport_introspection_cpp/moving_table_interfaces/srv/detail/moving_table__type_support.cpp.o[0m
[1.820s] [ 41%] [32mBuilding CXX object CMakeFiles/moving_table_interfaces__rosidl_typesupport_fastrtps_cpp.dir/rosidl_typesupport_fastrtps_cpp/moving_table_interfaces/srv/detail/dds_fastrtps/moving_table__type_support.cpp.o[0m
[1.856s] [ 45%] [32mBuilding CXX object CMakeFiles/moving_table_interfaces__rosidl_typesupport_c.dir/rosidl_typesupport_c/moving_table_interfaces/srv/moving_table__type_support.cpp.o[0m
[1.882s] [ 48%] [32mBuilding CXX object CMakeFiles/moving_table_interfaces__rosidl_typesupport_fastrtps_c.dir/rosidl_typesupport_fastrtps_c/moving_table_interfaces/srv/detail/moving_table__type_support_c.cpp.o[0m
[1.883s] [ 51%] [32m[1mLinking CXX shared library libmoving_table_interfaces__rosidl_typesupport_c.so[0m
[1.884s] [ 54%] [32mBuilding C object CMakeFiles/moving_table_interfaces__rosidl_typesupport_introspection_c.dir/rosidl_typesupport_introspection_c/moving_table_interfaces/srv/detail/moving_table__type_support.c.o[0m
[1.911s] [ 58%] [32m[1mLinking C shared library libmoving_table_interfaces__rosidl_typesupport_introspection_c.so[0m
[1.919s] [ 58%] Built target moving_table_interfaces__rosidl_typesupport_c
[1.944s] [ 58%] Built target moving_table_interfaces__rosidl_typesupport_introspection_c
[2.019s] [ 61%] [32m[1mLinking CXX shared library libmoving_table_interfaces__rosidl_typesupport_cpp.so[0m
[2.049s] [ 61%] Built target moving_table_interfaces__rosidl_typesupport_cpp
[2.086s] [ 64%] [32m[1mLinking CXX shared library libmoving_table_interfaces__rosidl_typesupport_introspection_cpp.so[0m
[2.122s] [ 67%] [32m[1mLinking CXX shared library libmoving_table_interfaces__rosidl_typesupport_fastrtps_cpp.so[0m
[2.129s] [ 67%] Built target moving_table_interfaces__rosidl_typesupport_introspection_cpp
[2.137s] [ 70%] [32m[1mLinking CXX shared library libmoving_table_interfaces__rosidl_typesupport_fastrtps_c.so[0m
[2.169s] [ 70%] Built target moving_table_interfaces__rosidl_typesupport_fastrtps_cpp
[2.183s] [ 70%] Built target moving_table_interfaces__rosidl_typesupport_fastrtps_c
[2.195s] [ 70%] Built target moving_table_interfaces
[2.209s] [ 74%] [34m[1mGenerating Python code for ROS interfaces[0m
[2.557s] [ 74%] Built target moving_table_interfaces__py
[2.570s] [ 77%] [32mBuilding C object CMakeFiles/moving_table_interfaces__rosidl_generator_py.dir/rosidl_generator_py/moving_table_interfaces/srv/_moving_table_s.c.o[0m
[2.638s] [ 80%] [32m[1mLinking C shared library rosidl_generator_py/moving_table_interfaces/libmoving_table_interfaces__rosidl_generator_py.so[0m
[2.664s] [ 80%] Built target moving_table_interfaces__rosidl_generator_py
[2.677s] [ 83%] [32mBuilding C object CMakeFiles/moving_table_interfaces__rosidl_typesupport_fastrtps_c__pyext.dir/rosidl_generator_py/moving_table_interfaces/_moving_table_interfaces_s.ep.rosidl_typesupport_fastrtps_c.c.o[0m
[2.677s] [ 87%] [32mBuilding C object CMakeFiles/moving_table_interfaces__rosidl_typesupport_introspection_c__pyext.dir/rosidl_generator_py/moving_table_interfaces/_moving_table_interfaces_s.ep.rosidl_typesupport_introspection_c.c.o[0m
[2.677s] [ 90%] [32mBuilding C object CMakeFiles/moving_table_interfaces__rosidl_typesupport_c__pyext.dir/rosidl_generator_py/moving_table_interfaces/_moving_table_interfaces_s.ep.rosidl_typesupport_c.c.o[0m
[2.737s] [ 96%] [32m[1mLinking C shared library rosidl_generator_py/moving_table_interfaces/moving_table_interfaces_s__rosidl_typesupport_c.cpython-310-x86_64-linux-gnu.so[0m
[2.737s] [ 96%] [32m[1mLinking C shared library rosidl_generator_py/moving_table_interfaces/moving_table_interfaces_s__rosidl_typesupport_introspection_c.cpython-310-x86_64-linux-gnu.so[0m
[2.738s] [100%] [32m[1mLinking C shared library rosidl_generator_py/moving_table_interfaces/moving_table_interfaces_s__rosidl_typesupport_fastrtps_c.cpython-310-x86_64-linux-gnu.so[0m
[2.759s] [100%] Built target moving_table_interfaces__rosidl_typesupport_introspection_c__pyext
[2.759s] [100%] Built target moving_table_interfaces__rosidl_typesupport_c__pyext
[2.759s] [100%] Built target moving_table_interfaces__rosidl_typesupport_fastrtps_c__pyext
[2.767s] Invoked command in '/home/rama/Documents/code/Docker/moonshot_project/ros2_ws/build/moving_table_interfaces' returned '0': CMAKE_PREFIX_PATH=${CMAKE_PREFIX_PATH}:/home/rama/Documents/code/Docker/moonshot_project/ros2_ws/install/moving_table_pkg:/opt/ros/humble /usr/bin/cmake --build /home/rama/Documents/code/Docker/moonshot_project/ros2_ws/build/moving_table_interfaces -- -j16 -l16
[2.768s] Invoking command in '/home/rama/Documents/code/Docker/moonshot_project/ros2_ws/build/moving_table_interfaces': CMAKE_PREFIX_PATH=${CMAKE_PREFIX_PATH}:/home/rama/Documents/code/Docker/moonshot_project/ros2_ws/install/moving_table_pkg:/opt/ros/humble /usr/bin/cmake --install /home/rama/Documents/code/Docker/moonshot_project/ros2_ws/build/moving_table_interfaces
[2.773s] -- Install configuration: ""
[2.773s] -- Installing: /home/rama/Documents/code/Docker/moonshot_project/ros2_ws/install/moving_table_interfaces/share/ament_index/resource_index/rosidl_interfaces/moving_table_interfaces
[2.774s] -- Installing: /home/rama/Documents/code/Docker/moonshot_project/ros2_ws/install/moving_table_interfaces/include/moving_table_interfaces/moving_table_interfaces
[2.774s] -- Installing: /home/rama/Documents/code/Docker/moonshot_project/ros2_ws/install/moving_table_interfaces/include/moving_table_interfaces/moving_table_interfaces/srv
[2.774s] -- Installing: /home/rama/Documents/code/Docker/moonshot_project/ros2_ws/install/moving_table_interfaces/include/moving_table_interfaces/moving_table_interfaces/srv/moving_table.h
[2.774s] -- Installing: /home/rama/Documents/code/Docker/moonshot_project/ros2_ws/install/moving_table_interfaces/include/moving_table_interfaces/moving_table_interfaces/srv/detail
[2.774s] -- Installing: /home/rama/Documents/code/Docker/moonshot_project/ros2_ws/install/moving_table_interfaces/include/moving_table_interfaces/moving_table_interfaces/srv/detail/moving_table__functions.h
[2.774s] -- Installing: /home/rama/Documents/code/Docker/moonshot_project/ros2_ws/install/moving_table_interfaces/include/moving_table_interfaces/moving_table_interfaces/srv/detail/moving_table__functions.c
[2.774s] -- Installing: /home/rama/Documents/code/Docker/moonshot_project/ros2_ws/install/moving_table_interfaces/include/moving_table_interfaces/moving_table_interfaces/srv/detail/moving_table__type_support.h
[2.774s] -- Installing: /home/rama/Documents/code/Docker/moonshot_project/ros2_ws/install/moving_table_interfaces/include/moving_table_interfaces/moving_table_interfaces/srv/detail/moving_table__struct.h
[2.774s] -- Installing: /home/rama/Documents/code/Docker/moonshot_project/ros2_ws/install/moving_table_interfaces/include/moving_table_interfaces/moving_table_interfaces/msg
[2.774s] -- Installing: /home/rama/Documents/code/Docker/moonshot_project/ros2_ws/install/moving_table_interfaces/include/moving_table_interfaces/moving_table_interfaces/msg/rosidl_generator_c__visibility_control.h
[2.774s] -- Installing: /home/rama/Documents/code/Docker/moonshot_project/ros2_ws/install/moving_table_interfaces/share/moving_table_interfaces/environment/library_path.sh
[2.774s] -- Installing: /home/rama/Documents/code/Docker/moonshot_project/ros2_ws/install/moving_table_interfaces/share/moving_table_interfaces/environment/library_path.dsv
[2.774s] -- Installing: /home/rama/Documents/code/Docker/moonshot_project/ros2_ws/install/moving_table_interfaces/lib/libmoving_table_interfaces__rosidl_generator_c.so
[2.775s] -- Set runtime path of "/home/rama/Documents/code/Docker/moonshot_project/ros2_ws/install/moving_table_interfaces/lib/libmoving_table_interfaces__rosidl_generator_c.so" to ""
[2.775s] -- Up-to-date: /home/rama/Documents/code/Docker/moonshot_project/ros2_ws/install/moving_table_interfaces/include/moving_table_interfaces/moving_table_interfaces
[2.775s] -- Up-to-date: /home/rama/Documents/code/Docker/moonshot_project/ros2_ws/install/moving_table_interfaces/include/moving_table_interfaces/moving_table_interfaces/srv
[2.775s] -- Up-to-date: /home/rama/Documents/code/Docker/moonshot_project/ros2_ws/install/moving_table_interfaces/include/moving_table_interfaces/moving_table_interfaces/srv/detail
[2.775s] -- Installing: /home/rama/Documents/code/Docker/moonshot_project/ros2_ws/install/moving_table_interfaces/include/moving_table_interfaces/moving_table_interfaces/srv/detail/moving_table__rosidl_typesupport_fastrtps_c.h
[2.775s] -- Up-to-date: /home/rama/Documents/code/Docker/moonshot_project/ros2_ws/install/moving_table_interfaces/include/moving_table_interfaces/moving_table_interfaces/msg
[2.775s] -- Installing: /home/rama/Documents/code/Docker/moonshot_project/ros2_ws/install/moving_table_interfaces/include/moving_table_interfaces/moving_table_interfaces/msg/rosidl_typesupport_fastrtps_c__visibility_control.h
[2.775s] -- Installing: /home/rama/Documents/code/Docker/moonshot_project/ros2_ws/install/moving_table_interfaces/lib/libmoving_table_interfaces__rosidl_typesupport_fastrtps_c.so
[2.775s] -- Set runtime path of "/home/rama/Documents/code/Docker/moonshot_project/ros2_ws/install/moving_table_interfaces/lib/libmoving_table_interfaces__rosidl_typesupport_fastrtps_c.so" to ""
[2.775s] -- Up-to-date: /home/rama/Documents/code/Docker/moonshot_project/ros2_ws/install/moving_table_interfaces/include/moving_table_interfaces/moving_table_interfaces
[2.775s] -- Up-to-date: /home/rama/Documents/code/Docker/moonshot_project/ros2_ws/install/moving_table_interfaces/include/moving_table_interfaces/moving_table_interfaces/srv
[2.775s] -- Up-to-date: /home/rama/Documents/code/Docker/moonshot_project/ros2_ws/install/moving_table_interfaces/include/moving_table_interfaces/moving_table_interfaces/srv/detail
[2.775s] -- Installing: /home/rama/Documents/code/Docker/moonshot_project/ros2_ws/install/moving_table_interfaces/include/moving_table_interfaces/moving_table_interfaces/srv/detail/moving_table__type_support.c
[2.775s] -- Installing: /home/rama/Documents/code/Docker/moonshot_project/ros2_ws/install/moving_table_interfaces/include/moving_table_interfaces/moving_table_interfaces/srv/detail/moving_table__rosidl_typesupport_introspection_c.h
[2.775s] -- Up-to-date: /home/rama/Documents/code/Docker/moonshot_project/ros2_ws/install/moving_table_interfaces/include/moving_table_interfaces/moving_table_interfaces/msg
[2.775s] -- Installing: /home/rama/Documents/code/Docker/moonshot_project/ros2_ws/install/moving_table_interfaces/include/moving_table_interfaces/moving_table_interfaces/msg/rosidl_typesupport_introspection_c__visibility_control.h
[2.775s] -- Installing: /home/rama/Documents/code/Docker/moonshot_project/ros2_ws/install/moving_table_interfaces/lib/libmoving_table_interfaces__rosidl_typesupport_introspection_c.so
[2.776s] -- Set runtime path of "/home/rama/Documents/code/Docker/moonshot_project/ros2_ws/install/moving_table_interfaces/lib/libmoving_table_interfaces__rosidl_typesupport_introspection_c.so" to ""
[2.776s] -- Installing: /home/rama/Documents/code/Docker/moonshot_project/ros2_ws/install/moving_table_interfaces/lib/libmoving_table_interfaces__rosidl_typesupport_c.so
[2.776s] -- Set runtime path of "/home/rama/Documents/code/Docker/moonshot_project/ros2_ws/install/moving_table_interfaces/lib/libmoving_table_interfaces__rosidl_typesupport_c.so" to ""
[2.776s] -- Up-to-date: /home/rama/Documents/code/Docker/moonshot_project/ros2_ws/install/moving_table_interfaces/include/moving_table_interfaces/moving_table_interfaces
[2.776s] -- Up-to-date: /home/rama/Documents/code/Docker/moonshot_project/ros2_ws/install/moving_table_interfaces/include/moving_table_interfaces/moving_table_interfaces/srv
[2.776s] -- Installing: /home/rama/Documents/code/Docker/moonshot_project/ros2_ws/install/moving_table_interfaces/include/moving_table_interfaces/moving_table_interfaces/srv/moving_table.hpp
[2.776s] -- Up-to-date: /home/rama/Documents/code/Docker/moonshot_project/ros2_ws/install/moving_table_interfaces/include/moving_table_interfaces/moving_table_interfaces/srv/detail
[2.776s] -- Installing: /home/rama/Documents/code/Docker/moonshot_project/ros2_ws/install/moving_table_interfaces/include/moving_table_interfaces/moving_table_interfaces/srv/detail/moving_table__builder.hpp
[2.776s] -- Installing: /home/rama/Documents/code/Docker/moonshot_project/ros2_ws/install/moving_table_interfaces/include/moving_table_interfaces/moving_table_interfaces/srv/detail/moving_table__struct.hpp
[2.776s] -- Installing: /home/rama/Documents/code/Docker/moonshot_project/ros2_ws/install/moving_table_interfaces/include/moving_table_interfaces/moving_table_interfaces/srv/detail/moving_table__traits.hpp
[2.776s] -- Installing: /home/rama/Documents/code/Docker/moonshot_project/ros2_ws/install/moving_table_interfaces/include/moving_table_interfaces/moving_table_interfaces/srv/detail/moving_table__type_support.hpp
[2.776s] -- Up-to-date: /home/rama/Documents/code/Docker/moonshot_project/ros2_ws/install/moving_table_interfaces/include/moving_table_interfaces/moving_table_interfaces/msg
[2.776s] -- Installing: /home/rama/Documents/code/Docker/moonshot_project/ros2_ws/install/moving_table_interfaces/include/moving_table_interfaces/moving_table_interfaces/msg/rosidl_generator_cpp__visibility_control.hpp
[2.776s] -- Up-to-date: /home/rama/Documents/code/Docker/moonshot_project/ros2_ws/install/moving_table_interfaces/include/moving_table_interfaces/moving_table_interfaces
[2.776s] -- Up-to-date: /home/rama/Documents/code/Docker/moonshot_project/ros2_ws/install/moving_table_interfaces/include/moving_table_interfaces/moving_table_interfaces/srv
[2.777s] -- Up-to-date: /home/rama/Documents/code/Docker/moonshot_project/ros2_ws/install/moving_table_interfaces/include/moving_table_interfaces/moving_table_interfaces/srv/detail
[2.777s] -- Installing: /home/rama/Documents/code/Docker/moonshot_project/ros2_ws/install/moving_table_interfaces/include/moving_table_interfaces/moving_table_interfaces/srv/detail/moving_table__rosidl_typesupport_fastrtps_cpp.hpp
[2.777s] -- Installing: /home/rama/Documents/code/Docker/moonshot_project/ros2_ws/install/moving_table_interfaces/include/moving_table_interfaces/moving_table_interfaces/srv/detail/dds_fastrtps
[2.777s] -- Up-to-date: /home/rama/Documents/code/Docker/moonshot_project/ros2_ws/install/moving_table_interfaces/include/moving_table_interfaces/moving_table_interfaces/msg
[2.777s] -- Installing: /home/rama/Documents/code/Docker/moonshot_project/ros2_ws/install/moving_table_interfaces/include/moving_table_interfaces/moving_table_interfaces/msg/rosidl_typesupport_fastrtps_cpp__visibility_control.h
[2.777s] -- Installing: /home/rama/Documents/code/Docker/moonshot_project/ros2_ws/install/moving_table_interfaces/lib/libmoving_table_interfaces__rosidl_typesupport_fastrtps_cpp.so
[2.777s] -- Set runtime path of "/home/rama/Documents/code/Docker/moonshot_project/ros2_ws/install/moving_table_interfaces/lib/libmoving_table_interfaces__rosidl_typesupport_fastrtps_cpp.so" to ""
[2.777s] -- Up-to-date: /home/rama/Documents/code/Docker/moonshot_project/ros2_ws/install/moving_table_interfaces/include/moving_table_interfaces/moving_table_interfaces
[2.777s] -- Up-to-date: /home/rama/Documents/code/Docker/moonshot_project/ros2_ws/install/moving_table_interfaces/include/moving_table_interfaces/moving_table_interfaces/srv
[2.777s] -- Up-to-date: /home/rama/Documents/code/Docker/moonshot_project/ros2_ws/install/moving_table_interfaces/include/moving_table_interfaces/moving_table_interfaces/srv/detail
[2.777s] -- Installing: /home/rama/Documents/code/Docker/moonshot_project/ros2_ws/install/moving_table_interfaces/include/moving_table_interfaces/moving_table_interfaces/srv/detail/moving_table__rosidl_typesupport_introspection_cpp.hpp
[2.777s] -- Installing: /home/rama/Documents/code/Docker/moonshot_project/ros2_ws/install/moving_table_interfaces/include/moving_table_interfaces/moving_table_interfaces/srv/detail/moving_table__type_support.cpp
[2.777s] -- Installing: /home/rama/Documents/code/Docker/moonshot_project/ros2_ws/install/moving_table_interfaces/lib/libmoving_table_interfaces__rosidl_typesupport_introspection_cpp.so
[2.777s] -- Set runtime path of "/home/rama/Documents/code/Docker/moonshot_project/ros2_ws/install/moving_table_interfaces/lib/libmoving_table_interfaces__rosidl_typesupport_introspection_cpp.so" to ""
[2.777s] -- Installing: /home/rama/Documents/code/Docker/moonshot_project/ros2_ws/install/moving_table_interfaces/lib/libmoving_table_interfaces__rosidl_typesupport_cpp.so
[2.778s] -- Set runtime path of "/home/rama/Documents/code/Docker/moonshot_project/ros2_ws/install/moving_table_interfaces/lib/libmoving_table_interfaces__rosidl_typesupport_cpp.so" to ""
[2.778s] -- Installing: /home/rama/Documents/code/Docker/moonshot_project/ros2_ws/install/moving_table_interfaces/share/moving_table_interfaces/environment/pythonpath.sh
[2.778s] -- Installing: /home/rama/Documents/code/Docker/moonshot_project/ros2_ws/install/moving_table_interfaces/share/moving_table_interfaces/environment/pythonpath.dsv
[2.778s] -- Installing: /home/rama/Documents/code/Docker/moonshot_project/ros2_ws/install/moving_table_interfaces/local/lib/python3.10/dist-packages/moving_table_interfaces-0.0.0-py3.10.egg-info
[2.778s] -- Installing: /home/rama/Documents/code/Docker/moonshot_project/ros2_ws/install/moving_table_interfaces/local/lib/python3.10/dist-packages/moving_table_interfaces-0.0.0-py3.10.egg-info/dependency_links.txt
[2.778s] -- Installing: /home/rama/Documents/code/Docker/moonshot_project/ros2_ws/install/moving_table_interfaces/local/lib/python3.10/dist-packages/moving_table_interfaces-0.0.0-py3.10.egg-info/SOURCES.txt
[2.778s] -- Installing: /home/rama/Documents/code/Docker/moonshot_project/ros2_ws/install/moving_table_interfaces/local/lib/python3.10/dist-packages/moving_table_interfaces-0.0.0-py3.10.egg-info/top_level.txt
[2.778s] -- Installing: /home/rama/Documents/code/Docker/moonshot_project/ros2_ws/install/moving_table_interfaces/local/lib/python3.10/dist-packages/moving_table_interfaces-0.0.0-py3.10.egg-info/PKG-INFO
[2.778s] -- Installing: /home/rama/Documents/code/Docker/moonshot_project/ros2_ws/install/moving_table_interfaces/local/lib/python3.10/dist-packages/moving_table_interfaces
[2.778s] -- Installing: /home/rama/Documents/code/Docker/moonshot_project/ros2_ws/install/moving_table_interfaces/local/lib/python3.10/dist-packages/moving_table_interfaces/moving_table_interfaces_s__rosidl_typesupport_introspection_c.cpython-310-x86_64-linux-gnu.so
[2.778s] -- Installing: /home/rama/Documents/code/Docker/moonshot_project/ros2_ws/install/moving_table_interfaces/local/lib/python3.10/dist-packages/moving_table_interfaces/_moving_table_interfaces_s.ep.rosidl_typesupport_introspection_c.c
[2.778s] -- Installing: /home/rama/Documents/code/Docker/moonshot_project/ros2_ws/install/moving_table_interfaces/local/lib/python3.10/dist-packages/moving_table_interfaces/moving_table_interfaces_s__rosidl_typesupport_c.cpython-310-x86_64-linux-gnu.so
[2.778s] -- Installing: /home/rama/Documents/code/Docker/moonshot_project/ros2_ws/install/moving_table_interfaces/local/lib/python3.10/dist-packages/moving_table_interfaces/_moving_table_interfaces_s.ep.rosidl_typesupport_fastrtps_c.c
[2.778s] -- Installing: /home/rama/Documents/code/Docker/moonshot_project/ros2_ws/install/moving_table_interfaces/local/lib/python3.10/dist-packages/moving_table_interfaces/srv
[2.778s] -- Installing: /home/rama/Documents/code/Docker/moonshot_project/ros2_ws/install/moving_table_interfaces/local/lib/python3.10/dist-packages/moving_table_interfaces/srv/_moving_table_s.c
[2.779s] -- Installing: /home/rama/Documents/code/Docker/moonshot_project/ros2_ws/install/moving_table_interfaces/local/lib/python3.10/dist-packages/moving_table_interfaces/srv/_moving_table.py
[2.779s] -- Installing: /home/rama/Documents/code/Docker/moonshot_project/ros2_ws/install/moving_table_interfaces/local/lib/python3.10/dist-packages/moving_table_interfaces/srv/__init__.py
[2.779s] -- Installing: /home/rama/Documents/code/Docker/moonshot_project/ros2_ws/install/moving_table_interfaces/local/lib/python3.10/dist-packages/moving_table_interfaces/_moving_table_interfaces_s.ep.rosidl_typesupport_c.c
[2.779s] -- Installing: /home/rama/Documents/code/Docker/moonshot_project/ros2_ws/install/moving_table_interfaces/local/lib/python3.10/dist-packages/moving_table_interfaces/moving_table_interfaces_s__rosidl_typesupport_fastrtps_c.cpython-310-x86_64-linux-gnu.so
[2.779s] -- Installing: /home/rama/Documents/code/Docker/moonshot_project/ros2_ws/install/moving_table_interfaces/local/lib/python3.10/dist-packages/moving_table_interfaces/libmoving_table_interfaces__rosidl_generator_py.so
[2.779s] -- Installing: /home/rama/Documents/code/Docker/moonshot_project/ros2_ws/install/moving_table_interfaces/local/lib/python3.10/dist-packages/moving_table_interfaces/__init__.py
[2.804s] Listing '/home/rama/Documents/code/Docker/moonshot_project/ros2_ws/install/moving_table_interfaces/local/lib/python3.10/dist-packages/moving_table_interfaces'...
[2.804s] Compiling '/home/rama/Documents/code/Docker/moonshot_project/ros2_ws/install/moving_table_interfaces/local/lib/python3.10/dist-packages/moving_table_interfaces/__init__.py'...
[2.804s] Listing '/home/rama/Documents/code/Docker/moonshot_project/ros2_ws/install/moving_table_interfaces/local/lib/python3.10/dist-packages/moving_table_interfaces/srv'...
[2.804s] Compiling '/home/rama/Documents/code/Docker/moonshot_project/ros2_ws/install/moving_table_interfaces/local/lib/python3.10/dist-packages/moving_table_interfaces/srv/__init__.py'...
[2.804s] Compiling '/home/rama/Documents/code/Docker/moonshot_project/ros2_ws/install/moving_table_interfaces/local/lib/python3.10/dist-packages/moving_table_interfaces/srv/_moving_table.py'...
[2.808s] -- Installing: /home/rama/Documents/code/Docker/moonshot_project/ros2_ws/install/moving_table_interfaces/local/lib/python3.10/dist-packages/moving_table_interfaces/moving_table_interfaces_s__rosidl_typesupport_fastrtps_c.cpython-310-x86_64-linux-gnu.so
[2.808s] -- Set runtime path of "/home/rama/Documents/code/Docker/moonshot_project/ros2_ws/install/moving_table_interfaces/local/lib/python3.10/dist-packages/moving_table_interfaces/moving_table_interfaces_s__rosidl_typesupport_fastrtps_c.cpython-310-x86_64-linux-gnu.so" to ""
[2.808s] -- Installing: /home/rama/Documents/code/Docker/moonshot_project/ros2_ws/install/moving_table_interfaces/local/lib/python3.10/dist-packages/moving_table_interfaces/moving_table_interfaces_s__rosidl_typesupport_introspection_c.cpython-310-x86_64-linux-gnu.so
[2.808s] -- Set runtime path of "/home/rama/Documents/code/Docker/moonshot_project/ros2_ws/install/moving_table_interfaces/local/lib/python3.10/dist-packages/moving_table_interfaces/moving_table_interfaces_s__rosidl_typesupport_introspection_c.cpython-310-x86_64-linux-gnu.so" to ""
[2.808s] -- Installing: /home/rama/Documents/code/Docker/moonshot_project/ros2_ws/install/moving_table_interfaces/local/lib/python3.10/dist-packages/moving_table_interfaces/moving_table_interfaces_s__rosidl_typesupport_c.cpython-310-x86_64-linux-gnu.so
[2.808s] -- Set runtime path of "/home/rama/Documents/code/Docker/moonshot_project/ros2_ws/install/moving_table_interfaces/local/lib/python3.10/dist-packages/moving_table_interfaces/moving_table_interfaces_s__rosidl_typesupport_c.cpython-310-x86_64-linux-gnu.so" to ""
[2.808s] -- Installing: /home/rama/Documents/code/Docker/moonshot_project/ros2_ws/install/moving_table_interfaces/lib/libmoving_table_interfaces__rosidl_generator_py.so
[2.809s] -- Set runtime path of "/home/rama/Documents/code/Docker/moonshot_project/ros2_ws/install/moving_table_interfaces/lib/libmoving_table_interfaces__rosidl_generator_py.so" to ""
[2.809s] -- Installing: /home/rama/Documents/code/Docker/moonshot_project/ros2_ws/install/moving_table_interfaces/share/moving_table_interfaces/srv/MovingTable.idl
[2.809s] -- Installing: /home/rama/Documents/code/Docker/moonshot_project/ros2_ws/install/moving_table_interfaces/share/moving_table_interfaces/srv/MovingTable.srv
[2.809s] -- Installing: /home/rama/Documents/code/Docker/moonshot_project/ros2_ws/install/moving_table_interfaces/share/moving_table_interfaces/srv/MovingTable_Request.msg
[2.809s] -- Installing: /home/rama/Documents/code/Docker/moonshot_project/ros2_ws/install/moving_table_interfaces/share/moving_table_interfaces/srv/MovingTable_Response.msg
[2.809s] -- Installing: /home/rama/Documents/code/Docker/moonshot_project/ros2_ws/install/moving_table_interfaces/share/ament_index/resource_index/package_run_dependencies/moving_table_interfaces
[2.809s] -- Installing: /home/rama/Documents/code/Docker/moonshot_project/ros2_ws/install/moving_table_interfaces/share/ament_index/resource_index/parent_prefix_path/moving_table_interfaces
[2.809s] -- Installing: /home/rama/Documents/code/Docker/moonshot_project/ros2_ws/install/moving_table_interfaces/share/moving_table_interfaces/environment/ament_prefix_path.sh
[2.809s] -- Installing: /home/rama/Documents/code/Docker/moonshot_project/ros2_ws/install/moving_table_interfaces/share/moving_table_interfaces/environment/ament_prefix_path.dsv
[2.809s] -- Installing: /home/rama/Documents/code/Docker/moonshot_project/ros2_ws/install/moving_table_interfaces/share/moving_table_interfaces/environment/path.sh
[2.809s] -- Installing: /home/rama/Documents/code/Docker/moonshot_project/ros2_ws/install/moving_table_interfaces/share/moving_table_interfaces/environment/path.dsv
[2.809s] -- Installing: /home/rama/Documents/code/Docker/moonshot_project/ros2_ws/install/moving_table_interfaces/share/moving_table_interfaces/local_setup.bash
[2.810s] -- Installing: /home/rama/Documents/code/Docker/moonshot_project/ros2_ws/install/moving_table_interfaces/share/moving_table_interfaces/local_setup.sh
[2.810s] -- Installing: /home/rama/Documents/code/Docker/moonshot_project/ros2_ws/install/moving_table_interfaces/share/moving_table_interfaces/local_setup.zsh
[2.810s] -- Installing: /home/rama/Documents/code/Docker/moonshot_project/ros2_ws/install/moving_table_interfaces/share/moving_table_interfaces/local_setup.dsv
[2.810s] -- Installing: /home/rama/Documents/code/Docker/moonshot_project/ros2_ws/install/moving_table_interfaces/share/moving_table_interfaces/package.dsv
[2.810s] -- Installing: /home/rama/Documents/code/Docker/moonshot_project/ros2_ws/install/moving_table_interfaces/share/ament_index/resource_index/packages/moving_table_interfaces
[2.810s] -- Installing: /home/rama/Documents/code/Docker/moonshot_project/ros2_ws/install/moving_table_interfaces/share/moving_table_interfaces/cmake/export_moving_table_interfaces__rosidl_generator_cExport.cmake
[2.810s] -- Installing: /home/rama/Documents/code/Docker/moonshot_project/ros2_ws/install/moving_table_interfaces/share/moving_table_interfaces/cmake/export_moving_table_interfaces__rosidl_generator_cExport-noconfig.cmake
[2.810s] -- Installing: /home/rama/Documents/code/Docker/moonshot_project/ros2_ws/install/moving_table_interfaces/share/moving_table_interfaces/cmake/export_moving_table_interfaces__rosidl_typesupport_fastrtps_cExport.cmake
[2.810s] -- Installing: /home/rama/Documents/code/Docker/moonshot_project/ros2_ws/install/moving_table_interfaces/share/moving_table_interfaces/cmake/export_moving_table_interfaces__rosidl_typesupport_fastrtps_cExport-noconfig.cmake
[2.810s] -- Installing: /home/rama/Documents/code/Docker/moonshot_project/ros2_ws/install/moving_table_interfaces/share/moving_table_interfaces/cmake/moving_table_interfaces__rosidl_typesupport_introspection_cExport.cmake
[2.810s] -- Installing: /home/rama/Documents/code/Docker/moonshot_project/ros2_ws/install/moving_table_interfaces/share/moving_table_interfaces/cmake/moving_table_interfaces__rosidl_typesupport_introspection_cExport-noconfig.cmake
[2.810s] -- Installing: /home/rama/Documents/code/Docker/moonshot_project/ros2_ws/install/moving_table_interfaces/share/moving_table_interfaces/cmake/moving_table_interfaces__rosidl_typesupport_cExport.cmake
[2.811s] -- Installing: /home/rama/Documents/code/Docker/moonshot_project/ros2_ws/install/moving_table_interfaces/share/moving_table_interfaces/cmake/moving_table_interfaces__rosidl_typesupport_cExport-noconfig.cmake
[2.811s] -- Installing: /home/rama/Documents/code/Docker/moonshot_project/ros2_ws/install/moving_table_interfaces/share/moving_table_interfaces/cmake/export_moving_table_interfaces__rosidl_generator_cppExport.cmake
[2.811s] -- Installing: /home/rama/Documents/code/Docker/moonshot_project/ros2_ws/install/moving_table_interfaces/share/moving_table_interfaces/cmake/export_moving_table_interfaces__rosidl_typesupport_fastrtps_cppExport.cmake
[2.811s] -- Installing: /home/rama/Documents/code/Docker/moonshot_project/ros2_ws/install/moving_table_interfaces/share/moving_table_interfaces/cmake/export_moving_table_interfaces__rosidl_typesupport_fastrtps_cppExport-noconfig.cmake
[2.811s] -- Installing: /home/rama/Documents/code/Docker/moonshot_project/ros2_ws/install/moving_table_interfaces/share/moving_table_interfaces/cmake/moving_table_interfaces__rosidl_typesupport_introspection_cppExport.cmake
[2.811s] -- Installing: /home/rama/Documents/code/Docker/moonshot_project/ros2_ws/install/moving_table_interfaces/share/moving_table_interfaces/cmake/moving_table_interfaces__rosidl_typesupport_introspection_cppExport-noconfig.cmake
[2.811s] -- Installing: /home/rama/Documents/code/Docker/moonshot_project/ros2_ws/install/moving_table_interfaces/share/moving_table_interfaces/cmake/moving_table_interfaces__rosidl_typesupport_cppExport.cmake
[2.811s] -- Installing: /home/rama/Documents/code/Docker/moonshot_project/ros2_ws/install/moving_table_interfaces/share/moving_table_interfaces/cmake/moving_table_interfaces__rosidl_typesupport_cppExport-noconfig.cmake
[2.811s] -- Installing: /home/rama/Documents/code/Docker/moonshot_project/ros2_ws/install/moving_table_interfaces/share/moving_table_interfaces/cmake/export_moving_table_interfaces__rosidl_generator_pyExport.cmake
[2.811s] -- Installing: /home/rama/Documents/code/Docker/moonshot_project/ros2_ws/install/moving_table_interfaces/share/moving_table_interfaces/cmake/export_moving_table_interfaces__rosidl_generator_pyExport-noconfig.cmake
[2.811s] -- Installing: /home/rama/Documents/code/Docker/moonshot_project/ros2_ws/install/moving_table_interfaces/share/moving_table_interfaces/cmake/rosidl_cmake-extras.cmake
[2.811s] -- Installing: /home/rama/Documents/code/Docker/moonshot_project/ros2_ws/install/moving_table_interfaces/share/moving_table_interfaces/cmake/ament_cmake_export_include_directories-extras.cmake
[2.812s] -- Installing: /home/rama/Documents/code/Docker/moonshot_project/ros2_ws/install/moving_table_interfaces/share/moving_table_interfaces/cmake/ament_cmake_export_libraries-extras.cmake
[2.812s] -- Installing: /home/rama/Documents/code/Docker/moonshot_project/ros2_ws/install/moving_table_interfaces/share/moving_table_interfaces/cmake/ament_cmake_export_targets-extras.cmake
[2.812s] -- Installing: /home/rama/Documents/code/Docker/moonshot_project/ros2_ws/install/moving_table_interfaces/share/moving_table_interfaces/cmake/rosidl_cmake_export_typesupport_targets-extras.cmake
[2.812s] -- Installing: /home/rama/Documents/code/Docker/moonshot_project/ros2_ws/install/moving_table_interfaces/share/moving_table_interfaces/cmake/ament_cmake_export_dependencies-extras.cmake
[2.812s] -- Installing: /home/rama/Documents/code/Docker/moonshot_project/ros2_ws/install/moving_table_interfaces/share/moving_table_interfaces/cmake/rosidl_cmake_export_typesupport_libraries-extras.cmake
[2.812s] -- Installing: /home/rama/Documents/code/Docker/moonshot_project/ros2_ws/install/moving_table_interfaces/share/moving_table_interfaces/cmake/moving_table_interfacesConfig.cmake
[2.812s] -- Installing: /home/rama/Documents/code/Docker/moonshot_project/ros2_ws/install/moving_table_interfaces/share/moving_table_interfaces/cmake/moving_table_interfacesConfig-version.cmake
[2.812s] -- Installing: /home/rama/Documents/code/Docker/moonshot_project/ros2_ws/install/moving_table_interfaces/share/moving_table_interfaces/package.xml
[2.814s] Invoked command in '/home/rama/Documents/code/Docker/moonshot_project/ros2_ws/build/moving_table_interfaces' returned '0': CMAKE_PREFIX_PATH=${CMAKE_PREFIX_PATH}:/home/rama/Documents/code/Docker/moonshot_project/ros2_ws/install/moving_table_pkg:/opt/ros/humble /usr/bin/cmake --install /home/rama/Documents/code/Docker/moonshot_project/ros2_ws/build/moving_table_interfaces
