    n4_s0_g1_mr0 tf 50.8  exact    85.329 (  1.48s valid True)  pt    85.329  moves 1
    n4_s0_g1_mr1 tf 50.8  exact    93.696 (  1.54s valid True)  pt    93.696  moves 1
    n4_s0_g2_mr0 tf 50.8  exact    83.329 (  2.50s valid True)  pt    83.329  moves 1
    n4_s0_g2_mr1 tf 50.8  exact    86.513 (  2.23s valid True)  pt    86.513  moves 1
    n4_s1_g1_mr0 tf 50.8  exact    93.287 (  0.83s valid True)  pt    93.287  moves 1
    n4_s1_g1_mr1 tf 50.8  exact   197.467 (  0.50s valid True)  pt   199.467  moves 3
    n4_s1_g2_mr0 tf 50.8  exact    93.287 (  0.89s valid True)  pt    93.287  moves 1
    n4_s1_g2_mr1 tf 50.8  exact    98.062 (  0.38s valid True)  pt    98.062  moves 1
    n4_s2_g1_mr0 tf 50.8  exact   139.603 (  1.16s valid True)  pt   139.603  moves 2
    n4_s2_g1_mr1 tf 50.8  exact   136.828 (  0.96s valid True)  pt   136.828  moves 2
    n4_s2_g2_mr0 tf 50.8  exact    80.146 (  2.38s valid True)  pt    80.146  moves 1
    n4_s2_g2_mr1 tf 50.8  exact    99.245 (  1.31s valid True)  pt    99.245  moves 1
    n4_s3_g1_mr0 tf 50.8  exact    80.555 (  1.11s valid True)  pt    80.555  moves 1
    n4_s3_g1_mr1 tf 50.8  exact   149.560 (  0.76s valid True)  pt   149.560  moves 2
    n4_s3_g2_mr0 tf 50.8  exact    73.780 (  2.25s valid True)  pt    73.780  moves 1
    n4_s3_g2_mr1 tf 50.8  exact    94.470 (  1.45s valid True)  pt    94.470  moves 1
    n4_s4_g1_mr0 tf 50.8  exact   100.062 (  0.80s valid True)  pt   100.062  moves 1
    n4_s4_g1_mr1 tf 50.8  exact   156.335 (  0.29s valid True)  pt   156.335  moves 2
    n4_s4_g2_mr0 tf 50.8  exact    88.513 (  1.33s valid True)  pt    88.513  moves 1
    n4_s4_g2_mr1 tf 50.8  exact    93.287 (  1.13s valid True)  pt    93.287  moves 1
    n4_s5_g1_mr0 tf 50.8  exact    89.329 (  1.26s valid True)  pt    89.329  moves 1
    n4_s5_g1_mr1 tf 50.8  exact    79.372 (  1.55s valid True)  pt    79.372  moves 1
    n4_s5_g2_mr0 tf 50.8  exact    78.555 (  2.23s valid True)  pt    78.555  moves 1
    n4_s5_g2_mr1 tf 50.8  exact    99.245 (  2.41s valid True)  pt    99.245  moves 1
    n4_s6_g1_mr0 tf 50.8  exact    85.329 (  1.44s valid True)  pt    85.329  moves 1
    n4_s6_g1_mr1 tf 50.8  exact   138.419 (  1.35s valid True)  pt   138.419  moves 2
    n4_s6_g2_mr0 tf 50.8  exact    59.456 (  1.62s valid True)  pt    59.456  moves 1
    n4_s6_g2_mr1 tf 50.8  exact    75.780 (  1.46s valid True)  pt    75.780  moves 1
    n4_s7_g1_mr0 tf 50.8  exact    96.470 (  0.98s valid True)  pt    96.470  moves 1
    n4_s7_g1_mr1 tf 50.8  exact   108.428 (  1.28s valid True)  pt   159.518  moves 1
    n4_s7_g2_mr0 tf 50.8  exact    90.104 (  0.61s valid True)  pt    90.104  moves 1
    n4_s7_g2_mr1 tf 50.8  exact    91.696 (  0.93s valid True)  pt    91.696  moves 1
    n4_s8_g1_mr0 tf 50.8  exact    88.513 (  1.56s valid True)  pt    88.513  moves 1
    n4_s8_g1_mr1 tf 50.8  exact    93.696 (  1.46s valid True)  pt    93.696  moves 1
    n4_s8_g2_mr0 tf 50.8  exact    86.513 (  2.97s valid True)  pt    86.513  moves 1
    n4_s8_g2_mr1 tf 50.8  exact    91.287 (  2.29s valid True)  pt    91.287  moves 1
    n4_s9_g1_mr0 tf 50.8  exact   148.377 (  0.91s valid True)  pt   149.164  moves 2
    n4_s9_g1_mr1 tf 50.8  exact   105.245 (  1.34s valid True)  pt   105.245  moves 1
    n4_s9_g2_mr0 tf 50.8  exact    81.738 (  2.16s valid True)  pt    81.738  moves 1
    n4_s9_g2_mr1 tf 50.8  exact   100.837 (  1.95s valid True)  pt   100.837  moves 1
    n6_s0_g1_mr0 tf 50.8  exact   138.419 (  5.00s valid True)  pt   140.419  moves 2
    n6_s0_g1_mr1 tf 50.8  exact   146.786 (  5.43s valid True)  pt   146.786  moves 2
    n6_s0_g2_mr0 tf 50.8  exact    83.329 (  9.61s valid True)  pt    83.329  moves 1
    n6_s0_g2_mr1 tf 50.8  exact    86.513 (  9.09s valid True)  pt    86.513  moves 1
    n6_s1_g1_mr0 tf 50.8  exact   146.377 (  4.10s valid True)  pt   148.377  moves 2
    n6_s1_g1_mr1 tf 50.8  exact   201.467 (  2.06s valid True)  pt   203.467  moves 3
    n6_s1_g2_mr0 tf 50.8  exact    93.287 (  4.49s valid True)  pt    93.287  moves 1
    n6_s1_g2_mr1 tf 50.8  exact   100.062 (  2.48s valid True)  pt   100.062  moves 1
    n6_s2_g1_mr0 tf 50.8  exact   194.693 (  4.56s valid True)  pt   194.693  moves 3
    n6_s2_g1_mr1 tf 50.8  exact   189.918 (  4.01s valid True)  pt   189.918  moves 3
    n6_s2_g2_mr0 tf 50.8  exact    83.738 (  7.08s valid True)  pt    83.738  moves 1
    n6_s2_g2_mr1 tf 50.8  exact   152.335 (  5.72s valid True)  pt   152.335  moves 2
    n6_s3_g1_mr0 tf 50.8  exact   143.603 (  4.68s valid True)  pt   143.603  moves 2
    n6_s3_g1_mr1 tf 50.8  exact   202.650 (  3.82s valid True)  pt   204.650  moves 3
    n6_s3_g2_mr0 tf 50.8  exact    78.963 (  9.71s valid True)  pt    78.963  moves 1
    n6_s3_g2_mr1 tf 50.8  exact    94.470 (  8.51s valid True)  pt    94.470  moves 1
    n6_s4_g1_mr0 tf 50.8  exact   104.062 (  3.10s valid True)  pt   104.062  moves 1
    n6_s4_g1_mr1 tf 50.8  exact   160.335 (  3.02s valid True)  pt   160.335  moves 2
    n6_s4_g2_mr0 tf 50.8  exact    90.513 (  4.90s valid True)  pt    90.513  moves 1
    n6_s4_g2_mr1 tf 50.8  exact    95.287 (  4.44s valid True)  pt    95.287  moves 1
    n6_s5_g1_mr0 tf 50.8  exact    89.329 (  7.93s valid True)  pt    89.329  moves 1
    n6_s5_g1_mr1 tf 50.8  exact    86.555 (  8.00s valid True)  pt    86.555  moves 1
    n6_s5_g2_mr0 tf 50.8  exact    78.963 ( 16.27s valid True)  pt    79.372  moves 1
    n6_s5_g2_mr1 tf 50.8  exact    99.245 ( 11.89s valid True)  pt    99.245  moves 1
    n6_s6_g1_mr0 tf 50.8  exact    88.921 (  5.26s valid True)  pt    88.921  moves 1
    n6_s6_g1_mr1 tf 50.8  exact   142.011 (  4.93s valid True)  pt   142.011  moves 2
    n6_s6_g2_mr0 tf 50.8  exact    82.146 (  5.20s valid True)  pt    82.146  moves 1
    n6_s6_g2_mr1 tf 50.8  exact    82.146 (  4.14s valid True)  pt    82.146  moves 1
    n6_s7_g1_mr0 tf 50.8  exact   159.518 (  3.15s valid True)  pt   159.518  moves 2
    n6_s7_g1_mr1 tf 50.8  exact   110.428 (  5.08s valid True)  pt   161.518  moves 1
    n6_s7_g2_mr0 tf 50.8  exact    90.104 (  3.15s valid True)  pt    90.104  moves 1
    n6_s7_g2_mr1 tf 50.8  exact    93.696 (  2.22s valid True)  pt    93.696  moves 1
    n6_s8_g1_mr0 tf 50.8  exact   141.603 (  4.81s valid True)  pt   141.603  moves 2
    n6_s8_g1_mr1 tf 50.8  exact   146.786 (  4.71s valid True)  pt   151.969  moves 2
    n6_s8_g2_mr0 tf 50.8  exact    86.513 (  9.32s valid True)  pt    86.513  moves 1
    n6_s8_g2_mr1 tf 50.8  exact    91.287 (  6.99s valid True)  pt    91.287  moves 1
    n6_s9_g1_mr0 tf 50.8  exact   152.377 (  4.34s valid True)  pt   153.164  moves 2
    n6_s9_g1_mr1 tf 50.8  exact   109.245 (  4.49s valid True)  pt   109.245  moves 1
    n6_s9_g2_mr0 tf 50.8  exact    83.738 (  8.88s valid True)  pt    83.738  moves 1
    n6_s9_g2_mr1 tf 50.8  exact   100.837 (  6.84s valid True)  pt   100.837  moves 1
    n8_s0_g1_mr0 tf 50.8  exact   142.419 ( 18.03s valid True)  pt   142.419  moves 2
    n8_s0_g1_mr1 tf 50.8  exact   148.786 ( 25.08s valid True)  pt   148.786  moves 2
    n8_s0_g2_mr0 tf 50.8  exact    83.329 ( 61.36s valid True)  pt    83.329  moves 1
    n8_s0_g2_mr1 tf 50.8  exact    86.513 ( 43.15s valid True)  pt    86.513  moves 1
    n8_s1_g1_mr0 tf 50.8  exact   152.377 ( 25.18s valid True)  pt   152.377  moves 2
    n8_s1_g1_mr1 tf 50.8  exact   205.571 ( 18.83s valid True)  pt   205.571  moves 3
    n8_s1_g2_mr0 tf 50.8  exact    95.287 ( 38.50s valid True)  pt    95.287  moves 1
    n8_s1_g2_mr1 tf 50.8  exact   104.062 ( 10.99s valid True)  pt   104.062  moves 1
    n8_s2_g1_mr0 tf 50.8  exact   194.693 ( 20.60s valid True)  pt   194.693  moves 3
    n8_s2_g1_mr1 tf 50.8  exact   191.918 ( 21.79s valid True)  pt   191.918  moves 3
    n8_s2_g2_mr0 tf 50.8  exact    83.738 ( 30.44s valid True)  pt    85.738  moves 1
    n8_s2_g2_mr1 tf 50.8  exact   152.335 ( 23.96s valid True)  pt   154.335  moves 2
    n8_s3_g1_mr0 tf 50.8  exact   145.603 ( 19.63s valid True)  pt   145.603  moves 2
    n8_s3_g1_mr1 tf 50.8  exact   204.650 ( 18.97s valid True)  pt   216.200  moves 3
    n8_s3_g2_mr0 tf 50.8  exact    78.963 ( 40.50s valid True)  pt    78.963  moves 1
    n8_s3_g2_mr1 tf 50.8  exact    94.470 ( 37.76s valid True)  pt    94.470  moves 1
    n8_s4_g1_mr0 tf 50.8  exact   167.110 ( 19.94s valid True)  pt   169.110  moves 2
    n8_s4_g1_mr1 tf 50.8  exact   213.425 ( 17.67s valid True)  pt   215.425  moves 3
    n8_s4_g2_mr0 tf 50.8  exact    94.513 ( 30.82s valid True)  pt    94.513  moves 1
    n8_s4_g2_mr1 tf 50.8  exact    98.470 ( 22.26s valid True)  pt    98.470  moves 1
    n8_s5_g1_mr0 tf 50.8  exact   142.419 ( 19.40s valid True)  pt   144.419  moves 2
    n8_s5_g1_mr1 tf 50.8  exact   153.969 ( 20.16s valid True)  pt   153.969  moves 2
    n8_s5_g2_mr0 tf 50.8  exact    80.555 ( 38.98s valid True)  pt    80.555  moves 1
    n8_s5_g2_mr1 tf 50.8  exact   101.245 ( 30.43s valid True)  pt   101.245  moves 1
    n8_s6_g1_mr0 tf 50.8  exact    94.104 ( 19.62s valid True)  pt    94.104  moves 1
    n8_s6_g1_mr1 tf 50.8  exact   144.011 ( 19.03s valid True)  pt   144.011  moves 2
    n8_s6_g2_mr0 tf 50.8  exact    84.146 ( 18.77s valid True)  pt    85.738  moves 1
    n8_s6_g2_mr1 tf 50.8  exact    84.146 ( 14.46s valid True)  pt    84.146  moves 1
    n8_s7_g1_mr0 tf 50.8  exact   161.518 ( 18.62s valid True)  pt   161.518  moves 2
    n8_s7_g1_mr1 tf 50.8  exact   161.518 ( 19.32s valid True)  pt   165.518  moves 2
    n8_s7_g2_mr0 tf 50.8  exact    92.104 ( 17.86s valid True)  pt    93.287  moves 1
    n8_s7_g2_mr1 tf 50.8  exact    93.696 ( 14.15s valid True)  pt    93.696  moves 1
    n8_s8_g1_mr0 tf 50.8  exact   143.603 ( 19.42s valid True)  pt   143.603  moves 2
    n8_s8_g1_mr1 tf 50.8  exact   148.786 ( 19.04s valid True)  pt   153.969  moves 2
    n8_s8_g2_mr0 tf 50.8  exact    87.329 ( 38.25s valid True)  pt    87.329  moves 1
    n8_s8_g2_mr1 tf 50.8  exact    91.696 ( 28.86s valid True)  pt    93.287  moves 1
    n8_s9_g1_mr0 tf 50.8  exact   155.164 ( 18.67s valid True)  pt   155.164  moves 2
    n8_s9_g1_mr1 tf 50.8  exact   111.245 ( 18.69s valid True)  pt   111.245  moves 1
    n8_s9_g2_mr0 tf 50.8  exact    85.329 ( 37.54s valid True)  pt    85.738  moves 1
    n8_s9_g2_mr1 tf 50.8  exact   100.837 ( 28.31s valid True)  pt   100.837  moves 1
   n10_s0_g1_mr0 tf 50.8  exact   146.419 ( 87.17s valid True)  pt   146.419  moves 2
   n10_s0_g1_mr1 tf 50.8  exact   150.786 ( 81.09s valid True)  pt   150.786  moves 2
   n10_s0_g2_mr0 tf 50.8  exact    85.329 (177.27s valid True)  pt    85.329  moves 1
   n10_s0_g2_mr1 tf 50.8  exact    91.696 (219.65s valid True)  pt    91.696  moves 1
   n10_s1_g1_mr0 tf 50.8  exact   156.377 ( 66.93s valid True)  pt   156.377  moves 2
   n10_s1_g1_mr1 tf 50.8  exact   208.571 ( 57.57s valid True)  pt   208.571  moves 3
   n10_s1_g2_mr0 tf 50.8  exact    95.287 (107.41s valid True)  pt    95.696  moves 1
   n10_s1_g2_mr1 tf 50.8  exact   105.653 ( 59.54s valid True)  pt   106.062  moves 1
   n10_s2_g1_mr0 tf 50.8  exact   198.693 ( 86.01s valid True)  pt   198.693  moves 3
   n10_s2_g1_mr1 tf 50.8  exact   203.876 ( 82.92s valid True)  pt   203.876  moves 3
   n10_s2_g2_mr0 tf 50.8  exact    85.738 (136.07s valid True)  pt    85.738  moves 1
   n10_s2_g2_mr1 tf 50.8  exact   152.335 ( 90.24s valid True)  pt   154.335  moves 2
   n10_s3_g1_mr0 tf 50.8  exact   151.603 ( 60.24s valid True)  pt   151.603  moves 2
   n10_s3_g1_mr1 tf 50.8  exact   210.650 ( 56.24s valid True)  pt   220.200  moves 3
   n10_s3_g2_mr0 tf 50.8  exact    80.963 (118.12s valid True)  pt    80.963  moves 1
   n10_s3_g2_mr1 tf 50.8  exact    96.470 (108.49s valid True)  pt   100.470  moves 1
   n10_s4_g1_mr0 tf 50.8  exact   215.425 ( 47.77s valid True)  pt   217.425  moves 3
   n10_s4_g1_mr1 tf 50.8  exact   215.425 ( 51.44s valid True)  pt   217.425  moves 3
   n10_s4_g2_mr0 tf 50.8  exact    94.513 ( 99.92s valid True)  pt    94.513  moves 1
   n10_s4_g2_mr1 tf 50.8  exact    99.287 ( 68.89s valid True)  pt    99.287  moves 1
e1 done
