                case         full      nn-only  cover-order    no-refine      neither
        n8_s0_g2_mr0      159.329      159.329      159.329      159.329      159.329
        n8_s0_g2_mr1      162.513      162.513      162.513      162.513      162.513
        n8_s1_g2_mr0      171.287      171.287      171.287      171.287      171.287
        n8_s1_g2_mr1      180.062      180.062      180.062      180.062      180.062
        n8_s2_g2_mr0      161.738      161.738      161.738      161.738      161.738
        n8_s2_g2_mr1      306.335      306.335      306.335      306.335      306.335
        n8_s3_g2_mr0      154.963      154.963      154.963      154.963      154.963
        n8_s3_g2_mr1      170.470      170.470      170.470      170.470      170.470
        n8_s4_g2_mr0      170.513      170.513      170.513      170.513      170.513
        n8_s4_g2_mr1      174.470      174.470      174.470      174.470      174.470
       n12_s0_g2_mr0      163.329      163.329      163.329      163.329      163.329
       n12_s0_g2_mr1      168.921      168.921      168.921      168.921      168.921
       n12_s1_g2_mr0      172.879      172.879      172.879      172.879      172.879
       n12_s1_g2_mr1      182.062      182.062      182.062      182.062      182.062
       n12_s2_g2_mr0      163.738      163.738      163.738      163.738      163.738
       n12_s2_g2_mr1      306.335      306.335      306.335      306.335      306.335
       n12_s3_g2_mr0      156.963      156.963      156.963      156.963      156.963
       n12_s3_g2_mr1      176.470      176.470      176.470      176.470      176.470
       n12_s4_g2_mr0      170.513      170.513      170.513      170.513      170.513
       n12_s4_g2_mr1      176.470      176.470      176.470      176.470      176.470
       n20_s0_g2_mr0      173.696      173.696      173.696      173.696      173.696
       n20_s0_g2_mr1      179.287      179.287      179.287      179.287      179.287
       n20_s1_g2_mr0      177.287      177.287      177.287      179.287      179.287
       n20_s1_g2_mr1      186.062      186.062      186.062      186.062      186.062
       n20_s2_g2_mr0      174.104      174.104      174.104      174.104      174.104
       n20_s2_g2_mr1      312.335      312.335      312.335      313.926      313.926
       n20_s3_g2_mr0      160.963      160.963      160.963      160.963      160.963
       n20_s3_g2_mr1      303.152      303.152      303.152      303.152      303.152
       n20_s4_g2_mr0      174.513      174.513      174.513      174.513      174.513
       n20_s4_g2_mr1      180.470      180.470      180.470      180.470      180.470
       n50_s0_g2_mr0      191.696      191.696      191.696      191.696      191.696
       n50_s0_g2_mr1      195.287      195.287      195.287      195.287      195.287
       n50_s1_g2_mr0      194.879      194.879      194.879      195.287      195.287
       n50_s1_g2_mr1      315.298      315.298      315.298      315.298      315.298
       n50_s2_g2_mr0      194.879      194.879      194.879      194.879      194.879
       n50_s2_g2_mr1      337.110      337.110      337.110      337.110      337.110
       n50_s3_g2_mr0      293.645      293.645      293.645      293.645      293.645
       n50_s3_g2_mr1      315.152      315.152      315.152      315.152      315.152
       n50_s4_g2_mr0      199.653      199.653      199.653      199.653      199.653
       n50_s4_g2_mr1      319.560      319.560      319.560      319.560      319.560

--- D7: mean penalty of removing a stage, relative to full ---
       nn-only  mean  +0.00 %   max  +0.00 %   worse on 0/40
   cover-order  mean  +0.00 %   max  +0.00 %   worse on 0/40
     no-refine  mean  +0.05 %   max  +1.13 %   worse on 3/40
       neither  mean  +0.05 %   max  +1.13 %   worse on 3/40
