part2: 50 instances, 0 already done
         n12_s0_g2_mr0  pose-tour   36.819  LB_an   32.529  ratio 1.132
         n12_s0_g2_mr1  pose-tour   43.713  LB_an   35.713  ratio 1.224
         n12_s1_g2_mr0  pose-tour   46.487  LB_an   40.487  ratio 1.148
         n12_s1_g2_mr1  pose-tour   46.881  LB_an   40.487  ratio 1.158
         n12_s2_g2_mr0  pose-tour   35.636  LB_an   30.938  ratio 1.152
         n12_s2_g2_mr1  pose-tour   52.735  LB_an   48.445  ratio 1.089
         n12_s3_g2_mr0  pose-tour   30.163  LB_an   26.163  ratio 1.153
         n12_s3_g2_mr1  pose-tour   43.670  LB_an   43.670  ratio 1.000
         n12_s4_g2_mr0  pose-tour   43.713  LB_an   37.304  ratio 1.172
         n12_s4_g2_mr1  pose-tour   48.487  LB_an   42.079  ratio 1.152
         n16_s0_g2_mr0  pose-tour   40.121  LB_an   32.529  ratio 1.233
         n16_s0_g2_mr1  pose-tour   42.973  LB_an   35.713  ratio 1.203
         n16_s1_g2_mr0  pose-tour   47.186  LB_an   40.487  ratio 1.165
         n16_s1_g2_mr1  pose-tour   48.777  LB_an   40.487  ratio 1.205
         n16_s2_g2_mr0  pose-tour   45.594  LB_an   37.304  ratio 1.222
         n16_s2_g2_mr1  pose-tour   54.735  LB_an   48.445  ratio 1.130
         n16_s3_g2_mr0  pose-tour   33.755  LB_an   26.163  ratio 1.290
         n16_s3_g2_mr1  pose-tour   49.262  LB_an   43.670  ratio 1.128
         n16_s4_g2_mr0  pose-tour   45.713  LB_an   37.304  ratio 1.225
         n16_s4_g2_mr1  pose-tour   50.777  LB_an   42.079  ratio 1.207
         n20_s0_g2_mr0  pose-tour   49.186  LB_an   38.896  ratio 1.265
         n20_s0_g2_mr1  pose-tour   51.960  LB_an   38.896  ratio 1.336
         n20_s1_g2_mr0  pose-tour   49.186  LB_an   40.487  ratio 1.215
         n20_s1_g2_mr1  pose-tour   50.777  LB_an   40.487  ratio 1.254
         n20_s2_g2_mr0  pose-tour   43.304  LB_an   37.304  ratio 1.161
         n20_s2_g2_mr1  pose-tour   56.735  LB_an   48.445  ratio 1.171
         n20_s3_g2_mr0  pose-tour   36.163  LB_an   26.163  ratio 1.382
         n20_s3_g2_mr1  pose-tour   49.552  LB_an   43.670  ratio 1.135
         n20_s4_g2_mr0  pose-tour   47.713  LB_an   37.304  ratio 1.279
         n20_s4_g2_mr1  pose-tour   52.777  LB_an   42.079  ratio 1.254
         n30_s0_g2_mr0  pose-tour   55.186  LB_an   38.896  ratio 1.419
         n30_s0_g2_mr1  pose-tour   57.960  LB_an   38.896  ratio 1.490
         n30_s1_g2_mr0  pose-tour   53.476  LB_an   40.487  ratio 1.321
         n30_s1_g2_mr1  pose-tour   54.777  LB_an   40.487  ratio 1.353
         n30_s2_g2_mr0  pose-tour   51.884  LB_an   37.304  ratio 1.391
         n30_s2_g2_mr1  pose-tour   59.476  LB_an   48.445  ratio 1.228
         n30_s3_g2_mr0  pose-tour   44.045  LB_an   29.346  ratio 1.501
         n30_s3_g2_mr1  pose-tour   57.842  LB_an   43.670  ratio 1.325
         n30_s4_g2_mr0  pose-tour   54.003  LB_an   37.304  ratio 1.448
         n30_s4_g2_mr1  pose-tour   59.067  LB_an   42.079  ratio 1.404
         n50_s0_g2_mr0  pose-tour   59.689  LB_an   38.896  ratio 1.535
         n50_s0_g2_mr1  pose-tour   67.067  LB_an   38.896  ratio 1.724
         n50_s1_g2_mr0  pose-tour   63.766  LB_an   40.487  ratio 1.575
         n50_s1_g2_mr1  pose-tour   67.067  LB_an   40.487  ratio 1.657
         n50_s2_g2_mr0  pose-tour   65.763  LB_an   42.079  ratio 1.563
         n50_s2_g2_mr1  pose-tour   80.090  LB_an   48.445  ratio 1.653
         n50_s3_g2_mr0  pose-tour   67.842  LB_an   42.079  ratio 1.612
         n50_s3_g2_mr1  pose-tour   71.129  LB_an   43.670  ratio 1.629
         n50_s4_g2_mr0  pose-tour   65.067  LB_an   40.487  ratio 1.607
         n50_s4_g2_mr1  pose-tour   67.067  LB_an   42.079  ratio 1.594
part2 done
         n12_s0_g2_mr0  LB_subset   34.529 ( 119.1 s) vs LB_analytic   32.529
         n12_s0_g2_mr1  LB_subset   35.713 ( 111.6 s) vs LB_analytic   35.713
         n12_s1_g2_mr0  LB_subset   42.487 (  97.7 s) vs LB_analytic   40.487
         n12_s1_g2_mr1  LB_subset   44.777 (  87.4 s) vs LB_analytic   40.487
         n12_s2_g2_mr0  LB_subset   32.938 (  99.5 s) vs LB_analytic   30.938
         n12_s2_g2_mr1  LB_subset   50.735 (  81.0 s) vs LB_analytic   48.445
         n12_s3_g2_mr0  LB_subset   28.163 ( 143.8 s) vs LB_analytic   26.163
         n12_s3_g2_mr1  LB_subset   43.670 ( 118.7 s) vs LB_analytic   43.670
         n12_s4_g2_mr0  LB_subset   39.713 ( 198.4 s) vs LB_analytic   37.304
         n12_s4_g2_mr1  LB_subset   44.079 ( 165.4 s) vs LB_analytic   42.079
         n16_s0_g2_mr0  LB_subset   32.529 ( 129.3 s) vs LB_analytic   32.529
         n16_s0_g2_mr1  LB_subset   34.045 ( 110.5 s) vs LB_analytic   35.713
         n16_s1_g2_mr0  LB_subset   42.671 (  67.1 s) vs LB_analytic   40.487
         n16_s1_g2_mr1  LB_subset   44.777 (  54.7 s) vs LB_analytic   40.487
         n16_s2_g2_mr0  LB_subset   37.304 ( 144.9 s) vs LB_analytic   37.304
         n16_s2_g2_mr1  LB_subset   48.445 (  91.8 s) vs LB_analytic   48.445
         n16_s3_g2_mr0  LB_subset   28.163 ( 135.9 s) vs LB_analytic   26.163
         n16_s3_g2_mr1  LB_subset   43.670 (  93.9 s) vs LB_analytic   43.670
         n16_s4_g2_mr0  LB_subset   39.713 (  80.9 s) vs LB_analytic   37.304
         n16_s4_g2_mr1  LB_subset   39.713 (  83.5 s) vs LB_analytic   42.079
         n20_s0_g2_mr0  LB_subset   40.896 ( 106.7 s) vs LB_analytic   38.896
         n20_s0_g2_mr1  LB_subset   38.896 ( 111.8 s) vs LB_analytic   38.896
         n20_s1_g2_mr0  LB_subset   42.487 (  78.8 s) vs LB_analytic   40.487
         n20_s1_g2_mr1  LB_subset   42.777 (  52.6 s) vs LB_analytic   40.487
         n20_s2_g2_mr0  LB_subset   37.304 (  47.5 s) vs LB_analytic   37.304
         n20_s2_g2_mr1  LB_subset   50.735 (  43.7 s) vs LB_analytic   48.445
         n20_s3_g2_mr0  LB_subset   30.163 (  67.1 s) vs LB_analytic   26.163
         n20_s3_g2_mr1  LB_subset   30.163 (  63.6 s) vs LB_analytic   43.670
         n20_s4_g2_mr0  LB_subset   40.003 (  62.1 s) vs LB_analytic   37.304
         n20_s4_g2_mr1  LB_subset   40.003 (  59.0 s) vs LB_analytic   42.079
         n30_s0_g2_mr0  LB_subset   40.896 (  58.0 s) vs LB_analytic   38.896
         n30_s0_g2_mr1  LB_subset   34.121 (  74.4 s) vs LB_analytic   38.896
         n30_s1_g2_mr0  LB_subset   39.304 (  51.5 s) vs LB_analytic   40.487
         n30_s1_g2_mr1  LB_subset   38.896 (  65.7 s) vs LB_analytic   40.487
         n30_s2_g2_mr0  LB_subset   37.304 (  50.7 s) vs LB_analytic   37.304
         n30_s2_g2_mr1  LB_subset   48.445 (  39.7 s) vs LB_analytic   48.445
         n30_s3_g2_mr0  LB_subset   30.938 (  27.9 s) vs LB_analytic   29.346
         n30_s3_g2_mr1  LB_subset   30.938 (  28.2 s) vs LB_analytic   43.670
         n30_s4_g2_mr0  LB_subset   38.121 (  40.3 s) vs LB_analytic   37.304
         n30_s4_g2_mr1  LB_subset   38.121 (  40.4 s) vs LB_analytic   42.079
         n50_s0_g2_mr0  LB_subset   40.896 (  36.2 s) vs LB_analytic   38.896
         n50_s0_g2_mr1  LB_subset   40.896 (  36.6 s) vs LB_analytic   38.896
         n50_s1_g2_mr0  LB_subset   38.896 (  39.3 s) vs LB_analytic   40.487
         n50_s1_g2_mr1  LB_subset   40.487 (  37.7 s) vs LB_analytic   40.487
         n50_s2_g2_mr0  LB_subset   40.896 (  40.9 s) vs LB_analytic   42.079
         n50_s2_g2_mr1  LB_subset   48.445 (  37.1 s) vs LB_analytic   48.445
         n50_s3_g2_mr0  LB_subset   32.938 (  26.0 s) vs LB_analytic   42.079
         n50_s3_g2_mr1  LB_subset   32.938 (  20.3 s) vs LB_analytic   43.670
         n50_s4_g2_mr0  LB_subset   44.487 (  24.0 s) vs LB_analytic   40.487
         n50_s4_g2_mr1  LB_subset   44.487 (  24.2 s) vs LB_analytic   42.079
part2lb done
