part2: 50 instances, 0 already done
         n12_s0_g2_mr0  pose-tour  163.329  LB_an  159.329  ratio 1.025
         n12_s0_g2_mr1  pose-tour  168.921  LB_an  162.513  ratio 1.039
         n12_s1_g2_mr0  pose-tour  172.879  LB_an  167.287  ratio 1.033
         n12_s1_g2_mr1  pose-tour  182.062  LB_an  167.287  ratio 1.088
         n12_s2_g2_mr0  pose-tour  163.738  LB_an  157.738  ratio 1.038
         n12_s2_g2_mr1  pose-tour  306.335  LB_an  175.245  ratio 1.748
         n12_s3_g2_mr0  pose-tour  156.963  LB_an  152.963  ratio 1.026
         n12_s3_g2_mr1  pose-tour  176.470  LB_an  170.470  ratio 1.035
         n12_s4_g2_mr0  pose-tour  170.513  LB_an  164.104  ratio 1.039
         n12_s4_g2_mr1  pose-tour  176.470  LB_an  168.879  ratio 1.045
         n16_s0_g2_mr0  pose-tour  166.921  LB_an  159.329  ratio 1.048
         n16_s0_g2_mr1  pose-tour  170.513  LB_an  162.513  ratio 1.049
         n16_s1_g2_mr0  pose-tour  173.287  LB_an  167.287  ratio 1.036
         n16_s1_g2_mr1  pose-tour  184.062  LB_an  167.287  ratio 1.100
         n16_s2_g2_mr0  pose-tour  173.696  LB_an  164.104  ratio 1.058
         n16_s2_g2_mr1  pose-tour  308.335  LB_an  175.245  ratio 1.759
         n16_s3_g2_mr0  pose-tour  158.963  LB_an  152.963  ratio 1.039
         n16_s3_g2_mr1  pose-tour  188.020  LB_an  170.470  ratio 1.103
         n16_s4_g2_mr0  pose-tour  172.513  LB_an  164.104  ratio 1.051
         n16_s4_g2_mr1  pose-tour  178.879  LB_an  168.879  ratio 1.059
         n20_s0_g2_mr0  pose-tour  173.696  LB_an  165.696  ratio 1.048
         n20_s0_g2_mr1  pose-tour  179.287  LB_an  165.696  ratio 1.082
         n20_s1_g2_mr0  pose-tour  177.287  LB_an  167.287  ratio 1.060
         n20_s1_g2_mr1  pose-tour  186.062  LB_an  167.287  ratio 1.112
         n20_s2_g2_mr0  pose-tour  174.104  LB_an  164.104  ratio 1.061
         n20_s2_g2_mr1  pose-tour  312.335  LB_an  175.245  ratio 1.782
         n20_s3_g2_mr0  pose-tour  160.963  LB_an  152.963  ratio 1.052
         n20_s3_g2_mr1  pose-tour  303.152  LB_an  170.470  ratio 1.778
         n20_s4_g2_mr0  pose-tour  174.513  LB_an  164.104  ratio 1.063
         n20_s4_g2_mr1  pose-tour  180.470  LB_an  168.879  ratio 1.069
         n30_s0_g2_mr0  pose-tour  181.696  LB_an  165.696  ratio 1.097
         n30_s0_g2_mr1  pose-tour  185.287  LB_an  165.696  ratio 1.118
         n30_s1_g2_mr0  pose-tour  182.879  LB_an  167.287  ratio 1.093
         n30_s1_g2_mr1  pose-tour  196.428  LB_an  167.287  ratio 1.174
         n30_s2_g2_mr0  pose-tour  183.287  LB_an  164.104  ratio 1.117
         n30_s2_g2_mr1  pose-tour  320.335  LB_an  175.245  ratio 1.828
         n30_s3_g2_mr0  pose-tour  178.104  LB_an  156.146  ratio 1.141
         n30_s3_g2_mr1  pose-tour  311.152  LB_an  170.470  ratio 1.825
         n30_s4_g2_mr0  pose-tour  180.513  LB_an  164.104  ratio 1.100
         n30_s4_g2_mr1  pose-tour  185.287  LB_an  168.879  ratio 1.097
         n50_s0_g2_mr0  pose-tour  191.696  LB_an  165.696  ratio 1.157
         n50_s0_g2_mr1  pose-tour  195.287  LB_an  165.696  ratio 1.179
         n50_s1_g2_mr0  pose-tour  194.879  LB_an  167.287  ratio 1.165
         n50_s1_g2_mr1  pose-tour  315.298  LB_an  167.287  ratio 1.885
         n50_s2_g2_mr0  pose-tour  194.879  LB_an  168.879  ratio 1.154
         n50_s2_g2_mr1  pose-tour  337.110  LB_an  175.245  ratio 1.924
         n50_s3_g2_mr0  pose-tour  293.645  LB_an  168.879  ratio 1.739
         n50_s3_g2_mr1  pose-tour  315.152  LB_an  170.470  ratio 1.849
         n50_s4_g2_mr0  pose-tour  199.653  LB_an  167.287  ratio 1.193
         n50_s4_g2_mr1  pose-tour  319.560  LB_an  168.879  ratio 1.892
part2 done
         n12_s0_g2_mr0  LB_subset  161.329 ( 114.5 s) vs LB_analytic  159.329
         n12_s0_g2_mr1  LB_subset  166.513 ( 116.5 s) vs LB_analytic  162.513
         n12_s1_g2_mr0  LB_subset  169.287 (  75.3 s) vs LB_analytic  167.287
         n12_s1_g2_mr1  LB_subset  176.062 (  70.8 s) vs LB_analytic  167.287
         n12_s2_g2_mr0  LB_subset  159.738 (  99.6 s) vs LB_analytic  157.738
         n12_s2_g2_mr1  LB_subset  304.335 ( 102.3 s) vs LB_analytic  175.245
         n12_s3_g2_mr0  LB_subset  154.963 ( 117.5 s) vs LB_analytic  152.963
         n12_s3_g2_mr1  LB_subset  172.470 ( 123.6 s) vs LB_analytic  170.470
         n12_s4_g2_mr0  LB_subset  166.513 ( 127.4 s) vs LB_analytic  164.104
         n12_s4_g2_mr1  LB_subset  172.879 (  99.7 s) vs LB_analytic  168.879
         n16_s0_g2_mr0  LB_subset  161.329 ( 114.8 s) vs LB_analytic  159.329
         n16_s0_g2_mr1  LB_subset  160.921 ( 112.5 s) vs LB_analytic  162.513
         n16_s1_g2_mr0  LB_subset  171.287 (  68.3 s) vs LB_analytic  167.287
         n16_s1_g2_mr1  LB_subset  178.062 (  54.9 s) vs LB_analytic  167.287
         n16_s2_g2_mr0  LB_subset  164.104 ( 104.1 s) vs LB_analytic  164.104
         n16_s2_g2_mr1  LB_subset  177.245 (  94.8 s) vs LB_analytic  175.245
         n16_s3_g2_mr0  LB_subset  154.963 (  80.7 s) vs LB_analytic  152.963
         n16_s3_g2_mr1  LB_subset  172.470 (  79.9 s) vs LB_analytic  170.470
         n16_s4_g2_mr0  LB_subset  166.513 (  80.7 s) vs LB_analytic  164.104
         n16_s4_g2_mr1  LB_subset  166.513 (  80.1 s) vs LB_analytic  168.879
         n20_s0_g2_mr0  LB_subset  169.696 ( 103.1 s) vs LB_analytic  165.696
         n20_s0_g2_mr1  LB_subset  167.696 ( 161.0 s) vs LB_analytic  165.696
         n20_s1_g2_mr0  LB_subset  169.287 (  91.4 s) vs LB_analytic  167.287
         n20_s1_g2_mr1  LB_subset  176.062 (  69.4 s) vs LB_analytic  167.287
         n20_s2_g2_mr0  LB_subset  164.921 (  66.4 s) vs LB_analytic  164.104
         n20_s2_g2_mr1  LB_subset  304.335 (  61.2 s) vs LB_analytic  175.245
         n20_s3_g2_mr0  LB_subset  156.963 (  76.5 s) vs LB_analytic  152.963
         n20_s3_g2_mr1  LB_subset  156.963 (  66.1 s) vs LB_analytic  170.470
         n20_s4_g2_mr0  LB_subset  168.104 (  66.5 s) vs LB_analytic  164.104
         n20_s4_g2_mr1  LB_subset  168.104 (  66.9 s) vs LB_analytic  168.879
         n30_s0_g2_mr0  LB_subset  170.104 (  62.4 s) vs LB_analytic  165.696
         n30_s0_g2_mr1  LB_subset  160.921 (  78.7 s) vs LB_analytic  165.696
         n30_s1_g2_mr0  LB_subset  166.104 (  49.7 s) vs LB_analytic  167.287
         n30_s1_g2_mr1  LB_subset  167.696 (  67.2 s) vs LB_analytic  167.287
         n30_s2_g2_mr0  LB_subset  164.104 (  62.3 s) vs LB_analytic  164.104
         n30_s2_g2_mr1  LB_subset  175.696 (  60.5 s) vs LB_analytic  175.245
         n30_s3_g2_mr0  LB_subset  157.738 (  42.8 s) vs LB_analytic  156.146
         n30_s3_g2_mr1  LB_subset  157.738 (  35.7 s) vs LB_analytic  170.470
         n30_s4_g2_mr0  LB_subset  164.921 (  45.1 s) vs LB_analytic  164.104
         n30_s4_g2_mr1  LB_subset  164.921 (  40.0 s) vs LB_analytic  168.879
         n50_s0_g2_mr0  LB_subset  167.696 (  35.8 s) vs LB_analytic  165.696
         n50_s0_g2_mr1  LB_subset  169.696 (  35.7 s) vs LB_analytic  165.696
         n50_s1_g2_mr0  LB_subset  165.696 (  39.2 s) vs LB_analytic  167.287
         n50_s1_g2_mr1  LB_subset  169.287 (  38.2 s) vs LB_analytic  167.287
         n50_s2_g2_mr0  LB_subset  168.513 (  41.1 s) vs LB_analytic  168.879
         n50_s2_g2_mr1  LB_subset  177.245 (  37.2 s) vs LB_analytic  175.245
         n50_s3_g2_mr0  LB_subset  283.645 (  26.8 s) vs LB_analytic  168.879
         n50_s3_g2_mr1  LB_subset  283.645 (  26.6 s) vs LB_analytic  170.470
         n50_s4_g2_mr0  LB_subset  171.287 (  31.3 s) vs LB_analytic  167.287
         n50_s4_g2_mr1  LB_subset  171.287 (  31.2 s) vs LB_analytic  168.879
part2lb done
