    n4_s0_g1_mr0 tf 0  exact    34.529 (  1.98s valid True)  pt    34.529  moves 1
    n4_s0_g1_mr1 tf 0  exact    42.896 (  1.94s valid True)  pt    42.896  moves 1
    n4_s0_g2_mr0 tf 0  exact    32.529 (  3.08s valid True)  pt    32.529  moves 1
    n4_s0_g2_mr1 tf 0  exact    35.713 (  2.41s valid True)  pt    35.713  moves 1
    n4_s1_g1_mr0 tf 0  exact    42.487 (  1.00s valid True)  pt    42.487  moves 1
    n4_s1_g1_mr1 tf 0  exact    45.067 (  0.62s valid True)  pt    47.067  moves 3
    n4_s1_g2_mr0 tf 0  exact    42.487 (  1.11s valid True)  pt    42.487  moves 1
    n4_s1_g2_mr1 tf 0  exact    44.777 (  0.38s valid True)  pt    44.777  moves 2
    n4_s2_g1_mr0 tf 0  exact    38.003 (  1.48s valid True)  pt    38.003  moves 2
    n4_s2_g1_mr1 tf 0  exact    35.228 (  0.99s valid True)  pt    35.518  moves 2
    n4_s2_g2_mr0 tf 0  exact    29.346 (  2.85s valid True)  pt    29.346  moves 1
    n4_s2_g2_mr1 tf 0  exact    48.445 (  1.68s valid True)  pt    48.445  moves 1
    n4_s3_g1_mr0 tf 0  exact    25.270 (  1.27s valid True)  pt    27.270  moves 2
    n4_s3_g1_mr1 tf 0  exact    47.960 (  0.98s valid True)  pt    47.960  moves 2
    n4_s3_g2_mr0 tf 0  exact    22.980 (  3.18s valid True)  pt    22.980  moves 1
    n4_s3_g2_mr1 tf 0  exact    43.670 (  2.72s valid True)  pt    43.670  moves 1
    n4_s4_g1_mr0 tf 0  exact    48.339 (  1.55s valid True)  pt    49.262  moves 2
    n4_s4_g1_mr1 tf 0  exact    54.735 (  0.65s valid True)  pt    54.735  moves 2
    n4_s4_g2_mr0 tf 0  exact    37.713 (  2.67s valid True)  pt    37.713  moves 1
    n4_s4_g2_mr1 tf 0  exact    42.487 (  1.87s valid True)  pt    42.487  moves 1
    n4_s5_g1_mr0 tf 0  exact    36.819 (  1.71s valid True)  pt    38.529  moves 2
    n4_s5_g1_mr1 tf 0  exact    28.572 (  2.46s valid True)  pt    28.572  moves 1
    n4_s5_g2_mr0 tf 0  exact    27.755 (  3.34s valid True)  pt    27.755  moves 1
    n4_s5_g2_mr1 tf 0  exact    48.445 (  3.68s valid True)  pt    48.445  moves 1
    n4_s6_g1_mr0 tf 0  exact    34.529 (  2.30s valid True)  pt    34.529  moves 1
    n4_s6_g1_mr1 tf 0  exact    36.819 (  2.20s valid True)  pt    36.819  moves 2
    n4_s6_g2_mr0 tf 0  exact     8.656 (  2.56s valid True)  pt     8.656  moves 1
    n4_s6_g2_mr1 tf 0  exact    24.980 (  2.13s valid True)  pt    24.980  moves 1
    n4_s7_g1_mr0 tf 0  exact    44.064 (  1.51s valid True)  pt    45.670  moves 2
    n4_s7_g1_mr1 tf 0  exact    55.918 (  2.09s valid True)  pt    57.918  moves 2
    n4_s7_g2_mr0 tf 0  exact    39.304 (  0.77s valid True)  pt    39.304  moves 1
    n4_s7_g2_mr1 tf 0  exact    39.594 (  1.17s valid True)  pt    40.896  moves 2
    n4_s8_g1_mr0 tf 0  exact    37.713 (  2.30s valid True)  pt    37.713  moves 1
    n4_s8_g1_mr1 tf 0  exact    41.594 (  2.20s valid True)  pt    42.896  moves 2
    n4_s8_g2_mr0 tf 0  exact    35.713 (  4.25s valid True)  pt    35.713  moves 1
    n4_s8_g2_mr1 tf 0  exact    39.594 (  3.44s valid True)  pt    40.487  moves 2
    n4_s9_g1_mr0 tf 0  exact    45.067 (  1.36s valid True)  pt    46.777  moves 3
    n4_s9_g1_mr1 tf 0  exact    52.735 (  1.75s valid True)  pt    54.445  moves 2
    n4_s9_g2_mr0 tf 0  exact    30.938 (  2.19s valid True)  pt    30.938  moves 1
    n4_s9_g2_mr1 tf 0  exact    50.036 (  1.86s valid True)  pt    50.036  moves 1
    n6_s0_g1_mr0 tf 0  exact    36.819 (  4.83s valid True)  pt    36.819  moves 2
    n6_s0_g1_mr1 tf 0  exact    45.186 (  5.21s valid True)  pt    45.186  moves 2
    n6_s0_g2_mr0 tf 0  exact    32.529 (  9.06s valid True)  pt    32.529  moves 1
    n6_s0_g2_mr1 tf 0  exact    35.713 (  7.99s valid True)  pt    35.713  moves 1
    n6_s1_g1_mr0 tf 0  exact    44.777 (  3.87s valid True)  pt    46.777  moves 2
    n6_s1_g1_mr1 tf 0  exact    49.067 (  2.03s valid True)  pt    51.067  moves 3
    n6_s1_g2_mr0 tf 0  exact    42.487 (  4.30s valid True)  pt    42.487  moves 1
    n6_s1_g2_mr1 tf 0  exact    44.777 (  2.40s valid True)  pt    44.777  moves 2
    n6_s2_g1_mr0 tf 0  exact    42.293 (  4.37s valid True)  pt    42.293  moves 3
    n6_s2_g1_mr1 tf 0  exact    37.518 (  4.12s valid True)  pt    37.808  moves 3
    n6_s2_g2_mr0 tf 0  exact    31.636 (  6.69s valid True)  pt    32.938  moves 2
    n6_s2_g2_mr1 tf 0  exact    50.735 (  5.32s valid True)  pt    50.735  moves 2
    n6_s3_g1_mr0 tf 0  exact    40.293 (  4.41s valid True)  pt    44.003  moves 3
    n6_s3_g1_mr1 tf 0  exact    50.250 (  3.67s valid True)  pt    52.250  moves 3
    n6_s3_g2_mr0 tf 0  exact    26.163 ( 13.51s valid True)  pt    26.163  moves 1
    n6_s3_g2_mr1 tf 0  exact    43.670 ( 13.13s valid True)  pt    43.670  moves 1
    n6_s4_g1_mr0 tf 0  exact    52.339 (  4.73s valid True)  pt    53.262  moves 2
    n6_s4_g1_mr1 tf 0  exact    58.735 (  5.11s valid True)  pt    58.735  moves 2
    n6_s4_g2_mr0 tf 0  exact    39.713 (  5.15s valid True)  pt    39.713  moves 1
    n6_s4_g2_mr1 tf 0  exact    44.487 (  3.58s valid True)  pt    44.487  moves 1
    n6_s5_g1_mr0 tf 0  exact    36.819 (  4.73s valid True)  pt    38.529  moves 2
    n6_s5_g1_mr1 tf 0  exact    30.862 (  4.72s valid True)  pt    32.862  moves 2
    n6_s5_g2_mr0 tf 0  exact    28.163 (  9.07s valid True)  pt    28.572  moves 1
    n6_s5_g2_mr1 tf 0  exact    48.445 (  7.03s valid True)  pt    48.445  moves 1
    n6_s6_g1_mr0 tf 0  exact    38.121 (  4.77s valid True)  pt    38.121  moves 1
    n6_s6_g1_mr1 tf 0  exact    40.411 (  4.61s valid True)  pt    40.411  moves 2
    n6_s6_g2_mr0 tf 0  exact    31.346 (  4.88s valid True)  pt    31.346  moves 1
    n6_s6_g2_mr1 tf 0  exact    31.346 (  3.72s valid True)  pt    31.346  moves 1
    n6_s7_g1_mr0 tf 0  exact    57.918 (  3.04s valid True)  pt    57.918  moves 2
    n6_s7_g1_mr1 tf 0  exact    57.918 (  4.62s valid True)  pt    59.918  moves 2
    n6_s7_g2_mr0 tf 0  exact    39.304 (  3.09s valid True)  pt    39.304  moves 1
    n6_s7_g2_mr1 tf 0  exact    41.594 (  2.07s valid True)  pt    42.896  moves 2
    n6_s8_g1_mr0 tf 0  exact    40.003 (  4.40s valid True)  pt    42.003  moves 2
    n6_s8_g1_mr1 tf 0  exact    43.884 (  4.13s valid True)  pt    43.884  moves 3
    n6_s8_g2_mr0 tf 0  exact    35.713 (  8.60s valid True)  pt    35.713  moves 1
    n6_s8_g2_mr1 tf 0  exact    39.594 (  6.37s valid True)  pt    40.487  moves 2
    n6_s9_g1_mr0 tf 0  exact    47.067 (  4.03s valid True)  pt    50.777  moves 3
    n6_s9_g1_mr1 tf 0  exact    54.735 (  4.20s valid True)  pt    58.445  moves 2
    n6_s9_g2_mr0 tf 0  exact    32.938 (  8.26s valid True)  pt    32.938  moves 1
    n6_s9_g2_mr1 tf 0  exact    50.036 (  6.49s valid True)  pt    50.036  moves 1
    n8_s0_g1_mr0 tf 0  exact    39.109 ( 18.77s valid True)  pt    40.819  moves 3
    n8_s0_g1_mr1 tf 0  exact    47.186 ( 20.19s valid True)  pt    47.186  moves 2
    n8_s0_g2_mr0 tf 0  exact    32.529 ( 38.78s valid True)  pt    32.529  moves 1
    n8_s0_g2_mr1 tf 0  exact    35.713 ( 36.11s valid True)  pt    35.713  moves 1
    n8_s1_g1_mr0 tf 0  exact    47.067 ( 15.76s valid True)  pt    50.777  moves 3
    n8_s1_g1_mr1 tf 0  exact    51.357 ( 10.06s valid True)  pt    53.171  moves 4
    n8_s1_g2_mr0 tf 0  exact    43.186 ( 21.73s valid True)  pt    44.487  moves 2
    n8_s1_g2_mr1 tf 0  exact    44.777 ( 11.53s valid True)  pt    46.777  moves 2
    n8_s2_g1_mr0 tf 0  exact    42.293 ( 20.06s valid True)  pt    42.293  moves 3
    n8_s2_g1_mr1 tf 0  exact    39.518 ( 19.91s valid True)  pt    39.518  moves 3
    n8_s2_g2_mr0 tf 0  exact    32.938 ( 29.72s valid True)  pt    33.636  moves 1
    n8_s2_g2_mr1 tf 0  exact    50.735 ( 23.54s valid True)  pt    50.735  moves 2
    n8_s3_g1_mr0 tf 0  exact    42.293 ( 20.05s valid True)  pt    46.003  moves 3
    n8_s3_g1_mr1 tf 0  exact    52.250 ( 18.64s valid True)  pt    63.800  moves 3
    n8_s3_g2_mr0 tf 0  exact    28.163 ( 41.14s valid True)  pt    28.163  moves 1
    n8_s3_g2_mr1 tf 0  exact    43.670 ( 37.55s valid True)  pt    43.670  moves 1
    n8_s4_g1_mr0 tf 0  exact    61.025 ( 15.62s valid True)  pt    67.510  moves 3
    n8_s4_g1_mr1 tf 0  exact    61.025 ( 15.74s valid True)  pt    63.025  moves 3
    n8_s4_g2_mr0 tf 0  exact    41.713 ( 31.66s valid True)  pt    41.713  moves 1
    n8_s4_g2_mr1 tf 0  exact    46.487 ( 21.62s valid True)  pt    47.670  moves 1
    n8_s5_g1_mr0 tf 0  exact    40.819 ( 21.00s valid True)  pt    40.819  moves 2
    n8_s5_g1_mr1 tf 0  exact    50.659 ( 19.15s valid True)  pt    52.369  moves 3
    n8_s5_g2_mr0 tf 0  exact    29.755 ( 38.95s valid True)  pt    29.755  moves 1
    n8_s5_g2_mr1 tf 0  exact    48.445 ( 29.32s valid True)  pt    50.445  moves 1
    n8_s6_g1_mr0 tf 0  exact    40.411 ( 20.56s valid True)  pt    43.304  moves 2
    n8_s6_g1_mr1 tf 0  exact    42.411 ( 20.69s valid True)  pt    42.411  moves 2
    n8_s6_g2_mr0 tf 0  exact    32.529 ( 19.63s valid True)  pt    35.228  moves 1
    n8_s6_g2_mr1 tf 0  exact    33.228 ( 14.50s valid True)  pt    33.346  moves 2
    n8_s7_g1_mr0 tf 0  exact    58.498 ( 17.43s valid True)  pt    59.918  moves 4
    n8_s7_g1_mr1 tf 0  exact    59.918 ( 18.34s valid True)  pt    63.918  moves 2
    n8_s7_g2_mr0 tf 0  exact    41.304 ( 17.10s valid True)  pt    42.487  moves 1
    n8_s7_g2_mr1 tf 0  exact    41.594 ( 13.59s valid True)  pt    42.896  moves 2
    n8_s8_g1_mr0 tf 0  exact    42.003 ( 18.86s valid True)  pt    46.003  moves 2
    n8_s8_g1_mr1 tf 0  exact    45.884 ( 18.46s valid True)  pt    52.369  moves 3
    n8_s8_g2_mr0 tf 0  exact    36.529 ( 36.89s valid True)  pt    36.529  moves 1
    n8_s8_g2_mr1 tf 0  exact    39.594 ( 27.93s valid True)  pt    40.487  moves 2
    n8_s9_g1_mr0 tf 0  exact    49.357 ( 17.95s valid True)  pt    53.067  moves 4
    n8_s9_g1_mr1 tf 0  exact    56.735 ( 18.53s valid True)  pt    60.445  moves 2
    n8_s9_g2_mr0 tf 0  exact    34.515 ( 36.63s valid True)  pt    34.938  moves 2
    n8_s9_g2_mr1 tf 0  exact    50.036 ( 36.75s valid True)  pt    50.036  moves 1
   n10_s0_g1_mr0 tf 0  exact    43.109 (109.78s valid True)  pt    44.819  moves 3
   n10_s0_g1_mr1 tf 0  exact    49.186 (142.76s valid True)  pt    49.186  moves 2
   n10_s0_g2_mr0 tf 0  exact    32.529 (162.31s valid True)  pt    32.529  moves 1
   n10_s0_g2_mr1 tf 0  exact    35.713 (158.52s valid True)  pt    37.713  moves 1
   n10_s1_g1_mr0 tf 0  exact    51.067 (108.56s valid True)  pt    54.777  moves 3
   n10_s1_g1_mr1 tf 0  exact    54.526 (104.22s valid True)  pt    56.171  moves 5
   n10_s1_g2_mr0 tf 0  exact    43.476 (187.42s valid True)  pt    44.487  moves 3
   n10_s1_g2_mr1 tf 0  exact    44.881 ( 65.45s valid True)  pt    46.777  moves 2
   n10_s2_g1_mr0 tf 0  exact    46.293 (107.31s valid True)  pt    46.293  moves 3
   n10_s2_g1_mr1 tf 0  exact    51.476 ( 81.78s valid True)  pt    51.766  moves 3
   n10_s2_g2_mr0 tf 0  exact    33.636 (106.27s valid True)  pt    35.228  moves 2
   n10_s2_g2_mr1 tf 0  exact    50.735 ( 75.98s valid True)  pt    50.735  moves 2
   n10_s3_g1_mr0 tf 0  exact    46.293 ( 58.76s valid True)  pt    50.003  moves 3
   n10_s3_g1_mr1 tf 0  exact    54.540 ( 55.68s valid True)  pt    67.800  moves 4
   n10_s3_g2_mr0 tf 0  exact    28.163 (112.27s valid True)  pt    28.163  moves 1
   n10_s3_g2_mr1 tf 0  exact    43.670 ( 98.90s valid True)  pt    43.670  moves 1
   n10_s4_g1_mr0 tf 0  exact    63.025 ( 49.69s valid True)  pt    65.025  moves 3
   n10_s4_g1_mr1 tf 0  exact    63.025 ( 51.96s valid True)  pt    65.025  moves 3
   n10_s4_g2_mr0 tf 0  exact    41.713 ( 95.92s valid True)  pt    43.713  moves 1
   n10_s4_g2_mr1 tf 0  exact    46.659 ( 55.42s valid True)  pt    48.487  moves 3
e1 done
