part2: 50 instances, 0 already done
         n12_s0_g2_mr0  pose-tour   87.329  LB_an   83.329  ratio 1.048
         n12_s0_g2_mr1  pose-tour   92.921  LB_an   86.513  ratio 1.074
         n12_s1_g2_mr0  pose-tour   97.287  LB_an   91.287  ratio 1.066
         n12_s1_g2_mr1  pose-tour  106.062  LB_an   91.287  ratio 1.162
         n12_s2_g2_mr0  pose-tour   87.738  LB_an   81.738  ratio 1.073
         n12_s2_g2_mr1  pose-tour  154.335  LB_an   99.245  ratio 1.555
         n12_s3_g2_mr0  pose-tour   80.963  LB_an   76.963  ratio 1.052
         n12_s3_g2_mr1  pose-tour  100.470  LB_an   94.470  ratio 1.064
         n12_s4_g2_mr0  pose-tour   94.513  LB_an   88.104  ratio 1.073
         n12_s4_g2_mr1  pose-tour  100.470  LB_an   92.879  ratio 1.082
         n16_s0_g2_mr0  pose-tour   90.921  LB_an   83.329  ratio 1.091
         n16_s0_g2_mr1  pose-tour   94.513  LB_an   86.513  ratio 1.092
         n16_s1_g2_mr0  pose-tour   97.287  LB_an   91.287  ratio 1.066
         n16_s1_g2_mr1  pose-tour  108.062  LB_an   91.287  ratio 1.184
         n16_s2_g2_mr0  pose-tour   97.696  LB_an   88.104  ratio 1.109
         n16_s2_g2_mr1  pose-tour  158.335  LB_an   99.245  ratio 1.595
         n16_s3_g2_mr0  pose-tour   82.963  LB_an   76.963  ratio 1.078
         n16_s3_g2_mr1  pose-tour  112.020  LB_an   94.470  ratio 1.186
         n16_s4_g2_mr0  pose-tour   96.513  LB_an   88.104  ratio 1.095
         n16_s4_g2_mr1  pose-tour  102.879  LB_an   92.879  ratio 1.108
         n20_s0_g2_mr0  pose-tour   97.696  LB_an   89.696  ratio 1.089
         n20_s0_g2_mr1  pose-tour  103.287  LB_an   89.696  ratio 1.152
         n20_s1_g2_mr0  pose-tour  101.287  LB_an   91.287  ratio 1.110
         n20_s1_g2_mr1  pose-tour  110.062  LB_an   91.287  ratio 1.206
         n20_s2_g2_mr0  pose-tour   98.104  LB_an   88.104  ratio 1.114
         n20_s2_g2_mr1  pose-tour  162.335  LB_an   99.245  ratio 1.636
         n20_s3_g2_mr0  pose-tour   84.963  LB_an   76.963  ratio 1.104
         n20_s3_g2_mr1  pose-tour  151.152  LB_an   94.470  ratio 1.600
         n20_s4_g2_mr0  pose-tour   98.513  LB_an   88.104  ratio 1.118
         n20_s4_g2_mr1  pose-tour  104.470  LB_an   92.879  ratio 1.125
         n30_s0_g2_mr0  pose-tour  105.696  LB_an   89.696  ratio 1.178
         n30_s0_g2_mr1  pose-tour  109.287  LB_an   89.696  ratio 1.218
         n30_s1_g2_mr0  pose-tour  106.879  LB_an   91.287  ratio 1.171
         n30_s1_g2_mr1  pose-tour  120.428  LB_an   91.287  ratio 1.319
         n30_s2_g2_mr0  pose-tour  107.287  LB_an   88.104  ratio 1.218
         n30_s2_g2_mr1  pose-tour  168.335  LB_an   99.245  ratio 1.696
         n30_s3_g2_mr0  pose-tour  102.104  LB_an   80.146  ratio 1.274
         n30_s3_g2_mr1  pose-tour  157.152  LB_an   94.470  ratio 1.664
         n30_s4_g2_mr0  pose-tour  104.513  LB_an   88.104  ratio 1.186
         n30_s4_g2_mr1  pose-tour  109.287  LB_an   92.879  ratio 1.177
         n50_s0_g2_mr0  pose-tour  115.696  LB_an   89.696  ratio 1.290
         n50_s0_g2_mr1  pose-tour  164.377  LB_an   89.696  ratio 1.833
         n50_s1_g2_mr0  pose-tour  118.879  LB_an   91.287  ratio 1.302
         n50_s1_g2_mr1  pose-tour  163.298  LB_an   91.287  ratio 1.789
         n50_s2_g2_mr0  pose-tour  118.879  LB_an   92.879  ratio 1.280
         n50_s2_g2_mr1  pose-tour  185.110  LB_an   99.245  ratio 1.865
         n50_s3_g2_mr0  pose-tour  143.645  LB_an   92.879  ratio 1.547
         n50_s3_g2_mr1  pose-tour  163.152  LB_an   94.470  ratio 1.727
         n50_s4_g2_mr0  pose-tour  172.377  LB_an   91.287  ratio 1.888
         n50_s4_g2_mr1  pose-tour  167.560  LB_an   92.879  ratio 1.804
part2 done
         n12_s0_g2_mr0  LB_subset   85.329 ( 122.7 s) vs LB_analytic   83.329
         n12_s0_g2_mr1  LB_subset   90.513 ( 140.2 s) vs LB_analytic   86.513
         n12_s1_g2_mr0  LB_subset   93.287 (  77.8 s) vs LB_analytic   91.287
         n12_s1_g2_mr1  LB_subset  100.062 (  71.9 s) vs LB_analytic   91.287
         n12_s2_g2_mr0  LB_subset   83.738 ( 100.7 s) vs LB_analytic   81.738
         n12_s2_g2_mr1  LB_subset  152.335 (  84.5 s) vs LB_analytic   99.245
         n12_s3_g2_mr0  LB_subset   78.963 ( 135.2 s) vs LB_analytic   76.963
         n12_s3_g2_mr1  LB_subset   96.470 ( 144.4 s) vs LB_analytic   94.470
         n12_s4_g2_mr0  LB_subset   90.513 ( 200.4 s) vs LB_analytic   88.104
         n12_s4_g2_mr1  LB_subset   96.879 ( 156.7 s) vs LB_analytic   92.879
         n16_s0_g2_mr0  LB_subset   85.329 ( 133.3 s) vs LB_analytic   83.329
         n16_s0_g2_mr1  LB_subset   84.921 ( 109.8 s) vs LB_analytic   86.513
         n16_s1_g2_mr0  LB_subset   95.287 (  68.3 s) vs LB_analytic   91.287
         n16_s1_g2_mr1  LB_subset  102.062 (  55.4 s) vs LB_analytic   91.287
         n16_s2_g2_mr0  LB_subset   88.104 ( 128.9 s) vs LB_analytic   88.104
         n16_s2_g2_mr1  LB_subset  101.245 (  93.2 s) vs LB_analytic   99.245
         n16_s3_g2_mr0  LB_subset   78.963 (  79.3 s) vs LB_analytic   76.963
         n16_s3_g2_mr1  LB_subset   96.470 (  77.7 s) vs LB_analytic   94.470
         n16_s4_g2_mr0  LB_subset   90.513 (  98.6 s) vs LB_analytic   88.104
         n16_s4_g2_mr1  LB_subset   90.513 (  82.9 s) vs LB_analytic   92.879
         n20_s0_g2_mr0  LB_subset   93.696 ( 169.2 s) vs LB_analytic   89.696
         n20_s0_g2_mr1  LB_subset   91.696 ( 125.6 s) vs LB_analytic   89.696
         n20_s1_g2_mr0  LB_subset   93.287 (  75.4 s) vs LB_analytic   91.287
         n20_s1_g2_mr1  LB_subset  100.062 (  49.5 s) vs LB_analytic   91.287
         n20_s2_g2_mr0  LB_subset   88.921 (  47.6 s) vs LB_analytic   88.104
         n20_s2_g2_mr1  LB_subset  152.335 (  43.5 s) vs LB_analytic   99.245
         n20_s3_g2_mr0  LB_subset   80.963 (  67.1 s) vs LB_analytic   76.963
         n20_s3_g2_mr1  LB_subset   80.963 (  64.0 s) vs LB_analytic   94.470
         n20_s4_g2_mr0  LB_subset   92.104 (  62.1 s) vs LB_analytic   88.104
         n20_s4_g2_mr1  LB_subset   92.104 (  58.9 s) vs LB_analytic   92.879
         n30_s0_g2_mr0  LB_subset   94.104 (  58.2 s) vs LB_analytic   89.696
         n30_s0_g2_mr1  LB_subset   84.921 (  75.3 s) vs LB_analytic   89.696
         n30_s1_g2_mr0  LB_subset   90.104 (  52.9 s) vs LB_analytic   91.287
         n30_s1_g2_mr1  LB_subset   91.696 (  63.8 s) vs LB_analytic   91.287
         n30_s2_g2_mr0  LB_subset   88.104 (  48.5 s) vs LB_analytic   88.104
         n30_s2_g2_mr1  LB_subset   99.696 (  37.0 s) vs LB_analytic   99.245
         n30_s3_g2_mr0  LB_subset   81.738 (  28.4 s) vs LB_analytic   80.146
         n30_s3_g2_mr1  LB_subset   81.738 (  28.5 s) vs LB_analytic   94.470
         n30_s4_g2_mr0  LB_subset   88.921 (  40.4 s) vs LB_analytic   88.104
         n30_s4_g2_mr1  LB_subset   88.921 (  40.4 s) vs LB_analytic   92.879
         n50_s0_g2_mr0  LB_subset   91.696 (  36.4 s) vs LB_analytic   89.696
         n50_s0_g2_mr1  LB_subset   93.696 (  35.9 s) vs LB_analytic   89.696
         n50_s1_g2_mr0  LB_subset   89.696 (  39.5 s) vs LB_analytic   91.287
         n50_s1_g2_mr1  LB_subset   93.287 (  38.0 s) vs LB_analytic   91.287
         n50_s2_g2_mr0  LB_subset   92.513 (  40.7 s) vs LB_analytic   92.879
         n50_s2_g2_mr1  LB_subset  101.245 (  37.1 s) vs LB_analytic   99.245
         n50_s3_g2_mr0  LB_subset  131.645 (  23.1 s) vs LB_analytic   92.879
         n50_s3_g2_mr1  LB_subset  131.645 (  20.5 s) vs LB_analytic   94.470
         n50_s4_g2_mr0  LB_subset   95.287 (  24.2 s) vs LB_analytic   91.287
         n50_s4_g2_mr1  LB_subset   95.287 (  22.2 s) vs LB_analytic   92.879
part2lb done
