                case         full      nn-only  cover-order    no-refine      neither
        n8_s0_g2_mr0       83.329       83.329       83.329       83.329       83.329
        n8_s0_g2_mr1       86.513       86.513       86.513       86.513       86.513
        n8_s1_g2_mr0       95.287       95.287       95.287       95.287       95.287
        n8_s1_g2_mr1      104.062      104.062      104.062      104.062      104.062
        n8_s2_g2_mr0       85.738       85.738       85.738       85.738       85.738
        n8_s2_g2_mr1      154.335      154.335      154.335      154.335      154.335
        n8_s3_g2_mr0       78.963       78.963       78.963       78.963       78.963
        n8_s3_g2_mr1       94.470       94.470       94.470       94.470       94.470
        n8_s4_g2_mr0       94.513       94.513       94.513       94.513       94.513
        n8_s4_g2_mr1       98.470       98.470       98.470       98.470       98.470
       n12_s0_g2_mr0       87.329       87.329       87.329       87.329       87.329
       n12_s0_g2_mr1       92.921       92.921       92.921       92.921       92.921
       n12_s1_g2_mr0       97.287       97.287       97.287       97.287       97.287
       n12_s1_g2_mr1      106.062      106.062      106.062      106.062      106.062
       n12_s2_g2_mr0       87.738       87.738       87.738       87.738       87.738
       n12_s2_g2_mr1      154.335      154.335      154.335      154.335      154.335
       n12_s3_g2_mr0       80.963       80.963       80.963       80.963       80.963
       n12_s3_g2_mr1      100.470      100.470      100.470      100.470      100.470
       n12_s4_g2_mr0       94.513       94.513       94.513       94.513       94.513
       n12_s4_g2_mr1      100.470      100.470      100.470      100.470      100.470
       n20_s0_g2_mr0       97.696       97.696       97.696       97.696       97.696
       n20_s0_g2_mr1      103.287      103.287      103.287      103.287      103.287
       n20_s1_g2_mr0      101.287      101.287      101.287      103.287      103.287
       n20_s1_g2_mr1      110.062      110.062      110.062      110.062      110.062
       n20_s2_g2_mr0       98.104       98.104       98.104       98.104       98.104
       n20_s2_g2_mr1      162.335      162.335      162.335      162.335      162.335
       n20_s3_g2_mr0       84.963       84.963       84.963       84.963       84.963
       n20_s3_g2_mr1      151.152      151.152      151.152      151.152      151.152
       n20_s4_g2_mr0       98.513       98.513       98.513       98.513       98.513
       n20_s4_g2_mr1      104.470      104.470      104.470      104.470      104.470
       n50_s0_g2_mr0      115.696      115.696      115.696      115.696      115.696
       n50_s0_g2_mr1      164.377      164.377      164.377      166.377      166.377
       n50_s1_g2_mr0      118.879      118.879      118.879      119.287      119.287
       n50_s1_g2_mr1      163.298      163.298      163.298      163.298      163.298
       n50_s2_g2_mr0      118.879      118.879      118.879      118.879      118.879
       n50_s2_g2_mr1      185.110      185.110      185.110      185.110      185.110
       n50_s3_g2_mr0      143.645      143.645      143.645      143.645      143.645
       n50_s3_g2_mr1      163.152      163.152      163.152      163.152      163.152
       n50_s4_g2_mr0      172.377      172.377      172.377      172.377      172.377
       n50_s4_g2_mr1      167.560      167.560      167.560      167.560      167.560

--- D7: mean penalty of removing a stage, relative to full ---
       nn-only  mean  +0.00 %   max  +0.00 %   worse on 0/40
   cover-order  mean  +0.00 %   max  +0.00 %   worse on 0/40
     no-refine  mean  +0.09 %   max  +1.97 %   worse on 3/40
       neither  mean  +0.09 %   max  +1.97 %   worse on 3/40
