    n4_s0_g1_mr0 tf 126.8  exact   161.329 (  1.49s valid True)  pt   161.329  moves 1
    n4_s0_g1_mr1 tf 126.8  exact   169.696 (  1.54s valid True)  pt   169.696  moves 1
    n4_s0_g2_mr0 tf 126.8  exact   159.329 (  2.48s valid True)  pt   159.329  moves 1
    n4_s0_g2_mr1 tf 126.8  exact   162.513 (  2.20s valid True)  pt   162.513  moves 1
    n4_s1_g1_mr0 tf 126.8  exact   169.287 (  0.83s valid True)  pt   169.287  moves 1
    n4_s1_g1_mr1 tf 126.8  exact   425.467 (  0.50s valid True)  pt   427.467  moves 3
    n4_s1_g2_mr0 tf 126.8  exact   169.287 (  0.87s valid True)  pt   169.287  moves 1
    n4_s1_g2_mr1 tf 126.8  exact   174.062 (  0.35s valid True)  pt   174.062  moves 1
    n4_s2_g1_mr0 tf 126.8  exact   291.603 (  1.13s valid True)  pt   291.603  moves 2
    n4_s2_g1_mr1 tf 126.8  exact   288.828 (  0.97s valid True)  pt   288.828  moves 2
    n4_s2_g2_mr0 tf 126.8  exact   156.146 (  2.36s valid True)  pt   156.146  moves 1
    n4_s2_g2_mr1 tf 126.8  exact   175.245 (  1.20s valid True)  pt   175.245  moves 1
    n4_s3_g1_mr0 tf 126.8  exact   156.555 (  1.13s valid True)  pt   156.555  moves 1
    n4_s3_g1_mr1 tf 126.8  exact   301.560 (  0.67s valid True)  pt   301.560  moves 2
    n4_s3_g2_mr0 tf 126.8  exact   149.780 (  2.28s valid True)  pt   149.780  moves 1
    n4_s3_g2_mr1 tf 126.8  exact   170.470 (  1.33s valid True)  pt   170.470  moves 1
    n4_s4_g1_mr0 tf 126.8  exact   176.062 (  0.82s valid True)  pt   176.062  moves 1
    n4_s4_g1_mr1 tf 126.8  exact   308.335 (  0.46s valid True)  pt   308.335  moves 2
    n4_s4_g2_mr0 tf 126.8  exact   164.513 (  2.42s valid True)  pt   164.513  moves 1
    n4_s4_g2_mr1 tf 126.8  exact   169.287 (  2.08s valid True)  pt   169.287  moves 1
    n4_s5_g1_mr0 tf 126.8  exact   165.329 (  1.80s valid True)  pt   165.329  moves 1
    n4_s5_g1_mr1 tf 126.8  exact   155.372 (  2.47s valid True)  pt   155.372  moves 1
    n4_s5_g2_mr0 tf 126.8  exact   154.555 (  2.42s valid True)  pt   154.555  moves 1
    n4_s5_g2_mr1 tf 126.8  exact   175.245 (  2.35s valid True)  pt   175.245  moves 1
    n4_s6_g1_mr0 tf 126.8  exact   161.329 (  1.39s valid True)  pt   161.329  moves 1
    n4_s6_g1_mr1 tf 126.8  exact   290.419 (  1.32s valid True)  pt   290.419  moves 2
    n4_s6_g2_mr0 tf 126.8  exact   135.456 (  1.60s valid True)  pt   135.456  moves 1
    n4_s6_g2_mr1 tf 126.8  exact   151.780 (  1.42s valid True)  pt   151.780  moves 1
    n4_s7_g1_mr0 tf 126.8  exact   172.470 (  1.00s valid True)  pt   172.470  moves 1
    n4_s7_g1_mr1 tf 126.8  exact   184.428 (  1.40s valid True)  pt   311.518  moves 1
    n4_s7_g2_mr0 tf 126.8  exact   166.104 (  0.59s valid True)  pt   166.104  moves 1
    n4_s7_g2_mr1 tf 126.8  exact   167.696 (  0.85s valid True)  pt   167.696  moves 1
    n4_s8_g1_mr0 tf 126.8  exact   164.513 (  1.61s valid True)  pt   164.513  moves 1
    n4_s8_g1_mr1 tf 126.8  exact   169.696 (  1.47s valid True)  pt   169.696  moves 1
    n4_s8_g2_mr0 tf 126.8  exact   162.513 (  2.91s valid True)  pt   162.513  moves 1
    n4_s8_g2_mr1 tf 126.8  exact   167.287 (  2.28s valid True)  pt   167.287  moves 1
    n4_s9_g1_mr0 tf 126.8  exact   300.377 (  0.94s valid True)  pt   301.164  moves 2
    n4_s9_g1_mr1 tf 126.8  exact   181.245 (  1.33s valid True)  pt   181.245  moves 1
    n4_s9_g2_mr0 tf 126.8  exact   157.738 (  2.17s valid True)  pt   157.738  moves 1
    n4_s9_g2_mr1 tf 126.8  exact   176.837 (  2.03s valid True)  pt   176.837  moves 1
    n6_s0_g1_mr0 tf 126.8  exact   290.419 (  5.14s valid True)  pt   292.419  moves 2
    n6_s0_g1_mr1 tf 126.8  exact   298.786 (  5.31s valid True)  pt   298.786  moves 2
    n6_s0_g2_mr0 tf 126.8  exact   159.329 (  9.45s valid True)  pt   159.329  moves 1
    n6_s0_g2_mr1 tf 126.8  exact   162.513 (  9.22s valid True)  pt   162.513  moves 1
    n6_s1_g1_mr0 tf 126.8  exact   298.377 (  3.97s valid True)  pt   300.377  moves 2
    n6_s1_g1_mr1 tf 126.8  exact   429.467 (  2.22s valid True)  pt   431.467  moves 3
    n6_s1_g2_mr0 tf 126.8  exact   169.287 (  5.68s valid True)  pt   169.287  moves 1
    n6_s1_g2_mr1 tf 126.8  exact   176.062 (  2.84s valid True)  pt   176.062  moves 1
    n6_s2_g1_mr0 tf 126.8  exact   422.693 (  5.72s valid True)  pt   422.693  moves 3
    n6_s2_g1_mr1 tf 126.8  exact   417.918 (  7.93s valid True)  pt   417.918  moves 3
    n6_s2_g2_mr0 tf 126.8  exact   159.738 ( 13.40s valid True)  pt   159.738  moves 1
    n6_s2_g2_mr1 tf 126.8  exact   304.335 ( 10.21s valid True)  pt   304.335  moves 2
    n6_s3_g1_mr0 tf 126.8  exact   295.603 (  8.35s valid True)  pt   295.603  moves 2
    n6_s3_g1_mr1 tf 126.8  exact   430.650 (  3.97s valid True)  pt   432.650  moves 3
    n6_s3_g2_mr0 tf 126.8  exact   154.963 (  8.80s valid True)  pt   154.963  moves 1
    n6_s3_g2_mr1 tf 126.8  exact   170.470 (  7.55s valid True)  pt   170.470  moves 1
    n6_s4_g1_mr0 tf 126.8  exact   180.062 (  2.77s valid True)  pt   180.062  moves 1
    n6_s4_g1_mr1 tf 126.8  exact   312.335 (  2.91s valid True)  pt   439.425  moves 2
    n6_s4_g2_mr0 tf 126.8  exact   166.513 (  5.05s valid True)  pt   166.513  moves 1
    n6_s4_g2_mr1 tf 126.8  exact   171.287 (  3.41s valid True)  pt   171.287  moves 1
    n6_s5_g1_mr0 tf 126.8  exact   165.329 (  4.92s valid True)  pt   165.329  moves 1
    n6_s5_g1_mr1 tf 126.8  exact   162.555 (  5.07s valid True)  pt   162.555  moves 1
    n6_s5_g2_mr0 tf 126.8  exact   154.963 (  9.72s valid True)  pt   155.372  moves 1
    n6_s5_g2_mr1 tf 126.8  exact   175.245 (  7.56s valid True)  pt   175.245  moves 1
    n6_s6_g1_mr0 tf 126.8  exact   164.921 (  5.21s valid True)  pt   164.921  moves 1
    n6_s6_g1_mr1 tf 126.8  exact   294.011 (  4.99s valid True)  pt   294.011  moves 2
    n6_s6_g2_mr0 tf 126.8  exact   158.146 (  5.17s valid True)  pt   158.146  moves 1
    n6_s6_g2_mr1 tf 126.8  exact   158.146 (  4.16s valid True)  pt   158.146  moves 1
    n6_s7_g1_mr0 tf 126.8  exact   311.518 (  3.03s valid True)  pt   311.518  moves 2
    n6_s7_g1_mr1 tf 126.8  exact   186.428 (  5.45s valid True)  pt   313.518  moves 1
    n6_s7_g2_mr0 tf 126.8  exact   166.104 (  5.39s valid True)  pt   166.104  moves 1
    n6_s7_g2_mr1 tf 126.8  exact   169.696 (  3.63s valid True)  pt   169.696  moves 1
    n6_s8_g1_mr0 tf 126.8  exact   293.603 (  8.22s valid True)  pt   293.603  moves 2
    n6_s8_g1_mr1 tf 126.8  exact   298.786 (  7.71s valid True)  pt   303.969  moves 2
    n6_s8_g2_mr0 tf 126.8  exact   162.513 ( 15.83s valid True)  pt   162.513  moves 1
    n6_s8_g2_mr1 tf 126.8  exact   167.287 ( 11.86s valid True)  pt   167.287  moves 1
    n6_s9_g1_mr0 tf 126.8  exact   304.377 (  7.65s valid True)  pt   305.164  moves 2
    n6_s9_g1_mr1 tf 126.8  exact   185.245 (  8.06s valid True)  pt   185.245  moves 1
    n6_s9_g2_mr0 tf 126.8  exact   159.738 ( 10.11s valid True)  pt   159.738  moves 1
    n6_s9_g2_mr1 tf 126.8  exact   176.837 (  7.71s valid True)  pt   176.837  moves 1
    n8_s0_g1_mr0 tf 126.8  exact   294.419 ( 20.45s valid True)  pt   294.419  moves 2
    n8_s0_g1_mr1 tf 126.8  exact   300.786 ( 21.85s valid True)  pt   300.786  moves 2
    n8_s0_g2_mr0 tf 126.8  exact   159.329 ( 40.20s valid True)  pt   159.329  moves 1
    n8_s0_g2_mr1 tf 126.8  exact   162.513 ( 37.71s valid True)  pt   162.513  moves 1
    n8_s1_g1_mr0 tf 126.8  exact   304.377 ( 16.74s valid True)  pt   304.377  moves 2
    n8_s1_g1_mr1 tf 126.8  exact   433.571 ( 10.11s valid True)  pt   433.571  moves 3
    n8_s1_g2_mr0 tf 126.8  exact   171.287 ( 21.13s valid True)  pt   171.287  moves 1
    n8_s1_g2_mr1 tf 126.8  exact   180.062 ( 10.91s valid True)  pt   180.062  moves 1
    n8_s2_g1_mr0 tf 126.8  exact   422.693 ( 26.11s valid True)  pt   422.693  moves 3
    n8_s2_g1_mr1 tf 126.8  exact   419.918 ( 32.11s valid True)  pt   419.918  moves 3
    n8_s2_g2_mr0 tf 126.8  exact   159.738 ( 30.38s valid True)  pt   161.738  moves 1
    n8_s2_g2_mr1 tf 126.8  exact   304.335 ( 24.49s valid True)  pt   306.335  moves 2
    n8_s3_g1_mr0 tf 126.8  exact   297.603 ( 20.17s valid True)  pt   297.603  moves 2
    n8_s3_g1_mr1 tf 126.8  exact   432.650 ( 19.01s valid True)  pt   444.200  moves 3
    n8_s3_g2_mr0 tf 126.8  exact   154.963 ( 39.83s valid True)  pt   154.963  moves 1
    n8_s3_g2_mr1 tf 126.8  exact   170.470 ( 45.48s valid True)  pt   170.470  moves 1
    n8_s4_g1_mr0 tf 126.8  exact   319.110 ( 15.32s valid True)  pt   321.110  moves 2
    n8_s4_g1_mr1 tf 126.8  exact   441.425 ( 19.69s valid True)  pt   443.425  moves 3
    n8_s4_g2_mr0 tf 126.8  exact   170.513 ( 30.77s valid True)  pt   170.513  moves 1
    n8_s4_g2_mr1 tf 126.8  exact   174.470 ( 22.52s valid True)  pt   174.470  moves 1
    n8_s5_g1_mr0 tf 126.8  exact   294.419 ( 20.19s valid True)  pt   296.419  moves 2
    n8_s5_g1_mr1 tf 126.8  exact   305.969 ( 19.77s valid True)  pt   305.969  moves 2
    n8_s5_g2_mr0 tf 126.8  exact   156.555 ( 39.63s valid True)  pt   156.555  moves 1
    n8_s5_g2_mr1 tf 126.8  exact   177.245 ( 29.85s valid True)  pt   177.245  moves 1
    n8_s6_g1_mr0 tf 126.8  exact   170.104 ( 20.48s valid True)  pt   170.104  moves 1
    n8_s6_g1_mr1 tf 126.8  exact   296.011 ( 19.38s valid True)  pt   296.011  moves 2
    n8_s6_g2_mr0 tf 126.8  exact   160.146 ( 19.28s valid True)  pt   163.329  moves 1
    n8_s6_g2_mr1 tf 126.8  exact   160.146 ( 14.58s valid True)  pt   160.146  moves 1
    n8_s7_g1_mr0 tf 126.8  exact   313.518 ( 18.75s valid True)  pt   313.518  moves 2
    n8_s7_g1_mr1 tf 126.8  exact   313.518 ( 19.45s valid True)  pt   317.518  moves 2
    n8_s7_g2_mr0 tf 126.8  exact   168.104 ( 18.14s valid True)  pt   169.287  moves 1
    n8_s7_g2_mr1 tf 126.8  exact   169.696 ( 14.40s valid True)  pt   169.696  moves 1
    n8_s8_g1_mr0 tf 126.8  exact   295.603 ( 19.53s valid True)  pt   295.603  moves 2
    n8_s8_g1_mr1 tf 126.8  exact   300.786 ( 19.31s valid True)  pt   305.969  moves 2
    n8_s8_g2_mr0 tf 126.8  exact   163.329 ( 38.71s valid True)  pt   163.329  moves 1
    n8_s8_g2_mr1 tf 126.8  exact   167.696 ( 29.18s valid True)  pt   169.287  moves 1
    n8_s9_g1_mr0 tf 126.8  exact   307.164 ( 18.93s valid True)  pt   307.164  moves 2
    n8_s9_g1_mr1 tf 126.8  exact   187.245 ( 18.88s valid True)  pt   187.245  moves 1
    n8_s9_g2_mr0 tf 126.8  exact   161.329 ( 38.13s valid True)  pt   161.738  moves 1
    n8_s9_g2_mr1 tf 126.8  exact   176.837 ( 28.34s valid True)  pt   176.837  moves 1
   n10_s0_g1_mr0 tf 126.8  exact   298.419 ( 82.76s valid True)  pt   298.419  moves 2
   n10_s0_g1_mr1 tf 126.8  exact   302.786 ( 82.23s valid True)  pt   302.786  moves 2
   n10_s0_g2_mr0 tf 126.8  exact   161.329 (163.21s valid True)  pt   161.329  moves 1
   n10_s0_g2_mr1 tf 126.8  exact   167.696 (158.85s valid True)  pt   167.696  moves 1
   n10_s1_g1_mr0 tf 126.8  exact   308.377 ( 68.87s valid True)  pt   308.377  moves 2
   n10_s1_g1_mr1 tf 126.8  exact   436.571 ( 57.48s valid True)  pt   436.571  moves 3
   n10_s1_g2_mr0 tf 126.8  exact   171.287 (109.37s valid True)  pt   171.696  moves 1
   n10_s1_g2_mr1 tf 126.8  exact   181.653 ( 59.47s valid True)  pt   182.062  moves 1
   n10_s2_g1_mr0 tf 126.8  exact   426.693 ( 84.80s valid True)  pt   426.693  moves 3
   n10_s2_g1_mr1 tf 126.8  exact   431.876 ( 82.39s valid True)  pt   431.876  moves 3
   n10_s2_g2_mr0 tf 126.8  exact   161.738 (131.99s valid True)  pt   161.738  moves 1
   n10_s2_g2_mr1 tf 126.8  exact   304.335 (105.11s valid True)  pt   306.335  moves 2
   n10_s3_g1_mr0 tf 126.8  exact   303.603 ( 67.54s valid True)  pt   303.603  moves 2
   n10_s3_g1_mr1 tf 126.8  exact   438.650 ( 56.81s valid True)  pt   448.200  moves 3
   n10_s3_g2_mr0 tf 126.8  exact   156.963 (119.75s valid True)  pt   156.963  moves 1
   n10_s3_g2_mr1 tf 126.8  exact   172.470 (110.18s valid True)  pt   176.470  moves 1
   n10_s4_g1_mr0 tf 126.8  exact   443.425 ( 51.81s valid True)  pt   445.425  moves 3
   n10_s4_g1_mr1 tf 126.8  exact   443.425 ( 49.90s valid True)  pt   445.425  moves 3
   n10_s4_g2_mr0 tf 126.8  exact   170.513 (100.84s valid True)  pt   170.513  moves 1
   n10_s4_g2_mr1 tf 126.8  exact   175.287 ( 77.08s valid True)  pt   175.287  moves 1
e1 done
