                case         full      nn-only  cover-order    no-refine      neither
        n8_s0_g2_mr0       32.529       32.529       32.529       32.529       32.529
        n8_s0_g2_mr1       35.713       35.713       35.713       35.713       35.713
        n8_s1_g2_mr0       44.487       44.487       44.487       44.487       44.487
        n8_s1_g2_mr1       46.777       46.777       46.777       46.777       46.777
        n8_s2_g2_mr0       33.636       33.636       33.636       33.636       33.636
        n8_s2_g2_mr1       50.735       50.735       50.735       50.735       50.735
        n8_s3_g2_mr0       28.163       28.163       28.163       28.163       28.163
        n8_s3_g2_mr1       43.670       43.670       43.670       43.670       43.670
        n8_s4_g2_mr0       41.713       41.713       41.713       43.064       43.064
        n8_s4_g2_mr1       47.670       47.670       47.670       47.670       47.670
       n12_s0_g2_mr0       36.819       36.819       36.819       36.819       36.819
       n12_s0_g2_mr1       43.713       43.713       43.713       45.381       45.381
       n12_s1_g2_mr0       46.487       46.487       46.487       46.777       46.777
       n12_s1_g2_mr1       46.881       46.881       46.881       46.881       46.881
       n12_s2_g2_mr0       35.636       35.636       35.636       35.636       35.636
       n12_s2_g2_mr1       52.735       52.735       52.735       52.735       52.735
       n12_s3_g2_mr0       30.163       30.163       30.163       30.163       30.163
       n12_s3_g2_mr1       43.670       43.670       43.670       43.713       43.713
       n12_s4_g2_mr0       43.713       43.713       43.713       43.713       43.713
       n12_s4_g2_mr1       48.487       48.487       48.487       49.670       49.670
       n20_s0_g2_mr0       49.186       49.186       49.186       49.186       49.186
       n20_s0_g2_mr1       51.960       51.960       51.960       52.487       52.487
       n20_s1_g2_mr0       49.186       49.186       49.186       49.671       49.671
       n20_s1_g2_mr1       50.777       50.777       50.777       50.777       50.777
       n20_s2_g2_mr0       43.304       43.304       43.304       43.518       43.518
       n20_s2_g2_mr1       56.735       56.735       56.735       56.735       56.735
       n20_s3_g2_mr0       36.163       36.163       36.163       36.163       36.163
       n20_s3_g2_mr1       49.552       49.552       49.552       49.973       49.973
       n20_s4_g2_mr0       47.713       47.713       47.713       47.713       47.713
       n20_s4_g2_mr1       52.777       52.777       52.777       53.670       53.670
       n50_s0_g2_mr0       59.689       59.689       59.689       59.766       59.766
       n50_s0_g2_mr1       67.067       67.067       67.067       67.067       67.067
       n50_s1_g2_mr0       63.766       63.766       63.766       63.766       63.766
       n50_s1_g2_mr1       67.067       67.067       67.067       67.357       67.357
       n50_s2_g2_mr0       65.763       65.763       65.763       66.053       66.053
       n50_s2_g2_mr1       80.090       80.090       80.090       80.090       80.090
       n50_s3_g2_mr0       67.842       67.842       67.842       68.132       68.132
       n50_s3_g2_mr1       71.129       71.129       71.129       71.129       71.129
       n50_s4_g2_mr0       65.067       65.067       65.067       65.067       65.067
       n50_s4_g2_mr1       67.067       67.067       67.067       67.357       67.357

--- D7: mean penalty of removing a stage, relative to full ---
       nn-only  mean  +0.00 %   max  +0.00 %   worse on 0/40
   cover-order  mean  +0.00 %   max  +0.00 %   worse on 0/40
     no-refine  mean  +0.43 %   max  +3.82 %   worse on 15/40
       neither  mean  +0.43 %   max  +3.82 %   worse on 15/40
