1791288412.9902 pids monitor [1844602] recorder [1844585] ros2_control_node [1843706]
1791288415.1810   event 0: {'kind': 'retract', 'gantry': 1, 'stop': 0}
1791288415.1811   event 1: {'kind': 'traverse', 'gantry': 1, 'stop': 0, 'frm': (0.0, 0.0), 'to': (0.9, 0.0)}
1791288415.1811   event 2: {'kind': 'task', 'gantry': 1, 'stop': 0, 'arm': 'arm_1', 'task': 4, 'xyz': [1.3571, 0.3882, 1.24]}
1791288415.1811   event 3: {'kind': 'retract', 'gantry': 1, 'stop': 1}
1791288415.1812   event 4: {'kind': 'traverse', 'gantry': 1, 'stop': 1, 'frm': (0.9, 0.0), 'to': (1.35, 0.0)}
1791288415.1812   event 5: {'kind': 'task', 'gantry': 1, 'stop': 1, 'arm': 'arm_1', 'task': 3, 'xyz': [1.8571, 0.3176, 1.08]}
1791288415.1812   event 6: {'kind': 'retract', 'gantry': 2, 'stop': 0}
1791288415.1813   event 7: {'kind': 'traverse', 'gantry': 2, 'stop': 0, 'frm': (0.0, 0.0), 'to': (0.6, -0.17453292519943295)}
1791288415.1813   event 8: {'kind': 'task', 'gantry': 2, 'stop': 0, 'arm': 'arm_3', 'task': 0, 'xyz': [0.7857, -0.4588, 1.0]}
1791288415.1813   event 9: {'kind': 'task', 'gantry': 2, 'stop': 0, 'arm': 'arm_4', 'task': 1, 'xyz': [0.3571, -0.3176, 1.08]}
1791288415.1814   event 10: {'kind': 'task', 'gantry': 2, 'stop': 0, 'arm': 'arm_3', 'task': 5, 'xyz': [0.9286, -0.4588, 1.0]}
1791288415.1814   event 11: {'kind': 'retract', 'gantry': 2, 'stop': 1}
1791288415.1814   event 12: {'kind': 'traverse', 'gantry': 2, 'stop': 1, 'frm': (0.6, -0.17453292519943295), 'to': (1.45, 0.0)}
1791288415.1815   event 13: {'kind': 'task', 'gantry': 2, 'stop': 1, 'arm': 'arm_3', 'task': 2, 'xyz': [1.9286, -0.3176, 1.16]}
1791288415.1815 awal: maks |q - REST| keempat lengan 0.000 deg; rel t1 0.000000 t2 0.000000
1791288415.1821 ===== t0 1791288415.1821
1791288415.1827   [0] retract g1  
1791288417.6746   [0] rc=0 2.49 s
1791288417.6753   [1] traverse g1  (0.9, 0.0)
1791288475.5934   [1] rc=0 57.92 s
1791288475.5950   [2] task g1 arm_1 [1.3571, 0.3882, 1.24]
1791288515.6572   [2] rc=0 40.06 s success@100.28
1791288515.6583   [3] retract g1  
1791288569.2235   [3] rc=0 53.57 s
1791288569.2255   [4] traverse g1  (1.35, 0.0)
1791288602.0823   [4] rc=0 32.86 s
1791288602.0842   [5] task g1 arm_1 [1.8571, 0.3176, 1.08]
1791288657.0111   [5] rc=0 54.93 s success@241.63
1791288657.0123   [6] retract g2  
1791288659.5214   [6] rc=0 2.51 s
1791288659.5226   [7] traverse g2  (0.6, -0.17453292519943295)
1791288703.5428   [7] rc=0 44.02 s
1791288703.5449   [8] task g2 arm_3 [0.7857, -0.4588, 1.0]
1791288757.2611   [8] rc=0 53.72 s success@341.88
1791288757.2627   [9] task g2 arm_4 [0.3571, -0.3176, 1.08]
1791288816.9633   [9] rc=0 59.70 s success@401.58
1791288816.9654   [10] task g2 arm_3 [0.9286, -0.4588, 1.0]
1791288851.9625   [10] rc=0 35.00 s success@436.58
1791288851.9643   [11] retract g2  
1791288907.8565   [11] rc=0 55.89 s
1791288907.8582   [12] traverse g2  (1.45, 0.0)
1791288967.0750   [12] rc=0 59.22 s
1791288967.0766   [13] task g2 arm_3 [1.9286, -0.3176, 1.16]
1791289017.2844   [13] rc=0 50.21 s success@601.88
1791289017.2854 SELESAI: 6/6 tugas sukses; makespan terukur 601.88 s
