10 pasangan dari ../docs/results/p1_g18/b2_pairs.txt, rel 0.550 m (geser x +0.0 mm), 3/3, arm_2 dengan arm_1 DITEMPATKAN
[INFO] [1789965361.565394921] [reach_dwell_probe]: torsi RNEA+offset(per-aktuator) vs rating: 1=0.06->6.66/10, 2=4.84->11.44/14, 3=2.10->8.70/10, 4=0.35->2.33/7, 5=0.06->2.04/7, 6=0.00->1.98/7  (terketat t1_a1_joint_3 87 %)
[INFO] [1789965387.671577322] [reach_dwell_probe]: jarak antar-lengan minimum sepanjang rencana: 553.7 mm di titik 48 (t1_a1_arm_link_0 <-> t1_a2_arm_link_0) -> CLEAR
[INFO] [1789965387.732869598] [reach_dwell_probe]: torsi RNEA+offset(per-aktuator) vs rating: 1=0.03->6.63/10, 2=1.35->7.95/14, 3=2.44->9.04/10, 4=0.41->2.39/7, 5=0.06->2.04/7, 6=0.00->1.98/7  (terketat t1_a2_joint_3 90 %)
[INFO] [1789965414.022609166] [reach_dwell_probe]: jarak antar-lengan minimum sepanjang rencana: 619.2 mm di titik 73 (t1_a1_lower_wrist_link_0 <-> t1_a2_lower_wrist_link_0) -> CLEAR
[INFO] [1789965414.090402970] [reach_dwell_probe]: torsi RNEA+offset(per-aktuator) vs rating: 1=0.00->6.60/10, 2=2.80->9.40/14, 3=2.42->9.02/10, 4=0.40->2.38/7, 5=0.07->2.05/7, 6=0.00->1.98/7  (terketat t1_a1_joint_3 90 %)
[INFO] [1789965436.942374269] [reach_dwell_probe]: jarak antar-lengan minimum sepanjang rencana: 468.7 mm di titik 125 (t1_a1_arm_link_0 <-> t1_a2_arm_link_0) -> CLEAR
[INFO] [1789965436.988665532] [reach_dwell_probe]: torsi RNEA+offset(per-aktuator) vs rating: 1=0.04->6.64/10, 2=1.63->8.23/14, 3=2.43->9.03/10, 4=0.41->2.39/7, 5=0.06->2.04/7, 6=0.00->1.98/7  (terketat t1_a2_joint_3 90 %)
[INFO] [1789965461.947930384] [reach_dwell_probe]: jarak antar-lengan minimum sepanjang rencana: 422.1 mm di titik 80 (t1_a1_arm_link_0 <-> t1_a2_lower_wrist_link_0) -> CLEAR
[INFO] [1789965462.016683303] [reach_dwell_probe]: torsi RNEA+offset(per-aktuator) vs rating: 1=0.02->6.62/10, 2=4.92->11.52/14, 3=2.15->8.75/10, 4=0.37->2.35/7, 5=0.11->2.09/7, 6=0.00->1.98/7  (terketat t1_a1_joint_3 87 %)
[INFO] [1789965487.464327442] [reach_dwell_probe]: jarak antar-lengan minimum sepanjang rencana: 622.7 mm di titik 0 (t1_a1_arm_link_0 <-> t1_a2_arm_link_0) -> CLEAR
[INFO] [1789965487.523973651] [reach_dwell_probe]: torsi RNEA+offset(per-aktuator) vs rating: 1=0.06->6.66/10, 2=6.03->12.63/14, 3=1.49->8.09/10, 4=0.28->2.26/7, 5=0.05->2.03/7, 6=0.00->1.98/7  (terketat t1_a2_joint_2 90 %)
[INFO] [1789965509.160416136] [reach_dwell_probe]: jarak antar-lengan minimum sepanjang rencana: 675.8 mm di titik 78 (t1_a1_arm_link_0 <-> t1_a2_arm_link_0) -> CLEAR
  pasangan  1 @rel 0.550: a1(1.000,0.318,1.240) a2(0.214,0.247,1.240) -> PLANNED/PLANNED/PLANNED  LOLOS
[INFO] [1789965509.215095743] [reach_dwell_probe]: torsi RNEA+offset(per-aktuator) vs rating: 1=0.24->6.84/10, 2=7.51->14.11/14, 3=1.48->8.08/10, 4=0.21->2.19/7, 5=0.06->2.04/7, 6=0.00->1.98/7  (terketat t1_a1_joint_2 101 %)
[ERROR] [1789965509.215403730] [reach_dwell_probe]: A6/S3: rencana DITOLAK SEBELUM GERAK -- t1_a1_joint_2 diperkirakan 14.11 N.m > rating 14. Pose ini menuntut torsi di atas rating sendi; itu sifat POSE, bukan sifat penjaga. (Penyaring sengaja konservatif: pada kalibrasi G16 ia menolak 1 dari 4 pose yang ternyata aman.)
  pasangan  2 @rel 0.550: a1(0.857,0.035,1.080) a2(0.286,0.529,1.160) -> a1:TORQUE-UNSAFE  ditolak
[INFO] [1789965509.278875922] [reach_dwell_probe]: torsi RNEA+offset(per-aktuator) vs rating: 1=0.02->6.62/10, 2=1.29->7.89/14, 3=1.47->8.07/10, 4=0.25->2.23/7, 5=0.08->2.06/7, 6=0.00->1.98/7  (terketat t1_a1_joint_3 81 %)
[INFO] [1789965536.297229944] [reach_dwell_probe]: jarak antar-lengan minimum sepanjang rencana: 538.1 mm di titik 128 (t1_a1_upper_wrist_link_0 <-> t1_a2_upper_wrist_link_0) -> CLEAR
[INFO] [1789965536.325804689] [reach_dwell_probe]: torsi RNEA+offset(per-aktuator) vs rating: 1=0.01->6.61/10, 2=3.05->9.65/14, 3=1.67->8.27/10, 4=0.24->2.22/7, 5=0.06->2.04/7, 6=0.00->1.98/7  (terketat t1_a2_joint_3 83 %)
[INFO] [1789965544.227492059] [reach_dwell_probe]: jarak antar-lengan minimum sepanjang rencana: 538.1 mm di titik 0 (t1_a1_upper_wrist_link_0 <-> t1_a2_upper_wrist_link_0) -> CLEAR
[INFO] [1789965544.273141096] [reach_dwell_probe]: torsi RNEA+offset(per-aktuator) vs rating: 1=0.00->6.60/10, 2=0.95->7.55/14, 3=1.29->7.89/10, 4=0.25->2.23/7, 5=0.06->2.04/7, 6=0.00->1.98/7  (terketat t1_a1_joint_3 79 %)
[INFO] [1789965559.643426283] [reach_dwell_probe]: jarak antar-lengan minimum sepanjang rencana: 537.7 mm di titik 72 (t1_a1_upper_wrist_link_0 <-> t1_a2_upper_wrist_link_0) -> CLEAR
[INFO] [1789965559.677299753] [reach_dwell_probe]: torsi RNEA+offset(per-aktuator) vs rating: 1=0.01->6.61/10, 2=5.08->11.68/14, 3=0.51->7.11/10, 4=0.01->1.99/7, 5=0.06->2.04/7, 6=0.00->1.98/7  (terketat t1_a2_joint_2 83 %)
[INFO] [1789965573.809127038] [reach_dwell_probe]: jarak antar-lengan minimum sepanjang rencana: 537.7 mm di titik 0 (t1_a1_upper_wrist_link_0 <-> t1_a2_upper_wrist_link_0) -> CLEAR
[INFO] [1789965573.868513754] [reach_dwell_probe]: torsi RNEA+offset(per-aktuator) vs rating: 1=0.03->6.63/10, 2=4.08->10.68/14, 3=0.59->7.19/10, 4=0.02->2.00/7, 5=0.06->2.04/7, 6=0.00->1.98/7  (terketat t1_a1_joint_2 76 %)
[INFO] [1789965599.071744805] [reach_dwell_probe]: jarak antar-lengan minimum sepanjang rencana: 528.2 mm di titik 126 (t1_a1_upper_wrist_link_0 <-> t1_a2_upper_wrist_link_0) -> CLEAR
[INFO] [1789965599.121801287] [reach_dwell_probe]: torsi RNEA+offset(per-aktuator) vs rating: 1=0.00->6.60/10, 2=3.07->9.67/14, 3=1.71->8.31/10, 4=0.25->2.23/7, 5=0.06->2.04/7, 6=0.00->1.98/7  (terketat t1_a2_joint_3 83 %)
[INFO] [1789965614.840246877] [reach_dwell_probe]: jarak antar-lengan minimum sepanjang rencana: 528.2 mm di titik 0 (t1_a1_upper_wrist_link_0 <-> t1_a2_upper_wrist_link_0) -> CLEAR
  pasangan  3 @rel 0.550: a1(0.786,0.388,1.000) a2(0.071,0.176,1.000) -> PLANNED/PLANNED/PLANNED  LOLOS
[INFO] [1789965614.879673946] [reach_dwell_probe]: torsi RNEA+offset(per-aktuator) vs rating: 1=0.03->6.63/10, 2=5.49->12.09/14, 3=2.51->9.11/10, 4=0.40->2.38/7, 5=0.06->2.04/7, 6=0.00->1.98/7  (terketat t1_a1_joint_3 91 %)
[INFO] [1789965629.109720761] [reach_dwell_probe]: jarak antar-lengan minimum sepanjang rencana: 622.7 mm di titik 0 (t1_a1_arm_link_0 <-> t1_a2_arm_link_0) -> CLEAR
[INFO] [1789965629.175447481] [reach_dwell_probe]: torsi RNEA+offset(per-aktuator) vs rating: 1=0.06->6.66/10, 2=8.26->14.86/14, 3=0.60->7.20/10, 4=0.11->2.09/7, 5=0.06->2.04/7, 6=0.00->1.98/7  (terketat t1_a2_joint_2 106 %)
[ERROR] [1789965629.175893307] [reach_dwell_probe]: A6/S3: rencana DITOLAK SEBELUM GERAK -- t1_a2_joint_2 diperkirakan 14.86 N.m > rating 14. Pose ini menuntut torsi di atas rating sendi; itu sifat POSE, bukan sifat penjaga. (Penyaring sengaja konservatif: pada kalibrasi G16 ia menolak 1 dari 4 pose yang ternyata aman.)
  pasangan  4 @rel 0.550: a1(1.286,0.459,1.160) a2(0.500,0.388,1.240) -> a2:TORQUE-UNSAFE  ditolak
[INFO] [1789965629.217733619] [reach_dwell_probe]: torsi RNEA+offset(per-aktuator) vs rating: 1=0.10->6.70/10, 2=7.01->13.61/14, 3=0.71->7.31/10, 4=0.06->2.04/7, 5=0.06->2.04/7, 6=0.00->1.98/7  (terketat t1_a1_joint_2 97 %)
[INFO] [1789965644.461026684] [reach_dwell_probe]: jarak antar-lengan minimum sepanjang rencana: 431.6 mm di titik 52 (t1_a1_forearm_link_0 <-> t1_a2_arm_link_0) -> CLEAR
[INFO] [1789965644.512245932] [reach_dwell_probe]: torsi RNEA+offset(per-aktuator) vs rating: 1=0.10->6.70/10, 2=6.58->13.18/14, 3=1.07->7.67/10, 4=0.22->2.20/7, 5=0.06->2.04/7, 6=0.00->1.98/7  (terketat t1_a2_joint_2 94 %)
[INFO] [1789965660.949591513] [reach_dwell_probe]: jarak antar-lengan minimum sepanjang rencana: 503.1 mm di titik 0 (t1_a1_forearm_link_0 <-> t1_a2_arm_link_0) -> CLEAR
[INFO] [1789965660.994844700] [reach_dwell_probe]: torsi RNEA+offset(per-aktuator) vs rating: 1=0.12->6.72/10, 2=7.21->13.81/14, 3=0.47->7.07/10, 4=0.01->1.99/7, 5=0.05->2.03/7, 6=0.00->1.98/7  (terketat t1_a1_joint_2 99 %)
[INFO] [1789965675.661140320] [reach_dwell_probe]: jarak antar-lengan minimum sepanjang rencana: 429.6 mm di titik 49 (t1_a1_lower_wrist_link_0 <-> t1_a2_arm_link_0) -> CLEAR
[INFO] [1789965675.727457018] [reach_dwell_probe]: torsi RNEA+offset(per-aktuator) vs rating: 1=0.01->6.61/10, 2=0.65->7.25/14, 3=2.45->9.05/10, 4=0.41->2.39/7, 5=0.08->2.06/7, 6=0.00->1.98/7  (terketat t1_a2_joint_3 90 %)
[INFO] [1789965702.634259925] [reach_dwell_probe]: jarak antar-lengan minimum sepanjang rencana: 453.1 mm di titik 126 (t1_a1_lower_wrist_link_0 <-> t1_a2_forearm_link_0) -> CLEAR
[INFO] [1789965702.691771882] [reach_dwell_probe]: torsi RNEA+offset(per-aktuator) vs rating: 1=0.06->6.66/10, 2=7.07->13.67/14, 3=0.64->7.24/10, 4=0.06->2.04/7, 5=0.05->2.03/7, 6=0.00->1.98/7  (terketat t1_a1_joint_2 98 %)
[INFO] [1789965718.734243600] [reach_dwell_probe]: jarak antar-lengan minimum sepanjang rencana: 432.5 mm di titik 53 (t1_a1_forearm_link_0 <-> t1_a2_arm_link_0) -> CLEAR
[INFO] [1789965718.792151195] [reach_dwell_probe]: torsi RNEA+offset(per-aktuator) vs rating: 1=0.01->6.61/10, 2=0.85->7.45/14, 3=2.46->9.06/10, 4=0.41->2.39/7, 5=0.08->2.06/7, 6=0.00->1.98/7  (terketat t1_a2_joint_3 91 %)
[INFO] [1789965744.576320879] [reach_dwell_probe]: jarak antar-lengan minimum sepanjang rencana: 471.7 mm di titik 127 (t1_a1_lower_wrist_link_0 <-> t1_a2_forearm_link_0) -> CLEAR
  pasangan  5 @rel 0.550: a1(0.786,0.529,1.320) a2(0.000,0.388,1.240) -> PLANNED/PLANNED/PLANNED  LOLOS
[INFO] [1789965744.637801858] [reach_dwell_probe]: torsi RNEA+offset(per-aktuator) vs rating: 1=0.01->6.61/10, 2=4.25->10.85/14, 3=2.59->9.19/10, 4=0.42->2.40/7, 5=0.14->2.12/7, 6=0.00->1.98/7  (terketat t1_a1_joint_3 92 %)
[INFO] [1789965767.383057471] [reach_dwell_probe]: jarak antar-lengan minimum sepanjang rencana: 281.8 mm di titik 54 (t1_a1_left_finger_dist_link_0 <-> t1_a2_upper_wrist_link_0) -> CLEAR
[INFO] [1789965767.442113649] [reach_dwell_probe]: torsi RNEA+offset(per-aktuator) vs rating: 1=0.13->6.73/10, 2=5.75->12.35/14, 3=2.46->9.06/10, 4=0.42->2.40/7, 5=0.06->2.04/7, 6=0.00->1.98/7  (terketat t1_a2_joint_3 91 %)
[INFO] [1789965783.533643663] [reach_dwell_probe]: jarak antar-lengan minimum sepanjang rencana: 281.2 mm di titik 56 (t1_a1_left_finger_prox_link_0 <-> t1_a2_lower_wrist_link_0) -> CLEAR
[INFO] [1789965783.595341936] [reach_dwell_probe]: torsi RNEA+offset(per-aktuator) vs rating: 1=0.03->6.63/10, 2=7.43->14.03/14, 3=0.38->6.98/10, 4=0.01->1.99/7, 5=0.06->2.04/7, 6=0.00->1.98/7  (terketat t1_a1_joint_2 100 %)
[ERROR] [1789965783.595688932] [reach_dwell_probe]: A6/S3: rencana DITOLAK SEBELUM GERAK -- t1_a1_joint_2 diperkirakan 14.03 N.m > rating 14. Pose ini menuntut torsi di atas rating sendi; itu sifat POSE, bukan sifat penjaga. (Penyaring sengaja konservatif: pada kalibrasi G16 ia menolak 1 dari 4 pose yang ternyata aman.)
  pasangan  6 @rel 0.550: a1(0.786,0.176,1.400) a2(0.214,0.035,1.400) -> PLANNED/a1:TORQUE-UNSAFE  ditolak
[INFO] [1789965783.637068290] [reach_dwell_probe]: torsi RNEA+offset(per-aktuator) vs rating: 1=0.06->6.66/10, 2=8.04->14.64/14, 3=0.44->7.04/10, 4=0.04->2.02/7, 5=0.06->2.04/7, 6=0.00->1.98/7  (terketat t1_a1_joint_2 105 %)
[ERROR] [1789965783.637491110] [reach_dwell_probe]: A6/S3: rencana DITOLAK SEBELUM GERAK -- t1_a1_joint_2 diperkirakan 14.64 N.m > rating 14. Pose ini menuntut torsi di atas rating sendi; itu sifat POSE, bukan sifat penjaga. (Penyaring sengaja konservatif: pada kalibrasi G16 ia menolak 1 dari 4 pose yang ternyata aman.)
  pasangan  7 @rel 0.550: a1(1.071,0.600,1.320) a2(0.214,0.388,1.000) -> a1:TORQUE-UNSAFE  ditolak
[INFO] [1789965783.681827795] [reach_dwell_probe]: torsi RNEA+offset(per-aktuator) vs rating: 1=0.07->6.67/10, 2=4.02->10.62/14, 3=0.38->6.98/10, 4=0.07->2.05/7, 5=0.06->2.04/7, 6=0.00->1.98/7  (terketat t1_a1_joint_2 76 %)
[INFO] [1789965805.892753769] [reach_dwell_probe]: jarak antar-lengan minimum sepanjang rencana: 604.3 mm di titik 36 (t1_a1_forearm_link_0 <-> t1_a2_arm_link_0) -> CLEAR
[INFO] [1789965805.930105221] [reach_dwell_probe]: torsi RNEA+offset(per-aktuator) vs rating: 1=0.24->6.84/10, 2=6.87->13.47/14, 3=2.39->8.99/10, 4=0.40->2.38/7, 5=0.05->2.03/7, 6=0.00->1.98/7  (terketat t1_a2_joint_2 96 %)
[INFO] [1789965823.808842535] [reach_dwell_probe]: jarak antar-lengan minimum sepanjang rencana: 594.0 mm di titik 36 (t1_a1_forearm_link_0 <-> t1_a2_lower_wrist_link_0) -> CLEAR
[INFO] [1789965823.860563363] [reach_dwell_probe]: torsi RNEA+offset(per-aktuator) vs rating: 1=0.02->6.62/10, 2=5.12->11.72/14, 3=0.51->7.11/10, 4=0.01->1.99/7, 5=0.05->2.03/7, 6=0.00->1.98/7  (terketat t1_a1_joint_2 84 %)
[INFO] [1789965831.718804066] [reach_dwell_probe]: jarak antar-lengan minimum sepanjang rencana: 622.7 mm di titik 0 (t1_a1_arm_link_0 <-> t1_a2_arm_link_0) -> CLEAR
[INFO] [1789965831.781678659] [reach_dwell_probe]: torsi RNEA+offset(per-aktuator) vs rating: 1=0.14->6.74/10, 2=7.36->13.96/14, 3=2.56->9.16/10, 4=0.41->2.39/7, 5=0.06->2.04/7, 6=0.00->1.98/7  (terketat t1_a2_joint_2 100 %)
[INFO] [1789965850.508116263] [reach_dwell_probe]: jarak antar-lengan minimum sepanjang rencana: 640.0 mm di titik 75 (t1_a1_arm_link_0 <-> t1_a2_arm_link_0) -> CLEAR
[INFO] [1789965850.557041352] [reach_dwell_probe]: torsi RNEA+offset(per-aktuator) vs rating: 1=0.01->6.61/10, 2=5.14->11.74/14, 3=0.49->7.09/10, 4=0.01->1.99/7, 5=0.05->2.03/7, 6=0.00->1.98/7  (terketat t1_a1_joint_2 84 %)
[INFO] [1789965862.221385627] [reach_dwell_probe]: jarak antar-lengan minimum sepanjang rencana: 622.7 mm di titik 0 (t1_a1_arm_link_0 <-> t1_a2_arm_link_0) -> CLEAR
[INFO] [1789965862.275143028] [reach_dwell_probe]: torsi RNEA+offset(per-aktuator) vs rating: 1=0.26->6.86/10, 2=9.12->15.72/14, 3=1.46->8.06/10, 4=0.20->2.18/7, 5=0.05->2.03/7, 6=0.00->1.98/7  (terketat t1_a2_joint_2 112 %)
[ERROR] [1789965862.275469791] [reach_dwell_probe]: A6/S3: rencana DITOLAK SEBELUM GERAK -- t1_a2_joint_2 diperkirakan 15.72 N.m > rating 14. Pose ini menuntut torsi di atas rating sendi; itu sifat POSE, bukan sifat penjaga. (Penyaring sengaja konservatif: pada kalibrasi G16 ia menolak 1 dari 4 pose yang ternyata aman.)
  pasangan  8 @rel 0.550: a1(1.071,0.529,1.000) a2(0.286,-0.035,1.240) -> PLANNED/PLANNED/a2:TORQUE-UNSAFE  ditolak
[INFO] [1789965862.313264573] [reach_dwell_probe]: torsi RNEA+offset(per-aktuator) vs rating: 1=0.05->6.65/10, 2=2.95->9.55/14, 3=0.83->7.43/10, 4=0.08->2.06/7, 5=0.06->2.04/7, 6=0.00->1.98/7  (terketat t1_a1_joint_3 74 %)
[INFO] [1789965883.254098179] [reach_dwell_probe]: jarak antar-lengan minimum sepanjang rencana: 597.4 mm di titik 22 (t1_a1_arm_link_0 <-> t1_a2_arm_link_0) -> CLEAR
[INFO] [1789965883.305665657] [reach_dwell_probe]: torsi RNEA+offset(per-aktuator) vs rating: 1=0.02->6.62/10, 2=2.28->8.88/14, 3=2.45->9.05/10, 4=0.41->2.39/7, 5=0.05->2.03/7, 6=0.00->1.98/7  (terketat t1_a2_joint_3 91 %)
[INFO] [1789965906.205628869] [reach_dwell_probe]: jarak antar-lengan minimum sepanjang rencana: 497.5 mm di titik 84 (t1_a1_arm_link_0 <-> t1_a2_upper_wrist_link_0) -> CLEAR
[INFO] [1789965906.244654633] [reach_dwell_probe]: torsi RNEA+offset(per-aktuator) vs rating: 1=0.04->6.64/10, 2=3.74->10.34/14, 3=0.61->7.21/10, 4=0.01->1.99/7, 5=0.07->2.05/7, 6=0.00->1.98/7  (terketat t1_a1_joint_2 74 %)
[INFO] [1789965926.642830673] [reach_dwell_probe]: jarak antar-lengan minimum sepanjang rencana: 584.2 mm di titik 37 (t1_a1_arm_link_0 <-> t1_a2_arm_link_0) -> CLEAR
[INFO] [1789965926.697073887] [reach_dwell_probe]: torsi RNEA+offset(per-aktuator) vs rating: 1=0.02->6.62/10, 2=1.98->8.58/14, 3=2.45->9.05/10, 4=0.41->2.39/7, 5=0.06->2.04/7, 6=0.00->1.98/7  (terketat t1_a2_joint_3 90 %)
[INFO] [1789965951.320612854] [reach_dwell_probe]: jarak antar-lengan minimum sepanjang rencana: 474.8 mm di titik 80 (t1_a1_arm_link_0 <-> t1_a2_upper_wrist_link_0) -> CLEAR
[INFO] [1789965951.372772239] [reach_dwell_probe]: torsi RNEA+offset(per-aktuator) vs rating: 1=0.07->6.67/10, 2=4.07->10.67/14, 3=0.40->7.00/10, 4=0.09->2.07/7, 5=0.06->2.04/7, 6=0.00->1.98/7  (terketat t1_a1_joint_2 76 %)
[INFO] [1789965972.015078983] [reach_dwell_probe]: jarak antar-lengan minimum sepanjang rencana: 622.7 mm di titik 0 (t1_a1_arm_link_0 <-> t1_a2_arm_link_0) -> CLEAR
[INFO] [1789965972.073772230] [reach_dwell_probe]: torsi RNEA+offset(per-aktuator) vs rating: 1=0.02->6.62/10, 2=2.10->8.70/14, 3=2.45->9.05/10, 4=0.41->2.39/7, 5=0.06->2.04/7, 6=0.00->1.98/7  (terketat t1_a2_joint_3 90 %)
[INFO] [1789965998.312793346] [reach_dwell_probe]: jarak antar-lengan minimum sepanjang rencana: 474.7 mm di titik 78 (t1_a1_forearm_link_0 <-> t1_a2_gripper_base_link_0) -> CLEAR
  pasangan  9 @rel 0.550: a1(1.000,0.247,1.000) a2(0.357,0.318,1.320) -> PLANNED/PLANNED/PLANNED  LOLOS
[INFO] [1789965998.360766797] [reach_dwell_probe]: torsi RNEA+offset(per-aktuator) vs rating: 1=0.03->6.63/10, 2=6.88->13.48/14, 3=0.78->7.38/10, 4=0.09->2.07/7, 5=0.06->2.04/7, 6=0.00->1.98/7  (terketat t1_a1_joint_2 96 %)
[INFO] [1789966012.284095187] [reach_dwell_probe]: jarak antar-lengan minimum sepanjang rencana: 415.2 mm di titik 67 (t1_a1_arm_link_0 <-> t1_a2_arm_link_0) -> CLEAR
[INFO] [1789966012.344064207] [reach_dwell_probe]: torsi RNEA+offset(per-aktuator) vs rating: 1=0.13->6.73/10, 2=5.63->12.23/14, 3=1.33->7.93/10, 4=0.22->2.20/7, 5=0.06->2.04/7, 6=0.00->1.98/7  (terketat t1_a2_joint_2 87 %)
[INFO] [1789966038.223413695] [reach_dwell_probe]: jarak antar-lengan minimum sepanjang rencana: 386.4 mm di titik 41 (t1_a1_upper_wrist_link_0 <-> t1_a2_forearm_link_0) -> CLEAR
[INFO] [1789966038.275418486] [reach_dwell_probe]: torsi RNEA+offset(per-aktuator) vs rating: 1=0.03->6.63/10, 2=7.12->13.72/14, 3=0.55->7.15/10, 4=0.01->1.99/7, 5=0.05->2.03/7, 6=0.00->1.98/7  (terketat t1_a1_joint_2 98 %)
[INFO] [1789966050.404933656] [reach_dwell_probe]: jarak antar-lengan minimum sepanjang rencana: 411.3 mm di titik 59 (t1_a1_arm_link_0 <-> t1_a2_arm_link_0) -> CLEAR
[INFO] [1789966050.458705474] [reach_dwell_probe]: torsi RNEA+offset(per-aktuator) vs rating: 1=0.07->6.67/10, 2=5.15->11.75/14, 3=1.65->8.25/10, 4=0.23->2.21/7, 5=0.06->2.04/7, 6=0.00->1.98/7  (terketat t1_a2_joint_2 84 %)
[INFO] [1789966068.794138281] [reach_dwell_probe]: jarak antar-lengan minimum sepanjang rencana: 330.0 mm di titik 44 (t1_a1_lower_wrist_link_0 <-> t1_a2_forearm_link_0) -> CLEAR
[INFO] [1789966068.847636613] [reach_dwell_probe]: torsi RNEA+offset(per-aktuator) vs rating: 1=0.03->6.63/10, 2=7.08->13.68/14, 3=0.83->7.43/10, 4=0.08->2.06/7, 5=0.05->2.03/7, 6=0.00->1.98/7  (terketat t1_a1_joint_2 98 %)
[INFO] [1789966091.822610822] [reach_dwell_probe]: jarak antar-lengan minimum sepanjang rencana: 414.1 mm di titik 113 (t1_a1_forearm_link_0 <-> t1_a2_arm_link_0) -> CLEAR
[INFO] [1789966091.891476951] [reach_dwell_probe]: torsi RNEA+offset(per-aktuator) vs rating: 1=0.02->6.62/10, 2=0.47->7.07/14, 3=2.40->9.00/10, 4=0.41->2.39/7, 5=0.06->2.04/7, 6=0.00->1.98/7  (terketat t1_a2_joint_3 90 %)
[INFO] [1789966115.306941119] [reach_dwell_probe]: jarak antar-lengan minimum sepanjang rencana: 392.2 mm di titik 102 (t1_a1_forearm_link_0 <-> t1_a2_arm_link_0) -> CLEAR
  pasangan 10 @rel 0.550: a1(0.714,0.318,1.240) a2(0.071,0.247,1.160) -> PLANNED/PLANNED/PLANNED  LOLOS

lolos 5/10
  -> ../docs/results/p1_g19/g19_screen_0.550.json
