10 pasangan dari ../docs/results/p1_g18/b2_pairs.txt, rel 0.950 m (geser x +400.0 mm), 3/3, arm_2 dengan arm_1 DITEMPATKAN
[INFO] [1789966116.031626765] [reach_dwell_probe]: torsi RNEA+offset(per-aktuator) vs rating: 1=0.15->6.75/10, 2=4.63->11.23/14, 3=2.13->8.73/10, 4=0.37->2.35/7, 5=0.05->2.03/7, 6=0.00->1.98/7  (terketat t1_a1_joint_3 87 %)
[INFO] [1789966140.512160335] [reach_dwell_probe]: jarak antar-lengan minimum sepanjang rencana: 622.7 mm di titik 0 (t1_a1_arm_link_0 <-> t1_a2_arm_link_0) -> CLEAR
[INFO] [1789966140.581366242] [reach_dwell_probe]: torsi RNEA+offset(per-aktuator) vs rating: 1=0.06->6.66/10, 2=1.37->7.97/14, 3=2.54->9.14/10, 4=0.46->2.44/7, 5=0.12->2.10/7, 6=0.00->1.98/7  (terketat t1_a2_joint_3 91 %)
[INFO] [1789966170.816125832] [reach_dwell_probe]: jarak antar-lengan minimum sepanjang rencana: 607.9 mm di titik 110 (t1_a1_forearm_link_0 <-> t1_a2_upper_wrist_link_0) -> CLEAR
[INFO] [1789966170.886459770] [reach_dwell_probe]: torsi RNEA+offset(per-aktuator) vs rating: 1=0.09->6.69/10, 2=3.97->10.57/14, 3=2.43->9.03/10, 4=0.38->2.36/7, 5=0.06->2.04/7, 6=0.00->1.98/7  (terketat t1_a1_joint_3 90 %)
[INFO] [1789966195.901098991] [reach_dwell_probe]: jarak antar-lengan minimum sepanjang rencana: 584.2 mm di titik 38 (t1_a1_forearm_link_0 <-> t1_a2_arm_link_0) -> CLEAR
[INFO] [1789966195.965250447] [reach_dwell_probe]: torsi RNEA+offset(per-aktuator) vs rating: 1=0.05->6.65/10, 2=0.95->7.55/14, 3=2.56->9.16/10, 4=0.45->2.43/7, 5=0.13->2.11/7, 6=0.00->1.98/7  (terketat t1_a2_joint_3 92 %)
[INFO] [1789966224.233439558] [reach_dwell_probe]: jarak antar-lengan minimum sepanjang rencana: 650.6 mm di titik 43 (t1_a1_right_finger_prox_link_0 <-> t1_a2_left_finger_prox_link_0) -> CLEAR
[INFO] [1789966224.294384281] [reach_dwell_probe]: torsi RNEA+offset(per-aktuator) vs rating: 1=0.01->6.61/10, 2=2.72->9.32/14, 3=2.43->9.03/10, 4=0.41->2.39/7, 5=0.07->2.05/7, 6=0.00->1.98/7  (terketat t1_a1_joint_3 90 %)
[INFO] [1789966246.853755362] [reach_dwell_probe]: jarak antar-lengan minimum sepanjang rencana: 473.6 mm di titik 125 (t1_a1_arm_link_0 <-> t1_a2_arm_link_0) -> CLEAR
[INFO] [1789966246.915196969] [reach_dwell_probe]: torsi RNEA+offset(per-aktuator) vs rating: 1=0.07->6.67/10, 2=6.08->12.68/14, 3=1.47->8.07/10, 4=0.28->2.26/7, 5=0.05->2.03/7, 6=0.00->1.98/7  (terketat t1_a2_joint_2 91 %)
[INFO] [1789966267.083612853] [reach_dwell_probe]: jarak antar-lengan minimum sepanjang rencana: 473.6 mm di titik 0 (t1_a1_arm_link_0 <-> t1_a2_arm_link_0) -> CLEAR
  pasangan  1 @rel 0.950: a1(1.400,0.318,1.240) a2(0.614,0.247,1.240) -> PLANNED/PLANNED/PLANNED  LOLOS
[INFO] [1789966267.126090319] [reach_dwell_probe]: torsi RNEA+offset(per-aktuator) vs rating: 1=0.18->6.78/10, 2=5.01->11.61/14, 3=1.71->8.31/10, 4=0.31->2.29/7, 5=0.06->2.04/7, 6=0.00->1.98/7  (terketat t1_a1_joint_3 83 %)
[INFO] [1789966277.194174829] [reach_dwell_probe]: jarak antar-lengan minimum sepanjang rencana: 544.8 mm di titik 23 (t1_a1_upper_wrist_link_0 <-> t1_a2_upper_wrist_link_0) -> CLEAR
[INFO] [1789966277.232258033] [reach_dwell_probe]: torsi RNEA+offset(per-aktuator) vs rating: 1=0.10->6.70/10, 2=6.24->12.84/14, 3=0.95->7.55/10, 4=0.10->2.08/7, 5=0.06->2.04/7, 6=0.00->1.98/7  (terketat t1_a2_joint_2 92 %)
[INFO] [1789966297.035373375] [reach_dwell_probe]: jarak antar-lengan minimum sepanjang rencana: 547.2 mm di titik 32 (t1_a1_arm_link_0 <-> t1_a2_arm_link_0) -> CLEAR
[INFO] [1789966297.093465527] [reach_dwell_probe]: torsi RNEA+offset(per-aktuator) vs rating: 1=0.21->6.81/10, 2=6.54->13.14/14, 3=2.05->8.65/10, 4=0.30->2.28/7, 5=0.06->2.04/7, 6=0.00->1.98/7  (terketat t1_a1_joint_2 94 %)
[INFO] [1789966321.172790756] [reach_dwell_probe]: jarak antar-lengan minimum sepanjang rencana: 601.5 mm di titik 107 (t1_a1_forearm_link_0 <-> t1_a2_arm_link_0) -> CLEAR
[INFO] [1789966321.213855293] [reach_dwell_probe]: torsi RNEA+offset(per-aktuator) vs rating: 1=0.04->6.64/10, 2=6.60->13.20/14, 3=0.65->7.25/10, 4=0.01->1.99/7, 5=0.05->2.03/7, 6=0.00->1.98/7  (terketat t1_a2_joint_2 94 %)
[INFO] [1789966340.291863396] [reach_dwell_probe]: jarak antar-lengan minimum sepanjang rencana: 551.0 mm di titik 31 (t1_a1_forearm_link_0 <-> t1_a2_arm_link_0) -> CLEAR
[INFO] [1789966340.332643376] [reach_dwell_probe]: torsi RNEA+offset(per-aktuator) vs rating: 1=0.13->6.73/10, 2=6.39->12.99/14, 3=0.86->7.46/10, 4=0.18->2.16/7, 5=0.05->2.03/7, 6=0.00->1.98/7  (terketat t1_a1_joint_2 93 %)
[INFO] [1789966351.017533852] [reach_dwell_probe]: jarak antar-lengan minimum sepanjang rencana: 544.9 mm di titik 24 (t1_a1_upper_wrist_link_0 <-> t1_a2_upper_wrist_link_0) -> CLEAR
[INFO] [1789966351.054168542] [reach_dwell_probe]: torsi RNEA+offset(per-aktuator) vs rating: 1=0.03->6.63/10, 2=1.19->7.79/14, 3=2.35->8.95/10, 4=0.40->2.38/7, 5=0.05->2.03/7, 6=0.00->1.98/7  (terketat t1_a2_joint_3 90 %)
[INFO] [1789966371.223886165] [reach_dwell_probe]: jarak antar-lengan minimum sepanjang rencana: 618.6 mm di titik 26 (t1_a1_gripper_base_link_0 <-> t1_a2_upper_wrist_link_0) -> CLEAR
  pasangan  2 @rel 0.950: a1(1.257,0.035,1.080) a2(0.686,0.529,1.160) -> PLANNED/PLANNED/PLANNED  LOLOS
[INFO] [1789966371.279102746] [reach_dwell_probe]: torsi RNEA+offset(per-aktuator) vs rating: 1=0.02->6.62/10, 2=3.99->10.59/14, 3=0.59->7.19/10, 4=0.02->2.00/7, 5=0.06->2.04/7, 6=0.00->1.98/7  (terketat t1_a1_joint_2 76 %)
[INFO] [1789966394.869701695] [reach_dwell_probe]: jarak antar-lengan minimum sepanjang rencana: 533.9 mm di titik 114 (t1_a1_gripper_base_link_0 <-> t1_a2_upper_wrist_link_0) -> CLEAR
[INFO] [1789966394.914502554] [reach_dwell_probe]: torsi RNEA+offset(per-aktuator) vs rating: 1=0.05->6.65/10, 2=2.24->8.84/14, 3=1.20->7.80/10, 4=0.24->2.22/7, 5=0.05->2.03/7, 6=0.00->1.98/7  (terketat t1_a2_joint_3 78 %)
[INFO] [1789966418.079141751] [reach_dwell_probe]: jarak antar-lengan minimum sepanjang rencana: 494.0 mm di titik 38 (t1_a1_gripper_base_link_0 <-> t1_a2_lower_wrist_link_0) -> CLEAR
[INFO] [1789966418.116930201] [reach_dwell_probe]: torsi RNEA+offset(per-aktuator) vs rating: 1=0.00->6.60/10, 2=0.87->7.47/14, 3=1.22->7.82/10, 4=0.24->2.22/7, 5=0.06->2.04/7, 6=0.00->1.98/7  (terketat t1_a1_joint_3 78 %)
[INFO] [1789966425.315074473] [reach_dwell_probe]: jarak antar-lengan minimum sepanjang rencana: 535.1 mm di titik 36 (t1_a1_gripper_base_link_0 <-> t1_a2_upper_wrist_link_0) -> CLEAR
[INFO] [1789966425.365458219] [reach_dwell_probe]: torsi RNEA+offset(per-aktuator) vs rating: 1=0.06->6.66/10, 2=2.32->8.92/14, 3=1.37->7.97/10, 4=0.24->2.22/7, 5=0.08->2.06/7, 6=0.00->1.98/7  (terketat t1_a2_joint_3 80 %)
[INFO] [1789966455.221912653] [reach_dwell_probe]: jarak antar-lengan minimum sepanjang rencana: 507.4 mm di titik 45 (t1_a1_right_finger_prox_link_0 <-> t1_a2_left_finger_prox_link_0) -> CLEAR
[INFO] [1789966455.282308213] [reach_dwell_probe]: torsi RNEA+offset(per-aktuator) vs rating: 1=0.02->6.62/10, 2=1.34->7.94/14, 3=1.44->8.04/10, 4=0.24->2.22/7, 5=0.08->2.06/7, 6=0.00->1.98/7  (terketat t1_a1_joint_3 80 %)
[INFO] [1789966482.360867601] [reach_dwell_probe]: jarak antar-lengan minimum sepanjang rencana: 539.2 mm di titik 128 (t1_a1_upper_wrist_link_0 <-> t1_a2_upper_wrist_link_0) -> CLEAR
[INFO] [1789966482.398881322] [reach_dwell_probe]: torsi RNEA+offset(per-aktuator) vs rating: 1=0.00->6.60/10, 2=3.48->10.08/14, 3=1.69->8.29/10, 4=0.24->2.22/7, 5=0.07->2.05/7, 6=0.00->1.98/7  (terketat t1_a2_joint_3 83 %)
[INFO] [1789966499.646392401] [reach_dwell_probe]: jarak antar-lengan minimum sepanjang rencana: 539.2 mm di titik 0 (t1_a1_upper_wrist_link_0 <-> t1_a2_upper_wrist_link_0) -> CLEAR
  pasangan  3 @rel 0.950: a1(1.186,0.388,1.000) a2(0.471,0.176,1.000) -> PLANNED/PLANNED/PLANNED  LOLOS
[INFO] [1789966499.715508803] [reach_dwell_probe]: torsi RNEA+offset(per-aktuator) vs rating: 1=0.01->6.61/10, 2=5.80->12.40/14, 3=2.39->8.99/10, 4=0.40->2.38/7, 5=0.06->2.04/7, 6=0.00->1.98/7  (terketat t1_a1_joint_3 90 %)
[INFO] [1789966524.053140146] [reach_dwell_probe]: jarak antar-lengan minimum sepanjang rencana: 622.7 mm di titik 0 (t1_a1_arm_link_0 <-> t1_a2_arm_link_0) -> CLEAR
[INFO] [1789966524.111582254] [reach_dwell_probe]: torsi RNEA+offset(per-aktuator) vs rating: 1=0.05->6.65/10, 2=8.21->14.81/14, 3=0.55->7.15/10, 4=0.12->2.10/7, 5=0.06->2.04/7, 6=0.00->1.98/7  (terketat t1_a2_joint_2 106 %)
[ERROR] [1789966524.111921306] [reach_dwell_probe]: A6/S3: rencana DITOLAK SEBELUM GERAK -- t1_a2_joint_2 diperkirakan 14.81 N.m > rating 14. Pose ini menuntut torsi di atas rating sendi; itu sifat POSE, bukan sifat penjaga. (Penyaring sengaja konservatif: pada kalibrasi G16 ia menolak 1 dari 4 pose yang ternyata aman.)
  pasangan  4 @rel 0.950: a1(1.686,0.459,1.160) a2(0.900,0.388,1.240) -> a2:TORQUE-UNSAFE  ditolak
[INFO] [1789966524.182244409] [reach_dwell_probe]: torsi RNEA+offset(per-aktuator) vs rating: 1=0.12->6.72/10, 2=7.21->13.81/14, 3=0.47->7.07/10, 4=0.01->1.99/7, 5=0.05->2.03/7, 6=0.00->1.98/7  (terketat t1_a1_joint_2 99 %)
[INFO] [1789966538.267751132] [reach_dwell_probe]: jarak antar-lengan minimum sepanjang rencana: 429.5 mm di titik 49 (t1_a1_lower_wrist_link_0 <-> t1_a2_arm_link_0) -> CLEAR
[INFO] [1789966538.311620778] [reach_dwell_probe]: torsi RNEA+offset(per-aktuator) vs rating: 1=0.03->6.63/10, 2=0.70->7.30/14, 3=2.56->9.16/10, 4=0.41->2.39/7, 5=0.06->2.04/7, 6=0.00->1.98/7  (terketat t1_a2_joint_3 92 %)
[INFO] [1789966553.643791860] [reach_dwell_probe]: jarak antar-lengan minimum sepanjang rencana: 494.2 mm di titik 55 (t1_a1_lower_wrist_link_0 <-> t1_a2_forearm_link_0) -> CLEAR
[INFO] [1789966553.705704884] [reach_dwell_probe]: torsi RNEA+offset(per-aktuator) vs rating: 1=0.10->6.70/10, 2=7.19->13.79/14, 3=0.73->7.33/10, 4=0.05->2.03/7, 5=0.06->2.04/7, 6=0.00->1.98/7  (terketat t1_a1_joint_2 99 %)
[INFO] [1789966577.631933748] [reach_dwell_probe]: jarak antar-lengan minimum sepanjang rencana: 462.8 mm di titik 63 (t1_a1_forearm_link_0 <-> t1_a2_arm_link_0) -> CLEAR
[INFO] [1789966577.689466129] [reach_dwell_probe]: torsi RNEA+offset(per-aktuator) vs rating: 1=0.02->6.62/10, 2=6.46->13.06/14, 3=1.25->7.85/10, 4=0.22->2.20/7, 5=0.08->2.06/7, 6=0.00->1.98/7  (terketat t1_a2_joint_2 93 %)
[INFO] [1789966612.710476000] [reach_dwell_probe]: jarak antar-lengan minimum sepanjang rencana: 546.4 mm di titik 0 (t1_a1_gripper_base_link_0 <-> t1_a2_arm_link_0) -> CLEAR
[INFO] [1789966612.773259121] [reach_dwell_probe]: torsi RNEA+offset(per-aktuator) vs rating: 1=0.16->6.76/10, 2=7.62->14.22/14, 3=0.42->7.02/10, 4=0.08->2.06/7, 5=0.06->2.04/7, 6=0.00->1.98/7  (terketat t1_a1_joint_2 102 %)
[ERROR] [1789966612.773632693] [reach_dwell_probe]: A6/S3: rencana DITOLAK SEBELUM GERAK -- t1_a1_joint_2 diperkirakan 14.22 N.m > rating 14. Pose ini menuntut torsi di atas rating sendi; itu sifat POSE, bukan sifat penjaga. (Penyaring sengaja konservatif: pada kalibrasi G16 ia menolak 1 dari 4 pose yang ternyata aman.)
  pasangan  5 @rel 0.950: a1(1.186,0.529,1.320) a2(0.400,0.388,1.240) -> PLANNED/PLANNED/a1:TORQUE-UNSAFE  ditolak
[INFO] [1789966612.825828506] [reach_dwell_probe]: torsi RNEA+offset(per-aktuator) vs rating: 1=0.03->6.63/10, 2=7.46->14.06/14, 3=0.52->7.12/10, 4=0.06->2.04/7, 5=0.06->2.04/7, 6=0.00->1.98/7  (terketat t1_a1_joint_2 100 %)
[ERROR] [1789966612.826305459] [reach_dwell_probe]: A6/S3: rencana DITOLAK SEBELUM GERAK -- t1_a1_joint_2 diperkirakan 14.06 N.m > rating 14. Pose ini menuntut torsi di atas rating sendi; itu sifat POSE, bukan sifat penjaga. (Penyaring sengaja konservatif: pada kalibrasi G16 ia menolak 1 dari 4 pose yang ternyata aman.)
  pasangan  6 @rel 0.950: a1(1.186,0.176,1.400) a2(0.614,0.035,1.400) -> a1:TORQUE-UNSAFE  ditolak
[INFO] [1789966612.882030747] [reach_dwell_probe]: torsi RNEA+offset(per-aktuator) vs rating: 1=0.05->6.65/10, 2=7.90->14.50/14, 3=0.43->7.03/10, 4=0.03->2.01/7, 5=0.05->2.03/7, 6=0.00->1.98/7  (terketat t1_a1_joint_2 104 %)
[ERROR] [1789966612.882385170] [reach_dwell_probe]: A6/S3: rencana DITOLAK SEBELUM GERAK -- t1_a1_joint_2 diperkirakan 14.50 N.m > rating 14. Pose ini menuntut torsi di atas rating sendi; itu sifat POSE, bukan sifat penjaga. (Penyaring sengaja konservatif: pada kalibrasi G16 ia menolak 1 dari 4 pose yang ternyata aman.)
  pasangan  7 @rel 0.950: a1(1.471,0.600,1.320) a2(0.614,0.388,1.000) -> a1:TORQUE-UNSAFE  ditolak
[INFO] [1789966612.932165917] [reach_dwell_probe]: torsi RNEA+offset(per-aktuator) vs rating: 1=0.02->6.62/10, 2=5.12->11.72/14, 3=0.59->7.19/10, 4=0.01->1.99/7, 5=0.06->2.04/7, 6=0.00->1.98/7  (terketat t1_a1_joint_2 84 %)
[INFO] [1789966629.314245112] [reach_dwell_probe]: jarak antar-lengan minimum sepanjang rencana: 622.7 mm di titik 0 (t1_a1_arm_link_0 <-> t1_a2_arm_link_0) -> CLEAR
[INFO] [1789966629.351375774] [reach_dwell_probe]: torsi RNEA+offset(per-aktuator) vs rating: 1=0.22->6.82/10, 2=6.39->12.99/14, 3=2.41->9.01/10, 4=0.41->2.39/7, 5=0.06->2.04/7, 6=0.00->1.98/7  (terketat t1_a2_joint_2 93 %)
[INFO] [1789966645.477830924] [reach_dwell_probe]: jarak antar-lengan minimum sepanjang rencana: 579.6 mm di titik 43 (t1_a1_arm_link_0 <-> t1_a2_lower_wrist_link_0) -> CLEAR
[INFO] [1789966645.528916139] [reach_dwell_probe]: torsi RNEA+offset(per-aktuator) vs rating: 1=0.02->6.62/10, 2=4.97->11.57/14, 3=0.83->7.43/10, 4=0.08->2.06/7, 5=0.06->2.04/7, 6=0.00->1.98/7  (terketat t1_a1_joint_2 83 %)
[INFO] [1789966672.369767579] [reach_dwell_probe]: jarak antar-lengan minimum sepanjang rencana: 622.7 mm di titik 0 (t1_a1_arm_link_0 <-> t1_a2_arm_link_0) -> CLEAR
[INFO] [1789966672.411766930] [reach_dwell_probe]: torsi RNEA+offset(per-aktuator) vs rating: 1=0.18->6.78/10, 2=7.25->13.85/14, 3=2.55->9.15/10, 4=0.41->2.39/7, 5=0.06->2.04/7, 6=0.00->1.98/7  (terketat t1_a2_joint_2 99 %)
[INFO] [1789966691.263570412] [reach_dwell_probe]: jarak antar-lengan minimum sepanjang rencana: 629.7 mm di titik 74 (t1_a1_arm_link_0 <-> t1_a2_arm_link_0) -> CLEAR
[INFO] [1789966691.316209412] [reach_dwell_probe]: torsi RNEA+offset(per-aktuator) vs rating: 1=0.05->6.65/10, 2=2.26->8.86/14, 3=1.19->7.79/10, 4=0.24->2.22/7, 5=0.06->2.04/7, 6=0.00->1.98/7  (terketat t1_a1_joint_3 78 %)
[INFO] [1789966713.785261065] [reach_dwell_probe]: jarak antar-lengan minimum sepanjang rencana: 622.7 mm di titik 0 (t1_a1_arm_link_0 <-> t1_a2_arm_link_0) -> CLEAR
[INFO] [1789966713.837172124] [reach_dwell_probe]: torsi RNEA+offset(per-aktuator) vs rating: 1=0.28->6.88/10, 2=9.25->15.85/14, 3=1.61->8.21/10, 4=0.23->2.21/7, 5=0.06->2.04/7, 6=0.00->1.98/7  (terketat t1_a2_joint_2 113 %)
[ERROR] [1789966713.837514142] [reach_dwell_probe]: A6/S3: rencana DITOLAK SEBELUM GERAK -- t1_a2_joint_2 diperkirakan 15.85 N.m > rating 14. Pose ini menuntut torsi di atas rating sendi; itu sifat POSE, bukan sifat penjaga. (Penyaring sengaja konservatif: pada kalibrasi G16 ia menolak 1 dari 4 pose yang ternyata aman.)
  pasangan  8 @rel 0.950: a1(1.471,0.529,1.000) a2(0.686,-0.035,1.240) -> PLANNED/PLANNED/a2:TORQUE-UNSAFE  ditolak
[INFO] [1789966713.885672397] [reach_dwell_probe]: torsi RNEA+offset(per-aktuator) vs rating: 1=0.01->6.61/10, 2=1.13->7.73/14, 3=1.52->8.12/10, 4=0.24->2.22/7, 5=0.05->2.03/7, 6=0.00->1.98/7  (terketat t1_a1_joint_3 81 %)
[INFO] [1789966739.965870163] [reach_dwell_probe]: jarak antar-lengan minimum sepanjang rencana: 622.7 mm di titik 0 (t1_a1_arm_link_0 <-> t1_a2_arm_link_0) -> CLEAR
[INFO] [1789966740.012292154] [reach_dwell_probe]: torsi RNEA+offset(per-aktuator) vs rating: 1=0.06->6.66/10, 2=6.88->13.48/14, 3=0.90->7.50/10, 4=0.10->2.08/7, 5=0.06->2.04/7, 6=0.00->1.98/7  (terketat t1_a2_joint_2 96 %)
[INFO] [1789966778.502773772] [reach_dwell_probe]: jarak antar-lengan minimum sepanjang rencana: 464.3 mm di titik 94 (t1_a1_shoulder_link_0 <-> t1_a2_forearm_link_0) -> CLEAR
[INFO] [1789966778.563237136] [reach_dwell_probe]: torsi RNEA+offset(per-aktuator) vs rating: 1=0.03->6.63/10, 2=3.98->10.58/14, 3=0.48->7.08/10, 4=0.08->2.06/7, 5=0.07->2.05/7, 6=0.00->1.98/7  (terketat t1_a1_joint_2 76 %)
[INFO] [1789966806.131779183] [reach_dwell_probe]: jarak antar-lengan minimum sepanjang rencana: 622.7 mm di titik 0 (t1_a1_arm_link_0 <-> t1_a2_arm_link_0) -> CLEAR
[INFO] [1789966806.182747334] [reach_dwell_probe]: torsi RNEA+offset(per-aktuator) vs rating: 1=0.04->6.64/10, 2=6.76->13.36/14, 3=1.00->7.60/10, 4=0.12->2.10/7, 5=0.06->2.04/7, 6=0.00->1.98/7  (terketat t1_a2_joint_2 95 %)
[INFO] [1789966823.338038087] [reach_dwell_probe]: jarak antar-lengan minimum sepanjang rencana: 440.4 mm di titik 74 (t1_a1_shoulder_link_0 <-> t1_a2_arm_link_0) -> CLEAR
[INFO] [1789966823.390191642] [reach_dwell_probe]: torsi RNEA+offset(per-aktuator) vs rating: 1=0.01->6.61/10, 2=0.26->6.86/14, 3=1.45->8.05/10, 4=0.25->2.23/7, 5=0.09->2.07/7, 6=0.00->1.98/7  (terketat t1_a1_joint_3 80 %)
[INFO] [1789966850.912337599] [reach_dwell_probe]: jarak antar-lengan minimum sepanjang rencana: 622.7 mm di titik 0 (t1_a1_arm_link_0 <-> t1_a2_arm_link_0) -> CLEAR
[INFO] [1789966850.960459231] [reach_dwell_probe]: torsi RNEA+offset(per-aktuator) vs rating: 1=0.08->6.68/10, 2=2.30->8.90/14, 3=2.55->9.15/10, 4=0.39->2.37/7, 5=0.06->2.04/7, 6=0.00->1.98/7  (terketat t1_a2_joint_3 91 %)
[INFO] [1789966879.570573924] [reach_dwell_probe]: jarak antar-lengan minimum sepanjang rencana: 475.0 mm di titik 95 (t1_a1_arm_link_0 <-> t1_a2_left_finger_prox_link_0) -> CLEAR
  pasangan  9 @rel 0.950: a1(1.400,0.247,1.000) a2(0.757,0.318,1.320) -> PLANNED/PLANNED/PLANNED  LOLOS
[INFO] [1789966879.614958775] [reach_dwell_probe]: torsi RNEA+offset(per-aktuator) vs rating: 1=0.02->6.62/10, 2=7.09->13.69/14, 3=0.57->7.17/10, 4=0.01->1.99/7, 5=0.05->2.03/7, 6=0.00->1.98/7  (terketat t1_a1_joint_2 98 %)
[INFO] [1789966893.914728705] [reach_dwell_probe]: jarak antar-lengan minimum sepanjang rencana: 412.5 mm di titik 67 (t1_a1_arm_link_0 <-> t1_a2_arm_link_0) -> CLEAR
[INFO] [1789966893.971113224] [reach_dwell_probe]: torsi RNEA+offset(per-aktuator) vs rating: 1=0.01->6.61/10, 2=5.85->12.45/14, 3=1.20->7.80/10, 4=0.24->2.22/7, 5=0.05->2.03/7, 6=0.00->1.98/7  (terketat t1_a2_joint_2 89 %)
[INFO] [1789966909.744090273] [reach_dwell_probe]: jarak antar-lengan minimum sepanjang rencana: 414.5 mm di titik 0 (t1_a1_arm_link_0 <-> t1_a2_arm_link_0) -> CLEAR
[INFO] [1789966909.810930759] [reach_dwell_probe]: torsi RNEA+offset(per-aktuator) vs rating: 1=0.02->6.62/10, 2=2.11->8.71/14, 3=2.55->9.15/10, 4=0.46->2.44/7, 5=0.13->2.11/7, 6=0.00->1.98/7  (terketat t1_a1_joint_3 92 %)
[INFO] [1789966934.811309709] [reach_dwell_probe]: jarak antar-lengan minimum sepanjang rencana: 430.7 mm di titik 61 (t1_a1_left_finger_prox_link_0 <-> t1_a2_upper_wrist_link_0) -> CLEAR
[INFO] [1789966934.861493257] [reach_dwell_probe]: torsi RNEA+offset(per-aktuator) vs rating: 1=0.02->6.62/10, 2=0.50->7.10/14, 3=2.38->8.98/10, 4=0.40->2.38/7, 5=0.06->2.04/7, 6=0.00->1.98/7  (terketat t1_a2_joint_3 90 %)
[INFO] [1789966965.133367053] [reach_dwell_probe]: jarak antar-lengan minimum sepanjang rencana: 412.6 mm di titik 68 (t1_a1_lower_wrist_link_0 <-> t1_a2_arm_link_0) -> CLEAR
[INFO] [1789966965.192385363] [reach_dwell_probe]: torsi RNEA+offset(per-aktuator) vs rating: 1=0.03->6.63/10, 2=7.11->13.71/14, 3=0.84->7.44/10, 4=0.09->2.07/7, 5=0.06->2.04/7, 6=0.00->1.98/7  (terketat t1_a1_joint_2 98 %)
[INFO] [1789966990.266178996] [reach_dwell_probe]: jarak antar-lengan minimum sepanjang rencana: 413.6 mm di titik 119 (t1_a1_forearm_link_0 <-> t1_a2_arm_link_0) -> CLEAR
[INFO] [1789966990.309859487] [reach_dwell_probe]: torsi RNEA+offset(per-aktuator) vs rating: 1=0.00->6.60/10, 2=0.32->6.92/14, 3=2.52->9.12/10, 4=0.38->2.36/7, 5=0.06->2.04/7, 6=0.00->1.98/7  (terketat t1_a2_joint_3 91 %)
[INFO] [1789967004.898497734] [reach_dwell_probe]: jarak antar-lengan minimum sepanjang rencana: 368.9 mm di titik 70 (t1_a1_lower_wrist_link_0 <-> t1_a2_arm_link_0) -> CLEAR
  pasangan 10 @rel 0.950: a1(1.114,0.318,1.240) a2(0.471,0.247,1.160) -> PLANNED/PLANNED/PLANNED  LOLOS

lolos 5/10
  -> ../docs/results/p1_g19/g19_screen_0.950.json
