[INFO] [1789967466.389077333] [reach_dwell_monitor]: logging samples -> /tmp/g19_step4_samples.csv, summary -> /tmp/g19_step4_summary.csv
[INFO] [1789967466.389545173] [reach_dwell_monitor]: reach_dwell_monitor up: pos<5.0mm ori<5.0deg dwell=2.0s @20Hz over ['arm_1', 'arm_2']. Observer only -- commands nothing.
[INFO] [1789967642.937201764] [reach_dwell_monitor]: arm_1: target set (1.000, 0.318, 1.240) in world
[INFO] [1789967643.020381125] [reach_dwell_monitor]: arm_2: target set (0.214, 0.247, 1.240) in world
[INFO] [1789967685.290334441] [reach_dwell_monitor]: >>> arm_1: SUCCESS -- held 2.0s, pos max 3.86mm (settled 1.80) (tol 5.0), ori max 0.67deg (tol 5.0), 41 samples @ 20.0 Hz
[INFO] [1789967736.340342250] [reach_dwell_monitor]: >>> arm_2: SUCCESS -- held 2.0s, pos max 2.81mm (settled 1.17) (tol 5.0), ori max 1.38deg (tol 5.0), 41 samples @ 20.0 Hz
[INFO] [1789967736.340819637] [reach_dwell_monitor]: >>> 2-ARM CONCURRENT dwell held 2.0s (common window) -- arms ['arm_1', 'arm_2']
[INFO] [1789967977.168544021] [reach_dwell_monitor]: arm_1: target set (1.400, 0.318, 1.240) in world
[INFO] [1789967977.362805012] [reach_dwell_monitor]: arm_2: target set (0.614, 0.247, 1.240) in world
[INFO] [1789968019.840343176] [reach_dwell_monitor]: >>> arm_1: SUCCESS -- held 2.0s, pos max 4.15mm (settled 1.34) (tol 5.0), ori max 2.51deg (tol 5.0), 41 samples @ 20.0 Hz
[INFO] [1789968070.990309224] [reach_dwell_monitor]: >>> arm_2: SUCCESS -- held 2.0s, pos max 3.00mm (settled 1.11) (tol 5.0), ori max 2.72deg (tol 5.0), 41 samples @ 20.0 Hz
[INFO] [1789968070.990768272] [reach_dwell_monitor]: >>> 2-ARM CONCURRENT dwell held 2.0s (common window) -- arms ['arm_1', 'arm_2']
[INFO] [1789968280.736611020] [reach_dwell_monitor]: arm_1: target set (0.786, 0.388, 1.000) in world
[INFO] [1789968280.820220159] [reach_dwell_monitor]: arm_2: target set (0.071, 0.176, 1.000) in world
[INFO] [1789968327.140256307] [reach_dwell_monitor]: >>> arm_1: SUCCESS -- held 2.0s, pos max 2.87mm (settled 1.66) (tol 5.0), ori max 1.92deg (tol 5.0), 42 samples @ 20.0 Hz
[INFO] [1789968371.790583312] [reach_dwell_monitor]: >>> arm_2: SUCCESS -- held 2.0s, pos max 2.99mm (settled 1.05) (tol 5.0), ori max 1.03deg (tol 5.0), 41 samples @ 20.0 Hz
[INFO] [1789968371.791364951] [reach_dwell_monitor]: >>> 2-ARM CONCURRENT dwell held 2.0s (common window) -- arms ['arm_1', 'arm_2']
[INFO] [1789968452.022890498] [reach_dwell_monitor]: arm_1: target set (1.257, 0.035, 1.080) in world
[INFO] [1789968452.110193319] [reach_dwell_monitor]: arm_2: target set (0.686, 0.529, 1.160) in world
[INFO] [1789968501.440252340] [reach_dwell_monitor]: >>> arm_1: SUCCESS -- held 2.0s, pos max 2.63mm (settled 1.89) (tol 5.0), ori max 1.60deg (tol 5.0), 42 samples @ 20.0 Hz
[INFO] [1789968532.390435897] [reach_dwell_monitor]: >>> arm_2: SUCCESS -- held 2.0s, pos max 3.80mm (settled 1.04) (tol 5.0), ori max 1.97deg (tol 5.0), 41 samples @ 20.0 Hz
[INFO] [1789968532.391254327] [reach_dwell_monitor]: >>> 2-ARM CONCURRENT dwell held 2.0s (common window) -- arms ['arm_1', 'arm_2']
[INFO] [1789968612.773454031] [reach_dwell_monitor]: arm_1: target set (0.786, 0.529, 1.320) in world
[INFO] [1789968612.860494133] [reach_dwell_monitor]: arm_2: target set (0.000, 0.388, 1.240) in world
[INFO] [1789968643.240370086] [reach_dwell_monitor]: >>> arm_1: SUCCESS -- held 2.0s, pos max 3.01mm (settled 2.55) (tol 5.0), ori max 2.33deg (tol 5.0), 41 samples @ 20.0 Hz
[INFO] [1789968682.590137873] [reach_dwell_monitor]: >>> arm_2: SUCCESS -- held 2.0s, pos max 2.43mm (settled 0.75) (tol 5.0), ori max 2.05deg (tol 5.0), 41 samples @ 20.0 Hz
[INFO] [1789968682.590627762] [reach_dwell_monitor]: >>> 2-ARM CONCURRENT dwell held 2.0s (common window) -- arms ['arm_1', 'arm_2']
[INFO] [1789968758.836700814] [reach_dwell_monitor]: arm_1: target set (1.186, 0.388, 1.000) in world
[INFO] [1789968758.920556790] [reach_dwell_monitor]: arm_2: target set (0.471, 0.176, 1.000) in world
[INFO] [1789968809.140385493] [reach_dwell_monitor]: >>> arm_1: SUCCESS -- held 2.0s, pos max 3.92mm (settled 1.83) (tol 5.0), ori max 1.75deg (tol 5.0), 41 samples @ 20.0 Hz
[INFO] [1789968828.890317691] [reach_dwell_monitor]: >>> arm_2: SUCCESS -- held 2.0s, pos max 3.65mm (settled 1.02) (tol 5.0), ori max 1.91deg (tol 5.0), 42 samples @ 20.0 Hz
[INFO] [1789968828.890775089] [reach_dwell_monitor]: >>> 2-ARM CONCURRENT dwell held 2.0s (common window) -- arms ['arm_1', 'arm_2']
[INFO] [1789968909.668827319] [reach_dwell_monitor]: arm_1: target set (1.000, 0.247, 1.000) in world
[INFO] [1789968909.862808711] [reach_dwell_monitor]: arm_2: target set (0.357, 0.318, 1.320) in world
[INFO] [1789968952.990210088] [reach_dwell_monitor]: >>> arm_1: SUCCESS -- held 2.0s, pos max 4.43mm (settled 1.84) (tol 5.0), ori max 1.66deg (tol 5.0), 41 samples @ 20.0 Hz
[INFO] [1789968982.740550015] [reach_dwell_monitor]: >>> arm_2: SUCCESS -- held 2.0s, pos max 2.79mm (settled 1.36) (tol 5.0), ori max 2.16deg (tol 5.0), 41 samples @ 20.0 Hz
[INFO] [1789968982.741056827] [reach_dwell_monitor]: >>> 2-ARM CONCURRENT dwell held 2.0s (common window) -- arms ['arm_1', 'arm_2']
[INFO] [1789969060.021757055] [reach_dwell_monitor]: arm_1: target set (1.400, 0.247, 1.000) in world
[INFO] [1789969060.112084138] [reach_dwell_monitor]: arm_2: target set (0.757, 0.318, 1.320) in world
[INFO] [1789969097.440405924] [reach_dwell_monitor]: >>> arm_1: SUCCESS -- held 2.0s, pos max 3.96mm (settled 1.71) (tol 5.0), ori max 1.81deg (tol 5.0), 41 samples @ 20.0 Hz
[INFO] [1789969129.990249065] [reach_dwell_monitor]: >>> arm_2: SUCCESS -- held 2.0s, pos max 2.02mm (settled 0.72) (tol 5.0), ori max 2.09deg (tol 5.0), 41 samples @ 20.0 Hz
[INFO] [1789969129.990733069] [reach_dwell_monitor]: >>> 2-ARM CONCURRENT dwell held 2.0s (common window) -- arms ['arm_1', 'arm_2']
[INFO] [1789969208.535574862] [reach_dwell_monitor]: arm_1: target set (0.714, 0.318, 1.240) in world
[INFO] [1789969208.722431941] [reach_dwell_monitor]: arm_2: target set (0.071, 0.247, 1.160) in world
[INFO] [1789969236.990278911] [reach_dwell_monitor]: >>> arm_1: SUCCESS -- held 2.0s, pos max 3.12mm (settled 1.88) (tol 5.0), ori max 1.82deg (tol 5.0), 41 samples @ 20.0 Hz
[INFO] [1789969265.790148521] [reach_dwell_monitor]: >>> arm_2: SUCCESS -- held 2.0s, pos max 4.78mm (settled 0.76) (tol 5.0), ori max 2.00deg (tol 5.0), 41 samples @ 20.0 Hz
[INFO] [1789969265.790610497] [reach_dwell_monitor]: >>> 2-ARM CONCURRENT dwell held 2.0s (common window) -- arms ['arm_1', 'arm_2']
[INFO] [1789969344.946527105] [reach_dwell_monitor]: arm_1: target set (1.114, 0.318, 1.240) in world
[INFO] [1789969345.031088176] [reach_dwell_monitor]: arm_2: target set (0.471, 0.247, 1.160) in world
[INFO] [1789969388.290157944] [reach_dwell_monitor]: >>> arm_1: SUCCESS -- held 2.0s, pos max 3.06mm (settled 1.28) (tol 5.0), ori max 1.99deg (tol 5.0), 41 samples @ 20.0 Hz
[INFO] [1789969418.640397111] [reach_dwell_monitor]: >>> arm_2: SUCCESS -- held 2.0s, pos max 4.03mm (settled 1.33) (tol 5.0), ori max 1.16deg (tol 5.0), 41 samples @ 20.0 Hz
[INFO] [1789969418.640953098] [reach_dwell_monitor]: >>> 2-ARM CONCURRENT dwell held 2.0s (common window) -- arms ['arm_1', 'arm_2']
[INFO] [1789969546.712923211] [reach_dwell_monitor]: arm_1: target set (1.000, 0.318, 1.240) in world
[INFO] [1789969546.802532451] [reach_dwell_monitor]: arm_2: target set (0.214, 0.247, 1.240) in world
[INFO] [1789969588.740411068] [reach_dwell_monitor]: >>> arm_1: SUCCESS -- held 2.0s, pos max 2.74mm (settled 1.05) (tol 5.0), ori max 1.16deg (tol 5.0), 41 samples @ 20.0 Hz
[INFO] [1789969620.140443586] [reach_dwell_monitor]: >>> arm_2: SUCCESS -- held 2.0s, pos max 4.68mm (settled 1.26) (tol 5.0), ori max 1.94deg (tol 5.0), 42 samples @ 20.0 Hz
[INFO] [1789969620.141176468] [reach_dwell_monitor]: >>> 2-ARM CONCURRENT dwell held 2.0s (common window) -- arms ['arm_1', 'arm_2']
