pids monitor [2159803] recorder [2159762] ros2_control_node [2158948]
  event 0: {'kind': 'retract', 'gantry': 1, 'stop': 0}
  event 1: {'kind': 'traverse', 'gantry': 1, 'stop': 0, 'frm': (0.0, 0.0), 'to': (0.9, 0.0)}
  event 2: {'kind': 'task', 'gantry': 1, 'stop': 0, 'arm': 'arm_1', 'task': 4, 'xyz': [1.3571, 0.3882, 1.24]}
  event 3: {'kind': 'retract', 'gantry': 1, 'stop': 1}
  event 4: {'kind': 'traverse', 'gantry': 1, 'stop': 1, 'frm': (0.9, 0.0), 'to': (1.35, 0.0)}
  event 5: {'kind': 'task', 'gantry': 1, 'stop': 1, 'arm': 'arm_1', 'task': 3, 'xyz': [1.8571, 0.3176, 1.08]}
  event 6: {'kind': 'retract', 'gantry': 2, 'stop': 0}
  event 7: {'kind': 'traverse', 'gantry': 2, 'stop': 0, 'frm': (0.0, 0.0), 'to': (0.6, -0.17453292519943295)}
  event 8: {'kind': 'task', 'gantry': 2, 'stop': 0, 'arm': 'arm_3', 'task': 0, 'xyz': [0.7857, -0.4588, 1.0]}
  event 9: {'kind': 'task', 'gantry': 2, 'stop': 0, 'arm': 'arm_4', 'task': 1, 'xyz': [0.3571, -0.3176, 1.08]}
  event 10: {'kind': 'task', 'gantry': 2, 'stop': 0, 'arm': 'arm_3', 'task': 5, 'xyz': [0.9286, -0.4588, 1.0]}
  event 11: {'kind': 'retract', 'gantry': 2, 'stop': 1}
  event 12: {'kind': 'traverse', 'gantry': 2, 'stop': 1, 'frm': (0.6, -0.17453292519943295), 'to': (1.45, 0.0)}
  event 13: {'kind': 'task', 'gantry': 2, 'stop': 1, 'arm': 'arm_3', 'task': 2, 'xyz': [1.9286, -0.3176, 1.16]}
awal: maks |q - REST| keempat lengan 0.089 deg; rel t1 0.000157 t2 0.000963
===== t0 1791422551.9459
  [0] retract g1  
  [0] rc=0 2.53 s
  [1] traverse g1  (0.9, 0.0)
  [1] rc=0 66.05 s
  [2] task g1 arm_1 [1.3571, 0.3882, 1.24]
  [2] rc=0 61.31 s success@129.74
  [3] retract g1  
  [3] rc=0 60.73 s
  [4] traverse g1  (1.35, 0.0)
  [4] rc=0 40.77 s
  [5] task g1 arm_1 [1.8571, 0.3176, 1.08]
  [5] rc=0 49.63 s success@280.94
  [6] retract g2  
  [6] rc=0 2.83 s
  [7] traverse g2  (0.6, -0.17453292519943295)
  [7] rc=0 89.87 s
  [8] task g2 arm_3 [0.7857, -0.4588, 1.0]
  [8] rc=0 67.25 s success@440.99
  [9] task g2 arm_4 [0.3571, -0.3176, 1.08]
  [9] rc=0 69.26 s success@510.29
  [10] task g2 arm_3 [0.9286, -0.4588, 1.0]
  [10] rc=0 87.47 s success@597.80
  [11] retract g2  
  [11] rc=0 65.90 s
  [12] traverse g2  (1.45, 0.0)
  [12] rc=0 129.61 s
  [13] task g2 arm_3 [1.9286, -0.3176, 1.16]
  [13] rc=0 55.89 s success@849.29
SELESAI: 6/6 tugas sukses; makespan terukur 849.29 s
terminate called without an active exception
== RC 134
