1791422549.3547 pids monitor [2159803] recorder [2159762] ros2_control_node [2158948]
1791422551.9200   event 0: {'kind': 'retract', 'gantry': 1, 'stop': 0}
1791422551.9200   event 1: {'kind': 'traverse', 'gantry': 1, 'stop': 0, 'frm': (0.0, 0.0), 'to': (0.9, 0.0)}
1791422551.9200   event 2: {'kind': 'task', 'gantry': 1, 'stop': 0, 'arm': 'arm_1', 'task': 4, 'xyz': [1.3571, 0.3882, 1.24]}
1791422551.9201   event 3: {'kind': 'retract', 'gantry': 1, 'stop': 1}
1791422551.9201   event 4: {'kind': 'traverse', 'gantry': 1, 'stop': 1, 'frm': (0.9, 0.0), 'to': (1.35, 0.0)}
1791422551.9201   event 5: {'kind': 'task', 'gantry': 1, 'stop': 1, 'arm': 'arm_1', 'task': 3, 'xyz': [1.8571, 0.3176, 1.08]}
1791422551.9201   event 6: {'kind': 'retract', 'gantry': 2, 'stop': 0}
1791422551.9201   event 7: {'kind': 'traverse', 'gantry': 2, 'stop': 0, 'frm': (0.0, 0.0), 'to': (0.6, -0.17453292519943295)}
1791422551.9202   event 8: {'kind': 'task', 'gantry': 2, 'stop': 0, 'arm': 'arm_3', 'task': 0, 'xyz': [0.7857, -0.4588, 1.0]}
1791422551.9202   event 9: {'kind': 'task', 'gantry': 2, 'stop': 0, 'arm': 'arm_4', 'task': 1, 'xyz': [0.3571, -0.3176, 1.08]}
1791422551.9203   event 10: {'kind': 'task', 'gantry': 2, 'stop': 0, 'arm': 'arm_3', 'task': 5, 'xyz': [0.9286, -0.4588, 1.0]}
1791422551.9211   event 11: {'kind': 'retract', 'gantry': 2, 'stop': 1}
1791422551.9211   event 12: {'kind': 'traverse', 'gantry': 2, 'stop': 1, 'frm': (0.6, -0.17453292519943295), 'to': (1.45, 0.0)}
1791422551.9211   event 13: {'kind': 'task', 'gantry': 2, 'stop': 1, 'arm': 'arm_3', 'task': 2, 'xyz': [1.9286, -0.3176, 1.16]}
1791422551.9212 awal: maks |q - REST| keempat lengan 0.089 deg; rel t1 0.000157 t2 0.000963
1791422551.9460 ===== t0 1791422551.9459
1791422551.9731   [0] retract g1  
1791422554.5000   [0] rc=0 2.53 s
1791422554.5255   [1] traverse g1  (0.9, 0.0)
1791422620.5746   [1] rc=0 66.05 s
1791422620.6020   [2] task g1 arm_1 [1.3571, 0.3882, 1.24]
1791422681.9114   [2] rc=0 61.31 s success@129.74
1791422681.9374   [3] retract g1  
1791422742.6684   [3] rc=0 60.73 s
1791422742.6965   [4] traverse g1  (1.35, 0.0)
1791422783.4715   [4] rc=0 40.77 s
1791422783.5009   [5] task g1 arm_1 [1.8571, 0.3176, 1.08]
1791422833.1274   [5] rc=0 49.63 s success@280.94
1791422833.1561   [6] retract g2  
1791422835.9892   [6] rc=0 2.83 s
1791422836.0171   [7] traverse g2  (0.6, -0.17453292519943295)
1791422925.8916   [7] rc=0 89.87 s
1791422925.9211   [8] task g2 arm_3 [0.7857, -0.4588, 1.0]
1791422993.1682   [8] rc=0 67.25 s success@440.99
1791422993.1987   [9] task g2 arm_4 [0.3571, -0.3176, 1.08]
1791423062.4625   [9] rc=0 69.26 s success@510.29
1791423062.4952   [10] task g2 arm_3 [0.9286, -0.4588, 1.0]
1791423149.9676   [10] rc=0 87.47 s success@597.80
1791423149.9994   [11] retract g2  
1791423215.8998   [11] rc=0 65.90 s
1791423215.9344   [12] traverse g2  (1.45, 0.0)
1791423345.5467   [12] rc=0 129.61 s
1791423345.5978   [13] task g2 arm_3 [1.9286, -0.3176, 1.16]
1791423401.4896   [13] rc=0 55.89 s success@849.29
1791423401.4915 SELESAI: 6/6 tugas sukses; makespan terukur 849.29 s
