pids monitor [2159803] recorder [2159762] ros2_control_node [2158948]
  event 0: {'kind': 'retract', 'gantry': 1, 'stop': 0}
  event 1: {'kind': 'traverse', 'gantry': 1, 'stop': 0, 'frm': (0.0, 0.0), 'to': (0.9, 0.0)}
  event 2: {'kind': 'task', 'gantry': 1, 'stop': 0, 'arm': 'arm_1', 'task': 4, 'xyz': [1.3571, 0.3882, 1.24]}
  event 3: {'kind': 'retract', 'gantry': 1, 'stop': 1}
  event 4: {'kind': 'traverse', 'gantry': 1, 'stop': 1, 'frm': (0.9, 0.0), 'to': (1.35, 0.0)}
  event 5: {'kind': 'task', 'gantry': 1, 'stop': 1, 'arm': 'arm_1', 'task': 3, 'xyz': [1.8571, 0.3176, 1.08]}
  event 6: {'kind': 'task', 'gantry': 2, 'stop': 0, 'arm': 'arm_3', 'task': 1, 'xyz': [0.3571, -0.3176, 1.08]}
  event 7: {'kind': 'retract', 'gantry': 2, 'stop': 1}
  event 8: {'kind': 'traverse', 'gantry': 2, 'stop': 1, 'frm': (0.0, 0.0), 'to': (0.2, 0.0)}
  event 9: {'kind': 'task', 'gantry': 2, 'stop': 1, 'arm': 'arm_3', 'task': 0, 'xyz': [0.7857, -0.4588, 1.0]}
  event 10: {'kind': 'retract', 'gantry': 2, 'stop': 2}
  event 11: {'kind': 'traverse', 'gantry': 2, 'stop': 2, 'frm': (0.2, 0.0), 'to': (1.45, 0.0)}
  event 12: {'kind': 'task', 'gantry': 2, 'stop': 2, 'arm': 'arm_3', 'task': 2, 'xyz': [1.9286, -0.3176, 1.16]}
  event 13: {'kind': 'task', 'gantry': 2, 'stop': 2, 'arm': 'arm_4', 'task': 5, 'xyz': [0.9286, -0.4588, 1.0]}
awal: maks |q - REST| keempat lengan 0.111 deg; rel t1 0.000335 t2 0.000827
===== t0 1791421358.2131
  [0] retract g1  
  [0] rc=0 2.51 s
  [1] traverse g1  (0.9, 0.0)
  [1] rc=0 65.98 s
  [2] task g1 arm_1 [1.3571, 0.3882, 1.24]
  [2] rc=0 71.42 s success@139.73
  [3] retract g1  
  [3] rc=0 61.49 s
  [4] traverse g1  (1.35, 0.0)
  [4] rc=0 39.77 s
  [5] task g1 arm_1 [1.8571, 0.3176, 1.08]
  [5] rc=0 71.30 s success@312.33
  [6] task g2 arm_3 [0.3571, -0.3176, 1.08]
  [6] rc=0 66.51 s success@378.88
  [7] retract g2  
  [7] rc=0 63.13 s
  [8] traverse g2  (0.2, 0.0)
  [8] rc=0 25.77 s
  [9] task g2 arm_3 [0.7857, -0.4588, 1.0]
  [9] rc=0 57.59 s success@525.43
  [10] retract g2  
  [10] rc=0 63.74 s
  [11] traverse g2  (1.45, 0.0)
  [11] rc=0 90.32 s
  [12] task g2 arm_3 [1.9286, -0.3176, 1.16]
  [12] rc=0 58.00 s success@737.53
  [13] task g2 arm_4 [0.9286, -0.4588, 1.0]
  [13] rc=0 45.76 s success@783.33
SELESAI: 6/6 tugas sukses; makespan terukur 783.33 s
terminate called without an active exception
== RC 134
