[INFO] [1791419497.636981277] [reach_dwell_monitor]: logging samples -> /tmp/g34hw_step_samples.csv, summary -> /tmp/g34hw_step_summary.csv
[INFO] [1791419497.637391598] [reach_dwell_monitor]: reach_dwell_monitor up: pos<5.0mm ori<5.0deg dwell=2.0s @20Hz over ['arm_1', 'arm_2', 'arm_3', 'arm_4']. Observer only -- commands nothing.
[INFO] [1791421428.586501094] [reach_dwell_monitor]: arm_1: target set (1.357, 0.388, 1.240) in world
[INFO] [1791421497.937977074] [reach_dwell_monitor]: >>> arm_1: SUCCESS -- held 2.0s, pos max 3.21mm (settled 1.17) (tol 5.0), ori max 1.99deg (tol 5.0), 42 samples @ 20.0 Hz
[INFO] [1791421599.966685401] [reach_dwell_monitor]: arm_1: target set (1.857, 0.318, 1.080) in world
[INFO] [1791421670.538086626] [reach_dwell_monitor]: >>> arm_1: SUCCESS -- held 2.0s, pos max 4.71mm (settled 1.62) (tol 5.0), ori max 2.11deg (tol 5.0), 42 samples @ 20.0 Hz
[INFO] [1791421671.284857443] [reach_dwell_monitor]: arm_3: target set (0.357, -0.318, 1.080) in world
[INFO] [1791421737.088001985] [reach_dwell_monitor]: >>> arm_3: SUCCESS -- held 2.0s, pos max 4.98mm (settled 1.00) (tol 5.0), ori max 0.97deg (tol 5.0), 41 samples @ 20.0 Hz
[INFO] [1791421737.088575259] [reach_dwell_monitor]: >>> 2-ARM CONCURRENT dwell held 2.0s (common window) -- arms ['arm_1', 'arm_3']
[INFO] [1791421826.745333332] [reach_dwell_monitor]: arm_3: target set (0.786, -0.459, 1.000) in world
[INFO] [1791421883.638065949] [reach_dwell_monitor]: >>> arm_3: SUCCESS -- held 2.0s, pos max 3.59mm (settled 2.65) (tol 5.0), ori max 1.84deg (tol 5.0), 41 samples @ 20.0 Hz
[INFO] [1791421883.638851837] [reach_dwell_monitor]: >>> 2-ARM CONCURRENT dwell held 2.0s (common window) -- arms ['arm_1', 'arm_3']
[INFO] [1791422038.521261244] [reach_dwell_monitor]: arm_3: target set (1.929, -0.318, 1.160) in world
[INFO] [1791422095.738140974] [reach_dwell_monitor]: >>> arm_3: SUCCESS -- held 2.0s, pos max 4.77mm (settled 2.06) (tol 5.0), ori max 0.32deg (tol 5.0), 42 samples @ 20.0 Hz
[INFO] [1791422095.738703118] [reach_dwell_monitor]: >>> 2-ARM CONCURRENT dwell held 2.0s (common window) -- arms ['arm_1', 'arm_3']
[INFO] [1791422096.538085954] [reach_dwell_monitor]: arm_4: target set (0.929, -0.459, 1.000) in world
[INFO] [1791422141.538993375] [reach_dwell_monitor]: >>> arm_4: SUCCESS -- held 2.0s, pos max 2.16mm (settled 1.32) (tol 5.0), ori max 2.00deg (tol 5.0), 41 samples @ 20.0 Hz
[INFO] [1791422141.539838120] [reach_dwell_monitor]: >>> 3-ARM CONCURRENT dwell held 2.0s (common window) -- arms ['arm_1', 'arm_3', 'arm_4']
[INFO] [1791422621.419072970] [reach_dwell_monitor]: arm_1: target set (1.357, 0.388, 1.240) in world
[INFO] [1791422681.688027687] [reach_dwell_monitor]: >>> arm_1: SUCCESS -- held 2.0s, pos max 2.44mm (settled 1.83) (tol 5.0), ori max 1.41deg (tol 5.0), 42 samples @ 20.0 Hz
[INFO] [1791422786.248442259] [reach_dwell_monitor]: arm_1: target set (1.857, 0.318, 1.080) in world
[INFO] [1791422832.888081088] [reach_dwell_monitor]: >>> arm_1: SUCCESS -- held 2.0s, pos max 4.49mm (settled 0.71) (tol 5.0), ori max 1.68deg (tol 5.0), 42 samples @ 20.0 Hz
[INFO] [1791422926.405224700] [reach_dwell_monitor]: arm_3: target set (0.786, -0.459, 1.000) in world
[INFO] [1791422992.938405799] [reach_dwell_monitor]: >>> arm_3: SUCCESS -- held 2.0s, pos max 3.49mm (settled 2.05) (tol 5.0), ori max 0.75deg (tol 5.0), 41 samples @ 20.0 Hz
[INFO] [1791422993.694322627] [reach_dwell_monitor]: arm_4: target set (0.357, -0.318, 1.080) in world
[INFO] [1791423062.238108590] [reach_dwell_monitor]: >>> arm_4: SUCCESS -- held 2.0s, pos max 2.22mm (settled 0.94) (tol 5.0), ori max 1.09deg (tol 5.0), 42 samples @ 20.0 Hz
[INFO] [1791423062.238682812] [reach_dwell_monitor]: >>> 3-ARM CONCURRENT dwell held 2.0s (common window) -- arms ['arm_1', 'arm_3', 'arm_4']
[INFO] [1791423062.995519081] [reach_dwell_monitor]: arm_3: target set (0.929, -0.459, 1.000) in world
[INFO] [1791423149.738133047] [reach_dwell_monitor]: >>> arm_3: SUCCESS -- held 2.0s, pos max 3.94mm (settled 1.63) (tol 5.0), ori max 2.25deg (tol 5.0), 41 samples @ 20.0 Hz
[INFO] [1791423149.744716414] [reach_dwell_monitor]: >>> 3-ARM CONCURRENT dwell held 2.0s (common window) -- arms ['arm_1', 'arm_3', 'arm_4']
[INFO] [1791423346.134340387] [reach_dwell_monitor]: arm_3: target set (1.929, -0.318, 1.160) in world
[INFO] [1791423401.238112929] [reach_dwell_monitor]: >>> arm_3: SUCCESS -- held 2.0s, pos max 4.50mm (settled 1.90) (tol 5.0), ori max 2.07deg (tol 5.0), 42 samples @ 20.0 Hz
