probe LANGKAH 3: arm_1 + arm_2 (gantry_1), 1 percobaan, abort torsi 12.0 N.m
sumber target: arm_1 (0.786, 0.176, 1.4), arm_2 (0.214, 0.035, 1.4)
kriteria A1 TERKUNCI, N-lengan: SATU jendela 2.0 s di mana KEDUA lengan
memenuhi pos < 5 mm dan ori < 5 deg BERSAMAAN. Bergantian TIDAK dihitung.

[INFO] [1789963328.054314288] [reach_dwell_probe]: torsi RNEA+offset(per-aktuator) vs rating: 1=0.02->6.62/10, 2=3.91->10.51/14, 3=2.45->9.05/10, 4=0.41->2.39/7, 5=0.06->2.04/7, 6=0.00->1.98/7  (terketat t1_a1_joint_3 91 %)
/home/user1/Documents/ceiling_arm/scripts/interarm_collision.py:66: UserWarning: You passed package dir(s) via argument geometry_model and provided package_dirs.
  self.geom = pin.buildGeomFromUrdf(
[INFO] [1789963351.941718294] [reach_dwell_probe]: jarak antar-lengan minimum sepanjang rencana: 457.1 mm di titik 53 (t1_a1_upper_wrist_link_0 <-> t1_a2_arm_link_0) -> CLEAR
       arm_1: moveit MOVED
[INFO] [1789963361.987302374] [reach_dwell_probe]: torsi RNEA+offset(per-aktuator) vs rating: 1=0.11->6.71/10, 2=8.76->15.36/14, 3=1.08->7.68/10, 4=0.16->2.14/7, 5=0.06->2.04/7, 6=0.00->1.98/7  (terketat t1_a2_joint_2 110 %)
[ERROR] [1789963361.987575449] [reach_dwell_probe]: A6/S3: rencana DITOLAK SEBELUM GERAK -- t1_a2_joint_2 diperkirakan 15.36 N.m > rating 14. Pose ini menuntut torsi di atas rating sendi; itu sifat POSE, bukan sifat penjaga. (Penyaring sengaja konservatif: pada kalibrasi G16 ia menolak 1 dari 4 pose yang ternyata aman.)
[INFO] [1789963361.987836781] [reach_dwell_probe]: percobaan rencana 2/3: yang sebelumnya TORQUE-UNSAFE -- meminta lintasan LAIN (penyaring tidak dilonggarkan)
[INFO] [1789963362.056201945] [reach_dwell_probe]: torsi RNEA+offset(per-aktuator) vs rating: 1=0.12->6.72/10, 2=8.79->15.39/14, 3=1.11->7.71/10, 4=0.17->2.15/7, 5=0.06->2.04/7, 6=0.00->1.98/7  (terketat t1_a2_joint_2 110 %)
[ERROR] [1789963362.056465230] [reach_dwell_probe]: A6/S3: rencana DITOLAK SEBELUM GERAK -- t1_a2_joint_2 diperkirakan 15.39 N.m > rating 14. Pose ini menuntut torsi di atas rating sendi; itu sifat POSE, bukan sifat penjaga. (Penyaring sengaja konservatif: pada kalibrasi G16 ia menolak 1 dari 4 pose yang ternyata aman.)
[INFO] [1789963362.056716222] [reach_dwell_probe]: percobaan rencana 3/3: yang sebelumnya TORQUE-UNSAFE -- meminta lintasan LAIN (penyaring tidak dilonggarkan)
[INFO] [1789963362.123996711] [reach_dwell_probe]: torsi RNEA+offset(per-aktuator) vs rating: 1=0.17->6.77/10, 2=8.03->14.63/14, 3=0.84->7.44/10, 4=0.16->2.14/7, 5=0.07->2.05/7, 6=0.00->1.98/7  (terketat t1_a2_joint_2 105 %)
[ERROR] [1789963362.124305933] [reach_dwell_probe]: A6/S3: rencana DITOLAK SEBELUM GERAK -- t1_a2_joint_2 diperkirakan 14.63 N.m > rating 14. Pose ini menuntut torsi di atas rating sendi; itu sifat POSE, bukan sifat penjaga. (Penyaring sengaja konservatif: pada kalibrasi G16 ia menolak 1 dari 4 pose yang ternyata aman.)
       arm_2: moveit TORQUE-UNSAFE
  [ 1] HALTED       (arm_2:TORQUE-UNSAFE) torsi puncak 10.97 N.m
  TIDAK VALID (mesin, A5, di LUAR penyebut): {'HALTED': 1}
  -> /tmp/g17_step3.json
