probe LANGKAH 3: arm_1 + arm_2 (gantry_1), 1 percobaan, abort torsi 12.0 N.m
sumber target: arm_1 (0.786, 0.529, 1.32), arm_2 (0.0, 0.388, 1.24)
kriteria A1 TERKUNCI, N-lengan: SATU jendela 2.0 s di mana KEDUA lengan
memenuhi pos < 5 mm dan ori < 5 deg BERSAMAAN. Bergantian TIDAK dihitung.

[INFO] [1789963200.623442052] [reach_dwell_probe]: torsi RNEA+offset(per-aktuator) vs rating: 1=0.15->6.75/10, 2=7.67->14.27/14, 3=0.42->7.02/10, 4=0.07->2.05/7, 5=0.06->2.04/7, 6=0.00->1.98/7  (terketat t1_a1_joint_2 102 %)
[ERROR] [1789963200.623804415] [reach_dwell_probe]: A6/S3: rencana DITOLAK SEBELUM GERAK -- t1_a1_joint_2 diperkirakan 14.27 N.m > rating 14. Pose ini menuntut torsi di atas rating sendi; itu sifat POSE, bukan sifat penjaga. (Penyaring sengaja konservatif: pada kalibrasi G16 ia menolak 1 dari 4 pose yang ternyata aman.)
[INFO] [1789963200.624154954] [reach_dwell_probe]: percobaan rencana 2/3: yang sebelumnya TORQUE-UNSAFE -- meminta lintasan LAIN (penyaring tidak dilonggarkan)
[INFO] [1789963200.670924619] [reach_dwell_probe]: torsi RNEA+offset(per-aktuator) vs rating: 1=0.03->6.63/10, 2=2.45->9.05/14, 3=2.45->9.05/10, 4=0.41->2.39/7, 5=0.06->2.04/7, 6=0.00->1.98/7  (terketat t1_a1_joint_3 90 %)
/home/user1/Documents/ceiling_arm/scripts/interarm_collision.py:66: UserWarning: You passed package dir(s) via argument geometry_model and provided package_dirs.
  self.geom = pin.buildGeomFromUrdf(
[INFO] [1789963223.861237982] [reach_dwell_probe]: jarak antar-lengan minimum sepanjang rencana: 437.1 mm di titik 64 (t1_a1_lower_wrist_link_0 <-> t1_a2_arm_link_0) -> CLEAR
       arm_1: moveit MOVED
[INFO] [1789963233.560953835] [reach_dwell_probe]: torsi RNEA+offset(per-aktuator) vs rating: 1=0.01->6.61/10, 2=0.76->7.36/14, 3=2.45->9.05/10, 4=0.41->2.39/7, 5=0.08->2.06/7, 6=0.00->1.98/7  (terketat t1_a2_joint_3 91 %)
[INFO] [1789963259.035320471] [reach_dwell_probe]: jarak antar-lengan minimum sepanjang rencana: 469.1 mm di titik 127 (t1_a1_lower_wrist_link_0 <-> t1_a2_forearm_link_0) -> CLEAR
       arm_2: moveit MOVED
  [ 1] CONCURRENT   (lengan sukses sendiri-sendiri: ['arm_1', 'arm_2']) torsi puncak  5.53 N.m

  A1 N-lengan: 1 / 1 punya jendela BERSAMA
  BERGANTIAN (kedua lengan sukses, tapi TIDAK bersamaan): 0  <- BUKAN sukses
  SEBAGIAN 0, TIDAK ADA 0
  TIDAK VALID (mesin, A5, di LUAR penyebut): tidak ada
  -> /tmp/g17_step3.json
