[INFO] [1789962345.925827966] [reach_dwell_monitor]: logging samples -> /tmp/g18_step3_samples.csv, summary -> /tmp/g18_step3_summary.csv
[INFO] [1789962345.926266339] [reach_dwell_monitor]: reach_dwell_monitor up: pos<5.0mm ori<5.0deg dwell=2.0s @20Hz over ['arm_1', 'arm_2']. Observer only -- commands nothing.
[INFO] [1789962369.496493760] [reach_dwell_monitor]: arm_1: target set (1.000, 0.318, 1.240) in world
[INFO] [1789962369.582036779] [reach_dwell_monitor]: arm_2: target set (0.214, 0.247, 1.240) in world
[INFO] [1789962414.177079671] [reach_dwell_monitor]: >>> arm_1: SUCCESS -- held 2.0s, pos max 2.32mm (settled 1.48) (tol 5.0), ori max 2.52deg (tol 5.0), 41 samples @ 20.0 Hz
[INFO] [1789962446.226806893] [reach_dwell_monitor]: >>> arm_2: SUCCESS -- held 2.0s, pos max 3.39mm (settled 1.41) (tol 5.0), ori max 0.85deg (tol 5.0), 41 samples @ 20.0 Hz
[INFO] [1789962446.227609327] [reach_dwell_monitor]: >>> 2-ARM CONCURRENT dwell held 2.0s (common window) -- arms ['arm_1', 'arm_2']
[INFO] [1789962694.368678643] [reach_dwell_monitor]: arm_1: target set (0.857, 0.035, 1.080) in world
[INFO] [1789962694.452205861] [reach_dwell_monitor]: arm_2: target set (0.286, 0.529, 1.160) in world
[INFO] [1789962740.026677630] [reach_dwell_monitor]: >>> arm_1: SUCCESS -- held 2.0s, pos max 2.73mm (settled 1.08) (tol 5.0), ori max 1.02deg (tol 5.0), 41 samples @ 20.0 Hz
[INFO] [1789962784.276797486] [reach_dwell_monitor]: >>> arm_2: SUCCESS -- held 2.0s, pos max 3.34mm (settled 2.02) (tol 5.0), ori max 1.43deg (tol 5.0), 41 samples @ 20.0 Hz
[INFO] [1789962784.277342371] [reach_dwell_monitor]: >>> 2-ARM CONCURRENT dwell held 2.0s (common window) -- arms ['arm_1', 'arm_2']
[INFO] [1789962954.200403431] [reach_dwell_monitor]: arm_1: target set (0.786, 0.388, 1.000) in world
[INFO] [1789962954.280507325] [reach_dwell_monitor]: arm_2: target set (0.071, 0.176, 1.000) in world
[INFO] [1789963000.826713970] [reach_dwell_monitor]: >>> arm_1: SUCCESS -- held 2.0s, pos max 4.75mm (settled 1.03) (tol 5.0), ori max 2.41deg (tol 5.0), 42 samples @ 20.0 Hz
[INFO] [1789963035.976854821] [reach_dwell_monitor]: >>> arm_2: SUCCESS -- held 2.0s, pos max 4.49mm (settled 1.79) (tol 5.0), ori max 1.19deg (tol 5.0), 42 samples @ 20.0 Hz
[INFO] [1789963035.977424606] [reach_dwell_monitor]: >>> 2-ARM CONCURRENT dwell held 2.0s (common window) -- arms ['arm_1', 'arm_2']
[INFO] [1789963089.353859470] [reach_dwell_monitor]: arm_1: target set (1.286, 0.459, 1.160) in world
[INFO] [1789963089.462088188] [reach_dwell_monitor]: arm_2: target set (0.500, 0.388, 1.240) in world
[INFO] [1789963117.076772693] [reach_dwell_monitor]: >>> arm_1: SUCCESS -- held 2.0s, pos max 3.84mm (settled 0.83) (tol 5.0), ori max 1.54deg (tol 5.0), 42 samples @ 20.0 Hz
[INFO] [1789963145.626845372] [reach_dwell_monitor]: >>> arm_2: SUCCESS -- held 2.0s, pos max 4.75mm (settled 2.81) (tol 5.0), ori max 1.97deg (tol 5.0), 42 samples @ 20.0 Hz
[INFO] [1789963145.627403805] [reach_dwell_monitor]: >>> 2-ARM CONCURRENT dwell held 2.0s (common window) -- arms ['arm_1', 'arm_2']
[INFO] [1789963200.300627376] [reach_dwell_monitor]: arm_1: target set (0.786, 0.529, 1.320) in world
[INFO] [1789963200.390605146] [reach_dwell_monitor]: arm_2: target set (0.000, 0.388, 1.240) in world
[INFO] [1789963235.276751648] [reach_dwell_monitor]: >>> arm_1: SUCCESS -- held 2.0s, pos max 4.93mm (settled 1.66) (tol 5.0), ori max 1.71deg (tol 5.0), 41 samples @ 20.0 Hz
[INFO] [1789963273.576826900] [reach_dwell_monitor]: >>> arm_2: SUCCESS -- held 2.0s, pos max 4.43mm (settled 2.20) (tol 5.0), ori max 1.38deg (tol 5.0), 41 samples @ 20.0 Hz
[INFO] [1789963273.577347380] [reach_dwell_monitor]: >>> 2-ARM CONCURRENT dwell held 2.0s (common window) -- arms ['arm_1', 'arm_2']
[INFO] [1789963327.731527941] [reach_dwell_monitor]: arm_1: target set (0.786, 0.176, 1.400) in world
[INFO] [1789963327.820302851] [reach_dwell_monitor]: arm_2: target set (0.214, 0.035, 1.400) in world
[INFO] [1789963363.826779921] [reach_dwell_monitor]: >>> arm_1: SUCCESS -- held 2.0s, pos max 2.76mm (settled 1.26) (tol 5.0), ori max 2.11deg (tol 5.0), 42 samples @ 20.0 Hz
[INFO] [1789963484.430437979] [reach_dwell_monitor]: arm_1: target set (1.071, 0.600, 1.320) in world
[INFO] [1789963484.520571737] [reach_dwell_monitor]: arm_2: target set (0.214, 0.388, 1.000) in world
[INFO] [1789963519.576768776] [reach_dwell_monitor]: >>> arm_1: SUCCESS -- held 2.0s, pos max 3.27mm (settled 1.63) (tol 5.0), ori max 1.44deg (tol 5.0), 42 samples @ 20.0 Hz
[INFO] [1789963563.626881423] [reach_dwell_monitor]: >>> arm_2: SUCCESS -- held 2.0s, pos max 4.11mm (settled 1.83) (tol 5.0), ori max 1.88deg (tol 5.0), 41 samples @ 20.0 Hz
[INFO] [1789963563.627433252] [reach_dwell_monitor]: >>> 2-ARM CONCURRENT dwell held 2.0s (common window) -- arms ['arm_1', 'arm_2']
[INFO] [1789963617.478475778] [reach_dwell_monitor]: arm_1: target set (1.071, 0.529, 1.000) in world
[INFO] [1789963617.570370634] [reach_dwell_monitor]: arm_2: target set (0.286, -0.035, 1.240) in world
[INFO] [1789963636.376818582] [reach_dwell_monitor]: >>> arm_1: SUCCESS -- held 2.0s, pos max 4.04mm (settled 1.57) (tol 5.0), ori max 2.13deg (tol 5.0), 41 samples @ 20.0 Hz
[INFO] [1789963681.226812197] [reach_dwell_monitor]: >>> arm_2: SUCCESS -- held 2.0s, pos max 4.94mm (settled 1.51) (tol 5.0), ori max 2.99deg (tol 5.0), 41 samples @ 20.0 Hz
[INFO] [1789963681.227343536] [reach_dwell_monitor]: >>> 2-ARM CONCURRENT dwell held 2.0s (common window) -- arms ['arm_1', 'arm_2']
[INFO] [1789963733.724974620] [reach_dwell_monitor]: arm_1: target set (1.000, 0.247, 1.000) in world
[INFO] [1789963733.830499889] [reach_dwell_monitor]: arm_2: target set (0.357, 0.318, 1.320) in world
[INFO] [1789963770.826804644] [reach_dwell_monitor]: >>> arm_1: SUCCESS -- held 2.0s, pos max 3.66mm (settled 0.95) (tol 5.0), ori max 1.85deg (tol 5.0), 41 samples @ 20.0 Hz
[INFO] [1789963804.476860928] [reach_dwell_monitor]: >>> arm_2: SUCCESS -- held 2.0s, pos max 4.30mm (settled 1.67) (tol 5.0), ori max 0.32deg (tol 5.0), 42 samples @ 20.0 Hz
[INFO] [1789963804.477391502] [reach_dwell_monitor]: >>> 2-ARM CONCURRENT dwell held 2.0s (common window) -- arms ['arm_1', 'arm_2']
[INFO] [1789963859.465141620] [reach_dwell_monitor]: arm_1: target set (0.714, 0.318, 1.240) in world
[INFO] [1789963859.667518965] [reach_dwell_monitor]: arm_2: target set (0.071, 0.247, 1.160) in world
[INFO] [1789963891.726760678] [reach_dwell_monitor]: >>> arm_1: SUCCESS -- held 2.0s, pos max 4.16mm (settled 1.66) (tol 5.0), ori max 0.55deg (tol 5.0), 42 samples @ 20.0 Hz
[INFO] [1789963924.477190116] [reach_dwell_monitor]: >>> arm_2: SUCCESS -- held 2.0s, pos max 3.60mm (settled 1.93) (tol 5.0), ori max 1.97deg (tol 5.0), 42 samples @ 20.0 Hz
[INFO] [1789963924.477884205] [reach_dwell_monitor]: >>> 2-ARM CONCURRENT dwell held 2.0s (common window) -- arms ['arm_1', 'arm_2']
Traceback (most recent call last):
  File "/home/user1/Documents/ceiling_arm/ros2_ws/install/reachability_gng/lib/reachability_gng/reach_dwell_monitor", line 33, in <module>
    sys.exit(load_entry_point('reachability-gng', 'console_scripts', 'reach_dwell_monitor')())
  File "/home/user1/Documents/ceiling_arm/ros2_ws/build/reachability_gng/reachability_gng/reach_dwell_monitor.py", line 380, in main
    rclpy.spin(node)
  File "/opt/ros/humble/local/lib/python3.10/dist-packages/rclpy/__init__.py", line 229, in spin
    executor.spin_once()
  File "/opt/ros/humble/local/lib/python3.10/dist-packages/rclpy/executors.py", line 808, in spin_once
    self._spin_once_impl(timeout_sec)
  File "/opt/ros/humble/local/lib/python3.10/dist-packages/rclpy/executors.py", line 797, in _spin_once_impl
    handler, entity, node = self.wait_for_ready_callbacks(timeout_sec=timeout_sec)
  File "/opt/ros/humble/local/lib/python3.10/dist-packages/rclpy/executors.py", line 780, in wait_for_ready_callbacks
    return next(self._cb_iter)
  File "/opt/ros/humble/local/lib/python3.10/dist-packages/rclpy/executors.py", line 681, in _wait_for_ready_callbacks
    raise ExternalShutdownException()
rclpy.executors.ExternalShutdownException
[ros2run]: Process exited with failure 1
