[Warning] [simulation_app.simulation_app] Modules: ['omni.kit_app'] were loaded before SimulationApp was started and might not be loaded correctly.
[Warning] [simulation_app.simulation_app] Please check to make sure no extra omniverse or pxr modules are imported before the call to SimulationApp(...)
[Info] [carb] Logging to file: /srv/data/users/raditya/isaacsim/env_isaacsim/lib/python3.10/site-packages/omni/logs/Kit/Isaac-Sim Python/4.5/kit_20260621_132739.log
2026-06-21 04:27:39 [0ms] [Warning] [omni.kit.app.plugin] No crash reporter present, dumps uploading isn't available.
[0.108s] [ext: omni.kit.async_engine-0.0.1] startup
[0.320s] [ext: omni.metrics.core-0.0.1] startup
[0.320s] [ext: omni.client.lib-1.0.0] startup
[0.361s] [ext: omni.blobkey-1.1.2] startup
[0.362s] [ext: omni.stats-1.0.1] startup
[0.363s] [ext: omni.datastore-0.0.0] startup
[0.374s] [ext: omni.client-1.2.2] startup
[0.382s] [ext: omni.ujitso.default-1.0.0] startup
[0.384s] [ext: omni.hsscclient-1.1.1] startup
2026-06-21 04:27:39 [332ms] [Warning] [omni.datastore] OmniHub is inaccessible
[0.392s] [ext: omni.gpu_foundation.shadercache.vulkan-1.0.0] startup
[0.398s] [ext: omni.assets.plugins-0.0.0] startup
[0.401s] [ext: omni.gpu_foundation-0.0.0] startup
[0.458s] [ext: carb.windowing.plugins-1.0.0] startup
[0.488s] [ext: omni.kit.renderer.init-0.0.0] startup

|---------------------------------------------------------------------------------------------|
| Driver Version: 560.28.03     | Graphics API: Vulkan
|=============================================================================================|
| GPU | Name                             | Active | LDA | GPU Memory | Vendor-ID | LUID       |
|     |                                  |        |     |            | Device-ID | UUID       |
|     |                                  |        |     |            | Bus-ID    |            |
|---------------------------------------------------------------------------------------------|
| 0   | NVIDIA RTX A6000                 | Yes: 0 |     | 49386   MB | 10de      | 0          |
|     |                                  |        |     |            | 2230      | 0652a9b7.. |
|     |                                  |        |     |            | 3b        |            |
|=============================================================================================|
| OS: 22.04.5 LTS (Jammy Jellyfish) ubuntu, Version: 22.04.5, Kernel: 6.8.0-124-generic
| XServer Vendor: The X.Org Foundation, XServer Version: 12101004 (1.21.1.4)
| Processor: Intel(R) Xeon(R) Silver 4216 CPU @ 2.10GHz
| Cores: 32 | Logical Cores: 64
|---------------------------------------------------------------------------------------------|
| Total Memory (MB): 96267 | Free Memory: 75165
| Total Page/Swap (MB): 2048 | Free Page/Swap: 634
|---------------------------------------------------------------------------------------------|
[1.555s] [ext: omni.kit.pipapi-0.0.0] startup
[1.557s] [ext: omni.materialx.libs-1.0.6] startup
[1.568s] [ext: omni.kit.pip_archive-0.0.0] startup
[1.568s] [ext: omni.usd.config-1.0.5] startup
[1.574s] [ext: omni.gpucompute.plugins-0.0.0] startup
[1.575s] [ext: omni.usd.libs-1.0.1] startup
[1.712s] [ext: omni.mdl-55.0.1] startup
[1.744s] [ext: omni.iray.libs-0.0.0] startup
[1.751s] [ext: omni.mdl.neuraylib-0.2.10] startup
[1.754s] [ext: omni.kit.usd.mdl-1.0.7] startup
[1.909s] [ext: omni.kit.telemetry-0.5.1] startup
[1.949s] [ext: omni.kit.loop-isaac-1.2.1] startup
[1.951s] [ext: omni.kit.test-1.1.2] startup
[2.023s] [ext: omni.appwindow-1.1.9] startup
[2.028s] [ext: omni.kit.renderer.core-1.0.2] startup
[2.151s] [ext: omni.kit.renderer.capture-0.0.0] startup
[2.155s] [ext: omni.kit.renderer.imgui-1.0.2] startup
[2.259s] [ext: omni.ui-2.26.5] startup
[2.275s] [ext: omni.kit.mainwindow-1.0.3] startup
[2.276s] [ext: carb.audio-0.1.0] startup
[2.283s] [ext: omni.uiaudio-1.0.0] startup
[2.285s] [ext: omni.kit.uiapp-0.0.0] startup
[2.285s] [ext: omni.usd.schema.metrics.assembler-106.5.0] startup
[2.300s] [ext: omni.usd.schema.anim-0.0.0] startup
[2.335s] [ext: omni.usd.schema.audio-0.0.0] startup
[2.342s] [ext: omni.usd.schema.isaac-3.0.2] startup
[2.342s] [ext: omni.usd.schema.omnigraph-1.0.0] startup
[2.355s] [ext: omni.usd.schema.forcefield-106.5.7] startup
[2.376s] [ext: omni.usd.schema.semantics-0.0.0] startup
[2.382s] [ext: omni.usd.schema.physx-106.5.7] startup
[2.420s] [ext: omni.usd.schema.geospatial-0.0.0] startup
[2.426s] [ext: omni.usd_resolver-1.0.0] startup
[2.432s] [ext: omni.kit.window.popup_dialog-2.0.24] startup
[2.438s] [ext: usdrt.scenegraph-7.5.1] startup
[2.499s] [ext: omni.timeline-1.0.11] startup
[2.503s] [ext: omni.usd.core-1.4.2] startup
[2.507s] [ext: omni.resourcemonitor-107.0.0] startup
[2.510s] [ext: omni.activity.core-1.0.1] startup
[2.513s] [ext: omni.kit.widget.nucleus_connector-1.1.10] startup
[2.515s] [ext: omni.hydra.usdrt_delegate-7.5.1] startup
[2.532s] [ext: omni.kit.actions.core-1.0.0] startup
[2.537s] [ext: omni.graph.exec-0.9.4] startup
[2.538s] [ext: omni.kit.commands-1.4.9] startup
[2.544s] [ext: omni.kit.usd_undo-0.1.8] startup
[2.545s] [ext: omni.kit.exec.core-0.13.4] startup
[2.548s] [ext: omni.kit.audiodeviceenum-1.0.1] startup
[2.550s] [ext: omni.hydra.scene_delegate-0.3.3] startup
[2.558s] [ext: omni.usd-1.12.4] startup
[2.626s] [ext: omni.inspect-1.0.1] startup
[2.628s] [ext: omni.kit.notification_manager-1.0.9] startup
[2.630s] [ext: omni.graph.core-2.181.8] startup
[2.635s] [ext: isaacsim.core.deprecation_manager-0.2.2] startup
[2.636s] [ext: omni.usd.schema.omniscripting-1.0.0] startup
[2.643s] [ext: isaacsim.robot.schema-3.1.2] startup
[2.656s] [ext: omni.kit.asset_converter-2.8.3] startup
[2.674s] [ext: omni.kit.menu.core-1.1.2] startup
[2.675s] [ext: omni.kvdb-106.5.7] startup
[2.677s] [ext: omni.kit.widget.context_menu-1.2.4] startup
[2.679s] [ext: omni.kit.usd.layers-2.2.0] startup
[2.691s] [ext: omni.kit.property.adapter.core-1.0.2] startup
[2.695s] [ext: omni.localcache-106.5.7] startup
[2.697s] [ext: omni.convexdecomposition-106.5.7] startup
[2.704s] [ext: omni.warp.core-1.5.0] startup
[2.958s] [ext: omni.kit.context_menu-1.8.3] startup
[2.961s] [ext: omni.kit.hotkeys.core-1.3.10] startup
[2.966s] [ext: omni.kit.property.adapter.fabric-1.0.3] startup
[2.968s] [ext: omni.usdphysics-106.5.7] startup
[2.974s] [ext: omni.kit.widget.path_field-2.0.11] startup
[2.975s] [ext: omni.kit.widget.options_menu-1.1.6] startup
[2.979s] [ext: omni.kit.helper.file_utils-0.1.9] startup
[2.981s] [ext: omni.kit.widget.browser_bar-2.0.10] startup
[2.982s] [ext: omni.kit.widget.options_button-1.0.3] startup
[2.983s] [ext: omni.kit.widget.filebrowser-2.10.52] startup
[2.989s] [ext: omni.kit.clipboard-1.0.5] startup
[2.991s] [ext: omni.graph.tools-1.79.1] startup
[3.022s] [ext: omni.ui.scene-1.11.2] startup
[3.030s] [ext: omni.graph.image.core-0.6.0] startup
[3.032s] [ext: omni.kit.window.filepicker-2.11.7] startup
[3.049s] [ext: omni.kit.widget.searchfield-1.1.8] startup
[3.050s] [ext: omni.graph.image.nodes-1.3.0] startup
[3.054s] [ext: omni.graph-1.140.2] startup
[3.116s] [ext: omni.kit.window.file_exporter-1.0.31] startup
[3.120s] [ext: omni.kit.widget.filter-1.1.4] startup
[3.123s] [ext: omni.physx.foundation-106.5.7] startup
[3.126s] [ext: omni.graph.nodes-1.162.1] startup
[3.142s] [ext: omni.kit.widget.stage-2.11.6] startup
[3.160s] [ext: omni.hydra.rtx.shadercache.vulkan-1.0.0] startup
[3.164s] [ext: omni.hydra.engine.stats-1.0.3] startup
[3.169s] [ext: omni.graph.action_core-1.1.7] startup
[3.173s] [ext: omni.kit.widget.highlight_label-1.0.3] startup
[3.175s] [ext: omni.ujitso.processor.texture-1.0.0] startup
[3.177s] [ext: omni.index.libs-380600.1777.0] startup
[3.177s] [ext: omni.kit.window.file_importer-1.1.14] startup
[3.179s] [ext: omni.kit.stage_template.core-1.1.22] startup
[3.181s] [ext: omni.volume-0.5.0] startup
[3.193s] [ext: omni.ujitso.client-0.0.0] startup
[3.194s] [ext: omni.index-1.0.1] startup
[3.195s] [ext: omni.kit.window.file-1.3.57] startup
[3.200s] [ext: omni.hydra.rtx-1.0.0] startup
2026-06-21 04:27:42 [3,158ms] [Warning] [omni.log] Source: omni.hydra was already registered.
[3.239s] [ext: omni.kit.viewport.registry-104.0.6] startup
[3.240s] [ext: omni.kit.viewport.legacy_gizmos-1.0.16] startup
[3.244s] [ext: omni.kit.raycast.query-1.0.5] startup
[3.253s] [ext: omni.kit.viewport.scene_camera_model-1.0.5] startup
[3.261s] [ext: omni.kit.hydra_texture-1.4.0] startup
[3.269s] [ext: omni.kit.menu.utils-1.7.7] startup
[3.277s] [ext: omni.kit.window.drop_support-1.0.4] startup
[3.279s] [ext: omni.kit.widget.viewport-107.0.7] startup
[3.285s] [ext: omni.kit.material.library-1.5.15] startup
[3.292s] [ext: omni.kit.window.content_browser_registry-0.0.6] startup
[3.294s] [ext: omni.kit.viewport.window-107.0.8] startup
[3.327s] [ext: omni.graph.action_nodes-1.40.1] startup
[3.333s] [ext: omni.kit.window.property-1.11.5] startup
[3.352s] [ext: omni.kit.window.content_browser-2.10.3] startup
[3.414s] [ext: omni.kit.property.adapter.usd-1.0.2] startup
[3.429s] [ext: omni.kit.viewport.utility-1.0.18] startup
[3.431s] [ext: omni.graph.action-1.120.0] startup
[3.433s] [ext: omni.kit.property.usd-4.2.16] startup
[3.449s] [ext: omni.physx.cooking-106.5.7] startup
[3.464s] [ext: omni.kit.widget.stage_icons-1.0.6] startup
[3.467s] [ext: omni.kit.widget.zoombar-1.0.5] startup
[3.469s] [ext: omni.physics.tensors-106.5.7] startup
[3.481s] [ext: omni.kit.widget.prompt-1.0.7] startup
[3.483s] [ext: omni.kit.usd.collect-2.2.22] startup
[3.488s] [ext: omni.physx-106.5.7] startup
[3.511s] [ext: omni.kit.window.stage-2.5.11] startup
[3.519s] [ext: omni.kit.browser.core-2.3.11] startup
[3.525s] [ext: omni.kit.widget.text_editor-1.0.2] startup
[3.528s] [ext: omni.physx.tensors-106.5.7] startup
[3.538s] [ext: omni.kit.tool.collect-2.2.16] startup
[3.541s] [ext: omni.kit.menu.stage-1.2.5] startup
[3.545s] [ext: omni.kit.browser.folder.core-1.10.1] startup
[3.554s] [ext: omni.warp-1.5.0] startup
[3.564s] [ext: isaacsim.examples.browser-0.1.8] startup
[3.572s] [ext: omni.physx.stageupdate-106.5.7] startup
[3.581s] [ext: omni.kit.numpy.common-0.1.2] startup
[3.584s] [ext: isaacsim.core.version-2.0.2] startup
[3.587s] [ext: omni.isaac.dynamic_control-1.3.15] startup
2026-06-21 04:27:42 [3,548ms] [Warning] [omni.isaac.dynamic_control] omni.isaac.dynamic_control is deprecated as of Isaac Sim 4.5. No action is needed from end-users.
[3.605s] [ext: isaacsim.storage.native-1.0.6] startup
[3.615s] [ext: omni.kit.menu.create-1.0.17] startup
[3.623s] [ext: isaacsim.core.utils-2.2.8] startup
[3.630s] [ext: omni.kit.widget.searchable_combobox-1.0.6] startup
[3.642s] [ext: omni.kit.primitive.mesh-1.0.17] startup
[3.670s] [ext: isaacsim.core.simulation_manager-0.3.3] startup
[6.018s] [ext: omni.kit.scripting-106.5.2] startup
[6.026s] [ext: omni.kit.stage_templates-1.2.6] startup
[6.032s] [ext: isaacsim.core.prims-0.3.7] startup
[6.061s] [ext: isaacsim.replicator.behavior-1.0.8] startup
[6.066s] [ext: isaacsim.core.api-4.2.16] startup
[6.082s] [ext: omni.ui_query-1.1.7] startup
[6.086s] [ext: omni.kit.manipulator.viewport-107.0.1] startup
[6.089s] [ext: omni.kit.ui_test-1.3.3] startup
[6.092s] [ext: omni.kit.window.extensions-1.4.25] startup
[6.106s] [ext: omni.graph.visualization.nodes-2.1.1] startup
[6.121s] [ext: omni.kit.tool.asset_importer-2.12.2] startup
[6.159s] [ext: isaacsim.gui.components-1.0.9] startup
[6.168s] [ext: omni.kit.widget.settings-1.2.2] startup
[6.178s] [ext: omni.kit.widget.graph-1.12.17] startup
[6.188s] [ext: omni.kit.window.preferences-1.7.0] startup
[6.199s] [ext: omni.kit.graph.delegate.default-1.2.2] startup
[6.200s] [ext: omni.kit.viewport.menubar.core-107.1.2] startup
[6.224s] [ext: omni.kit.widget.material_preview-1.0.16] startup
[6.228s] [ext: omni.kit.graph.usd.commands-1.3.1] startup
[6.230s] [ext: omni.kit.graph.editor.core-1.5.3] startup
[6.235s] [ext: omni.syntheticdata-0.6.10] startup
[6.281s] [ext: omni.kit.window.material_graph-1.8.19] startup
[6.337s] [ext: omni.graph.scriptnode-1.40.1] startup
[6.343s] [ext: isaacsim.core.cloner-1.3.4] startup
[6.347s] [ext: omni.replicator.core-1.11.35] startup
2026-06-21 04:27:45 [6,440ms] [Warning] [omni.replicator.core.scripts.extension] No material configuration file, adding configuration to material settings directly.
[6.498s] [ext: omni.isaac.cloner-1.0.2] startup
2026-06-21 04:27:45 [6,449ms] [Warning] [omni.isaac.cloner] omni.isaac.cloner has been deprecated in favor of isaacsim.core.cloner. Please update your code accordingly.
[6.503s] [ext: isaacsim.core.nodes-2.1.4] startup
[6.515s] [ext: isaacsim.asset.importer.urdf-2.3.10] startup
[6.760s] [ext: omni.isaac.core-4.0.3] startup
2026-06-21 04:27:45 [6,715ms] [Warning] [omni.isaac.core.physics_context.physics_context] omni.isaac.core.physics_context.physics_context has been deprecated in favor of isaacsim.core.api.physics_context.physics_context. Please update your code accordingly.
2026-06-21 04:27:45 [6,716ms] [Warning] [omni.isaac.core.simulation_context.simulation_context] omni.isaac.core.simulation_context.simulation_context has been deprecated in favor of isaacsim.core.api.simulation_context.simulation_context. Please update your code accordingly.
2026-06-21 04:27:45 [6,723ms] [Warning] [omni.isaac.core.world.world] omni.isaac.core.world.world has been deprecated in favor of isaacsim.core.api.world.world. Please update your code accordingly.
2026-06-21 04:27:45 [6,723ms] [Warning] [omni.isaac.core] omni.isaac.core has been deprecated in favor of isaacsim.core.api. Please update your code accordingly.
[6.779s] [ext: omni.isaac.core_nodes-2.0.2] startup
2026-06-21 04:27:45 [6,728ms] [Warning] [omni.isaac.core_nodes] omni.isaac.core_nodes has been deprecated in favor of isaacsim.core.nodes. Please update your code accordingly.
[6.785s] [ext: omni.anim.curve.core-1.2.0] startup
[6.832s] [ext: isaacsim.robot_motion.lula-4.0.4] startup
[6.849s] [ext: isaacsim.asset.importer.mjcf-2.3.3] startup
[6.867s] [ext: isaacsim.robot_motion.motion_generation-8.0.6] startup
[6.896s] [ext: isaacsim.asset.browser-1.3.4] startup
[7.015s] [ext: isaacsim.robot.surface_gripper-2.0.6] startup
[7.023s] [ext: omni.kit.selection-0.1.5] startup
[7.029s] [ext: isaacsim.robot_motion.lula_test_widget-1.0.5] startup
[7.037s] [ext: omni.isaac.assets_check-0.3.9] startup
2026-06-21 04:27:46 [6,987ms] [Warning] [omni.isaac.assets_check] omni.isaac.assets_check has been deprecated in favor of isaacsim.asset.browser. Please update your code accordingly.
[7.042s] [ext: isaacsim.robot.manipulators-3.0.4] startup
[7.054s] [ext: isaacsim.sensors.physics-0.3.5] startup
[7.068s] [ext: isaacsim.gui.menu-2.0.9] startup
[7.108s] [ext: omni.isaac.lula_test_widget-1.0.2] startup
2026-06-21 04:27:46 [7,058ms] [Warning] [omni.isaac.lula_test_widget] omni.isaac.lula_test_widget has been deprecated in favor of isaacsim.robot_motion.lula_test_widget. Please update your code accordingly.
[7.112s] [ext: omni.sensors.nv.common-2.5.0-coreapi] startup
[7.135s] [ext: omni.isaac.manipulators-3.0.3] startup
2026-06-21 04:27:46 [7,084ms] [Warning] [omni.isaac.manipulators] omni.isaac.manipulators has been deprecated in favor of isaacsim.robot.manipulators. Please update your code accordingly.
2026-06-21 04:27:46 [7,084ms] [Warning] [omni.isaac.manipulators.controllers] omni.isaac.manipulators has been deprecated in favor of isaacsim.robot.manipulators. Please update your code accordingly.
2026-06-21 04:27:46 [7,084ms] [Warning] [omni.isaac.manipulators.controllers.pick_place_controller] omni.isaac.manipulators has been deprecated in favor of isaacsim.robot.manipulators. Please update your code accordingly.
2026-06-21 04:27:46 [7,085ms] [Warning] [omni.isaac.manipulators.controllers.stacking_controller] omni.isaac.manipulators has been deprecated in favor of isaacsim.robot.manipulators. Please update your code accordingly.
2026-06-21 04:27:46 [7,085ms] [Warning] [omni.isaac.manipulators.grippers] omni.isaac.manipulators has been deprecated in favor of isaacsim.robot.manipulators. Please update your code accordingly.
2026-06-21 04:27:46 [7,085ms] [Warning] [omni.isaac.manipulators.grippers.gripper] omni.isaac.manipulators has been deprecated in favor of isaacsim.robot.manipulators. Please update your code accordingly.
2026-06-21 04:27:46 [7,085ms] [Warning] [omni.isaac.manipulators.grippers.parallel_gripper] omni.isaac.manipulators has been deprecated in favor of isaacsim.robot.manipulators. Please update your code accordingly.
2026-06-21 04:27:46 [7,086ms] [Warning] [omni.isaac.manipulators.grippers.surface_gripper] omni.isaac.manipulators has been deprecated in favor of isaacsim.robot.manipulators. Please update your code accordingly.
2026-06-21 04:27:46 [7,086ms] [Warning] [omni.isaac.manipulators.manipulators] omni.isaac.manipulators has been deprecated in favor of isaacsim.robot.manipulators. Please update your code accordingly.
2026-06-21 04:27:46 [7,086ms] [Warning] [omni.isaac.manipulators.manipulators.single_manipulator] omni.isaac.manipulators has been deprecated in favor of isaacsim.robot.manipulators. Please update your code accordingly.
[7.140s] [ext: isaacsim.robot.policy.examples-4.0.3] startup
[7.145s] [ext: omni.isaac.menu-1.0.2] startup
2026-06-21 04:27:46 [7,096ms] [Warning] [omni.isaac.menu] omni.isaac.menu has been deprecated in favor of isaacsim.gui.menu. Please update your code accordingly.
[7.150s] [ext: omni.isaac.motion_generation-8.0.2] startup
2026-06-21 04:27:46 [7,101ms] [Warning] [omni.isaac.motion_generation] omni.isaac.motion_generation has been deprecated in favor of isaacsim.robot_motion.motion_generation. Please update your code accordingly.
2026-06-21 04:27:46 [7,101ms] [Warning] [omni.isaac.motion_generation.articulation_kinematics_solver] omni.isaac.motion_generation has been deprecated in favor of isaacsim.robot_motion.motion_generation. Please update your code accordingly.
2026-06-21 04:27:46 [7,101ms] [Warning] [omni.isaac.motion_generation.articulation_motion_policy] omni.isaac.motion_generation has been deprecated in favor of isaacsim.robot_motion.motion_generation. Please update your code accordingly.
2026-06-21 04:27:46 [7,101ms] [Warning] [omni.isaac.motion_generation.articulation_trajectory] omni.isaac.motion_generation has been deprecated in favor of isaacsim.robot_motion.motion_generation. Please update your code accordingly.
2026-06-21 04:27:46 [7,105ms] [Warning] [omni.isaac.motion_generation.kinematics_interface] omni.isaac.motion_generation has been deprecated in favor of isaacsim.robot_motion.motion_generation. Please update your code accordingly.
2026-06-21 04:27:46 [7,105ms] [Warning] [omni.isaac.motion_generation.lula] omni.isaac.motion_generation has been deprecated in favor of isaacsim.robot_motion.motion_generation. Please update your code accordingly.
2026-06-21 04:27:46 [7,105ms] [Warning] [omni.isaac.motion_generation.lula.kinematics] omni.isaac.motion_generation has been deprecated in favor of isaacsim.robot_motion.motion_generation. Please update your code accordingly.
2026-06-21 04:27:46 [7,106ms] [Warning] [omni.isaac.motion_generation.lula.motion_policies] omni.isaac.motion_generation has been deprecated in favor of isaacsim.robot_motion.motion_generation. Please update your code accordingly.
2026-06-21 04:27:46 [7,106ms] [Warning] [omni.isaac.motion_generation.lula.path_planners] omni.isaac.motion_generation has been deprecated in favor of isaacsim.robot_motion.motion_generation. Please update your code accordingly.
2026-06-21 04:27:46 [7,106ms] [Warning] [omni.isaac.motion_generation.lula.trajectory_generator] omni.isaac.motion_generation has been deprecated in favor of isaacsim.robot_motion.motion_generation. Please update your code accordingly.
2026-06-21 04:27:46 [7,106ms] [Warning] [omni.isaac.motion_generation.motion_policy_controller] omni.isaac.motion_generation has been deprecated in favor of isaacsim.robot_motion.motion_generation. Please update your code accordingly.
2026-06-21 04:27:46 [7,106ms] [Warning] [omni.isaac.motion_generation.motion_policy_interface] omni.isaac.motion_generation has been deprecated in favor of isaacsim.robot_motion.motion_generation. Please update your code accordingly.
2026-06-21 04:27:46 [7,106ms] [Warning] [omni.isaac.motion_generation.path_planner_visualizer] omni.isaac.motion_generation has been deprecated in favor of isaacsim.robot_motion.motion_generation. Please update your code accordingly.
2026-06-21 04:27:46 [7,106ms] [Warning] [omni.isaac.motion_generation.path_planning_interface] omni.isaac.motion_generation has been deprecated in favor of isaacsim.robot_motion.motion_generation. Please update your code accordingly.
2026-06-21 04:27:46 [7,107ms] [Warning] [omni.isaac.motion_generation.trajectory] omni.isaac.motion_generation has been deprecated in favor of isaacsim.robot_motion.motion_generation. Please update your code accordingly.
2026-06-21 04:27:46 [7,107ms] [Warning] [omni.isaac.motion_generation.world_interface] omni.isaac.motion_generation has been deprecated in favor of isaacsim.robot_motion.motion_generation. Please update your code accordingly.
[7.161s] [ext: omni.sensors.nv.materials-1.4.0-coreapi] startup
[7.167s] [ext: omni.isaac.nucleus-1.0.3] startup
2026-06-21 04:27:46 [7,115ms] [Warning] [omni.isaac.nucleus] omni.isaac.nucleus has been deprecated in favor of isaacsim.storage.native. Please update your code accordingly.
2026-06-21 04:27:46 [7,115ms] [Warning] [omni.isaac.nucleus.nucleus] omni.isaac.nucleus.nucleus has been deprecated in favor of isaacsim.storage.native. Please update your code accordingly.
[7.169s] [ext: omni.isaac.quadruped-3.0.2] startup
2026-06-21 04:27:46 [7,117ms] [Warning] [omni.isaac.quadruped] omni.isaac.quadruped has been deprecated in favor of isaacsim.robot.policy.examples. Please update your code accordingly.
[7.171s] [ext: omni.kit.manipulator.selector-1.1.1] startup
[7.178s] [ext: omni.sensors.nv.wpm-2.4.0-coreapi] startup
[7.183s] [ext: omni.sensors.nv.lidar-2.6.3-coreapi] startup
[7.193s] [ext: omni.sensors.nv.ids-1.4.0-coreapi] startup
[7.201s] [ext: isaacsim.robot.manipulators.examples-1.0.3] startup
[7.203s] [ext: isaacsim.util.debug_draw-2.0.2] startup
[7.215s] [ext: omni.sensors.tiled-0.0.6] startup
[7.219s] [ext: omni.sensors.nv.radar-2.6.1-coreapi] startup
[7.230s] [ext: omni.kit.widget.toolbar-1.7.3] startup
[7.242s] [ext: omni.kit.manipulator.transform-106.0.1] startup
[7.249s] [ext: isaacsim.sensors.physx-2.2.4] startup
[7.261s] [ext: isaacsim.sensors.rtx-13.6.3] startup
[7.274s] [ext: isaacsim.sensors.camera-0.2.9] startup
[7.289s] [ext: isaacsim.cortex.framework-1.0.2] startup
[7.295s] [ext: omni.kit.manipulator.tool.snap-1.5.12] startup
[7.323s] [ext: omni.isaac.range_sensor-4.0.2] startup
[7.326s] [ext: omni.isaac.surface_gripper-2.0.2] startup
2026-06-21 04:27:46 [7,275ms] [Warning] [omni.isaac.surface_gripper] omni.isaac.surface_gripper has been deprecated in favor of isaacsim.robot.surface_gripper. Please update your code accordingly.
[7.329s] [ext: omni.isaac.sensor-13.0.3] startup
2026-06-21 04:27:46 [7,279ms] [Warning] [omni.isaac.sensor] omni.isaac.sensor has been deprecated in favor of isaacsim.sensors.camera, isaacsim.sensors.physics, isaacsim.sensors.physx, and isaacsim.sensors.rtx. Please update your code accordingly.
2026-06-21 04:27:46 [7,280ms] [Warning] [omni.isaac.sensor.camera] omni.isaac.sensor.camera has been deprecated in favor of isaacsim.sensors.camera.camera. Please update your code accordingly.
2026-06-21 04:27:46 [7,281ms] [Warning] [omni.isaac.sensor.camera_view] omni.isaac.sensor.camera_view has been deprecated in favor of isaacsim.sensors.camera.camera_view. Please update your code accordingly.
2026-06-21 04:27:46 [7,281ms] [Warning] [omni.isaac.sensor.commands] omni.isaac.sensor.commands has been deprecated in favor of isaacsim.sensors.physics.commands, isaacsim.sensors.physx.commands, and isaacsim.sensors.rtx.commands. Please update your code accordingly.
2026-06-21 04:27:46 [7,281ms] [Warning] [omni.isaac.sensor.contact_sensor] omni.isaac.sensor.contact_sensor has been deprecated in favor of isaacsim.sensors.physics.contact_sensor. Please update your code accordingly.
2026-06-21 04:27:46 [7,282ms] [Warning] [omni.isaac.sensor.imu_sensor] omni.isaac.sensor.imu_sensor has been deprecated in favor of isaacsim.sensors.physics.imu_sensor. Please update your code accordingly.
2026-06-21 04:27:46 [7,282ms] [Warning] [omni.isaac.sensor.lidar_rtx] omni.isaac.sensor.lidar_rtx has been deprecated in favor of isaacsim.sensors.rtx.lidar_rtx. Please update your code accordingly.
2026-06-21 04:27:46 [7,282ms] [Warning] [omni.isaac.sensor.rotating_lidar_physX] omni.isaac.sensor.imu_sensor has been deprecated in favor of isaacsim.sensors.physix.rotating_lidar_physX. Please update your code accordingly.
2026-06-21 04:27:46 [7,283ms] [Warning] [omni.isaac.sensor.scripts.samples.contact_sensor] omni.isaac.sensor.scripts.samples.contact_sensor has been deprecated in favor of isaacsim.sensors.physics.scripts.samples.contact_sensor. Please update your code accordingly.
2026-06-21 04:27:46 [7,283ms] [Warning] [omni.isaac.sensor.scripts.samples.imu_sensor] omni.isaac.sensor.scripts.samples.imu_sensor has been deprecated in favor of isaacsim.sensors.physics.scripts.samples.imu_sensor. Please update your code accordingly.
2026-06-21 04:27:46 [7,283ms] [Warning] [omni.isaac.sensor.scripts.samples.lightbeam_sensor] omni.isaac.sensor.scripts.samples.lightbeam_sensor has been deprecated in favor of isaacsim.sensors.physx.scripts.samples.lightbeam_sensor. Please update your code accordingly.
[7.337s] [ext: omni.isaac.cortex-1.0.2] startup
2026-06-21 04:27:46 [7,287ms] [Warning] [omni.isaac.cortex] omni.isaac.cortex has been deprecated in favor of isaacsim.cortex.framework. Please update your code accordingly.
[7.342s] [ext: omni.kit.viewport.manipulator.transform-107.0.4] startup
[7.358s] [ext: omni.debugdraw-0.1.3] startup
[7.364s] [ext: omni.isaac.universal_robots-1.0.2] startup
2026-06-21 04:27:46 [7,312ms] [Warning] [omni.isaac.universal_robots] omni.isaac.universal_robots has been deprecated in favor of isaacsim.robot.manipulators.examples.universal_robots. Please update your code accordingly.
2026-06-21 04:27:46 [7,312ms] [Warning] [omni.isaac.universal_robots.kinematics_solver] omni.isaac.franka has been deprecated in favor of isaacsim.robot.manipulators.examples.universal_robots. Please update your code accordingly.
2026-06-21 04:27:46 [7,313ms] [Warning] [omni.isaac.universal_robots.ur10] omni.isaac.franka has been deprecated in favor of isaacsim.robot.manipulators.examples.universal_robots. Please update your code accordingly.
[7.367s] [ext: omni.isaac.utils-2.0.2] startup
[7.372s] [ext: omni.kit.manipulator.prim.core-107.0.7] startup
[7.383s] [ext: omni.fabric.commands-1.1.5] startup
[7.389s] [ext: omni.kit.manipulator.selection-106.0.1] startup
[7.391s] [ext: omni.kit.viewport.actions-107.0.0] startup
[7.399s] [ext: omni.kit.manipulator.prim.usd-107.0.3] startup
[7.402s] [ext: omni.kit.manipulator.prim.fabric-107.0.4] startup
[7.405s] [ext: isaacsim.cortex.behaviors-2.0.3] startup
[7.408s] [ext: omni.kit.widget.layers-1.8.2] startup
[7.433s] [ext: omni.kit.viewport.menubar.display-107.0.3] startup
[7.437s] [ext: omni.kit.manipulator.prim-107.0.0] startup
[7.438s] [ext: omni.isaac.cortex.sample_behaviors-2.0.2] startup
2026-06-21 04:27:46 [7,386ms] [Warning] [omni.isaac.cortex.sample_behaviors] omni.isaac.cortex.sample_behaviors has been deprecated in favor of isaacsim.cortex.behaviors. Please update your code accordingly.
[7.440s] [ext: omni.graph.ui_nodes-1.40.1] startup
[7.449s] [ext: omni.usdphysics.ui-106.5.7] startup
[7.503s] [ext: omni.physx.commands-106.5.7] startup
[7.510s] [ext: omni.kit.property.camera-1.0.9] startup
[7.514s] [ext: omni.hydra.scene_api-0.1.2] startup
[7.522s] [ext: omni.kit.property.geometry-1.3.3] startup
[7.527s] [ext: omni.kit.property.light-1.0.11] startup
[7.530s] [ext: omni.physx.ui-106.5.7] startup
[7.584s] [ext: omni.kit.property.material-1.10.17] startup
[7.594s] [ext: omni.kit.property.render-1.1.3] startup
[7.598s] [ext: omni.kit.property.transform-1.5.10] startup
[7.604s] [ext: omni.kit.property.audio-1.0.16] startup
[7.608s] [ext: isaacsim.gui.property-1.0.4] startup
[7.612s] [ext: omni.physx.demos-106.5.7] startup
[7.640s] [ext: omni.kit.property.physx-106.5.7] startup
[7.717s] [ext: omni.isaac.lula-4.0.2] startup
2026-06-21 04:27:46 [7,663ms] [Warning] [omni.isaac.lula] omni.isaac.lula has been deprecated in favor of isaacsim.robot_motion.lula. Please update your code accordingly.
[7.720s] [ext: omni.kit.property.bundle-1.3.2] startup
[7.723s] [ext: omni.kit.property.isaac-1.0.2] startup
2026-06-21 04:27:46 [7,672ms] [Warning] [omni.kit.property.isaac] omni.kit.property.isaac has been deprecated in favor of isaacsim.gui.property. Please update your code accordingly.
2026-06-21 04:27:46 [7,672ms] [Warning] [omni.kit.property.isaac.widgets] omni.kit.property.isaac.widgets has been deprecated in favor of isaacsim.gui.property.widgets. Please update your code accordingly.
[7.726s] [ext: omni.physx.vehicle-106.5.7] startup
[7.757s] [ext: omni.kit.viewport.menubar.camera-107.0.2] startup
[7.768s] [ext: omni.kit.viewport.menubar.lighting-106.0.2] startup
[7.774s] [ext: omni.kit.viewport.menubar.render-107.0.8] startup
[7.780s] [ext: omni.kit.viewport.menubar.settings-107.0.3] startup
[7.786s] [ext: omni.kit.window.console-0.2.14] startup
[7.803s] [ext: omni.physx.camera-106.5.7] startup
[7.824s] [ext: omni.kit.window.toolbar-1.6.2] startup
[7.832s] [ext: omni.isaac.version-2.0.2] startup
2026-06-21 04:27:46 [7,779ms] [Warning] [omni.isaac.version] omni.isaac.version has been deprecated in favor of isaacsim.core.version. Please update your code accordingly.
[7.833s] [ext: isaacsim.robot.wheeled_robots-4.0.3] startup
[7.843s] [ext: omni.physx.cct-106.5.7] startup
[7.872s] [ext: omni.physx.graph-106.5.7] startup
[7.917s] [ext: isaacsim.replicator.writers-1.0.1] startup
[7.992s] [ext: omni.physx.supportui-106.5.7] startup
[8.030s] [ext: omni.physx.telemetry-106.5.7] startup
[8.038s] [ext: omni.isaac.wheeled_robots-3.0.3] startup
2026-06-21 04:27:47 [7,987ms] [Warning] [omni.isaac.wheeled_robots] omni.isaac.wheeled_robots has been deprecated in favor of isaacsim.robot.wheeled_robots. Please update your code accordingly.
2026-06-21 04:27:47 [7,987ms] [Warning] [omni.isaac.wheeled_robots.controllers] omni.isaac.wheeled_robots has been deprecated in favor of isaacsim.robot.wheeled_robots. Please update your code accordingly.
2026-06-21 04:27:47 [7,987ms] [Warning] [omni.isaac.wheeled_robots.controllers.ackermann_controller] omni.isaac.wheeled_robots has been deprecated in favor of isaacsim.robot.wheeled_robots. Please update your code accordingly.
2026-06-21 04:27:47 [7,987ms] [Warning] [omni.isaac.wheeled_robots.controllers.differential_controller] omni.isaac.wheeled_robots has been deprecated in favor of isaacsim.robot.wheeled_robots. Please update your code accordingly.
2026-06-21 04:27:47 [7,988ms] [Warning] [omni.isaac.wheeled_robots.controllers.holonomic_controller] omni.isaac.wheeled_robots has been deprecated in favor of isaacsim.robot.wheeled_robots. Please update your code accordingly.
2026-06-21 04:27:47 [7,988ms] [Warning] [omni.isaac.wheeled_robots.controllers.quintic_path_planner] omni.isaac.wheeled_robots has been deprecated in favor of isaacsim.robot.wheeled_robots. Please update your code accordingly.
2026-06-21 04:27:47 [7,988ms] [Warning] [omni.isaac.wheeled_robots.controllers.stanley_control] omni.isaac.wheeled_robots has been deprecated in favor of isaacsim.robot.wheeled_robots. Please update your code accordingly.
2026-06-21 04:27:47 [7,988ms] [Warning] [omni.isaac.wheeled_robots.controllers.wheel_base_pose_controller] omni.isaac.wheeled_robots has been deprecated in favor of isaacsim.robot.wheeled_robots. Please update your code accordingly.
2026-06-21 04:27:47 [7,988ms] [Warning] [omni.isaac.wheeled_robots.impl] omni.isaac.wheeled_robots has been deprecated in favor of isaacsim.robot.wheeled_robots. Please update your code accordingly.
2026-06-21 04:27:47 [7,988ms] [Warning] [omni.isaac.wheeled_robots.robots] omni.isaac.wheeled_robots has been deprecated in favor of isaacsim.robot.wheeled_robots. Please update your code accordingly.
2026-06-21 04:27:47 [7,988ms] [Warning] [omni.isaac.wheeled_robots.robots.holonomic_robot_usd_setup] omni.isaac.wheeled_robots has been deprecated in favor of isaacsim.robot.wheeled_robots. Please update your code accordingly.
2026-06-21 04:27:47 [7,989ms] [Warning] [omni.isaac.wheeled_robots.robots.wheeled_robot] omni.isaac.wheeled_robots has been deprecated in favor of isaacsim.robot.wheeled_robots. Please update your code accordingly.
[8.042s] [ext: omni.isaac.franka-1.0.2] startup
2026-06-21 04:27:47 [7,994ms] [Warning] [omni.isaac.franka] omni.isaac.franka has been deprecated in favor of isaacsim.robot.manipulators.examples.franka. Please update your code accordingly.
2026-06-21 04:27:47 [7,994ms] [Warning] [omni.isaac.franka.franka] omni.isaac.franka has been deprecated in favor of isaacsim.robot.manipulators.examples.franka. Please update your code accordingly.
2026-06-21 04:27:47 [7,995ms] [Warning] [omni.isaac.franka.kinematics_solver] omni.isaac.franka has been deprecated in favor of isaacsim.robot.manipulators.examples.franka. Please update your code accordingly.
[8.049s] [ext: isaacsim.replicator.domain_randomization-1.0.2] startup
[8.058s] [ext: isaacsim.replicator.examples-1.1.2] startup
[8.064s] [ext: omni.kit.window.status_bar-0.1.7] startup
[8.081s] [ext: omni.rtx.window.settings-0.6.17] startup
[8.107s] [ext: omni.usd.metrics.assembler-106.5.0] startup
[8.121s] [ext: omni.physx.bundle-106.5.7] startup
[8.122s] [ext: isaacsim.app.about-2.0.7] startup
[8.124s] [ext: omni.replicator.isaac-2.0.3] startup
2026-06-21 04:27:47 [8,072ms] [Warning] [omni.replicator.isaac] omni.replicator.isaac has been deprecated in favor of isaacsim.replicator.domain_randomization, isaacsim.replicator.examples, isaacsim.replicator.writers. Please update your code accordingly.
[8.126s] [ext: omni.replicator.replicator_yaml-2.0.10] startup
[8.161s] [ext: omni.rtx.settings.core-0.6.3] startup
[8.173s] [ext: omni.usd.metrics.assembler.ui-106.5.0] startup
[8.186s] [ext: isaacsim.simulation_app-2.4.2] startup
[8.188s] [ext: omni.isaac.window.about-2.0.2] startup
2026-06-21 04:27:47 [8,137ms] [Warning] [omni.isaac.window.about] omni.isaac.window.about has been deprecated in favor of isaacsim.app.about. Please update your code accordingly.
2026-06-21 04:27:47 [8,137ms] [Warning] [omni.isaac.window.about.about] omni.isaac.window.about.about has been deprecated in favor of isaacsim.app.about.about. Please update your code accordingly.
[8.191s] [ext: semantics.schema.editor-0.3.10] startup
[8.197s] [ext: omni.kit.ui.actions-1.0.2] startup
[8.200s] [ext: semantics.schema.property-1.0.5] startup
[8.203s] [ext: omni.kit.manipulator.camera-106.0.3] startup
[8.210s] [ext: omni.isaac.kit-2.0.3] startup
2026-06-21 04:27:47 [8,158ms] [Warning] [omni.isaac.kit] omni.isaac.kit has been deprecated in favor of isaacsim.simulation_app. Please update your code accordingly.
[8.212s] [ext: omni.isaac.asset_browser-1.0.2] startup
2026-06-21 04:27:47 [8,160ms] [Warning] [omni.isaac.asset_browser] omni.isaac.asset_browser has been deprecated in favor of isaacsim.asset.browser. Please update your code accordingly.
[8.213s] [ext: isaacsim.core.throttling-2.0.2] startup
[8.217s] [ext: omni.kit.menu.common-1.1.9] startup
[8.220s] [ext: isaacsim.exp.base-4.5.0] startup
[8.222s] [ext: isaacsim.exp.base.python-4.5.0] startup
[8.225s] Simulation App Starting
2026-06-21 04:27:47 [8,397ms] [Warning] [omni.kvdb.plugin] Disabling key-value database because another kit process is locking it
[8.676s] app ready
2026-06-21 04:27:47 [8,673ms] [Warning] [rtx.scenedb.plugin] SceneDbContext : TLAS limit buffer size 7374781440
2026-06-21 04:27:47 [8,673ms] [Warning] [rtx.scenedb.plugin] SceneDbContext : TLAS limit : valid false, within: false
2026-06-21 04:27:47 [8,673ms] [Warning] [rtx.scenedb.plugin] SceneDbContext : TLAS limit : decrement: 167690, decrement size: 7301033856
2026-06-21 04:27:47 [8,673ms] [Warning] [rtx.scenedb.plugin] SceneDbContext : New limit 9748724 (slope: 439, intercept: 13179904)
2026-06-21 04:27:47 [8,673ms] [Warning] [rtx.scenedb.plugin] SceneDbContext : TLAS limit buffer size 4287352704
2026-06-21 04:27:47 [8,673ms] [Warning] [rtx.scenedb.plugin] SceneDbContext : TLAS limit : valid true, within: true
Starting kit application with the following args:  ['/srv/data/users/raditya/isaacsim/env_isaacsim/lib/python3.10/site-packages/isaacsim/exts/isaacsim.simulation_app/isaacsim/simulation_app/simulation_app.py', '/srv/data/users/raditya/isaacsim/env_isaacsim/lib/python3.10/site-packages/isaacsim/apps/isaacsim.exp.base.python.kit', '--/app/tokens/exe-path=/srv/data/users/raditya/isaacsim/env_isaacsim/lib/python3.10/site-packages/omni', '--/persistent/app/viewport/displayOptions=3094', '--/rtx/materialDb/syncLoads=True', '--/rtx/hydra/materialSyncLoads=True', '--/omni.kit.plugin/syncUsdLoads=True', '--/app/renderer/resolution/width=1280', '--/app/renderer/resolution/height=720', '--/app/window/width=1440', '--/app/window/height=900', '--/renderer/multiGpu/enabled=True', '--/app/fastShutdown=True', '--/app/installSignalHandlers=0', '--ext-folder', '/srv/data/users/raditya/isaacsim/env_isaacsim/lib/python3.10/site-packages/isaacsim/exts', '--ext-folder', '/srv/data/users/raditya/isaacsim/env_isaacsim/lib/python3.10/site-packages/isaacsim/apps', '--/physics/cudaDevice=0', '--portable']
Passing the following args to the base kit application:  []
Warp 1.5.0 initialized:
   CUDA Toolkit 11.8, Driver 12.6
   Devices:
     "cpu"      : "x86_64"
     "cuda:0"   : "NVIDIA RTX A6000" (47 GiB, sm_86, mempool enabled)
   Kernel cache:
     /srv/data/users/raditya/.cache/warp/1.5.0
>>> grasp demo running: swinging the held cube. Ctrl-C to stop.
