[Warning] [simulation_app.simulation_app] Modules: ['omni.kit_app'] were loaded before SimulationApp was started and might not be loaded correctly.
[Warning] [simulation_app.simulation_app] Please check to make sure no extra omniverse or pxr modules are imported before the call to SimulationApp(...)
[Info] [carb] Logging to file: /srv/data/users/raditya/isaacsim/env_isaacsim/lib/python3.10/site-packages/omni/logs/Kit/Isaac-Sim Python/4.5/kit_20260621_160628.log
2026-06-21 07:06:28 [0ms] [Warning] [omni.kit.app.plugin] No crash reporter present, dumps uploading isn't available.
[0.104s] [ext: omni.kit.async_engine-0.0.1] startup
[0.295s] [ext: omni.metrics.core-0.0.1] startup
[0.296s] [ext: omni.client.lib-1.0.0] startup
[0.331s] [ext: omni.blobkey-1.1.2] startup
[0.332s] [ext: omni.stats-1.0.1] startup
[0.333s] [ext: omni.datastore-0.0.0] startup
[0.342s] [ext: omni.client-1.2.2] startup
[0.349s] [ext: omni.ujitso.default-1.0.0] startup
[0.353s] [ext: omni.hsscclient-1.1.1] startup
2026-06-21 07:06:28 [300ms] [Warning] [omni.datastore] OmniHub is inaccessible
[0.361s] [ext: omni.gpu_foundation.shadercache.vulkan-1.0.0] startup
[0.366s] [ext: omni.assets.plugins-0.0.0] startup
[0.369s] [ext: omni.gpu_foundation-0.0.0] startup
[0.420s] [ext: carb.windowing.plugins-1.0.0] startup
[0.449s] [ext: omni.kit.renderer.init-0.0.0] startup

|---------------------------------------------------------------------------------------------|
| Driver Version: 560.28.03     | Graphics API: Vulkan
|=============================================================================================|
| GPU | Name                             | Active | LDA | GPU Memory | Vendor-ID | LUID       |
|     |                                  |        |     |            | Device-ID | UUID       |
|     |                                  |        |     |            | Bus-ID    |            |
|---------------------------------------------------------------------------------------------|
| 0   | NVIDIA RTX A6000                 | Yes: 0 |     | 49386   MB | 10de      | 0          |
|     |                                  |        |     |            | 2230      | 0652a9b7.. |
|     |                                  |        |     |            | 3b        |            |
|=============================================================================================|
| OS: 22.04.5 LTS (Jammy Jellyfish) ubuntu, Version: 22.04.5, Kernel: 6.8.0-124-generic
| XServer Vendor: The X.Org Foundation, XServer Version: 12101004 (1.21.1.4)
| Processor: Intel(R) Xeon(R) Silver 4216 CPU @ 2.10GHz
| Cores: 32 | Logical Cores: 64
|---------------------------------------------------------------------------------------------|
| Total Memory (MB): 96267 | Free Memory: 78082
| Total Page/Swap (MB): 2048 | Free Page/Swap: 634
|---------------------------------------------------------------------------------------------|
[1.498s] [ext: omni.kit.pipapi-0.0.0] startup
[1.499s] [ext: omni.materialx.libs-1.0.6] startup
[1.510s] [ext: omni.kit.pip_archive-0.0.0] startup
[1.511s] [ext: omni.usd.config-1.0.5] startup
[1.515s] [ext: omni.gpucompute.plugins-0.0.0] startup
[1.516s] [ext: omni.usd.libs-1.0.1] startup
[1.641s] [ext: omni.mdl-55.0.1] startup
[1.668s] [ext: omni.iray.libs-0.0.0] startup
[1.676s] [ext: omni.mdl.neuraylib-0.2.10] startup
[1.678s] [ext: omni.kit.usd.mdl-1.0.7] startup
[1.824s] [ext: omni.kit.telemetry-0.5.1] startup
[1.861s] [ext: omni.kit.loop-isaac-1.2.1] startup
[1.863s] [ext: omni.kit.test-1.1.2] startup
[1.925s] [ext: omni.appwindow-1.1.9] startup
[1.927s] [ext: omni.kit.renderer.core-1.0.2] startup
[1.954s] [ext: omni.kit.renderer.capture-0.0.0] startup
[1.958s] [ext: omni.kit.renderer.imgui-1.0.2] startup
[2.050s] [ext: omni.ui-2.26.5] startup
[2.065s] [ext: omni.kit.mainwindow-1.0.3] startup
[2.066s] [ext: carb.audio-0.1.0] startup
[2.073s] [ext: omni.uiaudio-1.0.0] startup
[2.074s] [ext: omni.kit.uiapp-0.0.0] startup
[2.074s] [ext: omni.usd.schema.metrics.assembler-106.5.0] startup
[2.087s] [ext: omni.usd.schema.anim-0.0.0] startup
[2.118s] [ext: omni.usd.schema.audio-0.0.0] startup
[2.122s] [ext: omni.usd.schema.isaac-3.0.2] startup
[2.122s] [ext: omni.usd.schema.omnigraph-1.0.0] startup
[2.131s] [ext: omni.usd.schema.forcefield-106.5.7] startup
[2.146s] [ext: omni.usd.schema.semantics-0.0.0] startup
[2.149s] [ext: omni.usd.schema.physx-106.5.7] startup
[2.184s] [ext: omni.usd.schema.geospatial-0.0.0] startup
[2.187s] [ext: omni.usd_resolver-1.0.0] startup
[2.192s] [ext: omni.kit.window.popup_dialog-2.0.24] startup
[2.198s] [ext: usdrt.scenegraph-7.5.1] startup
[2.253s] [ext: omni.timeline-1.0.11] startup
[2.255s] [ext: omni.usd.core-1.4.2] startup
[2.259s] [ext: omni.resourcemonitor-107.0.0] startup
[2.262s] [ext: omni.activity.core-1.0.1] startup
[2.264s] [ext: omni.kit.widget.nucleus_connector-1.1.10] startup
[2.266s] [ext: omni.hydra.usdrt_delegate-7.5.1] startup
[2.281s] [ext: omni.kit.actions.core-1.0.0] startup
[2.284s] [ext: omni.graph.exec-0.9.4] startup
[2.285s] [ext: omni.kit.commands-1.4.9] startup
[2.290s] [ext: omni.kit.usd_undo-0.1.8] startup
[2.290s] [ext: omni.kit.exec.core-0.13.4] startup
[2.293s] [ext: omni.kit.audiodeviceenum-1.0.1] startup
[2.295s] [ext: omni.hydra.scene_delegate-0.3.3] startup
[2.303s] [ext: omni.usd-1.12.4] startup
[2.363s] [ext: omni.inspect-1.0.1] startup
[2.365s] [ext: omni.kit.notification_manager-1.0.9] startup
[2.367s] [ext: omni.graph.core-2.181.8] startup
[2.371s] [ext: isaacsim.core.deprecation_manager-0.2.2] startup
[2.372s] [ext: omni.usd.schema.omniscripting-1.0.0] startup
[2.379s] [ext: isaacsim.robot.schema-3.1.2] startup
[2.390s] [ext: omni.kit.asset_converter-2.8.3] startup
[2.407s] [ext: omni.kit.menu.core-1.1.2] startup
[2.408s] [ext: omni.kvdb-106.5.7] startup
[2.410s] [ext: omni.kit.widget.context_menu-1.2.4] startup
[2.412s] [ext: omni.kit.usd.layers-2.2.0] startup
[2.422s] [ext: omni.kit.property.adapter.core-1.0.2] startup
[2.425s] [ext: omni.localcache-106.5.7] startup
[2.427s] [ext: omni.convexdecomposition-106.5.7] startup
[2.435s] [ext: omni.warp.core-1.5.0] startup
[2.659s] [ext: omni.kit.context_menu-1.8.3] startup
[2.662s] [ext: omni.kit.hotkeys.core-1.3.10] startup
[2.666s] [ext: omni.kit.property.adapter.fabric-1.0.3] startup
[2.668s] [ext: omni.usdphysics-106.5.7] startup
[2.674s] [ext: omni.kit.widget.path_field-2.0.11] startup
[2.675s] [ext: omni.kit.widget.options_menu-1.1.6] startup
[2.679s] [ext: omni.kit.helper.file_utils-0.1.9] startup
[2.681s] [ext: omni.kit.widget.browser_bar-2.0.10] startup
[2.682s] [ext: omni.kit.widget.options_button-1.0.3] startup
[2.683s] [ext: omni.kit.widget.filebrowser-2.10.52] startup
[2.689s] [ext: omni.kit.clipboard-1.0.5] startup
[2.690s] [ext: omni.graph.tools-1.79.1] startup
[2.720s] [ext: omni.ui.scene-1.11.2] startup
[2.726s] [ext: omni.graph.image.core-0.6.0] startup
[2.728s] [ext: omni.kit.window.filepicker-2.11.7] startup
[2.743s] [ext: omni.kit.widget.searchfield-1.1.8] startup
[2.745s] [ext: omni.graph.image.nodes-1.3.0] startup
[2.749s] [ext: omni.graph-1.140.2] startup
[2.807s] [ext: omni.kit.window.file_exporter-1.0.31] startup
[2.812s] [ext: omni.kit.widget.filter-1.1.4] startup
[2.814s] [ext: omni.physx.foundation-106.5.7] startup
[2.818s] [ext: omni.graph.nodes-1.162.1] startup
[2.833s] [ext: omni.kit.widget.stage-2.11.6] startup
[2.849s] [ext: omni.hydra.rtx.shadercache.vulkan-1.0.0] startup
[2.852s] [ext: omni.hydra.engine.stats-1.0.3] startup
[2.857s] [ext: omni.graph.action_core-1.1.7] startup
[2.861s] [ext: omni.kit.widget.highlight_label-1.0.3] startup
[2.864s] [ext: omni.ujitso.processor.texture-1.0.0] startup
[2.866s] [ext: omni.index.libs-380600.1777.0] startup
[2.867s] [ext: omni.kit.window.file_importer-1.1.14] startup
[2.868s] [ext: omni.kit.stage_template.core-1.1.22] startup
[2.871s] [ext: omni.volume-0.5.0] startup
[2.880s] [ext: omni.ujitso.client-0.0.0] startup
[2.882s] [ext: omni.index-1.0.1] startup
[2.883s] [ext: omni.kit.window.file-1.3.57] startup
[2.888s] [ext: omni.hydra.rtx-1.0.0] startup
2026-06-21 07:06:31 [2,845ms] [Warning] [omni.log] Source: omni.hydra was already registered.
[2.922s] [ext: omni.kit.viewport.registry-104.0.6] startup
[2.924s] [ext: omni.kit.viewport.legacy_gizmos-1.0.16] startup
[2.928s] [ext: omni.kit.raycast.query-1.0.5] startup
[2.936s] [ext: omni.kit.viewport.scene_camera_model-1.0.5] startup
[2.943s] [ext: omni.kit.hydra_texture-1.4.0] startup
[2.949s] [ext: omni.kit.menu.utils-1.7.7] startup
[2.957s] [ext: omni.kit.window.drop_support-1.0.4] startup
[2.958s] [ext: omni.kit.widget.viewport-107.0.7] startup
[2.964s] [ext: omni.kit.material.library-1.5.15] startup
[2.971s] [ext: omni.kit.window.content_browser_registry-0.0.6] startup
[2.973s] [ext: omni.kit.viewport.window-107.0.8] startup
[3.002s] [ext: omni.graph.action_nodes-1.40.1] startup
[3.007s] [ext: omni.kit.window.property-1.11.5] startup
[3.018s] [ext: omni.kit.window.content_browser-2.10.3] startup
[3.056s] [ext: omni.kit.property.adapter.usd-1.0.2] startup
[3.060s] [ext: omni.kit.viewport.utility-1.0.18] startup
[3.063s] [ext: omni.graph.action-1.120.0] startup
[3.065s] [ext: omni.kit.property.usd-4.2.16] startup
[3.112s] [ext: omni.physx.cooking-106.5.7] startup
[3.125s] [ext: omni.kit.widget.stage_icons-1.0.6] startup
[3.127s] [ext: omni.kit.widget.zoombar-1.0.5] startup
[3.129s] [ext: omni.physics.tensors-106.5.7] startup
[3.140s] [ext: omni.kit.widget.prompt-1.0.7] startup
[3.142s] [ext: omni.kit.usd.collect-2.2.22] startup
[3.146s] [ext: omni.physx-106.5.7] startup
[3.165s] [ext: omni.kit.window.stage-2.5.11] startup
[3.171s] [ext: omni.kit.browser.core-2.3.11] startup
[3.177s] [ext: omni.kit.widget.text_editor-1.0.2] startup
[3.180s] [ext: omni.physx.tensors-106.5.7] startup
[3.189s] [ext: omni.kit.tool.collect-2.2.16] startup
[3.191s] [ext: omni.kit.menu.stage-1.2.5] startup
[3.194s] [ext: omni.kit.browser.folder.core-1.10.1] startup
[3.202s] [ext: omni.warp-1.5.0] startup
[3.211s] [ext: isaacsim.examples.browser-0.1.8] startup
[3.220s] [ext: omni.physx.stageupdate-106.5.7] startup
[3.226s] [ext: omni.kit.numpy.common-0.1.2] startup
[3.229s] [ext: isaacsim.core.version-2.0.2] startup
[3.234s] [ext: omni.isaac.dynamic_control-1.3.15] startup
2026-06-21 07:06:31 [3,188ms] [Warning] [omni.isaac.dynamic_control] omni.isaac.dynamic_control is deprecated as of Isaac Sim 4.5. No action is needed from end-users.
[3.244s] [ext: isaacsim.storage.native-1.0.6] startup
[3.249s] [ext: omni.kit.menu.create-1.0.17] startup
[3.255s] [ext: isaacsim.core.utils-2.2.8] startup
[3.262s] [ext: omni.kit.widget.searchable_combobox-1.0.6] startup
[3.270s] [ext: omni.kit.primitive.mesh-1.0.17] startup
[3.299s] [ext: isaacsim.core.simulation_manager-0.3.3] startup
[5.359s] [ext: omni.kit.scripting-106.5.2] startup
[5.366s] [ext: omni.kit.stage_templates-1.2.6] startup
[5.371s] [ext: isaacsim.core.prims-0.3.7] startup
[5.399s] [ext: isaacsim.replicator.behavior-1.0.8] startup
[5.402s] [ext: isaacsim.core.api-4.2.16] startup
[5.420s] [ext: omni.ui_query-1.1.7] startup
[5.424s] [ext: omni.kit.manipulator.viewport-107.0.1] startup
[5.426s] [ext: omni.kit.ui_test-1.3.3] startup
[5.429s] [ext: omni.kit.window.extensions-1.4.25] startup
[5.438s] [ext: omni.graph.visualization.nodes-2.1.1] startup
[5.449s] [ext: omni.kit.tool.asset_importer-2.12.2] startup
[5.475s] [ext: isaacsim.gui.components-1.0.9] startup
[5.484s] [ext: omni.kit.widget.settings-1.2.2] startup
[5.492s] [ext: omni.kit.widget.graph-1.12.17] startup
[5.499s] [ext: omni.kit.window.preferences-1.7.0] startup
[5.513s] [ext: omni.kit.graph.delegate.default-1.2.2] startup
[5.514s] [ext: omni.kit.viewport.menubar.core-107.1.2] startup
[5.535s] [ext: omni.kit.widget.material_preview-1.0.16] startup
[5.538s] [ext: omni.kit.graph.usd.commands-1.3.1] startup
[5.541s] [ext: omni.kit.graph.editor.core-1.5.3] startup
[5.545s] [ext: omni.syntheticdata-0.6.10] startup
[5.587s] [ext: omni.kit.window.material_graph-1.8.19] startup
[5.634s] [ext: omni.graph.scriptnode-1.40.1] startup
[5.639s] [ext: isaacsim.core.cloner-1.3.4] startup
[5.642s] [ext: omni.replicator.core-1.11.35] startup
2026-06-21 07:06:34 [5,723ms] [Warning] [omni.replicator.core.scripts.extension] No material configuration file, adding configuration to material settings directly.
[5.783s] [ext: omni.isaac.cloner-1.0.2] startup
2026-06-21 07:06:34 [5,732ms] [Warning] [omni.isaac.cloner] omni.isaac.cloner has been deprecated in favor of isaacsim.core.cloner. Please update your code accordingly.
[5.787s] [ext: isaacsim.core.nodes-2.1.4] startup
[5.802s] [ext: isaacsim.asset.importer.urdf-2.3.10] startup
[5.993s] [ext: omni.isaac.core-4.0.3] startup
2026-06-21 07:06:34 [5,944ms] [Warning] [omni.isaac.core.physics_context.physics_context] omni.isaac.core.physics_context.physics_context has been deprecated in favor of isaacsim.core.api.physics_context.physics_context. Please update your code accordingly.
2026-06-21 07:06:34 [5,947ms] [Warning] [omni.isaac.core.simulation_context.simulation_context] omni.isaac.core.simulation_context.simulation_context has been deprecated in favor of isaacsim.core.api.simulation_context.simulation_context. Please update your code accordingly.
2026-06-21 07:06:34 [5,950ms] [Warning] [omni.isaac.core.world.world] omni.isaac.core.world.world has been deprecated in favor of isaacsim.core.api.world.world. Please update your code accordingly.
2026-06-21 07:06:34 [5,950ms] [Warning] [omni.isaac.core] omni.isaac.core has been deprecated in favor of isaacsim.core.api. Please update your code accordingly.
[6.008s] [ext: omni.isaac.core_nodes-2.0.2] startup
2026-06-21 07:06:34 [5,971ms] [Warning] [omni.isaac.core_nodes] omni.isaac.core_nodes has been deprecated in favor of isaacsim.core.nodes. Please update your code accordingly.
[6.027s] [ext: omni.anim.curve.core-1.2.0] startup
[6.050s] [ext: isaacsim.robot_motion.lula-4.0.4] startup
[6.069s] [ext: isaacsim.asset.importer.mjcf-2.3.3] startup
[6.084s] [ext: isaacsim.robot_motion.motion_generation-8.0.6] startup
[6.105s] [ext: isaacsim.asset.browser-1.3.4] startup
[6.213s] [ext: isaacsim.robot.surface_gripper-2.0.6] startup
[6.224s] [ext: omni.kit.selection-0.1.5] startup
[6.236s] [ext: isaacsim.robot_motion.lula_test_widget-1.0.5] startup
[6.240s] [ext: omni.isaac.assets_check-0.3.9] startup
2026-06-21 07:06:34 [6,189ms] [Warning] [omni.isaac.assets_check] omni.isaac.assets_check has been deprecated in favor of isaacsim.asset.browser. Please update your code accordingly.
[6.244s] [ext: isaacsim.robot.manipulators-3.0.4] startup
[6.257s] [ext: isaacsim.sensors.physics-0.3.5] startup
[6.274s] [ext: isaacsim.gui.menu-2.0.9] startup
[6.307s] [ext: omni.isaac.lula_test_widget-1.0.2] startup
2026-06-21 07:06:34 [6,256ms] [Warning] [omni.isaac.lula_test_widget] omni.isaac.lula_test_widget has been deprecated in favor of isaacsim.robot_motion.lula_test_widget. Please update your code accordingly.
[6.311s] [ext: omni.sensors.nv.common-2.5.0-coreapi] startup
[6.331s] [ext: omni.isaac.manipulators-3.0.3] startup
2026-06-21 07:06:34 [6,278ms] [Warning] [omni.isaac.manipulators] omni.isaac.manipulators has been deprecated in favor of isaacsim.robot.manipulators. Please update your code accordingly.
2026-06-21 07:06:34 [6,279ms] [Warning] [omni.isaac.manipulators.controllers] omni.isaac.manipulators has been deprecated in favor of isaacsim.robot.manipulators. Please update your code accordingly.
2026-06-21 07:06:34 [6,279ms] [Warning] [omni.isaac.manipulators.controllers.pick_place_controller] omni.isaac.manipulators has been deprecated in favor of isaacsim.robot.manipulators. Please update your code accordingly.
2026-06-21 07:06:34 [6,279ms] [Warning] [omni.isaac.manipulators.controllers.stacking_controller] omni.isaac.manipulators has been deprecated in favor of isaacsim.robot.manipulators. Please update your code accordingly.
2026-06-21 07:06:34 [6,280ms] [Warning] [omni.isaac.manipulators.grippers] omni.isaac.manipulators has been deprecated in favor of isaacsim.robot.manipulators. Please update your code accordingly.
2026-06-21 07:06:34 [6,280ms] [Warning] [omni.isaac.manipulators.grippers.gripper] omni.isaac.manipulators has been deprecated in favor of isaacsim.robot.manipulators. Please update your code accordingly.
2026-06-21 07:06:34 [6,280ms] [Warning] [omni.isaac.manipulators.grippers.parallel_gripper] omni.isaac.manipulators has been deprecated in favor of isaacsim.robot.manipulators. Please update your code accordingly.
2026-06-21 07:06:34 [6,280ms] [Warning] [omni.isaac.manipulators.grippers.surface_gripper] omni.isaac.manipulators has been deprecated in favor of isaacsim.robot.manipulators. Please update your code accordingly.
2026-06-21 07:06:34 [6,280ms] [Warning] [omni.isaac.manipulators.manipulators] omni.isaac.manipulators has been deprecated in favor of isaacsim.robot.manipulators. Please update your code accordingly.
2026-06-21 07:06:34 [6,280ms] [Warning] [omni.isaac.manipulators.manipulators.single_manipulator] omni.isaac.manipulators has been deprecated in favor of isaacsim.robot.manipulators. Please update your code accordingly.
[6.335s] [ext: isaacsim.robot.policy.examples-4.0.3] startup
[6.341s] [ext: omni.isaac.menu-1.0.2] startup
2026-06-21 07:06:34 [6,290ms] [Warning] [omni.isaac.menu] omni.isaac.menu has been deprecated in favor of isaacsim.gui.menu. Please update your code accordingly.
[6.345s] [ext: omni.isaac.motion_generation-8.0.2] startup
2026-06-21 07:06:34 [6,295ms] [Warning] [omni.isaac.motion_generation] omni.isaac.motion_generation has been deprecated in favor of isaacsim.robot_motion.motion_generation. Please update your code accordingly.
2026-06-21 07:06:34 [6,295ms] [Warning] [omni.isaac.motion_generation.articulation_kinematics_solver] omni.isaac.motion_generation has been deprecated in favor of isaacsim.robot_motion.motion_generation. Please update your code accordingly.
2026-06-21 07:06:34 [6,296ms] [Warning] [omni.isaac.motion_generation.articulation_motion_policy] omni.isaac.motion_generation has been deprecated in favor of isaacsim.robot_motion.motion_generation. Please update your code accordingly.
2026-06-21 07:06:34 [6,296ms] [Warning] [omni.isaac.motion_generation.articulation_trajectory] omni.isaac.motion_generation has been deprecated in favor of isaacsim.robot_motion.motion_generation. Please update your code accordingly.
2026-06-21 07:06:34 [6,296ms] [Warning] [omni.isaac.motion_generation.kinematics_interface] omni.isaac.motion_generation has been deprecated in favor of isaacsim.robot_motion.motion_generation. Please update your code accordingly.
2026-06-21 07:06:34 [6,296ms] [Warning] [omni.isaac.motion_generation.lula] omni.isaac.motion_generation has been deprecated in favor of isaacsim.robot_motion.motion_generation. Please update your code accordingly.
2026-06-21 07:06:34 [6,299ms] [Warning] [omni.isaac.motion_generation.lula.kinematics] omni.isaac.motion_generation has been deprecated in favor of isaacsim.robot_motion.motion_generation. Please update your code accordingly.
2026-06-21 07:06:34 [6,300ms] [Warning] [omni.isaac.motion_generation.lula.motion_policies] omni.isaac.motion_generation has been deprecated in favor of isaacsim.robot_motion.motion_generation. Please update your code accordingly.
2026-06-21 07:06:34 [6,300ms] [Warning] [omni.isaac.motion_generation.lula.path_planners] omni.isaac.motion_generation has been deprecated in favor of isaacsim.robot_motion.motion_generation. Please update your code accordingly.
2026-06-21 07:06:34 [6,300ms] [Warning] [omni.isaac.motion_generation.lula.trajectory_generator] omni.isaac.motion_generation has been deprecated in favor of isaacsim.robot_motion.motion_generation. Please update your code accordingly.
2026-06-21 07:06:34 [6,300ms] [Warning] [omni.isaac.motion_generation.motion_policy_controller] omni.isaac.motion_generation has been deprecated in favor of isaacsim.robot_motion.motion_generation. Please update your code accordingly.
2026-06-21 07:06:34 [6,301ms] [Warning] [omni.isaac.motion_generation.motion_policy_interface] omni.isaac.motion_generation has been deprecated in favor of isaacsim.robot_motion.motion_generation. Please update your code accordingly.
2026-06-21 07:06:34 [6,301ms] [Warning] [omni.isaac.motion_generation.path_planner_visualizer] omni.isaac.motion_generation has been deprecated in favor of isaacsim.robot_motion.motion_generation. Please update your code accordingly.
2026-06-21 07:06:34 [6,301ms] [Warning] [omni.isaac.motion_generation.path_planning_interface] omni.isaac.motion_generation has been deprecated in favor of isaacsim.robot_motion.motion_generation. Please update your code accordingly.
2026-06-21 07:06:34 [6,301ms] [Warning] [omni.isaac.motion_generation.trajectory] omni.isaac.motion_generation has been deprecated in favor of isaacsim.robot_motion.motion_generation. Please update your code accordingly.
2026-06-21 07:06:34 [6,301ms] [Warning] [omni.isaac.motion_generation.world_interface] omni.isaac.motion_generation has been deprecated in favor of isaacsim.robot_motion.motion_generation. Please update your code accordingly.
[6.356s] [ext: omni.sensors.nv.materials-1.4.0-coreapi] startup
[6.361s] [ext: omni.isaac.nucleus-1.0.3] startup
2026-06-21 07:06:34 [6,308ms] [Warning] [omni.isaac.nucleus] omni.isaac.nucleus has been deprecated in favor of isaacsim.storage.native. Please update your code accordingly.
2026-06-21 07:06:34 [6,308ms] [Warning] [omni.isaac.nucleus.nucleus] omni.isaac.nucleus.nucleus has been deprecated in favor of isaacsim.storage.native. Please update your code accordingly.
[6.363s] [ext: omni.isaac.quadruped-3.0.2] startup
2026-06-21 07:06:34 [6,309ms] [Warning] [omni.isaac.quadruped] omni.isaac.quadruped has been deprecated in favor of isaacsim.robot.policy.examples. Please update your code accordingly.
[6.364s] [ext: omni.kit.manipulator.selector-1.1.1] startup
[6.369s] [ext: omni.sensors.nv.wpm-2.4.0-coreapi] startup
[6.372s] [ext: omni.sensors.nv.lidar-2.6.3-coreapi] startup
[6.382s] [ext: omni.sensors.nv.ids-1.4.0-coreapi] startup
[6.390s] [ext: isaacsim.robot.manipulators.examples-1.0.3] startup
[6.392s] [ext: isaacsim.util.debug_draw-2.0.2] startup
[6.400s] [ext: omni.sensors.tiled-0.0.6] startup
[6.404s] [ext: omni.sensors.nv.radar-2.6.1-coreapi] startup
[6.414s] [ext: omni.kit.widget.toolbar-1.7.3] startup
[6.425s] [ext: omni.kit.manipulator.transform-106.0.1] startup
[6.431s] [ext: isaacsim.sensors.physx-2.2.4] startup
[6.441s] [ext: isaacsim.sensors.rtx-13.6.3] startup
[6.452s] [ext: isaacsim.sensors.camera-0.2.9] startup
[6.467s] [ext: isaacsim.cortex.framework-1.0.2] startup
[6.472s] [ext: omni.kit.manipulator.tool.snap-1.5.12] startup
[6.497s] [ext: omni.isaac.range_sensor-4.0.2] startup
[6.501s] [ext: omni.isaac.surface_gripper-2.0.2] startup
2026-06-21 07:06:34 [6,449ms] [Warning] [omni.isaac.surface_gripper] omni.isaac.surface_gripper has been deprecated in favor of isaacsim.robot.surface_gripper. Please update your code accordingly.
[6.503s] [ext: omni.isaac.sensor-13.0.3] startup
2026-06-21 07:06:34 [6,452ms] [Warning] [omni.isaac.sensor] omni.isaac.sensor has been deprecated in favor of isaacsim.sensors.camera, isaacsim.sensors.physics, isaacsim.sensors.physx, and isaacsim.sensors.rtx. Please update your code accordingly.
2026-06-21 07:06:34 [6,452ms] [Warning] [omni.isaac.sensor.camera] omni.isaac.sensor.camera has been deprecated in favor of isaacsim.sensors.camera.camera. Please update your code accordingly.
2026-06-21 07:06:34 [6,453ms] [Warning] [omni.isaac.sensor.camera_view] omni.isaac.sensor.camera_view has been deprecated in favor of isaacsim.sensors.camera.camera_view. Please update your code accordingly.
2026-06-21 07:06:34 [6,453ms] [Warning] [omni.isaac.sensor.commands] omni.isaac.sensor.commands has been deprecated in favor of isaacsim.sensors.physics.commands, isaacsim.sensors.physx.commands, and isaacsim.sensors.rtx.commands. Please update your code accordingly.
2026-06-21 07:06:34 [6,453ms] [Warning] [omni.isaac.sensor.contact_sensor] omni.isaac.sensor.contact_sensor has been deprecated in favor of isaacsim.sensors.physics.contact_sensor. Please update your code accordingly.
2026-06-21 07:06:34 [6,453ms] [Warning] [omni.isaac.sensor.imu_sensor] omni.isaac.sensor.imu_sensor has been deprecated in favor of isaacsim.sensors.physics.imu_sensor. Please update your code accordingly.
2026-06-21 07:06:34 [6,453ms] [Warning] [omni.isaac.sensor.lidar_rtx] omni.isaac.sensor.lidar_rtx has been deprecated in favor of isaacsim.sensors.rtx.lidar_rtx. Please update your code accordingly.
2026-06-21 07:06:34 [6,453ms] [Warning] [omni.isaac.sensor.rotating_lidar_physX] omni.isaac.sensor.imu_sensor has been deprecated in favor of isaacsim.sensors.physix.rotating_lidar_physX. Please update your code accordingly.
2026-06-21 07:06:34 [6,454ms] [Warning] [omni.isaac.sensor.scripts.samples.contact_sensor] omni.isaac.sensor.scripts.samples.contact_sensor has been deprecated in favor of isaacsim.sensors.physics.scripts.samples.contact_sensor. Please update your code accordingly.
2026-06-21 07:06:34 [6,454ms] [Warning] [omni.isaac.sensor.scripts.samples.imu_sensor] omni.isaac.sensor.scripts.samples.imu_sensor has been deprecated in favor of isaacsim.sensors.physics.scripts.samples.imu_sensor. Please update your code accordingly.
2026-06-21 07:06:34 [6,454ms] [Warning] [omni.isaac.sensor.scripts.samples.lightbeam_sensor] omni.isaac.sensor.scripts.samples.lightbeam_sensor has been deprecated in favor of isaacsim.sensors.physx.scripts.samples.lightbeam_sensor. Please update your code accordingly.
[6.509s] [ext: omni.isaac.cortex-1.0.2] startup
2026-06-21 07:06:34 [6,458ms] [Warning] [omni.isaac.cortex] omni.isaac.cortex has been deprecated in favor of isaacsim.cortex.framework. Please update your code accordingly.
[6.513s] [ext: omni.kit.viewport.manipulator.transform-107.0.4] startup
[6.529s] [ext: omni.debugdraw-0.1.3] startup
[6.536s] [ext: omni.isaac.universal_robots-1.0.2] startup
2026-06-21 07:06:34 [6,482ms] [Warning] [omni.isaac.universal_robots] omni.isaac.universal_robots has been deprecated in favor of isaacsim.robot.manipulators.examples.universal_robots. Please update your code accordingly.
2026-06-21 07:06:34 [6,483ms] [Warning] [omni.isaac.universal_robots.kinematics_solver] omni.isaac.franka has been deprecated in favor of isaacsim.robot.manipulators.examples.universal_robots. Please update your code accordingly.
2026-06-21 07:06:34 [6,483ms] [Warning] [omni.isaac.universal_robots.ur10] omni.isaac.franka has been deprecated in favor of isaacsim.robot.manipulators.examples.universal_robots. Please update your code accordingly.
[6.538s] [ext: omni.isaac.utils-2.0.2] startup
[6.542s] [ext: omni.kit.manipulator.prim.core-107.0.7] startup
[6.552s] [ext: omni.fabric.commands-1.1.5] startup
[6.564s] [ext: omni.kit.manipulator.selection-106.0.1] startup
[6.567s] [ext: omni.kit.viewport.actions-107.0.0] startup
[6.575s] [ext: omni.kit.manipulator.prim.usd-107.0.3] startup
[6.578s] [ext: omni.kit.manipulator.prim.fabric-107.0.4] startup
[6.582s] [ext: isaacsim.cortex.behaviors-2.0.3] startup
[6.585s] [ext: omni.kit.widget.layers-1.8.2] startup
[6.606s] [ext: omni.kit.viewport.menubar.display-107.0.3] startup
[6.611s] [ext: omni.kit.manipulator.prim-107.0.0] startup
[6.611s] [ext: omni.isaac.cortex.sample_behaviors-2.0.2] startup
2026-06-21 07:06:34 [6,559ms] [Warning] [omni.isaac.cortex.sample_behaviors] omni.isaac.cortex.sample_behaviors has been deprecated in favor of isaacsim.cortex.behaviors. Please update your code accordingly.
[6.614s] [ext: omni.graph.ui_nodes-1.40.1] startup
[6.622s] [ext: omni.usdphysics.ui-106.5.7] startup
[6.669s] [ext: omni.physx.commands-106.5.7] startup
[6.676s] [ext: omni.kit.property.camera-1.0.9] startup
[6.679s] [ext: omni.hydra.scene_api-0.1.2] startup
[6.687s] [ext: omni.kit.property.geometry-1.3.3] startup
[6.692s] [ext: omni.kit.property.light-1.0.11] startup
[6.697s] [ext: omni.physx.ui-106.5.7] startup
[6.751s] [ext: omni.kit.property.material-1.10.17] startup
[6.762s] [ext: omni.kit.property.render-1.1.3] startup
[6.766s] [ext: omni.kit.property.transform-1.5.10] startup
[6.772s] [ext: omni.kit.property.audio-1.0.16] startup
[6.776s] [ext: isaacsim.gui.property-1.0.4] startup
[6.780s] [ext: omni.physx.demos-106.5.7] startup
[6.807s] [ext: omni.kit.property.physx-106.5.7] startup
[6.878s] [ext: omni.isaac.lula-4.0.2] startup
2026-06-21 07:06:35 [6,827ms] [Warning] [omni.isaac.lula] omni.isaac.lula has been deprecated in favor of isaacsim.robot_motion.lula. Please update your code accordingly.
[6.882s] [ext: omni.kit.property.bundle-1.3.2] startup
[6.886s] [ext: omni.kit.property.isaac-1.0.2] startup
2026-06-21 07:06:35 [6,835ms] [Warning] [omni.kit.property.isaac] omni.kit.property.isaac has been deprecated in favor of isaacsim.gui.property. Please update your code accordingly.
2026-06-21 07:06:35 [6,835ms] [Warning] [omni.kit.property.isaac.widgets] omni.kit.property.isaac.widgets has been deprecated in favor of isaacsim.gui.property.widgets. Please update your code accordingly.
[6.890s] [ext: omni.physx.vehicle-106.5.7] startup
[6.920s] [ext: omni.kit.viewport.menubar.camera-107.0.2] startup
[6.931s] [ext: omni.kit.viewport.menubar.lighting-106.0.2] startup
[6.935s] [ext: omni.kit.viewport.menubar.render-107.0.8] startup
[6.940s] [ext: omni.kit.viewport.menubar.settings-107.0.3] startup
[6.947s] [ext: omni.kit.window.console-0.2.14] startup
[6.964s] [ext: omni.physx.camera-106.5.7] startup
[6.981s] [ext: omni.kit.window.toolbar-1.6.2] startup
[6.988s] [ext: omni.isaac.version-2.0.2] startup
2026-06-21 07:06:35 [6,935ms] [Warning] [omni.isaac.version] omni.isaac.version has been deprecated in favor of isaacsim.core.version. Please update your code accordingly.
[6.990s] [ext: isaacsim.robot.wheeled_robots-4.0.3] startup
[6.998s] [ext: omni.physx.cct-106.5.7] startup
[7.022s] [ext: omni.physx.graph-106.5.7] startup
[7.067s] [ext: isaacsim.replicator.writers-1.0.1] startup
[7.125s] [ext: omni.physx.supportui-106.5.7] startup
[7.169s] [ext: omni.physx.telemetry-106.5.7] startup
[7.181s] [ext: omni.isaac.wheeled_robots-3.0.3] startup
2026-06-21 07:06:35 [7,129ms] [Warning] [omni.isaac.wheeled_robots] omni.isaac.wheeled_robots has been deprecated in favor of isaacsim.robot.wheeled_robots. Please update your code accordingly.
2026-06-21 07:06:35 [7,130ms] [Warning] [omni.isaac.wheeled_robots.controllers] omni.isaac.wheeled_robots has been deprecated in favor of isaacsim.robot.wheeled_robots. Please update your code accordingly.
2026-06-21 07:06:35 [7,130ms] [Warning] [omni.isaac.wheeled_robots.controllers.ackermann_controller] omni.isaac.wheeled_robots has been deprecated in favor of isaacsim.robot.wheeled_robots. Please update your code accordingly.
2026-06-21 07:06:35 [7,130ms] [Warning] [omni.isaac.wheeled_robots.controllers.differential_controller] omni.isaac.wheeled_robots has been deprecated in favor of isaacsim.robot.wheeled_robots. Please update your code accordingly.
2026-06-21 07:06:35 [7,130ms] [Warning] [omni.isaac.wheeled_robots.controllers.holonomic_controller] omni.isaac.wheeled_robots has been deprecated in favor of isaacsim.robot.wheeled_robots. Please update your code accordingly.
2026-06-21 07:06:35 [7,130ms] [Warning] [omni.isaac.wheeled_robots.controllers.quintic_path_planner] omni.isaac.wheeled_robots has been deprecated in favor of isaacsim.robot.wheeled_robots. Please update your code accordingly.
2026-06-21 07:06:35 [7,130ms] [Warning] [omni.isaac.wheeled_robots.controllers.stanley_control] omni.isaac.wheeled_robots has been deprecated in favor of isaacsim.robot.wheeled_robots. Please update your code accordingly.
2026-06-21 07:06:35 [7,131ms] [Warning] [omni.isaac.wheeled_robots.controllers.wheel_base_pose_controller] omni.isaac.wheeled_robots has been deprecated in favor of isaacsim.robot.wheeled_robots. Please update your code accordingly.
2026-06-21 07:06:35 [7,131ms] [Warning] [omni.isaac.wheeled_robots.impl] omni.isaac.wheeled_robots has been deprecated in favor of isaacsim.robot.wheeled_robots. Please update your code accordingly.
2026-06-21 07:06:35 [7,131ms] [Warning] [omni.isaac.wheeled_robots.robots] omni.isaac.wheeled_robots has been deprecated in favor of isaacsim.robot.wheeled_robots. Please update your code accordingly.
2026-06-21 07:06:35 [7,131ms] [Warning] [omni.isaac.wheeled_robots.robots.holonomic_robot_usd_setup] omni.isaac.wheeled_robots has been deprecated in favor of isaacsim.robot.wheeled_robots. Please update your code accordingly.
2026-06-21 07:06:35 [7,131ms] [Warning] [omni.isaac.wheeled_robots.robots.wheeled_robot] omni.isaac.wheeled_robots has been deprecated in favor of isaacsim.robot.wheeled_robots. Please update your code accordingly.
[7.186s] [ext: omni.isaac.franka-1.0.2] startup
2026-06-21 07:06:35 [7,136ms] [Warning] [omni.isaac.franka] omni.isaac.franka has been deprecated in favor of isaacsim.robot.manipulators.examples.franka. Please update your code accordingly.
2026-06-21 07:06:35 [7,136ms] [Warning] [omni.isaac.franka.franka] omni.isaac.franka has been deprecated in favor of isaacsim.robot.manipulators.examples.franka. Please update your code accordingly.
2026-06-21 07:06:35 [7,137ms] [Warning] [omni.isaac.franka.kinematics_solver] omni.isaac.franka has been deprecated in favor of isaacsim.robot.manipulators.examples.franka. Please update your code accordingly.
[7.192s] [ext: isaacsim.replicator.domain_randomization-1.0.2] startup
[7.200s] [ext: isaacsim.replicator.examples-1.1.2] startup
[7.206s] [ext: omni.kit.window.status_bar-0.1.7] startup
[7.219s] [ext: omni.rtx.window.settings-0.6.17] startup
[7.239s] [ext: omni.usd.metrics.assembler-106.5.0] startup
[7.253s] [ext: omni.physx.bundle-106.5.7] startup
[7.254s] [ext: isaacsim.app.about-2.0.7] startup
[7.255s] [ext: omni.replicator.isaac-2.0.3] startup
2026-06-21 07:06:35 [7,202ms] [Warning] [omni.replicator.isaac] omni.replicator.isaac has been deprecated in favor of isaacsim.replicator.domain_randomization, isaacsim.replicator.examples, isaacsim.replicator.writers. Please update your code accordingly.
[7.257s] [ext: omni.replicator.replicator_yaml-2.0.10] startup
[7.284s] [ext: omni.rtx.settings.core-0.6.3] startup
[7.296s] [ext: omni.usd.metrics.assembler.ui-106.5.0] startup
[7.306s] [ext: isaacsim.simulation_app-2.4.2] startup
[7.309s] [ext: omni.isaac.window.about-2.0.2] startup
2026-06-21 07:06:35 [7,256ms] [Warning] [omni.isaac.window.about] omni.isaac.window.about has been deprecated in favor of isaacsim.app.about. Please update your code accordingly.
2026-06-21 07:06:35 [7,256ms] [Warning] [omni.isaac.window.about.about] omni.isaac.window.about.about has been deprecated in favor of isaacsim.app.about.about. Please update your code accordingly.
[7.311s] [ext: semantics.schema.editor-0.3.10] startup
[7.315s] [ext: omni.kit.ui.actions-1.0.2] startup
[7.317s] [ext: semantics.schema.property-1.0.5] startup
[7.320s] [ext: omni.kit.manipulator.camera-106.0.3] startup
[7.326s] [ext: omni.isaac.kit-2.0.3] startup
2026-06-21 07:06:35 [7,273ms] [Warning] [omni.isaac.kit] omni.isaac.kit has been deprecated in favor of isaacsim.simulation_app. Please update your code accordingly.
[7.327s] [ext: omni.isaac.asset_browser-1.0.2] startup
2026-06-21 07:06:35 [7,274ms] [Warning] [omni.isaac.asset_browser] omni.isaac.asset_browser has been deprecated in favor of isaacsim.asset.browser. Please update your code accordingly.
[7.329s] [ext: isaacsim.core.throttling-2.0.2] startup
[7.332s] [ext: omni.kit.menu.common-1.1.9] startup
[7.335s] [ext: isaacsim.exp.base-4.5.0] startup
[7.337s] [ext: isaacsim.exp.base.python-4.5.0] startup
[7.339s] Simulation App Starting
[7.657s] app ready
2026-06-21 07:06:36 [7,731ms] [Warning] [rtx.scenedb.plugin] SceneDbContext : TLAS limit buffer size 7374781440
2026-06-21 07:06:36 [7,731ms] [Warning] [rtx.scenedb.plugin] SceneDbContext : TLAS limit : valid false, within: false
2026-06-21 07:06:36 [7,731ms] [Warning] [rtx.scenedb.plugin] SceneDbContext : TLAS limit : decrement: 167690, decrement size: 7301033856
2026-06-21 07:06:36 [7,731ms] [Warning] [rtx.scenedb.plugin] SceneDbContext : New limit 9748724 (slope: 439, intercept: 13179904)
2026-06-21 07:06:36 [7,731ms] [Warning] [rtx.scenedb.plugin] SceneDbContext : TLAS limit buffer size 4287352704
2026-06-21 07:06:36 [7,731ms] [Warning] [rtx.scenedb.plugin] SceneDbContext : TLAS limit : valid true, within: true
Starting kit application with the following args:  ['/srv/data/users/raditya/isaacsim/env_isaacsim/lib/python3.10/site-packages/isaacsim/exts/isaacsim.simulation_app/isaacsim/simulation_app/simulation_app.py', '/srv/data/users/raditya/isaacsim/env_isaacsim/lib/python3.10/site-packages/isaacsim/apps/isaacsim.exp.base.python.kit', '--/app/tokens/exe-path=/srv/data/users/raditya/isaacsim/env_isaacsim/lib/python3.10/site-packages/omni', '--/persistent/app/viewport/displayOptions=3094', '--/rtx/materialDb/syncLoads=True', '--/rtx/hydra/materialSyncLoads=True', '--/omni.kit.plugin/syncUsdLoads=True', '--/app/renderer/resolution/width=1280', '--/app/renderer/resolution/height=720', '--/app/window/width=1440', '--/app/window/height=900', '--/renderer/multiGpu/enabled=True', '--/app/fastShutdown=True', '--/app/installSignalHandlers=0', '--ext-folder', '/srv/data/users/raditya/isaacsim/env_isaacsim/lib/python3.10/site-packages/isaacsim/exts', '--ext-folder', '/srv/data/users/raditya/isaacsim/env_isaacsim/lib/python3.10/site-packages/isaacsim/apps', '--/physics/cudaDevice=0', '--portable', '--no-window', '--/app/window/hideUi=1']
Passing the following args to the base kit application:  []
Warp 1.5.0 initialized:
   CUDA Toolkit 11.8, Driver 12.6
   Devices:
     "cpu"      : "x86_64"
     "cuda:0"   : "NVIDIA RTX A6000" (47 GiB, sm_86, mempool enabled)
   Kernel cache:
     /srv/data/users/raditya/.cache/warp/1.5.0
>>> articulation root prim = /World/arm/root_joint
>>> ROS2 bridge: publishing /joint_states, subscribing /joint_command. Ctrl-C to stop.
>>> running (step 120)
>>> running (step 240)
>>> running (step 360)
>>> running (step 480)
>>> running (step 600)
>>> running (step 720)
>>> running (step 840)
>>> running (step 960)
>>> running (step 1080)
>>> running (step 1200)
>>> running (step 1320)
>>> running (step 1440)
>>> running (step 1560)
>>> running (step 1680)
>>> running (step 1800)
>>> running (step 1920)
>>> running (step 2040)
>>> running (step 2160)
>>> running (step 2280)
>>> running (step 2400)
>>> running (step 2520)
>>> running (step 2640)
>>> running (step 2760)
>>> running (step 2880)
>>> running (step 3000)
>>> running (step 3120)
>>> running (step 3240)
>>> running (step 3360)
>>> running (step 3480)
>>> running (step 3600)
>>> running (step 3720)
>>> running (step 3840)
>>> running (step 3960)
>>> running (step 4080)
>>> running (step 4200)
>>> running (step 4320)
>>> running (step 4440)
>>> running (step 4560)
>>> running (step 4680)
>>> running (step 4800)
>>> running (step 4920)
>>> running (step 5040)
>>> running (step 5160)
>>> running (step 5280)
>>> running (step 5400)
>>> running (step 5520)
>>> running (step 5640)
>>> running (step 5760)
>>> running (step 5880)
>>> running (step 6000)
>>> running (step 6120)
>>> running (step 6240)
>>> running (step 6360)
>>> running (step 6480)
>>> running (step 6600)
>>> running (step 6720)
>>> running (step 6840)
>>> running (step 6960)
>>> running (step 7080)
>>> running (step 7200)
>>> running (step 7320)
>>> running (step 7440)
>>> running (step 7560)
>>> running (step 7680)
>>> running (step 7800)
>>> running (step 7920)
>>> running (step 8040)
>>> running (step 8160)
>>> running (step 8280)
>>> running (step 8400)
>>> running (step 8520)
>>> running (step 8640)
>>> running (step 8760)
>>> running (step 8880)
>>> running (step 9000)
>>> running (step 9120)
>>> running (step 9240)
>>> running (step 9360)
>>> running (step 9480)
>>> running (step 9600)
>>> running (step 9720)
>>> running (step 9840)
>>> running (step 9960)
>>> running (step 10080)
>>> running (step 10200)
>>> running (step 10320)
>>> running (step 10440)
>>> running (step 10560)
>>> running (step 10680)
>>> running (step 10800)
>>> running (step 10920)
>>> running (step 11040)
>>> running (step 11160)
>>> running (step 11280)
>>> running (step 11400)
>>> running (step 11520)
>>> running (step 11640)
>>> running (step 11760)
>>> running (step 11880)
>>> running (step 12000)
>>> running (step 12120)
>>> running (step 12240)
>>> running (step 12360)
>>> running (step 12480)
>>> running (step 12600)
>>> running (step 12720)
>>> running (step 12840)
>>> running (step 12960)
>>> running (step 13080)
>>> running (step 13200)
>>> running (step 13320)
>>> running (step 13440)
>>> running (step 13560)
>>> running (step 13680)
>>> running (step 13800)
>>> running (step 13920)
>>> running (step 14040)
>>> running (step 14160)
>>> running (step 14280)
>>> running (step 14400)
>>> running (step 14520)
>>> running (step 14640)
>>> running (step 14760)
>>> running (step 14880)
>>> running (step 15000)
>>> running (step 15120)
>>> running (step 15240)
>>> running (step 15360)
>>> running (step 15480)
>>> running (step 15600)
>>> running (step 15720)
>>> running (step 15840)
>>> running (step 15960)
>>> running (step 16080)
>>> running (step 16200)
>>> running (step 16320)
>>> running (step 16440)
>>> running (step 16560)
>>> running (step 16680)
>>> running (step 16800)
>>> running (step 16920)
>>> running (step 17040)
>>> running (step 17160)
>>> running (step 17280)
>>> running (step 17400)
>>> running (step 17520)
>>> running (step 17640)
>>> running (step 17760)
>>> running (step 17880)
>>> running (step 18000)
>>> running (step 18120)
>>> running (step 18240)
>>> running (step 18360)
>>> running (step 18480)
>>> running (step 18600)
>>> running (step 18720)
>>> running (step 18840)
>>> running (step 18960)
>>> running (step 19080)
>>> running (step 19200)
>>> running (step 19320)
>>> running (step 19440)
>>> running (step 19560)
>>> running (step 19680)
>>> running (step 19800)
>>> running (step 19920)
>>> running (step 20040)
>>> running (step 20160)
>>> running (step 20280)
>>> running (step 20400)
>>> running (step 20520)
>>> running (step 20640)
>>> running (step 20760)
>>> running (step 20880)
>>> running (step 21000)
>>> running (step 21120)
>>> running (step 21240)
>>> running (step 21360)
>>> running (step 21480)
>>> running (step 21600)
>>> running (step 21720)
>>> running (step 21840)
>>> running (step 21960)
>>> running (step 22080)
>>> running (step 22200)
>>> running (step 22320)
>>> running (step 22440)
>>> running (step 22560)
>>> running (step 22680)
>>> running (step 22800)
>>> running (step 22920)
>>> running (step 23040)
>>> running (step 23160)
>>> running (step 23280)
>>> running (step 23400)
>>> running (step 23520)
>>> running (step 23640)
>>> running (step 23760)
>>> running (step 23880)
>>> running (step 24000)
>>> running (step 24120)
>>> running (step 24240)
>>> running (step 24360)
>>> running (step 24480)
>>> running (step 24600)
>>> running (step 24720)
>>> running (step 24840)
>>> running (step 24960)
>>> running (step 25080)
>>> running (step 25200)
>>> running (step 25320)
>>> running (step 25440)
>>> running (step 25560)
>>> running (step 25680)
>>> running (step 25800)
>>> running (step 25920)
>>> running (step 26040)
>>> running (step 26160)
>>> running (step 26280)
>>> running (step 26400)
>>> running (step 26520)
>>> running (step 26640)
>>> running (step 26760)
>>> running (step 26880)
>>> running (step 27000)
>>> running (step 27120)
>>> running (step 27240)
>>> running (step 27360)
>>> running (step 27480)
>>> running (step 27600)
>>> running (step 27720)
>>> running (step 27840)
>>> running (step 27960)
>>> running (step 28080)
>>> running (step 28200)
>>> running (step 28320)
>>> running (step 28440)
>>> running (step 28560)
>>> running (step 28680)
>>> running (step 28800)
>>> running (step 28920)
>>> running (step 29040)
>>> running (step 29160)
>>> running (step 29280)
>>> running (step 29400)
>>> running (step 29520)
>>> running (step 29640)
>>> running (step 29760)
>>> running (step 29880)
>>> running (step 30000)
>>> running (step 30120)
>>> running (step 30240)
>>> running (step 30360)
>>> running (step 30480)
>>> running (step 30600)
>>> running (step 30720)
>>> running (step 30840)
>>> running (step 30960)
>>> running (step 31080)
>>> running (step 31200)
>>> running (step 31320)
>>> running (step 31440)
>>> running (step 31560)
>>> running (step 31680)
>>> running (step 31800)
>>> running (step 31920)
>>> running (step 32040)
>>> running (step 32160)
>>> running (step 32280)
>>> running (step 32400)
>>> running (step 32520)
>>> running (step 32640)
>>> running (step 32760)
>>> running (step 32880)
>>> running (step 33000)
>>> running (step 33120)
>>> running (step 33240)
>>> running (step 33360)
>>> running (step 33480)
>>> running (step 33600)
>>> running (step 33720)
>>> running (step 33840)
>>> running (step 33960)
>>> running (step 34080)
>>> running (step 34200)
>>> running (step 34320)
>>> running (step 34440)
>>> running (step 34560)
>>> running (step 34680)
>>> running (step 34800)
>>> running (step 34920)
>>> running (step 35040)
>>> running (step 35160)
>>> running (step 35280)
>>> running (step 35400)
>>> running (step 35520)
>>> running (step 35640)
>>> running (step 35760)
>>> running (step 35880)
>>> running (step 36000)
>>> running (step 36120)
>>> running (step 36240)
>>> running (step 36360)
>>> running (step 36480)
>>> running (step 36600)
>>> running (step 36720)
>>> running (step 36840)
>>> running (step 36960)
>>> running (step 37080)
>>> running (step 37200)
>>> running (step 37320)
>>> running (step 37440)
>>> running (step 37560)
>>> running (step 37680)
>>> running (step 37800)
>>> running (step 37920)
>>> running (step 38040)
>>> running (step 38160)
>>> running (step 38280)
>>> running (step 38400)
>>> running (step 38520)
>>> running (step 38640)
