[Warning] [simulation_app.simulation_app] Modules: ['omni.kit_app'] were loaded before SimulationApp was started and might not be loaded correctly.
[Warning] [simulation_app.simulation_app] Please check to make sure no extra omniverse or pxr modules are imported before the call to SimulationApp(...)
[Info] [carb] Logging to file: /srv/data/users/raditya/isaacsim/env_isaacsim/lib/python3.10/site-packages/omni/logs/Kit/Isaac-Sim Python/4.5/kit_20260621_131839.log
2026-06-21 04:18:39 [0ms] [Warning] [omni.kit.app.plugin] No crash reporter present, dumps uploading isn't available.
[0.115s] [ext: omni.kit.async_engine-0.0.1] startup
[0.424s] [ext: omni.metrics.core-0.0.1] startup
[0.424s] [ext: omni.client.lib-1.0.0] startup
[0.483s] [ext: omni.blobkey-1.1.2] startup
[0.484s] [ext: omni.stats-1.0.1] startup
[0.485s] [ext: omni.datastore-0.0.0] startup
[0.498s] [ext: omni.client-1.2.2] startup
[0.507s] [ext: omni.ujitso.default-1.0.0] startup
[0.511s] [ext: omni.hsscclient-1.1.1] startup
2026-06-21 04:18:40 [454ms] [Warning] [omni.datastore] OmniHub is inaccessible
[0.523s] [ext: omni.gpu_foundation.shadercache.vulkan-1.0.0] startup
[0.532s] [ext: omni.assets.plugins-0.0.0] startup
[0.535s] [ext: omni.gpu_foundation-0.0.0] startup
[0.619s] [ext: carb.windowing.plugins-1.0.0] startup
[0.658s] [ext: omni.kit.renderer.init-0.0.0] startup

|---------------------------------------------------------------------------------------------|
| Driver Version: 560.28.03     | Graphics API: Vulkan
|=============================================================================================|
| GPU | Name                             | Active | LDA | GPU Memory | Vendor-ID | LUID       |
|     |                                  |        |     |            | Device-ID | UUID       |
|     |                                  |        |     |            | Bus-ID    |            |
|---------------------------------------------------------------------------------------------|
| 0   | NVIDIA RTX A6000                 | Yes: 0 |     | 49386   MB | 10de      | 0          |
|     |                                  |        |     |            | 2230      | 0652a9b7.. |
|     |                                  |        |     |            | 3b        |            |
|=============================================================================================|
| OS: 22.04.5 LTS (Jammy Jellyfish) ubuntu, Version: 22.04.5, Kernel: 6.8.0-124-generic
| XServer Vendor: The X.Org Foundation, XServer Version: 12101004 (1.21.1.4)
| Processor: Intel(R) Xeon(R) Silver 4216 CPU @ 2.10GHz
| Cores: 32 | Logical Cores: 64
|---------------------------------------------------------------------------------------------|
| Total Memory (MB): 96267 | Free Memory: 74448
| Total Page/Swap (MB): 2048 | Free Page/Swap: 631
|---------------------------------------------------------------------------------------------|
[1.942s] [ext: omni.kit.pipapi-0.0.0] startup
[1.944s] [ext: omni.materialx.libs-1.0.6] startup
[1.956s] [ext: omni.kit.pip_archive-0.0.0] startup
[1.956s] [ext: omni.usd.config-1.0.5] startup
[1.963s] [ext: omni.gpucompute.plugins-0.0.0] startup
[1.964s] [ext: omni.usd.libs-1.0.1] startup
[2.105s] [ext: omni.mdl-55.0.1] startup
[2.140s] [ext: omni.iray.libs-0.0.0] startup
[2.148s] [ext: omni.mdl.neuraylib-0.2.10] startup
[2.151s] [ext: omni.kit.usd.mdl-1.0.7] startup
[2.322s] [ext: omni.kit.telemetry-0.5.1] startup
[2.365s] [ext: omni.kit.loop-isaac-1.2.1] startup
[2.367s] [ext: omni.kit.test-1.1.2] startup
[2.442s] [ext: omni.appwindow-1.1.9] startup
[2.445s] [ext: omni.kit.renderer.core-1.0.2] startup
[2.479s] [ext: omni.kit.renderer.capture-0.0.0] startup
[2.482s] [ext: omni.kit.renderer.imgui-1.0.2] startup
[2.598s] [ext: omni.ui-2.26.5] startup
[2.616s] [ext: omni.kit.mainwindow-1.0.3] startup
[2.618s] [ext: carb.audio-0.1.0] startup
[2.624s] [ext: omni.uiaudio-1.0.0] startup
[2.626s] [ext: omni.kit.uiapp-0.0.0] startup
[2.626s] [ext: omni.usd.schema.metrics.assembler-106.5.0] startup
[2.640s] [ext: omni.usd.schema.anim-0.0.0] startup
[2.674s] [ext: omni.usd.schema.audio-0.0.0] startup
[2.679s] [ext: omni.usd.schema.isaac-3.0.2] startup
[2.679s] [ext: omni.usd.schema.omnigraph-1.0.0] startup
[2.689s] [ext: omni.usd.schema.forcefield-106.5.7] startup
[2.705s] [ext: omni.usd.schema.semantics-0.0.0] startup
[2.708s] [ext: omni.usd.schema.physx-106.5.7] startup
[2.748s] [ext: omni.usd.schema.geospatial-0.0.0] startup
[2.752s] [ext: omni.usd_resolver-1.0.0] startup
[2.757s] [ext: omni.kit.window.popup_dialog-2.0.24] startup
[2.763s] [ext: usdrt.scenegraph-7.5.1] startup
[2.825s] [ext: omni.timeline-1.0.11] startup
[2.827s] [ext: omni.usd.core-1.4.2] startup
[2.832s] [ext: omni.resourcemonitor-107.0.0] startup
[2.835s] [ext: omni.activity.core-1.0.1] startup
[2.837s] [ext: omni.kit.widget.nucleus_connector-1.1.10] startup
[2.840s] [ext: omni.hydra.usdrt_delegate-7.5.1] startup
[2.858s] [ext: omni.kit.actions.core-1.0.0] startup
[2.861s] [ext: omni.graph.exec-0.9.4] startup
[2.862s] [ext: omni.kit.commands-1.4.9] startup
[2.867s] [ext: omni.kit.usd_undo-0.1.8] startup
[2.868s] [ext: omni.kit.exec.core-0.13.4] startup
[2.871s] [ext: omni.kit.audiodeviceenum-1.0.1] startup
[2.873s] [ext: omni.hydra.scene_delegate-0.3.3] startup
[2.881s] [ext: omni.usd-1.12.4] startup
[2.958s] [ext: omni.inspect-1.0.1] startup
[2.960s] [ext: omni.kit.notification_manager-1.0.9] startup
[2.963s] [ext: omni.graph.core-2.181.8] startup
[2.969s] [ext: isaacsim.core.deprecation_manager-0.2.2] startup
[2.971s] [ext: omni.usd.schema.omniscripting-1.0.0] startup
[2.980s] [ext: isaacsim.robot.schema-3.1.2] startup
[2.995s] [ext: omni.kit.asset_converter-2.8.3] startup
[3.018s] [ext: omni.kit.menu.core-1.1.2] startup
[3.020s] [ext: omni.kvdb-106.5.7] startup
[3.022s] [ext: omni.kit.widget.context_menu-1.2.4] startup
[3.024s] [ext: omni.kit.usd.layers-2.2.0] startup
[3.039s] [ext: omni.kit.property.adapter.core-1.0.2] startup
[3.043s] [ext: omni.localcache-106.5.7] startup
[3.046s] [ext: omni.convexdecomposition-106.5.7] startup
[3.055s] [ext: omni.warp.core-1.5.0] startup
[3.554s] [ext: omni.kit.context_menu-1.8.3] startup
[3.558s] [ext: omni.kit.hotkeys.core-1.3.10] startup
[3.565s] [ext: omni.kit.property.adapter.fabric-1.0.3] startup
[3.566s] [ext: omni.usdphysics-106.5.7] startup
[3.573s] [ext: omni.kit.widget.path_field-2.0.11] startup
[3.574s] [ext: omni.kit.widget.options_menu-1.1.6] startup
[3.579s] [ext: omni.kit.helper.file_utils-0.1.9] startup
[3.582s] [ext: omni.kit.widget.browser_bar-2.0.10] startup
[3.583s] [ext: omni.kit.widget.options_button-1.0.3] startup
[3.584s] [ext: omni.kit.widget.filebrowser-2.10.52] startup
[3.591s] [ext: omni.kit.clipboard-1.0.5] startup
[3.592s] [ext: omni.graph.tools-1.79.1] startup
[3.626s] [ext: omni.ui.scene-1.11.2] startup
[3.635s] [ext: omni.graph.image.core-0.6.0] startup
[3.637s] [ext: omni.kit.window.filepicker-2.11.7] startup
[3.654s] [ext: omni.kit.widget.searchfield-1.1.8] startup
[3.656s] [ext: omni.graph.image.nodes-1.3.0] startup
[3.661s] [ext: omni.graph-1.140.2] startup
[3.759s] [ext: omni.kit.window.file_exporter-1.0.31] startup
[3.766s] [ext: omni.kit.widget.filter-1.1.4] startup
[3.769s] [ext: omni.physx.foundation-106.5.7] startup
[3.774s] [ext: omni.graph.nodes-1.162.1] startup
[3.803s] [ext: omni.kit.widget.stage-2.11.6] startup
[3.823s] [ext: omni.hydra.rtx.shadercache.vulkan-1.0.0] startup
[3.827s] [ext: omni.hydra.engine.stats-1.0.3] startup
[3.832s] [ext: omni.graph.action_core-1.1.7] startup
[3.837s] [ext: omni.kit.widget.highlight_label-1.0.3] startup
[3.840s] [ext: omni.ujitso.processor.texture-1.0.0] startup
[3.842s] [ext: omni.index.libs-380600.1777.0] startup
[3.842s] [ext: omni.kit.window.file_importer-1.1.14] startup
[3.844s] [ext: omni.kit.stage_template.core-1.1.22] startup
[3.847s] [ext: omni.volume-0.5.0] startup
[3.864s] [ext: omni.ujitso.client-0.0.0] startup
[3.865s] [ext: omni.index-1.0.1] startup
[3.867s] [ext: omni.kit.window.file-1.3.57] startup
[3.876s] [ext: omni.hydra.rtx-1.0.0] startup
2026-06-21 04:18:43 [3,834ms] [Warning] [omni.log] Source: omni.hydra was already registered.
[3.934s] [ext: omni.kit.viewport.registry-104.0.6] startup
[3.936s] [ext: omni.kit.viewport.legacy_gizmos-1.0.16] startup
[3.941s] [ext: omni.kit.raycast.query-1.0.5] startup
[3.950s] [ext: omni.kit.viewport.scene_camera_model-1.0.5] startup
[3.958s] [ext: omni.kit.hydra_texture-1.4.0] startup
[3.964s] [ext: omni.kit.menu.utils-1.7.7] startup
[3.973s] [ext: omni.kit.window.drop_support-1.0.4] startup
[3.976s] [ext: omni.kit.widget.viewport-107.0.7] startup
[3.983s] [ext: omni.kit.material.library-1.5.15] startup
[3.993s] [ext: omni.kit.window.content_browser_registry-0.0.6] startup
[3.997s] [ext: omni.kit.viewport.window-107.0.8] startup
[4.033s] [ext: omni.graph.action_nodes-1.40.1] startup
[4.040s] [ext: omni.kit.window.property-1.11.5] startup
[4.054s] [ext: omni.kit.window.content_browser-2.10.3] startup
[4.126s] [ext: omni.kit.property.adapter.usd-1.0.2] startup
[4.136s] [ext: omni.kit.viewport.utility-1.0.18] startup
[4.138s] [ext: omni.graph.action-1.120.0] startup
[4.141s] [ext: omni.kit.property.usd-4.2.16] startup
[4.161s] [ext: omni.physx.cooking-106.5.7] startup
[4.178s] [ext: omni.kit.widget.stage_icons-1.0.6] startup
[4.181s] [ext: omni.kit.widget.zoombar-1.0.5] startup
[4.183s] [ext: omni.physics.tensors-106.5.7] startup
[4.201s] [ext: omni.kit.widget.prompt-1.0.7] startup
[4.203s] [ext: omni.kit.usd.collect-2.2.22] startup
[4.209s] [ext: omni.physx-106.5.7] startup
[4.237s] [ext: omni.kit.window.stage-2.5.11] startup
[4.246s] [ext: omni.kit.browser.core-2.3.11] startup
[4.255s] [ext: omni.kit.widget.text_editor-1.0.2] startup
[4.258s] [ext: omni.physx.tensors-106.5.7] startup
[4.270s] [ext: omni.kit.tool.collect-2.2.16] startup
[4.274s] [ext: omni.kit.menu.stage-1.2.5] startup
[4.278s] [ext: omni.kit.browser.folder.core-1.10.1] startup
[4.288s] [ext: omni.warp-1.5.0] startup
[4.298s] [ext: isaacsim.examples.browser-0.1.8] startup
[4.311s] [ext: omni.physx.stageupdate-106.5.7] startup
[4.317s] [ext: omni.kit.numpy.common-0.1.2] startup
[4.322s] [ext: isaacsim.core.version-2.0.2] startup
[4.325s] [ext: omni.isaac.dynamic_control-1.3.15] startup
2026-06-21 04:18:44 [4,283ms] [Warning] [omni.isaac.dynamic_control] omni.isaac.dynamic_control is deprecated as of Isaac Sim 4.5. No action is needed from end-users.
[4.352s] [ext: isaacsim.storage.native-1.0.6] startup
[4.359s] [ext: omni.kit.menu.create-1.0.17] startup
[4.368s] [ext: isaacsim.core.utils-2.2.8] startup
[4.386s] [ext: omni.kit.widget.searchable_combobox-1.0.6] startup
[4.392s] [ext: omni.kit.primitive.mesh-1.0.17] startup
[4.422s] [ext: isaacsim.core.simulation_manager-0.3.3] startup
[7.238s] [ext: omni.kit.scripting-106.5.2] startup
[7.249s] [ext: omni.kit.stage_templates-1.2.6] startup
[7.256s] [ext: isaacsim.core.prims-0.3.7] startup
[7.300s] [ext: isaacsim.replicator.behavior-1.0.8] startup
[7.305s] [ext: isaacsim.core.api-4.2.16] startup
[7.327s] [ext: omni.ui_query-1.1.7] startup
[7.332s] [ext: omni.kit.manipulator.viewport-107.0.1] startup
[7.335s] [ext: omni.kit.ui_test-1.3.3] startup
[7.339s] [ext: omni.kit.window.extensions-1.4.25] startup
[7.351s] [ext: omni.graph.visualization.nodes-2.1.1] startup
[7.362s] [ext: omni.kit.tool.asset_importer-2.12.2] startup
[7.388s] [ext: isaacsim.gui.components-1.0.9] startup
[7.401s] [ext: omni.kit.widget.settings-1.2.2] startup
[7.413s] [ext: omni.kit.widget.graph-1.12.17] startup
[7.425s] [ext: omni.kit.window.preferences-1.7.0] startup
[7.441s] [ext: omni.kit.graph.delegate.default-1.2.2] startup
[7.443s] [ext: omni.kit.viewport.menubar.core-107.1.2] startup
[7.476s] [ext: omni.kit.widget.material_preview-1.0.16] startup
[7.482s] [ext: omni.kit.graph.usd.commands-1.3.1] startup
[7.484s] [ext: omni.kit.graph.editor.core-1.5.3] startup
[7.492s] [ext: omni.syntheticdata-0.6.10] startup
[7.565s] [ext: omni.kit.window.material_graph-1.8.19] startup
[7.634s] [ext: omni.graph.scriptnode-1.40.1] startup
[7.641s] [ext: isaacsim.core.cloner-1.3.4] startup
[7.646s] [ext: omni.replicator.core-1.11.35] startup
2026-06-21 04:18:47 [7,775ms] [Warning] [omni.replicator.core.scripts.extension] No material configuration file, adding configuration to material settings directly.
[7.843s] [ext: omni.isaac.cloner-1.0.2] startup
2026-06-21 04:18:47 [7,787ms] [Warning] [omni.isaac.cloner] omni.isaac.cloner has been deprecated in favor of isaacsim.core.cloner. Please update your code accordingly.
[7.848s] [ext: isaacsim.core.nodes-2.1.4] startup
[7.867s] [ext: isaacsim.asset.importer.urdf-2.3.10] startup
[8.151s] [ext: omni.isaac.core-4.0.3] startup
2026-06-21 04:18:48 [8,096ms] [Warning] [omni.isaac.core.physics_context.physics_context] omni.isaac.core.physics_context.physics_context has been deprecated in favor of isaacsim.core.api.physics_context.physics_context. Please update your code accordingly.
2026-06-21 04:18:48 [8,098ms] [Warning] [omni.isaac.core.simulation_context.simulation_context] omni.isaac.core.simulation_context.simulation_context has been deprecated in favor of isaacsim.core.api.simulation_context.simulation_context. Please update your code accordingly.
2026-06-21 04:18:48 [8,100ms] [Warning] [omni.isaac.core.world.world] omni.isaac.core.world.world has been deprecated in favor of isaacsim.core.api.world.world. Please update your code accordingly.
2026-06-21 04:18:48 [8,100ms] [Warning] [omni.isaac.core] omni.isaac.core has been deprecated in favor of isaacsim.core.api. Please update your code accordingly.
[8.166s] [ext: omni.isaac.core_nodes-2.0.2] startup
2026-06-21 04:18:48 [8,115ms] [Warning] [omni.isaac.core_nodes] omni.isaac.core_nodes has been deprecated in favor of isaacsim.core.nodes. Please update your code accordingly.
[8.180s] [ext: omni.anim.curve.core-1.2.0] startup
[8.235s] [ext: isaacsim.robot_motion.lula-4.0.4] startup
[8.257s] [ext: isaacsim.asset.importer.mjcf-2.3.3] startup
[8.279s] [ext: isaacsim.robot_motion.motion_generation-8.0.6] startup
[8.304s] [ext: isaacsim.asset.browser-1.3.4] startup
[8.444s] [ext: isaacsim.robot.surface_gripper-2.0.6] startup
[8.452s] [ext: omni.kit.selection-0.1.5] startup
[8.459s] [ext: isaacsim.robot_motion.lula_test_widget-1.0.5] startup
[8.472s] [ext: omni.isaac.assets_check-0.3.9] startup
2026-06-21 04:18:48 [8,418ms] [Warning] [omni.isaac.assets_check] omni.isaac.assets_check has been deprecated in favor of isaacsim.asset.browser. Please update your code accordingly.
[8.479s] [ext: isaacsim.robot.manipulators-3.0.4] startup
[8.485s] [ext: isaacsim.sensors.physics-0.3.5] startup
[8.497s] [ext: isaacsim.gui.menu-2.0.9] startup
[8.539s] [ext: omni.isaac.lula_test_widget-1.0.2] startup
2026-06-21 04:18:48 [8,484ms] [Warning] [omni.isaac.lula_test_widget] omni.isaac.lula_test_widget has been deprecated in favor of isaacsim.robot_motion.lula_test_widget. Please update your code accordingly.
[8.546s] [ext: omni.sensors.nv.common-2.5.0-coreapi] startup
[8.572s] [ext: omni.isaac.manipulators-3.0.3] startup
2026-06-21 04:18:48 [8,513ms] [Warning] [omni.isaac.manipulators] omni.isaac.manipulators has been deprecated in favor of isaacsim.robot.manipulators. Please update your code accordingly.
2026-06-21 04:18:48 [8,513ms] [Warning] [omni.isaac.manipulators.controllers] omni.isaac.manipulators has been deprecated in favor of isaacsim.robot.manipulators. Please update your code accordingly.
2026-06-21 04:18:48 [8,513ms] [Warning] [omni.isaac.manipulators.controllers.pick_place_controller] omni.isaac.manipulators has been deprecated in favor of isaacsim.robot.manipulators. Please update your code accordingly.
2026-06-21 04:18:48 [8,514ms] [Warning] [omni.isaac.manipulators.controllers.stacking_controller] omni.isaac.manipulators has been deprecated in favor of isaacsim.robot.manipulators. Please update your code accordingly.
2026-06-21 04:18:48 [8,515ms] [Warning] [omni.isaac.manipulators.grippers] omni.isaac.manipulators has been deprecated in favor of isaacsim.robot.manipulators. Please update your code accordingly.
2026-06-21 04:18:48 [8,515ms] [Warning] [omni.isaac.manipulators.grippers.gripper] omni.isaac.manipulators has been deprecated in favor of isaacsim.robot.manipulators. Please update your code accordingly.
2026-06-21 04:18:48 [8,515ms] [Warning] [omni.isaac.manipulators.grippers.parallel_gripper] omni.isaac.manipulators has been deprecated in favor of isaacsim.robot.manipulators. Please update your code accordingly.
2026-06-21 04:18:48 [8,515ms] [Warning] [omni.isaac.manipulators.grippers.surface_gripper] omni.isaac.manipulators has been deprecated in favor of isaacsim.robot.manipulators. Please update your code accordingly.
2026-06-21 04:18:48 [8,515ms] [Warning] [omni.isaac.manipulators.manipulators] omni.isaac.manipulators has been deprecated in favor of isaacsim.robot.manipulators. Please update your code accordingly.
2026-06-21 04:18:48 [8,516ms] [Warning] [omni.isaac.manipulators.manipulators.single_manipulator] omni.isaac.manipulators has been deprecated in favor of isaacsim.robot.manipulators. Please update your code accordingly.
[8.577s] [ext: isaacsim.robot.policy.examples-4.0.3] startup
[8.584s] [ext: omni.isaac.menu-1.0.2] startup
2026-06-21 04:18:48 [8,528ms] [Warning] [omni.isaac.menu] omni.isaac.menu has been deprecated in favor of isaacsim.gui.menu. Please update your code accordingly.
[8.589s] [ext: omni.isaac.motion_generation-8.0.2] startup
2026-06-21 04:18:48 [8,532ms] [Warning] [omni.isaac.motion_generation] omni.isaac.motion_generation has been deprecated in favor of isaacsim.robot_motion.motion_generation. Please update your code accordingly.
2026-06-21 04:18:48 [8,533ms] [Warning] [omni.isaac.motion_generation.articulation_kinematics_solver] omni.isaac.motion_generation has been deprecated in favor of isaacsim.robot_motion.motion_generation. Please update your code accordingly.
2026-06-21 04:18:48 [8,533ms] [Warning] [omni.isaac.motion_generation.articulation_motion_policy] omni.isaac.motion_generation has been deprecated in favor of isaacsim.robot_motion.motion_generation. Please update your code accordingly.
2026-06-21 04:18:48 [8,534ms] [Warning] [omni.isaac.motion_generation.articulation_trajectory] omni.isaac.motion_generation has been deprecated in favor of isaacsim.robot_motion.motion_generation. Please update your code accordingly.
2026-06-21 04:18:48 [8,534ms] [Warning] [omni.isaac.motion_generation.kinematics_interface] omni.isaac.motion_generation has been deprecated in favor of isaacsim.robot_motion.motion_generation. Please update your code accordingly.
2026-06-21 04:18:48 [8,537ms] [Warning] [omni.isaac.motion_generation.lula] omni.isaac.motion_generation has been deprecated in favor of isaacsim.robot_motion.motion_generation. Please update your code accordingly.
2026-06-21 04:18:48 [8,538ms] [Warning] [omni.isaac.motion_generation.lula.kinematics] omni.isaac.motion_generation has been deprecated in favor of isaacsim.robot_motion.motion_generation. Please update your code accordingly.
2026-06-21 04:18:48 [8,538ms] [Warning] [omni.isaac.motion_generation.lula.motion_policies] omni.isaac.motion_generation has been deprecated in favor of isaacsim.robot_motion.motion_generation. Please update your code accordingly.
2026-06-21 04:18:48 [8,538ms] [Warning] [omni.isaac.motion_generation.lula.path_planners] omni.isaac.motion_generation has been deprecated in favor of isaacsim.robot_motion.motion_generation. Please update your code accordingly.
2026-06-21 04:18:48 [8,538ms] [Warning] [omni.isaac.motion_generation.lula.trajectory_generator] omni.isaac.motion_generation has been deprecated in favor of isaacsim.robot_motion.motion_generation. Please update your code accordingly.
2026-06-21 04:18:48 [8,539ms] [Warning] [omni.isaac.motion_generation.motion_policy_controller] omni.isaac.motion_generation has been deprecated in favor of isaacsim.robot_motion.motion_generation. Please update your code accordingly.
2026-06-21 04:18:48 [8,539ms] [Warning] [omni.isaac.motion_generation.motion_policy_interface] omni.isaac.motion_generation has been deprecated in favor of isaacsim.robot_motion.motion_generation. Please update your code accordingly.
2026-06-21 04:18:48 [8,539ms] [Warning] [omni.isaac.motion_generation.path_planner_visualizer] omni.isaac.motion_generation has been deprecated in favor of isaacsim.robot_motion.motion_generation. Please update your code accordingly.
2026-06-21 04:18:48 [8,539ms] [Warning] [omni.isaac.motion_generation.path_planning_interface] omni.isaac.motion_generation has been deprecated in favor of isaacsim.robot_motion.motion_generation. Please update your code accordingly.
2026-06-21 04:18:48 [8,539ms] [Warning] [omni.isaac.motion_generation.trajectory] omni.isaac.motion_generation has been deprecated in favor of isaacsim.robot_motion.motion_generation. Please update your code accordingly.
2026-06-21 04:18:48 [8,539ms] [Warning] [omni.isaac.motion_generation.world_interface] omni.isaac.motion_generation has been deprecated in favor of isaacsim.robot_motion.motion_generation. Please update your code accordingly.
[8.601s] [ext: omni.sensors.nv.materials-1.4.0-coreapi] startup
[8.609s] [ext: omni.isaac.nucleus-1.0.3] startup
2026-06-21 04:18:48 [8,548ms] [Warning] [omni.isaac.nucleus] omni.isaac.nucleus has been deprecated in favor of isaacsim.storage.native. Please update your code accordingly.
2026-06-21 04:18:48 [8,550ms] [Warning] [omni.isaac.nucleus.nucleus] omni.isaac.nucleus.nucleus has been deprecated in favor of isaacsim.storage.native. Please update your code accordingly.
[8.611s] [ext: omni.isaac.quadruped-3.0.2] startup
2026-06-21 04:18:48 [8,552ms] [Warning] [omni.isaac.quadruped] omni.isaac.quadruped has been deprecated in favor of isaacsim.robot.policy.examples. Please update your code accordingly.
[8.613s] [ext: omni.kit.manipulator.selector-1.1.1] startup
[8.620s] [ext: omni.sensors.nv.wpm-2.4.0-coreapi] startup
[8.626s] [ext: omni.sensors.nv.lidar-2.6.3-coreapi] startup
[8.640s] [ext: omni.sensors.nv.ids-1.4.0-coreapi] startup
[8.652s] [ext: isaacsim.robot.manipulators.examples-1.0.3] startup
[8.653s] [ext: isaacsim.util.debug_draw-2.0.2] startup
[8.663s] [ext: omni.sensors.tiled-0.0.6] startup
[8.668s] [ext: omni.sensors.nv.radar-2.6.1-coreapi] startup
[8.683s] [ext: omni.kit.widget.toolbar-1.7.3] startup
[8.699s] [ext: omni.kit.manipulator.transform-106.0.1] startup
[8.708s] [ext: isaacsim.sensors.physx-2.2.4] startup
[8.721s] [ext: isaacsim.sensors.rtx-13.6.3] startup
[8.736s] [ext: isaacsim.sensors.camera-0.2.9] startup
[8.759s] [ext: isaacsim.cortex.framework-1.0.2] startup
[8.764s] [ext: omni.kit.manipulator.tool.snap-1.5.12] startup
[8.798s] [ext: omni.isaac.range_sensor-4.0.2] startup
[8.803s] [ext: omni.isaac.surface_gripper-2.0.2] startup
2026-06-21 04:18:48 [8,745ms] [Warning] [omni.isaac.surface_gripper] omni.isaac.surface_gripper has been deprecated in favor of isaacsim.robot.surface_gripper. Please update your code accordingly.
[8.806s] [ext: omni.isaac.sensor-13.0.3] startup
2026-06-21 04:18:48 [8,750ms] [Warning] [omni.isaac.sensor] omni.isaac.sensor has been deprecated in favor of isaacsim.sensors.camera, isaacsim.sensors.physics, isaacsim.sensors.physx, and isaacsim.sensors.rtx. Please update your code accordingly.
2026-06-21 04:18:48 [8,750ms] [Warning] [omni.isaac.sensor.camera] omni.isaac.sensor.camera has been deprecated in favor of isaacsim.sensors.camera.camera. Please update your code accordingly.
2026-06-21 04:18:48 [8,750ms] [Warning] [omni.isaac.sensor.camera_view] omni.isaac.sensor.camera_view has been deprecated in favor of isaacsim.sensors.camera.camera_view. Please update your code accordingly.
2026-06-21 04:18:48 [8,751ms] [Warning] [omni.isaac.sensor.commands] omni.isaac.sensor.commands has been deprecated in favor of isaacsim.sensors.physics.commands, isaacsim.sensors.physx.commands, and isaacsim.sensors.rtx.commands. Please update your code accordingly.
2026-06-21 04:18:48 [8,751ms] [Warning] [omni.isaac.sensor.contact_sensor] omni.isaac.sensor.contact_sensor has been deprecated in favor of isaacsim.sensors.physics.contact_sensor. Please update your code accordingly.
2026-06-21 04:18:48 [8,751ms] [Warning] [omni.isaac.sensor.imu_sensor] omni.isaac.sensor.imu_sensor has been deprecated in favor of isaacsim.sensors.physics.imu_sensor. Please update your code accordingly.
2026-06-21 04:18:48 [8,751ms] [Warning] [omni.isaac.sensor.lidar_rtx] omni.isaac.sensor.lidar_rtx has been deprecated in favor of isaacsim.sensors.rtx.lidar_rtx. Please update your code accordingly.
2026-06-21 04:18:48 [8,752ms] [Warning] [omni.isaac.sensor.rotating_lidar_physX] omni.isaac.sensor.imu_sensor has been deprecated in favor of isaacsim.sensors.physix.rotating_lidar_physX. Please update your code accordingly.
2026-06-21 04:18:48 [8,752ms] [Warning] [omni.isaac.sensor.scripts.samples.contact_sensor] omni.isaac.sensor.scripts.samples.contact_sensor has been deprecated in favor of isaacsim.sensors.physics.scripts.samples.contact_sensor. Please update your code accordingly.
2026-06-21 04:18:48 [8,753ms] [Warning] [omni.isaac.sensor.scripts.samples.imu_sensor] omni.isaac.sensor.scripts.samples.imu_sensor has been deprecated in favor of isaacsim.sensors.physics.scripts.samples.imu_sensor. Please update your code accordingly.
2026-06-21 04:18:48 [8,753ms] [Warning] [omni.isaac.sensor.scripts.samples.lightbeam_sensor] omni.isaac.sensor.scripts.samples.lightbeam_sensor has been deprecated in favor of isaacsim.sensors.physx.scripts.samples.lightbeam_sensor. Please update your code accordingly.
[8.814s] [ext: omni.isaac.cortex-1.0.2] startup
2026-06-21 04:18:48 [8,759ms] [Warning] [omni.isaac.cortex] omni.isaac.cortex has been deprecated in favor of isaacsim.cortex.framework. Please update your code accordingly.
[8.820s] [ext: omni.kit.viewport.manipulator.transform-107.0.4] startup
[8.845s] [ext: omni.debugdraw-0.1.3] startup
[8.856s] [ext: omni.isaac.universal_robots-1.0.2] startup
2026-06-21 04:18:48 [8,795ms] [Warning] [omni.isaac.universal_robots] omni.isaac.universal_robots has been deprecated in favor of isaacsim.robot.manipulators.examples.universal_robots. Please update your code accordingly.
2026-06-21 04:18:48 [8,795ms] [Warning] [omni.isaac.universal_robots.kinematics_solver] omni.isaac.franka has been deprecated in favor of isaacsim.robot.manipulators.examples.universal_robots. Please update your code accordingly.
2026-06-21 04:18:48 [8,796ms] [Warning] [omni.isaac.universal_robots.ur10] omni.isaac.franka has been deprecated in favor of isaacsim.robot.manipulators.examples.universal_robots. Please update your code accordingly.
[8.858s] [ext: omni.isaac.utils-2.0.2] startup
[8.864s] [ext: omni.kit.manipulator.prim.core-107.0.7] startup
[8.879s] [ext: omni.fabric.commands-1.1.5] startup
[8.884s] [ext: omni.kit.manipulator.selection-106.0.1] startup
[8.889s] [ext: omni.kit.viewport.actions-107.0.0] startup
[8.900s] [ext: omni.kit.manipulator.prim.usd-107.0.3] startup
[8.904s] [ext: omni.kit.manipulator.prim.fabric-107.0.4] startup
[8.909s] [ext: isaacsim.cortex.behaviors-2.0.3] startup
[8.912s] [ext: omni.kit.widget.layers-1.8.2] startup
[8.940s] [ext: omni.kit.viewport.menubar.display-107.0.3] startup
[8.946s] [ext: omni.kit.manipulator.prim-107.0.0] startup
[8.949s] [ext: omni.isaac.cortex.sample_behaviors-2.0.2] startup
2026-06-21 04:18:48 [8,889ms] [Warning] [omni.isaac.cortex.sample_behaviors] omni.isaac.cortex.sample_behaviors has been deprecated in favor of isaacsim.cortex.behaviors. Please update your code accordingly.
[8.950s] [ext: omni.graph.ui_nodes-1.40.1] startup
[8.962s] [ext: omni.usdphysics.ui-106.5.7] startup
[9.037s] [ext: omni.physx.commands-106.5.7] startup
[9.045s] [ext: omni.kit.property.camera-1.0.9] startup
[9.048s] [ext: omni.hydra.scene_api-0.1.2] startup
[9.057s] [ext: omni.kit.property.geometry-1.3.3] startup
[9.062s] [ext: omni.kit.property.light-1.0.11] startup
[9.065s] [ext: omni.physx.ui-106.5.7] startup
[9.125s] [ext: omni.kit.property.material-1.10.17] startup
[9.136s] [ext: omni.kit.property.render-1.1.3] startup
[9.140s] [ext: omni.kit.property.transform-1.5.10] startup
[9.146s] [ext: omni.kit.property.audio-1.0.16] startup
[9.150s] [ext: isaacsim.gui.property-1.0.4] startup
[9.154s] [ext: omni.physx.demos-106.5.7] startup
[9.187s] [ext: omni.kit.property.physx-106.5.7] startup
[9.280s] [ext: omni.isaac.lula-4.0.2] startup
2026-06-21 04:18:49 [9,224ms] [Warning] [omni.isaac.lula] omni.isaac.lula has been deprecated in favor of isaacsim.robot_motion.lula. Please update your code accordingly.
[9.285s] [ext: omni.kit.property.bundle-1.3.2] startup
[9.288s] [ext: omni.kit.property.isaac-1.0.2] startup
2026-06-21 04:18:49 [9,230ms] [Warning] [omni.kit.property.isaac] omni.kit.property.isaac has been deprecated in favor of isaacsim.gui.property. Please update your code accordingly.
2026-06-21 04:18:49 [9,230ms] [Warning] [omni.kit.property.isaac.widgets] omni.kit.property.isaac.widgets has been deprecated in favor of isaacsim.gui.property.widgets. Please update your code accordingly.
[9.292s] [ext: omni.physx.vehicle-106.5.7] startup
[9.332s] [ext: omni.kit.viewport.menubar.camera-107.0.2] startup
[9.346s] [ext: omni.kit.viewport.menubar.lighting-106.0.2] startup
[9.352s] [ext: omni.kit.viewport.menubar.render-107.0.8] startup
[9.359s] [ext: omni.kit.viewport.menubar.settings-107.0.3] startup
[9.367s] [ext: omni.kit.window.console-0.2.14] startup
[9.388s] [ext: omni.physx.camera-106.5.7] startup
[9.414s] [ext: omni.kit.window.toolbar-1.6.2] startup
[9.424s] [ext: omni.isaac.version-2.0.2] startup
2026-06-21 04:18:49 [9,365ms] [Warning] [omni.isaac.version] omni.isaac.version has been deprecated in favor of isaacsim.core.version. Please update your code accordingly.
[9.426s] [ext: isaacsim.robot.wheeled_robots-4.0.3] startup
[9.438s] [ext: omni.physx.cct-106.5.7] startup
[9.472s] [ext: omni.physx.graph-106.5.7] startup
[9.523s] [ext: isaacsim.replicator.writers-1.0.1] startup
[9.599s] [ext: omni.physx.supportui-106.5.7] startup
[9.654s] [ext: omni.physx.telemetry-106.5.7] startup
[9.663s] [ext: omni.isaac.wheeled_robots-3.0.3] startup
2026-06-21 04:18:49 [9,605ms] [Warning] [omni.isaac.wheeled_robots] omni.isaac.wheeled_robots has been deprecated in favor of isaacsim.robot.wheeled_robots. Please update your code accordingly.
2026-06-21 04:18:49 [9,605ms] [Warning] [omni.isaac.wheeled_robots.controllers] omni.isaac.wheeled_robots has been deprecated in favor of isaacsim.robot.wheeled_robots. Please update your code accordingly.
2026-06-21 04:18:49 [9,605ms] [Warning] [omni.isaac.wheeled_robots.controllers.ackermann_controller] omni.isaac.wheeled_robots has been deprecated in favor of isaacsim.robot.wheeled_robots. Please update your code accordingly.
2026-06-21 04:18:49 [9,606ms] [Warning] [omni.isaac.wheeled_robots.controllers.differential_controller] omni.isaac.wheeled_robots has been deprecated in favor of isaacsim.robot.wheeled_robots. Please update your code accordingly.
2026-06-21 04:18:49 [9,606ms] [Warning] [omni.isaac.wheeled_robots.controllers.holonomic_controller] omni.isaac.wheeled_robots has been deprecated in favor of isaacsim.robot.wheeled_robots. Please update your code accordingly.
2026-06-21 04:18:49 [9,606ms] [Warning] [omni.isaac.wheeled_robots.controllers.quintic_path_planner] omni.isaac.wheeled_robots has been deprecated in favor of isaacsim.robot.wheeled_robots. Please update your code accordingly.
2026-06-21 04:18:49 [9,606ms] [Warning] [omni.isaac.wheeled_robots.controllers.stanley_control] omni.isaac.wheeled_robots has been deprecated in favor of isaacsim.robot.wheeled_robots. Please update your code accordingly.
2026-06-21 04:18:49 [9,606ms] [Warning] [omni.isaac.wheeled_robots.controllers.wheel_base_pose_controller] omni.isaac.wheeled_robots has been deprecated in favor of isaacsim.robot.wheeled_robots. Please update your code accordingly.
2026-06-21 04:18:49 [9,607ms] [Warning] [omni.isaac.wheeled_robots.impl] omni.isaac.wheeled_robots has been deprecated in favor of isaacsim.robot.wheeled_robots. Please update your code accordingly.
2026-06-21 04:18:49 [9,607ms] [Warning] [omni.isaac.wheeled_robots.robots] omni.isaac.wheeled_robots has been deprecated in favor of isaacsim.robot.wheeled_robots. Please update your code accordingly.
2026-06-21 04:18:49 [9,607ms] [Warning] [omni.isaac.wheeled_robots.robots.holonomic_robot_usd_setup] omni.isaac.wheeled_robots has been deprecated in favor of isaacsim.robot.wheeled_robots. Please update your code accordingly.
2026-06-21 04:18:49 [9,607ms] [Warning] [omni.isaac.wheeled_robots.robots.wheeled_robot] omni.isaac.wheeled_robots has been deprecated in favor of isaacsim.robot.wheeled_robots. Please update your code accordingly.
[9.669s] [ext: omni.isaac.franka-1.0.2] startup
2026-06-21 04:18:49 [9,612ms] [Warning] [omni.isaac.franka] omni.isaac.franka has been deprecated in favor of isaacsim.robot.manipulators.examples.franka. Please update your code accordingly.
2026-06-21 04:18:49 [9,613ms] [Warning] [omni.isaac.franka.franka] omni.isaac.franka has been deprecated in favor of isaacsim.robot.manipulators.examples.franka. Please update your code accordingly.
2026-06-21 04:18:49 [9,614ms] [Warning] [omni.isaac.franka.kinematics_solver] omni.isaac.franka has been deprecated in favor of isaacsim.robot.manipulators.examples.franka. Please update your code accordingly.
[9.676s] [ext: isaacsim.replicator.domain_randomization-1.0.2] startup
[9.682s] [ext: isaacsim.replicator.examples-1.1.2] startup
[9.687s] [ext: omni.kit.window.status_bar-0.1.7] startup
[9.701s] [ext: omni.rtx.window.settings-0.6.17] startup
[9.727s] [ext: omni.usd.metrics.assembler-106.5.0] startup
[9.742s] [ext: omni.physx.bundle-106.5.7] startup
[9.744s] [ext: isaacsim.app.about-2.0.7] startup
[9.745s] [ext: omni.replicator.isaac-2.0.3] startup
2026-06-21 04:18:49 [9,686ms] [Warning] [omni.replicator.isaac] omni.replicator.isaac has been deprecated in favor of isaacsim.replicator.domain_randomization, isaacsim.replicator.examples, isaacsim.replicator.writers. Please update your code accordingly.
[9.747s] [ext: omni.replicator.replicator_yaml-2.0.10] startup
[9.793s] [ext: omni.rtx.settings.core-0.6.3] startup
[9.808s] [ext: omni.usd.metrics.assembler.ui-106.5.0] startup
[9.825s] [ext: isaacsim.simulation_app-2.4.2] startup
[9.828s] [ext: omni.isaac.window.about-2.0.2] startup
2026-06-21 04:18:49 [9,769ms] [Warning] [omni.isaac.window.about] omni.isaac.window.about has been deprecated in favor of isaacsim.app.about. Please update your code accordingly.
2026-06-21 04:18:49 [9,770ms] [Warning] [omni.isaac.window.about.about] omni.isaac.window.about.about has been deprecated in favor of isaacsim.app.about.about. Please update your code accordingly.
[9.831s] [ext: semantics.schema.editor-0.3.10] startup
[9.837s] [ext: omni.kit.ui.actions-1.0.2] startup
[9.840s] [ext: semantics.schema.property-1.0.5] startup
[9.844s] [ext: omni.kit.manipulator.camera-106.0.3] startup
[9.852s] [ext: omni.isaac.kit-2.0.3] startup
2026-06-21 04:18:49 [9,793ms] [Warning] [omni.isaac.kit] omni.isaac.kit has been deprecated in favor of isaacsim.simulation_app. Please update your code accordingly.
[9.855s] [ext: omni.isaac.asset_browser-1.0.2] startup
2026-06-21 04:18:49 [9,795ms] [Warning] [omni.isaac.asset_browser] omni.isaac.asset_browser has been deprecated in favor of isaacsim.asset.browser. Please update your code accordingly.
[9.857s] [ext: isaacsim.core.throttling-2.0.2] startup
[9.861s] [ext: omni.kit.menu.common-1.1.9] startup
[9.866s] [ext: isaacsim.exp.base-4.5.0] startup
[9.869s] [ext: isaacsim.exp.base.python-4.5.0] startup
[9.872s] Simulation App Starting
2026-06-21 04:18:49 [9,910ms] [Warning] [omni.kvdb.plugin] Disabling key-value database because another kit process is locking it
[10.078s] app ready
2026-06-21 04:18:50 [10,170ms] [Warning] [rtx.scenedb.plugin] SceneDbContext : TLAS limit buffer size 7374781440
2026-06-21 04:18:50 [10,170ms] [Warning] [rtx.scenedb.plugin] SceneDbContext : TLAS limit : valid false, within: false
2026-06-21 04:18:50 [10,170ms] [Warning] [rtx.scenedb.plugin] SceneDbContext : TLAS limit : decrement: 167690, decrement size: 7301033856
2026-06-21 04:18:50 [10,170ms] [Warning] [rtx.scenedb.plugin] SceneDbContext : New limit 9748724 (slope: 439, intercept: 13179904)
2026-06-21 04:18:50 [10,170ms] [Warning] [rtx.scenedb.plugin] SceneDbContext : TLAS limit buffer size 4287352704
2026-06-21 04:18:50 [10,170ms] [Warning] [rtx.scenedb.plugin] SceneDbContext : TLAS limit : valid true, within: true
2026-06-21 04:18:50 [10,400ms] [Warning] [omni.usd-abi.plugin] No setting was found for '/rtx-defaults-transient/meshlights/forceDisable'
2026-06-21 04:18:50 [10,485ms] [Warning] [omni.usd-abi.plugin] No setting was found for '/rtx-defaults/post/dlss/execMode'
[15.210s] Simulation App Startup Complete
[17.480s] Simulation App Shutting Down
