[Warning] [simulation_app.simulation_app] Modules: ['omni.kit_app'] were loaded before SimulationApp was started and might not be loaded correctly.
[Warning] [simulation_app.simulation_app] Please check to make sure no extra omniverse or pxr modules are imported before the call to SimulationApp(...)
[Info] [carb] Logging to file: /srv/data/users/raditya/isaacsim/env_isaacsim/lib/python3.10/site-packages/omni/logs/Kit/Isaac-Sim Python/4.5/kit_20260621_120603.log
2026-06-21 03:06:03 [0ms] [Warning] [omni.kit.app.plugin] No crash reporter present, dumps uploading isn't available.
[0.100s] [ext: omni.kit.async_engine-0.0.1] startup
[0.279s] [ext: omni.metrics.core-0.0.1] startup
[0.280s] [ext: omni.client.lib-1.0.0] startup
[0.315s] [ext: omni.blobkey-1.1.2] startup
[0.315s] [ext: omni.stats-1.0.1] startup
[0.316s] [ext: omni.datastore-0.0.0] startup
[0.325s] [ext: omni.client-1.2.2] startup
[0.332s] [ext: omni.ujitso.default-1.0.0] startup
[0.334s] [ext: omni.hsscclient-1.1.1] startup
2026-06-21 03:06:03 [284ms] [Warning] [omni.datastore] OmniHub is inaccessible
[0.341s] [ext: omni.gpu_foundation.shadercache.vulkan-1.0.0] startup
[0.347s] [ext: omni.assets.plugins-0.0.0] startup
[0.349s] [ext: omni.gpu_foundation-0.0.0] startup
[0.398s] [ext: carb.windowing.plugins-1.0.0] startup
[0.426s] [ext: omni.kit.renderer.init-0.0.0] startup

|---------------------------------------------------------------------------------------------|
| Driver Version: 560.28.03     | Graphics API: Vulkan
|=============================================================================================|
| GPU | Name                             | Active | LDA | GPU Memory | Vendor-ID | LUID       |
|     |                                  |        |     |            | Device-ID | UUID       |
|     |                                  |        |     |            | Bus-ID    |            |
|---------------------------------------------------------------------------------------------|
| 0   | NVIDIA RTX A6000                 | Yes: 0 |     | 49386   MB | 10de      | 0          |
|     |                                  |        |     |            | 2230      | 0652a9b7.. |
|     |                                  |        |     |            | 3b        |            |
|=============================================================================================|
| OS: 22.04.5 LTS (Jammy Jellyfish) ubuntu, Version: 22.04.5, Kernel: 6.8.0-124-generic
| XServer Vendor: The X.Org Foundation, XServer Version: 12101004 (1.21.1.4)
| Processor: Intel(R) Xeon(R) Silver 4216 CPU @ 2.10GHz
| Cores: 32 | Logical Cores: 64
|---------------------------------------------------------------------------------------------|
| Total Memory (MB): 96267 | Free Memory: 79780
| Total Page/Swap (MB): 2048 | Free Page/Swap: 1129
|---------------------------------------------------------------------------------------------|
[1.423s] [ext: omni.kit.pipapi-0.0.0] startup
[1.425s] [ext: omni.materialx.libs-1.0.6] startup
[1.436s] [ext: omni.kit.pip_archive-0.0.0] startup
[1.436s] [ext: omni.usd.config-1.0.5] startup
[1.440s] [ext: omni.gpucompute.plugins-0.0.0] startup
[1.441s] [ext: omni.usd.libs-1.0.1] startup
[1.558s] [ext: omni.mdl-55.0.1] startup
[1.584s] [ext: omni.iray.libs-0.0.0] startup
[1.591s] [ext: omni.mdl.neuraylib-0.2.10] startup
[1.593s] [ext: omni.kit.usd.mdl-1.0.7] startup
[1.732s] [ext: omni.kit.telemetry-0.5.1] startup
[1.765s] [ext: omni.kit.loop-isaac-1.2.1] startup
[1.767s] [ext: omni.kit.test-1.1.2] startup
[1.830s] [ext: omni.appwindow-1.1.9] startup
[1.854s] [ext: omni.kit.renderer.core-1.0.2] startup
[1.959s] [ext: omni.kit.renderer.capture-0.0.0] startup
[1.963s] [ext: omni.kit.renderer.imgui-1.0.2] startup
[2.055s] [ext: omni.ui-2.26.5] startup
[2.071s] [ext: omni.kit.mainwindow-1.0.3] startup
[2.072s] [ext: carb.audio-0.1.0] startup
[2.079s] [ext: omni.uiaudio-1.0.0] startup
[2.080s] [ext: omni.kit.uiapp-0.0.0] startup
[2.080s] [ext: omni.usd.schema.metrics.assembler-106.5.0] startup
[2.094s] [ext: omni.usd.schema.anim-0.0.0] startup
[2.124s] [ext: omni.usd.schema.audio-0.0.0] startup
[2.130s] [ext: omni.usd.schema.isaac-3.0.2] startup
[2.130s] [ext: omni.usd.schema.omnigraph-1.0.0] startup
[2.139s] [ext: omni.usd.schema.forcefield-106.5.7] startup
[2.153s] [ext: omni.usd.schema.semantics-0.0.0] startup
[2.157s] [ext: omni.usd.schema.physx-106.5.7] startup
[2.192s] [ext: omni.usd.schema.geospatial-0.0.0] startup
[2.195s] [ext: omni.usd_resolver-1.0.0] startup
[2.201s] [ext: omni.kit.window.popup_dialog-2.0.24] startup
[2.207s] [ext: usdrt.scenegraph-7.5.1] startup
[2.261s] [ext: omni.timeline-1.0.11] startup
[2.264s] [ext: omni.usd.core-1.4.2] startup
[2.268s] [ext: omni.resourcemonitor-107.0.0] startup
[2.271s] [ext: omni.activity.core-1.0.1] startup
[2.273s] [ext: omni.kit.widget.nucleus_connector-1.1.10] startup
[2.275s] [ext: omni.hydra.usdrt_delegate-7.5.1] startup
[2.291s] [ext: omni.kit.actions.core-1.0.0] startup
[2.294s] [ext: omni.graph.exec-0.9.4] startup
[2.295s] [ext: omni.kit.commands-1.4.9] startup
[2.299s] [ext: omni.kit.usd_undo-0.1.8] startup
[2.300s] [ext: omni.kit.exec.core-0.13.4] startup
[2.303s] [ext: omni.kit.audiodeviceenum-1.0.1] startup
[2.305s] [ext: omni.hydra.scene_delegate-0.3.3] startup
[2.312s] [ext: omni.usd-1.12.4] startup
[2.371s] [ext: omni.inspect-1.0.1] startup
[2.373s] [ext: omni.kit.notification_manager-1.0.9] startup
[2.376s] [ext: omni.graph.core-2.181.8] startup
[2.380s] [ext: isaacsim.core.deprecation_manager-0.2.2] startup
[2.381s] [ext: omni.usd.schema.omniscripting-1.0.0] startup
[2.388s] [ext: isaacsim.robot.schema-3.1.2] startup
[2.399s] [ext: omni.kit.asset_converter-2.8.3] startup
[2.416s] [ext: omni.kit.menu.core-1.1.2] startup
[2.417s] [ext: omni.kvdb-106.5.7] startup
[2.419s] [ext: omni.kit.widget.context_menu-1.2.4] startup
[2.421s] [ext: omni.kit.usd.layers-2.2.0] startup
[2.431s] [ext: omni.kit.property.adapter.core-1.0.2] startup
[2.434s] [ext: omni.localcache-106.5.7] startup
[2.436s] [ext: omni.convexdecomposition-106.5.7] startup
[2.443s] [ext: omni.warp.core-1.5.0] startup
[2.669s] [ext: omni.kit.context_menu-1.8.3] startup
[2.672s] [ext: omni.kit.hotkeys.core-1.3.10] startup
[2.676s] [ext: omni.kit.property.adapter.fabric-1.0.3] startup
[2.678s] [ext: omni.usdphysics-106.5.7] startup
[2.684s] [ext: omni.kit.widget.path_field-2.0.11] startup
[2.685s] [ext: omni.kit.widget.options_menu-1.1.6] startup
[2.689s] [ext: omni.kit.helper.file_utils-0.1.9] startup
[2.691s] [ext: omni.kit.widget.browser_bar-2.0.10] startup
[2.692s] [ext: omni.kit.widget.options_button-1.0.3] startup
[2.693s] [ext: omni.kit.widget.filebrowser-2.10.52] startup
[2.699s] [ext: omni.kit.clipboard-1.0.5] startup
[2.700s] [ext: omni.graph.tools-1.79.1] startup
[2.730s] [ext: omni.ui.scene-1.11.2] startup
[2.737s] [ext: omni.graph.image.core-0.6.0] startup
[2.739s] [ext: omni.kit.window.filepicker-2.11.7] startup
[2.753s] [ext: omni.kit.widget.searchfield-1.1.8] startup
[2.755s] [ext: omni.graph.image.nodes-1.3.0] startup
[2.759s] [ext: omni.graph-1.140.2] startup
[2.817s] [ext: omni.kit.window.file_exporter-1.0.31] startup
[2.820s] [ext: omni.kit.widget.filter-1.1.4] startup
[2.823s] [ext: omni.physx.foundation-106.5.7] startup
[2.826s] [ext: omni.graph.nodes-1.162.1] startup
[2.842s] [ext: omni.kit.widget.stage-2.11.6] startup
[2.857s] [ext: omni.hydra.rtx.shadercache.vulkan-1.0.0] startup
[2.861s] [ext: omni.hydra.engine.stats-1.0.3] startup
[2.867s] [ext: omni.graph.action_core-1.1.7] startup
[2.873s] [ext: omni.kit.widget.highlight_label-1.0.3] startup
[2.875s] [ext: omni.ujitso.processor.texture-1.0.0] startup
[2.878s] [ext: omni.index.libs-380600.1777.0] startup
[2.878s] [ext: omni.kit.window.file_importer-1.1.14] startup
[2.880s] [ext: omni.kit.stage_template.core-1.1.22] startup
[2.883s] [ext: omni.volume-0.5.0] startup
[2.895s] [ext: omni.ujitso.client-0.0.0] startup
[2.896s] [ext: omni.index-1.0.1] startup
[2.898s] [ext: omni.kit.window.file-1.3.57] startup
[2.904s] [ext: omni.hydra.rtx-1.0.0] startup
2026-06-21 03:06:06 [2,869ms] [Warning] [omni.log] Source: omni.hydra was already registered.
[2.951s] [ext: omni.kit.viewport.registry-104.0.6] startup
[2.952s] [ext: omni.kit.viewport.legacy_gizmos-1.0.16] startup
[2.956s] [ext: omni.kit.raycast.query-1.0.5] startup
[2.964s] [ext: omni.kit.viewport.scene_camera_model-1.0.5] startup
[2.971s] [ext: omni.kit.hydra_texture-1.4.0] startup
[2.977s] [ext: omni.kit.menu.utils-1.7.7] startup
[2.985s] [ext: omni.kit.window.drop_support-1.0.4] startup
[2.987s] [ext: omni.kit.widget.viewport-107.0.7] startup
[2.992s] [ext: omni.kit.material.library-1.5.15] startup
[2.999s] [ext: omni.kit.window.content_browser_registry-0.0.6] startup
[3.002s] [ext: omni.kit.viewport.window-107.0.8] startup
[3.029s] [ext: omni.graph.action_nodes-1.40.1] startup
[3.035s] [ext: omni.kit.window.property-1.11.5] startup
[3.045s] [ext: omni.kit.window.content_browser-2.10.3] startup
[3.081s] [ext: omni.kit.property.adapter.usd-1.0.2] startup
[3.090s] [ext: omni.kit.viewport.utility-1.0.18] startup
[3.100s] [ext: omni.graph.action-1.120.0] startup
[3.105s] [ext: omni.kit.property.usd-4.2.16] startup
[3.125s] [ext: omni.physx.cooking-106.5.7] startup
[3.138s] [ext: omni.kit.widget.stage_icons-1.0.6] startup
[3.140s] [ext: omni.kit.widget.zoombar-1.0.5] startup
[3.142s] [ext: omni.physics.tensors-106.5.7] startup
[3.154s] [ext: omni.kit.widget.prompt-1.0.7] startup
[3.156s] [ext: omni.kit.usd.collect-2.2.22] startup
[3.160s] [ext: omni.physx-106.5.7] startup
[3.179s] [ext: omni.kit.window.stage-2.5.11] startup
[3.185s] [ext: omni.kit.browser.core-2.3.11] startup
[3.191s] [ext: omni.kit.widget.text_editor-1.0.2] startup
[3.194s] [ext: omni.physx.tensors-106.5.7] startup
[3.203s] [ext: omni.kit.tool.collect-2.2.16] startup
[3.206s] [ext: omni.kit.menu.stage-1.2.5] startup
[3.208s] [ext: omni.kit.browser.folder.core-1.10.1] startup
[3.216s] [ext: omni.warp-1.5.0] startup
[3.224s] [ext: isaacsim.examples.browser-0.1.8] startup
[3.233s] [ext: omni.physx.stageupdate-106.5.7] startup
[3.238s] [ext: omni.kit.numpy.common-0.1.2] startup
[3.242s] [ext: isaacsim.core.version-2.0.2] startup
[3.244s] [ext: omni.isaac.dynamic_control-1.3.15] startup
2026-06-21 03:06:06 [3,202ms] [Warning] [omni.isaac.dynamic_control] omni.isaac.dynamic_control is deprecated as of Isaac Sim 4.5. No action is needed from end-users.
[3.255s] [ext: isaacsim.storage.native-1.0.6] startup
[3.259s] [ext: omni.kit.menu.create-1.0.17] startup
[3.264s] [ext: isaacsim.core.utils-2.2.8] startup
[3.269s] [ext: omni.kit.widget.searchable_combobox-1.0.6] startup
[3.273s] [ext: omni.kit.primitive.mesh-1.0.17] startup
[3.288s] [ext: isaacsim.core.simulation_manager-0.3.3] startup
[5.422s] [ext: omni.kit.scripting-106.5.2] startup
[5.431s] [ext: omni.kit.stage_templates-1.2.6] startup
[5.436s] [ext: isaacsim.core.prims-0.3.7] startup
[5.466s] [ext: isaacsim.replicator.behavior-1.0.8] startup
[5.469s] [ext: isaacsim.core.api-4.2.16] startup
[5.485s] [ext: omni.ui_query-1.1.7] startup
[5.488s] [ext: omni.kit.manipulator.viewport-107.0.1] startup
[5.491s] [ext: omni.kit.ui_test-1.3.3] startup
[5.493s] [ext: omni.kit.window.extensions-1.4.25] startup
[5.502s] [ext: omni.graph.visualization.nodes-2.1.1] startup
[5.512s] [ext: omni.kit.tool.asset_importer-2.12.2] startup
[5.533s] [ext: isaacsim.gui.components-1.0.9] startup
[5.542s] [ext: omni.kit.widget.settings-1.2.2] startup
[5.550s] [ext: omni.kit.widget.graph-1.12.17] startup
[5.557s] [ext: omni.kit.window.preferences-1.7.0] startup
[5.566s] [ext: omni.kit.graph.delegate.default-1.2.2] startup
[5.567s] [ext: omni.kit.viewport.menubar.core-107.1.2] startup
[5.586s] [ext: omni.kit.widget.material_preview-1.0.16] startup
[5.596s] [ext: omni.kit.graph.usd.commands-1.3.1] startup
[5.599s] [ext: omni.kit.graph.editor.core-1.5.3] startup
[5.603s] [ext: omni.syntheticdata-0.6.10] startup
[5.645s] [ext: omni.kit.window.material_graph-1.8.19] startup
[5.700s] [ext: omni.graph.scriptnode-1.40.1] startup
[5.705s] [ext: isaacsim.core.cloner-1.3.4] startup
[5.709s] [ext: omni.replicator.core-1.11.35] startup
2026-06-21 03:06:09 [5,797ms] [Warning] [omni.replicator.core.scripts.extension] No material configuration file, adding configuration to material settings directly.
[5.853s] [ext: omni.isaac.cloner-1.0.2] startup
2026-06-21 03:06:09 [5,806ms] [Warning] [omni.isaac.cloner] omni.isaac.cloner has been deprecated in favor of isaacsim.core.cloner. Please update your code accordingly.
[5.858s] [ext: isaacsim.core.nodes-2.1.4] startup
[5.873s] [ext: isaacsim.asset.importer.urdf-2.3.10] startup
[6.087s] [ext: omni.isaac.core-4.0.3] startup
2026-06-21 03:06:09 [6,041ms] [Warning] [omni.isaac.core.physics_context.physics_context] omni.isaac.core.physics_context.physics_context has been deprecated in favor of isaacsim.core.api.physics_context.physics_context. Please update your code accordingly.
2026-06-21 03:06:09 [6,042ms] [Warning] [omni.isaac.core.simulation_context.simulation_context] omni.isaac.core.simulation_context.simulation_context has been deprecated in favor of isaacsim.core.api.simulation_context.simulation_context. Please update your code accordingly.
2026-06-21 03:06:09 [6,043ms] [Warning] [omni.isaac.core.world.world] omni.isaac.core.world.world has been deprecated in favor of isaacsim.core.api.world.world. Please update your code accordingly.
2026-06-21 03:06:09 [6,043ms] [Warning] [omni.isaac.core] omni.isaac.core has been deprecated in favor of isaacsim.core.api. Please update your code accordingly.
[6.097s] [ext: omni.isaac.core_nodes-2.0.2] startup
2026-06-21 03:06:09 [6,048ms] [Warning] [omni.isaac.core_nodes] omni.isaac.core_nodes has been deprecated in favor of isaacsim.core.nodes. Please update your code accordingly.
[6.104s] [ext: omni.anim.curve.core-1.2.0] startup
[6.144s] [ext: isaacsim.robot_motion.lula-4.0.4] startup
[6.162s] [ext: isaacsim.asset.importer.mjcf-2.3.3] startup
[6.176s] [ext: isaacsim.robot_motion.motion_generation-8.0.6] startup
[6.196s] [ext: isaacsim.asset.browser-1.3.4] startup
[6.320s] [ext: isaacsim.robot.surface_gripper-2.0.6] startup
[6.327s] [ext: omni.kit.selection-0.1.5] startup
[6.332s] [ext: isaacsim.robot_motion.lula_test_widget-1.0.5] startup
[6.337s] [ext: omni.isaac.assets_check-0.3.9] startup
2026-06-21 03:06:09 [6,290ms] [Warning] [omni.isaac.assets_check] omni.isaac.assets_check has been deprecated in favor of isaacsim.asset.browser. Please update your code accordingly.
[6.342s] [ext: isaacsim.robot.manipulators-3.0.4] startup
[6.355s] [ext: isaacsim.sensors.physics-0.3.5] startup
[6.369s] [ext: isaacsim.gui.menu-2.0.9] startup
[6.402s] [ext: omni.isaac.lula_test_widget-1.0.2] startup
2026-06-21 03:06:09 [6,355ms] [Warning] [omni.isaac.lula_test_widget] omni.isaac.lula_test_widget has been deprecated in favor of isaacsim.robot_motion.lula_test_widget. Please update your code accordingly.
[6.406s] [ext: omni.sensors.nv.common-2.5.0-coreapi] startup
[6.427s] [ext: omni.isaac.manipulators-3.0.3] startup
2026-06-21 03:06:09 [6,376ms] [Warning] [omni.isaac.manipulators] omni.isaac.manipulators has been deprecated in favor of isaacsim.robot.manipulators. Please update your code accordingly.
2026-06-21 03:06:09 [6,377ms] [Warning] [omni.isaac.manipulators.controllers] omni.isaac.manipulators has been deprecated in favor of isaacsim.robot.manipulators. Please update your code accordingly.
2026-06-21 03:06:09 [6,377ms] [Warning] [omni.isaac.manipulators.controllers.pick_place_controller] omni.isaac.manipulators has been deprecated in favor of isaacsim.robot.manipulators. Please update your code accordingly.
2026-06-21 03:06:09 [6,378ms] [Warning] [omni.isaac.manipulators.controllers.stacking_controller] omni.isaac.manipulators has been deprecated in favor of isaacsim.robot.manipulators. Please update your code accordingly.
2026-06-21 03:06:09 [6,378ms] [Warning] [omni.isaac.manipulators.grippers] omni.isaac.manipulators has been deprecated in favor of isaacsim.robot.manipulators. Please update your code accordingly.
2026-06-21 03:06:09 [6,379ms] [Warning] [omni.isaac.manipulators.grippers.gripper] omni.isaac.manipulators has been deprecated in favor of isaacsim.robot.manipulators. Please update your code accordingly.
2026-06-21 03:06:09 [6,379ms] [Warning] [omni.isaac.manipulators.grippers.parallel_gripper] omni.isaac.manipulators has been deprecated in favor of isaacsim.robot.manipulators. Please update your code accordingly.
2026-06-21 03:06:09 [6,379ms] [Warning] [omni.isaac.manipulators.grippers.surface_gripper] omni.isaac.manipulators has been deprecated in favor of isaacsim.robot.manipulators. Please update your code accordingly.
2026-06-21 03:06:09 [6,379ms] [Warning] [omni.isaac.manipulators.manipulators] omni.isaac.manipulators has been deprecated in favor of isaacsim.robot.manipulators. Please update your code accordingly.
2026-06-21 03:06:09 [6,379ms] [Warning] [omni.isaac.manipulators.manipulators.single_manipulator] omni.isaac.manipulators has been deprecated in favor of isaacsim.robot.manipulators. Please update your code accordingly.
[6.430s] [ext: isaacsim.robot.policy.examples-4.0.3] startup
[6.436s] [ext: omni.isaac.menu-1.0.2] startup
2026-06-21 03:06:09 [6,389ms] [Warning] [omni.isaac.menu] omni.isaac.menu has been deprecated in favor of isaacsim.gui.menu. Please update your code accordingly.
[6.440s] [ext: omni.isaac.motion_generation-8.0.2] startup
2026-06-21 03:06:09 [6,393ms] [Warning] [omni.isaac.motion_generation] omni.isaac.motion_generation has been deprecated in favor of isaacsim.robot_motion.motion_generation. Please update your code accordingly.
2026-06-21 03:06:09 [6,393ms] [Warning] [omni.isaac.motion_generation.articulation_kinematics_solver] omni.isaac.motion_generation has been deprecated in favor of isaacsim.robot_motion.motion_generation. Please update your code accordingly.
2026-06-21 03:06:09 [6,396ms] [Warning] [omni.isaac.motion_generation.articulation_motion_policy] omni.isaac.motion_generation has been deprecated in favor of isaacsim.robot_motion.motion_generation. Please update your code accordingly.
2026-06-21 03:06:09 [6,397ms] [Warning] [omni.isaac.motion_generation.articulation_trajectory] omni.isaac.motion_generation has been deprecated in favor of isaacsim.robot_motion.motion_generation. Please update your code accordingly.
2026-06-21 03:06:09 [6,397ms] [Warning] [omni.isaac.motion_generation.kinematics_interface] omni.isaac.motion_generation has been deprecated in favor of isaacsim.robot_motion.motion_generation. Please update your code accordingly.
2026-06-21 03:06:09 [6,397ms] [Warning] [omni.isaac.motion_generation.lula] omni.isaac.motion_generation has been deprecated in favor of isaacsim.robot_motion.motion_generation. Please update your code accordingly.
2026-06-21 03:06:09 [6,398ms] [Warning] [omni.isaac.motion_generation.lula.kinematics] omni.isaac.motion_generation has been deprecated in favor of isaacsim.robot_motion.motion_generation. Please update your code accordingly.
2026-06-21 03:06:09 [6,398ms] [Warning] [omni.isaac.motion_generation.lula.motion_policies] omni.isaac.motion_generation has been deprecated in favor of isaacsim.robot_motion.motion_generation. Please update your code accordingly.
2026-06-21 03:06:09 [6,398ms] [Warning] [omni.isaac.motion_generation.lula.path_planners] omni.isaac.motion_generation has been deprecated in favor of isaacsim.robot_motion.motion_generation. Please update your code accordingly.
2026-06-21 03:06:09 [6,398ms] [Warning] [omni.isaac.motion_generation.lula.trajectory_generator] omni.isaac.motion_generation has been deprecated in favor of isaacsim.robot_motion.motion_generation. Please update your code accordingly.
2026-06-21 03:06:09 [6,398ms] [Warning] [omni.isaac.motion_generation.motion_policy_controller] omni.isaac.motion_generation has been deprecated in favor of isaacsim.robot_motion.motion_generation. Please update your code accordingly.
2026-06-21 03:06:09 [6,398ms] [Warning] [omni.isaac.motion_generation.motion_policy_interface] omni.isaac.motion_generation has been deprecated in favor of isaacsim.robot_motion.motion_generation. Please update your code accordingly.
2026-06-21 03:06:09 [6,398ms] [Warning] [omni.isaac.motion_generation.path_planner_visualizer] omni.isaac.motion_generation has been deprecated in favor of isaacsim.robot_motion.motion_generation. Please update your code accordingly.
2026-06-21 03:06:09 [6,399ms] [Warning] [omni.isaac.motion_generation.path_planning_interface] omni.isaac.motion_generation has been deprecated in favor of isaacsim.robot_motion.motion_generation. Please update your code accordingly.
2026-06-21 03:06:09 [6,399ms] [Warning] [omni.isaac.motion_generation.trajectory] omni.isaac.motion_generation has been deprecated in favor of isaacsim.robot_motion.motion_generation. Please update your code accordingly.
2026-06-21 03:06:09 [6,399ms] [Warning] [omni.isaac.motion_generation.world_interface] omni.isaac.motion_generation has been deprecated in favor of isaacsim.robot_motion.motion_generation. Please update your code accordingly.
[6.450s] [ext: omni.sensors.nv.materials-1.4.0-coreapi] startup
[6.456s] [ext: omni.isaac.nucleus-1.0.3] startup
2026-06-21 03:06:09 [6,406ms] [Warning] [omni.isaac.nucleus] omni.isaac.nucleus has been deprecated in favor of isaacsim.storage.native. Please update your code accordingly.
2026-06-21 03:06:09 [6,406ms] [Warning] [omni.isaac.nucleus.nucleus] omni.isaac.nucleus.nucleus has been deprecated in favor of isaacsim.storage.native. Please update your code accordingly.
[6.458s] [ext: omni.isaac.quadruped-3.0.2] startup
2026-06-21 03:06:09 [6,409ms] [Warning] [omni.isaac.quadruped] omni.isaac.quadruped has been deprecated in favor of isaacsim.robot.policy.examples. Please update your code accordingly.
[6.460s] [ext: omni.kit.manipulator.selector-1.1.1] startup
[6.465s] [ext: omni.sensors.nv.wpm-2.4.0-coreapi] startup
[6.469s] [ext: omni.sensors.nv.lidar-2.6.3-coreapi] startup
[6.479s] [ext: omni.sensors.nv.ids-1.4.0-coreapi] startup
[6.486s] [ext: isaacsim.robot.manipulators.examples-1.0.3] startup
[6.488s] [ext: isaacsim.util.debug_draw-2.0.2] startup
[6.497s] [ext: omni.sensors.tiled-0.0.6] startup
[6.501s] [ext: omni.sensors.nv.radar-2.6.1-coreapi] startup
[6.512s] [ext: omni.kit.widget.toolbar-1.7.3] startup
[6.524s] [ext: omni.kit.manipulator.transform-106.0.1] startup
[6.531s] [ext: isaacsim.sensors.physx-2.2.4] startup
[6.540s] [ext: isaacsim.sensors.rtx-13.6.3] startup
[6.552s] [ext: isaacsim.sensors.camera-0.2.9] startup
[6.569s] [ext: isaacsim.cortex.framework-1.0.2] startup
[6.574s] [ext: omni.kit.manipulator.tool.snap-1.5.12] startup
[6.602s] [ext: omni.isaac.range_sensor-4.0.2] startup
[6.606s] [ext: omni.isaac.surface_gripper-2.0.2] startup
2026-06-21 03:06:09 [6,558ms] [Warning] [omni.isaac.surface_gripper] omni.isaac.surface_gripper has been deprecated in favor of isaacsim.robot.surface_gripper. Please update your code accordingly.
[6.610s] [ext: omni.isaac.sensor-13.0.3] startup
2026-06-21 03:06:09 [6,562ms] [Warning] [omni.isaac.sensor] omni.isaac.sensor has been deprecated in favor of isaacsim.sensors.camera, isaacsim.sensors.physics, isaacsim.sensors.physx, and isaacsim.sensors.rtx. Please update your code accordingly.
2026-06-21 03:06:09 [6,562ms] [Warning] [omni.isaac.sensor.camera] omni.isaac.sensor.camera has been deprecated in favor of isaacsim.sensors.camera.camera. Please update your code accordingly.
2026-06-21 03:06:09 [6,563ms] [Warning] [omni.isaac.sensor.camera_view] omni.isaac.sensor.camera_view has been deprecated in favor of isaacsim.sensors.camera.camera_view. Please update your code accordingly.
2026-06-21 03:06:09 [6,563ms] [Warning] [omni.isaac.sensor.commands] omni.isaac.sensor.commands has been deprecated in favor of isaacsim.sensors.physics.commands, isaacsim.sensors.physx.commands, and isaacsim.sensors.rtx.commands. Please update your code accordingly.
2026-06-21 03:06:09 [6,563ms] [Warning] [omni.isaac.sensor.contact_sensor] omni.isaac.sensor.contact_sensor has been deprecated in favor of isaacsim.sensors.physics.contact_sensor. Please update your code accordingly.
2026-06-21 03:06:09 [6,563ms] [Warning] [omni.isaac.sensor.imu_sensor] omni.isaac.sensor.imu_sensor has been deprecated in favor of isaacsim.sensors.physics.imu_sensor. Please update your code accordingly.
2026-06-21 03:06:09 [6,563ms] [Warning] [omni.isaac.sensor.lidar_rtx] omni.isaac.sensor.lidar_rtx has been deprecated in favor of isaacsim.sensors.rtx.lidar_rtx. Please update your code accordingly.
2026-06-21 03:06:09 [6,563ms] [Warning] [omni.isaac.sensor.rotating_lidar_physX] omni.isaac.sensor.imu_sensor has been deprecated in favor of isaacsim.sensors.physix.rotating_lidar_physX. Please update your code accordingly.
2026-06-21 03:06:09 [6,564ms] [Warning] [omni.isaac.sensor.scripts.samples.contact_sensor] omni.isaac.sensor.scripts.samples.contact_sensor has been deprecated in favor of isaacsim.sensors.physics.scripts.samples.contact_sensor. Please update your code accordingly.
2026-06-21 03:06:09 [6,564ms] [Warning] [omni.isaac.sensor.scripts.samples.imu_sensor] omni.isaac.sensor.scripts.samples.imu_sensor has been deprecated in favor of isaacsim.sensors.physics.scripts.samples.imu_sensor. Please update your code accordingly.
2026-06-21 03:06:09 [6,564ms] [Warning] [omni.isaac.sensor.scripts.samples.lightbeam_sensor] omni.isaac.sensor.scripts.samples.lightbeam_sensor has been deprecated in favor of isaacsim.sensors.physx.scripts.samples.lightbeam_sensor. Please update your code accordingly.
[6.616s] [ext: omni.isaac.cortex-1.0.2] startup
2026-06-21 03:06:09 [6,569ms] [Warning] [omni.isaac.cortex] omni.isaac.cortex has been deprecated in favor of isaacsim.cortex.framework. Please update your code accordingly.
[6.621s] [ext: omni.kit.viewport.manipulator.transform-107.0.4] startup
[6.637s] [ext: omni.debugdraw-0.1.3] startup
[6.643s] [ext: omni.isaac.universal_robots-1.0.2] startup
2026-06-21 03:06:09 [6,594ms] [Warning] [omni.isaac.universal_robots] omni.isaac.universal_robots has been deprecated in favor of isaacsim.robot.manipulators.examples.universal_robots. Please update your code accordingly.
2026-06-21 03:06:09 [6,594ms] [Warning] [omni.isaac.universal_robots.kinematics_solver] omni.isaac.franka has been deprecated in favor of isaacsim.robot.manipulators.examples.universal_robots. Please update your code accordingly.
2026-06-21 03:06:09 [6,595ms] [Warning] [omni.isaac.universal_robots.ur10] omni.isaac.franka has been deprecated in favor of isaacsim.robot.manipulators.examples.universal_robots. Please update your code accordingly.
[6.646s] [ext: omni.isaac.utils-2.0.2] startup
[6.651s] [ext: omni.kit.manipulator.prim.core-107.0.7] startup
[6.661s] [ext: omni.fabric.commands-1.1.5] startup
[6.666s] [ext: omni.kit.manipulator.selection-106.0.1] startup
[6.670s] [ext: omni.kit.viewport.actions-107.0.0] startup
[6.677s] [ext: omni.kit.manipulator.prim.usd-107.0.3] startup
[6.680s] [ext: omni.kit.manipulator.prim.fabric-107.0.4] startup
[6.684s] [ext: isaacsim.cortex.behaviors-2.0.3] startup
[6.686s] [ext: omni.kit.widget.layers-1.8.2] startup
[6.707s] [ext: omni.kit.viewport.menubar.display-107.0.3] startup
[6.711s] [ext: omni.kit.manipulator.prim-107.0.0] startup
[6.713s] [ext: omni.isaac.cortex.sample_behaviors-2.0.2] startup
2026-06-21 03:06:09 [6,663ms] [Warning] [omni.isaac.cortex.sample_behaviors] omni.isaac.cortex.sample_behaviors has been deprecated in favor of isaacsim.cortex.behaviors. Please update your code accordingly.
[6.714s] [ext: omni.graph.ui_nodes-1.40.1] startup
[6.722s] [ext: omni.usdphysics.ui-106.5.7] startup
[6.769s] [ext: omni.physx.commands-106.5.7] startup
[6.776s] [ext: omni.kit.property.camera-1.0.9] startup
[6.779s] [ext: omni.hydra.scene_api-0.1.2] startup
[6.786s] [ext: omni.kit.property.geometry-1.3.3] startup
[6.792s] [ext: omni.kit.property.light-1.0.11] startup
[6.797s] [ext: omni.physx.ui-106.5.7] startup
[6.842s] [ext: omni.kit.property.material-1.10.17] startup
[6.853s] [ext: omni.kit.property.render-1.1.3] startup
[6.856s] [ext: omni.kit.property.transform-1.5.10] startup
[6.862s] [ext: omni.kit.property.audio-1.0.16] startup
[6.866s] [ext: isaacsim.gui.property-1.0.4] startup
[6.869s] [ext: omni.physx.demos-106.5.7] startup
[6.897s] [ext: omni.kit.property.physx-106.5.7] startup
[6.976s] [ext: omni.isaac.lula-4.0.2] startup
2026-06-21 03:06:10 [6,929ms] [Warning] [omni.isaac.lula] omni.isaac.lula has been deprecated in favor of isaacsim.robot_motion.lula. Please update your code accordingly.
[6.981s] [ext: omni.kit.property.bundle-1.3.2] startup
[6.984s] [ext: omni.kit.property.isaac-1.0.2] startup
2026-06-21 03:06:10 [6,936ms] [Warning] [omni.kit.property.isaac] omni.kit.property.isaac has been deprecated in favor of isaacsim.gui.property. Please update your code accordingly.
2026-06-21 03:06:10 [6,936ms] [Warning] [omni.kit.property.isaac.widgets] omni.kit.property.isaac.widgets has been deprecated in favor of isaacsim.gui.property.widgets. Please update your code accordingly.
[6.988s] [ext: omni.physx.vehicle-106.5.7] startup
[7.017s] [ext: omni.kit.viewport.menubar.camera-107.0.2] startup
[7.028s] [ext: omni.kit.viewport.menubar.lighting-106.0.2] startup
[7.034s] [ext: omni.kit.viewport.menubar.render-107.0.8] startup
[7.039s] [ext: omni.kit.viewport.menubar.settings-107.0.3] startup
[7.045s] [ext: omni.kit.window.console-0.2.14] startup
[7.062s] [ext: omni.physx.camera-106.5.7] startup
[7.079s] [ext: omni.kit.window.toolbar-1.6.2] startup
[7.087s] [ext: omni.isaac.version-2.0.2] startup
2026-06-21 03:06:10 [7,038ms] [Warning] [omni.isaac.version] omni.isaac.version has been deprecated in favor of isaacsim.core.version. Please update your code accordingly.
[7.089s] [ext: isaacsim.robot.wheeled_robots-4.0.3] startup
[7.098s] [ext: omni.physx.cct-106.5.7] startup
[7.122s] [ext: omni.physx.graph-106.5.7] startup
[7.166s] [ext: isaacsim.replicator.writers-1.0.1] startup
[7.221s] [ext: omni.physx.supportui-106.5.7] startup
[7.262s] [ext: omni.physx.telemetry-106.5.7] startup
[7.269s] [ext: omni.isaac.wheeled_robots-3.0.3] startup
2026-06-21 03:06:10 [7,221ms] [Warning] [omni.isaac.wheeled_robots] omni.isaac.wheeled_robots has been deprecated in favor of isaacsim.robot.wheeled_robots. Please update your code accordingly.
2026-06-21 03:06:10 [7,221ms] [Warning] [omni.isaac.wheeled_robots.controllers] omni.isaac.wheeled_robots has been deprecated in favor of isaacsim.robot.wheeled_robots. Please update your code accordingly.
2026-06-21 03:06:10 [7,221ms] [Warning] [omni.isaac.wheeled_robots.controllers.ackermann_controller] omni.isaac.wheeled_robots has been deprecated in favor of isaacsim.robot.wheeled_robots. Please update your code accordingly.
2026-06-21 03:06:10 [7,221ms] [Warning] [omni.isaac.wheeled_robots.controllers.differential_controller] omni.isaac.wheeled_robots has been deprecated in favor of isaacsim.robot.wheeled_robots. Please update your code accordingly.
2026-06-21 03:06:10 [7,221ms] [Warning] [omni.isaac.wheeled_robots.controllers.holonomic_controller] omni.isaac.wheeled_robots has been deprecated in favor of isaacsim.robot.wheeled_robots. Please update your code accordingly.
2026-06-21 03:06:10 [7,222ms] [Warning] [omni.isaac.wheeled_robots.controllers.quintic_path_planner] omni.isaac.wheeled_robots has been deprecated in favor of isaacsim.robot.wheeled_robots. Please update your code accordingly.
2026-06-21 03:06:10 [7,222ms] [Warning] [omni.isaac.wheeled_robots.controllers.stanley_control] omni.isaac.wheeled_robots has been deprecated in favor of isaacsim.robot.wheeled_robots. Please update your code accordingly.
2026-06-21 03:06:10 [7,222ms] [Warning] [omni.isaac.wheeled_robots.controllers.wheel_base_pose_controller] omni.isaac.wheeled_robots has been deprecated in favor of isaacsim.robot.wheeled_robots. Please update your code accordingly.
2026-06-21 03:06:10 [7,222ms] [Warning] [omni.isaac.wheeled_robots.impl] omni.isaac.wheeled_robots has been deprecated in favor of isaacsim.robot.wheeled_robots. Please update your code accordingly.
2026-06-21 03:06:10 [7,222ms] [Warning] [omni.isaac.wheeled_robots.robots] omni.isaac.wheeled_robots has been deprecated in favor of isaacsim.robot.wheeled_robots. Please update your code accordingly.
2026-06-21 03:06:10 [7,222ms] [Warning] [omni.isaac.wheeled_robots.robots.holonomic_robot_usd_setup] omni.isaac.wheeled_robots has been deprecated in favor of isaacsim.robot.wheeled_robots. Please update your code accordingly.
2026-06-21 03:06:10 [7,222ms] [Warning] [omni.isaac.wheeled_robots.robots.wheeled_robot] omni.isaac.wheeled_robots has been deprecated in favor of isaacsim.robot.wheeled_robots. Please update your code accordingly.
[7.274s] [ext: omni.isaac.franka-1.0.2] startup
2026-06-21 03:06:10 [7,223ms] [Warning] [omni.isaac.franka] omni.isaac.franka has been deprecated in favor of isaacsim.robot.manipulators.examples.franka. Please update your code accordingly.
2026-06-21 03:06:10 [7,227ms] [Warning] [omni.isaac.franka.franka] omni.isaac.franka has been deprecated in favor of isaacsim.robot.manipulators.examples.franka. Please update your code accordingly.
2026-06-21 03:06:10 [7,228ms] [Warning] [omni.isaac.franka.kinematics_solver] omni.isaac.franka has been deprecated in favor of isaacsim.robot.manipulators.examples.franka. Please update your code accordingly.
[7.279s] [ext: isaacsim.replicator.domain_randomization-1.0.2] startup
[7.286s] [ext: isaacsim.replicator.examples-1.1.2] startup
[7.291s] [ext: omni.kit.window.status_bar-0.1.7] startup
[7.306s] [ext: omni.rtx.window.settings-0.6.17] startup
[7.331s] [ext: omni.usd.metrics.assembler-106.5.0] startup
[7.345s] [ext: omni.physx.bundle-106.5.7] startup
[7.346s] [ext: isaacsim.app.about-2.0.7] startup
[7.347s] [ext: omni.replicator.isaac-2.0.3] startup
2026-06-21 03:06:10 [7,298ms] [Warning] [omni.replicator.isaac] omni.replicator.isaac has been deprecated in favor of isaacsim.replicator.domain_randomization, isaacsim.replicator.examples, isaacsim.replicator.writers. Please update your code accordingly.
[7.350s] [ext: omni.replicator.replicator_yaml-2.0.10] startup
[7.379s] [ext: omni.rtx.settings.core-0.6.3] startup
[7.389s] [ext: omni.usd.metrics.assembler.ui-106.5.0] startup
[7.400s] [ext: isaacsim.simulation_app-2.4.2] startup
[7.402s] [ext: omni.isaac.window.about-2.0.2] startup
2026-06-21 03:06:10 [7,353ms] [Warning] [omni.isaac.window.about] omni.isaac.window.about has been deprecated in favor of isaacsim.app.about. Please update your code accordingly.
2026-06-21 03:06:10 [7,353ms] [Warning] [omni.isaac.window.about.about] omni.isaac.window.about.about has been deprecated in favor of isaacsim.app.about.about. Please update your code accordingly.
[7.404s] [ext: semantics.schema.editor-0.3.10] startup
[7.409s] [ext: omni.kit.ui.actions-1.0.2] startup
[7.412s] [ext: semantics.schema.property-1.0.5] startup
[7.414s] [ext: omni.kit.manipulator.camera-106.0.3] startup
[7.421s] [ext: omni.isaac.kit-2.0.3] startup
2026-06-21 03:06:10 [7,371ms] [Warning] [omni.isaac.kit] omni.isaac.kit has been deprecated in favor of isaacsim.simulation_app. Please update your code accordingly.
[7.422s] [ext: omni.isaac.asset_browser-1.0.2] startup
2026-06-21 03:06:10 [7,373ms] [Warning] [omni.isaac.asset_browser] omni.isaac.asset_browser has been deprecated in favor of isaacsim.asset.browser. Please update your code accordingly.
[7.424s] [ext: isaacsim.core.throttling-2.0.2] startup
[7.427s] [ext: omni.kit.menu.common-1.1.9] startup
[7.431s] [ext: isaacsim.exp.base-4.5.0] startup
[7.432s] [ext: isaacsim.exp.base.python-4.5.0] startup
[7.435s] Simulation App Starting
2026-06-21 03:06:11 [8,025ms] [Warning] [rtx.scenedb.plugin] SceneDbContext : TLAS limit buffer size 7374781440
2026-06-21 03:06:11 [8,025ms] [Warning] [rtx.scenedb.plugin] SceneDbContext : TLAS limit : valid false, within: false
2026-06-21 03:06:11 [8,025ms] [Warning] [rtx.scenedb.plugin] SceneDbContext : TLAS limit : decrement: 167690, decrement size: 7301033856
2026-06-21 03:06:11 [8,025ms] [Warning] [rtx.scenedb.plugin] SceneDbContext : New limit 9748724 (slope: 439, intercept: 13179904)
2026-06-21 03:06:11 [8,025ms] [Warning] [rtx.scenedb.plugin] SceneDbContext : TLAS limit buffer size 4287352704
2026-06-21 03:06:11 [8,025ms] [Warning] [rtx.scenedb.plugin] SceneDbContext : TLAS limit : valid true, within: true
[8.182s] app ready
Starting kit application with the following args:  ['/srv/data/users/raditya/isaacsim/env_isaacsim/lib/python3.10/site-packages/isaacsim/exts/isaacsim.simulation_app/isaacsim/simulation_app/simulation_app.py', '/srv/data/users/raditya/isaacsim/env_isaacsim/lib/python3.10/site-packages/isaacsim/apps/isaacsim.exp.base.python.kit', '--/app/tokens/exe-path=/srv/data/users/raditya/isaacsim/env_isaacsim/lib/python3.10/site-packages/omni', '--/persistent/app/viewport/displayOptions=3094', '--/rtx/materialDb/syncLoads=True', '--/rtx/hydra/materialSyncLoads=True', '--/omni.kit.plugin/syncUsdLoads=True', '--/app/renderer/resolution/width=1280', '--/app/renderer/resolution/height=720', '--/app/window/width=1440', '--/app/window/height=900', '--/renderer/multiGpu/enabled=True', '--/app/fastShutdown=True', '--/app/installSignalHandlers=0', '--ext-folder', '/srv/data/users/raditya/isaacsim/env_isaacsim/lib/python3.10/site-packages/isaacsim/exts', '--ext-folder', '/srv/data/users/raditya/isaacsim/env_isaacsim/lib/python3.10/site-packages/isaacsim/apps', '--/physics/cudaDevice=0', '--portable']
Passing the following args to the base kit application:  []
Warp 1.5.0 initialized:
   CUDA Toolkit 11.8, Driver 12.6
   Devices:
     "cpu"      : "x86_64"
     "cuda:0"   : "NVIDIA RTX A6000" (47 GiB, sm_86, mempool enabled)
   Kernel cache:
     /srv/data/users/raditya/.cache/warp/1.5.0
>>> viewer running; open noVNC to watch. Ctrl-C to stop.
