  seed 36 R10 sampel 1/3
    [0] retract g1 @rot +0: CLEAR
    [1] traverse g1 (0.000, +0) -> (0.900, +0): CLEAR min 380.0 mm (lengan 498.9, SS 380.0, n 91) ('t1_platform_link_0', 't2_platform_link_0')
    [1] traverse g1 vs lingkungan: CLEAR min 88.6 mm (t1_a1_right_finger_dist_link_0)
[INFO] [1791419537.704721857] [reach_dwell_probe]: torsi RNEA+offset(per-aktuator) vs rating: 1=0.02->6.62/10, 2=2.54->10.24/14, 3=2.43->9.03/10, 4=0.42->2.40/7, 5=0.07->2.05/7, 6=0.00->1.98/7  (terketat t1_a1_joint_3 90 %)
[INFO] [1791419568.141212423] [reach_dwell_probe]: jarak antar-lengan minimum sepanjang rencana: 552.5 mm di titik 81 (t1_a1_arm_link_0 <-> t1_a2_arm_link_0) -> CLEAR
[INFO] [1791419579.373073144] [reach_dwell_probe]: jarak ke peta lingkungan minimum: 88.5 mm di titik 1 (t1_a1_right_finger_dist_link_0) -> CLEAR
    [2] task t4 arm_1 -> [1.3571, 0.3882, 1.24] @(0.900, +0): PLANNED (41.9 s)
    [3] retract g1 ['arm_1'] lurus (rel 0.900):
    [3]   penyaring se-gantry: CLEAR, minimum 552.5 mm di titik 24/60 (t1_a1_arm_link_0 <-> t1_a2_arm_link_0)
    [3]   penyaring antar-gantry: CLEAR, minimum 509.7 mm di titik 0/60 (t1_a2_right_finger_prox_link_0 <-> t2_a1_right_finger_prox_link_0)
    [3]   penyaring lingkungan: CLEAR, minimum 88.5 mm di titik 57/60 (t1_a1_right_finger_dist_link_0)
    [3] retract g1 @rot +0: CLEAR (lurus)
    [4] traverse g1 (0.900, +0) -> (1.350, +0): CLEAR min 509.7 mm (lengan 509.7, SS 584.0, n 47) ('t1_a2_right_finger_prox_link_0', 't2_a1_right_finger_prox_link_0')
    [4] traverse g1 vs lingkungan: CLEAR min 86.6 mm (t1_a1_right_finger_dist_link_0)
[INFO] [1791419595.454801932] [reach_dwell_probe]: torsi RNEA+offset(per-aktuator) vs rating: 1=0.00->6.60/10, 2=0.49->8.19/14, 3=2.08->8.68/10, 4=0.35->2.33/7, 5=0.06->2.04/7, 6=0.00->1.98/7  (terketat t1_a1_joint_3 87 %)
[INFO] [1791419620.515811244] [reach_dwell_probe]: jarak antar-lengan minimum sepanjang rencana: 566.6 mm di titik 127 (t1_a1_forearm_link_0 <-> t1_a2_arm_link_0) -> CLEAR
[INFO] [1791419628.045221368] [reach_dwell_probe]: jarak ke peta lingkungan minimum: 154.0 mm di titik 0 (t1_a1_right_finger_dist_link_0) -> CLEAR
    [5] task t3 arm_1 -> [1.8571, 0.3176, 1.08] @(1.350, +0): PLANNED (32.7 s)
    [6] retract g2 @rot +0: CLEAR
    [7] traverse g2 (0.000, +0) -> (0.600, -10): CLEAR min 498.9 mm (lengan 498.9, SS 522.4, n 671) ('t1_a2_right_finger_prox_link_0', 't2_a1_right_finger_prox_link_0')
    [7] traverse g2 vs lingkungan: CLEAR min 127.6 mm (t2_a1_left_finger_prox_link_0)
[INFO] [1791419665.542573420] [reach_dwell_probe]: torsi RNEA+offset(per-aktuator) vs rating: 1=0.01->6.61/10, 2=4.12->11.82/14, 3=0.38->6.98/10, 4=0.09->2.07/7, 5=0.06->2.04/7, 6=0.00->1.98/7  (terketat t2_a1_joint_2 84 %)
[INFO] [1791419679.682554608] [reach_dwell_probe]: jarak antar-lengan minimum sepanjang rencana: 490.9 mm di titik 52 (t2_a1_upper_wrist_link_0 <-> t2_a2_upper_wrist_link_0) -> CLEAR
[INFO] [1791419683.505761502] [reach_dwell_probe]: jarak ke peta lingkungan minimum: 105.5 mm di titik 27 (t2_a1_left_finger_prox_link_0) -> CLEAR
    [8] task t0 arm_3 -> [0.7857, -0.4588, 1.0] @(0.600, -10): PLANNED (18.1 s)
[INFO] [1791419683.603123809] [reach_dwell_probe]: torsi RNEA+offset(per-aktuator) vs rating: 1=0.03->6.63/10, 2=5.08->12.78/14, 3=1.00->7.60/10, 4=0.14->2.12/7, 5=0.06->2.04/7, 6=0.00->1.98/7  (terketat t2_a2_joint_2 91 %)
[INFO] [1791419711.118568424] [reach_dwell_probe]: jarak antar-lengan minimum sepanjang rencana: 356.6 mm di titik 125 (t2_a1_arm_link_0 <-> t2_a2_forearm_link_0) -> CLEAR
[INFO] [1791419719.188351946] [reach_dwell_probe]: jarak ke peta lingkungan minimum: 116.7 mm di titik 0 (t2_a1_right_finger_dist_link_0) -> CLEAR
    [9] task t1 arm_4 -> [0.3571, -0.3176, 1.08] @(0.600, -10): PLANNED (35.7 s)
[INFO] [1791419720.525991063] [reach_dwell_probe]: torsi RNEA+offset(per-aktuator) vs rating: 1=0.04->6.64/10, 2=4.20->11.90/14, 3=0.94->7.54/10, 4=0.19->2.17/7, 5=0.10->2.08/7, 6=0.00->1.98/7  (terketat t2_a1_joint_2 85 %)
[INFO] [1791419742.510890391] [reach_dwell_probe]: jarak antar-lengan minimum sepanjang rencana: 356.6 mm di titik 0 (t2_a1_arm_link_0 <-> t2_a2_forearm_link_0) -> CLEAR
[INFO] [1791419749.066558356] [reach_dwell_probe]: jarak ke peta lingkungan minimum: 61.4 mm di titik 89 (t2_a1_left_finger_prox_link_0) -> CLEAR
    [10] task t5 arm_3 -> [0.9286, -0.4588, 1.0] @(0.600, -10): PLANNED (29.9 s)
    [11] retract g2 ['arm_3', 'arm_4'] lurus (rel 0.600):
    [11]   penyaring se-gantry: CLEAR, minimum 445.0 mm di titik 0/60 (t2_a1_arm_link_0 <-> t2_a2_forearm_link_0)
    [11]   penyaring antar-gantry: CLEAR, minimum 569.6 mm di titik 59/60 (t1_a2_right_finger_prox_link_0 <-> t2_a1_right_finger_prox_link_0)
    [11]   penyaring lingkungan: CLEAR, minimum 61.5 mm di titik 0/60 (t2_a1_left_finger_prox_link_0)
    [11] retract g2 @rot -10: CLEAR (lurus)
    [12] traverse g2 (0.600, -10) -> (1.450, +0): CLEAR min 380.0 mm (lengan 460.5, SS 380.0, n 946) ('t1_platform_link_0', 't2_platform_link_0')
    [12] traverse g2 vs lingkungan: CLEAR min 69.4 mm (t2_a2_right_finger_prox_link_0)
[INFO] [1791419828.311482571] [reach_dwell_probe]: torsi RNEA+offset(per-aktuator) vs rating: 1=0.02->6.62/10, 2=5.18->12.88/14, 3=1.66->8.26/10, 4=0.29->2.27/7, 5=0.09->2.07/7, 6=0.00->1.98/7  (terketat t2_a1_joint_2 92 %)
[INFO] [1791419855.137315265] [reach_dwell_probe]: jarak antar-lengan minimum sepanjang rencana: 449.2 mm di titik 125 (t1_a1_upper_wrist_link_0 <-> t2_a1_arm_link_0) -> CLEAR
[INFO] [1791419864.939991903] [reach_dwell_probe]: jarak ke peta lingkungan minimum: 101.1 mm di titik 116 (t2_a1_right_finger_prox_link_0) -> CLEAR
    [13] task t2 arm_3 -> [1.9286, -0.3176, 1.16] @(1.450, +0): PLANNED (36.8 s)
  seed 36 R10 sampel 2/3
    [0] retract g1 @rot +0: CLEAR
    [1] traverse g1 (0.000, +0) -> (0.900, +0): CLEAR min 380.0 mm (lengan 498.9, SS 380.0, n 91) ('t1_platform_link_0', 't2_platform_link_0')
    [1] traverse g1 vs lingkungan: CLEAR min 88.6 mm (t1_a1_right_finger_dist_link_0)
[INFO] [1791419868.845400913] [reach_dwell_probe]: torsi RNEA+offset(per-aktuator) vs rating: 1=0.04->6.64/10, 2=5.03->12.73/14, 3=2.11->8.71/10, 4=0.36->2.34/7, 5=0.10->2.08/7, 6=0.00->1.98/7  (terketat t1_a1_joint_2 91 %)
[INFO] [1791419895.281094380] [reach_dwell_probe]: jarak antar-lengan minimum sepanjang rencana: 622.7 mm di titik 0 (t1_a1_arm_link_0 <-> t1_a2_arm_link_0) -> CLEAR
[INFO] [1791419901.530998027] [reach_dwell_probe]: jarak ke peta lingkungan minimum: 86.6 mm di titik 6 (t1_a1_right_finger_dist_link_0) -> CLEAR
    [2] task t4 arm_1 -> [1.3571, 0.3882, 1.24] @(0.900, +0): PLANNED (32.8 s)
    [3] retract g1 ['arm_1'] lurus (rel 0.900):
    [3]   penyaring se-gantry: CLEAR, minimum 622.7 mm di titik 59/60 (t1_a1_arm_link_0 <-> t1_a2_arm_link_0)
    [3]   penyaring antar-gantry: CLEAR, minimum 509.7 mm di titik 0/60 (t1_a2_right_finger_prox_link_0 <-> t2_a1_right_finger_prox_link_0)
    [3]   penyaring lingkungan: CLEAR, minimum 86.6 mm di titik 52/60 (t1_a1_right_finger_dist_link_0)
    [3] retract g1 @rot +0: CLEAR (lurus)
    [4] traverse g1 (0.900, +0) -> (1.350, +0): CLEAR min 509.7 mm (lengan 509.7, SS 584.0, n 47) ('t1_a2_right_finger_prox_link_0', 't2_a1_right_finger_prox_link_0')
    [4] traverse g1 vs lingkungan: CLEAR min 86.6 mm (t1_a1_right_finger_dist_link_0)
[INFO] [1791419918.845411217] [reach_dwell_probe]: torsi RNEA+offset(per-aktuator) vs rating: 1=0.05->6.65/10, 2=4.44->12.14/14, 3=1.25->7.85/10, 4=0.20->2.18/7, 5=0.05->2.03/7, 6=0.00->1.98/7  (terketat t1_a1_joint_2 87 %)
[INFO] [1791419945.782459646] [reach_dwell_probe]: jarak antar-lengan minimum sepanjang rencana: 583.4 mm di titik 34 (t1_a1_arm_link_0 <-> t1_a2_arm_link_0) -> CLEAR
[INFO] [1791419953.710278634] [reach_dwell_probe]: jarak ke peta lingkungan minimum: 154.0 mm di titik 0 (t1_a1_right_finger_dist_link_0) -> CLEAR
    [5] task t3 arm_1 -> [1.8571, 0.3176, 1.08] @(1.350, +0): PLANNED (35.1 s)
    [6] retract g2 @rot +0: CLEAR
    [7] traverse g2 (0.000, +0) -> (0.600, -10): CLEAR min 498.9 mm (lengan 498.9, SS 522.4, n 671) ('t1_a2_right_finger_prox_link_0', 't2_a1_right_finger_prox_link_0')
    [7] traverse g2 vs lingkungan: CLEAR min 127.6 mm (t2_a1_left_finger_prox_link_0)
[INFO] [1791419996.996041113] [reach_dwell_probe]: torsi RNEA+offset(per-aktuator) vs rating: 1=0.02->6.62/10, 2=4.05->11.75/14, 3=0.38->6.98/10, 4=0.08->2.06/7, 5=0.06->2.04/7, 6=0.00->1.98/7  (terketat t2_a1_joint_2 84 %)
[INFO] [1791420006.770328817] [reach_dwell_probe]: jarak antar-lengan minimum sepanjang rencana: 490.8 mm di titik 46 (t2_a1_upper_wrist_link_0 <-> t2_a2_upper_wrist_link_0) -> CLEAR
[INFO] [1791420010.739210382] [reach_dwell_probe]: jarak ke peta lingkungan minimum: 104.7 mm di titik 24 (t2_a1_left_finger_prox_link_0) -> CLEAR
    [8] task t0 arm_3 -> [0.7857, -0.4588, 1.0] @(0.600, -10): PLANNED (13.9 s)
[INFO] [1791420010.874172989] [reach_dwell_probe]: torsi RNEA+offset(per-aktuator) vs rating: 1=0.02->6.62/10, 2=5.02->12.72/14, 3=1.03->7.63/10, 4=0.15->2.13/7, 5=0.05->2.03/7, 6=0.00->1.98/7  (terketat t2_a2_joint_2 91 %)
[INFO] [1791420038.815953915] [reach_dwell_probe]: jarak antar-lengan minimum sepanjang rencana: 357.9 mm di titik 129 (t2_a1_arm_link_0 <-> t2_a2_forearm_link_0) -> CLEAR
[INFO] [1791420048.233581278] [reach_dwell_probe]: jarak ke peta lingkungan minimum: 119.6 mm di titik 0 (t2_a1_right_finger_dist_link_0) -> CLEAR
    [9] task t1 arm_4 -> [0.3571, -0.3176, 1.08] @(0.600, -10): PLANNED (37.5 s)
[INFO] [1791420048.719710840] [reach_dwell_probe]: torsi RNEA+offset(per-aktuator) vs rating: 1=0.05->6.65/10, 2=4.13->11.83/14, 3=1.22->7.82/10, 4=0.19->2.17/7, 5=0.06->2.04/7, 6=0.00->1.98/7  (terketat t2_a1_joint_2 85 %)
[INFO] [1791420066.546831948] [reach_dwell_probe]: jarak antar-lengan minimum sepanjang rencana: 357.9 mm di titik 0 (t2_a1_arm_link_0 <-> t2_a2_forearm_link_0) -> CLEAR
[INFO] [1791420073.480838981] [reach_dwell_probe]: jarak ke peta lingkungan minimum: 63.5 mm di titik 81 (t2_a1_right_finger_prox_link_0) -> CLEAR
    [10] task t5 arm_3 -> [0.9286, -0.4588, 1.0] @(0.600, -10): PLANNED (25.2 s)
    [11] retract g2 ['arm_3', 'arm_4'] lurus (rel 0.600):
    [11]   penyaring se-gantry: CLEAR, minimum 455.4 mm di titik 0/60 (t2_a1_arm_link_0 <-> t2_a2_forearm_link_0)
    [11]   penyaring antar-gantry: CLEAR, minimum 569.6 mm di titik 59/60 (t1_a2_right_finger_prox_link_0 <-> t2_a1_right_finger_prox_link_0)
    [11]   penyaring lingkungan: CLEAR, minimum 58.3 mm di titik 13/60 (t2_a1_right_finger_prox_link_0)
    [11] retract g2 @rot -10: CLEAR (lurus)
    [12] traverse g2 (0.600, -10) -> (1.450, +0): CLEAR min 380.0 mm (lengan 423.7, SS 380.0, n 946) ('t1_platform_link_0', 't2_platform_link_0')
    [12] traverse g2 vs lingkungan: CLEAR min 69.4 mm (t2_a2_right_finger_prox_link_0)
[INFO] [1791420161.227702274] [reach_dwell_probe]: torsi RNEA+offset(per-aktuator) vs rating: 1=0.10->6.70/10, 2=2.84->10.54/14, 3=2.12->8.72/10, 4=0.37->2.35/7, 5=0.06->2.04/7, 6=0.00->1.98/7  (terketat t2_a1_joint_3 87 %)
[INFO] [1791420180.952985619] [reach_dwell_probe]: jarak antar-lengan minimum sepanjang rencana: 409.4 mm di titik 20 (t1_a1_arm_link_0 <-> t2_a1_arm_link_0) -> CLEAR
[INFO] [1791420188.932638281] [reach_dwell_probe]: jarak ke peta lingkungan minimum: 98.7 mm di titik 82 (t2_a1_right_finger_prox_link_0) -> CLEAR
    [13] task t2 arm_3 -> [1.9286, -0.3176, 1.16] @(1.450, +0): PLANNED (27.8 s)
  seed 36 R10 sampel 3/3
    [0] retract g1 @rot +0: CLEAR
    [1] traverse g1 (0.000, +0) -> (0.900, +0): CLEAR min 380.0 mm (lengan 498.9, SS 380.0, n 91) ('t1_platform_link_0', 't2_platform_link_0')
    [1] traverse g1 vs lingkungan: CLEAR min 88.6 mm (t1_a1_right_finger_dist_link_0)
[INFO] [1791420192.826660310] [reach_dwell_probe]: torsi RNEA+offset(per-aktuator) vs rating: 1=0.10->6.70/10, 2=4.61->12.31/14, 3=2.18->8.78/10, 4=0.36->2.34/7, 5=0.06->2.04/7, 6=0.00->1.98/7  (terketat t1_a1_joint_2 88 %)
[INFO] [1791420216.289474535] [reach_dwell_probe]: jarak antar-lengan minimum sepanjang rencana: 578.4 mm di titik 29 (t1_a1_arm_link_0 <-> t1_a2_arm_link_0) -> CLEAR
[INFO] [1791420222.952797944] [reach_dwell_probe]: jarak ke peta lingkungan minimum: 88.6 mm di titik 0 (t1_a1_right_finger_dist_link_0) -> CLEAR
    [2] task t4 arm_1 -> [1.3571, 0.3882, 1.24] @(0.900, +0): PLANNED (30.3 s)
    [3] retract g1 ['arm_1'] lurus (rel 0.900):
    [3]   penyaring se-gantry: CLEAR, minimum 578.4 mm di titik 40/60 (t1_a1_arm_link_0 <-> t1_a2_arm_link_0)
    [3]   penyaring antar-gantry: CLEAR, minimum 509.7 mm di titik 0/60 (t1_a2_right_finger_prox_link_0 <-> t2_a1_right_finger_prox_link_0)
    [3]   penyaring lingkungan: CLEAR, minimum 88.6 mm di titik 59/60 (t1_a1_right_finger_dist_link_0)
    [3] retract g1 @rot +0: CLEAR (lurus)
    [4] traverse g1 (0.900, +0) -> (1.350, +0): CLEAR min 509.7 mm (lengan 509.7, SS 584.0, n 47) ('t1_a2_right_finger_prox_link_0', 't2_a1_right_finger_prox_link_0')
    [4] traverse g1 vs lingkungan: CLEAR min 86.6 mm (t1_a1_right_finger_dist_link_0)
[INFO] [1791420239.031848251] [reach_dwell_probe]: torsi RNEA+offset(per-aktuator) vs rating: 1=0.05->6.65/10, 2=0.49->8.19/14, 3=2.22->8.82/10, 4=0.34->2.32/7, 5=0.06->2.04/7, 6=0.00->1.98/7  (terketat t1_a1_joint_3 88 %)
[INFO] [1791420251.704101910] [reach_dwell_probe]: jarak antar-lengan minimum sepanjang rencana: 605.0 mm di titik 38 (t1_a1_forearm_link_0 <-> t1_a2_arm_link_0) -> CLEAR
[INFO] [1791420255.867253947] [reach_dwell_probe]: jarak ke peta lingkungan minimum: 153.7 mm di titik 3 (t1_a1_right_finger_dist_link_0) -> CLEAR
    [5] task t3 arm_1 -> [1.8571, 0.3176, 1.08] @(1.350, +0): PLANNED (16.9 s)
    [6] retract g2 @rot +0: CLEAR
    [7] traverse g2 (0.000, +0) -> (0.600, -10): CLEAR min 498.9 mm (lengan 498.9, SS 522.4, n 671) ('t1_a2_right_finger_prox_link_0', 't2_a1_right_finger_prox_link_0')
    [7] traverse g2 vs lingkungan: CLEAR min 127.6 mm (t2_a1_left_finger_prox_link_0)
[INFO] [1791420298.324818850] [reach_dwell_probe]: torsi RNEA+offset(per-aktuator) vs rating: 1=0.02->6.62/10, 2=3.01->10.71/14, 3=1.31->7.91/10, 4=0.23->2.21/7, 5=0.08->2.06/7, 6=0.00->1.98/7  (terketat t2_a1_joint_3 79 %)
[INFO] [1791420326.301795726] [reach_dwell_probe]: jarak antar-lengan minimum sepanjang rencana: 487.1 mm di titik 125 (t2_a1_lower_wrist_link_0 <-> t2_a2_upper_wrist_link_0) -> CLEAR
[INFO] [1791420335.127133548] [reach_dwell_probe]: jarak ke peta lingkungan minimum: 101.7 mm di titik 32 (t2_a1_left_finger_prox_link_0) -> CLEAR
    [8] task t0 arm_3 -> [0.7857, -0.4588, 1.0] @(0.600, -10): PLANNED (36.9 s)
[INFO] [1791420335.270371883] [reach_dwell_probe]: torsi RNEA+offset(per-aktuator) vs rating: 1=0.01->6.61/10, 2=4.82->12.52/14, 3=1.12->7.72/10, 4=0.15->2.13/7, 5=0.05->2.03/7, 6=0.00->1.98/7  (terketat t2_a2_joint_2 89 %)
[INFO] [1791420355.363417420] [reach_dwell_probe]: jarak antar-lengan minimum sepanjang rencana: 363.7 mm di titik 81 (t2_a1_gripper_base_link_0 <-> t2_a2_left_finger_prox_link_0) -> CLEAR
[INFO] [1791420361.468539033] [reach_dwell_probe]: jarak ke peta lingkungan minimum: 103.8 mm di titik 0 (t2_a1_right_finger_prox_link_0) -> CLEAR
    [9] task t1 arm_4 -> [0.3571, -0.3176, 1.08] @(0.600, -10): PLANNED (26.3 s)
[INFO] [1791420362.053042713] [reach_dwell_probe]: torsi RNEA+offset(per-aktuator) vs rating: 1=0.06->6.66/10, 2=3.06->10.76/14, 3=1.38->7.98/10, 4=0.23->2.21/7, 5=0.13->2.11/7, 6=0.00->1.98/7  (terketat t2_a1_joint_3 80 %)
[INFO] [1791420393.194578891] [reach_dwell_probe]: jarak antar-lengan minimum sepanjang rencana: 363.7 mm di titik 0 (t2_a1_gripper_base_link_0 <-> t2_a2_left_finger_prox_link_0) -> CLEAR
[INFO] [1791420403.340281372] [reach_dwell_probe]: jarak ke peta lingkungan minimum: 63.1 mm di titik 141 (t2_a1_left_finger_prox_link_0) -> CLEAR
    [10] task t5 arm_3 -> [0.9286, -0.4588, 1.0] @(0.600, -10): PLANNED (41.9 s)
    [11] retract g2 ['arm_3', 'arm_4'] lurus (rel 0.600):
    [11]   penyaring se-gantry: CLEAR, minimum 464.1 mm di titik 0/60 (t2_a1_arm_link_0 <-> t2_a2_arm_link_0)
    [11]   penyaring antar-gantry: CLEAR, minimum 569.1 mm di titik 50/60 (t1_a2_right_finger_prox_link_0 <-> t2_a1_right_finger_prox_link_0)
    [11]   penyaring lingkungan: CLEAR, minimum 63.2 mm di titik 0/60 (t2_a1_left_finger_prox_link_0)
    [11] retract g2 @rot -10: CLEAR (lurus)
    [12] traverse g2 (0.600, -10) -> (1.450, +0): CLEAR min 380.0 mm (lengan 460.5, SS 380.0, n 946) ('t1_platform_link_0', 't2_platform_link_0')
    [12] traverse g2 vs lingkungan: CLEAR min 69.4 mm (t2_a2_right_finger_prox_link_0)
[INFO] [1791420488.835810022] [reach_dwell_probe]: torsi RNEA+offset(per-aktuator) vs rating: 1=0.01->6.61/10, 2=1.85->9.55/14, 3=2.42->9.02/10, 4=0.39->2.37/7, 5=0.05->2.03/7, 6=0.00->1.98/7  (terketat t2_a1_joint_3 90 %)
[INFO] [1791420504.884703316] [reach_dwell_probe]: jarak antar-lengan minimum sepanjang rencana: 516.9 mm di titik 76 (t2_a1_forearm_link_0 <-> t2_a2_arm_link_0) -> CLEAR
[INFO] [1791420511.659323591] [reach_dwell_probe]: jarak ke peta lingkungan minimum: 91.5 mm di titik 53 (t2_a1_left_finger_prox_link_0) -> CLEAR
    [13] task t2 arm_3 -> [1.9286, -0.3176, 1.16] @(1.450, +0): PLANNED (23.0 s)
seed 36 R10: PLANNED/PLANNED/PLANNED -> LOLOS
  seed 36 R0 sampel 1/3
    [0] retract g1 @rot +0: CLEAR
    [1] traverse g1 (0.000, +0) -> (0.900, +0): CLEAR min 380.0 mm (lengan 498.9, SS 380.0, n 91) ('t1_platform_link_0', 't2_platform_link_0')
    [1] traverse g1 vs lingkungan: CLEAR min 88.6 mm (t1_a1_right_finger_dist_link_0)
[INFO] [1791420536.665367256] [reach_dwell_probe]: torsi RNEA+offset(per-aktuator) vs rating: 1=0.03->6.63/10, 2=2.59->10.29/14, 3=2.43->9.03/10, 4=0.41->2.39/7, 5=0.07->2.05/7, 6=0.00->1.98/7  (terketat t1_a1_joint_3 90 %)
[INFO] [1791420567.497828892] [reach_dwell_probe]: jarak antar-lengan minimum sepanjang rencana: 556.1 mm di titik 74 (t1_a1_arm_link_0 <-> t1_a2_arm_link_0) -> CLEAR
[INFO] [1791420578.748330524] [reach_dwell_probe]: jarak ke peta lingkungan minimum: 88.5 mm di titik 1 (t1_a1_right_finger_dist_link_0) -> CLEAR
    [2] task t4 arm_1 -> [1.3571, 0.3882, 1.24] @(0.900, +0): PLANNED (42.2 s)
    [3] retract g1 ['arm_1'] lurus (rel 0.900):
    [3]   penyaring se-gantry: CLEAR, minimum 556.1 mm di titik 26/60 (t1_a1_arm_link_0 <-> t1_a2_arm_link_0)
    [3]   penyaring antar-gantry: CLEAR, minimum 509.7 mm di titik 0/60 (t1_a2_right_finger_prox_link_0 <-> t2_a1_right_finger_prox_link_0)
    [3]   penyaring lingkungan: CLEAR, minimum 88.5 mm di titik 57/60 (t1_a1_right_finger_dist_link_0)
    [3] retract g1 @rot +0: CLEAR (lurus)
    [4] traverse g1 (0.900, +0) -> (1.350, +0): CLEAR min 509.7 mm (lengan 509.7, SS 584.0, n 47) ('t1_a2_right_finger_prox_link_0', 't2_a1_right_finger_prox_link_0')
    [4] traverse g1 vs lingkungan: CLEAR min 86.6 mm (t1_a1_right_finger_dist_link_0)
[INFO] [1791420594.877857191] [reach_dwell_probe]: torsi RNEA+offset(per-aktuator) vs rating: 1=0.01->6.61/10, 2=0.47->8.17/14, 3=2.09->8.69/10, 4=0.35->2.33/7, 5=0.06->2.04/7, 6=0.00->1.98/7  (terketat t1_a1_joint_3 87 %)
[INFO] [1791420620.576961056] [reach_dwell_probe]: jarak antar-lengan minimum sepanjang rencana: 567.0 mm di titik 127 (t1_a1_forearm_link_0 <-> t1_a2_arm_link_0) -> CLEAR
[INFO] [1791420628.004668381] [reach_dwell_probe]: jarak ke peta lingkungan minimum: 154.0 mm di titik 0 (t1_a1_right_finger_dist_link_0) -> CLEAR
    [5] task t3 arm_1 -> [1.8571, 0.3176, 1.08] @(1.350, +0): PLANNED (33.3 s)
[INFO] [1791420628.167664952] [reach_dwell_probe]: torsi RNEA+offset(per-aktuator) vs rating: 1=0.06->6.66/10, 2=2.42->10.12/14, 3=1.87->8.47/10, 4=0.32->2.30/7, 5=0.10->2.08/7, 6=0.00->1.98/7  (terketat t2_a1_joint_3 85 %)
[INFO] [1791420659.376090076] [reach_dwell_probe]: jarak antar-lengan minimum sepanjang rencana: 622.7 mm di titik 0 (t2_a1_arm_link_0 <-> t2_a2_arm_link_0) -> CLEAR
[INFO] [1791420666.939259937] [reach_dwell_probe]: jarak ke peta lingkungan minimum: 210.0 mm di titik 0 (t1_a2_left_finger_dist_link_0) -> CLEAR
    [6] task t1 arm_3 -> [0.3571, -0.3176, 1.08] @(0.000, +0): PLANNED (38.9 s)
    [7] retract g2 ['arm_3'] lurus (rel 0.000):
    [7]   penyaring se-gantry: CLEAR, minimum 622.7 mm di titik 59/60 (t2_a1_arm_link_0 <-> t2_a2_arm_link_0)
    [7]   penyaring antar-gantry: CLEAR, minimum 710.3 mm di titik 24/60 (t1_a2_right_finger_prox_link_0 <-> t2_a1_right_finger_dist_link_0)
    [7]   penyaring lingkungan: CLEAR, minimum 210.0 mm di titik 0/60 (t1_a2_left_finger_dist_link_0)
    [7] retract g2 @rot +0: CLEAR (lurus)
    [8] traverse g2 (0.000, +0) -> (0.200, +0): CLEAR min 611.7 mm (lengan 611.7, SS 690.6, n 21) ('t1_a2_right_finger_prox_link_0', 't2_a1_right_finger_prox_link_0')
    [8] traverse g2 vs lingkungan: CLEAR min 210.0 mm (t1_a2_left_finger_dist_link_0)
[INFO] [1791420684.664084968] [reach_dwell_probe]: torsi RNEA+offset(per-aktuator) vs rating: 1=0.04->6.64/10, 2=2.75->10.45/14, 3=1.34->7.94/10, 4=0.22->2.20/7, 5=0.08->2.06/7, 6=0.00->1.98/7  (terketat t2_a1_joint_3 79 %)
[INFO] [1791420717.400853194] [reach_dwell_probe]: jarak antar-lengan minimum sepanjang rencana: 609.2 mm di titik 33 (t2_a1_arm_link_0 <-> t2_a2_arm_link_0) -> CLEAR
[INFO] [1791420724.984007331] [reach_dwell_probe]: jarak ke peta lingkungan minimum: 110.8 mm di titik 128 (t2_a1_left_finger_prox_link_0) -> CLEAR
    [9] task t0 arm_3 -> [0.7857, -0.4588, 1.0] @(0.200, +0): PLANNED (40.4 s)
    [10] retract g2 ['arm_3'] lurus (rel 0.200):
    [10]   penyaring se-gantry: CLEAR, minimum 609.2 mm di titik 39/60 (t2_a1_arm_link_0 <-> t2_a2_arm_link_0)
    [10]   penyaring antar-gantry: CLEAR, minimum 611.7 mm di titik 59/60 (t1_a2_right_finger_prox_link_0 <-> t2_a1_right_finger_prox_link_0)
    [10]   penyaring lingkungan: CLEAR, minimum 110.8 mm di titik 0/60 (t2_a1_left_finger_prox_link_0)
    [10] retract g2 @rot +0: CLEAR (lurus)
    [11] traverse g2 (0.200, +0) -> (1.450, +0): CLEAR min 380.0 mm (lengan 498.9, SS 380.0, n 126) ('t1_platform_link_0', 't2_platform_link_0')
    [11] traverse g2 vs lingkungan: CLEAR min 69.4 mm (t2_a2_right_finger_prox_link_0)
[INFO] [1791420750.447827083] [reach_dwell_probe]: torsi RNEA+offset(per-aktuator) vs rating: 1=0.03->6.63/10, 2=5.14->12.84/14, 3=1.64->8.24/10, 4=0.28->2.26/7, 5=0.09->2.07/7, 6=0.00->1.98/7  (terketat t2_a1_joint_2 92 %)
[INFO] [1791420778.084966212] [reach_dwell_probe]: jarak antar-lengan minimum sepanjang rencana: 432.0 mm di titik 129 (t1_a1_upper_wrist_link_0 <-> t2_a1_arm_link_0) -> CLEAR
[INFO] [1791420788.012309603] [reach_dwell_probe]: jarak ke peta lingkungan minimum: 99.4 mm di titik 129 (t2_a1_right_finger_dist_link_0) -> CLEAR
    [12] task t2 arm_3 -> [1.9286, -0.3176, 1.16] @(1.450, +0): PLANNED (37.8 s)
[INFO] [1791420788.666505153] [reach_dwell_probe]: torsi RNEA+offset(per-aktuator) vs rating: 1=0.01->6.61/10, 2=2.04->9.74/14, 3=1.54->8.14/10, 4=0.25->2.23/7, 5=0.05->2.03/7, 6=0.00->1.98/7  (terketat t2_a2_joint_3 81 %)
[INFO] [1791420818.043306397] [reach_dwell_probe]: jarak antar-lengan minimum sepanjang rencana: 528.7 mm di titik 0 (t1_platform_link_0 <-> t2_a2_base_link_0) -> CLEAR
[INFO] [1791420828.086212979] [reach_dwell_probe]: jarak ke peta lingkungan minimum: 58.7 mm di titik 30 (t2_a2_right_finger_prox_link_0) -> CLEAR
    [13] task t5 arm_4 -> [0.9286, -0.4588, 1.0] @(1.450, +0): PLANNED (40.1 s)
  seed 36 R0 sampel 2/3
    [0] retract g1 @rot +0: CLEAR
    [1] traverse g1 (0.000, +0) -> (0.900, +0): CLEAR min 380.0 mm (lengan 498.9, SS 380.0, n 91) ('t1_platform_link_0', 't2_platform_link_0')
    [1] traverse g1 vs lingkungan: CLEAR min 88.6 mm (t1_a1_right_finger_dist_link_0)
[INFO] [1791420831.990122298] [reach_dwell_probe]: torsi RNEA+offset(per-aktuator) vs rating: 1=0.03->6.63/10, 2=4.98->12.68/14, 3=2.12->8.72/10, 4=0.37->2.35/7, 5=0.11->2.09/7, 6=0.00->1.98/7  (terketat t1_a1_joint_2 91 %)
[INFO] [1791420859.192281859] [reach_dwell_probe]: jarak antar-lengan minimum sepanjang rencana: 622.7 mm di titik 0 (t1_a1_arm_link_0 <-> t1_a2_arm_link_0) -> CLEAR
[INFO] [1791420865.450210002] [reach_dwell_probe]: jarak ke peta lingkungan minimum: 86.6 mm di titik 6 (t1_a1_right_finger_dist_link_0) -> CLEAR
    [2] task t4 arm_1 -> [1.3571, 0.3882, 1.24] @(0.900, +0): PLANNED (33.6 s)
    [3] retract g1 ['arm_1'] lurus (rel 0.900):
    [3]   penyaring se-gantry: CLEAR, minimum 622.7 mm di titik 59/60 (t1_a1_arm_link_0 <-> t1_a2_arm_link_0)
    [3]   penyaring antar-gantry: CLEAR, minimum 509.7 mm di titik 0/60 (t1_a2_right_finger_prox_link_0 <-> t2_a1_right_finger_prox_link_0)
    [3]   penyaring lingkungan: CLEAR, minimum 86.6 mm di titik 52/60 (t1_a1_right_finger_dist_link_0)
    [3] retract g1 @rot +0: CLEAR (lurus)
    [4] traverse g1 (0.900, +0) -> (1.350, +0): CLEAR min 509.7 mm (lengan 509.7, SS 584.0, n 47) ('t1_a2_right_finger_prox_link_0', 't2_a1_right_finger_prox_link_0')
    [4] traverse g1 vs lingkungan: CLEAR min 86.6 mm (t1_a1_right_finger_dist_link_0)
[INFO] [1791420883.743339821] [reach_dwell_probe]: torsi RNEA+offset(per-aktuator) vs rating: 1=0.09->6.69/10, 2=5.18->12.88/14, 3=0.89->7.49/10, 4=0.19->2.17/7, 5=0.06->2.04/7, 6=0.00->1.98/7  (terketat t1_a1_joint_2 92 %)
[INFO] [1791420897.703665579] [reach_dwell_probe]: jarak antar-lengan minimum sepanjang rencana: 622.7 mm di titik 0 (t1_a1_arm_link_0 <-> t1_a2_arm_link_0) -> CLEAR
[INFO] [1791420902.163845764] [reach_dwell_probe]: jarak ke peta lingkungan minimum: 150.9 mm di titik 9 (t1_a1_right_finger_dist_link_0) -> CLEAR
    [5] task t3 arm_1 -> [1.8571, 0.3176, 1.08] @(1.350, +0): PLANNED (18.5 s)
[INFO] [1791420902.269140125] [reach_dwell_probe]: torsi RNEA+offset(per-aktuator) vs rating: 1=0.06->6.66/10, 2=2.38->10.08/14, 3=1.89->8.49/10, 4=0.33->2.31/7, 5=0.10->2.08/7, 6=0.00->1.98/7  (terketat t2_a1_joint_3 85 %)
[INFO] [1791420929.331611526] [reach_dwell_probe]: jarak antar-lengan minimum sepanjang rencana: 622.7 mm di titik 0 (t2_a1_arm_link_0 <-> t2_a2_arm_link_0) -> CLEAR
[INFO] [1791420938.265837080] [reach_dwell_probe]: jarak ke peta lingkungan minimum: 210.0 mm di titik 0 (t1_a2_left_finger_dist_link_0) -> CLEAR
    [6] task t1 arm_3 -> [0.3571, -0.3176, 1.08] @(0.000, +0): PLANNED (36.1 s)
    [7] retract g2 ['arm_3'] lurus (rel 0.000):
    [7]   penyaring se-gantry: CLEAR, minimum 622.7 mm di titik 59/60 (t2_a1_arm_link_0 <-> t2_a2_arm_link_0)
    [7]   penyaring antar-gantry: CLEAR, minimum 712.2 mm di titik 23/60 (t1_a2_right_finger_prox_link_0 <-> t2_a1_right_finger_dist_link_0)
    [7]   penyaring lingkungan: CLEAR, minimum 210.0 mm di titik 0/60 (t1_a2_left_finger_dist_link_0)
    [7] retract g2 @rot +0: CLEAR (lurus)
    [8] traverse g2 (0.000, +0) -> (0.200, +0): CLEAR min 611.7 mm (lengan 611.7, SS 690.6, n 21) ('t1_a2_right_finger_prox_link_0', 't2_a1_right_finger_prox_link_0')
    [8] traverse g2 vs lingkungan: CLEAR min 210.0 mm (t1_a2_left_finger_dist_link_0)
[INFO] [1791420956.318266504] [reach_dwell_probe]: torsi RNEA+offset(per-aktuator) vs rating: 1=0.06->6.66/10, 2=3.67->11.37/14, 3=1.62->8.22/10, 4=0.23->2.21/7, 5=0.06->2.04/7, 6=0.00->1.98/7  (terketat t2_a1_joint_3 82 %)
[INFO] [1791420968.146163893] [reach_dwell_probe]: jarak antar-lengan minimum sepanjang rencana: 563.2 mm di titik 22 (t1_a2_right_finger_prox_link_0 <-> t2_a1_right_finger_prox_link_0) -> CLEAR
[INFO] [1791420972.550872378] [reach_dwell_probe]: jarak ke peta lingkungan minimum: 101.9 mm di titik 56 (t2_a1_left_finger_prox_link_0) -> CLEAR
    [9] task t0 arm_3 -> [0.7857, -0.4588, 1.0] @(0.200, +0): PLANNED (16.3 s)
    [10] retract g2 ['arm_3'] lurus (rel 0.200):
    [10]   penyaring se-gantry: CLEAR, minimum 622.7 mm di titik 59/60 (t2_a1_arm_link_0 <-> t2_a2_arm_link_0)
    [10]   penyaring antar-gantry: CLEAR, minimum 563.2 mm di titik 33/60 (t1_a2_right_finger_prox_link_0 <-> t2_a1_right_finger_prox_link_0)
    [10]   penyaring lingkungan: CLEAR, minimum 102.1 mm di titik 0/60 (t2_a1_left_finger_prox_link_0)
    [10] retract g2 @rot +0: CLEAR (lurus)
    [11] traverse g2 (0.200, +0) -> (1.450, +0): CLEAR min 380.0 mm (lengan 440.3, SS 380.0, n 126) ('t1_platform_link_0', 't2_platform_link_0')
    [11] traverse g2 vs lingkungan: CLEAR min 69.4 mm (t2_a2_right_finger_prox_link_0)
[INFO] [1791420997.316549753] [reach_dwell_probe]: torsi RNEA+offset(per-aktuator) vs rating: 1=0.10->6.70/10, 2=2.80->10.50/14, 3=2.14->8.74/10, 4=0.37->2.35/7, 5=0.05->2.03/7, 6=0.00->1.98/7  (terketat t2_a1_joint_3 87 %)
[INFO] [1791421016.002233750] [reach_dwell_probe]: jarak antar-lengan minimum sepanjang rencana: 425.9 mm di titik 20 (t1_a1_forearm_link_0 <-> t2_a1_arm_link_0) -> CLEAR
[INFO] [1791421023.836283055] [reach_dwell_probe]: jarak ke peta lingkungan minimum: 101.9 mm di titik 91 (t2_a1_right_finger_dist_link_0) -> CLEAR
    [12] task t2 arm_3 -> [1.9286, -0.3176, 1.16] @(1.450, +0): PLANNED (26.6 s)
[INFO] [1791421024.294808894] [reach_dwell_probe]: torsi RNEA+offset(per-aktuator) vs rating: 1=0.06->6.66/10, 2=2.22->9.92/14, 3=1.22->7.82/10, 4=0.24->2.22/7, 5=0.05->2.03/7, 6=0.00->1.98/7  (terketat t2_a2_joint_3 78 %)
[INFO] [1791421060.552021335] [reach_dwell_probe]: jarak antar-lengan minimum sepanjang rencana: 381.0 mm di titik 94 (t1_a2_right_finger_prox_link_0 <-> t2_a2_left_finger_prox_link_0) -> CLEAR
[INFO] [1791421071.160677465] [reach_dwell_probe]: jarak ke peta lingkungan minimum: 62.7 mm di titik 127 (t2_a2_left_finger_prox_link_0) -> CLEAR
    [13] task t5 arm_4 -> [0.9286, -0.4588, 1.0] @(1.450, +0): PLANNED (47.3 s)
  seed 36 R0 sampel 3/3
    [0] retract g1 @rot +0: CLEAR
    [1] traverse g1 (0.000, +0) -> (0.900, +0): CLEAR min 380.0 mm (lengan 498.9, SS 380.0, n 91) ('t1_platform_link_0', 't2_platform_link_0')
    [1] traverse g1 vs lingkungan: CLEAR min 88.6 mm (t1_a1_right_finger_dist_link_0)
[INFO] [1791421075.086182708] [reach_dwell_probe]: torsi RNEA+offset(per-aktuator) vs rating: 1=0.05->6.65/10, 2=4.90->12.60/14, 3=2.13->8.73/10, 4=0.37->2.35/7, 5=0.10->2.08/7, 6=0.00->1.98/7  (terketat t1_a1_joint_2 90 %)
[INFO] [1791421101.822631872] [reach_dwell_probe]: jarak antar-lengan minimum sepanjang rencana: 622.7 mm di titik 0 (t1_a1_arm_link_0 <-> t1_a2_arm_link_0) -> CLEAR
[INFO] [1791421108.017042677] [reach_dwell_probe]: jarak ke peta lingkungan minimum: 86.9 mm di titik 5 (t1_a1_right_finger_dist_link_0) -> CLEAR
    [2] task t4 arm_1 -> [1.3571, 0.3882, 1.24] @(0.900, +0): PLANNED (33.1 s)
    [3] retract g1 ['arm_1'] lurus (rel 0.900):
    [3]   penyaring se-gantry: CLEAR, minimum 622.7 mm di titik 59/60 (t1_a1_arm_link_0 <-> t1_a2_arm_link_0)
    [3]   penyaring antar-gantry: CLEAR, minimum 509.7 mm di titik 0/60 (t1_a2_right_finger_prox_link_0 <-> t2_a1_right_finger_prox_link_0)
    [3]   penyaring lingkungan: CLEAR, minimum 86.8 mm di titik 52/60 (t1_a1_right_finger_dist_link_0)
    [3] retract g1 @rot +0: CLEAR (lurus)
    [4] traverse g1 (0.900, +0) -> (1.350, +0): CLEAR min 509.7 mm (lengan 509.7, SS 584.0, n 47) ('t1_a2_right_finger_prox_link_0', 't2_a1_right_finger_prox_link_0')
    [4] traverse g1 vs lingkungan: CLEAR min 86.6 mm (t1_a1_right_finger_dist_link_0)
[INFO] [1791421125.147950266] [reach_dwell_probe]: torsi RNEA+offset(per-aktuator) vs rating: 1=0.02->6.62/10, 2=5.04->12.74/14, 3=1.05->7.65/10, 4=0.18->2.16/7, 5=0.07->2.05/7, 6=0.00->1.98/7  (terketat t1_a1_joint_2 91 %)
[INFO] [1791421158.875193503] [reach_dwell_probe]: jarak antar-lengan minimum sepanjang rencana: 622.7 mm di titik 0 (t1_a1_arm_link_0 <-> t1_a2_arm_link_0) -> CLEAR
[INFO] [1791421166.266032390] [reach_dwell_probe]: jarak ke peta lingkungan minimum: 151.8 mm di titik 14 (t1_a1_right_finger_dist_link_0) -> CLEAR
    [5] task t3 arm_1 -> [1.8571, 0.3176, 1.08] @(1.350, +0): PLANNED (41.2 s)
[INFO] [1791421166.375794263] [reach_dwell_probe]: torsi RNEA+offset(per-aktuator) vs rating: 1=0.06->6.66/10, 2=2.49->10.19/14, 3=1.87->8.47/10, 4=0.32->2.30/7, 5=0.10->2.08/7, 6=0.00->1.98/7  (terketat t2_a1_joint_3 85 %)
[INFO] [1791421194.201424907] [reach_dwell_probe]: jarak antar-lengan minimum sepanjang rencana: 622.7 mm di titik 0 (t2_a1_arm_link_0 <-> t2_a2_arm_link_0) -> CLEAR
[INFO] [1791421202.077749900] [reach_dwell_probe]: jarak ke peta lingkungan minimum: 210.0 mm di titik 0 (t1_a2_left_finger_dist_link_0) -> CLEAR
    [6] task t1 arm_3 -> [0.3571, -0.3176, 1.08] @(0.000, +0): PLANNED (35.8 s)
    [7] retract g2 ['arm_3'] lurus (rel 0.000):
    [7]   penyaring se-gantry: CLEAR, minimum 622.7 mm di titik 59/60 (t2_a1_arm_link_0 <-> t2_a2_arm_link_0)
    [7]   penyaring antar-gantry: CLEAR, minimum 712.1 mm di titik 24/60 (t1_a2_right_finger_prox_link_0 <-> t2_a1_right_finger_dist_link_0)
    [7]   penyaring lingkungan: CLEAR, minimum 210.0 mm di titik 0/60 (t1_a2_left_finger_dist_link_0)
    [7] retract g2 @rot +0: CLEAR (lurus)
    [8] traverse g2 (0.000, +0) -> (0.200, +0): CLEAR min 611.7 mm (lengan 611.7, SS 690.6, n 21) ('t1_a2_right_finger_prox_link_0', 't2_a1_right_finger_prox_link_0')
    [8] traverse g2 vs lingkungan: CLEAR min 210.0 mm (t1_a2_left_finger_dist_link_0)
[INFO] [1791421219.924415165] [reach_dwell_probe]: torsi RNEA+offset(per-aktuator) vs rating: 1=0.06->6.66/10, 2=3.80->11.50/14, 3=1.61->8.21/10, 4=0.22->2.20/7, 5=0.07->2.05/7, 6=0.00->1.98/7  (terketat t2_a1_joint_2 82 %)
[INFO] [1791421232.356171353] [reach_dwell_probe]: jarak antar-lengan minimum sepanjang rencana: 566.0 mm di titik 22 (t1_a2_right_finger_prox_link_0 <-> t2_a1_right_finger_prox_link_0) -> CLEAR
[INFO] [1791421236.512872664] [reach_dwell_probe]: jarak ke peta lingkungan minimum: 105.6 mm di titik 58 (t2_a1_left_finger_prox_link_0) -> CLEAR
    [9] task t0 arm_3 -> [0.7857, -0.4588, 1.0] @(0.200, +0): PLANNED (16.7 s)
    [10] retract g2 ['arm_3'] lurus (rel 0.200):
    [10]   penyaring se-gantry: CLEAR, minimum 622.7 mm di titik 59/60 (t2_a1_arm_link_0 <-> t2_a2_arm_link_0)
    [10]   penyaring antar-gantry: CLEAR, minimum 566.0 mm di titik 34/60 (t1_a2_right_finger_prox_link_0 <-> t2_a1_right_finger_prox_link_0)
    [10]   penyaring lingkungan: CLEAR, minimum 105.8 mm di titik 0/60 (t2_a1_left_finger_prox_link_0)
    [10] retract g2 @rot +0: CLEAR (lurus)
    [11] traverse g2 (0.200, +0) -> (1.450, +0): CLEAR min 380.0 mm (lengan 498.9, SS 380.0, n 126) ('t1_platform_link_0', 't2_platform_link_0')
    [11] traverse g2 vs lingkungan: CLEAR min 69.4 mm (t2_a2_right_finger_prox_link_0)
[INFO] [1791421260.444081161] [reach_dwell_probe]: torsi RNEA+offset(per-aktuator) vs rating: 1=0.03->6.63/10, 2=5.26->12.96/14, 3=1.50->8.10/10, 4=0.29->2.27/7, 5=0.06->2.04/7, 6=0.00->1.98/7  (terketat t2_a1_joint_2 93 %)
[INFO] [1791421279.708814956] [reach_dwell_probe]: jarak antar-lengan minimum sepanjang rencana: 531.0 mm di titik 32 (t1_a1_left_finger_prox_link_0 <-> t2_a1_upper_wrist_link_0) -> CLEAR
[INFO] [1791421286.882552920] [reach_dwell_probe]: jarak ke peta lingkungan minimum: 89.5 mm di titik 31 (t2_a1_left_finger_dist_link_0) -> CLEAR
    [12] task t2 arm_3 -> [1.9286, -0.3176, 1.16] @(1.450, +0): PLANNED (26.7 s)
[INFO] [1791421287.343659316] [reach_dwell_probe]: torsi RNEA+offset(per-aktuator) vs rating: 1=0.07->6.67/10, 2=5.57->13.27/14, 3=1.19->7.79/10, 4=0.24->2.22/7, 5=0.05->2.03/7, 6=0.00->1.98/7  (terketat t2_a2_joint_2 95 %)
[INFO] [1791421320.208470826] [reach_dwell_probe]: jarak antar-lengan minimum sepanjang rencana: 375.6 mm di titik 68 (t1_a2_right_finger_prox_link_0 <-> t2_a2_left_finger_prox_link_0) -> CLEAR
[INFO] [1791421329.396750868] [reach_dwell_probe]: jarak ke peta lingkungan minimum: 59.5 mm di titik 110 (t2_a2_left_finger_prox_link_0) -> CLEAR
    [13] task t5 arm_4 -> [0.9286, -0.4588, 1.0] @(1.450, +0): PLANNED (42.5 s)
seed 36 R0: PLANNED/PLANNED/PLANNED -> LOLOS
== SELESAI
