(P+) ev8 task: d_min -0.012 t2_a1_right_finger_dist_link_0 @ -0.41s -> COLLIDE; at contact -0.002 t2_a1_left_finger_dist_link_0; first reject -1.7081000804901123
(R0) ev00 retract   d_min +0.202 t1_a2_left_finger_dist_link_0    CLEAR
(R0) ev01 traverse  d_min +0.091 t1_a1_right_finger_dist_link_0   CLEAR
(R0) ev02 task      d_min +0.093 t1_a1_right_finger_dist_link_0   CLEAR
(R0) ev03 retract   d_min +0.092 t1_a1_right_finger_dist_link_0   CLEAR
(R0) ev04 traverse  d_min +0.091 t1_a1_right_finger_dist_link_0   CLEAR
(R0) ev05 task      d_min +0.153 t1_a1_right_finger_dist_link_0   CLEAR
(R0) ev06 task      d_min +0.219 t1_a2_left_finger_dist_link_0    CLEAR
(R0) ev07 retract   d_min +0.219 t1_a2_left_finger_dist_link_0    CLEAR
(R0) ev08 traverse  d_min +0.219 t1_a2_left_finger_dist_link_0    CLEAR
(R0) ev09 task      d_min +0.109 t2_a1_left_finger_prox_link_0    CLEAR
(R0) ev10 retract   d_min +0.109 t2_a1_left_finger_prox_link_0    CLEAR
(R0) ev11 traverse  d_min +0.093 t2_a2_right_finger_prox_link_0   CLEAR
(R0) ev12 task      d_min +0.114 t2_a2_right_finger_prox_link_0   CLEAR
(R0) ev13 task      d_min +0.068 t2_a2_right_finger_prox_link_0   CLEAR
(R10) ev00 retract   d_min +0.204 t1_a2_left_finger_dist_link_0    CLEAR
(R10) ev01 traverse  d_min +0.091 t1_a1_right_finger_dist_link_0   CLEAR
(R10) ev02 task      d_min +0.092 t1_a1_right_finger_dist_link_0   CLEAR
(R10) ev03 retract   d_min +0.092 t1_a1_right_finger_dist_link_0   CLEAR
(R10) ev04 traverse  d_min +0.091 t1_a1_right_finger_dist_link_0   CLEAR
(R10) ev05 task      d_min +0.154 t1_a1_right_finger_dist_link_0   CLEAR
(R10) ev06 retract   d_min +0.219 t1_a2_left_finger_dist_link_0    CLEAR
(R10) ev07 traverse  d_min +0.154 t2_a1_left_finger_prox_link_0    CLEAR
