(P+) ev8 task: d_min -0.012 t2_a1_right_finger_dist_link_0 @ -0.41s -> COLLIDE; at contact -0.002 t2_a1_left_finger_dist_link_0; first reject -1.7081000804901123
(R0) ev00 retract   d_min +0.202 t1_a2_left_finger_dist_link_0    CLEAR
(R0) ev01 traverse  d_min +0.089 t1_a1_right_finger_dist_link_0   CLEAR
(R0) ev02 task      d_min +0.087 t1_a1_right_finger_dist_link_0   CLEAR
(R0) ev03 retract   d_min +0.087 t1_a1_right_finger_dist_link_0   CLEAR
(R0) ev04 traverse  d_min +0.087 t1_a1_right_finger_dist_link_0   CLEAR
(R0) ev05 task      d_min +0.152 t1_a1_right_finger_dist_link_0   CLEAR
(R0) ev06 task      d_min +0.210 t1_a2_left_finger_dist_link_0    CLEAR
(R0) ev07 retract   d_min +0.210 t1_a2_left_finger_dist_link_0    CLEAR
(R0) ev08 traverse  d_min +0.210 t1_a2_left_finger_dist_link_0    CLEAR
(R0) ev09 task      d_min +0.109 t2_a1_left_finger_prox_link_0    CLEAR
(R0) ev10 retract   d_min +0.109 t2_a1_left_finger_prox_link_0    CLEAR
(R0) ev11 traverse  d_min +0.069 t2_a2_right_finger_prox_link_0   CLEAR
(R0) ev12 task      d_min +0.100 t2_a1_right_finger_prox_link_0   CLEAR
(R0) ev13 task      d_min +0.032 t2_a2_right_finger_prox_link_0   MARGIN
(R10) ev00 retract   d_min +0.204 t1_a2_left_finger_dist_link_0    CLEAR
(R10) ev01 traverse  d_min +0.089 t1_a1_right_finger_dist_link_0   CLEAR
(R10) ev02 task      d_min +0.086 t1_a1_right_finger_dist_link_0   CLEAR
(R10) ev03 retract   d_min +0.086 t1_a1_right_finger_dist_link_0   CLEAR
(R10) ev04 traverse  d_min +0.087 t1_a1_right_finger_dist_link_0   CLEAR
(R10) ev05 task      d_min +0.154 t1_a1_right_finger_dist_link_0   CLEAR
(R10) ev06 retract   d_min +0.210 t1_a2_left_finger_dist_link_0    CLEAR
(R10) ev07 traverse  d_min +0.133 t2_a1_left_finger_prox_link_0    CLEAR
R0 plans [(2, 'arm_1', 'CLEAR', 0.089), (5, 'arm_1', 'CLEAR', 0.151), (6, 'arm_3', 'CLEAR', 0.21), (9, 'arm_3', 'CLEAR', 0.088), (12, 'arm_3', 'CLEAR', 0.091), (13, 'arm_4', 'CLEAR', 0.063), (2, 'arm_1', 'CLEAR', 0.089), (5, 'arm_1', 'CLEAR', 0.154), (6, 'arm_3', 'CLEAR', 0.21), (9, 'arm_3', 'CLEAR', 0.09), (12, 'arm_3', 'CLEAR', 0.091), (13, 'arm_4', 'MARGIN', 0.043), (2, 'arm_1', 'CLEAR', 0.089), (5, 'arm_1', 'CLEAR', 0.154), (6, 'arm_3', 'CLEAR', 0.21), (9, 'arm_3', 'CLEAR', 0.089), (12, 'arm_3', 'CLEAR', 0.078), (13, 'arm_4', 'CLEAR', 0.06)]
R10 plans [(2, 'arm_1', 'CLEAR', 0.089), (5, 'arm_1', 'CLEAR', 0.151), (8, 'arm_3', 'CLEAR', 0.08), (9, 'arm_4', 'CLEAR', 0.109), (10, 'arm_3', 'CLEAR', 0.067), (13, 'arm_3', 'COLLIDE', -0.007), (2, 'arm_1', 'CLEAR', 0.089), (5, 'arm_1', 'CLEAR', 0.151), (8, 'arm_3', 'CLEAR', 0.091), (9, 'arm_4', 'CLEAR', 0.101), (10, 'arm_3', 'MARGIN', 0.005), (13, 'arm_3', 'CLEAR', 0.079), (2, 'arm_1', 'CLEAR', 0.086), (5, 'arm_1', 'CLEAR', 0.154), (8, 'arm_3', 'CLEAR', 0.115), (9, 'arm_4', 'CLEAR', 0.115), (10, 'arm_3', 'MARGIN', 0.014), (13, 'arm_3', 'CLEAR', 0.093)]
