/home/user1/Documents/ceiling_arm/docs/results/p1_g33/../../../scripts/env_collision.py:67: UserWarning: You passed package dir(s) via argument geometry_model and provided package_dirs.
  self.geom = pin.buildGeomFromUrdf(
rgbd {"n_pts": 8400, "dof": 4, "median_absd_before": 0.09138643793628656, "median_absd_after": 0.011516800041633772, "inliers_after": 8202, "t": [-0.0992, 0.0705, 0.0037], "yaw_deg": -0.5491856059821121, "rpy_deg": [0.0, -0.0, -0.549]}
  {"capture": "cal_00.npz", "group": "g1", "s1": 0.0002, "s2": 0.0009, "n": 500, "per_arm": [300, 300], "median_absd": 0.0105, "resid": [0.0038, -0.0055, 0.0002], "centroid": [0.068, 0.385, 1.329]}
  {"capture": "cal_00.npz", "group": "g2", "s1": 0.0002, "s2": 0.0009, "n": 600, "per_arm": [300, 300], "median_absd": 0.0117, "resid": [0.003, 0.0062, -0.0008], "centroid": [-0.007, -0.377, 1.224]}
  {"capture": "cal_01.npz", "group": "g1", "s1": 0.4494, "s2": 0.0009, "n": 600, "per_arm": [300, 300], "median_absd": 0.0118, "resid": [-0.0014, -0.0038, -0.0003], "centroid": [0.47, 0.374, 1.329]}
  {"capture": "cal_01.npz", "group": "g2", "s1": 0.4494, "s2": 0.0009, "n": 599, "per_arm": [300, 300], "median_absd": 0.0099, "resid": [-0.001, 0.0077, 0.0008], "centroid": [0.004, -0.395, 1.137]}
  {"capture": "cal_02.npz", "group": "g1", "s1": 0.8995, "s2": 0.0009, "n": 600, "per_arm": [300, 300], "median_absd": 0.0096, "resid": [-0.0036, -0.0026, 0.0002], "centroid": [0.926, 0.376, 1.374]}
  {"capture": "cal_02.npz", "group": "g2", "s1": 0.8995, "s2": 0.0009, "n": 598, "per_arm": [300, 300], "median_absd": 0.0122, "resid": [0.0019, 0.0053, -0.0012], "centroid": [-0.006, -0.382, 1.269]}
  {"capture": "cal_03.npz", "group": "g1", "s1": 1.3494, "s2": 0.0009, "n": 599, "per_arm": [300, 300], "median_absd": 0.007, "resid": [-0.001, 0.0014, -0.0001], "centroid": [1.358, 0.371, 1.4]}
  {"capture": "cal_04.npz", "group": "g1", "s1": 0.0003, "s2": 0.4495, "n": 495, "per_arm": [300, 300], "median_absd": 0.0121, "resid": [0.0009, -0.0065, -0.0005], "centroid": [0.083, 0.391, 1.316]}
  {"capture": "cal_04.npz", "group": "g2", "s1": 0.0003, "s2": 0.4495, "n": 600, "per_arm": [300, 300], "median_absd": 0.011, "resid": [-0.0034, 0.0035, 0.0003], "centroid": [0.459, -0.369, 1.258]}
  {"capture": "cal_05.npz", "group": "g1", "s1": 0.0003, "s2": 0.8998, "n": 492, "per_arm": [300, 300], "median_absd": 0.0118, "resid": [0.0003, -0.0042, -0.0006], "centroid": [0.095, 0.385, 1.326]}
  {"capture": "cal_05.npz", "group": "g2", "s1": 0.0003, "s2": 0.8998, "n": 594, "per_arm": [300, 300], "median_absd": 0.0114, "resid": [-0.0064, 0.0034, 0.0002], "centroid": [0.916, -0.361, 1.297]}
  {"capture": "cal_06.npz", "group": "g1", "s1": 0.0003, "s2": 1.4491, "n": 489, "per_arm": [300, 300], "median_absd": 0.0124, "resid": [0.001, -0.0049, -0.0007], "centroid": [0.089, 0.388, 1.317]}
  {"capture": "cal_07.npz", "group": "g1", "s1": 0.0003, "s2": 0.0008, "n": 503, "per_arm": [300, 300], "median_absd": 0.0132, "resid": [0.0017, -0.0068, -0.0005], "centroid": [0.08, 0.391, 1.322]}
  {"capture": "cal_07.npz", "group": "g2", "s1": 0.0003, "s2": 0.0008, "n": 591, "per_arm": [300, 300], "median_absd": 0.0115, "resid": [0.0026, 0.0069, -0.0002], "centroid": [-0.003, -0.373, 1.219]}
rgbd2 {"n_pts": 3600, "dof": 4, "median_absd_before": 0.08591294516773991, "median_absd_after": 0.016581932917328464, "inliers_after": 3598, "t": [-0.0795, 0.1091, 0.0138], "yaw_deg": -1.2997985369408278, "rpy_deg": [0.0, -0.0, -1.3]}
  {"capture": "cal_01.npz", "group": "g1", "s1": 0.4494, "s2": 0.0009, "n": 600, "per_arm": [300, 300], "median_absd": 0.014, "resid": [0.006, -0.0007, -0.0], "centroid": [0.422, 0.371, 1.416]}
  {"capture": "cal_02.npz", "group": "g1", "s1": 0.8995, "s2": 0.0009, "n": 563, "per_arm": [300, 300], "median_absd": 0.0131, "resid": [-0.0015, -0.0057, -0.0001], "centroid": [0.873, 0.368, 1.356]}
  {"capture": "cal_03.npz", "group": "g1", "s1": 1.3494, "s2": 0.0009, "n": 519, "per_arm": [300, 300], "median_absd": 0.0174, "resid": [-0.015, -0.0152, 0.0041], "centroid": [1.382, 0.378, 1.213]}
  {"capture": "cal_04.npz", "group": "g2", "s1": 0.0003, "s2": 0.4495, "n": 600, "per_arm": [300, 300], "median_absd": 0.0181, "resid": [0.0139, 0.0073, -0.0006], "centroid": [0.415, -0.384, 1.391]}
  {"capture": "cal_05.npz", "group": "g2", "s1": 0.0003, "s2": 0.8998, "n": 600, "per_arm": [300, 300], "median_absd": 0.0199, "resid": [0.007, 0.0055, -0.0006], "centroid": [0.883, -0.38, 1.39]}
  {"capture": "cal_06.npz", "group": "g2", "s1": 0.0003, "s2": 1.4491, "n": 577, "per_arm": [300, 300], "median_absd": 0.0153, "resid": [-0.0131, 0.0076, 0.0005], "centroid": [1.453, -0.385, 1.366]}
