/home/user1/Documents/ceiling_arm/docs/results/p1_g33/../../../scripts/env_collision.py:67: UserWarning: You passed package dir(s) via argument geometry_model and provided package_dirs.
  self.geom = pin.buildGeomFromUrdf(
rgbd {"n_pts": 8400, "dof": 6, "median_absd_before": 0.09138643793628656, "median_absd_after": 0.011431490772989255, "inliers_after": 8206, "t": [-0.0748, 0.0755, -0.0034], "yaw_deg": -0.6067951629297369, "rpy_deg": [0.16, -1.127, -0.607]}
  {"capture": "cal_00.npz", "group": "g1", "s1": 0.0002, "s2": 0.0009, "n": 500, "per_arm": [300, 300], "median_absd": 0.0107, "resid": [0.0042, -0.0057, 0.0004], "centroid": [0.066, 0.386, 1.326]}
  {"capture": "cal_00.npz", "group": "g2", "s1": 0.0002, "s2": 0.0009, "n": 600, "per_arm": [300, 300], "median_absd": 0.0111, "resid": [0.0025, 0.0053, -0.0003], "centroid": [-0.007, -0.375, 1.218]}
  {"capture": "cal_01.npz", "group": "g1", "s1": 0.4494, "s2": 0.0009, "n": 600, "per_arm": [300, 300], "median_absd": 0.0114, "resid": [-0.0012, -0.0038, -0.0007], "centroid": [0.468, 0.375, 1.334]}
  {"capture": "cal_01.npz", "group": "g2", "s1": 0.4494, "s2": 0.0009, "n": 599, "per_arm": [300, 300], "median_absd": 0.0103, "resid": [-0.0023, 0.0072, 0.0015], "centroid": [0.005, -0.393, 1.131]}
  {"capture": "cal_02.npz", "group": "g1", "s1": 0.8995, "s2": 0.0009, "n": 600, "per_arm": [300, 300], "median_absd": 0.0093, "resid": [-0.0027, -0.0022, -0.0003], "centroid": [0.923, 0.376, 1.388]}
  {"capture": "cal_02.npz", "group": "g2", "s1": 0.8995, "s2": 0.0009, "n": 598, "per_arm": [300, 300], "median_absd": 0.0117, "resid": [0.0016, 0.0046, -0.0007], "centroid": [-0.007, -0.38, 1.262]}
  {"capture": "cal_03.npz", "group": "g1", "s1": 1.3494, "s2": 0.0009, "n": 599, "per_arm": [300, 300], "median_absd": 0.0071, "resid": [0.0002, 0.0013, -0.0006], "centroid": [1.355, 0.371, 1.422]}
  {"capture": "cal_04.npz", "group": "g1", "s1": 0.0003, "s2": 0.4495, "n": 497, "per_arm": [300, 300], "median_absd": 0.0124, "resid": [0.0017, -0.0063, -0.0004], "centroid": [0.08, 0.392, 1.312]}
  {"capture": "cal_04.npz", "group": "g2", "s1": 0.0003, "s2": 0.4495, "n": 600, "per_arm": [300, 300], "median_absd": 0.012, "resid": [-0.0039, 0.0029, 0.0002], "centroid": [0.458, -0.367, 1.26]}
  {"capture": "cal_05.npz", "group": "g1", "s1": 0.0003, "s2": 0.8998, "n": 493, "per_arm": [300, 300], "median_absd": 0.0116, "resid": [0.0008, -0.0042, -0.0008], "centroid": [0.093, 0.387, 1.323]}
  {"capture": "cal_05.npz", "group": "g2", "s1": 0.0003, "s2": 0.8998, "n": 594, "per_arm": [300, 300], "median_absd": 0.0121, "resid": [-0.0069, 0.003, -0.0006], "centroid": [0.914, -0.36, 1.309]}
  {"capture": "cal_06.npz", "group": "g1", "s1": 0.0003, "s2": 1.4491, "n": 490, "per_arm": [300, 300], "median_absd": 0.0116, "resid": [0.0016, -0.005, -0.0005], "centroid": [0.086, 0.389, 1.313]}
  {"capture": "cal_07.npz", "group": "g1", "s1": 0.0003, "s2": 0.0008, "n": 503, "per_arm": [300, 300], "median_absd": 0.0118, "resid": [0.0021, -0.0069, -0.0003], "centroid": [0.079, 0.392, 1.319]}
  {"capture": "cal_07.npz", "group": "g2", "s1": 0.0003, "s2": 0.0008, "n": 592, "per_arm": [300, 300], "median_absd": 0.011, "resid": [0.0021, 0.0065, 0.0004], "centroid": [-0.003, -0.372, 1.212]}
rgbd2 {"n_pts": 3600, "dof": 6, "median_absd_before": 0.08591294516773991, "median_absd_after": 0.01574864878008216, "inliers_after": 3599, "t": [-0.0961, 0.0798, 0.0328], "yaw_deg": -1.422399581623164, "rpy_deg": [-1.434, 0.694, -1.422]}
  {"capture": "cal_01.npz", "group": "g1", "s1": 0.4494, "s2": 0.0009, "n": 600, "per_arm": [300, 300], "median_absd": 0.0129, "resid": [0.006, 0.0002, -0.0001], "centroid": [0.424, 0.375, 1.421]}
  {"capture": "cal_02.npz", "group": "g1", "s1": 0.8995, "s2": 0.0009, "n": 564, "per_arm": [300, 300], "median_absd": 0.0138, "resid": [-0.0007, -0.004, 0.0003], "centroid": [0.874, 0.37, 1.356]}
  {"capture": "cal_03.npz", "group": "g1", "s1": 1.3494, "s2": 0.0009, "n": 520, "per_arm": [300, 300], "median_absd": 0.0175, "resid": [-0.0145, -0.0145, 0.0045], "centroid": [1.379, 0.375, 1.203]}
  {"capture": "cal_04.npz", "group": "g2", "s1": 0.0003, "s2": 0.4495, "n": 600, "per_arm": [300, 300], "median_absd": 0.0153, "resid": [0.0128, 0.0054, -0.0015], "centroid": [0.415, -0.38, 1.415]}
  {"capture": "cal_05.npz", "group": "g2", "s1": 0.0003, "s2": 0.8998, "n": 600, "per_arm": [300, 300], "median_absd": 0.0187, "resid": [0.007, 0.0043, -0.0016], "centroid": [0.882, -0.377, 1.408]}
  {"capture": "cal_06.npz", "group": "g2", "s1": 0.0003, "s2": 1.4491, "n": 581, "per_arm": [300, 300], "median_absd": 0.0163, "resid": [-0.0128, 0.0074, -0.0001], "centroid": [1.456, -0.383, 1.374]}
