1791357675.5279 pids monitor [2078653] recorder [2078637] ros2_control_node [2065548]
1791357677.7200   event 0: {'kind': 'retract', 'gantry': 1, 'stop': 0}
1791357677.7202   event 1: {'kind': 'traverse', 'gantry': 1, 'stop': 0, 'frm': (0.0, 0.0), 'to': (0.9, 0.0)}
1791357677.7203   event 2: {'kind': 'task', 'gantry': 1, 'stop': 0, 'arm': 'arm_1', 'task': 4, 'xyz': [1.3571, 0.3882, 1.24]}
1791357677.7203   event 3: {'kind': 'retract', 'gantry': 1, 'stop': 1}
1791357677.7204   event 4: {'kind': 'traverse', 'gantry': 1, 'stop': 1, 'frm': (0.9, 0.0), 'to': (1.35, 0.0)}
1791357677.7204   event 5: {'kind': 'task', 'gantry': 1, 'stop': 1, 'arm': 'arm_1', 'task': 3, 'xyz': [1.8571, 0.3176, 1.08]}
1791357677.7205   event 6: {'kind': 'retract', 'gantry': 2, 'stop': 0}
1791357677.7205   event 7: {'kind': 'traverse', 'gantry': 2, 'stop': 0, 'frm': (0.0, 0.0), 'to': (0.6, -0.17453292519943295)}
1791357677.7206   event 8: {'kind': 'task', 'gantry': 2, 'stop': 0, 'arm': 'arm_3', 'task': 0, 'xyz': [0.7857, -0.4588, 1.0]}
1791357677.7206   event 9: {'kind': 'task', 'gantry': 2, 'stop': 0, 'arm': 'arm_4', 'task': 1, 'xyz': [0.3571, -0.3176, 1.08]}
1791357677.7206   event 10: {'kind': 'task', 'gantry': 2, 'stop': 0, 'arm': 'arm_3', 'task': 5, 'xyz': [0.9286, -0.4588, 1.0]}
1791357677.7207   event 11: {'kind': 'retract', 'gantry': 2, 'stop': 1}
1791357677.7207   event 12: {'kind': 'traverse', 'gantry': 2, 'stop': 1, 'frm': (0.6, -0.17453292519943295), 'to': (1.45, 0.0)}
1791357677.7207   event 13: {'kind': 'task', 'gantry': 2, 'stop': 1, 'arm': 'arm_3', 'task': 2, 'xyz': [1.9286, -0.3176, 1.16]}
1791357677.7208 awal: maks |q - REST| keempat lengan 0.000 deg; rel t1 0.000000 t2 0.000000
1791357677.7218 ===== t0 1791357677.7218
1791357677.7227   [0] retract g1  
1791357680.5448   [0] rc=0 2.82 s
1791357680.5459   [1] traverse g1  (0.9, 0.0)
1791357745.8503   [1] rc=0 65.30 s
1791357745.8525   [2] task g1 arm_1 [1.3571, 0.3882, 1.24]
1791357797.1577   [2] rc=0 51.30 s success@119.22
1791357797.1590   [3] retract g1  
1791357857.6216   [3] rc=0 60.46 s
1791357857.6231   [4] traverse g1  (1.35, 0.0)
1791357896.6261   [4] rc=0 39.00 s
1791357896.6284   [5] task g1 arm_1 [1.8571, 0.3176, 1.08]
1791357938.0053   [5] rc=0 41.38 s success@260.07
1791357938.0081   [6] retract g2  
1791357940.5133   [6] rc=0 2.50 s
1791357940.5158   [7] traverse g2  (0.6, -0.17453292519943295)
1791358026.9949   [7] rc=0 86.48 s
1791358026.9966   [8] task g2 arm_3 [0.7857, -0.4588, 1.0]
1791358065.8514   [8] rc=0 38.85 s success@387.92
1791358065.8533   [9] task g2 arm_4 [0.3571, -0.3176, 1.08]
1791358104.4511   [9] rc=0 38.60 s success@426.52
1791358104.4530   [10] task g2 arm_3 [0.9286, -0.4588, 1.0]
1791358186.2052   [10] rc=0 81.75 s success@508.27
1791358186.2072   [11] retract g2  
1791358372.1535   [11] rc=0 185.95 s
1791358372.1555   [12] traverse g2  (1.45, 0.0)
1791358497.2485   [12] rc=0 125.09 s
1791358497.2506   [13] task g2 arm_3 [1.9286, -0.3176, 1.16]
1791358562.6117   [13] rc=0 65.36 s success@884.67
1791358562.6127 SELESAI: 6/6 tugas sukses; makespan terukur 884.67 s
