# 1791358186.2078 CMD python3 -u return_rest.py --arms arm_3 arm_4 --move
1791358188.5672 lengan: ['arm_3', 'arm_4']   galat terbesar dari rest: 221.69 deg
1791358188.5672 rel t2_linear_joint = 0.600000 m
1791358188.6061 /home/user1/Documents/ceiling_arm/scripts/interarm_collision.py:82: UserWarning: You passed package dir(s) via argument geometry_model and provided package_dirs.
1791358188.6061   self.geom = pin.buildGeomFromUrdf(
1791358191.6494 /home/user1/Documents/ceiling_arm/scripts/interarm_collision.py:189: UserWarning: You passed package dir(s) via argument geometry_model and provided package_dirs.
1791358191.6494   self.geom = pin.buildGeomFromUrdf(
1791358196.2502 /home/user1/Documents/ceiling_arm/scripts/env_collision.py:69: UserWarning: You passed package dir(s) via argument geometry_model and provided package_dirs.
1791358196.2502   self.geom = pin.buildGeomFromUrdf(
1791358200.6663 retract g2 ['arm_3', 'arm_4'] lurus (rel 0.600):
1791358217.9811   penyaring se-gantry: CLEAR, minimum 518.6 mm di titik 0/60 (t2_a1_left_finger_prox_link_0 <-> t2_a2_right_finger_prox_link_0)
1791358217.9811   penyaring antar-gantry: CLEAR, minimum 569.6 mm di titik 59/60 (t1_a2_right_finger_prox_link_0 <-> t2_a1_right_finger_prox_link_0)
1791358217.9811   penyaring lingkungan: MARGIN, minimum 28.1 mm di titik 16/60 (t2_a1_left_finger_prox_link_0)
1791358217.9812 retract arm_3 sendiri lurus:
1791358234.4185   penyaring se-gantry: CLEAR, minimum 451.3 mm di titik 59/60 (t2_a1_arm_link_0 <-> t2_a2_arm_link_0)
1791358234.4185   penyaring antar-gantry: CLEAR, minimum 569.6 mm di titik 59/60 (t1_a2_right_finger_prox_link_0 <-> t2_a1_right_finger_prox_link_0)
1791358234.4186   penyaring lingkungan: MARGIN, minimum 28.1 mm di titik 16/60 (t2_a1_left_finger_prox_link_0)
1791358235.2632 [INFO] [1791358235.263176935] [reach_dwell_probe]: torsi RNEA+offset(per-aktuator) vs rating: 1=0.09->6.69/10, 2=3.67->11.37/14, 3=0.85->7.45/10, 4=0.20->2.18/7, 5=0.10->2.08/7, 6=0.00->1.98/7  (terketat t2_a1_joint_2 81 %)
1791358235.2665 /home/user1/Documents/ceiling_arm/scripts/interarm_collision.py:82: UserWarning: You passed package dir(s) via argument geometry_model and provided package_dirs.
1791358235.2665   self.geom = pin.buildGeomFromUrdf(
1791358238.4658 /home/user1/Documents/ceiling_arm/scripts/interarm_collision.py:189: UserWarning: You passed package dir(s) via argument geometry_model and provided package_dirs.
1791358238.4658   self.geom = pin.buildGeomFromUrdf(
1791358276.3391 [INFO] [1791358276.339061445] [reach_dwell_probe]: jarak antar-lengan minimum sepanjang rencana: 329.7 mm di titik 82 (t2_a1_left_finger_prox_link_0 <-> t2_a2_right_finger_prox_link_0) -> CLEAR
1791358292.2751 [INFO] [1791358292.274997896] [reach_dwell_probe]: jarak ke peta lingkungan minimum: 66.1 mm di titik 0 (t2_a1_left_finger_prox_link_0) -> CLEAR
1791358292.2751 retract arm_3 via MoveIt: PLANNED
1791358292.2753 retract arm_4 sendiri lurus:
1791358307.6773   penyaring se-gantry: CLEAR, minimum 450.8 mm di titik 0/60 (t2_a1_arm_link_0 <-> t2_a2_arm_link_0)
1791358307.6774   penyaring antar-gantry: CLEAR, minimum 570.3 mm di titik 0/60 (t1_a2_right_finger_prox_link_0 <-> t2_a1_right_finger_prox_link_0)
1791358307.6774   penyaring lingkungan: CLEAR, minimum 134.9 mm di titik 0/60 (t2_a1_left_finger_prox_link_0)
1791358307.6775 rencana pulang: moveit:arm_3 -> lurus:arm_4
1791358307.7013 
1791358307.7013 mengirim segmen moveit (arm_3): 164 titik. TIDAK akan dibatalkan penjaga torsi (g16 B4.4).
1791358325.0076 retract g2 ['arm_4'] lurus (rel 0.600):
1791358340.8439   penyaring se-gantry: CLEAR, minimum 450.8 mm di titik 0/60 (t2_a1_arm_link_0 <-> t2_a2_arm_link_0)
1791358340.8439   penyaring antar-gantry: CLEAR, minimum 570.3 mm di titik 0/60 (t1_a2_right_finger_prox_link_0 <-> t2_a1_right_finger_prox_link_0)
1791358340.8439   penyaring lingkungan: CLEAR, minimum 134.9 mm di titik 0/60 (t2_a1_left_finger_prox_link_0)
1791358340.8439 rencana pulang: lurus:kedua
1791358340.8451 
1791358340.8451 mengirim segmen lurus (kedua lengan): 60 titik. TIDAK akan dibatalkan penjaga torsi (g16 B4.4).
1791358371.8974 selesai: galat akhir 0.175 deg, torsi puncak 0.000 N.m pada , segmen ['moveit', 'lurus']
