=== K-RR0   fake_js --off-deg 1.0 --arms arm_3 arm_4
  [pre] [33mDRY RUN[0m -- tidak ada gerak. Tambahkan --move (A6/S7).
  [pre] lengan: ['arm_3', 'arm_4']   galat terbesar dari rest: 1.00 deg
  [pre] rel t2_linear_joint = 0.000000 m
  [pre] penyaring se-gantry: CLEAR, minimum 615.2 mm di titik 0/60 (t2_a1_arm_link_0 <-> t2_a2_arm_link_0)
  [pre] penyaring antar-gantry: CLEAR, minimum 558.7 mm di titik 0/60 (t1_platform_link_0 <-> t2_a2_base_link_0)
  [pre] DRY RUN selesai: 60 titik, 30 s, 12 sendi. Tidak ada yang dikirim.
  [pre] rc=0
  [post] [33mDRY RUN[0m -- tidak ada gerak. Tambahkan --move (A6/S7).
  [post] lengan: ['arm_3', 'arm_4']   galat terbesar dari rest: 1.00 deg
  [post] rel t2_linear_joint = 0.000000 m
  [post] penyaring se-gantry: CLEAR, minimum 615.2 mm di titik 0/60 (t2_a1_arm_link_0 <-> t2_a2_arm_link_0)
  [post] penyaring antar-gantry: CLEAR, minimum 558.7 mm di titik 0/60 (t1_platform_link_0 <-> t2_a2_base_link_0)
  [post] DRY RUN selesai: 60 titik, 30 s, 12 sendi. Tidak ada yang dikirim.
  [post] rc=0
=== K-RRp   fake_js --off-deg 1.0 --arms arm_3 arm_4 --r1 0.9 --r2 0.6 --rot1 -10 --rot2 -10
  [pre] [33mDRY RUN[0m -- tidak ada gerak. Tambahkan --move (A6/S7).
  [pre] lengan: ['arm_3', 'arm_4']   galat terbesar dari rest: 1.00 deg
  [pre] rel t2_linear_joint = 0.600000 m
  [pre] penyaring se-gantry: CLEAR, minimum 615.2 mm di titik 0/60 (t2_a1_arm_link_0 <-> t2_a2_arm_link_0)
  [pre] penyaring antar-gantry: CLEAR, minimum 514.8 mm di titik 1/60 (t1_platform_link_0 <-> t2_a1_base_link_0)
  [pre] DRY RUN selesai: 60 titik, 30 s, 12 sendi. Tidak ada yang dikirim.
  [pre] rc=0
  [post] [33mDRY RUN[0m -- tidak ada gerak. Tambahkan --move (A6/S7).
  [post] lengan: ['arm_3', 'arm_4']   galat terbesar dari rest: 1.00 deg
  [post] rel t2_linear_joint = 0.600000 m
  [post] penyaring se-gantry: CLEAR, minimum 615.2 mm di titik 0/60 (t2_a1_arm_link_0 <-> t2_a2_arm_link_0)
  [post] penyaring antar-gantry: CLEAR, minimum 583.8 mm di titik 0/60 (t1_platform_link_0 <-> t2_a1_base_link_0)
  [post] DRY RUN selesai: 60 titik, 30 s, 12 sendi. Tidak ada yang dikirim.
  [post] rc=0
=== K-RRm   fake_js --off-deg 1.0 --arms arm_3 arm_4 --drop t1_rotation_joint
  [pre] [33mDRY RUN[0m -- tidak ada gerak. Tambahkan --move (A6/S7).
  [pre] lengan: ['arm_3', 'arm_4']   galat terbesar dari rest: 1.00 deg
  [pre] rel t2_linear_joint = 0.000000 m
  [pre] penyaring se-gantry: CLEAR, minimum 615.2 mm di titik 0/60 (t2_a1_arm_link_0 <-> t2_a2_arm_link_0)
  [pre] penyaring antar-gantry: CLEAR, minimum 558.7 mm di titik 0/60 (t1_platform_link_0 <-> t2_a2_base_link_0)
  [pre] DRY RUN selesai: 60 titik, 30 s, 12 sendi. Tidak ada yang dikirim.
  [pre] rc=0
  [post] [33mDRY RUN[0m -- tidak ada gerak. Tambahkan --move (A6/S7).
  [post] 🔴 /joint_states tidak lengkap, hilang ['t1_rotation_joint'] -- MENOLAK. Menginterpolasi dari pose yang tidak diketahui adalah persis cara membuat gerak yang tak seorang pun memeriksanya.
  [post] rc=1
=== K-RRn   model antar-gantry buta t1_rotation_joint
  [post] [33mDRY RUN[0m -- tidak ada gerak. Tambahkan --move (A6/S7).
  [post] lengan: ['arm_3', 'arm_4']   galat terbesar dari rest: 1.00 deg
  [post] rel t2_linear_joint = 0.000000 m
  [post] 🔴 sendi tidak dikenal model penyaring ['t1_rotation_joint'] -- MENOLAK menyaring dengan nama yang akan dibuang diam-diam.
  [post] rc=1
