[0.013s] Invoking command in '/home/rama/Documents/code/Docker/moonshot_project/ros2_ws/build/moving_table_interfaces': CMAKE_PREFIX_PATH=${CMAKE_PREFIX_PATH}:/home/rama/Documents/code/Docker/moonshot_project/ros2_ws/install/moving_table_pkg:/opt/ros/humble /usr/bin/cmake /home/rama/Documents/code/Docker/moonshot_project/ros2_ws/src/moving_table_interfaces -DROS_EDITION=ROS2 -DHUMBLE_ROS=humble -DCMAKE_INSTALL_PREFIX=/home/rama/Documents/code/Docker/moonshot_project/ros2_ws/install/moving_table_interfaces
[0.051s] -- The C compiler identification is GNU 11.4.0
[0.093s] -- The CXX compiler identification is GNU 11.4.0
[0.098s] -- Detecting C compiler ABI info
[0.146s] -- Detecting C compiler ABI info - done
[0.155s] -- Check for working C compiler: /usr/bin/cc - skipped
[0.155s] -- Detecting C compile features
[0.155s] -- Detecting C compile features - done
[0.158s] -- Detecting CXX compiler ABI info
[0.215s] -- Detecting CXX compiler ABI info - done
[0.225s] -- Check for working CXX compiler: /usr/bin/c++ - skipped
[0.225s] -- Detecting CXX compile features
[0.225s] -- Detecting CXX compile features - done
[0.228s] -- Found ament_cmake: 1.3.12 (/opt/ros/humble/share/ament_cmake/cmake)
[0.382s] -- Found Python3: /usr/bin/python3 (found version "3.10.12") found components: Interpreter 
[0.476s] -- Found rosidl_default_generators: 1.2.0 (/opt/ros/humble/share/rosidl_default_generators/cmake)
[0.480s] -- Using all available rosidl_typesupport_c: rosidl_typesupport_fastrtps_c;rosidl_typesupport_introspection_c
[0.484s] -- Found rosidl_adapter: 3.1.7 (/opt/ros/humble/share/rosidl_adapter/cmake)
[0.515s] -- Using all available rosidl_typesupport_cpp: rosidl_typesupport_fastrtps_cpp;rosidl_typesupport_introspection_cpp
[0.755s] -- Found ament_cmake_ros: 0.10.0 (/opt/ros/humble/share/ament_cmake_ros/cmake)
[0.989s] -- Using all available rosidl_typesupport_c: rosidl_typesupport_fastrtps_c;rosidl_typesupport_introspection_c
[1.300s] -- Using all available rosidl_typesupport_cpp: rosidl_typesupport_fastrtps_cpp;rosidl_typesupport_introspection_cpp
[1.327s] -- Found PythonInterp: /usr/bin/python3 (found suitable version "3.10.12", minimum required is "3.6") 
[1.328s] -- Found python_cmake_module: 0.10.0 (/opt/ros/humble/share/python_cmake_module/cmake)
[1.357s] -- Found PythonLibs: /usr/lib/x86_64-linux-gnu/libpython3.10.so (found suitable version "3.10.12", minimum required is "3.5") 
[1.357s] -- Using PYTHON_EXECUTABLE: /usr/bin/python3
[1.357s] -- Using PYTHON_INCLUDE_DIRS: /usr/include/python3.10
[1.357s] -- Using PYTHON_LIBRARIES: /usr/lib/x86_64-linux-gnu/libpython3.10.so
[1.380s] -- Found PythonExtra: .so  
[1.416s] -- Configuring done
[1.433s] -- Generating done
[1.434s] [33mCMake Warning:
[1.434s]   Manually-specified variables were not used by the project:
[1.434s] 
[1.434s]     HUMBLE_ROS
[1.434s]     ROS_EDITION
[1.435s] 
[1.435s] [0m
[1.440s] -- Build files have been written to: /home/rama/Documents/code/Docker/moonshot_project/ros2_ws/build/moving_table_interfaces
[1.453s] Invoked command in '/home/rama/Documents/code/Docker/moonshot_project/ros2_ws/build/moving_table_interfaces' returned '0': CMAKE_PREFIX_PATH=${CMAKE_PREFIX_PATH}:/home/rama/Documents/code/Docker/moonshot_project/ros2_ws/install/moving_table_pkg:/opt/ros/humble /usr/bin/cmake /home/rama/Documents/code/Docker/moonshot_project/ros2_ws/src/moving_table_interfaces -DROS_EDITION=ROS2 -DHUMBLE_ROS=humble -DCMAKE_INSTALL_PREFIX=/home/rama/Documents/code/Docker/moonshot_project/ros2_ws/install/moving_table_interfaces
[1.455s] Invoking command in '/home/rama/Documents/code/Docker/moonshot_project/ros2_ws/build/moving_table_interfaces': CMAKE_PREFIX_PATH=${CMAKE_PREFIX_PATH}:/home/rama/Documents/code/Docker/moonshot_project/ros2_ws/install/moving_table_pkg:/opt/ros/humble /usr/bin/cmake --build /home/rama/Documents/code/Docker/moonshot_project/ros2_ws/build/moving_table_interfaces -- -j16 -l16
[1.488s] [  3%] [34m[1mGenerating C code for ROS interfaces[0m
[1.496s] [  6%] [34m[1mGenerating C++ code for ROS interfaces[0m
[1.505s] [  6%] Built target ament_cmake_python_copy_moving_table_interfaces
[1.781s] running egg_info
[1.782s] creating moving_table_interfaces.egg-info
[1.782s] writing moving_table_interfaces.egg-info/PKG-INFO
[1.782s] writing dependency_links to moving_table_interfaces.egg-info/dependency_links.txt
[1.782s] writing top-level names to moving_table_interfaces.egg-info/top_level.txt
[1.782s] writing manifest file 'moving_table_interfaces.egg-info/SOURCES.txt'
[1.785s] reading manifest file 'moving_table_interfaces.egg-info/SOURCES.txt'
[1.785s] writing manifest file 'moving_table_interfaces.egg-info/SOURCES.txt'
[1.816s] [  6%] Built target ament_cmake_python_build_moving_table_interfaces_egg
[1.822s] [  6%] Built target moving_table_interfaces__cpp
[1.829s] [ 16%] [34m[1mGenerating C++ introspection for ROS interfaces[0m
[1.829s] [ 16%] [34m[1mGenerating C++ type support dispatch for ROS interfaces[0m
[1.829s] [ 16%] [34m[1mGenerating C++ type support for eProsima Fast-RTPS[0m
[1.850s] [ 19%] [32mBuilding C object CMakeFiles/moving_table_interfaces__rosidl_generator_c.dir/rosidl_generator_c/moving_table_interfaces/srv/detail/moving_table__functions.c.o[0m
[1.892s] [ 22%] [32m[1mLinking C shared library libmoving_table_interfaces__rosidl_generator_c.so[0m
[1.924s] [ 22%] Built target moving_table_interfaces__rosidl_generator_c
[1.933s] [ 32%] [34m[1mGenerating C type support dispatch for ROS interfaces[0m
[1.933s] [ 32%] [34m[1mGenerating C type support for eProsima Fast-RTPS[0m
[1.933s] [ 32%] [34m[1mGenerating C introspection for ROS interfaces[0m
[2.109s] [ 35%] [32mBuilding CXX object CMakeFiles/moving_table_interfaces__rosidl_typesupport_cpp.dir/rosidl_typesupport_cpp/moving_table_interfaces/srv/moving_table__type_support.cpp.o[0m
[2.137s] [ 38%] [32mBuilding CXX object CMakeFiles/moving_table_interfaces__rosidl_typesupport_introspection_cpp.dir/rosidl_typesupport_introspection_cpp/moving_table_interfaces/srv/detail/moving_table__type_support.cpp.o[0m
[2.195s] [ 41%] [32mBuilding CXX object CMakeFiles/moving_table_interfaces__rosidl_typesupport_fastrtps_cpp.dir/rosidl_typesupport_fastrtps_cpp/moving_table_interfaces/srv/detail/dds_fastrtps/moving_table__type_support.cpp.o[0m
[2.269s] [ 45%] [32mBuilding CXX object CMakeFiles/moving_table_interfaces__rosidl_typesupport_c.dir/rosidl_typesupport_c/moving_table_interfaces/srv/moving_table__type_support.cpp.o[0m
[2.273s] [ 48%] [32mBuilding C object CMakeFiles/moving_table_interfaces__rosidl_typesupport_introspection_c.dir/rosidl_typesupport_introspection_c/moving_table_interfaces/srv/detail/moving_table__type_support.c.o[0m
[2.309s] [ 51%] [32m[1mLinking CXX shared library libmoving_table_interfaces__rosidl_typesupport_c.so[0m
[2.315s] [ 54%] [32m[1mLinking C shared library libmoving_table_interfaces__rosidl_typesupport_introspection_c.so[0m
[2.332s] [ 58%] [32mBuilding CXX object CMakeFiles/moving_table_interfaces__rosidl_typesupport_fastrtps_c.dir/rosidl_typesupport_fastrtps_c/moving_table_interfaces/srv/detail/moving_table__type_support_c.cpp.o[0m
[2.342s] [ 58%] Built target moving_table_interfaces__rosidl_typesupport_introspection_c
[2.348s] [ 58%] Built target moving_table_interfaces__rosidl_typesupport_c
[2.359s] [ 61%] [32m[1mLinking CXX shared library libmoving_table_interfaces__rosidl_typesupport_cpp.so[0m
[2.389s] [ 61%] Built target moving_table_interfaces__rosidl_typesupport_cpp
[2.536s] [ 64%] [32m[1mLinking CXX shared library libmoving_table_interfaces__rosidl_typesupport_introspection_cpp.so[0m
[2.541s] [ 67%] [32m[1mLinking CXX shared library libmoving_table_interfaces__rosidl_typesupport_fastrtps_cpp.so[0m
[2.585s] [ 67%] Built target moving_table_interfaces__rosidl_typesupport_introspection_cpp
[2.585s] [ 70%] [32m[1mLinking CXX shared library libmoving_table_interfaces__rosidl_typesupport_fastrtps_c.so[0m
[2.597s] [ 70%] Built target moving_table_interfaces__rosidl_typesupport_fastrtps_cpp
[2.636s] [ 70%] Built target moving_table_interfaces__rosidl_typesupport_fastrtps_c
[2.651s] [ 70%] Built target moving_table_interfaces
[2.665s] [ 74%] [34m[1mGenerating Python code for ROS interfaces[0m
[3.024s] [ 74%] Built target moving_table_interfaces__py
[3.037s] [ 77%] [32mBuilding C object CMakeFiles/moving_table_interfaces__rosidl_generator_py.dir/rosidl_generator_py/moving_table_interfaces/srv/_moving_table_s.c.o[0m
[3.106s] [ 80%] [32m[1mLinking C shared library rosidl_generator_py/moving_table_interfaces/libmoving_table_interfaces__rosidl_generator_py.so[0m
[3.133s] [ 80%] Built target moving_table_interfaces__rosidl_generator_py
[3.147s] [ 90%] [32mBuilding C object CMakeFiles/moving_table_interfaces__rosidl_typesupport_introspection_c__pyext.dir/rosidl_generator_py/moving_table_interfaces/_moving_table_interfaces_s.ep.rosidl_typesupport_introspection_c.c.o[0m
[3.147s] [ 90%] [32mBuilding C object CMakeFiles/moving_table_interfaces__rosidl_typesupport_fastrtps_c__pyext.dir/rosidl_generator_py/moving_table_interfaces/_moving_table_interfaces_s.ep.rosidl_typesupport_fastrtps_c.c.o[0m
[3.147s] [ 90%] [32mBuilding C object CMakeFiles/moving_table_interfaces__rosidl_typesupport_c__pyext.dir/rosidl_generator_py/moving_table_interfaces/_moving_table_interfaces_s.ep.rosidl_typesupport_c.c.o[0m
[3.205s] [ 93%] [32m[1mLinking C shared library rosidl_generator_py/moving_table_interfaces/moving_table_interfaces_s__rosidl_typesupport_c.cpython-310-x86_64-linux-gnu.so[0m
[3.206s] [ 96%] [32m[1mLinking C shared library rosidl_generator_py/moving_table_interfaces/moving_table_interfaces_s__rosidl_typesupport_introspection_c.cpython-310-x86_64-linux-gnu.so[0m
[3.221s] [100%] [32m[1mLinking C shared library rosidl_generator_py/moving_table_interfaces/moving_table_interfaces_s__rosidl_typesupport_fastrtps_c.cpython-310-x86_64-linux-gnu.so[0m
[3.227s] [100%] Built target moving_table_interfaces__rosidl_typesupport_c__pyext
[3.228s] [100%] Built target moving_table_interfaces__rosidl_typesupport_introspection_c__pyext
[3.243s] [100%] Built target moving_table_interfaces__rosidl_typesupport_fastrtps_c__pyext
[3.250s] Invoked command in '/home/rama/Documents/code/Docker/moonshot_project/ros2_ws/build/moving_table_interfaces' returned '0': CMAKE_PREFIX_PATH=${CMAKE_PREFIX_PATH}:/home/rama/Documents/code/Docker/moonshot_project/ros2_ws/install/moving_table_pkg:/opt/ros/humble /usr/bin/cmake --build /home/rama/Documents/code/Docker/moonshot_project/ros2_ws/build/moving_table_interfaces -- -j16 -l16
[3.251s] Invoking command in '/home/rama/Documents/code/Docker/moonshot_project/ros2_ws/build/moving_table_interfaces': CMAKE_PREFIX_PATH=${CMAKE_PREFIX_PATH}:/home/rama/Documents/code/Docker/moonshot_project/ros2_ws/install/moving_table_pkg:/opt/ros/humble /usr/bin/cmake --install /home/rama/Documents/code/Docker/moonshot_project/ros2_ws/build/moving_table_interfaces
[3.257s] -- Install configuration: ""
[3.257s] -- Installing: /home/rama/Documents/code/Docker/moonshot_project/ros2_ws/install/moving_table_interfaces/share/ament_index/resource_index/rosidl_interfaces/moving_table_interfaces
[3.257s] -- Installing: /home/rama/Documents/code/Docker/moonshot_project/ros2_ws/install/moving_table_interfaces/include/moving_table_interfaces/moving_table_interfaces
[3.257s] -- Installing: /home/rama/Documents/code/Docker/moonshot_project/ros2_ws/install/moving_table_interfaces/include/moving_table_interfaces/moving_table_interfaces/srv
[3.257s] -- Installing: /home/rama/Documents/code/Docker/moonshot_project/ros2_ws/install/moving_table_interfaces/include/moving_table_interfaces/moving_table_interfaces/srv/moving_table.h
[3.257s] -- Installing: /home/rama/Documents/code/Docker/moonshot_project/ros2_ws/install/moving_table_interfaces/include/moving_table_interfaces/moving_table_interfaces/srv/detail
[3.257s] -- Installing: /home/rama/Documents/code/Docker/moonshot_project/ros2_ws/install/moving_table_interfaces/include/moving_table_interfaces/moving_table_interfaces/srv/detail/moving_table__functions.h
[3.257s] -- Installing: /home/rama/Documents/code/Docker/moonshot_project/ros2_ws/install/moving_table_interfaces/include/moving_table_interfaces/moving_table_interfaces/srv/detail/moving_table__functions.c
[3.257s] -- Installing: /home/rama/Documents/code/Docker/moonshot_project/ros2_ws/install/moving_table_interfaces/include/moving_table_interfaces/moving_table_interfaces/srv/detail/moving_table__type_support.h
[3.258s] -- Installing: /home/rama/Documents/code/Docker/moonshot_project/ros2_ws/install/moving_table_interfaces/include/moving_table_interfaces/moving_table_interfaces/srv/detail/moving_table__struct.h
[3.258s] -- Installing: /home/rama/Documents/code/Docker/moonshot_project/ros2_ws/install/moving_table_interfaces/include/moving_table_interfaces/moving_table_interfaces/msg
[3.258s] -- Installing: /home/rama/Documents/code/Docker/moonshot_project/ros2_ws/install/moving_table_interfaces/include/moving_table_interfaces/moving_table_interfaces/msg/rosidl_generator_c__visibility_control.h
[3.258s] -- Installing: /home/rama/Documents/code/Docker/moonshot_project/ros2_ws/install/moving_table_interfaces/share/moving_table_interfaces/environment/library_path.sh
[3.258s] -- Installing: /home/rama/Documents/code/Docker/moonshot_project/ros2_ws/install/moving_table_interfaces/share/moving_table_interfaces/environment/library_path.dsv
[3.258s] -- Installing: /home/rama/Documents/code/Docker/moonshot_project/ros2_ws/install/moving_table_interfaces/lib/libmoving_table_interfaces__rosidl_generator_c.so
[3.258s] -- Set runtime path of "/home/rama/Documents/code/Docker/moonshot_project/ros2_ws/install/moving_table_interfaces/lib/libmoving_table_interfaces__rosidl_generator_c.so" to ""
[3.258s] -- Up-to-date: /home/rama/Documents/code/Docker/moonshot_project/ros2_ws/install/moving_table_interfaces/include/moving_table_interfaces/moving_table_interfaces
[3.258s] -- Up-to-date: /home/rama/Documents/code/Docker/moonshot_project/ros2_ws/install/moving_table_interfaces/include/moving_table_interfaces/moving_table_interfaces/srv
[3.258s] -- Up-to-date: /home/rama/Documents/code/Docker/moonshot_project/ros2_ws/install/moving_table_interfaces/include/moving_table_interfaces/moving_table_interfaces/srv/detail
[3.258s] -- Installing: /home/rama/Documents/code/Docker/moonshot_project/ros2_ws/install/moving_table_interfaces/include/moving_table_interfaces/moving_table_interfaces/srv/detail/moving_table__rosidl_typesupport_fastrtps_c.h
[3.258s] -- Up-to-date: /home/rama/Documents/code/Docker/moonshot_project/ros2_ws/install/moving_table_interfaces/include/moving_table_interfaces/moving_table_interfaces/msg
[3.258s] -- Installing: /home/rama/Documents/code/Docker/moonshot_project/ros2_ws/install/moving_table_interfaces/include/moving_table_interfaces/moving_table_interfaces/msg/rosidl_typesupport_fastrtps_c__visibility_control.h
[3.258s] -- Installing: /home/rama/Documents/code/Docker/moonshot_project/ros2_ws/install/moving_table_interfaces/lib/libmoving_table_interfaces__rosidl_typesupport_fastrtps_c.so
[3.258s] -- Set runtime path of "/home/rama/Documents/code/Docker/moonshot_project/ros2_ws/install/moving_table_interfaces/lib/libmoving_table_interfaces__rosidl_typesupport_fastrtps_c.so" to ""
[3.259s] -- Up-to-date: /home/rama/Documents/code/Docker/moonshot_project/ros2_ws/install/moving_table_interfaces/include/moving_table_interfaces/moving_table_interfaces
[3.259s] -- Up-to-date: /home/rama/Documents/code/Docker/moonshot_project/ros2_ws/install/moving_table_interfaces/include/moving_table_interfaces/moving_table_interfaces/srv
[3.259s] -- Up-to-date: /home/rama/Documents/code/Docker/moonshot_project/ros2_ws/install/moving_table_interfaces/include/moving_table_interfaces/moving_table_interfaces/srv/detail
[3.259s] -- Installing: /home/rama/Documents/code/Docker/moonshot_project/ros2_ws/install/moving_table_interfaces/include/moving_table_interfaces/moving_table_interfaces/srv/detail/moving_table__type_support.c
[3.259s] -- Installing: /home/rama/Documents/code/Docker/moonshot_project/ros2_ws/install/moving_table_interfaces/include/moving_table_interfaces/moving_table_interfaces/srv/detail/moving_table__rosidl_typesupport_introspection_c.h
[3.259s] -- Up-to-date: /home/rama/Documents/code/Docker/moonshot_project/ros2_ws/install/moving_table_interfaces/include/moving_table_interfaces/moving_table_interfaces/msg
[3.259s] -- Installing: /home/rama/Documents/code/Docker/moonshot_project/ros2_ws/install/moving_table_interfaces/include/moving_table_interfaces/moving_table_interfaces/msg/rosidl_typesupport_introspection_c__visibility_control.h
[3.259s] -- Installing: /home/rama/Documents/code/Docker/moonshot_project/ros2_ws/install/moving_table_interfaces/lib/libmoving_table_interfaces__rosidl_typesupport_introspection_c.so
[3.259s] -- Set runtime path of "/home/rama/Documents/code/Docker/moonshot_project/ros2_ws/install/moving_table_interfaces/lib/libmoving_table_interfaces__rosidl_typesupport_introspection_c.so" to ""
[3.259s] -- Installing: /home/rama/Documents/code/Docker/moonshot_project/ros2_ws/install/moving_table_interfaces/lib/libmoving_table_interfaces__rosidl_typesupport_c.so
[3.259s] -- Set runtime path of "/home/rama/Documents/code/Docker/moonshot_project/ros2_ws/install/moving_table_interfaces/lib/libmoving_table_interfaces__rosidl_typesupport_c.so" to ""
[3.259s] -- Up-to-date: /home/rama/Documents/code/Docker/moonshot_project/ros2_ws/install/moving_table_interfaces/include/moving_table_interfaces/moving_table_interfaces
[3.259s] -- Up-to-date: /home/rama/Documents/code/Docker/moonshot_project/ros2_ws/install/moving_table_interfaces/include/moving_table_interfaces/moving_table_interfaces/srv
[3.259s] -- Installing: /home/rama/Documents/code/Docker/moonshot_project/ros2_ws/install/moving_table_interfaces/include/moving_table_interfaces/moving_table_interfaces/srv/moving_table.hpp
[3.259s] -- Up-to-date: /home/rama/Documents/code/Docker/moonshot_project/ros2_ws/install/moving_table_interfaces/include/moving_table_interfaces/moving_table_interfaces/srv/detail
[3.259s] -- Installing: /home/rama/Documents/code/Docker/moonshot_project/ros2_ws/install/moving_table_interfaces/include/moving_table_interfaces/moving_table_interfaces/srv/detail/moving_table__builder.hpp
[3.259s] -- Installing: /home/rama/Documents/code/Docker/moonshot_project/ros2_ws/install/moving_table_interfaces/include/moving_table_interfaces/moving_table_interfaces/srv/detail/moving_table__struct.hpp
[3.259s] -- Installing: /home/rama/Documents/code/Docker/moonshot_project/ros2_ws/install/moving_table_interfaces/include/moving_table_interfaces/moving_table_interfaces/srv/detail/moving_table__traits.hpp
[3.260s] -- Installing: /home/rama/Documents/code/Docker/moonshot_project/ros2_ws/install/moving_table_interfaces/include/moving_table_interfaces/moving_table_interfaces/srv/detail/moving_table__type_support.hpp
[3.260s] -- Up-to-date: /home/rama/Documents/code/Docker/moonshot_project/ros2_ws/install/moving_table_interfaces/include/moving_table_interfaces/moving_table_interfaces/msg
[3.260s] -- Installing: /home/rama/Documents/code/Docker/moonshot_project/ros2_ws/install/moving_table_interfaces/include/moving_table_interfaces/moving_table_interfaces/msg/rosidl_generator_cpp__visibility_control.hpp
[3.260s] -- Up-to-date: /home/rama/Documents/code/Docker/moonshot_project/ros2_ws/install/moving_table_interfaces/include/moving_table_interfaces/moving_table_interfaces
[3.260s] -- Up-to-date: /home/rama/Documents/code/Docker/moonshot_project/ros2_ws/install/moving_table_interfaces/include/moving_table_interfaces/moving_table_interfaces/srv
[3.260s] -- Up-to-date: /home/rama/Documents/code/Docker/moonshot_project/ros2_ws/install/moving_table_interfaces/include/moving_table_interfaces/moving_table_interfaces/srv/detail
[3.260s] -- Installing: /home/rama/Documents/code/Docker/moonshot_project/ros2_ws/install/moving_table_interfaces/include/moving_table_interfaces/moving_table_interfaces/srv/detail/moving_table__rosidl_typesupport_fastrtps_cpp.hpp
[3.260s] -- Installing: /home/rama/Documents/code/Docker/moonshot_project/ros2_ws/install/moving_table_interfaces/include/moving_table_interfaces/moving_table_interfaces/srv/detail/dds_fastrtps
[3.260s] -- Up-to-date: /home/rama/Documents/code/Docker/moonshot_project/ros2_ws/install/moving_table_interfaces/include/moving_table_interfaces/moving_table_interfaces/msg
[3.260s] -- Installing: /home/rama/Documents/code/Docker/moonshot_project/ros2_ws/install/moving_table_interfaces/include/moving_table_interfaces/moving_table_interfaces/msg/rosidl_typesupport_fastrtps_cpp__visibility_control.h
[3.260s] -- Installing: /home/rama/Documents/code/Docker/moonshot_project/ros2_ws/install/moving_table_interfaces/lib/libmoving_table_interfaces__rosidl_typesupport_fastrtps_cpp.so
[3.260s] -- Set runtime path of "/home/rama/Documents/code/Docker/moonshot_project/ros2_ws/install/moving_table_interfaces/lib/libmoving_table_interfaces__rosidl_typesupport_fastrtps_cpp.so" to ""
[3.260s] -- Up-to-date: /home/rama/Documents/code/Docker/moonshot_project/ros2_ws/install/moving_table_interfaces/include/moving_table_interfaces/moving_table_interfaces
[3.260s] -- Up-to-date: /home/rama/Documents/code/Docker/moonshot_project/ros2_ws/install/moving_table_interfaces/include/moving_table_interfaces/moving_table_interfaces/srv
[3.260s] -- Up-to-date: /home/rama/Documents/code/Docker/moonshot_project/ros2_ws/install/moving_table_interfaces/include/moving_table_interfaces/moving_table_interfaces/srv/detail
[3.260s] -- Installing: /home/rama/Documents/code/Docker/moonshot_project/ros2_ws/install/moving_table_interfaces/include/moving_table_interfaces/moving_table_interfaces/srv/detail/moving_table__rosidl_typesupport_introspection_cpp.hpp
[3.260s] -- Installing: /home/rama/Documents/code/Docker/moonshot_project/ros2_ws/install/moving_table_interfaces/include/moving_table_interfaces/moving_table_interfaces/srv/detail/moving_table__type_support.cpp
[3.260s] -- Installing: /home/rama/Documents/code/Docker/moonshot_project/ros2_ws/install/moving_table_interfaces/lib/libmoving_table_interfaces__rosidl_typesupport_introspection_cpp.so
[3.260s] -- Set runtime path of "/home/rama/Documents/code/Docker/moonshot_project/ros2_ws/install/moving_table_interfaces/lib/libmoving_table_interfaces__rosidl_typesupport_introspection_cpp.so" to ""
[3.260s] -- Installing: /home/rama/Documents/code/Docker/moonshot_project/ros2_ws/install/moving_table_interfaces/lib/libmoving_table_interfaces__rosidl_typesupport_cpp.so
[3.260s] -- Set runtime path of "/home/rama/Documents/code/Docker/moonshot_project/ros2_ws/install/moving_table_interfaces/lib/libmoving_table_interfaces__rosidl_typesupport_cpp.so" to ""
[3.260s] -- Installing: /home/rama/Documents/code/Docker/moonshot_project/ros2_ws/install/moving_table_interfaces/share/moving_table_interfaces/environment/pythonpath.sh
[3.260s] -- Installing: /home/rama/Documents/code/Docker/moonshot_project/ros2_ws/install/moving_table_interfaces/share/moving_table_interfaces/environment/pythonpath.dsv
[3.260s] -- Installing: /home/rama/Documents/code/Docker/moonshot_project/ros2_ws/install/moving_table_interfaces/local/lib/python3.10/dist-packages/moving_table_interfaces-0.0.0-py3.10.egg-info
[3.260s] -- Installing: /home/rama/Documents/code/Docker/moonshot_project/ros2_ws/install/moving_table_interfaces/local/lib/python3.10/dist-packages/moving_table_interfaces-0.0.0-py3.10.egg-info/dependency_links.txt
[3.261s] -- Installing: /home/rama/Documents/code/Docker/moonshot_project/ros2_ws/install/moving_table_interfaces/local/lib/python3.10/dist-packages/moving_table_interfaces-0.0.0-py3.10.egg-info/SOURCES.txt
[3.261s] -- Installing: /home/rama/Documents/code/Docker/moonshot_project/ros2_ws/install/moving_table_interfaces/local/lib/python3.10/dist-packages/moving_table_interfaces-0.0.0-py3.10.egg-info/top_level.txt
[3.261s] -- Installing: /home/rama/Documents/code/Docker/moonshot_project/ros2_ws/install/moving_table_interfaces/local/lib/python3.10/dist-packages/moving_table_interfaces-0.0.0-py3.10.egg-info/PKG-INFO
[3.261s] -- Installing: /home/rama/Documents/code/Docker/moonshot_project/ros2_ws/install/moving_table_interfaces/local/lib/python3.10/dist-packages/moving_table_interfaces
[3.261s] -- Installing: /home/rama/Documents/code/Docker/moonshot_project/ros2_ws/install/moving_table_interfaces/local/lib/python3.10/dist-packages/moving_table_interfaces/moving_table_interfaces_s__rosidl_typesupport_introspection_c.cpython-310-x86_64-linux-gnu.so
[3.261s] -- Installing: /home/rama/Documents/code/Docker/moonshot_project/ros2_ws/install/moving_table_interfaces/local/lib/python3.10/dist-packages/moving_table_interfaces/_moving_table_interfaces_s.ep.rosidl_typesupport_introspection_c.c
[3.261s] -- Installing: /home/rama/Documents/code/Docker/moonshot_project/ros2_ws/install/moving_table_interfaces/local/lib/python3.10/dist-packages/moving_table_interfaces/moving_table_interfaces_s__rosidl_typesupport_c.cpython-310-x86_64-linux-gnu.so
[3.261s] -- Installing: /home/rama/Documents/code/Docker/moonshot_project/ros2_ws/install/moving_table_interfaces/local/lib/python3.10/dist-packages/moving_table_interfaces/_moving_table_interfaces_s.ep.rosidl_typesupport_fastrtps_c.c
[3.261s] -- Installing: /home/rama/Documents/code/Docker/moonshot_project/ros2_ws/install/moving_table_interfaces/local/lib/python3.10/dist-packages/moving_table_interfaces/srv
[3.261s] -- Installing: /home/rama/Documents/code/Docker/moonshot_project/ros2_ws/install/moving_table_interfaces/local/lib/python3.10/dist-packages/moving_table_interfaces/srv/_moving_table_s.c
[3.261s] -- Installing: /home/rama/Documents/code/Docker/moonshot_project/ros2_ws/install/moving_table_interfaces/local/lib/python3.10/dist-packages/moving_table_interfaces/srv/_moving_table.py
[3.261s] -- Installing: /home/rama/Documents/code/Docker/moonshot_project/ros2_ws/install/moving_table_interfaces/local/lib/python3.10/dist-packages/moving_table_interfaces/srv/__init__.py
[3.261s] -- Installing: /home/rama/Documents/code/Docker/moonshot_project/ros2_ws/install/moving_table_interfaces/local/lib/python3.10/dist-packages/moving_table_interfaces/_moving_table_interfaces_s.ep.rosidl_typesupport_c.c
[3.261s] -- Installing: /home/rama/Documents/code/Docker/moonshot_project/ros2_ws/install/moving_table_interfaces/local/lib/python3.10/dist-packages/moving_table_interfaces/moving_table_interfaces_s__rosidl_typesupport_fastrtps_c.cpython-310-x86_64-linux-gnu.so
[3.261s] -- Installing: /home/rama/Documents/code/Docker/moonshot_project/ros2_ws/install/moving_table_interfaces/local/lib/python3.10/dist-packages/moving_table_interfaces/libmoving_table_interfaces__rosidl_generator_py.so
[3.261s] -- Installing: /home/rama/Documents/code/Docker/moonshot_project/ros2_ws/install/moving_table_interfaces/local/lib/python3.10/dist-packages/moving_table_interfaces/__init__.py
[3.286s] Listing '/home/rama/Documents/code/Docker/moonshot_project/ros2_ws/install/moving_table_interfaces/local/lib/python3.10/dist-packages/moving_table_interfaces'...
[3.286s] Compiling '/home/rama/Documents/code/Docker/moonshot_project/ros2_ws/install/moving_table_interfaces/local/lib/python3.10/dist-packages/moving_table_interfaces/__init__.py'...
[3.286s] Listing '/home/rama/Documents/code/Docker/moonshot_project/ros2_ws/install/moving_table_interfaces/local/lib/python3.10/dist-packages/moving_table_interfaces/srv'...
[3.286s] Compiling '/home/rama/Documents/code/Docker/moonshot_project/ros2_ws/install/moving_table_interfaces/local/lib/python3.10/dist-packages/moving_table_interfaces/srv/__init__.py'...
[3.286s] Compiling '/home/rama/Documents/code/Docker/moonshot_project/ros2_ws/install/moving_table_interfaces/local/lib/python3.10/dist-packages/moving_table_interfaces/srv/_moving_table.py'...
[3.289s] -- Installing: /home/rama/Documents/code/Docker/moonshot_project/ros2_ws/install/moving_table_interfaces/local/lib/python3.10/dist-packages/moving_table_interfaces/moving_table_interfaces_s__rosidl_typesupport_fastrtps_c.cpython-310-x86_64-linux-gnu.so
[3.289s] -- Set runtime path of "/home/rama/Documents/code/Docker/moonshot_project/ros2_ws/install/moving_table_interfaces/local/lib/python3.10/dist-packages/moving_table_interfaces/moving_table_interfaces_s__rosidl_typesupport_fastrtps_c.cpython-310-x86_64-linux-gnu.so" to ""
[3.289s] -- Installing: /home/rama/Documents/code/Docker/moonshot_project/ros2_ws/install/moving_table_interfaces/local/lib/python3.10/dist-packages/moving_table_interfaces/moving_table_interfaces_s__rosidl_typesupport_introspection_c.cpython-310-x86_64-linux-gnu.so
[3.289s] -- Set runtime path of "/home/rama/Documents/code/Docker/moonshot_project/ros2_ws/install/moving_table_interfaces/local/lib/python3.10/dist-packages/moving_table_interfaces/moving_table_interfaces_s__rosidl_typesupport_introspection_c.cpython-310-x86_64-linux-gnu.so" to ""
[3.289s] -- Installing: /home/rama/Documents/code/Docker/moonshot_project/ros2_ws/install/moving_table_interfaces/local/lib/python3.10/dist-packages/moving_table_interfaces/moving_table_interfaces_s__rosidl_typesupport_c.cpython-310-x86_64-linux-gnu.so
[3.289s] -- Set runtime path of "/home/rama/Documents/code/Docker/moonshot_project/ros2_ws/install/moving_table_interfaces/local/lib/python3.10/dist-packages/moving_table_interfaces/moving_table_interfaces_s__rosidl_typesupport_c.cpython-310-x86_64-linux-gnu.so" to ""
[3.289s] -- Installing: /home/rama/Documents/code/Docker/moonshot_project/ros2_ws/install/moving_table_interfaces/lib/libmoving_table_interfaces__rosidl_generator_py.so
[3.290s] -- Set runtime path of "/home/rama/Documents/code/Docker/moonshot_project/ros2_ws/install/moving_table_interfaces/lib/libmoving_table_interfaces__rosidl_generator_py.so" to ""
[3.290s] -- Installing: /home/rama/Documents/code/Docker/moonshot_project/ros2_ws/install/moving_table_interfaces/share/moving_table_interfaces/srv/MovingTable.idl
[3.290s] -- Installing: /home/rama/Documents/code/Docker/moonshot_project/ros2_ws/install/moving_table_interfaces/share/moving_table_interfaces/srv/MovingTable.srv
[3.290s] -- Installing: /home/rama/Documents/code/Docker/moonshot_project/ros2_ws/install/moving_table_interfaces/share/moving_table_interfaces/srv/MovingTable_Request.msg
[3.290s] -- Installing: /home/rama/Documents/code/Docker/moonshot_project/ros2_ws/install/moving_table_interfaces/share/moving_table_interfaces/srv/MovingTable_Response.msg
[3.290s] -- Installing: /home/rama/Documents/code/Docker/moonshot_project/ros2_ws/install/moving_table_interfaces/share/ament_index/resource_index/package_run_dependencies/moving_table_interfaces
[3.290s] -- Installing: /home/rama/Documents/code/Docker/moonshot_project/ros2_ws/install/moving_table_interfaces/share/ament_index/resource_index/parent_prefix_path/moving_table_interfaces
[3.290s] -- Installing: /home/rama/Documents/code/Docker/moonshot_project/ros2_ws/install/moving_table_interfaces/share/moving_table_interfaces/environment/ament_prefix_path.sh
[3.290s] -- Installing: /home/rama/Documents/code/Docker/moonshot_project/ros2_ws/install/moving_table_interfaces/share/moving_table_interfaces/environment/ament_prefix_path.dsv
[3.290s] -- Installing: /home/rama/Documents/code/Docker/moonshot_project/ros2_ws/install/moving_table_interfaces/share/moving_table_interfaces/environment/path.sh
[3.290s] -- Installing: /home/rama/Documents/code/Docker/moonshot_project/ros2_ws/install/moving_table_interfaces/share/moving_table_interfaces/environment/path.dsv
[3.290s] -- Installing: /home/rama/Documents/code/Docker/moonshot_project/ros2_ws/install/moving_table_interfaces/share/moving_table_interfaces/local_setup.bash
[3.290s] -- Installing: /home/rama/Documents/code/Docker/moonshot_project/ros2_ws/install/moving_table_interfaces/share/moving_table_interfaces/local_setup.sh
[3.290s] -- Installing: /home/rama/Documents/code/Docker/moonshot_project/ros2_ws/install/moving_table_interfaces/share/moving_table_interfaces/local_setup.zsh
[3.290s] -- Installing: /home/rama/Documents/code/Docker/moonshot_project/ros2_ws/install/moving_table_interfaces/share/moving_table_interfaces/local_setup.dsv
[3.291s] -- Installing: /home/rama/Documents/code/Docker/moonshot_project/ros2_ws/install/moving_table_interfaces/share/moving_table_interfaces/package.dsv
[3.291s] -- Installing: /home/rama/Documents/code/Docker/moonshot_project/ros2_ws/install/moving_table_interfaces/share/ament_index/resource_index/packages/moving_table_interfaces
[3.291s] -- Installing: /home/rama/Documents/code/Docker/moonshot_project/ros2_ws/install/moving_table_interfaces/share/moving_table_interfaces/cmake/export_moving_table_interfaces__rosidl_generator_cExport.cmake
[3.291s] -- Installing: /home/rama/Documents/code/Docker/moonshot_project/ros2_ws/install/moving_table_interfaces/share/moving_table_interfaces/cmake/export_moving_table_interfaces__rosidl_generator_cExport-noconfig.cmake
[3.291s] -- Installing: /home/rama/Documents/code/Docker/moonshot_project/ros2_ws/install/moving_table_interfaces/share/moving_table_interfaces/cmake/export_moving_table_interfaces__rosidl_typesupport_fastrtps_cExport.cmake
[3.291s] -- Installing: /home/rama/Documents/code/Docker/moonshot_project/ros2_ws/install/moving_table_interfaces/share/moving_table_interfaces/cmake/export_moving_table_interfaces__rosidl_typesupport_fastrtps_cExport-noconfig.cmake
[3.291s] -- Installing: /home/rama/Documents/code/Docker/moonshot_project/ros2_ws/install/moving_table_interfaces/share/moving_table_interfaces/cmake/moving_table_interfaces__rosidl_typesupport_introspection_cExport.cmake
[3.291s] -- Installing: /home/rama/Documents/code/Docker/moonshot_project/ros2_ws/install/moving_table_interfaces/share/moving_table_interfaces/cmake/moving_table_interfaces__rosidl_typesupport_introspection_cExport-noconfig.cmake
[3.291s] -- Installing: /home/rama/Documents/code/Docker/moonshot_project/ros2_ws/install/moving_table_interfaces/share/moving_table_interfaces/cmake/moving_table_interfaces__rosidl_typesupport_cExport.cmake
[3.291s] -- Installing: /home/rama/Documents/code/Docker/moonshot_project/ros2_ws/install/moving_table_interfaces/share/moving_table_interfaces/cmake/moving_table_interfaces__rosidl_typesupport_cExport-noconfig.cmake
[3.291s] -- Installing: /home/rama/Documents/code/Docker/moonshot_project/ros2_ws/install/moving_table_interfaces/share/moving_table_interfaces/cmake/export_moving_table_interfaces__rosidl_generator_cppExport.cmake
[3.291s] -- Installing: /home/rama/Documents/code/Docker/moonshot_project/ros2_ws/install/moving_table_interfaces/share/moving_table_interfaces/cmake/export_moving_table_interfaces__rosidl_typesupport_fastrtps_cppExport.cmake
[3.291s] -- Installing: /home/rama/Documents/code/Docker/moonshot_project/ros2_ws/install/moving_table_interfaces/share/moving_table_interfaces/cmake/export_moving_table_interfaces__rosidl_typesupport_fastrtps_cppExport-noconfig.cmake
[3.291s] -- Installing: /home/rama/Documents/code/Docker/moonshot_project/ros2_ws/install/moving_table_interfaces/share/moving_table_interfaces/cmake/moving_table_interfaces__rosidl_typesupport_introspection_cppExport.cmake
[3.292s] -- Installing: /home/rama/Documents/code/Docker/moonshot_project/ros2_ws/install/moving_table_interfaces/share/moving_table_interfaces/cmake/moving_table_interfaces__rosidl_typesupport_introspection_cppExport-noconfig.cmake
[3.292s] -- Installing: /home/rama/Documents/code/Docker/moonshot_project/ros2_ws/install/moving_table_interfaces/share/moving_table_interfaces/cmake/moving_table_interfaces__rosidl_typesupport_cppExport.cmake
[3.292s] -- Installing: /home/rama/Documents/code/Docker/moonshot_project/ros2_ws/install/moving_table_interfaces/share/moving_table_interfaces/cmake/moving_table_interfaces__rosidl_typesupport_cppExport-noconfig.cmake
[3.292s] -- Installing: /home/rama/Documents/code/Docker/moonshot_project/ros2_ws/install/moving_table_interfaces/share/moving_table_interfaces/cmake/export_moving_table_interfaces__rosidl_generator_pyExport.cmake
[3.292s] -- Installing: /home/rama/Documents/code/Docker/moonshot_project/ros2_ws/install/moving_table_interfaces/share/moving_table_interfaces/cmake/export_moving_table_interfaces__rosidl_generator_pyExport-noconfig.cmake
[3.292s] -- Installing: /home/rama/Documents/code/Docker/moonshot_project/ros2_ws/install/moving_table_interfaces/share/moving_table_interfaces/cmake/rosidl_cmake-extras.cmake
[3.292s] -- Installing: /home/rama/Documents/code/Docker/moonshot_project/ros2_ws/install/moving_table_interfaces/share/moving_table_interfaces/cmake/ament_cmake_export_include_directories-extras.cmake
[3.292s] -- Installing: /home/rama/Documents/code/Docker/moonshot_project/ros2_ws/install/moving_table_interfaces/share/moving_table_interfaces/cmake/ament_cmake_export_libraries-extras.cmake
[3.292s] -- Installing: /home/rama/Documents/code/Docker/moonshot_project/ros2_ws/install/moving_table_interfaces/share/moving_table_interfaces/cmake/ament_cmake_export_targets-extras.cmake
[3.292s] -- Installing: /home/rama/Documents/code/Docker/moonshot_project/ros2_ws/install/moving_table_interfaces/share/moving_table_interfaces/cmake/rosidl_cmake_export_typesupport_targets-extras.cmake
[3.292s] -- Installing: /home/rama/Documents/code/Docker/moonshot_project/ros2_ws/install/moving_table_interfaces/share/moving_table_interfaces/cmake/ament_cmake_export_dependencies-extras.cmake
[3.292s] -- Installing: /home/rama/Documents/code/Docker/moonshot_project/ros2_ws/install/moving_table_interfaces/share/moving_table_interfaces/cmake/rosidl_cmake_export_typesupport_libraries-extras.cmake
[3.292s] -- Installing: /home/rama/Documents/code/Docker/moonshot_project/ros2_ws/install/moving_table_interfaces/share/moving_table_interfaces/cmake/moving_table_interfacesConfig.cmake
[3.292s] -- Installing: /home/rama/Documents/code/Docker/moonshot_project/ros2_ws/install/moving_table_interfaces/share/moving_table_interfaces/cmake/moving_table_interfacesConfig-version.cmake
[3.292s] -- Installing: /home/rama/Documents/code/Docker/moonshot_project/ros2_ws/install/moving_table_interfaces/share/moving_table_interfaces/package.xml
[3.295s] Invoked command in '/home/rama/Documents/code/Docker/moonshot_project/ros2_ws/build/moving_table_interfaces' returned '0': CMAKE_PREFIX_PATH=${CMAKE_PREFIX_PATH}:/home/rama/Documents/code/Docker/moonshot_project/ros2_ws/install/moving_table_pkg:/opt/ros/humble /usr/bin/cmake --install /home/rama/Documents/code/Docker/moonshot_project/ros2_ws/build/moving_table_interfaces
