[0.015s] Invoking command in '/home/rama/Documents/code/Docker/moonshot_project/ros2_ws/build/kortex_api': CMAKE_PREFIX_PATH=${CMAKE_PREFIX_PATH}:/home/rama/Documents/code/Docker/moonshot_project/ros2_ws/install/moving_table_pkg:/opt/ros/humble /usr/bin/cmake /home/rama/Documents/code/Docker/moonshot_project/ros2_ws/src/ros2_kortex/kortex_api -DROS_EDITION=ROS2 -DHUMBLE_ROS=humble -DCMAKE_INSTALL_PREFIX=/home/rama/Documents/code/Docker/moonshot_project/ros2_ws/install/kortex_api
[5.251s] -- The C compiler identification is GNU 11.4.0
[5.299s] -- The CXX compiler identification is GNU 11.4.0
[5.307s] -- Detecting C compiler ABI info
[5.358s] -- Detecting C compiler ABI info - done
[5.363s] -- Check for working C compiler: /usr/bin/cc - skipped
[5.363s] -- Detecting C compile features
[5.364s] -- Detecting C compile features - done
[5.366s] -- Detecting CXX compiler ABI info
[5.432s] -- Detecting CXX compiler ABI info - done
[5.442s] -- Check for working CXX compiler: /usr/bin/c++ - skipped
[5.442s] -- Detecting CXX compile features
[5.443s] -- Detecting CXX compile features - done
[5.446s] -- Found ament_cmake: 1.3.12 (/opt/ros/humble/share/ament_cmake/cmake)
[5.564s] -- Found Python3: /usr/bin/python3 (found version "3.10.12") found components: Interpreter 
[5.675s] -- Configuring done
[5.676s] -- Generating done
[5.677s] [33mCMake Warning:
[5.677s]   Manually-specified variables were not used by the project:
[5.677s] 
[5.677s]     HUMBLE_ROS
[5.677s]     ROS_EDITION
[5.677s] 
[5.677s] [0m
[5.677s] -- Build files have been written to: /home/rama/Documents/code/Docker/moonshot_project/ros2_ws/build/kortex_api
[5.681s] Invoked command in '/home/rama/Documents/code/Docker/moonshot_project/ros2_ws/build/kortex_api' returned '0': CMAKE_PREFIX_PATH=${CMAKE_PREFIX_PATH}:/home/rama/Documents/code/Docker/moonshot_project/ros2_ws/install/moving_table_pkg:/opt/ros/humble /usr/bin/cmake /home/rama/Documents/code/Docker/moonshot_project/ros2_ws/src/ros2_kortex/kortex_api -DROS_EDITION=ROS2 -DHUMBLE_ROS=humble -DCMAKE_INSTALL_PREFIX=/home/rama/Documents/code/Docker/moonshot_project/ros2_ws/install/kortex_api
[5.682s] Invoking command in '/home/rama/Documents/code/Docker/moonshot_project/ros2_ws/build/kortex_api': CMAKE_PREFIX_PATH=${CMAKE_PREFIX_PATH}:/home/rama/Documents/code/Docker/moonshot_project/ros2_ws/install/moving_table_pkg:/opt/ros/humble /usr/bin/cmake --build /home/rama/Documents/code/Docker/moonshot_project/ros2_ws/build/kortex_api -- -j16 -l16
[5.710s] Invoked command in '/home/rama/Documents/code/Docker/moonshot_project/ros2_ws/build/kortex_api' returned '0': CMAKE_PREFIX_PATH=${CMAKE_PREFIX_PATH}:/home/rama/Documents/code/Docker/moonshot_project/ros2_ws/install/moving_table_pkg:/opt/ros/humble /usr/bin/cmake --build /home/rama/Documents/code/Docker/moonshot_project/ros2_ws/build/kortex_api -- -j16 -l16
[5.711s] Invoking command in '/home/rama/Documents/code/Docker/moonshot_project/ros2_ws/build/kortex_api': CMAKE_PREFIX_PATH=${CMAKE_PREFIX_PATH}:/home/rama/Documents/code/Docker/moonshot_project/ros2_ws/install/moving_table_pkg:/opt/ros/humble /usr/bin/cmake --install /home/rama/Documents/code/Docker/moonshot_project/ros2_ws/build/kortex_api
[5.717s] -- Install configuration: ""
[5.717s] -- Installing: /home/rama/Documents/code/Docker/moonshot_project/ros2_ws/install/kortex_api/include/kortex_api
[5.717s] -- Installing: /home/rama/Documents/code/Docker/moonshot_project/ros2_ws/install/kortex_api/include/kortex_api/RouterClient.h
[5.717s] -- Installing: /home/rama/Documents/code/Docker/moonshot_project/ros2_ws/install/kortex_api/include/kortex_api/NotificationHandler.h
[5.717s] -- Installing: /home/rama/Documents/code/Docker/moonshot_project/ros2_ws/install/kortex_api/include/kortex_api/FrameHandler.h
[5.718s] -- Installing: /home/rama/Documents/code/Docker/moonshot_project/ros2_ws/install/kortex_api/include/kortex_api/version.h
[5.718s] -- Installing: /home/rama/Documents/code/Docker/moonshot_project/ros2_ws/install/kortex_api/include/kortex_api/TransportClientTcp.h
[5.718s] -- Installing: /home/rama/Documents/code/Docker/moonshot_project/ros2_ws/install/kortex_api/include/kortex_api/ITransportClient.h
[5.718s] -- Installing: /home/rama/Documents/code/Docker/moonshot_project/ros2_ws/install/kortex_api/include/kortex_api/TransportClientUdp.h
[5.718s] -- Installing: /home/rama/Documents/code/Docker/moonshot_project/ros2_ws/install/kortex_api/include/kortex_api/IRouterClient.h
[5.718s] -- Installing: /home/rama/Documents/code/Docker/moonshot_project/ros2_ws/install/kortex_api/include/kortex_api/SessionManager.h
[5.718s] -- Up-to-date: /home/rama/Documents/code/Docker/moonshot_project/ros2_ws/install/kortex_api/include/kortex_api
[5.718s] -- Installing: /home/rama/Documents/code/Docker/moonshot_project/ros2_ws/install/kortex_api/include/kortex_api/HeaderInfo.h
[5.718s] -- Installing: /home/rama/Documents/code/Docker/moonshot_project/ros2_ws/install/kortex_api/include/kortex_api/KinovaTcpUtilities.h
[5.718s] -- Installing: /home/rama/Documents/code/Docker/moonshot_project/ros2_ws/install/kortex_api/include/kortex_api/KError.h
[5.718s] -- Installing: /home/rama/Documents/code/Docker/moonshot_project/ros2_ws/install/kortex_api/include/kortex_api/KBasicException.h
[5.718s] -- Up-to-date: /home/rama/Documents/code/Docker/moonshot_project/ros2_ws/install/kortex_api/include/kortex_api/version.h
[5.718s] -- Installing: /home/rama/Documents/code/Docker/moonshot_project/ros2_ws/install/kortex_api/include/kortex_api/KDetailedException.h
[5.718s] -- Installing: /home/rama/Documents/code/Docker/moonshot_project/ros2_ws/install/kortex_api/include/kortex_api/Frame.h
[5.718s] -- Installing: /home/rama/Documents/code/Docker/moonshot_project/ros2_ws/install/kortex_api/include/kortex_api/TransportBridgeDummy.h
[5.718s] -- Up-to-date: /home/rama/Documents/code/Docker/moonshot_project/ros2_ws/install/kortex_api/include/kortex_api
[5.718s] -- Installing: /home/rama/Documents/code/Docker/moonshot_project/ros2_ws/install/kortex_api/include/kortex_api/Test.pb.h
[5.718s] -- Installing: /home/rama/Documents/code/Docker/moonshot_project/ros2_ws/install/kortex_api/include/kortex_api/BaseCyclic.pb.h
[5.718s] -- Installing: /home/rama/Documents/code/Docker/moonshot_project/ros2_ws/install/kortex_api/include/kortex_api/ActuatorConfig.pb.h
[5.719s] -- Installing: /home/rama/Documents/code/Docker/moonshot_project/ros2_ws/install/kortex_api/include/kortex_api/Base.pb.h
[5.719s] -- Installing: /home/rama/Documents/code/Docker/moonshot_project/ros2_ws/install/kortex_api/include/kortex_api/GripperConfig.pb.h
[5.719s] -- Installing: /home/rama/Documents/code/Docker/moonshot_project/ros2_ws/install/kortex_api/include/kortex_api/Session.pb.h
[5.720s] -- Installing: /home/rama/Documents/code/Docker/moonshot_project/ros2_ws/install/kortex_api/include/kortex_api/Frame.pb.h
[5.720s] -- Installing: /home/rama/Documents/code/Docker/moonshot_project/ros2_ws/install/kortex_api/include/kortex_api/InterconnectCyclic.pb.h
[5.720s] -- Installing: /home/rama/Documents/code/Docker/moonshot_project/ros2_ws/install/kortex_api/include/kortex_api/ControlConfig.pb.h
[5.720s] -- Installing: /home/rama/Documents/code/Docker/moonshot_project/ros2_ws/install/kortex_api/include/kortex_api/DeviceConfig.pb.h
[5.720s] -- Installing: /home/rama/Documents/code/Docker/moonshot_project/ros2_ws/install/kortex_api/include/kortex_api/Common.pb.h
[5.720s] -- Installing: /home/rama/Documents/code/Docker/moonshot_project/ros2_ws/install/kortex_api/include/kortex_api/VisionConfig.pb.h
[5.720s] -- Installing: /home/rama/Documents/code/Docker/moonshot_project/ros2_ws/install/kortex_api/include/kortex_api/ActuatorCyclic.pb.h
[5.720s] -- Installing: /home/rama/Documents/code/Docker/moonshot_project/ros2_ws/install/kortex_api/include/kortex_api/GripperCyclic.pb.h
[5.720s] -- Installing: /home/rama/Documents/code/Docker/moonshot_project/ros2_ws/install/kortex_api/include/kortex_api/Errors.pb.h
[5.720s] -- Installing: /home/rama/Documents/code/Docker/moonshot_project/ros2_ws/install/kortex_api/include/kortex_api/DeviceManager.pb.h
[5.720s] -- Installing: /home/rama/Documents/code/Docker/moonshot_project/ros2_ws/install/kortex_api/include/kortex_api/InterconnectCyclicMessage.pb.h
[5.721s] -- Installing: /home/rama/Documents/code/Docker/moonshot_project/ros2_ws/install/kortex_api/include/kortex_api/InterconnectConfig.pb.h
[5.721s] -- Installing: /home/rama/Documents/code/Docker/moonshot_project/ros2_ws/install/kortex_api/include/kortex_api/ProductConfiguration.pb.h
[5.721s] -- Installing: /home/rama/Documents/code/Docker/moonshot_project/ros2_ws/install/kortex_api/include/kortex_api/GripperCyclicMessage.pb.h
[5.721s] -- Up-to-date: /home/rama/Documents/code/Docker/moonshot_project/ros2_ws/install/kortex_api/include/kortex_api
[5.721s] -- Installing: /home/rama/Documents/code/Docker/moonshot_project/ros2_ws/install/kortex_api/include/kortex_api/ActuatorConfigClientRpc.h
[5.721s] -- Installing: /home/rama/Documents/code/Docker/moonshot_project/ros2_ws/install/kortex_api/include/kortex_api/TestClientRpc.h
[5.721s] -- Installing: /home/rama/Documents/code/Docker/moonshot_project/ros2_ws/install/kortex_api/include/kortex_api/DeviceConfigClientRpc.h
[5.721s] -- Installing: /home/rama/Documents/code/Docker/moonshot_project/ros2_ws/install/kortex_api/include/kortex_api/ControlConfigClientRpc.h
[5.721s] -- Installing: /home/rama/Documents/code/Docker/moonshot_project/ros2_ws/install/kortex_api/include/kortex_api/ActuatorCyclicClientRpc.h
[5.721s] -- Installing: /home/rama/Documents/code/Docker/moonshot_project/ros2_ws/install/kortex_api/include/kortex_api/InterconnectConfigClientRpc.h
[5.721s] -- Installing: /home/rama/Documents/code/Docker/moonshot_project/ros2_ws/install/kortex_api/include/kortex_api/InterconnectCyclicClientRpc.h
[5.721s] -- Installing: /home/rama/Documents/code/Docker/moonshot_project/ros2_ws/install/kortex_api/include/kortex_api/SessionClientRpc.h
[5.721s] -- Installing: /home/rama/Documents/code/Docker/moonshot_project/ros2_ws/install/kortex_api/include/kortex_api/GripperCyclicClientRpc.h
[5.722s] -- Installing: /home/rama/Documents/code/Docker/moonshot_project/ros2_ws/install/kortex_api/include/kortex_api/VisionConfigClientRpc.h
[5.722s] -- Installing: /home/rama/Documents/code/Docker/moonshot_project/ros2_ws/install/kortex_api/include/kortex_api/BaseCyclicClientRpc.h
[5.722s] -- Installing: /home/rama/Documents/code/Docker/moonshot_project/ros2_ws/install/kortex_api/include/kortex_api/DeviceManagerClientRpc.h
[5.722s] -- Installing: /home/rama/Documents/code/Docker/moonshot_project/ros2_ws/install/kortex_api/include/kortex_api/BaseClientRpc.h
[5.722s] -- Installing: /home/rama/Documents/code/Docker/moonshot_project/ros2_ws/install/kortex_api/include/kortex_api/google/protobuf
[5.722s] -- Installing: /home/rama/Documents/code/Docker/moonshot_project/ros2_ws/install/kortex_api/include/kortex_api/google/protobuf/text_format.h
[5.722s] -- Installing: /home/rama/Documents/code/Docker/moonshot_project/ros2_ws/install/kortex_api/include/kortex_api/google/protobuf/arena_impl.h
[5.722s] -- Installing: /home/rama/Documents/code/Docker/moonshot_project/ros2_ws/install/kortex_api/include/kortex_api/google/protobuf/arena.h
[5.722s] -- Installing: /home/rama/Documents/code/Docker/moonshot_project/ros2_ws/install/kortex_api/include/kortex_api/google/protobuf/dynamic_message.h
[5.722s] -- Installing: /home/rama/Documents/code/Docker/moonshot_project/ros2_ws/install/kortex_api/include/kortex_api/google/protobuf/generated_message_util.h
[5.722s] -- Installing: /home/rama/Documents/code/Docker/moonshot_project/ros2_ws/install/kortex_api/include/kortex_api/google/protobuf/map_type_handler.h
[5.722s] -- Installing: /home/rama/Documents/code/Docker/moonshot_project/ros2_ws/install/kortex_api/include/kortex_api/google/protobuf/reflection.h
[5.722s] -- Installing: /home/rama/Documents/code/Docker/moonshot_project/ros2_ws/install/kortex_api/include/kortex_api/google/protobuf/message_lite.h
[5.723s] -- Installing: /home/rama/Documents/code/Docker/moonshot_project/ros2_ws/install/kortex_api/include/kortex_api/google/protobuf/stubs
[5.723s] -- Installing: /home/rama/Documents/code/Docker/moonshot_project/ros2_ws/install/kortex_api/include/kortex_api/google/protobuf/stubs/type_traits.h
[5.723s] -- Installing: /home/rama/Documents/code/Docker/moonshot_project/ros2_ws/install/kortex_api/include/kortex_api/google/protobuf/stubs/atomicops_internals_arm_qnx.h
[5.723s] -- Installing: /home/rama/Documents/code/Docker/moonshot_project/ros2_ws/install/kortex_api/include/kortex_api/google/protobuf/stubs/template_util.h
[5.723s] -- Installing: /home/rama/Documents/code/Docker/moonshot_project/ros2_ws/install/kortex_api/include/kortex_api/google/protobuf/stubs/stl_util.h
[5.723s] -- Installing: /home/rama/Documents/code/Docker/moonshot_project/ros2_ws/install/kortex_api/include/kortex_api/google/protobuf/stubs/scoped_ptr.h
[5.723s] -- Installing: /home/rama/Documents/code/Docker/moonshot_project/ros2_ws/install/kortex_api/include/kortex_api/google/protobuf/stubs/fastmem.h
[5.723s] -- Installing: /home/rama/Documents/code/Docker/moonshot_project/ros2_ws/install/kortex_api/include/kortex_api/google/protobuf/stubs/atomicops_internals_generic_gcc.h
[5.723s] -- Installing: /home/rama/Documents/code/Docker/moonshot_project/ros2_ws/install/kortex_api/include/kortex_api/google/protobuf/stubs/casts.h
[5.723s] -- Installing: /home/rama/Documents/code/Docker/moonshot_project/ros2_ws/install/kortex_api/include/kortex_api/google/protobuf/stubs/stringpiece.h
[5.723s] -- Installing: /home/rama/Documents/code/Docker/moonshot_project/ros2_ws/install/kortex_api/include/kortex_api/google/protobuf/stubs/macros.h
[5.723s] -- Installing: /home/rama/Documents/code/Docker/moonshot_project/ros2_ws/install/kortex_api/include/kortex_api/google/protobuf/stubs/atomicops_internals_mips_gcc.h
[5.723s] -- Installing: /home/rama/Documents/code/Docker/moonshot_project/ros2_ws/install/kortex_api/include/kortex_api/google/protobuf/stubs/once.h
[5.723s] -- Installing: /home/rama/Documents/code/Docker/moonshot_project/ros2_ws/install/kortex_api/include/kortex_api/google/protobuf/stubs/common.h
[5.723s] -- Installing: /home/rama/Documents/code/Docker/moonshot_project/ros2_ws/install/kortex_api/include/kortex_api/google/protobuf/stubs/atomicops.h
[5.723s] -- Installing: /home/rama/Documents/code/Docker/moonshot_project/ros2_ws/install/kortex_api/include/kortex_api/google/protobuf/stubs/atomicops_internals_generic_c11_atomic.h
[5.723s] -- Installing: /home/rama/Documents/code/Docker/moonshot_project/ros2_ws/install/kortex_api/include/kortex_api/google/protobuf/stubs/atomicops_internals_x86_gcc.h
[5.724s] -- Installing: /home/rama/Documents/code/Docker/moonshot_project/ros2_ws/install/kortex_api/include/kortex_api/google/protobuf/stubs/atomicops_internals_power.h
[5.724s] -- Installing: /home/rama/Documents/code/Docker/moonshot_project/ros2_ws/install/kortex_api/include/kortex_api/google/protobuf/stubs/atomicops_internals_ppc_gcc.h
[5.724s] -- Installing: /home/rama/Documents/code/Docker/moonshot_project/ros2_ws/install/kortex_api/include/kortex_api/google/protobuf/stubs/shared_ptr.h
[5.724s] -- Installing: /home/rama/Documents/code/Docker/moonshot_project/ros2_ws/install/kortex_api/include/kortex_api/google/protobuf/stubs/port.h
[5.724s] -- Installing: /home/rama/Documents/code/Docker/moonshot_project/ros2_ws/install/kortex_api/include/kortex_api/google/protobuf/stubs/atomicops_internals_solaris.h
[5.724s] -- Installing: /home/rama/Documents/code/Docker/moonshot_project/ros2_ws/install/kortex_api/include/kortex_api/google/protobuf/stubs/atomicops_internals_x86_msvc.h
[5.724s] -- Installing: /home/rama/Documents/code/Docker/moonshot_project/ros2_ws/install/kortex_api/include/kortex_api/google/protobuf/stubs/mutex.h
[5.724s] -- Installing: /home/rama/Documents/code/Docker/moonshot_project/ros2_ws/install/kortex_api/include/kortex_api/google/protobuf/stubs/atomicops_internals_arm_gcc.h
[5.724s] -- Installing: /home/rama/Documents/code/Docker/moonshot_project/ros2_ws/install/kortex_api/include/kortex_api/google/protobuf/stubs/atomic_sequence_num.h
[5.724s] -- Installing: /home/rama/Documents/code/Docker/moonshot_project/ros2_ws/install/kortex_api/include/kortex_api/google/protobuf/stubs/hash.h
[5.724s] -- Installing: /home/rama/Documents/code/Docker/moonshot_project/ros2_ws/install/kortex_api/include/kortex_api/google/protobuf/stubs/atomicops_internals_tsan.h
[5.724s] -- Installing: /home/rama/Documents/code/Docker/moonshot_project/ros2_ws/install/kortex_api/include/kortex_api/google/protobuf/stubs/callback.h
[5.724s] -- Installing: /home/rama/Documents/code/Docker/moonshot_project/ros2_ws/install/kortex_api/include/kortex_api/google/protobuf/stubs/platform_macros.h
[5.724s] -- Installing: /home/rama/Documents/code/Docker/moonshot_project/ros2_ws/install/kortex_api/include/kortex_api/google/protobuf/stubs/singleton.h
[5.724s] -- Installing: /home/rama/Documents/code/Docker/moonshot_project/ros2_ws/install/kortex_api/include/kortex_api/google/protobuf/stubs/atomicops_internals_arm64_gcc.h
[5.724s] -- Installing: /home/rama/Documents/code/Docker/moonshot_project/ros2_ws/install/kortex_api/include/kortex_api/google/protobuf/stubs/logging.h
[5.724s] -- Installing: /home/rama/Documents/code/Docker/moonshot_project/ros2_ws/install/kortex_api/include/kortex_api/google/protobuf/stubs/bytestream.h
[5.724s] -- Installing: /home/rama/Documents/code/Docker/moonshot_project/ros2_ws/install/kortex_api/include/kortex_api/google/protobuf/stubs/status.h
[5.725s] -- Installing: /home/rama/Documents/code/Docker/moonshot_project/ros2_ws/install/kortex_api/include/kortex_api/google/protobuf/reflection_ops.h
[5.725s] -- Installing: /home/rama/Documents/code/Docker/moonshot_project/ros2_ws/install/kortex_api/include/kortex_api/google/protobuf/message.h
[5.725s] -- Installing: /home/rama/Documents/code/Docker/moonshot_project/ros2_ws/install/kortex_api/include/kortex_api/google/protobuf/map_entry_lite.h
[5.725s] -- Installing: /home/rama/Documents/code/Docker/moonshot_project/ros2_ws/install/kortex_api/include/kortex_api/google/protobuf/map_field.h
[5.725s] -- Installing: /home/rama/Documents/code/Docker/moonshot_project/ros2_ws/install/kortex_api/include/kortex_api/google/protobuf/io
[5.725s] -- Installing: /home/rama/Documents/code/Docker/moonshot_project/ros2_ws/install/kortex_api/include/kortex_api/google/protobuf/io/zero_copy_stream.h
[5.725s] -- Installing: /home/rama/Documents/code/Docker/moonshot_project/ros2_ws/install/kortex_api/include/kortex_api/google/protobuf/io/tokenizer.h
[5.725s] -- Installing: /home/rama/Documents/code/Docker/moonshot_project/ros2_ws/install/kortex_api/include/kortex_api/google/protobuf/io/coded_stream.h
[5.725s] -- Installing: /home/rama/Documents/code/Docker/moonshot_project/ros2_ws/install/kortex_api/include/kortex_api/google/protobuf/io/zero_copy_stream_impl.h
[5.725s] -- Installing: /home/rama/Documents/code/Docker/moonshot_project/ros2_ws/install/kortex_api/include/kortex_api/google/protobuf/io/printer.h
[5.725s] -- Installing: /home/rama/Documents/code/Docker/moonshot_project/ros2_ws/install/kortex_api/include/kortex_api/google/protobuf/io/gzip_stream.h
[5.725s] -- Installing: /home/rama/Documents/code/Docker/moonshot_project/ros2_ws/install/kortex_api/include/kortex_api/google/protobuf/io/zero_copy_stream_impl_lite.h
[5.725s] -- Installing: /home/rama/Documents/code/Docker/moonshot_project/ros2_ws/install/kortex_api/include/kortex_api/google/protobuf/io/strtod.h
[5.725s] -- Installing: /home/rama/Documents/code/Docker/moonshot_project/ros2_ws/install/kortex_api/include/kortex_api/google/protobuf/wire_format.h
[5.725s] -- Installing: /home/rama/Documents/code/Docker/moonshot_project/ros2_ws/install/kortex_api/include/kortex_api/google/protobuf/api.pb.h
[5.725s] -- Installing: /home/rama/Documents/code/Docker/moonshot_project/ros2_ws/install/kortex_api/include/kortex_api/google/protobuf/generated_enum_reflection.h
[5.726s] -- Installing: /home/rama/Documents/code/Docker/moonshot_project/ros2_ws/install/kortex_api/include/kortex_api/google/protobuf/generated_message_table_driven.h
[5.726s] -- Installing: /home/rama/Documents/code/Docker/moonshot_project/ros2_ws/install/kortex_api/include/kortex_api/google/protobuf/wrappers.pb.h
[5.726s] -- Installing: /home/rama/Documents/code/Docker/moonshot_project/ros2_ws/install/kortex_api/include/kortex_api/google/protobuf/has_bits.h
[5.726s] -- Installing: /home/rama/Documents/code/Docker/moonshot_project/ros2_ws/install/kortex_api/include/kortex_api/google/protobuf/metadata_lite.h
[5.726s] -- Installing: /home/rama/Documents/code/Docker/moonshot_project/ros2_ws/install/kortex_api/include/kortex_api/google/protobuf/any.pb.h
[5.726s] -- Installing: /home/rama/Documents/code/Docker/moonshot_project/ros2_ws/install/kortex_api/include/kortex_api/google/protobuf/service.h
[5.726s] -- Installing: /home/rama/Documents/code/Docker/moonshot_project/ros2_ws/install/kortex_api/include/kortex_api/google/protobuf/repeated_field.h
[5.726s] -- Installing: /home/rama/Documents/code/Docker/moonshot_project/ros2_ws/install/kortex_api/include/kortex_api/google/protobuf/unknown_field_set.h
[5.726s] -- Installing: /home/rama/Documents/code/Docker/moonshot_project/ros2_ws/install/kortex_api/include/kortex_api/google/protobuf/generated_enum_util.h
[5.726s] -- Installing: /home/rama/Documents/code/Docker/moonshot_project/ros2_ws/install/kortex_api/include/kortex_api/google/protobuf/generated_message_reflection.h
[5.726s] -- Installing: /home/rama/Documents/code/Docker/moonshot_project/ros2_ws/install/kortex_api/include/kortex_api/google/protobuf/map_entry.h
[5.726s] -- Installing: /home/rama/Documents/code/Docker/moonshot_project/ros2_ws/install/kortex_api/include/kortex_api/google/protobuf/empty.pb.h
[5.726s] -- Installing: /home/rama/Documents/code/Docker/moonshot_project/ros2_ws/install/kortex_api/include/kortex_api/google/protobuf/extension_set.h
[5.726s] -- Installing: /home/rama/Documents/code/Docker/moonshot_project/ros2_ws/install/kortex_api/include/kortex_api/google/protobuf/any.h
[5.726s] -- Installing: /home/rama/Documents/code/Docker/moonshot_project/ros2_ws/install/kortex_api/include/kortex_api/google/protobuf/compiler
[5.726s] -- Installing: /home/rama/Documents/code/Docker/moonshot_project/ros2_ws/install/kortex_api/include/kortex_api/google/protobuf/compiler/js
[5.727s] -- Installing: /home/rama/Documents/code/Docker/moonshot_project/ros2_ws/install/kortex_api/include/kortex_api/google/protobuf/compiler/js/js_generator.h
[5.727s] -- Installing: /home/rama/Documents/code/Docker/moonshot_project/ros2_ws/install/kortex_api/include/kortex_api/google/protobuf/compiler/js/well_known_types_embed.h
[5.727s] -- Installing: /home/rama/Documents/code/Docker/moonshot_project/ros2_ws/install/kortex_api/include/kortex_api/google/protobuf/compiler/php
[5.727s] -- Installing: /home/rama/Documents/code/Docker/moonshot_project/ros2_ws/install/kortex_api/include/kortex_api/google/protobuf/compiler/php/php_generator.h
[5.727s] -- Installing: /home/rama/Documents/code/Docker/moonshot_project/ros2_ws/install/kortex_api/include/kortex_api/google/protobuf/compiler/ruby
[5.727s] -- Installing: /home/rama/Documents/code/Docker/moonshot_project/ros2_ws/install/kortex_api/include/kortex_api/google/protobuf/compiler/ruby/ruby_generator.h
[5.727s] -- Installing: /home/rama/Documents/code/Docker/moonshot_project/ros2_ws/install/kortex_api/include/kortex_api/google/protobuf/compiler/java
[5.727s] -- Installing: /home/rama/Documents/code/Docker/moonshot_project/ros2_ws/install/kortex_api/include/kortex_api/google/protobuf/compiler/java/java_generator.h
[5.727s] -- Installing: /home/rama/Documents/code/Docker/moonshot_project/ros2_ws/install/kortex_api/include/kortex_api/google/protobuf/compiler/java/java_names.h
[5.727s] -- Installing: /home/rama/Documents/code/Docker/moonshot_project/ros2_ws/install/kortex_api/include/kortex_api/google/protobuf/compiler/command_line_interface.h
[5.727s] -- Installing: /home/rama/Documents/code/Docker/moonshot_project/ros2_ws/install/kortex_api/include/kortex_api/google/protobuf/compiler/python
[5.727s] -- Installing: /home/rama/Documents/code/Docker/moonshot_project/ros2_ws/install/kortex_api/include/kortex_api/google/protobuf/compiler/python/python_generator.h
[5.727s] -- Installing: /home/rama/Documents/code/Docker/moonshot_project/ros2_ws/install/kortex_api/include/kortex_api/google/protobuf/compiler/plugin.h
[5.727s] -- Installing: /home/rama/Documents/code/Docker/moonshot_project/ros2_ws/install/kortex_api/include/kortex_api/google/protobuf/compiler/plugin.pb.h
[5.727s] -- Installing: /home/rama/Documents/code/Docker/moonshot_project/ros2_ws/install/kortex_api/include/kortex_api/google/protobuf/compiler/code_generator.h
[5.727s] -- Installing: /home/rama/Documents/code/Docker/moonshot_project/ros2_ws/install/kortex_api/include/kortex_api/google/protobuf/compiler/objectivec
[5.727s] -- Installing: /home/rama/Documents/code/Docker/moonshot_project/ros2_ws/install/kortex_api/include/kortex_api/google/protobuf/compiler/objectivec/objectivec_helpers.h
[5.727s] -- Installing: /home/rama/Documents/code/Docker/moonshot_project/ros2_ws/install/kortex_api/include/kortex_api/google/protobuf/compiler/objectivec/objectivec_generator.h
[5.727s] -- Installing: /home/rama/Documents/code/Docker/moonshot_project/ros2_ws/install/kortex_api/include/kortex_api/google/protobuf/compiler/parser.h
[5.727s] -- Installing: /home/rama/Documents/code/Docker/moonshot_project/ros2_ws/install/kortex_api/include/kortex_api/google/protobuf/compiler/csharp
[5.728s] -- Installing: /home/rama/Documents/code/Docker/moonshot_project/ros2_ws/install/kortex_api/include/kortex_api/google/protobuf/compiler/csharp/csharp_names.h
[5.728s] -- Installing: /home/rama/Documents/code/Docker/moonshot_project/ros2_ws/install/kortex_api/include/kortex_api/google/protobuf/compiler/csharp/csharp_generator.h
[5.728s] -- Installing: /home/rama/Documents/code/Docker/moonshot_project/ros2_ws/install/kortex_api/include/kortex_api/google/protobuf/compiler/javanano
[5.728s] -- Installing: /home/rama/Documents/code/Docker/moonshot_project/ros2_ws/install/kortex_api/include/kortex_api/google/protobuf/compiler/javanano/javanano_generator.h
[5.728s] -- Installing: /home/rama/Documents/code/Docker/moonshot_project/ros2_ws/install/kortex_api/include/kortex_api/google/protobuf/compiler/cpp
[5.728s] -- Installing: /home/rama/Documents/code/Docker/moonshot_project/ros2_ws/install/kortex_api/include/kortex_api/google/protobuf/compiler/cpp/cpp_generator.h
[5.728s] -- Installing: /home/rama/Documents/code/Docker/moonshot_project/ros2_ws/install/kortex_api/include/kortex_api/google/protobuf/compiler/importer.h
[5.728s] -- Installing: /home/rama/Documents/code/Docker/moonshot_project/ros2_ws/install/kortex_api/include/kortex_api/google/protobuf/wire_format_lite_inl.h
[5.728s] -- Installing: /home/rama/Documents/code/Docker/moonshot_project/ros2_ws/install/kortex_api/include/kortex_api/google/protobuf/metadata.h
[5.728s] -- Installing: /home/rama/Documents/code/Docker/moonshot_project/ros2_ws/install/kortex_api/include/kortex_api/google/protobuf/map.h
[5.728s] -- Installing: /home/rama/Documents/code/Docker/moonshot_project/ros2_ws/install/kortex_api/include/kortex_api/google/protobuf/descriptor.pb.h
[5.728s] -- Installing: /home/rama/Documents/code/Docker/moonshot_project/ros2_ws/install/kortex_api/include/kortex_api/google/protobuf/map_field_inl.h
[5.729s] -- Installing: /home/rama/Documents/code/Docker/moonshot_project/ros2_ws/install/kortex_api/include/kortex_api/google/protobuf/source_context.pb.h
[5.729s] -- Installing: /home/rama/Documents/code/Docker/moonshot_project/ros2_ws/install/kortex_api/include/kortex_api/google/protobuf/field_mask.pb.h
[5.729s] -- Installing: /home/rama/Documents/code/Docker/moonshot_project/ros2_ws/install/kortex_api/include/kortex_api/google/protobuf/map_field_lite.h
[5.729s] -- Installing: /home/rama/Documents/code/Docker/moonshot_project/ros2_ws/install/kortex_api/include/kortex_api/google/protobuf/arenastring.h
[5.729s] -- Installing: /home/rama/Documents/code/Docker/moonshot_project/ros2_ws/install/kortex_api/include/kortex_api/google/protobuf/util
[5.729s] -- Installing: /home/rama/Documents/code/Docker/moonshot_project/ros2_ws/install/kortex_api/include/kortex_api/google/protobuf/util/type_resolver_util.h
[5.729s] -- Installing: /home/rama/Documents/code/Docker/moonshot_project/ros2_ws/install/kortex_api/include/kortex_api/google/protobuf/util/type_resolver.h
[5.729s] -- Installing: /home/rama/Documents/code/Docker/moonshot_project/ros2_ws/install/kortex_api/include/kortex_api/google/protobuf/util/field_mask_util.h
[5.729s] -- Installing: /home/rama/Documents/code/Docker/moonshot_project/ros2_ws/install/kortex_api/include/kortex_api/google/protobuf/util/json_util.h
[5.729s] -- Installing: /home/rama/Documents/code/Docker/moonshot_project/ros2_ws/install/kortex_api/include/kortex_api/google/protobuf/util/time_util.h
[5.729s] -- Installing: /home/rama/Documents/code/Docker/moonshot_project/ros2_ws/install/kortex_api/include/kortex_api/google/protobuf/util/delimited_message_util.h
[5.729s] -- Installing: /home/rama/Documents/code/Docker/moonshot_project/ros2_ws/install/kortex_api/include/kortex_api/google/protobuf/util/message_differencer.h
[5.729s] -- Installing: /home/rama/Documents/code/Docker/moonshot_project/ros2_ws/install/kortex_api/include/kortex_api/google/protobuf/util/field_comparator.h
[5.729s] -- Installing: /home/rama/Documents/code/Docker/moonshot_project/ros2_ws/install/kortex_api/include/kortex_api/google/protobuf/descriptor.h
[5.729s] -- Installing: /home/rama/Documents/code/Docker/moonshot_project/ros2_ws/install/kortex_api/include/kortex_api/google/protobuf/descriptor_database.h
[5.730s] -- Installing: /home/rama/Documents/code/Docker/moonshot_project/ros2_ws/install/kortex_api/include/kortex_api/google/protobuf/timestamp.pb.h
[5.730s] -- Installing: /home/rama/Documents/code/Docker/moonshot_project/ros2_ws/install/kortex_api/include/kortex_api/google/protobuf/wire_format_lite.h
[5.730s] -- Installing: /home/rama/Documents/code/Docker/moonshot_project/ros2_ws/install/kortex_api/include/kortex_api/google/protobuf/struct.pb.h
[5.730s] -- Installing: /home/rama/Documents/code/Docker/moonshot_project/ros2_ws/install/kortex_api/include/kortex_api/google/protobuf/type.pb.h
[5.730s] -- Installing: /home/rama/Documents/code/Docker/moonshot_project/ros2_ws/install/kortex_api/include/kortex_api/google/protobuf/duration.pb.h
[5.730s] -- Installing: /home/rama/Documents/code/Docker/moonshot_project/ros2_ws/install/kortex_api/share/ament_index/resource_index/package_run_dependencies/kortex_api
[5.730s] -- Installing: /home/rama/Documents/code/Docker/moonshot_project/ros2_ws/install/kortex_api/share/ament_index/resource_index/parent_prefix_path/kortex_api
[5.730s] -- Installing: /home/rama/Documents/code/Docker/moonshot_project/ros2_ws/install/kortex_api/share/kortex_api/environment/ament_prefix_path.sh
[5.730s] -- Installing: /home/rama/Documents/code/Docker/moonshot_project/ros2_ws/install/kortex_api/share/kortex_api/environment/ament_prefix_path.dsv
[5.730s] -- Installing: /home/rama/Documents/code/Docker/moonshot_project/ros2_ws/install/kortex_api/share/kortex_api/environment/path.sh
[5.730s] -- Installing: /home/rama/Documents/code/Docker/moonshot_project/ros2_ws/install/kortex_api/share/kortex_api/environment/path.dsv
[5.730s] -- Installing: /home/rama/Documents/code/Docker/moonshot_project/ros2_ws/install/kortex_api/share/kortex_api/local_setup.bash
[5.731s] -- Installing: /home/rama/Documents/code/Docker/moonshot_project/ros2_ws/install/kortex_api/share/kortex_api/local_setup.sh
[5.731s] -- Installing: /home/rama/Documents/code/Docker/moonshot_project/ros2_ws/install/kortex_api/share/kortex_api/local_setup.zsh
[5.731s] -- Installing: /home/rama/Documents/code/Docker/moonshot_project/ros2_ws/install/kortex_api/share/kortex_api/local_setup.dsv
[5.731s] -- Installing: /home/rama/Documents/code/Docker/moonshot_project/ros2_ws/install/kortex_api/share/kortex_api/package.dsv
[5.731s] -- Installing: /home/rama/Documents/code/Docker/moonshot_project/ros2_ws/install/kortex_api/share/ament_index/resource_index/packages/kortex_api
[5.731s] -- Installing: /home/rama/Documents/code/Docker/moonshot_project/ros2_ws/install/kortex_api/share/kortex_api/cmake/ament_cmake_export_include_directories-extras.cmake
[5.731s] -- Installing: /home/rama/Documents/code/Docker/moonshot_project/ros2_ws/install/kortex_api/share/kortex_api/cmake/kortex_apiConfig.cmake
[5.731s] -- Installing: /home/rama/Documents/code/Docker/moonshot_project/ros2_ws/install/kortex_api/share/kortex_api/cmake/kortex_apiConfig-version.cmake
[5.731s] -- Installing: /home/rama/Documents/code/Docker/moonshot_project/ros2_ws/install/kortex_api/share/kortex_api/package.xml
[5.733s] Invoked command in '/home/rama/Documents/code/Docker/moonshot_project/ros2_ws/build/kortex_api' returned '0': CMAKE_PREFIX_PATH=${CMAKE_PREFIX_PATH}:/home/rama/Documents/code/Docker/moonshot_project/ros2_ws/install/moving_table_pkg:/opt/ros/humble /usr/bin/cmake --install /home/rama/Documents/code/Docker/moonshot_project/ros2_ws/build/kortex_api
