OK   g34_planonly_plans_g34_R0.jsonl#2 plan n 125 CLEAR 622.731 / CLEAR 622.731 57.79->3.91s
OK   g34_planonly_plans_g34_R0.jsonl#2 retract n 60 CLEAR 622.731 / CLEAR 622.731 30.69->4.55s
OK   g34_planonly_plans_g34_R10.jsonl#8 plan n 129 CLEAR 583.779 / CLEAR 583.779 64.94->2.63s
OK   g34_planonly_plans_g34_R10.jsonl#8 retract n 60 CLEAR 583.804 / CLEAR 583.804 32.31->2.03s
OK   g34_planonly_plans_g34b_hw_R0.jsonl#0 plan n 127 CLEAR 556.069 / CLEAR 556.069 57.49->2.27s
OK   g34_planonly_plans_g34b_hw_R0.jsonl#0 retract n 60 CLEAR 556.089 / CLEAR 556.089 26.06->1.60s
OK   g34_planonly_plans_g34b_hw_R0.jsonl#10 plan n 92 CLEAR 622.731 / CLEAR 622.731 46.64->2.04s
OK   g34_planonly_plans_g34b_hw_R0.jsonl#10 retract n 60 CLEAR 622.731 / CLEAR 622.731 29.22->3.41s
OK   g34_planonly_plans_g34b_hw_R10.jsonl#2 plan n 53 CLEAR 490.855 / CLEAR 490.855 25.89->1.85s
OK   g34_planonly_plans_g34b_hw_R10.jsonl#2 retract n 60 CLEAR 490.952 / CLEAR 490.952 28.07->2.15s
OK   g34_planonly_plans_g34b_hw_R10.jsonl#12 plan n 126 CLEAR 578.369 / CLEAR 578.369 55.95->2.04s
OK   g34_planonly_plans_g34b_hw_R10.jsonl#12 retract n 60 CLEAR 578.368 / CLEAR 578.368 24.46->2.33s
OK   g34_planonly_plans_g34n_R0.jsonl#4 plan n 101 CLEAR 622.731 / CLEAR 622.731 54.08->2.21s
OK   g34_planonly_plans_g34n_R0.jsonl#4 retract n 60 CLEAR 622.731 / CLEAR 622.731 31.82->2.89s
OK   g34_planonly_plans_g34n_R0.jsonl#14 plan n 128 CLEAR 622.731 / CLEAR 622.731 65.76->3.36s
OK   g34_planonly_plans_g34n_R0.jsonl#14 retract n 60 CLEAR 622.731 / CLEAR 622.731 32.61->4.65s
OK   g34_planonly_plans_g34n_R10.jsonl#6 plan n 99 CLEAR 568.081 / CLEAR 568.081 49.72->2.33s
OK   g34_planonly_plans_g34n_R10.jsonl#6 retract n 60 CLEAR 568.165 / CLEAR 568.165 28.65->2.25s
OK   g34_planonly_plans_g34n_R10.jsonl#16 plan n 130 CLEAR 380.789 / CLEAR 380.789 60.98->4.82s
OK   g34_planonly_plans_g34n_R10.jsonl#16 retract n 60 CLEAR 381.037 / CLEAR 381.037 28.37->3.39s
OK   g34_planonly_plans_g35b_hw_R0.jsonl#7 plan n 128 CLEAR 622.731 / CLEAR 622.731 53.81->1.83s
OK   g34_planonly_plans_g35b_hw_R0.jsonl#7 retract n 60 CLEAR 622.731 / CLEAR 622.731 22.94->1.99s
OK   g34_planonly_plans_g35b_hw_R0.jsonl#17 plan n 75 CLEAR 653.321 / CLEAR 653.321 25.78->1.01s
OK   g34_planonly_plans_g35b_hw_R0.jsonl#17 retract n 60 CLEAR 622.731 / CLEAR 622.731 27.12->2.28s
OK   g34_planonly_plans_reg3_R0.jsonl#4 plan n 126 CLEAR 622.731 / CLEAR 622.731 52.70->2.23s
OK   g34_planonly_plans_reg3_R0.jsonl#4 retract n 60 CLEAR 622.731 / CLEAR 622.731 24.94->2.02s
OK   g34_planonly_plans_reg3_R0.jsonl#14 plan n 125 CLEAR 589.694 / CLEAR 589.694 49.91->3.20s
OK   g34_planonly_plans_reg3_R0.jsonl#14 retract n 60 CLEAR 589.744 / CLEAR 589.744 22.99->2.22s
OK   g34_planonly_plans_reg3_R10.jsonl#6 plan n 95 CLEAR 567.391 / CLEAR 567.391 38.03->1.14s
OK   g34_planonly_plans_reg3_R10.jsonl#6 retract n 60 CLEAR 567.100 / CLEAR 567.100 22.84->1.84s
OK   g34_planonly_plans_reg3_R10.jsonl#16 plan n 64 CLEAR 364.683 / CLEAR 364.683 28.91->3.46s
OK   g34_planonly_plans_reg3_R10.jsonl#16 retract n 60 CLEAR 364.796 / CLEAR 364.796 27.23->2.35s
OK   g33_planonly_plans_R0.jsonl.gz#6 plan n 128 CLEAR 614.040 / CLEAR 614.040 56.98->3.30s
OK   g33_planonly_plans_R0.jsonl.gz#6 retract n 60 CLEAR 614.029 / CLEAR 614.029 26.73->3.02s
OK   g33_planonly_plans_R0.jsonl.gz#16 plan n 98 CLEAR 622.731 / CLEAR 622.731 40.33->2.21s
OK   g33_planonly_plans_R0.jsonl.gz#16 retract n 60 CLEAR 622.731 / CLEAR 622.731 27.13->2.80s
OK   g32hw_screen_plans_R0.jsonl.gz#3 plan n 129 CLEAR 622.731 / CLEAR 622.731 48.73->1.66s
OK   g32hw_screen_plans_R0.jsonl.gz#3 retract n 60 CLEAR 622.731 / CLEAR 622.731 23.30->1.65s
OK   g32hw_screen_plans_R0.jsonl.gz#13 plan n 97 CLEAR 606.588 / CLEAR 606.588 43.21->1.86s
OK   g32hw_screen_plans_R0.jsonl.gz#13 retract n 60 CLEAR 606.589 / CLEAR 606.589 25.75->1.55s
OK   g32hw_screen_plans_R10.jsonl.gz#5 plan n 127 CLEAR 557.554 / CLEAR 557.554 47.13->1.61s
OK   g32hw_screen_plans_R10.jsonl.gz#5 retract n 60 CLEAR 557.553 / CLEAR 557.553 19.41->0.72s
OK   g32hw_screen_plans_R10.jsonl.gz#15 plan n 53 CLEAR 349.394 / CLEAR 349.394 23.97->2.00s
OK   g32hw_screen_plans_R10.jsonl.gz#15 retract n 60 CLEAR 349.503 / CLEAR 349.503 25.44->2.37s
OK   g32_screen_plans.jsonl.gz#7 plan n 66 CLEAR 622.731 / CLEAR 622.731 27.21->1.59s
OK   g32_screen_plans.jsonl.gz#7 retract n 60 CLEAR 622.731 / CLEAR 622.731 25.24->1.94s
OK   g32_screen_plans.jsonl.gz#17 plan n 127 CLEAR 557.593 / CLEAR 557.593 46.92->1.73s
OK   g32_screen_plans.jsonl.gz#17 retract n 60 CLEAR 557.592 / CLEAR 557.592 21.18->1.14s
OK   g31_screen_plans.jsonl.gz#9 plan n 57 CLEAR 491.639 / CLEAR 491.639 24.06->1.16s
OK   g31_screen_plans.jsonl.gz#9 retract n 60 CLEAR 491.655 / CLEAR 491.655 24.56->1.22s
OK   g31_screen_plans.jsonl.gz#19 plan n 129 CLEAR 622.731 / CLEAR 622.731 55.13->1.85s
OK   g31_screen_plans.jsonl.gz#19 retract n 60 CLEAR 622.731 / CLEAR 622.731 25.57->1.67s
OK   g31_screen_plans.jsonl.gz#29 plan n 56 CLEAR 591.109 / CLEAR 591.109 21.37->1.18s
OK   g31_screen_plans.jsonl.gz#29 retract n 60 CLEAR 591.123 / CLEAR 591.123 23.77->0.97s
OK   g31_screen_plans.jsonl.gz#39 plan n 64 CLEAR 593.992 / CLEAR 593.992 29.55->2.21s
OK   g31_screen_plans.jsonl.gz#39 retract n 60 CLEAR 594.072 / CLEAR 594.072 26.86->2.30s
OK   g31_screen_plans.jsonl.gz#49 plan n 127 CLEAR 693.762 / CLEAR 693.762 56.45->1.97s
OK   g31_screen_plans.jsonl.gz#49 retract n 60 CLEAR 579.998 / CLEAR 579.998 26.39->2.74s
OK   g31_screen_plans.jsonl.gz#59 plan n 117 CLEAR 587.251 / CLEAR 587.251 48.42->2.53s
OK   g31_screen_plans.jsonl.gz#59 retract n 60 CLEAR 587.268 / CLEAR 587.268 23.98->2.45s
OK   g31_screen_plans.jsonl.gz#69 plan n 132 CLEAR 600.372 / CLEAR 600.372 58.37->5.29s
OK   g31_screen_plans.jsonl.gz#69 retract n 60 CLEAR 622.731 / CLEAR 622.731 22.18->2.79s
OK   g31_screen_plans.jsonl.gz#79 plan n 138 CLEAR 499.317 / CLEAR 499.317 63.73->3.50s
OK   g31_screen_plans.jsonl.gz#79 retract n 60 CLEAR 622.731 / CLEAR 622.731 25.54->3.16s
OK   g31_screen_plans.jsonl.gz#89 plan n 128 CLEAR 458.335 / CLEAR 458.335 80.72->1.99s
OK   g31_screen_plans.jsonl.gz#89 retract n 60 CLEAR 458.362 / CLEAR 458.362 27.48->1.80s
OK   g31_screen_plans.jsonl.gz#99 plan n 62 CLEAR 509.346 / CLEAR 509.346 23.48->1.84s
OK   g31_screen_plans.jsonl.gz#99 retract n 60 CLEAR 509.424 / CLEAR 509.424 22.79->1.51s
OK   g31_screen_plans.jsonl.gz#109 plan n 128 CLEAR 622.731 / CLEAR 622.731 49.07->2.63s
OK   g31_screen_plans.jsonl.gz#109 retract n 60 CLEAR 622.731 / CLEAR 622.731 24.78->2.93s
OK   g31_screen_plans.jsonl.gz#119 plan n 134 CLEAR 611.208 / CLEAR 611.208 83.56->2.98s
OK   g31_screen_plans.jsonl.gz#119 retract n 60 CLEAR 557.049 / CLEAR 557.049 27.22->2.44s
OK   g31_screen_plans.jsonl.gz#129 plan n 72 CLEAR 587.001 / CLEAR 587.001 34.06->1.74s
OK   g31_screen_plans.jsonl.gz#129 retract n 60 CLEAR 622.731 / CLEAR 622.731 27.63->1.04s
OK   g31_screen_plans.jsonl.gz#139 plan n 127 CLEAR 622.731 / CLEAR 622.731 52.70->1.82s
OK   g31_screen_plans.jsonl.gz#139 retract n 60 CLEAR 622.731 / CLEAR 622.731 22.71->1.79s
OK   g31_screen_plans.jsonl.gz#149 plan n 50 CLEAR 405.507 / CLEAR 405.507 26.28->0.91s
OK   g31_screen_plans.jsonl.gz#149 retract n 60 CLEAR 405.622 / CLEAR 405.622 24.50->1.40s
OK   g31_screen_plans.jsonl.gz#159 plan n 105 CLEAR 498.326 / CLEAR 498.326 41.27->1.74s
OK   g31_screen_plans.jsonl.gz#159 retract n 60 CLEAR 498.326 / CLEAR 498.326 24.28->1.28s
OK   g31_screen_plans.jsonl.gz#169 plan n 107 CLEAR 511.780 / CLEAR 511.780 47.64->2.47s
OK   g31_screen_plans.jsonl.gz#169 retract n 60 CLEAR 603.385 / CLEAR 603.385 24.89->2.02s
OK   g31_screen_plans.jsonl.gz#179 plan n 65 CLEAR 400.576 / CLEAR 400.576 34.68->2.04s
OK   g31_screen_plans.jsonl.gz#179 retract n 60 CLEAR 400.616 / CLEAR 400.616 29.58->2.55s
OK   g31_screen_plans.jsonl.gz#189 plan n 60 CLEAR 508.020 / CLEAR 508.020 23.15->1.40s
OK   g31_screen_plans.jsonl.gz#189 retract n 60 CLEAR 550.520 / CLEAR 550.520 25.91->1.41s
OK   g31_screen_plans.jsonl.gz#199 plan n 92 CLEAR 622.731 / CLEAR 622.731 40.81->1.74s
OK   g31_screen_plans.jsonl.gz#199 retract n 60 CLEAR 622.731 / CLEAR 622.731 24.92->2.32s
OK   g31_screen_plans.jsonl.gz#209 plan n 67 CLEAR 655.625 / CLEAR 655.625 29.74->2.14s
OK   g31_screen_plans.jsonl.gz#209 retract n 60 CLEAR 622.731 / CLEAR 622.731 24.67->1.53s
OK   g31_screen_plans.jsonl.gz#219 plan n 128 CLEAR 549.456 / CLEAR 549.456 52.05->1.84s
OK   g31_screen_plans.jsonl.gz#219 retract n 60 CLEAR 549.460 / CLEAR 549.460 25.01->1.41s
OK   g31_screen_plans.jsonl.gz#229 plan n 128 CLEAR 539.098 / CLEAR 539.098 52.53->2.20s
OK   g31_screen_plans.jsonl.gz#229 retract n 60 CLEAR 539.505 / CLEAR 539.505 26.46->2.67s
OK   g31_screen_plans.jsonl.gz#239 plan n 65 CLEAR 622.115 / CLEAR 622.115 33.11->1.57s
OK   g31_screen_plans.jsonl.gz#239 retract n 60 CLEAR 622.205 / CLEAR 622.205 32.07->5.02s
OK   g31_screen_plans.jsonl.gz#249 plan n 70 CLEAR 622.731 / CLEAR 622.731 24.16->1.38s
OK   g31_screen_plans.jsonl.gz#249 retract n 60 CLEAR 622.731 / CLEAR 622.731 263.57->1.55s
OK   g31_screen_plans.jsonl.gz#259 plan n 110 CLEAR 586.969 / CLEAR 586.969 41.59->2.27s
OK   g31_screen_plans.jsonl.gz#259 retract n 60 CLEAR 586.969 / CLEAR 586.969 22.83->2.08s
OK   g31_screen_plans.jsonl.gz#269 plan n 128 CLEAR 558.069 / CLEAR 558.069 37.05->1.78s
OK   g31_screen_plans.jsonl.gz#269 retract n 60 CLEAR 558.078 / CLEAR 558.078 22.08->1.18s
OK   g31_screen_plans.jsonl.gz#279 plan n 82 CLEAR 512.063 / CLEAR 512.063 31.69->3.03s
OK   g31_screen_plans.jsonl.gz#279 retract n 60 CLEAR 512.342 / CLEAR 512.342 26.18->1.74s
OK   g31_screen_plans.jsonl.gz#289 plan n 65 CLEAR 432.897 / CLEAR 432.897 24.90->2.58s
OK   g31_screen_plans.jsonl.gz#289 retract n 60 CLEAR 433.146 / CLEAR 433.146 26.78->2.40s
OK   g31_screen_plans.jsonl.gz#299 plan n 66 CLEAR 622.731 / CLEAR 622.731 17.65->1.04s
OK   g31_screen_plans.jsonl.gz#299 retract n 60 CLEAR 622.731 / CLEAR 622.731 22.87->1.36s
OK   g31_r0_control_plans.jsonl#3 plan n 134 CLEAR 492.538 / CLEAR 492.538 51.20->2.63s
OK   g31_r0_control_plans.jsonl#3 retract n 60 CLEAR 492.610 / CLEAR 492.610 22.12->1.08s
OK   g31_r0_control_plans.jsonl#13 plan n 76 CLEAR 669.036 / CLEAR 669.036 60.88->2.92s
OK   g31_r0_control_plans.jsonl#13 retract n 60 CLEAR 622.731 / CLEAR 622.731 30.60->3.96s
OK   smoke_mock_plans.jsonl#5 plan n 127 CLEAR 622.731 / CLEAR 622.731 49.38->2.05s
OK   smoke_mock_plans.jsonl#5 retract n 60 CLEAR 622.731 / CLEAR 622.731 25.63->1.79s
OK   g36_planonly_plans_g36_R0.jsonl#6 plan n 126 CLEAR 622.731 / CLEAR 622.731 51.72->2.14s
OK   g36_planonly_plans_g36_R0.jsonl#6 retract n 60 CLEAR 622.731 / CLEAR 622.731 25.17->2.92s
OK   g36_planonly_plans_g36_R0.jsonl#16 plan n 86 CLEAR 622.731 / CLEAR 622.731 30.86->1.07s
OK   g36_planonly_plans_g36_R0.jsonl#16 retract n 60 CLEAR 622.731 / CLEAR 622.731 18.78->1.28s
OK   g36_planonly_plans_g36_R10.jsonl#8 plan n 28 CLEAR 494.548 / CLEAR 494.548 7.53->0.74s
OK   g36_planonly_plans_g36_R10.jsonl#8 retract n 60 CLEAR 494.662 / CLEAR 494.662 16.95->1.51s
OK   g36_planonly_plans_g36_R10.jsonl#18 plan n 128 CLEAR 622.731 / CLEAR 622.731 48.91->2.56s
OK   g36_planonly_plans_g36_R10.jsonl#18 retract n 60 CLEAR 622.731 / CLEAR 622.731 24.82->2.86s
OK   g36_planonly_plans_g36_R10.jsonl#28 plan n 91 CLEAR 388.312 / CLEAR 388.312 39.72->2.37s
OK   g36_planonly_plans_g36_R10.jsonl#28 retract n 60 CLEAR 518.485 / CLEAR 518.485 29.53->4.95s
OK   g36_planonly_plans_g36_R10.jsonl#38 plan n 128 CLEAR 498.419 / CLEAR 498.419 55.18->3.84s
OK   g36_planonly_plans_g36_R10.jsonl#38 retract n 60 CLEAR 498.632 / CLEAR 498.632 25.60->2.16s
OK   g36_planonly_plans_g36_R10.jsonl#48 plan n 126 CLEAR 559.065 / CLEAR 559.065 36.83->1.14s
OK   g36_planonly_plans_g36_R10.jsonl#48 retract n 60 CLEAR 559.071 / CLEAR 559.071 16.90->0.89s
OK   g36_planonly_plans_g36_R10.jsonl#58 plan n 55 CLEAR 349.118 / CLEAR 349.118 14.42->0.67s
OK   g36_planonly_plans_g36_R10.jsonl#58 retract n 60 CLEAR 502.453 / CLEAR 502.453 16.47->1.84s
RINGKAS {"source": "plans", "part": "2/10", "n": 130, "points": 10412, "bad": 0, "t_old": 4693.6, "t_new": 284.3, "verdicts": {"CLEAR": 130, "MARGIN": 0, "COLLIDE": 0}}
