OK   v28_plans.jsonl.gz#2 plan n 118 CLEAR 622.731 / CLEAR 622.731 54.77->2.75s
OK   v28_plans.jsonl.gz#2 retract n 60 CLEAR 622.731 / CLEAR 622.731 27.90->2.25s
OK   v28_plans.jsonl.gz#6 plan n 117 CLEAR 622.731 / CLEAR 622.731 61.68->2.46s
OK   v28_plans.jsonl.gz#6 retract n 60 CLEAR 622.731 / CLEAR 622.731 32.33->2.29s
OK   v28_plans.jsonl.gz#10 plan n 124 CLEAR 622.731 / CLEAR 622.731 61.07->2.44s
OK   v28_plans.jsonl.gz#10 retract n 60 CLEAR 622.731 / CLEAR 622.731 28.95->2.83s
OK   v28_plans.jsonl.gz#14 plan n 116 CLEAR 622.731 / CLEAR 622.731 59.02->2.80s
OK   v28_plans.jsonl.gz#14 retract n 60 CLEAR 622.731 / CLEAR 622.731 30.53->2.22s
OK   v28_plans.jsonl.gz#18 plan n 107 CLEAR 424.025 / CLEAR 424.025 45.48->2.71s
OK   v28_plans.jsonl.gz#18 retract n 60 CLEAR 424.061 / CLEAR 424.061 27.02->2.10s
OK   v28_plans.jsonl.gz#22 plan n 107 CLEAR 486.773 / CLEAR 486.773 48.66->2.70s
OK   v28_plans.jsonl.gz#22 retract n 60 CLEAR 486.832 / CLEAR 486.832 27.08->2.61s
OK   v28_plans.jsonl.gz#26 plan n 115 CLEAR 622.731 / CLEAR 622.731 60.33->1.95s
OK   v28_plans.jsonl.gz#26 retract n 60 CLEAR 622.731 / CLEAR 622.731 27.73->2.09s
OK   v28_plans.jsonl.gz#30 plan n 108 CLEAR 502.963 / CLEAR 502.963 50.48->2.55s
OK   v28_plans.jsonl.gz#30 retract n 60 CLEAR 503.094 / CLEAR 503.094 29.65->3.11s
OK   v28_plans.jsonl.gz#34 plan n 118 CLEAR 583.456 / CLEAR 583.456 59.83->3.59s
OK   v28_plans.jsonl.gz#34 retract n 60 CLEAR 583.578 / CLEAR 583.578 27.46->2.90s
OK   v28_plans.jsonl.gz#38 plan n 105 CLEAR 501.098 / CLEAR 501.098 48.50->2.39s
OK   v28_plans.jsonl.gz#38 retract n 60 CLEAR 501.133 / CLEAR 501.133 26.00->2.57s
OK   v28_plans.jsonl.gz#42 plan n 109 CLEAR 429.145 / CLEAR 429.145 40.86->1.60s
OK   v28_plans.jsonl.gz#42 retract n 60 CLEAR 429.200 / CLEAR 429.200 22.84->2.27s
OK   v28_plans.jsonl.gz#46 plan n 133 CLEAR 513.899 / CLEAR 513.899 52.73->3.14s
OK   v28_plans.jsonl.gz#46 retract n 60 CLEAR 514.002 / CLEAR 514.002 23.15->2.00s
OK   v28_plans.jsonl.gz#50 plan n 124 CLEAR 622.731 / CLEAR 622.731 50.75->2.26s
OK   v28_plans.jsonl.gz#50 retract n 60 CLEAR 622.731 / CLEAR 622.731 22.24->2.47s
OK   v28_plans.jsonl.gz#54 plan n 119 CLEAR 622.731 / CLEAR 622.731 44.51->1.39s
OK   v28_plans.jsonl.gz#54 retract n 60 CLEAR 622.731 / CLEAR 622.731 19.90->1.67s
OK   v28_plans.jsonl.gz#58 plan n 108 CLEAR 428.342 / CLEAR 428.342 42.75->1.93s
OK   v28_plans.jsonl.gz#58 retract n 60 CLEAR 428.353 / CLEAR 428.353 24.13->1.73s
OK   v28_plans.jsonl.gz#62 plan n 126 CLEAR 433.135 / CLEAR 433.135 47.76->1.92s
OK   v28_plans.jsonl.gz#62 retract n 60 CLEAR 433.138 / CLEAR 433.138 23.12->1.46s
OK   v28_plans.jsonl.gz#66 plan n 125 CLEAR 518.744 / CLEAR 518.744 49.78->2.56s
OK   v28_plans.jsonl.gz#66 retract n 60 CLEAR 518.760 / CLEAR 518.760 23.57->2.77s
OK   v28_plans.jsonl.gz#70 plan n 129 CLEAR 579.835 / CLEAR 579.835 54.82->3.17s
OK   v28_plans.jsonl.gz#70 retract n 60 CLEAR 580.162 / CLEAR 580.162 25.85->2.11s
OK   v28_plans.jsonl.gz#74 plan n 127 CLEAR 414.209 / CLEAR 414.209 45.11->1.51s
OK   v28_plans.jsonl.gz#74 retract n 60 CLEAR 414.208 / CLEAR 414.208 20.55->1.36s
OK   v28_plans.jsonl.gz#78 plan n 128 CLEAR 421.649 / CLEAR 421.649 46.41->1.89s
OK   v28_plans.jsonl.gz#78 retract n 60 CLEAR 421.673 / CLEAR 421.673 20.78->1.41s
OK   v28_plans.jsonl.gz#82 plan n 126 CLEAR 622.731 / CLEAR 622.731 50.01->2.04s
OK   v28_plans.jsonl.gz#82 retract n 60 CLEAR 622.731 / CLEAR 622.731 22.99->2.22s
OK   v28_plans.jsonl.gz#86 plan n 127 CLEAR 433.445 / CLEAR 433.445 47.47->3.80s
OK   v28_plans.jsonl.gz#86 retract n 60 CLEAR 433.645 / CLEAR 433.645 24.06->2.76s
OK   v28_plans.jsonl.gz#90 plan n 127 CLEAR 436.715 / CLEAR 436.715 44.51->2.38s
OK   v28_plans.jsonl.gz#90 retract n 60 CLEAR 436.719 / CLEAR 436.719 21.67->2.18s
OK   v28_plans.jsonl.gz#94 plan n 125 CLEAR 622.731 / CLEAR 622.731 50.62->2.22s
OK   v28_plans.jsonl.gz#94 retract n 60 CLEAR 622.731 / CLEAR 622.731 23.63->2.03s
OK   v28_plans.jsonl.gz#98 plan n 108 CLEAR 426.415 / CLEAR 426.415 41.52->2.16s
OK   v28_plans.jsonl.gz#98 retract n 60 CLEAR 426.416 / CLEAR 426.416 22.70->1.86s
OK   v28_plans.jsonl.gz#102 plan n 128 CLEAR 413.622 / CLEAR 413.622 45.74->2.24s
OK   v28_plans.jsonl.gz#102 retract n 60 CLEAR 413.636 / CLEAR 413.636 21.46->1.81s
OK   v28_plans.jsonl.gz#106 plan n 129 CLEAR 529.618 / CLEAR 529.618 51.18->2.10s
OK   v28_plans.jsonl.gz#106 retract n 60 CLEAR 529.776 / CLEAR 529.776 24.38->2.00s
OK   v28_plans.jsonl.gz#110 plan n 129 CLEAR 420.482 / CLEAR 420.482 50.54->2.07s
OK   v28_plans.jsonl.gz#110 retract n 60 CLEAR 420.484 / CLEAR 420.484 22.55->1.51s
OK   v28_plans.jsonl.gz#114 plan n 127 CLEAR 486.157 / CLEAR 486.157 48.38->3.19s
OK   v28_plans.jsonl.gz#114 retract n 60 CLEAR 486.141 / CLEAR 486.141 23.54->1.71s
OK   v28_plans.jsonl.gz#118 plan n 119 CLEAR 622.731 / CLEAR 622.731 46.89->1.91s
OK   v28_plans.jsonl.gz#118 retract n 60 CLEAR 622.731 / CLEAR 622.731 23.42->1.66s
OK   v28_plans.jsonl.gz#122 plan n 118 CLEAR 522.397 / CLEAR 522.397 43.52->3.07s
OK   v28_plans.jsonl.gz#122 retract n 60 CLEAR 522.434 / CLEAR 522.434 23.63->3.01s
OK   v28_plans.jsonl.gz#126 plan n 128 CLEAR 575.490 / CLEAR 575.490 52.98->4.16s
OK   v28_plans.jsonl.gz#126 retract n 60 CLEAR 575.711 / CLEAR 575.711 23.90->4.22s
OK   v28_plans.jsonl.gz#130 plan n 127 CLEAR 428.567 / CLEAR 428.567 46.20->1.69s
OK   v28_plans.jsonl.gz#130 retract n 60 CLEAR 428.597 / CLEAR 428.597 23.23->1.31s
OK   v28_plans.jsonl.gz#134 plan n 127 CLEAR 561.002 / CLEAR 561.002 47.44->2.82s
OK   v28_plans.jsonl.gz#134 retract n 60 CLEAR 561.082 / CLEAR 561.082 23.48->2.79s
OK   v28_plans.jsonl.gz#138 plan n 127 CLEAR 599.640 / CLEAR 599.640 50.77->4.02s
OK   v28_plans.jsonl.gz#138 retract n 60 CLEAR 599.967 / CLEAR 599.967 23.04->3.73s
OK   v28_plans.jsonl.gz#142 plan n 126 CLEAR 467.435 / CLEAR 467.435 41.74->1.81s
OK   v28_plans.jsonl.gz#142 retract n 60 CLEAR 467.489 / CLEAR 467.489 22.26->1.01s
OK   v28_plans.jsonl.gz#146 plan n 115 CLEAR 606.250 / CLEAR 606.250 49.17->3.42s
OK   v28_plans.jsonl.gz#146 retract n 60 CLEAR 606.287 / CLEAR 606.287 25.20->2.70s
OK   v28_plans.jsonl.gz#150 plan n 105 CLEAR 508.618 / CLEAR 508.618 40.73->1.64s
OK   v28_plans.jsonl.gz#150 retract n 60 CLEAR 508.616 / CLEAR 508.616 23.23->1.05s
OK   v28_plans.jsonl.gz#154 plan n 127 CLEAR 607.872 / CLEAR 607.872 51.55->4.03s
OK   v28_plans.jsonl.gz#154 retract n 60 CLEAR 608.293 / CLEAR 608.293 23.27->2.33s
OK   v28_plans.jsonl.gz#158 plan n 129 CLEAR 420.154 / CLEAR 420.154 43.42->1.80s
OK   v28_plans.jsonl.gz#158 retract n 60 CLEAR 420.201 / CLEAR 420.201 23.24->1.16s
OK   v28_plans.jsonl.gz#162 plan n 128 CLEAR 473.633 / CLEAR 473.633 46.69->1.80s
OK   v28_plans.jsonl.gz#162 retract n 60 CLEAR 473.683 / CLEAR 473.683 22.00->1.19s
OK   v28_plans.jsonl.gz#166 plan n 127 CLEAR 508.487 / CLEAR 508.487 46.06->1.98s
OK   v28_plans.jsonl.gz#166 retract n 60 CLEAR 508.554 / CLEAR 508.554 21.67->1.15s
OK   v28_plans.jsonl.gz#170 plan n 128 CLEAR 468.215 / CLEAR 468.215 48.47->2.07s
OK   v28_plans.jsonl.gz#170 retract n 60 CLEAR 468.281 / CLEAR 468.281 22.70->1.18s
OK   v28_plans.jsonl.gz#174 plan n 126 CLEAR 472.552 / CLEAR 472.552 47.41->3.19s
OK   v28_plans.jsonl.gz#174 retract n 60 CLEAR 472.771 / CLEAR 472.771 21.53->1.52s
OK   v28_plans.jsonl.gz#178 plan n 105 CLEAR 414.689 / CLEAR 414.689 43.97->1.39s
OK   v28_plans.jsonl.gz#178 retract n 60 CLEAR 414.730 / CLEAR 414.730 23.85->1.05s
OK   v28_plans.jsonl.gz#182 plan n 127 CLEAR 539.251 / CLEAR 539.251 47.42->2.94s
OK   v28_plans.jsonl.gz#182 retract n 60 CLEAR 539.270 / CLEAR 539.270 23.38->2.73s
OK   v28_after_plans.jsonl.gz#3 plan n 128 CLEAR 622.731 / CLEAR 622.731 51.20->2.13s
OK   v28_after_plans.jsonl.gz#3 retract n 60 CLEAR 622.731 / CLEAR 622.731 24.25->2.20s
OK   v28_after_plans.jsonl.gz#7 plan n 117 CLEAR 622.731 / CLEAR 622.731 282.13->1.55s
OK   v28_after_plans.jsonl.gz#7 retract n 60 CLEAR 622.731 / CLEAR 622.731 19.18->1.27s
OK   v28_after_plans.jsonl.gz#11 plan n 128 CLEAR 622.731 / CLEAR 622.731 48.04->2.07s
OK   v28_after_plans.jsonl.gz#11 retract n 60 CLEAR 622.731 / CLEAR 622.731 23.68->2.34s
OK   v28_after_plans.jsonl.gz#15 plan n 126 CLEAR 430.419 / CLEAR 430.419 49.98->1.46s
OK   v28_after_plans.jsonl.gz#15 retract n 60 CLEAR 430.469 / CLEAR 430.469 22.46->1.45s
OK   v28_after_plans.jsonl.gz#19 plan n 128 CLEAR 470.538 / CLEAR 470.538 46.73->2.47s
OK   v28_after_plans.jsonl.gz#19 retract n 60 CLEAR 470.575 / CLEAR 470.575 21.95->3.39s
OK   v28_after_plans.jsonl.gz#23 plan n 129 CLEAR 622.731 / CLEAR 622.731 53.60->2.28s
OK   v28_after_plans.jsonl.gz#23 retract n 60 CLEAR 622.731 / CLEAR 622.731 25.60->2.18s
OK   v28_after_plans.jsonl.gz#27 plan n 124 CLEAR 622.731 / CLEAR 622.731 46.43->2.16s
OK   v28_after_plans.jsonl.gz#27 retract n 60 CLEAR 622.731 / CLEAR 622.731 22.82->1.72s
OK   v28_after_plans.jsonl.gz#31 plan n 127 CLEAR 622.731 / CLEAR 622.731 51.81->1.35s
OK   v28_after_plans.jsonl.gz#31 retract n 60 CLEAR 622.731 / CLEAR 622.731 24.62->1.78s
OK   v28_after_plans.jsonl.gz#35 plan n 107 CLEAR 417.090 / CLEAR 417.090 39.44->1.82s
OK   v28_after_plans.jsonl.gz#35 retract n 60 CLEAR 417.170 / CLEAR 417.170 21.22->1.02s
OK   v28_after_plans.jsonl.gz#39 plan n 125 CLEAR 622.731 / CLEAR 622.731 45.66->2.12s
OK   v28_after_plans.jsonl.gz#39 retract n 60 CLEAR 622.731 / CLEAR 622.731 24.22->1.97s
OK   v28_after_plans.jsonl.gz#43 plan n 126 CLEAR 475.088 / CLEAR 475.088 47.83->2.94s
OK   v28_after_plans.jsonl.gz#43 retract n 60 CLEAR 475.173 / CLEAR 475.173 20.66->2.83s
OK   v28_after_plans.jsonl.gz#47 plan n 126 CLEAR 429.792 / CLEAR 429.792 43.78->1.90s
OK   v28_after_plans.jsonl.gz#47 retract n 60 CLEAR 429.870 / CLEAR 429.870 22.63->1.46s
OK   v28_after_plans.jsonl.gz#51 plan n 105 CLEAR 497.266 / CLEAR 497.266 46.26->1.70s
OK   v28_after_plans.jsonl.gz#51 retract n 60 CLEAR 497.343 / CLEAR 497.343 22.02->2.58s
OK   v28_after_plans.jsonl.gz#55 plan n 107 CLEAR 487.207 / CLEAR 487.207 40.50->2.26s
OK   v28_after_plans.jsonl.gz#55 retract n 60 CLEAR 487.393 / CLEAR 487.393 23.82->2.61s
OK   v28_after_plans.jsonl.gz#59 plan n 127 CLEAR 590.041 / CLEAR 590.041 45.80->3.11s
OK   v28_after_plans.jsonl.gz#59 retract n 60 CLEAR 590.038 / CLEAR 590.038 21.62->2.25s
OK   v28_after_plans.jsonl.gz#63 plan n 130 CLEAR 622.731 / CLEAR 622.731 51.94->2.15s
OK   v28_after_plans.jsonl.gz#63 retract n 60 CLEAR 622.731 / CLEAR 622.731 18.33->1.36s
OK   v28_after_plans.jsonl.gz#67 plan n 115 CLEAR 622.731 / CLEAR 622.731 27.21->1.10s
OK   v28_after_plans.jsonl.gz#67 retract n 60 CLEAR 622.731 / CLEAR 622.731 13.49->1.04s
OK   v28_after_plans.jsonl.gz#71 plan n 130 CLEAR 422.152 / CLEAR 422.152 25.14->1.10s
OK   v28_after_plans.jsonl.gz#71 retract n 60 CLEAR 422.161 / CLEAR 422.161 11.26->0.74s
OK   v28_after_plans.jsonl.gz#75 plan n 130 CLEAR 622.731 / CLEAR 622.731 25.99->0.99s
OK   v28_after_plans.jsonl.gz#75 retract n 60 CLEAR 622.731 / CLEAR 622.731 11.53->0.92s
OK   v28_after_plans.jsonl.gz#79 plan n 127 CLEAR 420.659 / CLEAR 420.659 23.91->0.93s
OK   v28_after_plans.jsonl.gz#79 retract n 60 CLEAR 420.663 / CLEAR 420.663 11.28->0.73s
OK   v28_after_plans.jsonl.gz#83 plan n 127 CLEAR 622.731 / CLEAR 622.731 29.09->1.03s
OK   v28_after_plans.jsonl.gz#83 retract n 60 CLEAR 622.731 / CLEAR 622.731 13.40->1.03s
OK   v28_after_plans.jsonl.gz#87 plan n 129 CLEAR 622.731 / CLEAR 622.731 24.13->0.91s
OK   v28_after_plans.jsonl.gz#87 retract n 60 CLEAR 622.731 / CLEAR 622.731 11.20->0.86s
OK   v28_after_plans.jsonl.gz#91 plan n 127 CLEAR 436.626 / CLEAR 436.626 22.92->1.21s
OK   v28_after_plans.jsonl.gz#91 retract n 60 CLEAR 436.670 / CLEAR 436.670 10.69->1.14s
OK   v28_after_plans.jsonl.gz#95 plan n 118 CLEAR 622.731 / CLEAR 622.731 22.62->0.81s
OK   v28_after_plans.jsonl.gz#95 retract n 60 CLEAR 622.731 / CLEAR 622.731 11.30->0.75s
OK   v28_after_plans.jsonl.gz#99 plan n 126 CLEAR 417.958 / CLEAR 417.958 22.21->0.87s
OK   v28_after_plans.jsonl.gz#99 retract n 60 CLEAR 417.970 / CLEAR 417.970 10.51->0.69s
OK   v28_after_plans.jsonl.gz#103 plan n 107 CLEAR 442.427 / CLEAR 442.427 19.16->0.84s
OK   v28_after_plans.jsonl.gz#103 retract n 60 CLEAR 442.428 / CLEAR 442.428 10.58->0.81s
OK   v28_after_plans.jsonl.gz#107 plan n 125 CLEAR 527.049 / CLEAR 527.049 23.07->0.94s
OK   v28_after_plans.jsonl.gz#107 retract n 60 CLEAR 527.042 / CLEAR 527.042 10.98->0.92s
OK   v28_after_plans.jsonl.gz#111 plan n 107 CLEAR 502.114 / CLEAR 502.114 19.84->1.06s
OK   v28_after_plans.jsonl.gz#111 retract n 60 CLEAR 502.163 / CLEAR 502.163 11.27->1.26s
OK   v28_after_plans.jsonl.gz#115 plan n 127 CLEAR 463.716 / CLEAR 463.716 23.74->1.35s
OK   v28_after_plans.jsonl.gz#115 retract n 60 CLEAR 463.730 / CLEAR 463.730 11.33->1.47s
OK   v28_after_plans.jsonl.gz#119 plan n 126 CLEAR 622.731 / CLEAR 622.731 26.75->0.96s
OK   v28_after_plans.jsonl.gz#119 retract n 60 CLEAR 622.731 / CLEAR 622.731 12.39->0.88s
OK   v28_after_plans.jsonl.gz#123 plan n 126 CLEAR 573.554 / CLEAR 573.554 22.64->0.99s
OK   v28_after_plans.jsonl.gz#123 retract n 60 CLEAR 573.604 / CLEAR 573.604 11.07->1.13s
OK   v28_after_plans.jsonl.gz#127 plan n 126 CLEAR 622.731 / CLEAR 622.731 24.08->1.50s
OK   v28_after_plans.jsonl.gz#127 retract n 60 CLEAR 622.731 / CLEAR 622.731 11.55->1.48s
OK   v28_after_plans.jsonl.gz#131 plan n 126 CLEAR 536.860 / CLEAR 536.860 23.79->1.14s
OK   v28_after_plans.jsonl.gz#131 retract n 60 CLEAR 536.892 / CLEAR 536.892 11.49->1.03s
OK   v28_after_plans.jsonl.gz#135 plan n 127 CLEAR 585.222 / CLEAR 585.222 25.13->1.44s
OK   v28_after_plans.jsonl.gz#135 retract n 60 CLEAR 585.223 / CLEAR 585.223 11.75->1.25s
OK   v28_after_plans.jsonl.gz#139 plan n 128 CLEAR 606.740 / CLEAR 606.740 25.07->2.14s
OK   v28_after_plans.jsonl.gz#139 retract n 60 CLEAR 606.749 / CLEAR 606.749 11.82->1.96s
OK   v28_after_plans.jsonl.gz#143 plan n 127 CLEAR 468.696 / CLEAR 468.696 22.54->0.87s
OK   v28_after_plans.jsonl.gz#143 retract n 60 CLEAR 468.768 / CLEAR 468.768 10.95->0.56s
OK   v28_after_plans.jsonl.gz#147 plan n 127 CLEAR 575.587 / CLEAR 575.587 28.80->1.74s
OK   v28_after_plans.jsonl.gz#147 retract n 60 CLEAR 575.587 / CLEAR 575.587 13.35->1.37s
OK   v28_after_plans.jsonl.gz#151 plan n 127 CLEAR 622.731 / CLEAR 622.731 26.10->1.21s
OK   v28_after_plans.jsonl.gz#151 retract n 60 CLEAR 622.731 / CLEAR 622.731 12.26->1.43s
OK   v28_after_plans.jsonl.gz#155 plan n 128 CLEAR 539.609 / CLEAR 539.609 24.71->1.65s
OK   v28_after_plans.jsonl.gz#155 retract n 60 CLEAR 539.843 / CLEAR 539.843 11.37->1.49s
OK   v28_after_plans.jsonl.gz#159 plan n 127 CLEAR 441.951 / CLEAR 441.951 22.37->0.86s
OK   v28_after_plans.jsonl.gz#159 retract n 60 CLEAR 442.024 / CLEAR 442.024 10.86->0.53s
OK   v28_after_plans.jsonl.gz#163 plan n 127 CLEAR 504.453 / CLEAR 504.453 24.74->1.58s
OK   v28_after_plans.jsonl.gz#163 retract n 60 CLEAR 504.602 / CLEAR 504.602 11.64->1.39s
OK   v28_after_plans.jsonl.gz#167 plan n 131 CLEAR 571.360 / CLEAR 571.360 24.75->1.08s
OK   v28_after_plans.jsonl.gz#167 retract n 60 CLEAR 571.429 / CLEAR 571.429 11.18->1.26s
OK   v28_after_plans.jsonl.gz#171 plan n 127 CLEAR 566.346 / CLEAR 566.346 21.76->0.94s
OK   v28_after_plans.jsonl.gz#171 retract n 60 CLEAR 566.353 / CLEAR 566.353 10.58->0.73s
OK   v28_after_plans.jsonl.gz#175 plan n 127 CLEAR 484.248 / CLEAR 484.248 25.21->1.67s
OK   v28_after_plans.jsonl.gz#175 retract n 60 CLEAR 484.246 / CLEAR 484.246 12.40->1.26s
OK   v28_after_plans.jsonl.gz#179 plan n 105 CLEAR 418.935 / CLEAR 418.935 19.29->0.61s
OK   v28_after_plans.jsonl.gz#179 retract n 60 CLEAR 418.979 / CLEAR 418.979 11.20->0.53s
RINGKAS {"source": "v28", "part": "2/4", "n": 182, "points": 16605, "bad": 0, "t_old": 5742.2, "t_new": 339.7, "verdicts": {"CLEAR": 182, "MARGIN": 0, "COLLIDE": 0}}
