OK   g34_planonly_plans_g34_R0.jsonl#0 plan n 91 CLEAR 531.769 / CLEAR 531.769 38.85->2.58s
OK   g34_planonly_plans_g34_R0.jsonl#0 retract n 60 CLEAR 531.790 / CLEAR 531.790 26.03->1.40s
OK   g34_planonly_plans_g34_R10.jsonl#6 plan n 118 CLEAR 490.356 / CLEAR 490.356 60.27->3.07s
OK   g34_planonly_plans_g34_R10.jsonl#6 retract n 60 CLEAR 567.274 / CLEAR 567.274 34.95->2.43s
OK   g34_planonly_plans_g34_R10.jsonl#16 plan n 64 CLEAR 386.121 / CLEAR 386.121 37.44->2.86s
OK   g34_planonly_plans_g34_R10.jsonl#16 retract n 60 CLEAR 386.285 / CLEAR 386.285 29.94->3.34s
OK   g34_planonly_plans_g34b_hw_R0.jsonl#8 plan n 126 CLEAR 622.731 / CLEAR 622.731 64.33->3.26s
OK   g34_planonly_plans_g34b_hw_R0.jsonl#8 retract n 60 CLEAR 622.731 / CLEAR 622.731 34.53->3.93s
OK   g34_planonly_plans_g34b_hw_R10.jsonl#0 plan n 128 CLEAR 552.484 / CLEAR 552.484 52.89->2.11s
OK   g34_planonly_plans_g34b_hw_R10.jsonl#0 retract n 60 CLEAR 552.508 / CLEAR 552.508 24.88->1.58s
OK   g34_planonly_plans_g34b_hw_R10.jsonl#10 plan n 82 CLEAR 357.853 / CLEAR 357.853 41.65->2.12s
OK   g34_planonly_plans_g34b_hw_R10.jsonl#10 retract n 60 CLEAR 455.365 / CLEAR 455.365 32.63->3.48s
OK   g34_planonly_plans_g34n_R0.jsonl#2 plan n 127 CLEAR 586.924 / CLEAR 586.924 59.35->3.47s
OK   g34_planonly_plans_g34n_R0.jsonl#2 retract n 60 CLEAR 586.922 / CLEAR 586.922 31.47->2.90s
OK   g34_planonly_plans_g34n_R0.jsonl#12 plan n 126 CLEAR 559.960 / CLEAR 559.960 53.39->2.04s
OK   g34_planonly_plans_g34n_R0.jsonl#12 retract n 60 CLEAR 559.988 / CLEAR 559.988 26.75->1.52s
OK   g34_planonly_plans_g34n_R10.jsonl#4 plan n 81 CLEAR 360.181 / CLEAR 360.181 40.79->2.45s
OK   g34_planonly_plans_g34n_R10.jsonl#4 retract n 60 CLEAR 507.034 / CLEAR 507.034 32.64->3.85s
OK   g34_planonly_plans_g34n_R10.jsonl#14 plan n 128 CLEAR 570.885 / CLEAR 570.885 56.67->4.52s
OK   g34_planonly_plans_g34n_R10.jsonl#14 retract n 60 CLEAR 571.022 / CLEAR 571.022 24.44->1.89s
OK   g34_planonly_plans_g35b_hw_R0.jsonl#5 plan n 108 CLEAR 444.453 / CLEAR 444.453 43.55->1.31s
OK   g34_planonly_plans_g35b_hw_R0.jsonl#5 retract n 60 CLEAR 604.131 / CLEAR 604.131 27.65->1.52s
OK   g34_planonly_plans_g35b_hw_R0.jsonl#15 plan n 127 CLEAR 606.932 / CLEAR 606.932 56.03->3.01s
OK   g34_planonly_plans_g35b_hw_R0.jsonl#15 retract n 60 CLEAR 606.930 / CLEAR 606.930 25.93->2.31s
OK   g34_planonly_plans_reg3_R0.jsonl#2 plan n 127 CLEAR 622.731 / CLEAR 622.731 51.97->2.72s
OK   g34_planonly_plans_reg3_R0.jsonl#2 retract n 60 CLEAR 622.731 / CLEAR 622.731 24.18->3.54s
OK   g34_planonly_plans_reg3_R0.jsonl#12 plan n 92 CLEAR 525.841 / CLEAR 525.841 35.43->1.56s
OK   g34_planonly_plans_reg3_R0.jsonl#12 retract n 60 CLEAR 525.881 / CLEAR 525.881 22.95->1.19s
OK   g34_planonly_plans_reg3_R10.jsonl#4 plan n 157 CLEAR 333.760 / CLEAR 333.760 73.76->5.01s
OK   g34_planonly_plans_reg3_R10.jsonl#4 retract n 60 CLEAR 506.403 / CLEAR 506.403 30.46->3.81s
OK   g34_planonly_plans_reg3_R10.jsonl#14 plan n 68 CLEAR 607.258 / CLEAR 607.258 27.80->1.57s
OK   g34_planonly_plans_reg3_R10.jsonl#14 retract n 60 CLEAR 607.258 / CLEAR 607.258 23.61->1.29s
OK   g33_planonly_plans_R0.jsonl.gz#4 plan n 86 CLEAR 622.731 / CLEAR 622.731 37.43->1.44s
OK   g33_planonly_plans_R0.jsonl.gz#4 retract n 60 CLEAR 622.731 / CLEAR 622.731 24.72->1.86s
OK   g33_planonly_plans_R0.jsonl.gz#14 plan n 126 CLEAR 589.860 / CLEAR 589.860 50.08->2.69s
OK   g33_planonly_plans_R0.jsonl.gz#14 retract n 60 CLEAR 589.878 / CLEAR 589.878 22.78->2.94s
OK   g32hw_screen_plans_R0.jsonl.gz#1 plan n 67 CLEAR 622.731 / CLEAR 622.731 28.69->1.42s
OK   g32hw_screen_plans_R0.jsonl.gz#1 retract n 60 CLEAR 622.731 / CLEAR 622.731 22.41->1.87s
OK   g32hw_screen_plans_R0.jsonl.gz#11 plan n 125 CLEAR 682.533 / CLEAR 682.533 46.83->2.81s
OK   g32hw_screen_plans_R0.jsonl.gz#11 retract n 60 CLEAR 622.731 / CLEAR 622.731 23.56->2.26s
OK   g32hw_screen_plans_R10.jsonl.gz#3 plan n 74 CLEAR 379.934 / CLEAR 379.934 46.01->4.93s
OK   g32hw_screen_plans_R10.jsonl.gz#3 retract n 60 CLEAR 380.100 / CLEAR 380.100 23.44->2.94s
OK   g32hw_screen_plans_R10.jsonl.gz#13 plan n 78 CLEAR 606.921 / CLEAR 606.921 32.89->1.32s
OK   g32hw_screen_plans_R10.jsonl.gz#13 retract n 60 CLEAR 606.931 / CLEAR 606.931 25.42->1.38s
OK   g32_screen_plans.jsonl.gz#5 plan n 86 CLEAR 622.731 / CLEAR 622.731 38.94->1.46s
OK   g32_screen_plans.jsonl.gz#5 retract n 60 CLEAR 622.731 / CLEAR 622.731 26.31->1.87s
OK   g32_screen_plans.jsonl.gz#15 plan n 53 CLEAR 391.314 / CLEAR 391.314 25.62->2.80s
OK   g32_screen_plans.jsonl.gz#15 retract n 60 CLEAR 391.441 / CLEAR 391.441 22.30->2.62s
OK   g31_screen_plans.jsonl.gz#7 plan n 97 CLEAR 677.443 / CLEAR 677.443 44.86->2.99s
OK   g31_screen_plans.jsonl.gz#7 retract n 60 CLEAR 622.731 / CLEAR 622.731 24.23->1.48s
OK   g31_screen_plans.jsonl.gz#17 plan n 126 CLEAR 609.147 / CLEAR 609.147 52.61->2.61s
OK   g31_screen_plans.jsonl.gz#17 retract n 60 CLEAR 609.178 / CLEAR 609.178 25.30->2.79s
OK   g31_screen_plans.jsonl.gz#27 plan n 36 CLEAR 648.030 / CLEAR 648.030 13.63->0.89s
OK   g31_screen_plans.jsonl.gz#27 retract n 60 CLEAR 622.731 / CLEAR 622.731 25.56->1.48s
OK   g31_screen_plans.jsonl.gz#37 plan n 139 CLEAR 659.729 / CLEAR 659.729 78.52->4.37s
OK   g31_screen_plans.jsonl.gz#37 retract n 60 CLEAR 538.681 / CLEAR 538.681 28.04->2.78s
OK   g31_screen_plans.jsonl.gz#47 plan n 132 CLEAR 492.971 / CLEAR 492.971 52.80->1.76s
OK   g31_screen_plans.jsonl.gz#47 retract n 60 CLEAR 493.020 / CLEAR 493.020 19.99->1.03s
OK   g31_screen_plans.jsonl.gz#57 plan n 145 CLEAR 479.465 / CLEAR 479.465 60.02->3.27s
OK   g31_screen_plans.jsonl.gz#57 retract n 60 CLEAR 563.311 / CLEAR 563.311 22.60->2.00s
OK   g31_screen_plans.jsonl.gz#67 plan n 125 CLEAR 667.780 / CLEAR 667.780 55.46->1.58s
OK   g31_screen_plans.jsonl.gz#67 retract n 60 CLEAR 622.731 / CLEAR 622.731 28.22->3.35s
OK   g31_screen_plans.jsonl.gz#77 plan n 135 CLEAR 646.881 / CLEAR 646.881 87.30->5.53s
OK   g31_screen_plans.jsonl.gz#77 retract n 60 CLEAR 622.731 / CLEAR 622.731 27.43->5.37s
OK   g31_screen_plans.jsonl.gz#87 plan n 75 CLEAR 546.970 / CLEAR 546.970 38.04->3.33s
OK   g31_screen_plans.jsonl.gz#87 retract n 60 CLEAR 593.662 / CLEAR 593.662 26.49->4.32s
OK   g31_screen_plans.jsonl.gz#97 plan n 63 CLEAR 599.621 / CLEAR 599.621 28.87->1.38s
OK   g31_screen_plans.jsonl.gz#97 retract n 60 CLEAR 547.294 / CLEAR 547.294 21.65->2.85s
OK   g31_screen_plans.jsonl.gz#107 plan n 66 CLEAR 576.647 / CLEAR 576.647 26.63->1.33s
OK   g31_screen_plans.jsonl.gz#107 retract n 60 CLEAR 576.677 / CLEAR 576.677 24.65->0.98s
OK   g31_screen_plans.jsonl.gz#117 plan n 128 CLEAR 572.004 / CLEAR 572.004 54.59->1.89s
OK   g31_screen_plans.jsonl.gz#117 retract n 60 CLEAR 572.000 / CLEAR 572.000 26.56->2.70s
OK   g31_screen_plans.jsonl.gz#127 plan n 120 CLEAR 589.824 / CLEAR 589.824 51.65->2.30s
OK   g31_screen_plans.jsonl.gz#127 retract n 60 CLEAR 589.863 / CLEAR 589.863 26.61->2.58s
OK   g31_screen_plans.jsonl.gz#137 plan n 70 CLEAR 622.731 / CLEAR 622.731 30.01->1.41s
OK   g31_screen_plans.jsonl.gz#137 retract n 60 CLEAR 622.731 / CLEAR 622.731 26.49->1.69s
OK   g31_screen_plans.jsonl.gz#147 plan n 130 CLEAR 533.117 / CLEAR 533.117 47.56->2.77s
OK   g31_screen_plans.jsonl.gz#147 retract n 60 CLEAR 533.104 / CLEAR 533.104 22.86->2.71s
OK   g31_screen_plans.jsonl.gz#157 plan n 94 CLEAR 577.414 / CLEAR 577.414 42.88->2.78s
OK   g31_screen_plans.jsonl.gz#157 retract n 60 CLEAR 577.421 / CLEAR 577.421 23.59->0.90s
OK   g31_screen_plans.jsonl.gz#167 plan n 136 CLEAR 269.393 / CLEAR 269.393 52.39->1.35s
OK   g31_screen_plans.jsonl.gz#167 retract n 60 CLEAR 402.180 / CLEAR 402.180 22.79->1.42s
OK   g31_screen_plans.jsonl.gz#177 plan n 129 CLEAR 544.272 / CLEAR 544.272 50.99->4.52s
OK   g31_screen_plans.jsonl.gz#177 retract n 60 CLEAR 544.392 / CLEAR 544.392 25.53->2.59s
OK   g31_screen_plans.jsonl.gz#187 plan n 135 CLEAR 607.211 / CLEAR 607.211 52.05->2.33s
OK   g31_screen_plans.jsonl.gz#187 retract n 60 CLEAR 622.731 / CLEAR 622.731 25.22->1.11s
OK   g31_screen_plans.jsonl.gz#197 plan n 157 CLEAR 591.221 / CLEAR 591.221 61.68->2.55s
OK   g31_screen_plans.jsonl.gz#197 retract n 60 CLEAR 571.621 / CLEAR 571.621 23.59->1.69s
OK   g31_screen_plans.jsonl.gz#207 plan n 50 CLEAR 714.234 / CLEAR 714.234 26.25->3.34s
OK   g31_screen_plans.jsonl.gz#207 retract n 60 CLEAR 622.731 / CLEAR 622.731 29.22->4.68s
OK   g31_screen_plans.jsonl.gz#217 plan n 126 CLEAR 623.462 / CLEAR 623.462 53.93->3.27s
OK   g31_screen_plans.jsonl.gz#217 retract n 60 CLEAR 622.731 / CLEAR 622.731 29.96->4.11s
OK   g31_screen_plans.jsonl.gz#227 plan n 57 CLEAR 622.731 / CLEAR 622.731 23.83->1.30s
OK   g31_screen_plans.jsonl.gz#227 retract n 60 CLEAR 622.731 / CLEAR 622.731 27.01->1.33s
OK   g31_screen_plans.jsonl.gz#237 plan n 76 CLEAR 622.731 / CLEAR 622.731 28.48->1.53s
OK   g31_screen_plans.jsonl.gz#237 retract n 60 CLEAR 622.731 / CLEAR 622.731 263.22->1.45s
OK   g31_screen_plans.jsonl.gz#247 plan n 92 CLEAR 599.542 / CLEAR 599.542 40.28->2.60s
OK   g31_screen_plans.jsonl.gz#247 retract n 60 CLEAR 599.552 / CLEAR 599.552 26.62->2.71s
OK   g31_screen_plans.jsonl.gz#257 plan n 75 CLEAR 528.891 / CLEAR 528.891 29.00->1.35s
OK   g31_screen_plans.jsonl.gz#257 retract n 60 CLEAR 528.887 / CLEAR 528.887 23.19->0.94s
OK   g31_screen_plans.jsonl.gz#267 plan n 53 CLEAR 352.797 / CLEAR 352.797 20.07->1.68s
OK   g31_screen_plans.jsonl.gz#267 retract n 60 CLEAR 352.901 / CLEAR 352.901 20.07->1.98s
OK   g31_screen_plans.jsonl.gz#277 plan n 37 CLEAR 480.623 / CLEAR 480.623 12.22->1.59s
OK   g31_screen_plans.jsonl.gz#277 retract n 60 CLEAR 480.738 / CLEAR 480.738 16.14->0.76s
OK   g31_screen_plans.jsonl.gz#287 plan n 57 CLEAR 552.799 / CLEAR 552.799 23.52->2.73s
OK   g31_screen_plans.jsonl.gz#287 retract n 60 CLEAR 622.731 / CLEAR 622.731 23.38->1.21s
OK   g31_screen_plans.jsonl.gz#297 plan n 128 CLEAR 500.035 / CLEAR 500.035 33.78->1.11s
OK   g31_screen_plans.jsonl.gz#297 retract n 60 CLEAR 500.093 / CLEAR 500.093 19.49->0.68s
OK   g31_r0_control_plans.jsonl#1 plan n 91 CLEAR 633.953 / CLEAR 633.953 51.21->1.63s
OK   g31_r0_control_plans.jsonl#1 retract n 60 CLEAR 622.731 / CLEAR 622.731 31.09->6.80s
OK   g31_r0_control_plans.jsonl#11 plan n 77 CLEAR 582.984 / CLEAR 582.984 31.72->1.01s
OK   g31_r0_control_plans.jsonl#11 retract n 60 CLEAR 583.010 / CLEAR 583.010 24.55->1.11s
OK   smoke_mock_plans.jsonl#3 plan n 128 CLEAR 622.731 / CLEAR 622.731 48.14->2.11s
OK   smoke_mock_plans.jsonl#3 retract n 60 CLEAR 622.731 / CLEAR 622.731 21.53->1.74s
OK   g36_planonly_plans_g36_R0.jsonl#4 plan n 92 CLEAR 564.791 / CLEAR 564.791 37.92->1.80s
OK   g36_planonly_plans_g36_R0.jsonl#4 retract n 60 CLEAR 564.803 / CLEAR 564.803 24.85->1.89s
OK   g36_planonly_plans_g36_R0.jsonl#14 plan n 126 CLEAR 587.062 / CLEAR 587.062 52.69->3.11s
OK   g36_planonly_plans_g36_R0.jsonl#14 retract n 60 CLEAR 587.060 / CLEAR 587.060 25.53->3.36s
OK   g36_planonly_plans_g36_R10.jsonl#6 plan n 126 CLEAR 562.079 / CLEAR 562.079 45.25->1.90s
OK   g36_planonly_plans_g36_R10.jsonl#6 retract n 60 CLEAR 562.081 / CLEAR 562.081 22.68->1.44s
OK   g36_planonly_plans_g36_R10.jsonl#16 plan n 136 CLEAR 379.961 / CLEAR 379.961 56.25->2.88s
OK   g36_planonly_plans_g36_R10.jsonl#16 retract n 60 CLEAR 471.674 / CLEAR 471.674 29.50->1.84s
OK   g36_planonly_plans_g36_R10.jsonl#26 plan n 73 CLEAR 498.439 / CLEAR 498.439 27.76->2.01s
OK   g36_planonly_plans_g36_R10.jsonl#26 retract n 60 CLEAR 498.529 / CLEAR 498.529 24.35->1.73s
OK   g36_planonly_plans_g36_R10.jsonl#36 plan n 127 CLEAR 557.869 / CLEAR 557.869 45.85->1.85s
OK   g36_planonly_plans_g36_R10.jsonl#36 retract n 60 CLEAR 557.897 / CLEAR 557.897 21.39->0.94s
OK   g36_planonly_plans_g36_R10.jsonl#46 plan n 95 CLEAR 369.936 / CLEAR 369.936 32.85->2.17s
OK   g36_planonly_plans_g36_R10.jsonl#46 retract n 60 CLEAR 473.450 / CLEAR 473.450 23.23->1.94s
OK   g36_planonly_plans_g36_R10.jsonl#56 plan n 133 CLEAR 493.172 / CLEAR 493.172 30.92->1.54s
OK   g36_planonly_plans_g36_R10.jsonl#56 retract n 60 CLEAR 493.422 / CLEAR 493.422 14.09->1.00s
RINGKAS {"source": "plans", "part": "0/10", "n": 130, "points": 10538, "bad": 0, "t_old": 4717.6, "t_new": 303.1, "verdicts": {"CLEAR": 130, "MARGIN": 0, "COLLIDE": 0}}
