OK   g34_planonly_plans_g34_R10.jsonl#0 plan n 129 CLEAR 542.843 / CLEAR 542.843 51.02->2.66s
OK   g34_planonly_plans_g34_R10.jsonl#0 retract n 60 CLEAR 542.852 / CLEAR 542.852 25.41->1.28s
OK   g34_planonly_plans_g34_R10.jsonl#10 plan n 127 CLEAR 374.509 / CLEAR 374.509 71.91->7.12s
OK   g34_planonly_plans_g34_R10.jsonl#10 retract n 60 CLEAR 374.779 / CLEAR 374.779 36.02->3.76s
OK   g34_planonly_plans_g34b_hw_R0.jsonl#2 plan n 128 CLEAR 622.731 / CLEAR 622.731 70.18->2.90s
OK   g34_planonly_plans_g34b_hw_R0.jsonl#2 retract n 60 CLEAR 622.731 / CLEAR 622.731 31.63->3.90s
OK   g34_planonly_plans_g34b_hw_R0.jsonl#12 plan n 129 CLEAR 622.731 / CLEAR 622.731 70.53->3.75s
OK   g34_planonly_plans_g34b_hw_R0.jsonl#12 retract n 60 CLEAR 622.731 / CLEAR 622.731 27.49->3.80s
OK   g34_planonly_plans_g34b_hw_R10.jsonl#4 plan n 90 CLEAR 356.571 / CLEAR 356.571 52.51->1.95s
OK   g34_planonly_plans_g34b_hw_R10.jsonl#4 retract n 60 CLEAR 445.042 / CLEAR 445.042 33.19->3.29s
OK   g34_planonly_plans_g34b_hw_R10.jsonl#14 plan n 126 CLEAR 487.107 / CLEAR 487.107 63.27->3.49s
OK   g34_planonly_plans_g34b_hw_R10.jsonl#14 retract n 60 CLEAR 487.239 / CLEAR 487.239 30.44->2.19s
OK   g34_planonly_plans_g34n_R0.jsonl#6 plan n 126 CLEAR 622.731 / CLEAR 622.731 59.05->2.86s
OK   g34_planonly_plans_g34n_R0.jsonl#6 retract n 60 CLEAR 622.731 / CLEAR 622.731 29.22->3.29s
OK   g34_planonly_plans_g34n_R0.jsonl#16 plan n 95 CLEAR 567.045 / CLEAR 567.045 46.33->2.11s
OK   g34_planonly_plans_g34n_R0.jsonl#16 retract n 60 CLEAR 567.101 / CLEAR 567.101 28.14->2.15s
OK   g34_planonly_plans_g34n_R10.jsonl#8 plan n 126 CLEAR 562.331 / CLEAR 562.331 50.31->2.36s
OK   g34_planonly_plans_g34n_R10.jsonl#8 retract n 60 CLEAR 562.372 / CLEAR 562.372 22.63->1.10s
OK   g34_planonly_plans_g34n_R10.jsonl#18 plan n 75 CLEAR 525.028 / CLEAR 525.028 28.76->1.32s
OK   g34_planonly_plans_g34n_R10.jsonl#18 retract n 60 CLEAR 525.064 / CLEAR 525.064 23.05->0.87s
OK   g34_planonly_plans_g35b_hw_R0.jsonl#9 plan n 56 CLEAR 622.731 / CLEAR 622.731 24.50->0.83s
OK   g34_planonly_plans_g35b_hw_R0.jsonl#9 retract n 60 CLEAR 622.731 / CLEAR 622.731 26.86->1.53s
OK   g34_planonly_plans_g35b_hw_R10.jsonl#1 plan n 68 CLEAR 622.731 / CLEAR 622.731 27.81->1.45s
OK   g34_planonly_plans_g35b_hw_R10.jsonl#1 retract n 60 CLEAR 622.731 / CLEAR 622.731 20.93->1.93s
OK   g34_planonly_plans_reg3_R0.jsonl#6 plan n 126 CLEAR 622.731 / CLEAR 622.731 49.53->1.55s
OK   g34_planonly_plans_reg3_R0.jsonl#6 retract n 60 CLEAR 622.731 / CLEAR 622.731 24.67->2.81s
OK   g34_planonly_plans_reg3_R0.jsonl#16 plan n 86 CLEAR 531.830 / CLEAR 531.830 36.42->1.55s
OK   g34_planonly_plans_reg3_R0.jsonl#16 retract n 60 CLEAR 531.839 / CLEAR 531.839 25.65->1.21s
OK   g34_planonly_plans_reg3_R10.jsonl#8 plan n 127 CLEAR 576.067 / CLEAR 576.067 48.09->1.98s
OK   g34_planonly_plans_reg3_R10.jsonl#8 retract n 60 CLEAR 576.103 / CLEAR 576.103 22.20->1.13s
OK   g34_planonly_plans_reg3_R10.jsonl#18 plan n 132 CLEAR 503.476 / CLEAR 503.476 63.11->4.45s
OK   g34_planonly_plans_reg3_R10.jsonl#18 retract n 60 CLEAR 533.658 / CLEAR 533.658 22.96->1.37s
OK   g33_planonly_plans_R0.jsonl.gz#8 plan n 59 CLEAR 493.931 / CLEAR 493.931 26.17->0.73s
OK   g33_planonly_plans_R0.jsonl.gz#8 retract n 60 CLEAR 493.990 / CLEAR 493.990 23.27->0.83s
OK   g33_planonly_plans_R10.jsonl.gz#0 plan n 104 CLEAR 622.731 / CLEAR 622.731 43.17->2.20s
OK   g33_planonly_plans_R10.jsonl.gz#0 retract n 60 CLEAR 622.731 / CLEAR 622.731 23.08->2.89s
OK   g32hw_screen_plans_R0.jsonl.gz#5 plan n 40 CLEAR 534.144 / CLEAR 534.144 19.84->0.74s
OK   g32hw_screen_plans_R0.jsonl.gz#5 retract n 60 CLEAR 565.898 / CLEAR 565.898 30.01->1.03s
OK   g32hw_screen_plans_R0.jsonl.gz#15 plan n 126 CLEAR 622.731 / CLEAR 622.731 49.84->1.62s
OK   g32hw_screen_plans_R0.jsonl.gz#15 retract n 60 CLEAR 622.731 / CLEAR 622.731 23.96->1.68s
OK   g32hw_screen_plans_R10.jsonl.gz#7 plan n 127 CLEAR 622.731 / CLEAR 622.731 53.06->2.03s
OK   g32hw_screen_plans_R10.jsonl.gz#7 retract n 60 CLEAR 622.731 / CLEAR 622.731 26.11->2.18s
OK   g32hw_screen_plans_R10.jsonl.gz#17 plan n 97 CLEAR 568.220 / CLEAR 568.220 41.05->2.02s
OK   g32hw_screen_plans_R10.jsonl.gz#17 retract n 60 CLEAR 568.222 / CLEAR 568.222 24.51->1.91s
OK   g32_screen_plans.jsonl.gz#9 plan n 64 CLEAR 370.618 / CLEAR 370.618 27.88->2.54s
OK   g32_screen_plans.jsonl.gz#9 retract n 60 CLEAR 370.747 / CLEAR 370.747 26.29->1.52s
OK   g31_screen_plans.jsonl.gz#1 plan n 133 CLEAR 572.646 / CLEAR 572.646 51.75->1.73s
OK   g31_screen_plans.jsonl.gz#1 retract n 60 CLEAR 572.684 / CLEAR 572.684 22.12->0.79s
OK   g31_screen_plans.jsonl.gz#11 plan n 127 CLEAR 612.042 / CLEAR 612.042 54.11->3.27s
OK   g31_screen_plans.jsonl.gz#11 retract n 60 CLEAR 612.119 / CLEAR 612.119 25.02->2.97s
OK   g31_screen_plans.jsonl.gz#21 plan n 65 CLEAR 678.047 / CLEAR 678.047 28.71->1.45s
OK   g31_screen_plans.jsonl.gz#21 retract n 60 CLEAR 622.731 / CLEAR 622.731 29.22->2.98s
OK   g31_screen_plans.jsonl.gz#31 plan n 57 CLEAR 565.423 / CLEAR 565.423 24.52->1.19s
OK   g31_screen_plans.jsonl.gz#31 retract n 60 CLEAR 565.466 / CLEAR 565.466 25.76->1.18s
OK   g31_screen_plans.jsonl.gz#41 plan n 77 CLEAR 486.785 / CLEAR 486.785 30.10->1.49s
OK   g31_screen_plans.jsonl.gz#41 retract n 60 CLEAR 509.281 / CLEAR 509.281 21.08->1.01s
OK   g31_screen_plans.jsonl.gz#51 plan n 67 CLEAR 599.366 / CLEAR 599.366 28.44->1.98s
OK   g31_screen_plans.jsonl.gz#51 retract n 60 CLEAR 599.392 / CLEAR 599.392 25.01->1.83s
OK   g31_screen_plans.jsonl.gz#61 plan n 57 CLEAR 658.653 / CLEAR 658.653 27.59->1.99s
OK   g31_screen_plans.jsonl.gz#61 retract n 60 CLEAR 622.731 / CLEAR 622.731 26.52->2.62s
OK   g31_screen_plans.jsonl.gz#71 plan n 127 CLEAR 567.643 / CLEAR 567.643 46.33->1.63s
OK   g31_screen_plans.jsonl.gz#71 retract n 60 CLEAR 567.670 / CLEAR 567.670 21.37->0.63s
OK   g31_screen_plans.jsonl.gz#81 plan n 126 CLEAR 527.642 / CLEAR 527.642 60.10->3.44s
OK   g31_screen_plans.jsonl.gz#81 retract n 60 CLEAR 549.574 / CLEAR 549.574 27.33->3.77s
OK   g31_screen_plans.jsonl.gz#91 plan n 68 CLEAR 602.489 / CLEAR 602.489 32.92->2.20s
OK   g31_screen_plans.jsonl.gz#91 retract n 60 CLEAR 579.686 / CLEAR 579.686 28.20->2.54s
OK   g31_screen_plans.jsonl.gz#101 plan n 58 CLEAR 566.494 / CLEAR 566.494 22.75->1.20s
OK   g31_screen_plans.jsonl.gz#101 retract n 60 CLEAR 566.531 / CLEAR 566.531 23.35->0.87s
OK   g31_screen_plans.jsonl.gz#111 plan n 127 CLEAR 596.748 / CLEAR 596.748 48.62->1.85s
OK   g31_screen_plans.jsonl.gz#111 retract n 60 CLEAR 596.748 / CLEAR 596.748 22.80->1.38s
OK   g31_screen_plans.jsonl.gz#121 plan n 128 CLEAR 622.073 / CLEAR 622.073 52.00->3.53s
OK   g31_screen_plans.jsonl.gz#121 retract n 60 CLEAR 622.162 / CLEAR 622.162 25.72->3.30s
OK   g31_screen_plans.jsonl.gz#131 plan n 126 CLEAR 582.196 / CLEAR 582.196 46.66->1.83s
OK   g31_screen_plans.jsonl.gz#131 retract n 60 CLEAR 582.196 / CLEAR 582.196 22.50->1.15s
OK   g31_screen_plans.jsonl.gz#141 plan n 82 CLEAR 444.760 / CLEAR 444.760 32.86->1.41s
OK   g31_screen_plans.jsonl.gz#141 retract n 60 CLEAR 581.045 / CLEAR 581.045 24.24->1.65s
OK   g31_screen_plans.jsonl.gz#151 plan n 163 CLEAR 555.985 / CLEAR 555.985 68.96->3.12s
OK   g31_screen_plans.jsonl.gz#151 retract n 60 CLEAR 590.348 / CLEAR 590.348 25.51->2.63s
OK   g31_screen_plans.jsonl.gz#161 plan n 129 CLEAR 665.842 / CLEAR 665.842 59.45->3.68s
OK   g31_screen_plans.jsonl.gz#161 retract n 60 CLEAR 622.731 / CLEAR 622.731 28.03->5.10s
OK   g31_screen_plans.jsonl.gz#171 plan n 53 CLEAR 457.658 / CLEAR 457.658 18.65->0.57s
OK   g31_screen_plans.jsonl.gz#171 retract n 60 CLEAR 457.720 / CLEAR 457.720 22.31->0.95s
OK   g31_screen_plans.jsonl.gz#181 plan n 135 CLEAR 508.480 / CLEAR 508.480 62.71->2.45s
OK   g31_screen_plans.jsonl.gz#181 retract n 60 CLEAR 622.731 / CLEAR 622.731 23.42->1.21s
OK   g31_screen_plans.jsonl.gz#191 plan n 133 CLEAR 571.254 / CLEAR 571.254 46.48->2.20s
OK   g31_screen_plans.jsonl.gz#191 retract n 60 CLEAR 622.731 / CLEAR 622.731 25.42->2.39s
OK   g31_screen_plans.jsonl.gz#201 plan n 128 CLEAR 655.991 / CLEAR 655.991 75.51->3.77s
OK   g31_screen_plans.jsonl.gz#201 retract n 60 CLEAR 622.731 / CLEAR 622.731 29.82->5.36s
OK   g31_screen_plans.jsonl.gz#211 plan n 91 CLEAR 611.474 / CLEAR 611.474 38.02->1.88s
OK   g31_screen_plans.jsonl.gz#211 retract n 60 CLEAR 611.466 / CLEAR 611.466 24.87->2.00s
OK   g31_screen_plans.jsonl.gz#221 plan n 43 CLEAR 622.731 / CLEAR 622.731 17.66->1.14s
OK   g31_screen_plans.jsonl.gz#221 retract n 60 CLEAR 622.731 / CLEAR 622.731 24.50->0.77s
OK   g31_screen_plans.jsonl.gz#231 plan n 101 CLEAR 622.731 / CLEAR 622.731 38.18->1.59s
OK   g31_screen_plans.jsonl.gz#231 retract n 60 CLEAR 622.731 / CLEAR 622.731 22.31->2.05s
OK   g31_screen_plans.jsonl.gz#241 plan n 130 CLEAR 622.731 / CLEAR 622.731 49.60->1.67s
OK   g31_screen_plans.jsonl.gz#241 retract n 60 CLEAR 622.731 / CLEAR 622.731 23.37->1.52s
OK   g31_screen_plans.jsonl.gz#251 plan n 63 CLEAR 676.497 / CLEAR 676.497 34.36->2.47s
OK   g31_screen_plans.jsonl.gz#251 retract n 60 CLEAR 622.731 / CLEAR 622.731 28.07->2.88s
OK   g31_screen_plans.jsonl.gz#261 plan n 70 CLEAR 385.712 / CLEAR 385.712 36.87->3.69s
OK   g31_screen_plans.jsonl.gz#261 retract n 60 CLEAR 385.865 / CLEAR 385.865 259.14->2.78s
OK   g31_screen_plans.jsonl.gz#271 plan n 44 CLEAR 483.689 / CLEAR 483.689 15.70->1.71s
OK   g31_screen_plans.jsonl.gz#271 retract n 60 CLEAR 486.633 / CLEAR 486.633 23.36->2.06s
OK   g31_screen_plans.jsonl.gz#281 plan n 110 CLEAR 529.027 / CLEAR 529.027 40.81->2.26s
OK   g31_screen_plans.jsonl.gz#281 retract n 60 CLEAR 622.731 / CLEAR 622.731 21.70->0.85s
OK   g31_screen_plans.jsonl.gz#291 plan n 129 CLEAR 503.697 / CLEAR 503.697 42.71->3.65s
OK   g31_screen_plans.jsonl.gz#291 retract n 60 CLEAR 503.865 / CLEAR 503.865 22.53->2.32s
OK   g31_screen_plans.jsonl.gz#301 plan n 67 CLEAR 450.837 / CLEAR 450.837 28.85->3.90s
OK   g31_screen_plans.jsonl.gz#301 retract n 60 CLEAR 450.934 / CLEAR 450.934 25.86->2.68s
OK   g31_r0_control_plans.jsonl#5 plan n 128 CLEAR 572.346 / CLEAR 572.346 45.57->1.66s
OK   g31_r0_control_plans.jsonl#5 retract n 60 CLEAR 572.372 / CLEAR 572.372 20.58->0.97s
OK   g31_r0_control_plans.jsonl#15 plan n 133 CLEAR 621.548 / CLEAR 621.548 52.81->2.43s
OK   g31_r0_control_plans.jsonl#15 retract n 60 CLEAR 622.731 / CLEAR 622.731 23.30->2.77s
OK   smoke_mock_plans.jsonl#7 plan n 128 CLEAR 569.075 / CLEAR 569.075 52.22->3.01s
OK   smoke_mock_plans.jsonl#7 retract n 60 CLEAR 569.074 / CLEAR 569.074 24.69->2.43s
OK   g36_planonly_plans_g36_R0.jsonl#8 plan n 128 CLEAR 582.625 / CLEAR 582.625 51.90->2.95s
OK   g36_planonly_plans_g36_R0.jsonl#8 retract n 60 CLEAR 582.641 / CLEAR 582.641 25.34->3.30s
OK   g36_planonly_plans_g36_R10.jsonl#0 plan n 103 CLEAR 622.731 / CLEAR 622.731 41.97->1.96s
OK   g36_planonly_plans_g36_R10.jsonl#0 retract n 60 CLEAR 622.731 / CLEAR 622.731 23.97->2.42s
OK   g36_planonly_plans_g36_R10.jsonl#10 plan n 136 CLEAR 366.901 / CLEAR 366.901 53.44->2.96s
OK   g36_planonly_plans_g36_R10.jsonl#10 retract n 60 CLEAR 499.732 / CLEAR 499.732 27.45->3.30s
OK   g36_planonly_plans_g36_R10.jsonl#20 plan n 127 CLEAR 489.605 / CLEAR 489.605 52.12->2.79s
OK   g36_planonly_plans_g36_R10.jsonl#20 retract n 60 CLEAR 489.733 / CLEAR 489.733 24.65->1.78s
OK   g36_planonly_plans_g36_R10.jsonl#30 plan n 126 CLEAR 622.731 / CLEAR 622.731 50.48->2.44s
OK   g36_planonly_plans_g36_R10.jsonl#30 retract n 60 CLEAR 622.731 / CLEAR 622.731 20.59->2.26s
OK   g36_planonly_plans_g36_R10.jsonl#40 plan n 159 CLEAR 383.519 / CLEAR 383.519 66.31->3.25s
OK   g36_planonly_plans_g36_R10.jsonl#40 retract n 60 CLEAR 504.126 / CLEAR 504.126 23.64->2.74s
OK   g36_planonly_plans_g36_R10.jsonl#50 plan n 58 CLEAR 487.948 / CLEAR 487.948 15.05->1.07s
OK   g36_planonly_plans_g36_R10.jsonl#50 retract n 60 CLEAR 488.040 / CLEAR 488.040 17.68->1.00s
RINGKAS {"source": "plans", "part": "4/10", "n": 128, "points": 10443, "bad": 0, "t_old": 4658.2, "t_new": 285.5, "verdicts": {"CLEAR": 128, "MARGIN": 0, "COLLIDE": 0}}
