OK   g34_planonly_plans_g34_R10.jsonl#5 plan n 126 CLEAR 596.634 / CLEAR 596.634 64.77->7.15s
OK   g34_planonly_plans_g34_R10.jsonl#15 plan n 128 CLEAR 497.585 / CLEAR 497.585 67.18->4.32s
OK   g34_planonly_plans_g34_R10.jsonl#15 retract n 60 CLEAR 497.715 / CLEAR 497.715 29.93->3.14s
OK   g34_planonly_plans_g34b_hw_R0.jsonl#7 plan n 68 CLEAR 622.731 / CLEAR 622.731 31.80->2.40s
OK   g34_planonly_plans_g34b_hw_R0.jsonl#7 retract n 60 CLEAR 622.731 / CLEAR 622.731 29.48->2.58s
OK   g34_planonly_plans_g34b_hw_R0.jsonl#17 plan n 111 CLEAR 695.538 / CLEAR 695.538 76.16->3.51s
OK   g34_planonly_plans_g34b_hw_R0.jsonl#17 retract n 60 CLEAR 622.731 / CLEAR 622.731 43.14->7.28s
OK   g34_planonly_plans_g34b_hw_R10.jsonl#9 plan n 130 CLEAR 357.853 / CLEAR 357.853 67.38->3.60s
OK   g34_planonly_plans_g34b_hw_R10.jsonl#9 retract n 60 CLEAR 357.947 / CLEAR 357.947 32.71->2.96s
OK   g34_planonly_plans_g34n_R0.jsonl#1 plan n 127 CLEAR 569.567 / CLEAR 569.567 57.69->2.08s
OK   g34_planonly_plans_g34n_R0.jsonl#1 retract n 60 CLEAR 569.606 / CLEAR 569.606 27.16->1.31s
OK   g34_planonly_plans_g34n_R0.jsonl#11 plan n 111 CLEAR 646.876 / CLEAR 646.876 54.82->2.62s
OK   g34_planonly_plans_g34n_R0.jsonl#11 retract n 60 CLEAR 622.731 / CLEAR 622.731 30.66->5.35s
OK   g34_planonly_plans_g34n_R10.jsonl#3 plan n 130 CLEAR 360.181 / CLEAR 360.181 74.86->4.86s
OK   g34_planonly_plans_g34n_R10.jsonl#3 retract n 60 CLEAR 360.275 / CLEAR 360.275 28.29->2.86s
OK   g34_planonly_plans_g34n_R10.jsonl#13 plan n 91 CLEAR 527.891 / CLEAR 527.891 41.87->1.61s
OK   g34_planonly_plans_g34n_R10.jsonl#13 retract n 60 CLEAR 527.886 / CLEAR 527.886 22.54->1.01s
OK   g34_planonly_plans_g35b_hw_R0.jsonl#4 plan n 76 CLEAR 532.073 / CLEAR 532.073 29.91->1.44s
OK   g34_planonly_plans_g35b_hw_R0.jsonl#4 retract n 60 CLEAR 532.072 / CLEAR 532.072 24.51->1.06s
OK   g34_planonly_plans_g35b_hw_R0.jsonl#14 plan n 128 CLEAR 622.731 / CLEAR 622.731 53.58->3.32s
OK   g34_planonly_plans_g35b_hw_R0.jsonl#14 retract n 60 CLEAR 622.731 / CLEAR 622.731 25.94->3.21s
OK   g34_planonly_plans_reg3_R0.jsonl#1 plan n 84 CLEAR 622.731 / CLEAR 622.731 35.60->1.61s
OK   g34_planonly_plans_reg3_R0.jsonl#1 retract n 60 CLEAR 622.731 / CLEAR 622.731 23.84->2.14s
OK   g34_planonly_plans_reg3_R0.jsonl#11 plan n 136 CLEAR 638.446 / CLEAR 638.446 63.97->1.87s
OK   g34_planonly_plans_reg3_R0.jsonl#11 retract n 60 CLEAR 622.731 / CLEAR 622.731 28.41->2.42s
OK   g34_planonly_plans_reg3_R10.jsonl#3 plan n 96 CLEAR 367.395 / CLEAR 367.395 44.87->6.92s
OK   g34_planonly_plans_reg3_R10.jsonl#3 retract n 60 CLEAR 368.074 / CLEAR 368.074 26.02->2.83s
OK   g34_planonly_plans_reg3_R10.jsonl#13 plan n 126 CLEAR 622.731 / CLEAR 622.731 54.89->2.41s
OK   g34_planonly_plans_reg3_R10.jsonl#13 retract n 60 CLEAR 622.731 / CLEAR 622.731 27.24->3.00s
OK   g33_planonly_plans_R0.jsonl.gz#3 plan n 128 CLEAR 608.585 / CLEAR 608.585 58.12->3.26s
OK   g33_planonly_plans_R0.jsonl.gz#3 retract n 60 CLEAR 608.587 / CLEAR 608.587 28.65->1.91s
OK   g33_planonly_plans_R0.jsonl.gz#13 plan n 124 CLEAR 622.731 / CLEAR 622.731 53.75->1.93s
OK   g33_planonly_plans_R0.jsonl.gz#13 retract n 60 CLEAR 622.731 / CLEAR 622.731 25.26->2.00s
OK   g32hw_screen_plans_R0.jsonl.gz#0 plan n 125 CLEAR 577.580 / CLEAR 577.580 44.26->2.11s
OK   g32hw_screen_plans_R0.jsonl.gz#0 retract n 60 CLEAR 577.626 / CLEAR 577.626 19.76->1.84s
OK   g32hw_screen_plans_R0.jsonl.gz#10 plan n 87 CLEAR 622.731 / CLEAR 622.731 37.22->1.54s
OK   g32hw_screen_plans_R0.jsonl.gz#10 retract n 60 CLEAR 622.731 / CLEAR 622.731 24.74->2.19s
OK   g32hw_screen_plans_R10.jsonl.gz#2 plan n 121 CLEAR 491.043 / CLEAR 491.043 50.59->2.47s
OK   g32hw_screen_plans_R10.jsonl.gz#2 retract n 60 CLEAR 491.158 / CLEAR 491.158 25.37->2.18s
OK   g32hw_screen_plans_R10.jsonl.gz#12 plan n 104 CLEAR 622.731 / CLEAR 622.731 43.55->2.04s
OK   g32hw_screen_plans_R10.jsonl.gz#12 retract n 60 CLEAR 622.731 / CLEAR 622.731 23.59->2.73s
OK   g32_screen_plans.jsonl.gz#4 plan n 135 CLEAR 372.342 / CLEAR 372.342 71.50->3.75s
OK   g32_screen_plans.jsonl.gz#4 retract n 60 CLEAR 474.873 / CLEAR 474.873 29.57->2.92s
OK   g32_screen_plans.jsonl.gz#14 plan n 62 CLEAR 499.039 / CLEAR 499.039 24.50->1.97s
OK   g32_screen_plans.jsonl.gz#14 retract n 60 CLEAR 499.127 / CLEAR 499.127 22.29->1.04s
OK   g31_screen_plans.jsonl.gz#6 plan n 113 CLEAR 622.731 / CLEAR 622.731 49.39->2.15s
OK   g31_screen_plans.jsonl.gz#6 retract n 60 CLEAR 622.731 / CLEAR 622.731 26.82->2.43s
OK   g31_screen_plans.jsonl.gz#16 plan n 97 CLEAR 568.525 / CLEAR 568.525 36.77->2.04s
OK   g31_screen_plans.jsonl.gz#16 retract n 60 CLEAR 609.714 / CLEAR 609.714 25.43->2.46s
OK   g31_screen_plans.jsonl.gz#26 plan n 126 CLEAR 622.731 / CLEAR 622.731 49.75->1.46s
OK   g31_screen_plans.jsonl.gz#26 retract n 60 CLEAR 622.731 / CLEAR 622.731 23.70->1.76s
OK   g31_screen_plans.jsonl.gz#36 plan n 86 CLEAR 557.073 / CLEAR 557.073 35.05->1.78s
OK   g31_screen_plans.jsonl.gz#36 retract n 60 CLEAR 557.075 / CLEAR 557.075 25.54->1.86s
OK   g31_screen_plans.jsonl.gz#46 plan n 127 CLEAR 622.731 / CLEAR 622.731 54.56->2.14s
OK   g31_screen_plans.jsonl.gz#46 retract n 60 CLEAR 622.731 / CLEAR 622.731 24.00->2.81s
OK   g31_screen_plans.jsonl.gz#56 plan n 92 CLEAR 597.614 / CLEAR 597.614 39.42->2.61s
OK   g31_screen_plans.jsonl.gz#56 retract n 60 CLEAR 597.613 / CLEAR 597.613 22.76->2.40s
OK   g31_screen_plans.jsonl.gz#66 plan n 123 CLEAR 622.731 / CLEAR 622.731 51.28->1.55s
OK   g31_screen_plans.jsonl.gz#66 retract n 60 CLEAR 622.731 / CLEAR 622.731 23.51->1.56s
OK   g31_screen_plans.jsonl.gz#76 plan n 93 CLEAR 605.950 / CLEAR 605.950 53.48->2.42s
OK   g31_screen_plans.jsonl.gz#76 retract n 60 CLEAR 622.731 / CLEAR 622.731 28.82->2.46s
OK   g31_screen_plans.jsonl.gz#86 plan n 67 CLEAR 586.332 / CLEAR 586.332 28.76->2.52s
OK   g31_screen_plans.jsonl.gz#86 retract n 60 CLEAR 586.559 / CLEAR 586.559 26.88->1.98s
OK   g31_screen_plans.jsonl.gz#96 plan n 126 CLEAR 575.717 / CLEAR 575.717 45.54->1.86s
OK   g31_screen_plans.jsonl.gz#96 retract n 60 CLEAR 575.729 / CLEAR 575.729 22.72->1.75s
OK   g31_screen_plans.jsonl.gz#106 plan n 127 CLEAR 580.954 / CLEAR 580.954 52.44->3.77s
OK   g31_screen_plans.jsonl.gz#106 retract n 60 CLEAR 580.990 / CLEAR 580.990 23.71->3.84s
OK   g31_screen_plans.jsonl.gz#116 plan n 125 CLEAR 651.381 / CLEAR 651.381 74.13->2.53s
OK   g31_screen_plans.jsonl.gz#116 retract n 60 CLEAR 560.506 / CLEAR 560.506 28.01->3.40s
OK   g31_screen_plans.jsonl.gz#126 plan n 133 CLEAR 572.235 / CLEAR 572.235 52.08->3.69s
OK   g31_screen_plans.jsonl.gz#126 retract n 60 CLEAR 572.538 / CLEAR 572.538 21.62->3.14s
OK   g31_screen_plans.jsonl.gz#136 plan n 128 CLEAR 557.535 / CLEAR 557.535 50.68->3.89s
OK   g31_screen_plans.jsonl.gz#136 retract n 60 CLEAR 557.829 / CLEAR 557.829 23.89->3.61s
OK   g31_screen_plans.jsonl.gz#146 plan n 85 CLEAR 522.488 / CLEAR 522.488 38.32->1.50s
OK   g31_screen_plans.jsonl.gz#146 retract n 60 CLEAR 522.525 / CLEAR 522.525 26.36->1.45s
OK   g31_screen_plans.jsonl.gz#156 plan n 51 CLEAR 622.731 / CLEAR 622.731 21.49->1.21s
OK   g31_screen_plans.jsonl.gz#156 retract n 60 CLEAR 622.731 / CLEAR 622.731 26.66->2.53s
OK   g31_screen_plans.jsonl.gz#166 plan n 74 CLEAR 269.393 / CLEAR 269.393 31.92->1.13s
OK   g31_screen_plans.jsonl.gz#166 retract n 60 CLEAR 269.470 / CLEAR 269.470 25.97->1.38s
OK   g31_screen_plans.jsonl.gz#176 plan n 127 CLEAR 622.731 / CLEAR 622.731 51.68->2.10s
OK   g31_screen_plans.jsonl.gz#176 retract n 60 CLEAR 622.731 / CLEAR 622.731 25.59->2.53s
OK   g31_screen_plans.jsonl.gz#186 plan n 127 CLEAR 607.211 / CLEAR 607.211 49.91->4.03s
OK   g31_screen_plans.jsonl.gz#186 retract n 60 CLEAR 607.254 / CLEAR 607.254 24.91->3.26s
OK   g31_screen_plans.jsonl.gz#196 plan n 103 CLEAR 622.731 / CLEAR 622.731 40.86->1.82s
OK   g31_screen_plans.jsonl.gz#196 retract n 60 CLEAR 622.731 / CLEAR 622.731 24.67->2.80s
OK   g31_screen_plans.jsonl.gz#206 plan n 126 CLEAR 669.809 / CLEAR 669.809 49.93->3.78s
OK   g31_screen_plans.jsonl.gz#206 retract n 60 CLEAR 622.731 / CLEAR 622.731 22.09->6.69s
OK   g31_screen_plans.jsonl.gz#216 plan n 87 CLEAR 617.298 / CLEAR 617.298 35.65->2.52s
OK   g31_screen_plans.jsonl.gz#216 retract n 60 CLEAR 617.302 / CLEAR 617.302 24.90->2.17s
OK   g31_screen_plans.jsonl.gz#226 plan n 126 CLEAR 610.018 / CLEAR 610.018 59.83->1.53s
OK   g31_screen_plans.jsonl.gz#226 retract n 60 CLEAR 487.409 / CLEAR 487.409 24.67->3.21s
OK   g31_screen_plans.jsonl.gz#236 plan n 163 CLEAR 635.072 / CLEAR 635.072 306.59->4.95s
OK   g31_screen_plans.jsonl.gz#236 retract n 60 CLEAR 622.731 / CLEAR 622.731 20.14->2.64s
OK   g31_screen_plans.jsonl.gz#246 plan n 114 CLEAR 572.963 / CLEAR 572.963 43.63->2.14s
OK   g31_screen_plans.jsonl.gz#246 retract n 60 CLEAR 572.981 / CLEAR 572.981 23.67->2.33s
OK   g31_screen_plans.jsonl.gz#256 plan n 78 CLEAR 366.497 / CLEAR 366.497 31.53->1.91s
OK   g31_screen_plans.jsonl.gz#256 retract n 60 CLEAR 513.204 / CLEAR 513.204 26.57->2.89s
OK   g31_screen_plans.jsonl.gz#266 plan n 50 CLEAR 494.809 / CLEAR 494.809 20.50->1.63s
OK   g31_screen_plans.jsonl.gz#266 retract n 60 CLEAR 494.902 / CLEAR 494.902 24.57->1.67s
OK   g31_screen_plans.jsonl.gz#276 plan n 51 CLEAR 549.569 / CLEAR 549.569 18.81->1.08s
OK   g31_screen_plans.jsonl.gz#276 retract n 60 CLEAR 549.546 / CLEAR 549.546 20.77->0.97s
OK   g31_screen_plans.jsonl.gz#286 plan n 127 CLEAR 553.443 / CLEAR 553.443 48.45->3.91s
OK   g31_screen_plans.jsonl.gz#286 retract n 60 CLEAR 553.443 / CLEAR 553.443 25.77->2.76s
OK   g31_screen_plans.jsonl.gz#296 plan n 139 CLEAR 350.922 / CLEAR 350.922 72.33->2.99s
OK   g31_screen_plans.jsonl.gz#296 retract n 60 CLEAR 509.919 / CLEAR 509.919 28.42->2.23s
OK   g31_r0_control_plans.jsonl#0 plan n 126 CLEAR 608.143 / CLEAR 608.143 63.24->3.54s
OK   g31_r0_control_plans.jsonl#0 retract n 60 CLEAR 608.161 / CLEAR 608.161 27.73->3.07s
OK   g31_r0_control_plans.jsonl#10 plan n 50 CLEAR 622.731 / CLEAR 622.731 21.70->1.16s
OK   g31_r0_control_plans.jsonl#10 retract n 60 CLEAR 622.731 / CLEAR 622.731 21.48->1.02s
OK   smoke_mock_plans.jsonl#2 plan n 118 CLEAR 622.731 / CLEAR 622.731 45.01->1.79s
OK   smoke_mock_plans.jsonl#2 retract n 60 CLEAR 622.731 / CLEAR 622.731 24.24->1.66s
OK   g36_planonly_plans_g36_R0.jsonl#3 plan n 131 CLEAR 595.242 / CLEAR 595.242 56.75->2.40s
OK   g36_planonly_plans_g36_R0.jsonl#3 retract n 60 CLEAR 595.254 / CLEAR 595.254 26.67->1.76s
OK   g36_planonly_plans_g36_R0.jsonl#13 plan n 128 CLEAR 622.731 / CLEAR 622.731 52.76->1.80s
OK   g36_planonly_plans_g36_R0.jsonl#13 retract n 60 CLEAR 622.731 / CLEAR 622.731 24.07->1.96s
OK   g36_planonly_plans_g36_R10.jsonl#5 plan n 102 CLEAR 622.731 / CLEAR 622.731 42.84->2.32s
OK   g36_planonly_plans_g36_R10.jsonl#5 retract n 60 CLEAR 622.731 / CLEAR 622.731 24.35->1.60s
OK   g36_planonly_plans_g36_R10.jsonl#15 plan n 54 CLEAR 379.961 / CLEAR 379.961 14.30->1.99s
OK   g36_planonly_plans_g36_R10.jsonl#15 retract n 60 CLEAR 380.130 / CLEAR 380.130 16.64->1.72s
OK   g36_planonly_plans_g36_R10.jsonl#25 plan n 67 CLEAR 622.731 / CLEAR 622.731 26.32->0.84s
OK   g36_planonly_plans_g36_R10.jsonl#25 retract n 60 CLEAR 622.731 / CLEAR 622.731 15.69->1.13s
OK   g36_planonly_plans_g36_R10.jsonl#35 plan n 102 CLEAR 622.731 / CLEAR 622.731 25.53->1.21s
OK   g36_planonly_plans_g36_R10.jsonl#35 retract n 60 CLEAR 622.731 / CLEAR 622.731 14.23->1.32s
OK   g36_planonly_plans_g36_R10.jsonl#45 plan n 87 CLEAR 369.936 / CLEAR 369.936 22.47->2.83s
OK   g36_planonly_plans_g36_R10.jsonl#45 retract n 60 CLEAR 370.115 / CLEAR 370.115 13.82->1.20s
OK   g36_planonly_plans_g36_R10.jsonl#55 plan n 126 CLEAR 622.731 / CLEAR 622.731 29.09->1.00s
OK   g36_planonly_plans_g36_R10.jsonl#55 retract n 60 CLEAR 622.731 / CLEAR 622.731 13.21->1.14s
RINGKAS {"source": "plans", "part": "9/10", "n": 127, "points": 10616, "bad": 0, "t_old": 4762.0, "t_new": 314.8, "verdicts": {"CLEAR": 127, "MARGIN": 0, "COLLIDE": 0}}
