OK   g34_planonly_plans_g34_R0.jsonl#1 plan n 67 CLEAR 622.731 / CLEAR 622.731 33.72->2.52s
OK   g34_planonly_plans_g34_R0.jsonl#1 retract n 60 CLEAR 622.731 / CLEAR 622.731 29.96->2.12s
OK   g34_planonly_plans_g34_R10.jsonl#7 plan n 102 CLEAR 622.731 / CLEAR 622.731 47.03->2.52s
OK   g34_planonly_plans_g34_R10.jsonl#7 retract n 60 CLEAR 622.731 / CLEAR 622.731 27.95->3.87s
OK   g34_planonly_plans_g34_R10.jsonl#17 plan n 65 CLEAR 386.121 / CLEAR 386.121 36.32->2.47s
OK   g34_planonly_plans_g34_R10.jsonl#17 retract n 60 CLEAR 517.287 / CLEAR 517.287 31.49->3.68s
OK   g34_planonly_plans_g34b_hw_R0.jsonl#9 plan n 57 CLEAR 622.731 / CLEAR 622.731 30.99->1.51s
OK   g34_planonly_plans_g34b_hw_R0.jsonl#9 retract n 60 CLEAR 622.731 / CLEAR 622.731 28.27->1.58s
OK   g34_planonly_plans_g34b_hw_R10.jsonl#1 plan n 128 CLEAR 566.552 / CLEAR 566.552 60.33->2.39s
OK   g34_planonly_plans_g34b_hw_R10.jsonl#1 retract n 60 CLEAR 566.596 / CLEAR 566.596 28.75->1.50s
OK   g34_planonly_plans_g34b_hw_R10.jsonl#11 plan n 93 CLEAR 622.731 / CLEAR 622.731 45.37->2.63s
OK   g34_planonly_plans_g34b_hw_R10.jsonl#11 retract n 60 CLEAR 622.731 / CLEAR 622.731 30.75->3.43s
OK   g34_planonly_plans_g34n_R0.jsonl#3 plan n 67 CLEAR 622.731 / CLEAR 622.731 34.83->1.88s
OK   g34_planonly_plans_g34n_R0.jsonl#3 retract n 60 CLEAR 622.731 / CLEAR 622.731 31.12->1.79s
OK   g34_planonly_plans_g34n_R0.jsonl#13 plan n 67 CLEAR 622.731 / CLEAR 622.731 31.31->1.43s
OK   g34_planonly_plans_g34n_R0.jsonl#13 retract n 60 CLEAR 622.731 / CLEAR 622.731 27.64->2.10s
OK   g34_planonly_plans_g34n_R10.jsonl#5 plan n 129 CLEAR 340.886 / CLEAR 340.886 64.43->7.84s
OK   g34_planonly_plans_g34n_R10.jsonl#5 retract n 60 CLEAR 471.976 / CLEAR 471.976 27.00->1.76s
OK   g34_planonly_plans_g34n_R10.jsonl#15 plan n 128 CLEAR 495.217 / CLEAR 495.217 67.26->2.94s
OK   g34_planonly_plans_g34n_R10.jsonl#15 retract n 60 CLEAR 495.354 / CLEAR 495.354 28.56->1.96s
OK   g34_planonly_plans_g35b_hw_R0.jsonl#6 plan n 127 CLEAR 558.340 / CLEAR 558.340 47.05->1.83s
OK   g34_planonly_plans_g35b_hw_R0.jsonl#6 retract n 60 CLEAR 558.365 / CLEAR 558.365 22.29->1.41s
OK   g34_planonly_plans_g35b_hw_R0.jsonl#16 plan n 127 CLEAR 622.731 / CLEAR 622.731 52.15->2.12s
OK   g34_planonly_plans_g35b_hw_R0.jsonl#16 retract n 60 CLEAR 622.731 / CLEAR 622.731 24.58->1.97s
OK   g34_planonly_plans_reg3_R0.jsonl#3 plan n 129 CLEAR 622.731 / CLEAR 622.731 58.37->1.75s
OK   g34_planonly_plans_reg3_R0.jsonl#3 retract n 60 CLEAR 622.731 / CLEAR 622.731 24.34->1.71s
OK   g34_planonly_plans_reg3_R0.jsonl#13 plan n 69 CLEAR 608.677 / CLEAR 608.677 25.94->1.57s
OK   g34_planonly_plans_reg3_R0.jsonl#13 retract n 60 CLEAR 608.697 / CLEAR 608.697 24.77->1.33s
OK   g34_planonly_plans_reg3_R10.jsonl#5 plan n 126 CLEAR 490.763 / CLEAR 490.763 57.23->4.71s
OK   g34_planonly_plans_reg3_R10.jsonl#5 retract n 60 CLEAR 533.650 / CLEAR 533.650 24.15->2.36s
OK   g34_planonly_plans_reg3_R10.jsonl#15 plan n 35 CLEAR 493.378 / CLEAR 493.378 14.68->1.42s
OK   g34_planonly_plans_reg3_R10.jsonl#15 retract n 60 CLEAR 493.490 / CLEAR 493.490 24.17->1.53s
OK   g33_planonly_plans_R0.jsonl.gz#5 plan n 126 CLEAR 681.147 / CLEAR 681.147 61.40->2.31s
OK   g33_planonly_plans_R0.jsonl.gz#5 retract n 60 CLEAR 622.731 / CLEAR 622.731 26.39->2.36s
OK   g33_planonly_plans_R0.jsonl.gz#15 plan n 75 CLEAR 622.731 / CLEAR 622.731 34.09->1.55s
OK   g33_planonly_plans_R0.jsonl.gz#15 retract n 60 CLEAR 622.731 / CLEAR 622.731 27.83->1.60s
OK   g32hw_screen_plans_R0.jsonl.gz#2 plan n 127 CLEAR 622.731 / CLEAR 622.731 50.67->2.86s
OK   g32hw_screen_plans_R0.jsonl.gz#2 retract n 60 CLEAR 622.731 / CLEAR 622.731 26.08->3.35s
OK   g32hw_screen_plans_R0.jsonl.gz#12 plan n 126 CLEAR 578.201 / CLEAR 578.201 45.12->2.02s
OK   g32hw_screen_plans_R0.jsonl.gz#12 retract n 60 CLEAR 578.255 / CLEAR 578.255 22.84->2.12s
OK   g32hw_screen_plans_R10.jsonl.gz#4 plan n 56 CLEAR 379.934 / CLEAR 379.934 27.34->1.63s
OK   g32hw_screen_plans_R10.jsonl.gz#4 retract n 60 CLEAR 524.125 / CLEAR 524.125 28.29->3.62s
OK   g32hw_screen_plans_R10.jsonl.gz#14 plan n 45 CLEAR 495.732 / CLEAR 495.732 18.08->1.87s
OK   g32hw_screen_plans_R10.jsonl.gz#14 retract n 60 CLEAR 495.813 / CLEAR 495.813 25.05->1.42s
OK   g32_screen_plans.jsonl.gz#6 plan n 127 CLEAR 555.260 / CLEAR 555.260 47.63->1.87s
OK   g32_screen_plans.jsonl.gz#6 retract n 60 CLEAR 555.281 / CLEAR 555.281 23.98->1.45s
OK   g32_screen_plans.jsonl.gz#16 plan n 131 CLEAR 369.618 / CLEAR 369.618 55.30->2.96s
OK   g32_screen_plans.jsonl.gz#16 retract n 60 CLEAR 369.731 / CLEAR 369.731 26.11->1.42s
OK   g31_screen_plans.jsonl.gz#8 plan n 32 CLEAR 622.731 / CLEAR 622.731 13.49->0.76s
OK   g31_screen_plans.jsonl.gz#8 retract n 60 CLEAR 622.731 / CLEAR 622.731 20.26->0.94s
OK   g31_screen_plans.jsonl.gz#18 plan n 46 CLEAR 622.731 / CLEAR 622.731 21.28->1.08s
OK   g31_screen_plans.jsonl.gz#18 retract n 60 CLEAR 622.731 / CLEAR 622.731 23.28->1.03s
OK   g31_screen_plans.jsonl.gz#28 plan n 127 CLEAR 602.983 / CLEAR 602.983 50.47->3.14s
OK   g31_screen_plans.jsonl.gz#28 retract n 60 CLEAR 603.199 / CLEAR 603.199 26.62->2.40s
OK   g31_screen_plans.jsonl.gz#38 plan n 86 CLEAR 622.731 / CLEAR 622.731 34.36->1.37s
OK   g31_screen_plans.jsonl.gz#38 retract n 60 CLEAR 622.731 / CLEAR 622.731 23.78->1.73s
OK   g31_screen_plans.jsonl.gz#48 plan n 86 CLEAR 556.912 / CLEAR 556.912 35.73->1.72s
OK   g31_screen_plans.jsonl.gz#48 retract n 60 CLEAR 556.912 / CLEAR 556.912 25.65->1.82s
OK   g31_screen_plans.jsonl.gz#58 plan n 115 CLEAR 622.731 / CLEAR 622.731 51.58->2.84s
OK   g31_screen_plans.jsonl.gz#58 retract n 60 CLEAR 622.731 / CLEAR 622.731 26.11->2.94s
OK   g31_screen_plans.jsonl.gz#68 plan n 126 CLEAR 616.336 / CLEAR 616.336 57.47->4.40s
OK   g31_screen_plans.jsonl.gz#68 retract n 60 CLEAR 616.336 / CLEAR 616.336 27.69->4.05s
OK   g31_screen_plans.jsonl.gz#78 plan n 128 CLEAR 503.329 / CLEAR 503.329 55.00->3.38s
OK   g31_screen_plans.jsonl.gz#78 retract n 60 CLEAR 503.476 / CLEAR 503.476 21.77->2.06s
OK   g31_screen_plans.jsonl.gz#88 plan n 91 CLEAR 639.925 / CLEAR 639.925 51.29->4.12s
OK   g31_screen_plans.jsonl.gz#88 retract n 60 CLEAR 583.871 / CLEAR 583.871 28.34->2.64s
OK   g31_screen_plans.jsonl.gz#98 plan n 94 CLEAR 386.223 / CLEAR 386.223 42.51->3.97s
OK   g31_screen_plans.jsonl.gz#98 retract n 60 CLEAR 386.380 / CLEAR 386.380 27.08->3.48s
OK   g31_screen_plans.jsonl.gz#108 plan n 66 CLEAR 617.013 / CLEAR 617.013 26.64->1.77s
OK   g31_screen_plans.jsonl.gz#108 retract n 60 CLEAR 617.010 / CLEAR 617.010 24.07->1.71s
OK   g31_screen_plans.jsonl.gz#118 plan n 65 CLEAR 618.682 / CLEAR 618.682 40.99->1.81s
OK   g31_screen_plans.jsonl.gz#118 retract n 60 CLEAR 546.134 / CLEAR 546.134 30.69->2.66s
OK   g31_screen_plans.jsonl.gz#128 plan n 91 CLEAR 542.406 / CLEAR 542.406 38.23->1.58s
OK   g31_screen_plans.jsonl.gz#128 retract n 60 CLEAR 542.410 / CLEAR 542.410 24.22->1.50s
OK   g31_screen_plans.jsonl.gz#138 plan n 76 CLEAR 515.041 / CLEAR 515.041 29.14->1.18s
OK   g31_screen_plans.jsonl.gz#138 retract n 60 CLEAR 515.046 / CLEAR 515.046 24.65->1.07s
OK   g31_screen_plans.jsonl.gz#148 plan n 75 CLEAR 506.529 / CLEAR 506.529 26.51->1.36s
OK   g31_screen_plans.jsonl.gz#148 retract n 60 CLEAR 506.596 / CLEAR 506.596 22.29->0.64s
OK   g31_screen_plans.jsonl.gz#158 plan n 105 CLEAR 574.625 / CLEAR 574.625 44.89->1.60s
OK   g31_screen_plans.jsonl.gz#158 retract n 60 CLEAR 581.874 / CLEAR 581.874 25.53->1.93s
OK   g31_screen_plans.jsonl.gz#168 plan n 127 CLEAR 511.780 / CLEAR 511.780 51.59->3.95s
OK   g31_screen_plans.jsonl.gz#168 retract n 60 CLEAR 511.985 / CLEAR 511.985 23.73->2.11s
OK   g31_screen_plans.jsonl.gz#178 plan n 74 CLEAR 414.177 / CLEAR 414.177 38.38->2.21s
OK   g31_screen_plans.jsonl.gz#178 retract n 60 CLEAR 416.934 / CLEAR 416.934 27.67->2.72s
OK   g31_screen_plans.jsonl.gz#188 plan n 126 CLEAR 529.981 / CLEAR 529.981 51.03->1.89s
OK   g31_screen_plans.jsonl.gz#188 retract n 60 CLEAR 530.040 / CLEAR 530.040 25.37->1.35s
OK   g31_screen_plans.jsonl.gz#198 plan n 94 CLEAR 622.731 / CLEAR 622.731 40.71->1.72s
OK   g31_screen_plans.jsonl.gz#198 retract n 60 CLEAR 622.731 / CLEAR 622.731 26.09->2.90s
OK   g31_screen_plans.jsonl.gz#208 plan n 125 CLEAR 622.731 / CLEAR 622.731 53.42->2.12s
OK   g31_screen_plans.jsonl.gz#208 retract n 60 CLEAR 622.731 / CLEAR 622.731 27.52->2.99s
OK   g31_screen_plans.jsonl.gz#218 plan n 34 CLEAR 622.731 / CLEAR 622.731 14.31->1.19s
OK   g31_screen_plans.jsonl.gz#218 retract n 60 CLEAR 622.731 / CLEAR 622.731 25.12->1.06s
OK   g31_screen_plans.jsonl.gz#228 plan n 86 CLEAR 622.731 / CLEAR 622.731 32.54->1.81s
OK   g31_screen_plans.jsonl.gz#228 retract n 60 CLEAR 622.731 / CLEAR 622.731 24.24->1.97s
OK   g31_screen_plans.jsonl.gz#238 plan n 125 CLEAR 608.934 / CLEAR 608.934 55.38->3.11s
OK   g31_screen_plans.jsonl.gz#238 retract n 60 CLEAR 608.945 / CLEAR 608.945 26.32->2.54s
OK   g31_screen_plans.jsonl.gz#248 plan n 131 CLEAR 529.094 / CLEAR 529.094 54.73->2.76s
OK   g31_screen_plans.jsonl.gz#248 retract n 60 CLEAR 529.561 / CLEAR 529.561 24.29->1.90s
OK   g31_screen_plans.jsonl.gz#258 plan n 127 CLEAR 618.140 / CLEAR 618.140 47.30->2.79s
OK   g31_screen_plans.jsonl.gz#258 retract n 60 CLEAR 618.141 / CLEAR 618.141 17.25->2.04s
OK   g31_screen_plans.jsonl.gz#268 plan n 85 CLEAR 352.797 / CLEAR 352.797 32.46->1.01s
OK   g31_screen_plans.jsonl.gz#268 retract n 60 CLEAR 494.117 / CLEAR 494.117 23.63->3.49s
OK   g31_screen_plans.jsonl.gz#278 plan n 84 CLEAR 551.846 / CLEAR 551.846 269.01->1.69s
OK   g31_screen_plans.jsonl.gz#278 retract n 60 CLEAR 551.954 / CLEAR 551.954 23.83->1.73s
OK   g31_screen_plans.jsonl.gz#288 plan n 125 CLEAR 554.691 / CLEAR 554.691 51.14->2.96s
OK   g31_screen_plans.jsonl.gz#288 retract n 60 CLEAR 554.798 / CLEAR 554.798 24.50->1.94s
OK   g31_screen_plans.jsonl.gz#298 plan n 69 CLEAR 589.274 / CLEAR 589.274 22.60->2.14s
OK   g31_screen_plans.jsonl.gz#298 retract n 60 CLEAR 589.279 / CLEAR 589.279 23.16->2.18s
OK   g31_r0_control_plans.jsonl#2 plan n 70 CLEAR 612.024 / CLEAR 612.024 24.86->1.92s
OK   g31_r0_control_plans.jsonl#2 retract n 60 CLEAR 612.011 / CLEAR 612.011 17.86->1.39s
OK   g31_r0_control_plans.jsonl#12 plan n 90 CLEAR 622.731 / CLEAR 622.731 39.38->1.86s
OK   g31_r0_control_plans.jsonl#12 retract n 60 CLEAR 622.731 / CLEAR 622.731 28.93->2.56s
OK   smoke_mock_plans.jsonl#4 plan n 115 CLEAR 622.731 / CLEAR 622.731 36.41->1.11s
OK   smoke_mock_plans.jsonl#4 retract n 60 CLEAR 622.731 / CLEAR 622.731 21.66->1.82s
OK   g36_planonly_plans_g36_R0.jsonl#5 plan n 113 CLEAR 702.021 / CLEAR 702.021 50.56->1.82s
OK   g36_planonly_plans_g36_R0.jsonl#5 retract n 60 CLEAR 578.641 / CLEAR 578.641 18.75->2.32s
OK   g36_planonly_plans_g36_R0.jsonl#15 plan n 59 CLEAR 622.731 / CLEAR 622.731 26.00->1.40s
OK   g36_planonly_plans_g36_R0.jsonl#15 retract n 60 CLEAR 622.731 / CLEAR 622.731 25.55->1.83s
OK   g36_planonly_plans_g36_R10.jsonl#7 plan n 68 CLEAR 622.731 / CLEAR 622.731 27.68->1.45s
OK   g36_planonly_plans_g36_R10.jsonl#7 retract n 60 CLEAR 622.731 / CLEAR 622.731 23.95->1.89s
OK   g36_planonly_plans_g36_R10.jsonl#17 plan n 126 CLEAR 622.731 / CLEAR 622.731 47.85->1.81s
OK   g36_planonly_plans_g36_R10.jsonl#17 retract n 60 CLEAR 622.731 / CLEAR 622.731 21.32->1.17s
OK   g36_planonly_plans_g36_R10.jsonl#27 plan n 67 CLEAR 388.312 / CLEAR 388.312 27.23->4.05s
OK   g36_planonly_plans_g36_R10.jsonl#27 retract n 60 CLEAR 388.436 / CLEAR 388.436 27.42->3.25s
OK   g36_planonly_plans_g36_R10.jsonl#37 plan n 126 CLEAR 570.377 / CLEAR 570.377 54.36->5.23s
OK   g36_planonly_plans_g36_R10.jsonl#37 retract n 60 CLEAR 570.492 / CLEAR 570.492 27.34->1.70s
OK   g36_planonly_plans_g36_R10.jsonl#47 plan n 86 CLEAR 622.731 / CLEAR 622.731 31.69->1.40s
OK   g36_planonly_plans_g36_R10.jsonl#47 retract n 60 CLEAR 622.731 / CLEAR 622.731 24.92->1.94s
OK   g36_planonly_plans_g36_R10.jsonl#57 plan n 53 CLEAR 349.118 / CLEAR 349.118 22.89->2.64s
OK   g36_planonly_plans_g36_R10.jsonl#57 retract n 60 CLEAR 349.248 / CLEAR 349.248 21.55->2.17s
RINGKAS {"source": "plans", "part": "1/10", "n": 130, "points": 10023, "bad": 0, "t_old": 4516.1, "t_new": 287.7, "verdicts": {"CLEAR": 130, "MARGIN": 0, "COLLIDE": 0}}
