OK   v28_plans.jsonl.gz#3 plan n 130 CLEAR 549.930 / CLEAR 549.930 56.68->2.98s
OK   v28_plans.jsonl.gz#3 retract n 60 CLEAR 550.081 / CLEAR 550.081 27.36->2.54s
OK   v28_plans.jsonl.gz#7 plan n 118 CLEAR 622.731 / CLEAR 622.731 58.92->2.13s
OK   v28_plans.jsonl.gz#7 retract n 60 CLEAR 622.731 / CLEAR 622.731 30.54->2.17s
OK   v28_plans.jsonl.gz#11 plan n 128 CLEAR 528.890 / CLEAR 528.890 61.52->2.84s
OK   v28_plans.jsonl.gz#11 retract n 60 CLEAR 528.994 / CLEAR 528.994 27.42->2.28s
OK   v28_plans.jsonl.gz#15 plan n 127 CLEAR 610.594 / CLEAR 610.594 59.15->5.11s
OK   v28_plans.jsonl.gz#15 retract n 60 CLEAR 610.692 / CLEAR 610.692 27.43->3.77s
OK   v28_plans.jsonl.gz#19 plan n 117 CLEAR 605.734 / CLEAR 605.734 55.64->3.42s
OK   v28_plans.jsonl.gz#19 retract n 60 CLEAR 605.861 / CLEAR 605.861 32.63->2.37s
OK   v28_plans.jsonl.gz#23 plan n 129 CLEAR 525.121 / CLEAR 525.121 57.34->3.73s
OK   v28_plans.jsonl.gz#23 retract n 60 CLEAR 525.397 / CLEAR 525.397 26.94->5.15s
OK   v28_plans.jsonl.gz#27 plan n 124 CLEAR 519.249 / CLEAR 519.249 57.26->2.65s
OK   v28_plans.jsonl.gz#27 retract n 60 CLEAR 519.239 / CLEAR 519.239 26.44->3.11s
OK   v28_plans.jsonl.gz#31 plan n 119 CLEAR 622.731 / CLEAR 622.731 53.38->2.39s
OK   v28_plans.jsonl.gz#31 retract n 60 CLEAR 622.731 / CLEAR 622.731 27.97->1.79s
OK   v28_plans.jsonl.gz#35 plan n 124 CLEAR 492.125 / CLEAR 492.125 60.84->4.09s
OK   v28_plans.jsonl.gz#35 retract n 60 CLEAR 492.125 / CLEAR 492.125 27.74->1.80s
OK   v28_plans.jsonl.gz#39 plan n 128 CLEAR 622.731 / CLEAR 622.731 50.16->1.71s
OK   v28_plans.jsonl.gz#39 retract n 60 CLEAR 622.731 / CLEAR 622.731 23.30->1.93s
OK   v28_plans.jsonl.gz#43 plan n 125 CLEAR 513.586 / CLEAR 513.586 50.05->3.16s
OK   v28_plans.jsonl.gz#43 retract n 60 CLEAR 513.664 / CLEAR 513.664 24.55->1.88s
OK   v28_plans.jsonl.gz#47 plan n 108 CLEAR 509.911 / CLEAR 509.911 44.11->2.88s
OK   v28_plans.jsonl.gz#47 retract n 60 CLEAR 509.909 / CLEAR 509.909 23.79->2.77s
OK   v28_plans.jsonl.gz#51 plan n 127 CLEAR 622.731 / CLEAR 622.731 45.40->2.05s
OK   v28_plans.jsonl.gz#51 retract n 60 CLEAR 622.731 / CLEAR 622.731 23.48->1.79s
OK   v28_plans.jsonl.gz#55 plan n 109 CLEAR 490.447 / CLEAR 490.447 39.98->2.15s
OK   v28_plans.jsonl.gz#55 retract n 60 CLEAR 490.445 / CLEAR 490.445 22.84->2.55s
OK   v28_plans.jsonl.gz#59 plan n 119 CLEAR 609.019 / CLEAR 609.019 50.81->3.11s
OK   v28_plans.jsonl.gz#59 retract n 60 CLEAR 609.054 / CLEAR 609.054 22.81->2.56s
OK   v28_plans.jsonl.gz#63 plan n 129 CLEAR 524.694 / CLEAR 524.694 46.74->2.51s
OK   v28_plans.jsonl.gz#63 retract n 60 CLEAR 524.683 / CLEAR 524.683 25.97->2.08s
OK   v28_plans.jsonl.gz#67 plan n 117 CLEAR 622.731 / CLEAR 622.731 45.66->1.79s
OK   v28_plans.jsonl.gz#67 retract n 60 CLEAR 622.731 / CLEAR 622.731 23.67->1.15s
OK   v28_plans.jsonl.gz#71 plan n 126 CLEAR 417.873 / CLEAR 417.873 44.43->1.86s
OK   v28_plans.jsonl.gz#71 retract n 60 CLEAR 417.932 / CLEAR 417.932 21.31->1.45s
OK   v28_plans.jsonl.gz#75 plan n 134 CLEAR 527.141 / CLEAR 527.141 50.22->3.13s
OK   v28_plans.jsonl.gz#75 retract n 60 CLEAR 527.164 / CLEAR 527.164 22.86->3.93s
OK   v28_plans.jsonl.gz#79 plan n 129 CLEAR 423.432 / CLEAR 423.432 44.88->1.91s
OK   v28_plans.jsonl.gz#79 retract n 60 CLEAR 423.453 / CLEAR 423.453 21.61->1.52s
OK   v28_plans.jsonl.gz#83 plan n 120 CLEAR 622.731 / CLEAR 622.731 44.07->1.86s
OK   v28_plans.jsonl.gz#83 retract n 60 CLEAR 622.731 / CLEAR 622.731 23.78->2.01s
OK   v28_plans.jsonl.gz#87 plan n 128 CLEAR 622.731 / CLEAR 622.731 46.93->1.74s
OK   v28_plans.jsonl.gz#87 retract n 60 CLEAR 622.731 / CLEAR 622.731 21.27->1.54s
OK   v28_plans.jsonl.gz#91 plan n 109 CLEAR 409.017 / CLEAR 409.017 45.47->1.67s
OK   v28_plans.jsonl.gz#91 retract n 60 CLEAR 409.081 / CLEAR 409.081 23.19->1.59s
OK   v28_plans.jsonl.gz#95 plan n 109 CLEAR 492.163 / CLEAR 492.163 43.32->2.25s
OK   v28_plans.jsonl.gz#95 retract n 60 CLEAR 492.342 / CLEAR 492.342 25.26->2.71s
OK   v28_plans.jsonl.gz#99 plan n 127 CLEAR 420.520 / CLEAR 420.520 44.95->1.86s
OK   v28_plans.jsonl.gz#99 retract n 60 CLEAR 420.529 / CLEAR 420.529 20.21->1.40s
OK   v28_plans.jsonl.gz#103 plan n 128 CLEAR 413.747 / CLEAR 413.747 44.06->2.08s
OK   v28_plans.jsonl.gz#103 retract n 60 CLEAR 413.753 / CLEAR 413.753 21.38->2.07s
OK   v28_plans.jsonl.gz#107 plan n 125 CLEAR 622.731 / CLEAR 622.731 49.99->1.50s
OK   v28_plans.jsonl.gz#107 retract n 60 CLEAR 622.731 / CLEAR 622.731 23.13->2.24s
OK   v28_plans.jsonl.gz#111 plan n 117 CLEAR 522.938 / CLEAR 522.938 45.56->2.71s
OK   v28_plans.jsonl.gz#111 retract n 60 CLEAR 523.109 / CLEAR 523.109 23.26->2.78s
OK   v28_plans.jsonl.gz#115 plan n 107 CLEAR 417.227 / CLEAR 417.227 43.33->1.89s
OK   v28_plans.jsonl.gz#115 retract n 60 CLEAR 417.254 / CLEAR 417.254 21.73->1.73s
OK   v28_plans.jsonl.gz#119 plan n 129 CLEAR 522.072 / CLEAR 522.072 57.64->2.62s
OK   v28_plans.jsonl.gz#119 retract n 60 CLEAR 522.374 / CLEAR 522.374 25.82->2.55s
OK   v28_plans.jsonl.gz#123 plan n 126 CLEAR 573.616 / CLEAR 573.616 45.72->2.15s
OK   v28_plans.jsonl.gz#123 retract n 60 CLEAR 573.682 / CLEAR 573.682 23.06->2.08s
OK   v28_plans.jsonl.gz#127 plan n 127 CLEAR 561.297 / CLEAR 561.297 48.95->4.19s
OK   v28_plans.jsonl.gz#127 retract n 60 CLEAR 561.362 / CLEAR 561.362 22.51->3.64s
OK   v28_plans.jsonl.gz#131 plan n 128 CLEAR 622.731 / CLEAR 622.731 50.26->3.07s
OK   v28_plans.jsonl.gz#131 retract n 60 CLEAR 622.731 / CLEAR 622.731 21.59->3.40s
OK   v28_plans.jsonl.gz#135 plan n 126 CLEAR 567.413 / CLEAR 567.413 46.05->1.97s
OK   v28_plans.jsonl.gz#135 retract n 60 CLEAR 567.466 / CLEAR 567.466 22.67->1.78s
OK   v28_plans.jsonl.gz#139 plan n 127 CLEAR 594.324 / CLEAR 594.324 51.35->4.07s
OK   v28_plans.jsonl.gz#139 retract n 60 CLEAR 594.378 / CLEAR 594.378 24.85->3.65s
OK   v28_plans.jsonl.gz#143 plan n 126 CLEAR 540.729 / CLEAR 540.729 47.68->2.68s
OK   v28_plans.jsonl.gz#143 retract n 60 CLEAR 540.728 / CLEAR 540.728 21.69->1.59s
OK   v28_plans.jsonl.gz#147 plan n 126 CLEAR 578.068 / CLEAR 578.068 51.32->3.63s
OK   v28_plans.jsonl.gz#147 retract n 60 CLEAR 578.102 / CLEAR 578.102 24.53->3.06s
OK   v28_plans.jsonl.gz#151 plan n 104 CLEAR 502.001 / CLEAR 502.001 40.08->1.33s
OK   v28_plans.jsonl.gz#151 retract n 60 CLEAR 502.003 / CLEAR 502.003 21.96->1.09s
OK   v28_plans.jsonl.gz#155 plan n 127 CLEAR 538.674 / CLEAR 538.674 49.26->3.64s
OK   v28_plans.jsonl.gz#155 retract n 60 CLEAR 538.822 / CLEAR 538.822 24.74->3.22s
OK   v28_plans.jsonl.gz#159 plan n 128 CLEAR 472.874 / CLEAR 472.874 48.19->2.21s
OK   v28_plans.jsonl.gz#159 retract n 60 CLEAR 472.939 / CLEAR 472.939 19.34->0.97s
OK   v28_plans.jsonl.gz#163 plan n 127 CLEAR 616.742 / CLEAR 616.742 52.12->3.34s
OK   v28_plans.jsonl.gz#163 retract n 60 CLEAR 616.745 / CLEAR 616.745 23.97->4.01s
OK   v28_plans.jsonl.gz#167 plan n 104 CLEAR 581.119 / CLEAR 581.119 45.13->2.12s
OK   v28_plans.jsonl.gz#167 retract n 60 CLEAR 581.180 / CLEAR 581.180 25.66->1.82s
OK   v28_plans.jsonl.gz#171 plan n 128 CLEAR 618.550 / CLEAR 618.550 48.41->1.72s
OK   v28_plans.jsonl.gz#171 retract n 60 CLEAR 618.681 / CLEAR 618.681 20.95->2.75s
OK   v28_plans.jsonl.gz#175 plan n 127 CLEAR 611.203 / CLEAR 611.203 48.97->3.05s
OK   v28_plans.jsonl.gz#175 retract n 60 CLEAR 611.218 / CLEAR 611.218 23.41->3.39s
OK   v28_plans.jsonl.gz#179 plan n 116 CLEAR 597.442 / CLEAR 597.442 45.96->3.21s
OK   v28_plans.jsonl.gz#179 retract n 60 CLEAR 597.446 / CLEAR 597.446 24.05->2.60s
OK   v28_after_plans.jsonl.gz#0 plan n 118 CLEAR 622.731 / CLEAR 622.731 48.91->2.00s
OK   v28_after_plans.jsonl.gz#0 retract n 60 CLEAR 622.731 / CLEAR 622.731 23.81->2.16s
OK   v28_after_plans.jsonl.gz#4 plan n 125 CLEAR 547.518 / CLEAR 547.518 40.76->1.82s
OK   v28_after_plans.jsonl.gz#4 retract n 60 CLEAR 547.518 / CLEAR 547.518 23.21->1.94s
OK   v28_after_plans.jsonl.gz#8 plan n 118 CLEAR 622.731 / CLEAR 622.731 286.29->1.94s
OK   v28_after_plans.jsonl.gz#8 retract n 60 CLEAR 622.731 / CLEAR 622.731 23.91->2.00s
OK   v28_after_plans.jsonl.gz#12 plan n 116 CLEAR 622.731 / CLEAR 622.731 48.97->1.85s
OK   v28_after_plans.jsonl.gz#12 retract n 60 CLEAR 622.731 / CLEAR 622.731 21.18->1.99s
OK   v28_after_plans.jsonl.gz#16 plan n 125 CLEAR 430.099 / CLEAR 430.099 39.70->1.85s
OK   v28_after_plans.jsonl.gz#16 retract n 60 CLEAR 430.128 / CLEAR 430.128 20.98->1.38s
OK   v28_after_plans.jsonl.gz#20 plan n 118 CLEAR 614.783 / CLEAR 614.783 44.72->1.80s
OK   v28_after_plans.jsonl.gz#20 retract n 60 CLEAR 614.901 / CLEAR 614.901 20.53->2.46s
OK   v28_after_plans.jsonl.gz#24 plan n 126 CLEAR 622.731 / CLEAR 622.731 49.91->1.96s
OK   v28_after_plans.jsonl.gz#24 retract n 60 CLEAR 622.731 / CLEAR 622.731 18.69->1.10s
OK   v28_after_plans.jsonl.gz#28 plan n 122 CLEAR 622.731 / CLEAR 622.731 44.92->2.12s
OK   v28_after_plans.jsonl.gz#28 retract n 60 CLEAR 622.731 / CLEAR 622.731 27.18->1.84s
OK   v28_after_plans.jsonl.gz#32 plan n 115 CLEAR 622.731 / CLEAR 622.731 37.94->1.71s
OK   v28_after_plans.jsonl.gz#32 retract n 60 CLEAR 622.731 / CLEAR 622.731 23.29->1.58s
OK   v28_after_plans.jsonl.gz#36 plan n 131 CLEAR 622.731 / CLEAR 622.731 50.34->2.06s
OK   v28_after_plans.jsonl.gz#36 retract n 60 CLEAR 622.731 / CLEAR 622.731 20.66->1.17s
OK   v28_after_plans.jsonl.gz#40 plan n 131 CLEAR 525.634 / CLEAR 525.634 44.64->2.10s
OK   v28_after_plans.jsonl.gz#40 retract n 60 CLEAR 525.771 / CLEAR 525.771 20.31->4.12s
OK   v28_after_plans.jsonl.gz#44 plan n 125 CLEAR 589.079 / CLEAR 589.079 44.17->2.62s
OK   v28_after_plans.jsonl.gz#44 retract n 60 CLEAR 589.068 / CLEAR 589.068 22.26->2.23s
OK   v28_after_plans.jsonl.gz#48 plan n 130 CLEAR 522.513 / CLEAR 522.513 53.73->2.25s
OK   v28_after_plans.jsonl.gz#48 retract n 60 CLEAR 522.648 / CLEAR 522.648 24.76->1.44s
OK   v28_after_plans.jsonl.gz#52 plan n 118 CLEAR 622.731 / CLEAR 622.731 44.21->1.73s
OK   v28_after_plans.jsonl.gz#52 retract n 60 CLEAR 622.731 / CLEAR 622.731 20.99->1.02s
OK   v28_after_plans.jsonl.gz#56 plan n 118 CLEAR 622.731 / CLEAR 622.731 30.38->1.69s
OK   v28_after_plans.jsonl.gz#56 retract n 60 CLEAR 622.731 / CLEAR 622.731 15.43->1.05s
OK   v28_after_plans.jsonl.gz#60 plan n 125 CLEAR 611.073 / CLEAR 611.073 33.70->2.46s
OK   v28_after_plans.jsonl.gz#60 retract n 60 CLEAR 611.307 / CLEAR 611.307 16.24->1.77s
OK   v28_after_plans.jsonl.gz#64 plan n 126 CLEAR 622.731 / CLEAR 622.731 39.36->2.20s
OK   v28_after_plans.jsonl.gz#64 retract n 60 CLEAR 622.731 / CLEAR 622.731 23.40->2.34s
OK   v28_after_plans.jsonl.gz#68 plan n 116 CLEAR 622.731 / CLEAR 622.731 40.45->0.97s
OK   v28_after_plans.jsonl.gz#68 retract n 60 CLEAR 622.731 / CLEAR 622.731 13.31->1.00s
OK   v28_after_plans.jsonl.gz#72 plan n 125 CLEAR 414.041 / CLEAR 414.041 26.57->1.25s
OK   v28_after_plans.jsonl.gz#72 retract n 60 CLEAR 414.081 / CLEAR 414.081 12.17->1.10s
OK   v28_after_plans.jsonl.gz#76 plan n 125 CLEAR 622.731 / CLEAR 622.731 25.66->1.06s
OK   v28_after_plans.jsonl.gz#76 retract n 60 CLEAR 622.731 / CLEAR 622.731 11.88->0.89s
OK   v28_after_plans.jsonl.gz#80 plan n 130 CLEAR 422.373 / CLEAR 422.373 24.05->0.91s
OK   v28_after_plans.jsonl.gz#80 retract n 60 CLEAR 422.376 / CLEAR 422.376 11.34->0.80s
OK   v28_after_plans.jsonl.gz#84 plan n 127 CLEAR 622.731 / CLEAR 622.731 21.90->0.86s
OK   v28_after_plans.jsonl.gz#84 retract n 60 CLEAR 622.731 / CLEAR 622.731 10.37->0.79s
OK   v28_after_plans.jsonl.gz#88 plan n 124 CLEAR 519.951 / CLEAR 519.951 24.53->1.39s
OK   v28_after_plans.jsonl.gz#88 retract n 60 CLEAR 519.929 / CLEAR 519.929 12.04->1.28s
OK   v28_after_plans.jsonl.gz#92 plan n 130 CLEAR 431.707 / CLEAR 431.707 23.76->1.26s
OK   v28_after_plans.jsonl.gz#92 retract n 60 CLEAR 431.719 / CLEAR 431.719 11.05->1.20s
OK   v28_after_plans.jsonl.gz#96 plan n 125 CLEAR 473.287 / CLEAR 473.287 23.48->1.35s
OK   v28_after_plans.jsonl.gz#96 retract n 60 CLEAR 473.297 / CLEAR 473.297 11.59->1.56s
OK   v28_after_plans.jsonl.gz#100 plan n 126 CLEAR 418.396 / CLEAR 418.396 22.83->0.90s
OK   v28_after_plans.jsonl.gz#100 retract n 60 CLEAR 418.467 / CLEAR 418.467 11.03->0.70s
OK   v28_after_plans.jsonl.gz#104 plan n 125 CLEAR 414.356 / CLEAR 414.356 22.82->1.16s
OK   v28_after_plans.jsonl.gz#104 retract n 60 CLEAR 414.430 / CLEAR 414.430 10.82->0.99s
OK   v28_after_plans.jsonl.gz#108 plan n 129 CLEAR 421.147 / CLEAR 421.147 22.98->0.90s
OK   v28_after_plans.jsonl.gz#108 retract n 60 CLEAR 421.184 / CLEAR 421.184 10.84->0.75s
OK   v28_after_plans.jsonl.gz#112 plan n 129 CLEAR 622.731 / CLEAR 622.731 24.95->1.00s
OK   v28_after_plans.jsonl.gz#112 retract n 60 CLEAR 622.731 / CLEAR 622.731 11.58->0.81s
OK   v28_after_plans.jsonl.gz#116 plan n 118 CLEAR 596.859 / CLEAR 596.859 24.24->1.62s
OK   v28_after_plans.jsonl.gz#116 retract n 60 CLEAR 596.917 / CLEAR 596.917 12.10->1.29s
OK   v28_after_plans.jsonl.gz#120 plan n 107 CLEAR 497.963 / CLEAR 497.963 20.48->1.07s
OK   v28_after_plans.jsonl.gz#120 retract n 60 CLEAR 498.047 / CLEAR 498.047 11.36->1.24s
OK   v28_after_plans.jsonl.gz#124 plan n 127 CLEAR 604.432 / CLEAR 604.432 24.03->1.68s
OK   v28_after_plans.jsonl.gz#124 retract n 60 CLEAR 604.429 / CLEAR 604.429 11.39->1.43s
OK   v28_after_plans.jsonl.gz#128 plan n 126 CLEAR 622.731 / CLEAR 622.731 25.42->1.37s
OK   v28_after_plans.jsonl.gz#128 retract n 60 CLEAR 622.731 / CLEAR 622.731 12.03->1.40s
OK   v28_after_plans.jsonl.gz#132 plan n 127 CLEAR 551.619 / CLEAR 551.619 23.09->1.22s
OK   v28_after_plans.jsonl.gz#132 retract n 60 CLEAR 551.651 / CLEAR 551.651 10.85->1.22s
OK   v28_after_plans.jsonl.gz#136 plan n 127 CLEAR 562.688 / CLEAR 562.688 23.63->0.96s
OK   v28_after_plans.jsonl.gz#136 retract n 60 CLEAR 562.727 / CLEAR 562.727 11.28->0.85s
OK   v28_after_plans.jsonl.gz#140 plan n 128 CLEAR 528.329 / CLEAR 528.329 24.41->1.30s
OK   v28_after_plans.jsonl.gz#140 retract n 60 CLEAR 528.399 / CLEAR 528.399 11.75->1.49s
OK   v28_after_plans.jsonl.gz#144 plan n 104 CLEAR 459.071 / CLEAR 459.071 19.31->0.67s
OK   v28_after_plans.jsonl.gz#144 retract n 60 CLEAR 459.072 / CLEAR 459.072 11.04->0.55s
OK   v28_after_plans.jsonl.gz#148 plan n 127 CLEAR 563.108 / CLEAR 563.108 26.12->1.72s
OK   v28_after_plans.jsonl.gz#148 retract n 60 CLEAR 563.205 / CLEAR 563.205 12.34->1.42s
OK   v28_after_plans.jsonl.gz#152 plan n 105 CLEAR 531.112 / CLEAR 531.112 20.42->0.88s
OK   v28_after_plans.jsonl.gz#152 retract n 60 CLEAR 531.111 / CLEAR 531.111 11.90->0.98s
OK   v28_after_plans.jsonl.gz#156 plan n 128 CLEAR 430.523 / CLEAR 430.523 24.57->0.95s
OK   v28_after_plans.jsonl.gz#156 retract n 60 CLEAR 430.570 / CLEAR 430.570 11.52->0.59s
OK   v28_after_plans.jsonl.gz#160 plan n 126 CLEAR 622.731 / CLEAR 622.731 24.06->1.34s
OK   v28_after_plans.jsonl.gz#160 retract n 60 CLEAR 622.731 / CLEAR 622.731 11.62->1.84s
OK   v28_after_plans.jsonl.gz#164 plan n 126 CLEAR 622.731 / CLEAR 622.731 25.01->1.39s
OK   v28_after_plans.jsonl.gz#164 retract n 60 CLEAR 622.731 / CLEAR 622.731 11.99->1.87s
OK   v28_after_plans.jsonl.gz#168 plan n 126 CLEAR 460.458 / CLEAR 460.458 24.29->1.55s
OK   v28_after_plans.jsonl.gz#168 retract n 60 CLEAR 460.620 / CLEAR 460.620 11.88->1.11s
OK   v28_after_plans.jsonl.gz#172 plan n 115 CLEAR 622.731 / CLEAR 622.731 21.30->0.85s
OK   v28_after_plans.jsonl.gz#172 retract n 60 CLEAR 622.731 / CLEAR 622.731 11.09->1.22s
OK   v28_after_plans.jsonl.gz#176 plan n 128 CLEAR 462.024 / CLEAR 462.024 22.07->0.93s
OK   v28_after_plans.jsonl.gz#176 retract n 60 CLEAR 462.099 / CLEAR 462.099 10.42->0.54s
OK   v28_after_plans.jsonl.gz#180 plan n 128 CLEAR 619.373 / CLEAR 619.373 25.30->2.18s
OK   v28_after_plans.jsonl.gz#180 retract n 60 CLEAR 619.398 / CLEAR 619.398 12.51->2.02s
RINGKAS {"source": "v28", "part": "3/4", "n": 182, "points": 16644, "bad": 0, "t_old": 5688.9, "t_new": 359.7, "verdicts": {"CLEAR": 182, "MARGIN": 0, "COLLIDE": 0}}
