OK   g34_planonly_plans_g34_R10.jsonl#3 plan n 64 CLEAR 374.267 / CLEAR 374.267 29.91->3.77s
OK   g34_planonly_plans_g34_R10.jsonl#3 retract n 60 CLEAR 374.554 / CLEAR 374.554 28.21->2.71s
OK   g34_planonly_plans_g34_R10.jsonl#13 plan n 126 CLEAR 559.100 / CLEAR 559.100 57.32->2.69s
OK   g34_planonly_plans_g34_R10.jsonl#13 retract n 60 CLEAR 559.107 / CLEAR 559.107 29.79->1.96s
OK   g34_planonly_plans_g34b_hw_R0.jsonl#5 plan n 126 CLEAR 637.727 / CLEAR 637.727 68.96->2.04s
OK   g34_planonly_plans_g34b_hw_R0.jsonl#5 retract n 60 CLEAR 622.731 / CLEAR 622.731 33.07->2.86s
OK   g34_planonly_plans_g34b_hw_R0.jsonl#15 plan n 59 CLEAR 622.731 / CLEAR 622.731 27.52->1.71s
OK   g34_planonly_plans_g34b_hw_R0.jsonl#15 retract n 60 CLEAR 622.731 / CLEAR 622.731 29.75->1.88s
OK   g34_planonly_plans_g34b_hw_R10.jsonl#7 plan n 129 CLEAR 583.426 / CLEAR 583.426 65.86->2.05s
OK   g34_planonly_plans_g34b_hw_R10.jsonl#7 retract n 60 CLEAR 583.461 / CLEAR 583.461 29.15->2.06s
OK   g34_planonly_plans_g34b_hw_R10.jsonl#17 plan n 77 CLEAR 516.883 / CLEAR 516.883 42.51->1.65s
OK   g34_planonly_plans_g34b_hw_R10.jsonl#17 retract n 60 CLEAR 516.925 / CLEAR 516.925 26.93->1.45s
OK   g34_planonly_plans_g34n_R0.jsonl#9 plan n 128 CLEAR 610.715 / CLEAR 610.715 68.14->3.62s
OK   g34_planonly_plans_g34n_R0.jsonl#9 retract n 60 CLEAR 610.727 / CLEAR 610.727 31.16->2.80s
OK   g34_planonly_plans_g34n_R10.jsonl#1 plan n 126 CLEAR 582.087 / CLEAR 582.087 57.88->2.20s
OK   g34_planonly_plans_g34n_R10.jsonl#1 retract n 60 CLEAR 582.117 / CLEAR 582.117 26.44->2.02s
OK   g34_planonly_plans_g34n_R10.jsonl#11 plan n 86 CLEAR 365.273 / CLEAR 365.273 57.39->2.23s
OK   g34_planonly_plans_g34n_R10.jsonl#11 retract n 60 CLEAR 505.436 / CLEAR 505.436 31.89->3.78s
OK   g34_planonly_plans_g35b_hw_R0.jsonl#2 plan n 126 CLEAR 622.731 / CLEAR 622.731 56.45->2.55s
OK   g34_planonly_plans_g35b_hw_R0.jsonl#2 retract n 60 CLEAR 622.731 / CLEAR 622.731 25.89->2.88s
OK   g34_planonly_plans_g35b_hw_R0.jsonl#12 plan n 95 CLEAR 534.852 / CLEAR 534.852 38.88->1.70s
OK   g34_planonly_plans_g35b_hw_R0.jsonl#12 retract n 60 CLEAR 534.852 / CLEAR 534.852 24.97->1.49s
OK   g34_planonly_plans_g35b_hw_R10.jsonl#4 plan n 162 CLEAR 342.117 / CLEAR 342.117 79.15->6.29s
OK   g34_planonly_plans_g35b_hw_R10.jsonl#4 retract n 60 CLEAR 512.297 / CLEAR 512.297 27.21->4.09s
OK   g34_planonly_plans_reg3_R0.jsonl#9 plan n 61 CLEAR 622.731 / CLEAR 622.731 25.65->1.34s
OK   g34_planonly_plans_reg3_R0.jsonl#9 retract n 60 CLEAR 622.731 / CLEAR 622.731 24.97->1.56s
OK   g34_planonly_plans_reg3_R10.jsonl#1 plan n 128 CLEAR 574.578 / CLEAR 574.578 53.42->4.47s
OK   g34_planonly_plans_reg3_R10.jsonl#1 retract n 60 CLEAR 574.708 / CLEAR 574.708 26.05->1.99s
OK   g34_planonly_plans_reg3_R10.jsonl#11 plan n 134 CLEAR 378.057 / CLEAR 378.057 64.69->2.63s
OK   g34_planonly_plans_reg3_R10.jsonl#11 retract n 60 CLEAR 484.250 / CLEAR 484.250 30.35->3.99s
OK   g33_planonly_plans_R0.jsonl.gz#1 plan n 127 CLEAR 568.213 / CLEAR 568.213 52.47->4.69s
OK   g33_planonly_plans_R0.jsonl.gz#1 retract n 60 CLEAR 568.340 / CLEAR 568.340 25.84->1.82s
OK   g33_planonly_plans_R0.jsonl.gz#11 plan n 128 CLEAR 682.721 / CLEAR 682.721 66.72->2.39s
OK   g33_planonly_plans_R0.jsonl.gz#11 retract n 60 CLEAR 622.731 / CLEAR 622.731 30.26->2.41s
OK   g33_planonly_plans_R10.jsonl.gz#3 plan n 125 CLEAR 365.283 / CLEAR 365.283 47.65->4.46s
OK   g33_planonly_plans_R10.jsonl.gz#3 retract n 60 CLEAR 365.673 / CLEAR 365.673 23.50->2.46s
OK   g32hw_screen_plans_R0.jsonl.gz#8 plan n 127 CLEAR 587.471 / CLEAR 587.471 52.04->3.29s
OK   g32hw_screen_plans_R0.jsonl.gz#8 retract n 60 CLEAR 587.524 / CLEAR 587.524 23.93->3.45s
OK   g32hw_screen_plans_R10.jsonl.gz#0 plan n 129 CLEAR 547.529 / CLEAR 547.529 46.72->1.85s
OK   g32hw_screen_plans_R10.jsonl.gz#0 retract n 60 CLEAR 547.530 / CLEAR 547.530 19.93->0.87s
OK   g32hw_screen_plans_R10.jsonl.gz#10 plan n 134 CLEAR 356.971 / CLEAR 356.971 54.65->2.21s
OK   g32hw_screen_plans_R10.jsonl.gz#10 retract n 60 CLEAR 380.176 / CLEAR 380.176 24.88->1.37s
OK   g32_screen_plans.jsonl.gz#2 plan n 125 CLEAR 484.561 / CLEAR 484.561 50.44->2.70s
OK   g32_screen_plans.jsonl.gz#2 retract n 60 CLEAR 484.683 / CLEAR 484.683 24.75->1.73s
OK   g32_screen_plans.jsonl.gz#12 plan n 126 CLEAR 578.081 / CLEAR 578.081 47.05->1.97s
OK   g32_screen_plans.jsonl.gz#12 retract n 60 CLEAR 578.106 / CLEAR 578.106 23.57->2.13s
OK   g31_screen_plans.jsonl.gz#4 plan n 107 CLEAR 469.310 / CLEAR 469.310 47.72->1.58s
OK   g31_screen_plans.jsonl.gz#4 retract n 60 CLEAR 622.731 / CLEAR 622.731 27.95->1.63s
OK   g31_screen_plans.jsonl.gz#14 plan n 114 CLEAR 611.939 / CLEAR 611.939 48.73->2.85s
OK   g31_screen_plans.jsonl.gz#14 retract n 60 CLEAR 611.957 / CLEAR 611.957 23.31->2.53s
OK   g31_screen_plans.jsonl.gz#24 plan n 124 CLEAR 622.731 / CLEAR 622.731 40.11->1.44s
OK   g31_screen_plans.jsonl.gz#24 retract n 60 CLEAR 622.731 / CLEAR 622.731 20.98->1.16s
OK   g31_screen_plans.jsonl.gz#34 plan n 83 CLEAR 622.731 / CLEAR 622.731 34.52->1.82s
OK   g31_screen_plans.jsonl.gz#34 retract n 60 CLEAR 622.731 / CLEAR 622.731 21.40->2.40s
OK   g31_screen_plans.jsonl.gz#44 plan n 126 CLEAR 622.731 / CLEAR 622.731 53.12->2.01s
OK   g31_screen_plans.jsonl.gz#44 retract n 60 CLEAR 622.731 / CLEAR 622.731 22.77->1.36s
OK   g31_screen_plans.jsonl.gz#54 plan n 94 CLEAR 622.731 / CLEAR 622.731 41.73->1.41s
OK   g31_screen_plans.jsonl.gz#54 retract n 60 CLEAR 622.731 / CLEAR 622.731 25.30->1.29s
OK   g31_screen_plans.jsonl.gz#64 plan n 114 CLEAR 622.731 / CLEAR 622.731 44.00->2.77s
OK   g31_screen_plans.jsonl.gz#64 retract n 60 CLEAR 622.731 / CLEAR 622.731 24.26->2.72s
OK   g31_screen_plans.jsonl.gz#74 plan n 67 CLEAR 581.852 / CLEAR 581.852 26.74->2.13s
OK   g31_screen_plans.jsonl.gz#74 retract n 60 CLEAR 582.079 / CLEAR 582.079 23.52->1.46s
OK   g31_screen_plans.jsonl.gz#84 plan n 26 CLEAR 502.767 / CLEAR 502.767 11.05->1.31s
OK   g31_screen_plans.jsonl.gz#84 retract n 60 CLEAR 502.869 / CLEAR 502.869 25.47->1.72s
OK   g31_screen_plans.jsonl.gz#94 plan n 87 CLEAR 622.731 / CLEAR 622.731 36.51->1.93s
OK   g31_screen_plans.jsonl.gz#94 retract n 60 CLEAR 622.731 / CLEAR 622.731 25.47->2.42s
OK   g31_screen_plans.jsonl.gz#104 plan n 101 CLEAR 349.543 / CLEAR 349.543 45.90->3.17s
OK   g31_screen_plans.jsonl.gz#104 retract n 60 CLEAR 349.734 / CLEAR 349.734 25.75->2.72s
OK   g31_screen_plans.jsonl.gz#114 plan n 126 CLEAR 603.919 / CLEAR 603.919 47.36->2.08s
OK   g31_screen_plans.jsonl.gz#114 retract n 60 CLEAR 603.942 / CLEAR 603.942 23.74->2.08s
OK   g31_screen_plans.jsonl.gz#124 plan n 69 CLEAR 610.015 / CLEAR 610.015 38.12->1.54s
OK   g31_screen_plans.jsonl.gz#124 retract n 60 CLEAR 594.489 / CLEAR 594.489 31.91->4.91s
OK   g31_screen_plans.jsonl.gz#134 plan n 126 CLEAR 588.408 / CLEAR 588.408 47.17->3.97s
OK   g31_screen_plans.jsonl.gz#134 retract n 60 CLEAR 588.451 / CLEAR 588.451 23.33->3.53s
OK   g31_screen_plans.jsonl.gz#144 plan n 51 CLEAR 622.731 / CLEAR 622.731 24.39->1.68s
OK   g31_screen_plans.jsonl.gz#144 retract n 60 CLEAR 622.731 / CLEAR 622.731 27.45->2.74s
OK   g31_screen_plans.jsonl.gz#154 plan n 76 CLEAR 510.487 / CLEAR 510.487 32.04->1.40s
OK   g31_screen_plans.jsonl.gz#154 retract n 60 CLEAR 510.557 / CLEAR 510.557 25.33->0.95s
OK   g31_screen_plans.jsonl.gz#164 plan n 91 CLEAR 548.271 / CLEAR 548.271 38.07->1.90s
OK   g31_screen_plans.jsonl.gz#164 retract n 60 CLEAR 548.355 / CLEAR 548.355 25.28->2.03s
OK   g31_screen_plans.jsonl.gz#174 plan n 156 CLEAR 507.758 / CLEAR 507.758 67.61->3.14s
OK   g31_screen_plans.jsonl.gz#174 retract n 60 CLEAR 507.951 / CLEAR 507.951 25.38->2.24s
OK   g31_screen_plans.jsonl.gz#184 plan n 91 CLEAR 538.235 / CLEAR 538.235 37.34->1.73s
OK   g31_screen_plans.jsonl.gz#184 retract n 60 CLEAR 538.233 / CLEAR 538.233 22.37->1.71s
OK   g31_screen_plans.jsonl.gz#194 plan n 128 CLEAR 622.731 / CLEAR 622.731 58.32->2.83s
OK   g31_screen_plans.jsonl.gz#194 retract n 60 CLEAR 622.731 / CLEAR 622.731 27.20->3.03s
OK   g31_screen_plans.jsonl.gz#204 plan n 132 CLEAR 578.250 / CLEAR 578.250 55.34->1.91s
OK   g31_screen_plans.jsonl.gz#204 retract n 60 CLEAR 578.254 / CLEAR 578.254 25.11->1.51s
OK   g31_screen_plans.jsonl.gz#214 plan n 126 CLEAR 608.496 / CLEAR 608.496 50.35->2.04s
OK   g31_screen_plans.jsonl.gz#214 retract n 60 CLEAR 608.497 / CLEAR 608.497 23.81->1.56s
OK   g31_screen_plans.jsonl.gz#224 plan n 58 CLEAR 622.731 / CLEAR 622.731 26.41->1.26s
OK   g31_screen_plans.jsonl.gz#224 retract n 60 CLEAR 622.731 / CLEAR 622.731 26.72->1.31s
OK   g31_screen_plans.jsonl.gz#234 plan n 105 CLEAR 622.731 / CLEAR 622.731 40.51->2.33s
OK   g31_screen_plans.jsonl.gz#234 retract n 60 CLEAR 622.731 / CLEAR 622.731 16.30->1.44s
OK   g31_screen_plans.jsonl.gz#244 plan n 127 CLEAR 622.731 / CLEAR 622.731 50.20->1.64s
OK   g31_screen_plans.jsonl.gz#244 retract n 60 CLEAR 622.731 / CLEAR 622.731 261.62->1.50s
OK   g31_screen_plans.jsonl.gz#254 plan n 129 CLEAR 486.571 / CLEAR 486.571 54.93->2.60s
OK   g31_screen_plans.jsonl.gz#254 retract n 60 CLEAR 486.756 / CLEAR 486.756 26.05->1.89s
OK   g31_screen_plans.jsonl.gz#264 plan n 128 CLEAR 622.731 / CLEAR 622.731 51.36->2.39s
OK   g31_screen_plans.jsonl.gz#264 retract n 60 CLEAR 622.731 / CLEAR 622.731 23.70->2.80s
OK   g31_screen_plans.jsonl.gz#274 plan n 78 CLEAR 557.033 / CLEAR 557.033 34.64->2.87s
OK   g31_screen_plans.jsonl.gz#274 retract n 60 CLEAR 557.248 / CLEAR 557.248 24.92->2.21s
OK   g31_screen_plans.jsonl.gz#284 plan n 127 CLEAR 581.262 / CLEAR 581.262 46.92->1.89s
OK   g31_screen_plans.jsonl.gz#284 retract n 60 CLEAR 581.280 / CLEAR 581.280 22.66->1.50s
OK   g31_screen_plans.jsonl.gz#294 plan n 43 CLEAR 511.753 / CLEAR 511.753 18.25->0.99s
OK   g31_screen_plans.jsonl.gz#294 retract n 60 CLEAR 511.826 / CLEAR 511.826 24.05->1.13s
OK   g31_screen_plans.jsonl.gz#304 plan n 49 CLEAR 622.731 / CLEAR 622.731 19.61->1.03s
OK   g31_screen_plans.jsonl.gz#304 retract n 60 CLEAR 622.731 / CLEAR 622.731 20.47->2.07s
OK   g31_r0_control_plans.jsonl#8 plan n 74 CLEAR 584.466 / CLEAR 584.466 29.14->1.64s
OK   g31_r0_control_plans.jsonl#8 retract n 60 CLEAR 584.464 / CLEAR 584.464 22.91->1.15s
OK   smoke_mock_plans.jsonl#0 plan n 129 CLEAR 622.731 / CLEAR 622.731 38.72->1.54s
OK   smoke_mock_plans.jsonl#0 retract n 60 CLEAR 622.731 / CLEAR 622.731 20.85->1.53s
OK   g36_planonly_plans_g36_R0.jsonl#1 plan n 67 CLEAR 622.731 / CLEAR 622.731 25.88->1.48s
OK   g36_planonly_plans_g36_R0.jsonl#1 retract n 60 CLEAR 622.731 / CLEAR 622.731 24.94->1.95s
OK   g36_planonly_plans_g36_R0.jsonl#11 plan n 110 CLEAR 695.956 / CLEAR 695.956 48.49->1.66s
OK   g36_planonly_plans_g36_R0.jsonl#11 retract n 60 CLEAR 622.731 / CLEAR 622.731 26.17->4.55s
OK   g36_planonly_plans_g36_R10.jsonl#3 plan n 62 CLEAR 371.025 / CLEAR 371.025 24.72->2.08s
OK   g36_planonly_plans_g36_R10.jsonl#3 retract n 60 CLEAR 371.181 / CLEAR 371.181 24.98->2.04s
OK   g36_planonly_plans_g36_R10.jsonl#13 plan n 126 CLEAR 565.993 / CLEAR 565.993 48.41->1.89s
OK   g36_planonly_plans_g36_R10.jsonl#13 retract n 60 CLEAR 566.035 / CLEAR 566.035 20.69->0.83s
OK   g36_planonly_plans_g36_R10.jsonl#23 plan n 99 CLEAR 567.040 / CLEAR 567.040 39.60->1.90s
OK   g36_planonly_plans_g36_R10.jsonl#23 retract n 60 CLEAR 567.095 / CLEAR 567.095 25.19->1.94s
OK   g36_planonly_plans_g36_R10.jsonl#33 plan n 127 CLEAR 375.176 / CLEAR 375.176 45.40->3.27s
OK   g36_planonly_plans_g36_R10.jsonl#33 retract n 60 CLEAR 375.404 / CLEAR 375.404 17.94->1.97s
OK   g36_planonly_plans_g36_R10.jsonl#43 plan n 94 CLEAR 622.731 / CLEAR 622.731 39.49->1.68s
OK   g36_planonly_plans_g36_R10.jsonl#43 retract n 60 CLEAR 622.731 / CLEAR 622.731 23.70->1.32s
OK   g36_planonly_plans_g36_R10.jsonl#53 plan n 86 CLEAR 622.731 / CLEAR 622.731 21.61->0.84s
OK   g36_planonly_plans_g36_R10.jsonl#53 retract n 60 CLEAR 622.731 / CLEAR 622.731 14.57->1.13s
RINGKAS {"source": "plans", "part": "7/10", "n": 128, "points": 10521, "bad": 0, "t_old": 4680.0, "t_new": 281.8, "verdicts": {"CLEAR": 128, "MARGIN": 0, "COLLIDE": 0}}
