scene objects ['env_static_map']
== hw_s0_+103.7 arm_3 [103.7, 16.2, 48.9, 89.5, -32.7, -87.2]
   start {'valid': True, 'contacts': []}
   rest  {'valid': True, 'contacts': []}
   plan 0: SUCCESS 3.5 s n 162 j1 [-26.4, 103.7]
      [move_group-2] [INFO] [1791435156.311271836] [moveit_move_group_default_capabilities.move_action_capability]: Received request
      [move_group-2] [INFO] [1791435156.311523989] [moveit_move_group_default_capabilities.move_action_capability]: executing..
      [move_group-2] [INFO] [1791435156.319895186] [moveit_move_group_default_capabilities.move_action_capability]: Planning request received for MoveGroup action. Forwarding to planning pipeline.
      [move_group-2] [INFO] [1791435156.487939930] [moveit.ompl_planning.model_based_planning_context]: Planner configuration 'arm_3' will use planner 'geometric::RRTConnect'. Additional configuration parameters will be set wh
      [move_group-2] [WARN] [1791435158.932799871] [moveit_trajectory_processing.time_optimal_trajectory_generation]: Joint acceleration limits are not defined. Using the default 1 rad/s^2. You can define acceleration limits i
      [move_group-2] [INFO] [1791435159.854037623] [moveit_move_group_default_capabilities.move_action_capability]: Motion plan was computed successfully.
   plan 1: SUCCESS 0.6 s n 128 j1 [-26.5, 103.7]
      [move_group-2] [INFO] [1791435160.359395740] [moveit_move_group_default_capabilities.move_action_capability]: Received request
      [move_group-2] [INFO] [1791435160.359561079] [moveit_move_group_default_capabilities.move_action_capability]: executing..
      [move_group-2] [INFO] [1791435160.369836359] [moveit_move_group_default_capabilities.move_action_capability]: Planning request received for MoveGroup action. Forwarding to planning pipeline.
      [move_group-2] [INFO] [1791435160.451899297] [moveit.ompl_planning.model_based_planning_context]: Planner configuration 'arm_3' will use planner 'geometric::RRTConnect'. Additional configuration parameters will be set wh
      [move_group-2] [INFO] [1791435160.955493643] [moveit_move_group_default_capabilities.move_action_capability]: Motion plan was computed successfully.
   plan 2: SUCCESS 0.4 s n 127 j1 [-26.4, 103.7]
      [move_group-2] [INFO] [1791435161.460446079] [moveit_move_group_default_capabilities.move_action_capability]: Received request
      [move_group-2] [INFO] [1791435161.460548279] [moveit_move_group_default_capabilities.move_action_capability]: executing..
      [move_group-2] [INFO] [1791435161.469854547] [moveit_move_group_default_capabilities.move_action_capability]: Planning request received for MoveGroup action. Forwarding to planning pipeline.
      [move_group-2] [INFO] [1791435161.634236539] [moveit.ompl_planning.model_based_planning_context]: Planner configuration 'arm_3' will use planner 'geometric::RRTConnect'. Additional configuration parameters will be set wh
      [move_group-2] [INFO] [1791435161.883158548] [moveit_move_group_default_capabilities.move_action_capability]: Motion plan was computed successfully.
   plan 3: SUCCESS 0.3 s n 137 j1 [-26.4, 103.7]
      [move_group-2] [INFO] [1791435162.389606759] [moveit_move_group_default_capabilities.move_action_capability]: Received request
      [move_group-2] [INFO] [1791435162.389794138] [moveit_move_group_default_capabilities.move_action_capability]: executing..
      [move_group-2] [INFO] [1791435162.400058938] [moveit_move_group_default_capabilities.move_action_capability]: Planning request received for MoveGroup action. Forwarding to planning pipeline.
      [move_group-2] [INFO] [1791435162.488819368] [moveit.ompl_planning.model_based_planning_context]: Planner configuration 'arm_3' will use planner 'geometric::RRTConnect'. Additional configuration parameters will be set wh
      [move_group-2] [INFO] [1791435162.730530561] [moveit_move_group_default_capabilities.move_action_capability]: Motion plan was computed successfully.
   plan 4: SUCCESS 0.4 s n 127 j1 [-26.4, 103.7]
      [move_group-2] [INFO] [1791435163.235262315] [moveit_move_group_default_capabilities.move_action_capability]: Received request
      [move_group-2] [INFO] [1791435163.235373207] [moveit_move_group_default_capabilities.move_action_capability]: executing..
      [move_group-2] [INFO] [1791435163.239918722] [moveit_move_group_default_capabilities.move_action_capability]: Planning request received for MoveGroup action. Forwarding to planning pipeline.
      [move_group-2] [INFO] [1791435163.421172712] [moveit.ompl_planning.model_based_planning_context]: Planner configuration 'arm_3' will use planner 'geometric::RRTConnect'. Additional configuration parameters will be set wh
      [move_group-2] [INFO] [1791435163.597703722] [moveit_move_group_default_capabilities.move_action_capability]: Motion plan was computed successfully.
== g34n_s0_+100.3 arm_3 [100.3, -28.8, -48.6, 92.3, 20.1, 78.0]
   start {'valid': True, 'contacts': []}
   rest  {'valid': True, 'contacts': []}
   plan 0: SUCCESS 0.5 s n 134 j1 [-26.6, 100.3]
      [move_group-2] [INFO] [1791435164.120129243] [moveit_move_group_default_capabilities.move_action_capability]: Received request
      [move_group-2] [INFO] [1791435164.120257124] [moveit_move_group_default_capabilities.move_action_capability]: executing..
      [move_group-2] [INFO] [1791435164.130067101] [moveit_move_group_default_capabilities.move_action_capability]: Planning request received for MoveGroup action. Forwarding to planning pipeline.
      [move_group-2] [INFO] [1791435164.302166052] [moveit.ompl_planning.model_based_planning_context]: Planner configuration 'arm_3' will use planner 'geometric::RRTConnect'. Additional configuration parameters will be set wh
      [move_group-2] [INFO] [1791435164.641362178] [moveit_move_group_default_capabilities.move_action_capability]: Motion plan was computed successfully.
   plan 1: SUCCESS 0.4 s n 136 j1 [-26.4, 100.3]
      [move_group-2] [INFO] [1791435165.146281243] [moveit_move_group_default_capabilities.move_action_capability]: Received request
      [move_group-2] [INFO] [1791435165.146375066] [moveit_move_group_default_capabilities.move_action_capability]: executing..
      [move_group-2] [INFO] [1791435165.149778224] [moveit_move_group_default_capabilities.move_action_capability]: Planning request received for MoveGroup action. Forwarding to planning pipeline.
      [move_group-2] [INFO] [1791435165.324574476] [moveit.ompl_planning.model_based_planning_context]: Planner configuration 'arm_3' will use planner 'geometric::RRTConnect'. Additional configuration parameters will be set wh
      [move_group-2] [INFO] [1791435165.556693466] [moveit_move_group_default_capabilities.move_action_capability]: Motion plan was computed successfully.
   plan 2: SUCCESS 0.5 s n 129 j1 [-26.5, 100.3]
      [move_group-2] [INFO] [1791435166.061304818] [moveit_move_group_default_capabilities.move_action_capability]: Received request
      [move_group-2] [INFO] [1791435166.061445300] [moveit_move_group_default_capabilities.move_action_capability]: executing..
      [move_group-2] [INFO] [1791435166.069900190] [moveit_move_group_default_capabilities.move_action_capability]: Planning request received for MoveGroup action. Forwarding to planning pipeline.
      [move_group-2] [INFO] [1791435166.261280787] [moveit.ompl_planning.model_based_planning_context]: Planner configuration 'arm_3' will use planner 'geometric::RRTConnect'. Additional configuration parameters will be set wh
      [move_group-2] [INFO] [1791435166.534414768] [moveit_move_group_default_capabilities.move_action_capability]: Motion plan was computed successfully.
   plan 3: SUCCESS 0.4 s n 145 j1 [-26.4, 100.3]
      [move_group-2] [INFO] [1791435167.039352234] [moveit_move_group_default_capabilities.move_action_capability]: Received request
      [move_group-2] [INFO] [1791435167.039542242] [moveit_move_group_default_capabilities.move_action_capability]: executing..
      [move_group-2] [INFO] [1791435167.049846144] [moveit_move_group_default_capabilities.move_action_capability]: Planning request received for MoveGroup action. Forwarding to planning pipeline.
      [move_group-2] [INFO] [1791435167.230249168] [moveit.ompl_planning.model_based_planning_context]: Planner configuration 'arm_3' will use planner 'geometric::RRTConnect'. Additional configuration parameters will be set wh
      [move_group-2] [INFO] [1791435167.405634650] [moveit_move_group_default_capabilities.move_action_capability]: Motion plan was computed successfully.
   plan 4: SUCCESS 0.7 s n 140 j1 [-26.4, 100.3]
      [move_group-2] [INFO] [1791435167.910856022] [moveit_move_group_default_capabilities.move_action_capability]: Received request
      [move_group-2] [INFO] [1791435167.911066431] [moveit_move_group_default_capabilities.move_action_capability]: executing..
      [move_group-2] [INFO] [1791435167.919985163] [moveit_move_group_default_capabilities.move_action_capability]: Planning request received for MoveGroup action. Forwarding to planning pipeline.
      [move_group-2] [INFO] [1791435168.123980873] [moveit.ompl_planning.model_based_planning_context]: Planner configuration 'arm_3' will use planner 'geometric::RRTConnect'. Additional configuration parameters will be set wh
      [move_group-2] [INFO] [1791435168.575107919] [moveit_move_group_default_capabilities.move_action_capability]: Motion plan was computed successfully.
== g34bhw_s0_-119.5 arm_3 [-119.5, -22.0, -50.8, -91.7, -31.1, 133.4]
   start {'valid': True, 'contacts': []}
   rest  {'valid': True, 'contacts': []}
   plan 0: SUCCESS 0.3 s n 71 j1 [-119.5, -26.6]
      [move_group-2] [INFO] [1791435169.096499282] [moveit_move_group_default_capabilities.move_action_capability]: Received request
      [move_group-2] [INFO] [1791435169.096556621] [moveit_move_group_default_capabilities.move_action_capability]: executing..
      [move_group-2] [INFO] [1791435169.099775499] [moveit_move_group_default_capabilities.move_action_capability]: Planning request received for MoveGroup action. Forwarding to planning pipeline.
      [move_group-2] [INFO] [1791435169.176121748] [moveit.ompl_planning.model_based_planning_context]: Planner configuration 'arm_3' will use planner 'geometric::RRTConnect'. Additional configuration parameters will be set wh
      [move_group-2] [INFO] [1791435169.404666890] [moveit_move_group_default_capabilities.move_action_capability]: Motion plan was computed successfully.
   plan 1: SUCCESS 0.5 s n 71 j1 [-119.5, -26.7]
      [move_group-2] [INFO] [1791435169.908812365] [moveit_move_group_default_capabilities.move_action_capability]: Received request
      [move_group-2] [INFO] [1791435169.908991121] [moveit_move_group_default_capabilities.move_action_capability]: executing..
      [move_group-2] [INFO] [1791435169.909908992] [moveit_move_group_default_capabilities.move_action_capability]: Planning request received for MoveGroup action. Forwarding to planning pipeline.
      [move_group-2] [INFO] [1791435170.082536987] [moveit.ompl_planning.model_based_planning_context]: Planner configuration 'arm_3' will use planner 'geometric::RRTConnect'. Additional configuration parameters will be set wh
      [move_group-2] [INFO] [1791435170.396255991] [moveit_move_group_default_capabilities.move_action_capability]: Motion plan was computed successfully.
   plan 2: SUCCESS 0.4 s n 72 j1 [-119.5, -26.4]
      [move_group-2] [INFO] [1791435170.900751637] [moveit_move_group_default_capabilities.move_action_capability]: Received request
      [move_group-2] [INFO] [1791435170.900940334] [moveit_move_group_default_capabilities.move_action_capability]: executing..
      [move_group-2] [INFO] [1791435170.909890674] [moveit_move_group_default_capabilities.move_action_capability]: Planning request received for MoveGroup action. Forwarding to planning pipeline.
      [move_group-2] [INFO] [1791435171.083648726] [moveit.ompl_planning.model_based_planning_context]: Planner configuration 'arm_3' will use planner 'geometric::RRTConnect'. Additional configuration parameters will be set wh
      [move_group-2] [INFO] [1791435171.320279435] [moveit_move_group_default_capabilities.move_action_capability]: Motion plan was computed successfully.
   plan 3: SUCCESS 0.3 s n 72 j1 [-119.5, -26.4]
      [move_group-2] [INFO] [1791435171.824550714] [moveit_move_group_default_capabilities.move_action_capability]: Received request
      [move_group-2] [INFO] [1791435171.824662010] [moveit_move_group_default_capabilities.move_action_capability]: executing..
      [move_group-2] [INFO] [1791435171.829736729] [moveit_move_group_default_capabilities.move_action_capability]: Planning request received for MoveGroup action. Forwarding to planning pipeline.
      [move_group-2] [INFO] [1791435171.908500272] [moveit.ompl_planning.model_based_planning_context]: Planner configuration 'arm_3' will use planner 'geometric::RRTConnect'. Additional configuration parameters will be set wh
      [move_group-2] [INFO] [1791435172.152619708] [moveit_move_group_default_capabilities.move_action_capability]: Motion plan was computed successfully.
   plan 4: SUCCESS 0.4 s n 71 j1 [-119.5, -26.7]
      [move_group-2] [INFO] [1791435172.657097373] [moveit_move_group_default_capabilities.move_action_capability]: Received request
      [move_group-2] [INFO] [1791435172.657270748] [moveit_move_group_default_capabilities.move_action_capability]: executing..
      [move_group-2] [INFO] [1791435172.659875554] [moveit_move_group_default_capabilities.move_action_capability]: Planning request received for MoveGroup action. Forwarding to planning pipeline.
      [move_group-2] [INFO] [1791435172.832997391] [moveit.ompl_planning.model_based_planning_context]: Planner configuration 'arm_3' will use planner 'geometric::RRTConnect'. Additional configuration parameters will be set wh
      [move_group-2] [INFO] [1791435173.074780988] [moveit_move_group_default_capabilities.move_action_capability]: Motion plan was computed successfully.
