OK   g34_planonly_plans_g34_R0.jsonl#3 plan n 130 CLEAR 622.731 / CLEAR 622.731 58.46->2.51s
OK   g34_planonly_plans_g34_R0.jsonl#3 retract n 60 CLEAR 622.731 / CLEAR 622.731 31.02->1.91s
OK   g34_planonly_plans_g34_R10.jsonl#9 plan n 129 CLEAR 493.646 / CLEAR 493.646 68.15->3.23s
OK   g34_planonly_plans_g34_R10.jsonl#9 retract n 60 CLEAR 493.845 / CLEAR 493.845 30.47->2.13s
OK   g34_planonly_plans_g34b_hw_R0.jsonl#1 plan n 128 CLEAR 567.047 / CLEAR 567.047 62.31->3.12s
OK   g34_planonly_plans_g34b_hw_R0.jsonl#1 retract n 60 CLEAR 567.090 / CLEAR 567.090 30.18->1.52s
OK   g34_planonly_plans_g34b_hw_R0.jsonl#11 plan n 128 CLEAR 680.372 / CLEAR 680.372 88.53->4.46s
OK   g34_planonly_plans_g34b_hw_R0.jsonl#11 retract n 60 CLEAR 622.731 / CLEAR 622.731 35.87->7.38s
OK   g34_planonly_plans_g34b_hw_R10.jsonl#3 plan n 126 CLEAR 356.571 / CLEAR 356.571 67.40->4.05s
OK   g34_planonly_plans_g34b_hw_R10.jsonl#3 retract n 60 CLEAR 356.655 / CLEAR 356.655 30.68->3.04s
OK   g34_planonly_plans_g34b_hw_R10.jsonl#13 plan n 62 CLEAR 604.972 / CLEAR 604.972 28.03->1.54s
OK   g34_planonly_plans_g34b_hw_R10.jsonl#13 retract n 60 CLEAR 604.973 / CLEAR 604.973 27.39->1.43s
OK   g34_planonly_plans_g34n_R0.jsonl#5 plan n 137 CLEAR 651.535 / CLEAR 651.535 90.42->2.31s
OK   g34_planonly_plans_g34n_R0.jsonl#5 retract n 60 CLEAR 622.731 / CLEAR 622.731 40.82->4.18s
OK   g34_planonly_plans_g34n_R0.jsonl#15 plan n 61 CLEAR 622.731 / CLEAR 622.731 31.68->1.58s
OK   g34_planonly_plans_g34n_R0.jsonl#15 retract n 60 CLEAR 622.731 / CLEAR 622.731 29.58->1.97s
OK   g34_planonly_plans_g34n_R10.jsonl#7 plan n 127 CLEAR 560.075 / CLEAR 560.075 50.67->2.01s
OK   g34_planonly_plans_g34n_R10.jsonl#7 retract n 60 CLEAR 560.073 / CLEAR 560.073 22.95->1.45s
OK   g34_planonly_plans_g34n_R10.jsonl#17 plan n 29 CLEAR 380.789 / CLEAR 380.789 14.03->1.57s
OK   g34_planonly_plans_g34n_R10.jsonl#17 retract n 60 CLEAR 522.893 / CLEAR 522.893 26.90->4.27s
OK   g34_planonly_plans_g35b_hw_R0.jsonl#8 plan n 126 CLEAR 622.731 / CLEAR 622.731 50.48->2.73s
OK   g34_planonly_plans_g35b_hw_R0.jsonl#8 retract n 60 CLEAR 622.731 / CLEAR 622.731 25.44->3.23s
OK   g34_planonly_plans_g35b_hw_R10.jsonl#0 plan n 126 CLEAR 622.731 / CLEAR 622.731 47.99->2.41s
OK   g34_planonly_plans_g35b_hw_R10.jsonl#0 retract n 60 CLEAR 622.731 / CLEAR 622.731 24.40->2.63s
OK   g34_planonly_plans_reg3_R0.jsonl#5 plan n 109 CLEAR 654.201 / CLEAR 654.201 50.65->2.04s
OK   g34_planonly_plans_reg3_R0.jsonl#5 retract n 60 CLEAR 622.731 / CLEAR 622.731 25.87->4.30s
OK   g34_planonly_plans_reg3_R0.jsonl#15 plan n 73 CLEAR 622.731 / CLEAR 622.731 30.22->1.48s
OK   g34_planonly_plans_reg3_R0.jsonl#15 retract n 60 CLEAR 622.731 / CLEAR 622.731 26.11->1.72s
OK   g34_planonly_plans_reg3_R10.jsonl#7 plan n 129 CLEAR 495.955 / CLEAR 495.955 52.52->4.15s
OK   g34_planonly_plans_reg3_R10.jsonl#7 retract n 60 CLEAR 496.223 / CLEAR 496.223 24.87->1.64s
OK   g34_planonly_plans_reg3_R10.jsonl#17 plan n 130 CLEAR 364.683 / CLEAR 364.683 62.40->3.28s
OK   g34_planonly_plans_reg3_R10.jsonl#17 retract n 60 CLEAR 503.730 / CLEAR 503.730 26.63->2.75s
OK   g33_planonly_plans_R0.jsonl.gz#7 plan n 125 CLEAR 622.731 / CLEAR 622.731 63.70->1.87s
OK   g33_planonly_plans_R0.jsonl.gz#7 retract n 60 CLEAR 622.731 / CLEAR 622.731 29.76->1.98s
OK   g33_planonly_plans_R0.jsonl.gz#17 plan n 128 CLEAR 667.735 / CLEAR 667.735 79.89->2.91s
OK   g33_planonly_plans_R0.jsonl.gz#17 retract n 60 CLEAR 622.731 / CLEAR 622.731 29.25->2.66s
OK   g32hw_screen_plans_R0.jsonl.gz#4 plan n 75 CLEAR 534.125 / CLEAR 534.125 31.22->0.92s
OK   g32hw_screen_plans_R0.jsonl.gz#4 retract n 60 CLEAR 534.122 / CLEAR 534.122 23.94->1.01s
OK   g32hw_screen_plans_R0.jsonl.gz#14 plan n 60 CLEAR 486.333 / CLEAR 486.333 25.48->0.83s
OK   g32hw_screen_plans_R0.jsonl.gz#14 retract n 60 CLEAR 486.405 / CLEAR 486.405 27.06->0.80s
OK   g32hw_screen_plans_R10.jsonl.gz#6 plan n 128 CLEAR 548.497 / CLEAR 548.497 45.25->1.79s
OK   g32hw_screen_plans_R10.jsonl.gz#6 retract n 60 CLEAR 548.508 / CLEAR 548.508 22.16->1.30s
OK   g32hw_screen_plans_R10.jsonl.gz#16 plan n 79 CLEAR 349.394 / CLEAR 349.394 36.71->1.53s
OK   g32hw_screen_plans_R10.jsonl.gz#16 retract n 60 CLEAR 489.458 / CLEAR 489.458 29.35->2.98s
OK   g32_screen_plans.jsonl.gz#8 plan n 68 CLEAR 493.150 / CLEAR 493.150 26.62->1.93s
OK   g32_screen_plans.jsonl.gz#8 retract n 60 CLEAR 493.240 / CLEAR 493.240 25.32->1.63s
OK   g31_screen_plans.jsonl.gz#0 plan n 124 CLEAR 622.731 / CLEAR 622.731 53.46->2.07s
OK   g31_screen_plans.jsonl.gz#0 retract n 60 CLEAR 622.731 / CLEAR 622.731 26.01->2.62s
OK   g31_screen_plans.jsonl.gz#10 plan n 97 CLEAR 491.581 / CLEAR 491.581 42.61->1.69s
OK   g31_screen_plans.jsonl.gz#10 retract n 60 CLEAR 622.731 / CLEAR 622.731 26.05->1.34s
OK   g31_screen_plans.jsonl.gz#20 plan n 87 CLEAR 622.731 / CLEAR 622.731 35.70->1.58s
OK   g31_screen_plans.jsonl.gz#20 retract n 60 CLEAR 622.731 / CLEAR 622.731 24.99->2.11s
OK   g31_screen_plans.jsonl.gz#30 plan n 34 CLEAR 622.731 / CLEAR 622.731 14.31->0.99s
OK   g31_screen_plans.jsonl.gz#30 retract n 60 CLEAR 622.731 / CLEAR 622.731 25.09->1.05s
OK   g31_screen_plans.jsonl.gz#40 plan n 128 CLEAR 618.334 / CLEAR 618.334 51.44->1.95s
OK   g31_screen_plans.jsonl.gz#40 retract n 60 CLEAR 618.351 / CLEAR 618.351 23.43->1.16s
OK   g31_screen_plans.jsonl.gz#50 plan n 88 CLEAR 556.579 / CLEAR 556.579 39.01->1.78s
OK   g31_screen_plans.jsonl.gz#50 retract n 60 CLEAR 556.668 / CLEAR 556.668 28.42->1.90s
OK   g31_screen_plans.jsonl.gz#60 plan n 59 CLEAR 622.731 / CLEAR 622.731 22.63->1.20s
OK   g31_screen_plans.jsonl.gz#60 retract n 60 CLEAR 622.731 / CLEAR 622.731 24.24->1.17s
OK   g31_screen_plans.jsonl.gz#70 plan n 116 CLEAR 622.731 / CLEAR 622.731 50.15->2.93s
OK   g31_screen_plans.jsonl.gz#70 retract n 60 CLEAR 622.731 / CLEAR 622.731 26.73->2.77s
OK   g31_screen_plans.jsonl.gz#80 plan n 45 CLEAR 548.264 / CLEAR 548.264 18.61->1.48s
OK   g31_screen_plans.jsonl.gz#80 retract n 60 CLEAR 548.270 / CLEAR 548.270 23.37->1.45s
OK   g31_screen_plans.jsonl.gz#90 plan n 75 CLEAR 571.823 / CLEAR 571.823 28.57->1.52s
OK   g31_screen_plans.jsonl.gz#90 retract n 60 CLEAR 571.853 / CLEAR 571.853 23.01->1.27s
OK   g31_screen_plans.jsonl.gz#100 plan n 75 CLEAR 496.937 / CLEAR 496.937 28.73->1.07s
OK   g31_screen_plans.jsonl.gz#100 retract n 60 CLEAR 497.012 / CLEAR 497.012 22.65->0.77s
OK   g31_screen_plans.jsonl.gz#110 plan n 68 CLEAR 658.518 / CLEAR 658.518 25.62->1.13s
OK   g31_screen_plans.jsonl.gz#110 retract n 60 CLEAR 622.731 / CLEAR 622.731 26.01->3.24s
OK   g31_screen_plans.jsonl.gz#120 plan n 66 CLEAR 621.007 / CLEAR 621.007 28.96->1.77s
OK   g31_screen_plans.jsonl.gz#120 retract n 60 CLEAR 621.030 / CLEAR 621.030 25.73->1.80s
OK   g31_screen_plans.jsonl.gz#130 plan n 105 CLEAR 563.493 / CLEAR 563.493 42.86->2.27s
OK   g31_screen_plans.jsonl.gz#130 retract n 60 CLEAR 563.527 / CLEAR 563.527 24.29->1.76s
OK   g31_screen_plans.jsonl.gz#140 plan n 91 CLEAR 482.047 / CLEAR 482.047 35.71->1.33s
OK   g31_screen_plans.jsonl.gz#140 retract n 60 CLEAR 482.045 / CLEAR 482.045 21.25->1.11s
OK   g31_screen_plans.jsonl.gz#150 plan n 59 CLEAR 614.505 / CLEAR 614.505 27.44->2.00s
OK   g31_screen_plans.jsonl.gz#150 retract n 60 CLEAR 614.502 / CLEAR 614.502 25.07->2.01s
OK   g31_screen_plans.jsonl.gz#160 plan n 86 CLEAR 622.731 / CLEAR 622.731 36.47->1.54s
OK   g31_screen_plans.jsonl.gz#160 retract n 60 CLEAR 622.731 / CLEAR 622.731 25.72->2.10s
OK   g31_screen_plans.jsonl.gz#170 plan n 91 CLEAR 520.905 / CLEAR 520.905 36.96->1.64s
OK   g31_screen_plans.jsonl.gz#170 retract n 60 CLEAR 520.905 / CLEAR 520.905 24.15->1.10s
OK   g31_screen_plans.jsonl.gz#180 plan n 127 CLEAR 508.480 / CLEAR 508.480 55.39->3.32s
OK   g31_screen_plans.jsonl.gz#180 retract n 60 CLEAR 508.934 / CLEAR 508.934 22.69->2.00s
OK   g31_screen_plans.jsonl.gz#190 plan n 102 CLEAR 622.731 / CLEAR 622.731 40.04->1.66s
OK   g31_screen_plans.jsonl.gz#190 retract n 60 CLEAR 622.731 / CLEAR 622.731 23.56->2.74s
OK   g31_screen_plans.jsonl.gz#200 plan n 85 CLEAR 655.991 / CLEAR 655.991 49.94->4.33s
OK   g31_screen_plans.jsonl.gz#200 retract n 60 CLEAR 622.731 / CLEAR 622.731 33.23->4.57s
OK   g31_screen_plans.jsonl.gz#210 plan n 123 CLEAR 622.731 / CLEAR 622.731 51.43->1.19s
OK   g31_screen_plans.jsonl.gz#210 retract n 60 CLEAR 622.731 / CLEAR 622.731 23.64->2.55s
OK   g31_screen_plans.jsonl.gz#220 plan n 122 CLEAR 517.450 / CLEAR 517.450 64.36->2.06s
OK   g31_screen_plans.jsonl.gz#220 retract n 60 CLEAR 498.497 / CLEAR 498.497 25.40->2.16s
OK   g31_screen_plans.jsonl.gz#230 plan n 125 CLEAR 622.731 / CLEAR 622.731 46.04->0.95s
OK   g31_screen_plans.jsonl.gz#230 retract n 60 CLEAR 622.731 / CLEAR 622.731 22.65->1.15s
OK   g31_screen_plans.jsonl.gz#240 plan n 85 CLEAR 622.731 / CLEAR 622.731 34.47->1.39s
OK   g31_screen_plans.jsonl.gz#240 retract n 60 CLEAR 622.731 / CLEAR 622.731 22.93->1.76s
OK   g31_screen_plans.jsonl.gz#250 plan n 126 CLEAR 622.731 / CLEAR 622.731 54.06->1.64s
OK   g31_screen_plans.jsonl.gz#250 retract n 60 CLEAR 622.731 / CLEAR 622.731 26.38->1.72s
OK   g31_screen_plans.jsonl.gz#260 plan n 125 CLEAR 496.626 / CLEAR 496.626 285.16->3.18s
OK   g31_screen_plans.jsonl.gz#260 retract n 60 CLEAR 496.806 / CLEAR 496.806 21.06->2.05s
OK   g31_screen_plans.jsonl.gz#270 plan n 125 CLEAR 576.125 / CLEAR 576.125 45.76->2.47s
OK   g31_screen_plans.jsonl.gz#270 retract n 60 CLEAR 576.114 / CLEAR 576.114 25.21->2.90s
OK   g31_screen_plans.jsonl.gz#280 plan n 40 CLEAR 529.027 / CLEAR 529.027 15.87->1.40s
OK   g31_screen_plans.jsonl.gz#280 retract n 60 CLEAR 529.053 / CLEAR 529.053 23.82->1.51s
OK   g31_screen_plans.jsonl.gz#290 plan n 79 CLEAR 427.726 / CLEAR 427.726 30.24->2.73s
OK   g31_screen_plans.jsonl.gz#290 retract n 60 CLEAR 549.166 / CLEAR 549.166 25.35->3.24s
OK   g31_screen_plans.jsonl.gz#300 plan n 29 CLEAR 510.422 / CLEAR 510.422 11.47->0.64s
OK   g31_screen_plans.jsonl.gz#300 retract n 60 CLEAR 510.493 / CLEAR 510.493 23.18->1.01s
OK   g31_r0_control_plans.jsonl#4 plan n 100 CLEAR 619.682 / CLEAR 619.682 43.45->2.61s
OK   g31_r0_control_plans.jsonl#4 retract n 60 CLEAR 619.746 / CLEAR 619.746 26.21->2.62s
OK   g31_r0_control_plans.jsonl#14 plan n 128 CLEAR 622.402 / CLEAR 622.402 50.20->2.53s
OK   g31_r0_control_plans.jsonl#14 retract n 60 CLEAR 622.403 / CLEAR 622.403 23.94->1.91s
OK   smoke_mock_plans.jsonl#6 plan n 128 CLEAR 482.036 / CLEAR 482.036 46.34->3.88s
OK   smoke_mock_plans.jsonl#6 retract n 60 CLEAR 482.302 / CLEAR 482.302 22.97->1.89s
OK   g36_planonly_plans_g36_R0.jsonl#7 plan n 128 CLEAR 569.244 / CLEAR 569.244 49.09->1.78s
OK   g36_planonly_plans_g36_R0.jsonl#7 retract n 60 CLEAR 569.283 / CLEAR 569.283 21.91->0.72s
OK   g36_planonly_plans_g36_R0.jsonl#17 plan n 115 CLEAR 697.112 / CLEAR 697.112 39.59->1.75s
OK   g36_planonly_plans_g36_R0.jsonl#17 retract n 60 CLEAR 622.731 / CLEAR 622.731 23.40->3.69s
OK   g36_planonly_plans_g36_R10.jsonl#9 plan n 127 CLEAR 366.901 / CLEAR 366.901 72.87->5.45s
OK   g36_planonly_plans_g36_R10.jsonl#9 retract n 60 CLEAR 367.101 / CLEAR 367.101 28.80->1.81s
OK   g36_planonly_plans_g36_R10.jsonl#19 plan n 129 CLEAR 622.731 / CLEAR 622.731 49.65->1.70s
OK   g36_planonly_plans_g36_R10.jsonl#19 retract n 60 CLEAR 622.731 / CLEAR 622.731 26.31->1.38s
OK   g36_planonly_plans_g36_R10.jsonl#29 plan n 96 CLEAR 565.353 / CLEAR 565.353 34.78->1.83s
OK   g36_planonly_plans_g36_R10.jsonl#29 retract n 60 CLEAR 565.366 / CLEAR 565.366 16.96->1.21s
OK   g36_planonly_plans_g36_R10.jsonl#39 plan n 65 CLEAR 383.519 / CLEAR 383.519 19.51->2.44s
OK   g36_planonly_plans_g36_R10.jsonl#39 retract n 60 CLEAR 383.675 / CLEAR 383.675 16.54->1.88s
OK   g36_planonly_plans_g36_R10.jsonl#49 plan n 68 CLEAR 622.731 / CLEAR 622.731 22.40->1.40s
OK   g36_planonly_plans_g36_R10.jsonl#49 retract n 60 CLEAR 622.731 / CLEAR 622.731 23.94->1.83s
OK   g36_planonly_plans_g36_R10.jsonl#59 plan n 127 CLEAR 622.731 / CLEAR 622.731 52.18->1.13s
OK   g36_planonly_plans_g36_R10.jsonl#59 retract n 60 CLEAR 622.731 / CLEAR 622.731 15.13->1.16s
RINGKAS {"source": "plans", "part": "3/10", "n": 130, "points": 10311, "bad": 0, "t_old": 4703.8, "t_new": 275.8, "verdicts": {"CLEAR": 130, "MARGIN": 0, "COLLIDE": 0}}
