OK   g34_planonly_plans_g34_R10.jsonl#1 plan n 68 CLEAR 608.222 / CLEAR 608.222 32.64->2.24s
OK   g34_planonly_plans_g34_R10.jsonl#1 retract n 60 CLEAR 608.242 / CLEAR 608.242 28.43->2.01s
OK   g34_planonly_plans_g34_R10.jsonl#11 plan n 27 CLEAR 374.509 / CLEAR 374.509 15.90->2.86s
OK   g34_planonly_plans_g34_R10.jsonl#11 retract n 60 CLEAR 524.706 / CLEAR 524.706 38.11->4.89s
OK   g34_planonly_plans_g34b_hw_R0.jsonl#3 plan n 130 CLEAR 609.160 / CLEAR 609.160 79.94->4.22s
OK   g34_planonly_plans_g34b_hw_R0.jsonl#3 retract n 60 CLEAR 609.160 / CLEAR 609.160 38.64->2.72s
OK   g34_planonly_plans_g34b_hw_R0.jsonl#13 plan n 130 CLEAR 622.731 / CLEAR 622.731 80.69->2.53s
OK   g34_planonly_plans_g34b_hw_R0.jsonl#13 retract n 60 CLEAR 622.731 / CLEAR 622.731 37.08->2.17s
OK   g34_planonly_plans_g34b_hw_R10.jsonl#5 plan n 126 CLEAR 622.731 / CLEAR 622.731 62.54->3.81s
OK   g34_planonly_plans_g34b_hw_R10.jsonl#5 retract n 60 CLEAR 622.731 / CLEAR 622.731 34.56->2.34s
OK   g34_planonly_plans_g34b_hw_R10.jsonl#15 plan n 82 CLEAR 363.697 / CLEAR 363.697 43.48->4.49s
OK   g34_planonly_plans_g34b_hw_R10.jsonl#15 retract n 60 CLEAR 363.968 / CLEAR 363.968 32.83->3.49s
OK   g34_planonly_plans_g34n_R0.jsonl#7 plan n 127 CLEAR 569.111 / CLEAR 569.111 59.91->2.16s
OK   g34_planonly_plans_g34n_R0.jsonl#7 retract n 60 CLEAR 569.152 / CLEAR 569.152 27.52->1.34s
OK   g34_planonly_plans_g34n_R0.jsonl#17 plan n 68 CLEAR 701.950 / CLEAR 701.950 33.96->2.37s
OK   g34_planonly_plans_g34n_R0.jsonl#17 retract n 60 CLEAR 580.782 / CLEAR 580.782 34.36->3.18s
OK   g34_planonly_plans_g34n_R10.jsonl#9 plan n 28 CLEAR 491.394 / CLEAR 491.394 12.58->1.17s
OK   g34_planonly_plans_g34n_R10.jsonl#9 retract n 60 CLEAR 491.486 / CLEAR 491.486 28.25->1.72s
OK   g34_planonly_plans_g35b_hw_R0.jsonl#0 plan n 127 CLEAR 555.068 / CLEAR 555.068 48.11->1.82s
OK   g34_planonly_plans_g35b_hw_R0.jsonl#0 retract n 60 CLEAR 555.067 / CLEAR 555.067 22.00->1.39s
OK   g34_planonly_plans_g35b_hw_R0.jsonl#10 plan n 98 CLEAR 567.653 / CLEAR 567.653 39.16->1.93s
OK   g34_planonly_plans_g35b_hw_R0.jsonl#10 retract n 60 CLEAR 567.677 / CLEAR 567.677 24.81->2.20s
OK   g34_planonly_plans_g35b_hw_R10.jsonl#2 plan n 36 CLEAR 490.651 / CLEAR 490.651 14.04->1.48s
OK   g34_planonly_plans_g35b_hw_R10.jsonl#2 retract n 60 CLEAR 490.740 / CLEAR 490.740 25.46->2.11s
OK   g34_planonly_plans_reg3_R0.jsonl#7 plan n 66 CLEAR 609.504 / CLEAR 609.504 28.53->1.58s
OK   g34_planonly_plans_reg3_R0.jsonl#7 retract n 60 CLEAR 609.523 / CLEAR 609.523 24.96->1.31s
OK   g34_planonly_plans_reg3_R0.jsonl#17 plan n 108 CLEAR 531.830 / CLEAR 531.830 59.79->1.40s
OK   g34_planonly_plans_reg3_R0.jsonl#17 retract n 60 CLEAR 586.856 / CLEAR 586.856 28.41->2.75s
OK   g34_planonly_plans_reg3_R10.jsonl#9 plan n 128 CLEAR 493.084 / CLEAR 493.084 55.31->3.12s
OK   g34_planonly_plans_reg3_R10.jsonl#9 retract n 60 CLEAR 493.226 / CLEAR 493.226 25.76->1.92s
OK   g34_planonly_plans_reg3_R10.jsonl#19 plan n 85 CLEAR 531.823 / CLEAR 531.823 35.10->1.58s
OK   g34_planonly_plans_reg3_R10.jsonl#19 retract n 60 CLEAR 531.770 / CLEAR 531.770 24.77->1.19s
OK   g33_planonly_plans_R0.jsonl.gz#9 plan n 129 CLEAR 622.731 / CLEAR 622.731 48.09->1.46s
OK   g33_planonly_plans_R0.jsonl.gz#9 retract n 60 CLEAR 622.731 / CLEAR 622.731 23.48->2.18s
OK   g33_planonly_plans_R10.jsonl.gz#1 plan n 63 CLEAR 612.456 / CLEAR 612.456 26.31->1.52s
OK   g33_planonly_plans_R10.jsonl.gz#1 retract n 60 CLEAR 612.454 / CLEAR 612.454 22.09->1.27s
OK   g32hw_screen_plans_R0.jsonl.gz#6 plan n 93 CLEAR 549.532 / CLEAR 549.532 35.83->1.92s
OK   g32hw_screen_plans_R0.jsonl.gz#6 retract n 60 CLEAR 549.591 / CLEAR 549.591 25.03->2.04s
OK   g32hw_screen_plans_R0.jsonl.gz#16 plan n 86 CLEAR 622.731 / CLEAR 622.731 34.26->1.53s
OK   g32hw_screen_plans_R0.jsonl.gz#16 retract n 60 CLEAR 622.731 / CLEAR 622.731 24.78->2.11s
OK   g32hw_screen_plans_R10.jsonl.gz#8 plan n 24 CLEAR 487.770 / CLEAR 487.770 9.27->0.91s
OK   g32hw_screen_plans_R10.jsonl.gz#8 retract n 60 CLEAR 487.867 / CLEAR 487.867 22.73->1.22s
OK   g32_screen_plans.jsonl.gz#0 plan n 128 CLEAR 552.040 / CLEAR 552.040 42.01->1.86s
OK   g32_screen_plans.jsonl.gz#0 retract n 60 CLEAR 552.040 / CLEAR 552.040 21.60->1.38s
OK   g32_screen_plans.jsonl.gz#10 plan n 58 CLEAR 370.618 / CLEAR 370.618 36.00->2.06s
OK   g32_screen_plans.jsonl.gz#10 retract n 60 CLEAR 509.775 / CLEAR 509.775 27.04->3.74s
OK   g31_screen_plans.jsonl.gz#2 plan n 124 CLEAR 622.731 / CLEAR 622.731 50.50->1.52s
OK   g31_screen_plans.jsonl.gz#2 retract n 60 CLEAR 622.731 / CLEAR 622.731 23.85->1.37s
OK   g31_screen_plans.jsonl.gz#12 plan n 125 CLEAR 571.750 / CLEAR 571.750 48.45->1.73s
OK   g31_screen_plans.jsonl.gz#12 retract n 60 CLEAR 571.754 / CLEAR 571.754 20.54->1.63s
OK   g31_screen_plans.jsonl.gz#22 plan n 79 CLEAR 562.333 / CLEAR 562.333 32.59->1.59s
OK   g31_screen_plans.jsonl.gz#22 retract n 60 CLEAR 562.312 / CLEAR 562.312 24.80->1.66s
OK   g31_screen_plans.jsonl.gz#32 plan n 114 CLEAR 576.030 / CLEAR 576.030 46.73->2.19s
OK   g31_screen_plans.jsonl.gz#32 retract n 60 CLEAR 576.114 / CLEAR 576.114 26.28->2.41s
OK   g31_screen_plans.jsonl.gz#42 plan n 75 CLEAR 505.058 / CLEAR 505.058 26.80->1.26s
OK   g31_screen_plans.jsonl.gz#42 retract n 60 CLEAR 505.127 / CLEAR 505.127 22.22->0.86s
OK   g31_screen_plans.jsonl.gz#52 plan n 124 CLEAR 622.731 / CLEAR 622.731 55.72->2.11s
OK   g31_screen_plans.jsonl.gz#52 retract n 60 CLEAR 622.731 / CLEAR 622.731 27.63->2.78s
OK   g31_screen_plans.jsonl.gz#62 plan n 71 CLEAR 595.524 / CLEAR 595.524 29.40->1.98s
OK   g31_screen_plans.jsonl.gz#62 retract n 60 CLEAR 595.534 / CLEAR 595.534 25.07->2.10s
OK   g31_screen_plans.jsonl.gz#72 plan n 126 CLEAR 504.635 / CLEAR 504.635 51.39->3.09s
OK   g31_screen_plans.jsonl.gz#72 retract n 60 CLEAR 504.825 / CLEAR 504.825 23.00->1.81s
OK   g31_screen_plans.jsonl.gz#82 plan n 135 CLEAR 614.946 / CLEAR 614.946 67.75->3.03s
OK   g31_screen_plans.jsonl.gz#82 retract n 60 CLEAR 622.731 / CLEAR 622.731 26.29->3.72s
OK   g31_screen_plans.jsonl.gz#92 plan n 137 CLEAR 384.950 / CLEAR 384.950 60.79->3.31s
OK   g31_screen_plans.jsonl.gz#92 retract n 60 CLEAR 385.401 / CLEAR 385.401 27.64->3.33s
OK   g31_screen_plans.jsonl.gz#102 plan n 127 CLEAR 577.634 / CLEAR 577.634 47.93->1.89s
OK   g31_screen_plans.jsonl.gz#102 retract n 60 CLEAR 577.712 / CLEAR 577.712 22.37->1.75s
OK   g31_screen_plans.jsonl.gz#112 plan n 68 CLEAR 597.134 / CLEAR 597.134 30.45->1.04s
OK   g31_screen_plans.jsonl.gz#112 retract n 60 CLEAR 622.731 / CLEAR 622.731 29.83->3.15s
OK   g31_screen_plans.jsonl.gz#122 plan n 127 CLEAR 649.950 / CLEAR 649.950 61.92->1.89s
OK   g31_screen_plans.jsonl.gz#122 retract n 60 CLEAR 622.731 / CLEAR 622.731 26.02->2.69s
OK   g31_screen_plans.jsonl.gz#132 plan n 76 CLEAR 518.433 / CLEAR 518.433 29.98->1.40s
OK   g31_screen_plans.jsonl.gz#132 retract n 60 CLEAR 518.492 / CLEAR 518.492 23.42->1.18s
OK   g31_screen_plans.jsonl.gz#142 plan n 129 CLEAR 566.063 / CLEAR 566.063 50.05->4.00s
OK   g31_screen_plans.jsonl.gz#142 retract n 60 CLEAR 566.131 / CLEAR 566.131 20.02->3.73s
OK   g31_screen_plans.jsonl.gz#152 plan n 89 CLEAR 520.316 / CLEAR 520.316 38.68->3.27s
OK   g31_screen_plans.jsonl.gz#152 retract n 60 CLEAR 520.352 / CLEAR 520.352 26.11->1.16s
OK   g31_screen_plans.jsonl.gz#162 plan n 128 CLEAR 505.659 / CLEAR 505.659 55.79->4.03s
OK   g31_screen_plans.jsonl.gz#162 retract n 60 CLEAR 505.864 / CLEAR 505.864 27.07->2.07s
OK   g31_screen_plans.jsonl.gz#172 plan n 75 CLEAR 265.217 / CLEAR 265.217 28.31->0.98s
OK   g31_screen_plans.jsonl.gz#172 retract n 60 CLEAR 265.365 / CLEAR 265.365 24.61->1.09s
OK   g31_screen_plans.jsonl.gz#182 plan n 126 CLEAR 622.731 / CLEAR 622.731 52.07->3.05s
OK   g31_screen_plans.jsonl.gz#182 retract n 60 CLEAR 622.731 / CLEAR 622.731 24.91->2.94s
OK   g31_screen_plans.jsonl.gz#192 plan n 86 CLEAR 603.496 / CLEAR 603.496 32.96->2.18s
OK   g31_screen_plans.jsonl.gz#192 retract n 60 CLEAR 603.498 / CLEAR 603.498 23.60->1.81s
OK   g31_screen_plans.jsonl.gz#202 plan n 126 CLEAR 622.731 / CLEAR 622.731 54.86->2.27s
OK   g31_screen_plans.jsonl.gz#202 retract n 60 CLEAR 622.731 / CLEAR 622.731 24.61->2.95s
OK   g31_screen_plans.jsonl.gz#212 plan n 75 CLEAR 651.061 / CLEAR 651.061 41.61->4.06s
OK   g31_screen_plans.jsonl.gz#212 retract n 60 CLEAR 571.295 / CLEAR 571.295 32.37->3.84s
OK   g31_screen_plans.jsonl.gz#222 plan n 126 CLEAR 561.470 / CLEAR 561.470 51.97->3.27s
OK   g31_screen_plans.jsonl.gz#222 retract n 60 CLEAR 561.528 / CLEAR 561.528 22.58->2.57s
OK   g31_screen_plans.jsonl.gz#232 plan n 48 CLEAR 677.762 / CLEAR 677.762 23.07->2.71s
OK   g31_screen_plans.jsonl.gz#232 retract n 60 CLEAR 622.731 / CLEAR 622.731 29.64->5.78s
OK   g31_screen_plans.jsonl.gz#242 plan n 124 CLEAR 533.415 / CLEAR 533.415 51.70->2.49s
OK   g31_screen_plans.jsonl.gz#242 retract n 60 CLEAR 544.927 / CLEAR 544.927 22.53->2.88s
OK   g31_screen_plans.jsonl.gz#252 plan n 126 CLEAR 578.630 / CLEAR 578.630 42.41->1.97s
OK   g31_screen_plans.jsonl.gz#252 retract n 60 CLEAR 578.632 / CLEAR 578.632 23.11->1.99s
OK   g31_screen_plans.jsonl.gz#262 plan n 58 CLEAR 385.712 / CLEAR 385.712 28.35->1.86s
OK   g31_screen_plans.jsonl.gz#262 retract n 60 CLEAR 463.733 / CLEAR 463.733 27.62->1.42s
OK   g31_screen_plans.jsonl.gz#272 plan n 127 CLEAR 580.108 / CLEAR 580.108 285.34->1.73s
OK   g31_screen_plans.jsonl.gz#272 retract n 60 CLEAR 580.128 / CLEAR 580.128 19.15->1.57s
OK   g31_screen_plans.jsonl.gz#282 plan n 76 CLEAR 588.948 / CLEAR 588.948 32.74->3.28s
OK   g31_screen_plans.jsonl.gz#282 retract n 60 CLEAR 589.147 / CLEAR 589.147 27.86->2.50s
OK   g31_screen_plans.jsonl.gz#292 plan n 43 CLEAR 622.731 / CLEAR 622.731 15.49->1.35s
OK   g31_screen_plans.jsonl.gz#292 retract n 60 CLEAR 622.731 / CLEAR 622.731 22.41->1.10s
OK   g31_screen_plans.jsonl.gz#302 plan n 80 CLEAR 447.101 / CLEAR 447.101 25.43->2.63s
OK   g31_screen_plans.jsonl.gz#302 retract n 60 CLEAR 543.768 / CLEAR 543.768 25.65->3.40s
OK   g31_r0_control_plans.jsonl#6 plan n 95 CLEAR 622.731 / CLEAR 622.731 39.41->1.82s
OK   g31_r0_control_plans.jsonl#6 retract n 60 CLEAR 622.731 / CLEAR 622.731 24.78->2.26s
OK   g31_r0_control_plans.jsonl#16 plan n 133 CLEAR 622.731 / CLEAR 622.731 52.09->1.65s
OK   g31_r0_control_plans.jsonl#16 retract n 60 CLEAR 622.731 / CLEAR 622.731 25.85->1.52s
OK   smoke_mock_plans.jsonl#8 plan n 127 CLEAR 558.668 / CLEAR 558.668 43.16->1.93s
OK   smoke_mock_plans.jsonl#8 retract n 60 CLEAR 558.720 / CLEAR 558.720 19.87->1.55s
OK   g36_planonly_plans_g36_R0.jsonl#9 plan n 56 CLEAR 622.731 / CLEAR 622.731 19.51->1.31s
OK   g36_planonly_plans_g36_R0.jsonl#9 retract n 60 CLEAR 622.731 / CLEAR 622.731 22.01->0.92s
OK   g36_planonly_plans_g36_R10.jsonl#1 plan n 63 CLEAR 611.669 / CLEAR 611.669 22.19->0.93s
OK   g36_planonly_plans_g36_R10.jsonl#1 retract n 60 CLEAR 611.666 / CLEAR 611.666 18.40->1.21s
OK   g36_planonly_plans_g36_R10.jsonl#11 plan n 102 CLEAR 568.272 / CLEAR 568.272 36.93->1.94s
OK   g36_planonly_plans_g36_R10.jsonl#11 retract n 60 CLEAR 568.287 / CLEAR 568.287 24.87->2.09s
OK   g36_planonly_plans_g36_R10.jsonl#21 plan n 65 CLEAR 377.568 / CLEAR 377.568 24.49->3.34s
OK   g36_planonly_plans_g36_R10.jsonl#21 retract n 60 CLEAR 377.732 / CLEAR 377.732 26.51->2.57s
OK   g36_planonly_plans_g36_R10.jsonl#31 plan n 126 CLEAR 569.597 / CLEAR 569.597 41.61->1.78s
OK   g36_planonly_plans_g36_R10.jsonl#31 retract n 60 CLEAR 569.637 / CLEAR 569.637 21.89->1.02s
OK   g36_planonly_plans_g36_R10.jsonl#41 plan n 86 CLEAR 622.731 / CLEAR 622.731 35.89->1.37s
OK   g36_planonly_plans_g36_R10.jsonl#41 retract n 60 CLEAR 622.731 / CLEAR 622.731 20.90->1.82s
OK   g36_planonly_plans_g36_R10.jsonl#51 plan n 127 CLEAR 374.566 / CLEAR 374.566 55.77->6.80s
OK   g36_planonly_plans_g36_R10.jsonl#51 retract n 60 CLEAR 374.753 / CLEAR 374.753 25.03->2.65s
RINGKAS {"source": "plans", "part": "5/10", "n": 128, "points": 9985, "bad": 0, "t_old": 4501.4, "t_new": 287.5, "verdicts": {"CLEAR": 128, "MARGIN": 0, "COLLIDE": 0}}
