OK   v28_plans.jsonl.gz#0 plan n 124 CLEAR 622.731 / CLEAR 622.731 55.25->2.95s
OK   v28_plans.jsonl.gz#0 retract n 60 CLEAR 622.731 / CLEAR 622.731 28.99->2.24s
OK   v28_plans.jsonl.gz#4 plan n 128 CLEAR 622.731 / CLEAR 622.731 64.29->3.19s
OK   v28_plans.jsonl.gz#4 retract n 60 CLEAR 622.731 / CLEAR 622.731 29.21->2.61s
OK   v28_plans.jsonl.gz#8 plan n 122 CLEAR 516.858 / CLEAR 516.858 60.83->2.73s
OK   v28_plans.jsonl.gz#8 retract n 60 CLEAR 516.828 / CLEAR 516.828 26.72->2.83s
OK   v28_plans.jsonl.gz#12 plan n 127 CLEAR 622.731 / CLEAR 622.731 53.16->2.14s
OK   v28_plans.jsonl.gz#12 retract n 60 CLEAR 622.731 / CLEAR 622.731 24.49->1.92s
OK   v28_plans.jsonl.gz#16 plan n 118 CLEAR 512.868 / CLEAR 512.868 59.97->4.11s
OK   v28_plans.jsonl.gz#16 retract n 60 CLEAR 512.868 / CLEAR 512.868 33.12->3.59s
OK   v28_plans.jsonl.gz#20 plan n 131 CLEAR 468.917 / CLEAR 468.917 56.68->3.05s
OK   v28_plans.jsonl.gz#20 retract n 60 CLEAR 469.085 / CLEAR 469.085 25.79->2.87s
OK   v28_plans.jsonl.gz#24 plan n 129 CLEAR 523.030 / CLEAR 523.030 58.03->3.11s
OK   v28_plans.jsonl.gz#24 retract n 60 CLEAR 523.313 / CLEAR 523.313 27.30->2.98s
OK   v28_plans.jsonl.gz#28 plan n 125 CLEAR 622.731 / CLEAR 622.731 60.31->2.33s
OK   v28_plans.jsonl.gz#28 retract n 60 CLEAR 622.731 / CLEAR 622.731 27.84->2.00s
OK   v28_plans.jsonl.gz#32 plan n 129 CLEAR 622.731 / CLEAR 622.731 50.91->2.10s
OK   v28_plans.jsonl.gz#32 retract n 60 CLEAR 622.731 / CLEAR 622.731 22.25->1.66s
OK   v28_plans.jsonl.gz#36 plan n 130 CLEAR 622.731 / CLEAR 622.731 52.17->2.19s
OK   v28_plans.jsonl.gz#36 retract n 60 CLEAR 622.731 / CLEAR 622.731 21.20->1.15s
OK   v28_plans.jsonl.gz#40 plan n 128 CLEAR 622.731 / CLEAR 622.731 51.97->2.23s
OK   v28_plans.jsonl.gz#40 retract n 60 CLEAR 622.731 / CLEAR 622.731 26.48->2.15s
OK   v28_plans.jsonl.gz#44 plan n 118 CLEAR 620.602 / CLEAR 620.602 49.74->2.99s
OK   v28_plans.jsonl.gz#44 retract n 60 CLEAR 620.720 / CLEAR 620.720 24.00->2.73s
OK   v28_plans.jsonl.gz#48 plan n 119 CLEAR 622.731 / CLEAR 622.731 49.61->2.14s
OK   v28_plans.jsonl.gz#48 retract n 60 CLEAR 622.731 / CLEAR 622.731 25.69->2.54s
OK   v28_plans.jsonl.gz#52 plan n 119 CLEAR 622.731 / CLEAR 622.731 45.56->1.82s
OK   v28_plans.jsonl.gz#52 retract n 60 CLEAR 622.731 / CLEAR 622.731 23.94->1.57s
OK   v28_plans.jsonl.gz#56 plan n 127 CLEAR 622.731 / CLEAR 622.731 48.61->1.94s
OK   v28_plans.jsonl.gz#56 retract n 60 CLEAR 622.731 / CLEAR 622.731 26.06->2.20s
OK   v28_plans.jsonl.gz#60 plan n 127 CLEAR 434.156 / CLEAR 434.156 46.15->1.68s
OK   v28_plans.jsonl.gz#60 retract n 60 CLEAR 434.174 / CLEAR 434.174 20.48->1.42s
OK   v28_plans.jsonl.gz#64 plan n 129 CLEAR 622.731 / CLEAR 622.731 53.48->2.37s
OK   v28_plans.jsonl.gz#64 retract n 60 CLEAR 622.731 / CLEAR 622.731 24.77->2.61s
OK   v28_plans.jsonl.gz#68 plan n 124 CLEAR 518.096 / CLEAR 518.096 50.09->2.49s
OK   v28_plans.jsonl.gz#68 retract n 60 CLEAR 518.067 / CLEAR 518.067 24.69->2.80s
OK   v28_plans.jsonl.gz#72 plan n 128 CLEAR 413.786 / CLEAR 413.786 48.56->2.43s
OK   v28_plans.jsonl.gz#72 retract n 60 CLEAR 413.789 / CLEAR 413.789 23.42->2.19s
OK   v28_plans.jsonl.gz#76 plan n 125 CLEAR 622.731 / CLEAR 622.731 49.85->2.16s
OK   v28_plans.jsonl.gz#76 retract n 60 CLEAR 622.731 / CLEAR 622.731 23.61->2.01s
OK   v28_plans.jsonl.gz#80 plan n 127 CLEAR 418.836 / CLEAR 418.836 46.79->1.87s
OK   v28_plans.jsonl.gz#80 retract n 60 CLEAR 418.886 / CLEAR 418.886 19.50->1.43s
OK   v28_plans.jsonl.gz#84 plan n 124 CLEAR 622.731 / CLEAR 622.731 50.87->2.18s
OK   v28_plans.jsonl.gz#84 retract n 60 CLEAR 622.731 / CLEAR 622.731 23.88->2.23s
OK   v28_plans.jsonl.gz#88 plan n 125 CLEAR 622.731 / CLEAR 622.731 49.67->2.12s
OK   v28_plans.jsonl.gz#88 retract n 60 CLEAR 622.731 / CLEAR 622.731 23.29->1.86s
OK   v28_plans.jsonl.gz#92 plan n 108 CLEAR 408.854 / CLEAR 408.854 37.94->1.95s
OK   v28_plans.jsonl.gz#92 retract n 60 CLEAR 408.880 / CLEAR 408.880 22.03->1.75s
OK   v28_plans.jsonl.gz#96 plan n 125 CLEAR 475.281 / CLEAR 475.281 48.62->3.03s
OK   v28_plans.jsonl.gz#96 retract n 60 CLEAR 475.291 / CLEAR 475.291 23.20->3.08s
OK   v28_plans.jsonl.gz#100 plan n 127 CLEAR 421.686 / CLEAR 421.686 49.73->1.93s
OK   v28_plans.jsonl.gz#100 retract n 60 CLEAR 421.717 / CLEAR 421.717 20.46->1.44s
OK   v28_plans.jsonl.gz#104 plan n 131 CLEAR 520.802 / CLEAR 520.802 56.10->4.07s
OK   v28_plans.jsonl.gz#104 retract n 60 CLEAR 520.920 / CLEAR 520.920 24.78->2.43s
OK   v28_plans.jsonl.gz#108 plan n 126 CLEAR 417.068 / CLEAR 417.068 45.87->1.83s
OK   v28_plans.jsonl.gz#108 retract n 60 CLEAR 417.101 / CLEAR 417.101 21.40->1.38s
OK   v28_plans.jsonl.gz#112 plan n 129 CLEAR 622.731 / CLEAR 622.731 54.96->2.13s
OK   v28_plans.jsonl.gz#112 retract n 60 CLEAR 622.731 / CLEAR 622.731 23.68->1.84s
OK   v28_plans.jsonl.gz#116 plan n 125 CLEAR 424.138 / CLEAR 424.138 44.16->4.24s
OK   v28_plans.jsonl.gz#116 retract n 60 CLEAR 424.431 / CLEAR 424.431 22.21->3.10s
OK   v28_plans.jsonl.gz#120 plan n 125 CLEAR 622.693 / CLEAR 622.693 43.89->2.31s
OK   v28_plans.jsonl.gz#120 retract n 60 CLEAR 622.694 / CLEAR 622.694 21.05->1.63s
OK   v28_plans.jsonl.gz#124 plan n 127 CLEAR 559.347 / CLEAR 559.347 45.11->1.92s
OK   v28_plans.jsonl.gz#124 retract n 60 CLEAR 559.342 / CLEAR 559.342 22.59->1.64s
OK   v28_plans.jsonl.gz#128 plan n 129 CLEAR 610.657 / CLEAR 610.657 52.85->4.17s
OK   v28_plans.jsonl.gz#128 retract n 60 CLEAR 610.940 / CLEAR 610.940 25.44->4.05s
OK   v28_plans.jsonl.gz#132 plan n 127 CLEAR 493.994 / CLEAR 493.994 47.54->2.20s
OK   v28_plans.jsonl.gz#132 retract n 60 CLEAR 494.026 / CLEAR 494.026 21.95->1.65s
OK   v28_plans.jsonl.gz#136 plan n 128 CLEAR 563.571 / CLEAR 563.571 46.47->2.02s
OK   v28_plans.jsonl.gz#136 retract n 60 CLEAR 563.605 / CLEAR 563.605 22.49->1.60s
OK   v28_plans.jsonl.gz#140 plan n 128 CLEAR 597.587 / CLEAR 597.587 51.89->4.10s
OK   v28_plans.jsonl.gz#140 retract n 60 CLEAR 597.586 / CLEAR 597.586 24.67->3.83s
OK   v28_plans.jsonl.gz#144 plan n 115 CLEAR 570.528 / CLEAR 570.528 47.17->3.20s
OK   v28_plans.jsonl.gz#144 retract n 60 CLEAR 570.567 / CLEAR 570.567 25.32->2.76s
OK   v28_plans.jsonl.gz#148 plan n 128 CLEAR 577.597 / CLEAR 577.597 46.93->2.26s
OK   v28_plans.jsonl.gz#148 retract n 60 CLEAR 577.598 / CLEAR 577.598 19.13->1.98s
OK   v28_plans.jsonl.gz#152 plan n 129 CLEAR 553.038 / CLEAR 553.038 43.72->1.93s
OK   v28_plans.jsonl.gz#152 retract n 60 CLEAR 553.041 / CLEAR 553.041 21.19->1.35s
OK   v28_plans.jsonl.gz#156 plan n 127 CLEAR 570.854 / CLEAR 570.854 52.33->4.20s
OK   v28_plans.jsonl.gz#156 retract n 60 CLEAR 570.908 / CLEAR 570.908 23.82->3.89s
OK   v28_plans.jsonl.gz#160 plan n 127 CLEAR 457.786 / CLEAR 457.786 45.01->1.69s
OK   v28_plans.jsonl.gz#160 retract n 60 CLEAR 457.802 / CLEAR 457.802 20.13->1.05s
OK   v28_plans.jsonl.gz#164 plan n 128 CLEAR 455.691 / CLEAR 455.691 47.97->1.30s
OK   v28_plans.jsonl.gz#164 retract n 60 CLEAR 455.764 / CLEAR 455.764 22.78->1.19s
OK   v28_plans.jsonl.gz#168 plan n 128 CLEAR 471.464 / CLEAR 471.464 42.38->2.04s
OK   v28_plans.jsonl.gz#168 retract n 60 CLEAR 471.539 / CLEAR 471.539 21.51->0.84s
OK   v28_plans.jsonl.gz#172 plan n 128 CLEAR 619.442 / CLEAR 619.442 49.74->3.07s
OK   v28_plans.jsonl.gz#172 retract n 60 CLEAR 619.462 / CLEAR 619.462 24.09->1.80s
OK   v28_plans.jsonl.gz#176 plan n 128 CLEAR 471.312 / CLEAR 471.312 44.76->2.01s
OK   v28_plans.jsonl.gz#176 retract n 60 CLEAR 471.383 / CLEAR 471.383 22.36->1.16s
OK   v28_plans.jsonl.gz#180 plan n 116 CLEAR 604.974 / CLEAR 604.974 49.91->2.89s
OK   v28_plans.jsonl.gz#180 retract n 60 CLEAR 604.980 / CLEAR 604.980 25.40->2.38s
OK   v28_after_plans.jsonl.gz#1 plan n 130 CLEAR 622.731 / CLEAR 622.731 53.10->2.01s
OK   v28_after_plans.jsonl.gz#1 retract n 60 CLEAR 622.731 / CLEAR 622.731 263.01->1.84s
OK   v28_after_plans.jsonl.gz#5 plan n 125 CLEAR 622.731 / CLEAR 622.731 39.85->1.65s
OK   v28_after_plans.jsonl.gz#5 retract n 60 CLEAR 622.731 / CLEAR 622.731 21.61->2.20s
OK   v28_after_plans.jsonl.gz#9 plan n 126 CLEAR 622.731 / CLEAR 622.731 39.77->2.27s
OK   v28_after_plans.jsonl.gz#9 retract n 60 CLEAR 622.731 / CLEAR 622.731 25.32->2.51s
OK   v28_after_plans.jsonl.gz#13 plan n 120 CLEAR 516.634 / CLEAR 516.634 46.71->2.38s
OK   v28_after_plans.jsonl.gz#13 retract n 60 CLEAR 516.691 / CLEAR 516.691 23.41->2.46s
OK   v28_after_plans.jsonl.gz#17 plan n 124 CLEAR 601.671 / CLEAR 601.671 52.98->2.72s
OK   v28_after_plans.jsonl.gz#17 retract n 60 CLEAR 602.052 / CLEAR 602.052 25.35->2.16s
OK   v28_after_plans.jsonl.gz#21 plan n 130 CLEAR 622.731 / CLEAR 622.731 48.60->1.62s
OK   v28_after_plans.jsonl.gz#21 retract n 60 CLEAR 622.731 / CLEAR 622.731 15.11->1.24s
OK   v28_after_plans.jsonl.gz#25 plan n 131 CLEAR 622.731 / CLEAR 622.731 45.74->1.23s
OK   v28_after_plans.jsonl.gz#25 retract n 60 CLEAR 622.731 / CLEAR 622.731 23.13->1.82s
OK   v28_after_plans.jsonl.gz#29 plan n 126 CLEAR 519.370 / CLEAR 519.370 49.15->2.50s
OK   v28_after_plans.jsonl.gz#29 retract n 60 CLEAR 519.479 / CLEAR 519.479 23.41->1.67s
OK   v28_after_plans.jsonl.gz#33 plan n 128 CLEAR 463.615 / CLEAR 463.615 40.63->2.89s
OK   v28_after_plans.jsonl.gz#33 retract n 60 CLEAR 463.643 / CLEAR 463.643 20.60->3.16s
OK   v28_after_plans.jsonl.gz#37 plan n 129 CLEAR 622.731 / CLEAR 622.731 52.61->2.18s
OK   v28_after_plans.jsonl.gz#37 retract n 60 CLEAR 622.731 / CLEAR 622.731 23.58->2.00s
OK   v28_after_plans.jsonl.gz#41 plan n 126 CLEAR 622.731 / CLEAR 622.731 39.97->2.10s
OK   v28_after_plans.jsonl.gz#41 retract n 60 CLEAR 622.731 / CLEAR 622.731 20.07->1.34s
OK   v28_after_plans.jsonl.gz#45 plan n 125 CLEAR 427.143 / CLEAR 427.143 44.74->2.00s
OK   v28_after_plans.jsonl.gz#45 retract n 60 CLEAR 427.197 / CLEAR 427.197 22.34->1.63s
OK   v28_after_plans.jsonl.gz#49 plan n 118 CLEAR 622.731 / CLEAR 622.731 39.83->1.79s
OK   v28_after_plans.jsonl.gz#49 retract n 60 CLEAR 622.731 / CLEAR 622.731 23.58->2.44s
OK   v28_after_plans.jsonl.gz#53 plan n 129 CLEAR 622.731 / CLEAR 622.731 52.58->2.11s
OK   v28_after_plans.jsonl.gz#53 retract n 60 CLEAR 622.731 / CLEAR 622.731 20.43->1.19s
OK   v28_after_plans.jsonl.gz#57 plan n 125 CLEAR 583.345 / CLEAR 583.345 28.48->1.93s
OK   v28_after_plans.jsonl.gz#57 retract n 60 CLEAR 583.375 / CLEAR 583.375 13.36->1.38s
OK   v28_after_plans.jsonl.gz#61 plan n 133 CLEAR 513.884 / CLEAR 513.884 34.58->1.84s
OK   v28_after_plans.jsonl.gz#61 retract n 60 CLEAR 513.960 / CLEAR 513.960 14.88->1.20s
OK   v28_after_plans.jsonl.gz#65 plan n 131 CLEAR 527.047 / CLEAR 527.047 30.71->1.21s
OK   v28_after_plans.jsonl.gz#65 retract n 60 CLEAR 527.061 / CLEAR 527.061 13.58->1.19s
OK   v28_after_plans.jsonl.gz#69 plan n 127 CLEAR 589.285 / CLEAR 589.285 28.71->1.69s
OK   v28_after_plans.jsonl.gz#69 retract n 60 CLEAR 589.456 / CLEAR 589.456 13.38->1.36s
OK   v28_after_plans.jsonl.gz#73 plan n 106 CLEAR 439.430 / CLEAR 439.430 20.24->1.00s
OK   v28_after_plans.jsonl.gz#73 retract n 60 CLEAR 439.508 / CLEAR 439.508 10.89->0.90s
OK   v28_after_plans.jsonl.gz#77 plan n 132 CLEAR 525.543 / CLEAR 525.543 24.75->1.50s
OK   v28_after_plans.jsonl.gz#77 retract n 60 CLEAR 525.623 / CLEAR 525.623 11.10->2.10s
OK   v28_after_plans.jsonl.gz#81 plan n 130 CLEAR 622.731 / CLEAR 622.731 26.83->0.98s
OK   v28_after_plans.jsonl.gz#81 retract n 60 CLEAR 622.731 / CLEAR 622.731 12.11->0.95s
OK   v28_after_plans.jsonl.gz#85 plan n 125 CLEAR 544.631 / CLEAR 544.631 22.98->1.00s
OK   v28_after_plans.jsonl.gz#85 retract n 60 CLEAR 544.641 / CLEAR 544.641 10.76->0.92s
OK   v28_after_plans.jsonl.gz#89 plan n 123 CLEAR 519.732 / CLEAR 519.732 23.38->1.15s
OK   v28_after_plans.jsonl.gz#89 retract n 60 CLEAR 519.733 / CLEAR 519.733 11.26->1.24s
OK   v28_after_plans.jsonl.gz#93 plan n 118 CLEAR 622.731 / CLEAR 622.731 22.53->0.88s
OK   v28_after_plans.jsonl.gz#93 retract n 60 CLEAR 622.731 / CLEAR 622.731 11.15->0.84s
OK   v28_after_plans.jsonl.gz#97 plan n 126 CLEAR 471.407 / CLEAR 471.407 24.53->1.41s
OK   v28_after_plans.jsonl.gz#97 retract n 60 CLEAR 471.410 / CLEAR 471.410 11.80->1.65s
OK   v28_after_plans.jsonl.gz#101 plan n 126 CLEAR 419.313 / CLEAR 419.313 22.15->0.88s
OK   v28_after_plans.jsonl.gz#101 retract n 60 CLEAR 419.360 / CLEAR 419.360 10.58->0.71s
OK   v28_after_plans.jsonl.gz#105 plan n 130 CLEAR 530.312 / CLEAR 530.312 24.88->0.99s
OK   v28_after_plans.jsonl.gz#105 retract n 60 CLEAR 530.490 / CLEAR 530.490 11.79->1.06s
OK   v28_after_plans.jsonl.gz#109 plan n 129 CLEAR 420.821 / CLEAR 420.821 22.87->1.00s
OK   v28_after_plans.jsonl.gz#109 retract n 60 CLEAR 420.832 / CLEAR 420.832 10.47->0.70s
OK   v28_after_plans.jsonl.gz#113 plan n 124 CLEAR 622.731 / CLEAR 622.731 27.98->1.04s
OK   v28_after_plans.jsonl.gz#113 retract n 60 CLEAR 622.731 / CLEAR 622.731 13.01->0.91s
OK   v28_after_plans.jsonl.gz#117 plan n 127 CLEAR 622.731 / CLEAR 622.731 26.81->0.95s
OK   v28_after_plans.jsonl.gz#117 retract n 60 CLEAR 622.731 / CLEAR 622.731 12.32->0.87s
OK   v28_after_plans.jsonl.gz#121 plan n 117 CLEAR 622.731 / CLEAR 622.731 22.83->0.86s
OK   v28_after_plans.jsonl.gz#121 retract n 60 CLEAR 622.731 / CLEAR 622.731 11.98->0.87s
OK   v28_after_plans.jsonl.gz#125 plan n 126 CLEAR 592.715 / CLEAR 592.715 25.59->1.57s
OK   v28_after_plans.jsonl.gz#125 retract n 60 CLEAR 592.804 / CLEAR 592.804 12.39->1.45s
OK   v28_after_plans.jsonl.gz#129 plan n 127 CLEAR 622.731 / CLEAR 622.731 25.39->1.33s
OK   v28_after_plans.jsonl.gz#129 retract n 60 CLEAR 622.731 / CLEAR 622.731 11.81->1.32s
OK   v28_after_plans.jsonl.gz#133 plan n 128 CLEAR 446.392 / CLEAR 446.392 21.49->0.92s
OK   v28_after_plans.jsonl.gz#133 retract n 60 CLEAR 446.390 / CLEAR 446.390 10.40->0.68s
OK   v28_after_plans.jsonl.gz#137 plan n 128 CLEAR 550.225 / CLEAR 550.225 24.84->1.54s
OK   v28_after_plans.jsonl.gz#137 retract n 60 CLEAR 550.315 / CLEAR 550.315 11.87->1.29s
OK   v28_after_plans.jsonl.gz#141 plan n 127 CLEAR 471.572 / CLEAR 471.572 24.80->1.50s
OK   v28_after_plans.jsonl.gz#141 retract n 60 CLEAR 471.692 / CLEAR 471.692 12.22->1.25s
OK   v28_after_plans.jsonl.gz#145 plan n 115 CLEAR 594.870 / CLEAR 594.870 21.13->1.32s
OK   v28_after_plans.jsonl.gz#145 retract n 60 CLEAR 594.874 / CLEAR 594.874 10.96->1.10s
OK   v28_after_plans.jsonl.gz#149 plan n 128 CLEAR 518.486 / CLEAR 518.486 26.99->1.66s
OK   v28_after_plans.jsonl.gz#149 retract n 60 CLEAR 518.792 / CLEAR 518.792 12.29->0.88s
OK   v28_after_plans.jsonl.gz#153 plan n 126 CLEAR 614.680 / CLEAR 614.680 25.37->2.04s
OK   v28_after_plans.jsonl.gz#153 retract n 60 CLEAR 614.650 / CLEAR 614.650 12.40->1.90s
OK   v28_after_plans.jsonl.gz#157 plan n 128 CLEAR 427.422 / CLEAR 427.422 24.07->0.93s
OK   v28_after_plans.jsonl.gz#157 retract n 60 CLEAR 427.471 / CLEAR 427.471 11.15->0.56s
OK   v28_after_plans.jsonl.gz#161 plan n 128 CLEAR 467.163 / CLEAR 467.163 22.54->0.96s
OK   v28_after_plans.jsonl.gz#161 retract n 60 CLEAR 467.239 / CLEAR 467.239 10.46->0.55s
OK   v28_after_plans.jsonl.gz#165 plan n 127 CLEAR 550.166 / CLEAR 550.166 23.54->0.92s
OK   v28_after_plans.jsonl.gz#165 retract n 60 CLEAR 550.273 / CLEAR 550.273 11.09->0.85s
OK   v28_after_plans.jsonl.gz#169 plan n 126 CLEAR 622.731 / CLEAR 622.731 24.95->1.55s
OK   v28_after_plans.jsonl.gz#169 retract n 60 CLEAR 622.731 / CLEAR 622.731 11.93->2.12s
OK   v28_after_plans.jsonl.gz#173 plan n 117 CLEAR 622.731 / CLEAR 622.731 23.47->1.04s
OK   v28_after_plans.jsonl.gz#173 retract n 60 CLEAR 622.731 / CLEAR 622.731 11.69->1.50s
OK   v28_after_plans.jsonl.gz#177 plan n 115 CLEAR 610.670 / CLEAR 610.670 21.50->1.25s
OK   v28_after_plans.jsonl.gz#177 retract n 60 CLEAR 610.759 / CLEAR 610.759 11.39->1.05s
OK   v28_after_plans.jsonl.gz#181 plan n 106 CLEAR 507.915 / CLEAR 507.915 18.45->0.67s
OK   v28_after_plans.jsonl.gz#181 retract n 60 CLEAR 507.915 / CLEAR 507.915 10.45->0.53s
RINGKAS {"source": "v28", "part": "0/4", "n": 184, "points": 17040, "bad": 0, "t_old": 5769.5, "t_new": 348.7, "verdicts": {"CLEAR": 184, "MARGIN": 0, "COLLIDE": 0}}
