scene objects ['env_static_map']
== hw_s0_+103.7 arm_3 [103.7, 16.2, 48.9, 89.5, -32.7, -87.2]
   start {'valid': False, 'contacts': ['t2_a1_right_finger_prox_link|env_static_map']}
   rest  {'valid': True, 'contacts': []}
   plan 0: SUCCESS 0.3 s n 172 j1 [-26.7, 103.7]
      [move_group-2] [INFO] [1791435326.773272856] [moveit_move_group_default_capabilities.move_action_capability]: Received request
      [move_group-2] [INFO] [1791435326.773381064] [moveit_move_group_default_capabilities.move_action_capability]: executing..
      [move_group-2] [INFO] [1791435326.779784836] [moveit_move_group_default_capabilities.move_action_capability]: Planning request received for MoveGroup action. Forwarding to planning pipeline.
      [move_group-2] [INFO] [1791435326.931992456] [moveit_collision_detection_fcl.collision_common]: Found a contact between 'env_static_map' (type 'Object') and 't2_a1_right_finger_prox_link' (type 'Robot link'), which const
      [move_group-2] [INFO] [1791435326.932012197] [moveit_collision_detection_fcl.collision_common]: Collision checking is considered complete (collision was found and 0 contacts are stored)
      [move_group-2] [INFO] [1791435326.932022814] [moveit_ros.fix_start_state_collision]: Start state appears to be in collision with respect to group arm_3
      [move_group-2] [INFO] [1791435326.934354019] [moveit_ros.fix_start_state_collision]: Found a valid state near the start state at distance 0.322284 after 0 attempts
      [move_group-2] [INFO] [1791435326.940854297] [moveit.ompl_planning.model_based_planning_context]: Planner configuration 'arm_3' will use planner 'geometric::RRTConnect'. Additional configuration parameters will be set wh
      [move_group-2] [INFO] [1791435327.007782985] [moveit.ros_planning.planning_pipeline]: Planning adapters have added states at index positions: [ 0 ]
      [move_group-2] [INFO] [1791435327.051603193] [moveit_move_group_default_capabilities.move_action_capability]: Motion plan was computed successfully.
   plan 1: SUCCESS 1.1 s n 153 j1 [-26.6, 110.3]
      [move_group-2] [INFO] [1791435327.557703605] [moveit_move_group_default_capabilities.move_action_capability]: Received request
      [move_group-2] [INFO] [1791435327.557897032] [moveit_move_group_default_capabilities.move_action_capability]: executing..
      [move_group-2] [INFO] [1791435327.559955685] [moveit_move_group_default_capabilities.move_action_capability]: Planning request received for MoveGroup action. Forwarding to planning pipeline.
      [move_group-2] [INFO] [1791435327.734733116] [moveit_collision_detection_fcl.collision_common]: Found a contact between 'env_static_map' (type 'Object') and 't2_a1_right_finger_prox_link' (type 'Robot link'), which const
      [move_group-2] [INFO] [1791435327.734753318] [moveit_collision_detection_fcl.collision_common]: Collision checking is considered complete (collision was found and 0 contacts are stored)
      [move_group-2] [INFO] [1791435327.734764961] [moveit_ros.fix_start_state_collision]: Start state appears to be in collision with respect to group arm_3
      [move_group-2] [INFO] [1791435327.746358839] [moveit_ros.fix_start_state_collision]: Found a valid state near the start state at distance 0.137052 after 0 attempts
      [move_group-2] [INFO] [1791435327.775243667] [moveit.ompl_planning.model_based_planning_context]: Planner configuration 'arm_3' will use planner 'geometric::RRTConnect'. Additional configuration parameters will be set wh
      [move_group-2] [INFO] [1791435328.207053236] [moveit.ros_planning.planning_pipeline]: Planning adapters have added states at index positions: [ 0 ]
      [move_group-2] [INFO] [1791435328.666844349] [moveit_move_group_default_capabilities.move_action_capability]: Motion plan was computed successfully.
   plan 2: SUCCESS 0.5 s n 154 j1 [-26.7, 115.7]
      [move_group-2] [INFO] [1791435329.172509245] [moveit_move_group_default_capabilities.move_action_capability]: Received request
      [move_group-2] [INFO] [1791435329.172691538] [moveit_move_group_default_capabilities.move_action_capability]: executing..
      [move_group-2] [INFO] [1791435329.179805158] [moveit_move_group_default_capabilities.move_action_capability]: Planning request received for MoveGroup action. Forwarding to planning pipeline.
      [move_group-2] [INFO] [1791435329.333555082] [moveit_collision_detection_fcl.collision_common]: Found a contact between 'env_static_map' (type 'Object') and 't2_a1_right_finger_prox_link' (type 'Robot link'), which const
      [move_group-2] [INFO] [1791435329.333575158] [moveit_collision_detection_fcl.collision_common]: Collision checking is considered complete (collision was found and 0 contacts are stored)
      [move_group-2] [INFO] [1791435329.333586478] [moveit_ros.fix_start_state_collision]: Start state appears to be in collision with respect to group arm_3
      [move_group-2] [INFO] [1791435329.344236759] [moveit_ros.fix_start_state_collision]: Found a valid state near the start state at distance 0.233856 after 0 attempts
      [move_group-2] [INFO] [1791435329.372146115] [moveit.ompl_planning.model_based_planning_context]: Planner configuration 'arm_3' will use planner 'geometric::RRTConnect'. Additional configuration parameters will be set wh
      [move_group-2] [INFO] [1791435329.463884980] [moveit.ros_planning.planning_pipeline]: Planning adapters have added states at index positions: [ 0 ]
      [move_group-2] [INFO] [1791435329.655008603] [moveit_move_group_default_capabilities.move_action_capability]: Motion plan was computed successfully.
   plan 3: SUCCESS 0.3 s n 138 j1 [-26.5, 103.7]
      [move_group-2] [INFO] [1791435330.161282339] [moveit_move_group_default_capabilities.move_action_capability]: Received request
      [move_group-2] [INFO] [1791435330.161409220] [moveit_move_group_default_capabilities.move_action_capability]: executing..
      [move_group-2] [INFO] [1791435330.169938688] [moveit_move_group_default_capabilities.move_action_capability]: Planning request received for MoveGroup action. Forwarding to planning pipeline.
      [move_group-2] [INFO] [1791435330.323861101] [moveit_collision_detection_fcl.collision_common]: Found a contact between 'env_static_map' (type 'Object') and 't2_a1_right_finger_prox_link' (type 'Robot link'), which const
      [move_group-2] [INFO] [1791435330.323881355] [moveit_collision_detection_fcl.collision_common]: Collision checking is considered complete (collision was found and 0 contacts are stored)
      [move_group-2] [INFO] [1791435330.323915032] [moveit_ros.fix_start_state_collision]: Start state appears to be in collision with respect to group arm_3
      [move_group-2] [INFO] [1791435330.336902126] [moveit_ros.fix_start_state_collision]: Found a valid state near the start state at distance 0.206952 after 0 attempts
      [move_group-2] [INFO] [1791435330.343538043] [moveit.ompl_planning.model_based_planning_context]: Planner configuration 'arm_3' will use planner 'geometric::RRTConnect'. Additional configuration parameters will be set wh
      [move_group-2] [INFO] [1791435330.414132782] [moveit.ros_planning.planning_pipeline]: Planning adapters have added states at index positions: [ 0 ]
      [move_group-2] [INFO] [1791435330.457127550] [moveit_move_group_default_capabilities.move_action_capability]: Motion plan was computed successfully.
   plan 4: SUCCESS 0.9 s n 144 j1 [-26.7, 103.7]
      [move_group-2] [INFO] [1791435330.962770190] [moveit_move_group_default_capabilities.move_action_capability]: Received request
      [move_group-2] [INFO] [1791435330.962908899] [moveit_move_group_default_capabilities.move_action_capability]: executing..
      [move_group-2] [INFO] [1791435330.969824702] [moveit_move_group_default_capabilities.move_action_capability]: Planning request received for MoveGroup action. Forwarding to planning pipeline.
      [move_group-2] [INFO] [1791435331.122792797] [moveit_collision_detection_fcl.collision_common]: Found a contact between 'env_static_map' (type 'Object') and 't2_a1_right_finger_prox_link' (type 'Robot link'), which const
      [move_group-2] [INFO] [1791435331.122816166] [moveit_collision_detection_fcl.collision_common]: Collision checking is considered complete (collision was found and 0 contacts are stored)
      [move_group-2] [INFO] [1791435331.122826443] [moveit_ros.fix_start_state_collision]: Start state appears to be in collision with respect to group arm_3
      [move_group-2] [INFO] [1791435331.135812258] [moveit_ros.fix_start_state_collision]: Found a valid state near the start state at distance 0.210673 after 0 attempts
      [move_group-2] [INFO] [1791435331.142584066] [moveit.ompl_planning.model_based_planning_context]: Planner configuration 'arm_3' will use planner 'geometric::RRTConnect'. Additional configuration parameters will be set wh
      [move_group-2] [INFO] [1791435331.578398514] [moveit.ros_planning.planning_pipeline]: Planning adapters have added states at index positions: [ 0 ]
      [move_group-2] [INFO] [1791435331.825146786] [moveit_move_group_default_capabilities.move_action_capability]: Motion plan was computed successfully.
scene objects ['env_static_map']
== hw_s0_+103.7 arm_3 [103.7, 16.2, 48.9, 89.5, -32.7, -87.2]
   start {'valid': False, 'contacts': ['t2_a1_right_finger_prox_link|env_static_map']}
   rest  {'valid': True, 'contacts': []}
   plan 0: INVALID_MOTION_PLAN 3.5 s n 161 j1 [-26.5, 110.6]
      [move_group-2] [INFO] [1791435335.390935410] [moveit.ros_planning.planning_pipeline]: Planning adapters have added states at index positions: [ 0 ]
      [move_group-2] [ERROR] [1791435336.521903274] [moveit.ros_planning.planning_pipeline]: Computed path is not valid. Invalid states at index locations: [ 0 1 87 88 ] out of 161. Explanations follow in command line. Contact
      [move_group-2] [INFO] [1791435336.534483654] [moveit_collision_detection_fcl.collision_common]: Found a contact between 'env_static_map' (type 'Object') and 't2_a1_right_finger_prox_link' (type 'Robot link'), which const
      [move_group-2] [INFO] [1791435336.534495818] [moveit_collision_detection_fcl.collision_common]: Collision checking is considered complete (collision was found and 0 contacts are stored)
      [move_group-2] [INFO] [1791435336.565608273] [moveit_collision_detection_fcl.collision_common]: Found a contact between 'env_static_map' (type 'Object') and 't2_a1_right_finger_prox_link' (type 'Robot link'), which const
      [move_group-2] [INFO] [1791435336.565624545] [moveit_collision_detection_fcl.collision_common]: Collision checking is considered complete (collision was found and 0 contacts are stored)
      [move_group-2] [INFO] [1791435336.585237019] [moveit_collision_detection_fcl.collision_common]: Found a contact between 'env_static_map' (type 'Object') and 't2_a1_gripper_base_link' (type 'Robot link'), which constitute
      [move_group-2] [INFO] [1791435336.585247792] [moveit_collision_detection_fcl.collision_common]: Collision checking is considered complete (collision was found and 0 contacts are stored)
      [move_group-2] [INFO] [1791435336.586791832] [moveit_collision_detection_fcl.collision_common]: Found a contact between 'env_static_map' (type 'Object') and 't2_a1_gripper_base_link' (type 'Robot link'), which constitute
      [move_group-2] [INFO] [1791435336.586798730] [moveit_collision_detection_fcl.collision_common]: Collision checking is considered complete (collision was found and 0 contacts are stored)
      [move_group-2] [ERROR] [1791435336.587557771] [moveit.ros_planning.planning_pipeline]: Completed listing of explanations for invalid states.
      [move_group-2] [INFO] [1791435336.587810025] [moveit_move_group_default_capabilities.move_action_capability]: Motion plan was found but it seems to be invalid (possibly due to postprocessing). Not executing.
   plan 1: INVALID_MOTION_PLAN 0.6 s n 152 j1 [-26.6, 115.9]
      [move_group-2] [INFO] [1791435337.638415054] [moveit_collision_detection_fcl.collision_common]: Found a contact between 'env_static_map' (type 'Object') and 't2_a1_gripper_base_link' (type 'Robot link'), which constitute
      [move_group-2] [INFO] [1791435337.638431262] [moveit_collision_detection_fcl.collision_common]: Collision checking is considered complete (collision was found and 0 contacts are stored)
      [move_group-2] [INFO] [1791435337.665584718] [moveit_collision_detection_fcl.collision_common]: Found a contact between 'env_static_map' (type 'Object') and 't2_a1_gripper_base_link' (type 'Robot link'), which constitute
      [move_group-2] [INFO] [1791435337.665600711] [moveit_collision_detection_fcl.collision_common]: Collision checking is considered complete (collision was found and 0 contacts are stored)
      [move_group-2] [INFO] [1791435337.677489409] [moveit_collision_detection_fcl.collision_common]: Found a contact between 'env_static_map' (type 'Object') and 't2_a1_left_finger_prox_link' (type 'Robot link'), which consti
      [move_group-2] [INFO] [1791435337.677502987] [moveit_collision_detection_fcl.collision_common]: Collision checking is considered complete (collision was found and 0 contacts are stored)
      [move_group-2] [INFO] [1791435337.678352034] [moveit_collision_detection_fcl.collision_common]: Found a contact between 'env_static_map' (type 'Object') and 't2_a1_left_finger_dist_link' (type 'Robot link'), which consti
      [move_group-2] [INFO] [1791435337.678369146] [moveit_collision_detection_fcl.collision_common]: Collision checking is considered complete (collision was found and 0 contacts are stored)
      [move_group-2] [INFO] [1791435337.686565042] [moveit_collision_detection_fcl.collision_common]: Found a contact between 'env_static_map' (type 'Object') and 't2_a1_left_finger_dist_link' (type 'Robot link'), which consti
      [move_group-2] [INFO] [1791435337.686598397] [moveit_collision_detection_fcl.collision_common]: Collision checking is considered complete (collision was found and 0 contacts are stored)
      [move_group-2] [ERROR] [1791435337.691823448] [moveit.ros_planning.planning_pipeline]: Completed listing of explanations for invalid states.
      [move_group-2] [INFO] [1791435337.692214045] [moveit_move_group_default_capabilities.move_action_capability]: Motion plan was found but it seems to be invalid (possibly due to postprocessing). Not executing.
   plan 2: INVALID_MOTION_PLAN 0.6 s n 138 j1 [-26.5, 117.2]
      [move_group-2] [INFO] [1791435338.353010834] [moveit_collision_detection_fcl.collision_common]: Collision checking is considered complete (collision was found and 0 contacts are stored)
      [move_group-2] [INFO] [1791435338.353020560] [moveit_ros.fix_start_state_collision]: Start state appears to be in collision with respect to group arm_3
      [move_group-2] [INFO] [1791435338.363098942] [moveit_ros.fix_start_state_collision]: Found a valid state near the start state at distance 0.265535 after 0 attempts
      [move_group-2] [INFO] [1791435338.390982703] [moveit.ompl_planning.model_based_planning_context]: Planner configuration 'arm_3' will use planner 'geometric::RRTConnect'. Additional configuration parameters will be set wh
      [move_group-2] [INFO] [1791435338.604108443] [moveit.ros_planning.planning_pipeline]: Planning adapters have added states at index positions: [ 0 ]
      [move_group-2] [ERROR] [1791435338.761203209] [moveit.ros_planning.planning_pipeline]: Computed path is not valid. Invalid states at index locations: [ 0 1 ] out of 138. Explanations follow in command line. Contacts are 
      [move_group-2] [INFO] [1791435338.773962280] [moveit_collision_detection_fcl.collision_common]: Found a contact between 'env_static_map' (type 'Object') and 't2_a1_right_finger_prox_link' (type 'Robot link'), which const
      [move_group-2] [INFO] [1791435338.773998008] [moveit_collision_detection_fcl.collision_common]: Collision checking is considered complete (collision was found and 0 contacts are stored)
      [move_group-2] [INFO] [1791435338.805634380] [moveit_collision_detection_fcl.collision_common]: Found a contact between 'env_static_map' (type 'Object') and 't2_a1_right_finger_prox_link' (type 'Robot link'), which const
      [move_group-2] [INFO] [1791435338.805653092] [moveit_collision_detection_fcl.collision_common]: Collision checking is considered complete (collision was found and 0 contacts are stored)
      [move_group-2] [ERROR] [1791435338.824217226] [moveit.ros_planning.planning_pipeline]: Completed listing of explanations for invalid states.
      [move_group-2] [INFO] [1791435338.824492905] [moveit_move_group_default_capabilities.move_action_capability]: Motion plan was found but it seems to be invalid (possibly due to postprocessing). Not executing.
   plan 3: SUCCESS 0.4 s n 131 j1 [-26.4, 103.7]
      [move_group-2] [INFO] [1791435339.330565309] [moveit_move_group_default_capabilities.move_action_capability]: Received request
      [move_group-2] [INFO] [1791435339.330710396] [moveit_move_group_default_capabilities.move_action_capability]: executing..
      [move_group-2] [INFO] [1791435339.339829421] [moveit_move_group_default_capabilities.move_action_capability]: Planning request received for MoveGroup action. Forwarding to planning pipeline.
      [move_group-2] [INFO] [1791435339.494072609] [moveit_collision_detection_fcl.collision_common]: Found a contact between 'env_static_map' (type 'Object') and 't2_a1_right_finger_prox_link' (type 'Robot link'), which const
      [move_group-2] [INFO] [1791435339.494090668] [moveit_collision_detection_fcl.collision_common]: Collision checking is considered complete (collision was found and 0 contacts are stored)
      [move_group-2] [INFO] [1791435339.494101917] [moveit_ros.fix_start_state_collision]: Start state appears to be in collision with respect to group arm_3
      [move_group-2] [INFO] [1791435339.496648968] [moveit_ros.fix_start_state_collision]: Found a valid state near the start state at distance 0.129059 after 0 attempts
      [move_group-2] [INFO] [1791435339.503582871] [moveit.ompl_planning.model_based_planning_context]: Planner configuration 'arm_3' will use planner 'geometric::RRTConnect'. Additional configuration parameters will be set wh
      [move_group-2] [INFO] [1791435339.629931413] [moveit.ros_planning.planning_pipeline]: Planning adapters have added states at index positions: [ 0 ]
      [move_group-2] [INFO] [1791435339.762601911] [moveit_move_group_default_capabilities.move_action_capability]: Motion plan was computed successfully.
   plan 4: INVALID_MOTION_PLAN 0.5 s n 159 j1 [-26.6, 110.9]
      [move_group-2] [INFO] [1791435340.460899220] [moveit_collision_detection_fcl.collision_common]: Collision checking is considered complete (collision was found and 0 contacts are stored)
      [move_group-2] [INFO] [1791435340.460930234] [moveit_ros.fix_start_state_collision]: Start state appears to be in collision with respect to group arm_3
      [move_group-2] [INFO] [1791435340.473073460] [moveit_ros.fix_start_state_collision]: Found a valid state near the start state at distance 0.133918 after 0 attempts
      [move_group-2] [INFO] [1791435340.503145891] [moveit.ompl_planning.model_based_planning_context]: Planner configuration 'arm_3' will use planner 'geometric::RRTConnect'. Additional configuration parameters will be set wh
      [move_group-2] [INFO] [1791435340.605796346] [moveit.ros_planning.planning_pipeline]: Planning adapters have added states at index positions: [ 0 ]
      [move_group-2] [ERROR] [1791435340.718110687] [moveit.ros_planning.planning_pipeline]: Computed path is not valid. Invalid states at index locations: [ 0 1 ] out of 159. Explanations follow in command line. Contacts are 
      [move_group-2] [INFO] [1791435340.731591330] [moveit_collision_detection_fcl.collision_common]: Found a contact between 'env_static_map' (type 'Object') and 't2_a1_right_finger_prox_link' (type 'Robot link'), which const
      [move_group-2] [INFO] [1791435340.731607947] [moveit_collision_detection_fcl.collision_common]: Collision checking is considered complete (collision was found and 0 contacts are stored)
      [move_group-2] [INFO] [1791435340.763358545] [moveit_collision_detection_fcl.collision_common]: Found a contact between 'env_static_map' (type 'Object') and 't2_a1_right_finger_prox_link' (type 'Robot link'), which const
      [move_group-2] [INFO] [1791435340.763378452] [moveit_collision_detection_fcl.collision_common]: Collision checking is considered complete (collision was found and 0 contacts are stored)
      [move_group-2] [ERROR] [1791435340.781719740] [moveit.ros_planning.planning_pipeline]: Completed listing of explanations for invalid states.
      [move_group-2] [INFO] [1791435340.782019040] [moveit_move_group_default_capabilities.move_action_capability]: Motion plan was found but it seems to be invalid (possibly due to postprocessing). Not executing.
scene objects ['env_static_map']
== hw_s0_+103.7 arm_3 [103.7, 16.2, 48.9, 89.5, -32.7, -87.2]
   start {'valid': False, 'contacts': ['t2_a1_right_finger_prox_link|env_static_map']}
   rest  {'valid': True, 'contacts': []}
   plan 0: INVALID_MOTION_PLAN 1.3 s n 135 j1 [-26.4, 114.2]
      [move_group-2] [INFO] [1791435342.100576988] [moveit_collision_detection_fcl.collision_common]: Collision checking is considered complete (collision was found and 0 contacts are stored)
      [move_group-2] [INFO] [1791435342.100589446] [moveit_ros.fix_start_state_collision]: Start state appears to be in collision with respect to group arm_3
      [move_group-2] [INFO] [1791435342.111343672] [moveit_ros.fix_start_state_collision]: Found a valid state near the start state at distance 0.217083 after 0 attempts
      [move_group-2] [INFO] [1791435342.139419966] [moveit.ompl_planning.model_based_planning_context]: Planner configuration 'arm_3' will use planner 'geometric::RRTConnect'. Additional configuration parameters will be set wh
      [move_group-2] [INFO] [1791435342.579935980] [moveit.ros_planning.planning_pipeline]: Planning adapters have added states at index positions: [ 0 ]
      [move_group-2] [ERROR] [1791435343.241539856] [moveit.ros_planning.planning_pipeline]: Computed path is not valid. Invalid states at index locations: [ 0 1 ] out of 135. Explanations follow in command line. Contacts are 
      [move_group-2] [INFO] [1791435343.254702910] [moveit_collision_detection_fcl.collision_common]: Found a contact between 'env_static_map' (type 'Object') and 't2_a1_right_finger_prox_link' (type 'Robot link'), which const
      [move_group-2] [INFO] [1791435343.254719495] [moveit_collision_detection_fcl.collision_common]: Collision checking is considered complete (collision was found and 0 contacts are stored)
      [move_group-2] [INFO] [1791435343.286408952] [moveit_collision_detection_fcl.collision_common]: Found a contact between 'env_static_map' (type 'Object') and 't2_a1_right_finger_prox_link' (type 'Robot link'), which const
      [move_group-2] [INFO] [1791435343.286427133] [moveit_collision_detection_fcl.collision_common]: Collision checking is considered complete (collision was found and 0 contacts are stored)
      [move_group-2] [ERROR] [1791435343.305821281] [moveit.ros_planning.planning_pipeline]: Completed listing of explanations for invalid states.
      [move_group-2] [INFO] [1791435343.306208842] [moveit_move_group_default_capabilities.move_action_capability]: Motion plan was found but it seems to be invalid (possibly due to postprocessing). Not executing.
   plan 1: SUCCESS 0.6 s n 150 j1 [-26.6, 103.7]
      [move_group-2] [INFO] [1791435343.812273645] [moveit_move_group_default_capabilities.move_action_capability]: Received request
      [move_group-2] [INFO] [1791435343.812372207] [moveit_move_group_default_capabilities.move_action_capability]: executing..
      [move_group-2] [INFO] [1791435343.819784372] [moveit_move_group_default_capabilities.move_action_capability]: Planning request received for MoveGroup action. Forwarding to planning pipeline.
      [move_group-2] [INFO] [1791435343.975306609] [moveit_collision_detection_fcl.collision_common]: Found a contact between 'env_static_map' (type 'Object') and 't2_a1_right_finger_prox_link' (type 'Robot link'), which const
      [move_group-2] [INFO] [1791435343.975326548] [moveit_collision_detection_fcl.collision_common]: Collision checking is considered complete (collision was found and 0 contacts are stored)
      [move_group-2] [INFO] [1791435343.975337696] [moveit_ros.fix_start_state_collision]: Start state appears to be in collision with respect to group arm_3
      [move_group-2] [INFO] [1791435343.985164892] [moveit_ros.fix_start_state_collision]: Found a valid state near the start state at distance 0.706970 after 1 attempts
      [move_group-2] [INFO] [1791435343.991896479] [moveit.ompl_planning.model_based_planning_context]: Planner configuration 'arm_3' will use planner 'geometric::RRTConnect'. Additional configuration parameters will be set wh
      [move_group-2] [INFO] [1791435344.182393397] [moveit.ros_planning.planning_pipeline]: Planning adapters have added states at index positions: [ 0 ]
      [move_group-2] [INFO] [1791435344.354825132] [moveit_move_group_default_capabilities.move_action_capability]: Motion plan was computed successfully.
   plan 2: INVALID_MOTION_PLAN 1.1 s n 136 j1 [-26.4, 109.6]
      [move_group-2] [INFO] [1791435345.027953874] [moveit_collision_detection_fcl.collision_common]: Collision checking is considered complete (collision was found and 0 contacts are stored)
      [move_group-2] [INFO] [1791435345.027965147] [moveit_ros.fix_start_state_collision]: Start state appears to be in collision with respect to group arm_3
      [move_group-2] [INFO] [1791435345.053441893] [moveit_ros.fix_start_state_collision]: Found a valid state near the start state at distance 0.546155 after 2 attempts
      [move_group-2] [INFO] [1791435345.080470826] [moveit.ompl_planning.model_based_planning_context]: Planner configuration 'arm_3' will use planner 'geometric::RRTConnect'. Additional configuration parameters will be set wh
      [move_group-2] [INFO] [1791435345.411366087] [moveit.ros_planning.planning_pipeline]: Planning adapters have added states at index positions: [ 0 ]
      [move_group-2] [ERROR] [1791435345.904417287] [moveit.ros_planning.planning_pipeline]: Computed path is not valid. Invalid states at index locations: [ 0 1 ] out of 136. Explanations follow in command line. Contacts are 
      [move_group-2] [INFO] [1791435345.917365553] [moveit_collision_detection_fcl.collision_common]: Found a contact between 'env_static_map' (type 'Object') and 't2_a1_right_finger_prox_link' (type 'Robot link'), which const
      [move_group-2] [INFO] [1791435345.917381168] [moveit_collision_detection_fcl.collision_common]: Collision checking is considered complete (collision was found and 0 contacts are stored)
      [move_group-2] [INFO] [1791435345.949182577] [moveit_collision_detection_fcl.collision_common]: Found a contact between 'env_static_map' (type 'Object') and 't2_a1_right_finger_prox_link' (type 'Robot link'), which const
      [move_group-2] [INFO] [1791435345.949201600] [moveit_collision_detection_fcl.collision_common]: Collision checking is considered complete (collision was found and 0 contacts are stored)
      [move_group-2] [ERROR] [1791435345.967696759] [moveit.ros_planning.planning_pipeline]: Completed listing of explanations for invalid states.
      [move_group-2] [INFO] [1791435345.967990202] [moveit_move_group_default_capabilities.move_action_capability]: Motion plan was found but it seems to be invalid (possibly due to postprocessing). Not executing.
   plan 3: SUCCESS 0.4 s n 144 j1 [-26.5, 103.7]
      [move_group-2] [INFO] [1791435346.474178289] [moveit_move_group_default_capabilities.move_action_capability]: Received request
      [move_group-2] [INFO] [1791435346.474335095] [moveit_move_group_default_capabilities.move_action_capability]: executing..
      [move_group-2] [INFO] [1791435346.479862657] [moveit_move_group_default_capabilities.move_action_capability]: Planning request received for MoveGroup action. Forwarding to planning pipeline.
      [move_group-2] [INFO] [1791435346.654326271] [moveit_collision_detection_fcl.collision_common]: Found a contact between 'env_static_map' (type 'Object') and 't2_a1_right_finger_prox_link' (type 'Robot link'), which const
      [move_group-2] [INFO] [1791435346.654345443] [moveit_collision_detection_fcl.collision_common]: Collision checking is considered complete (collision was found and 0 contacts are stored)
      [move_group-2] [INFO] [1791435346.654356568] [moveit_ros.fix_start_state_collision]: Start state appears to be in collision with respect to group arm_3
      [move_group-2] [INFO] [1791435346.659726448] [moveit_ros.fix_start_state_collision]: Found a valid state near the start state at distance 0.098248 after 0 attempts
      [move_group-2] [INFO] [1791435346.671563673] [moveit.ompl_planning.model_based_planning_context]: Planner configuration 'arm_3' will use planner 'geometric::RRTConnect'. Additional configuration parameters will be set wh
      [move_group-2] [INFO] [1791435346.778487404] [moveit.ros_planning.planning_pipeline]: Planning adapters have added states at index positions: [ 0 ]
      [move_group-2] [INFO] [1791435346.833160887] [moveit_move_group_default_capabilities.move_action_capability]: Motion plan was computed successfully.
   plan 4: SUCCESS 0.4 s n 129 j1 [-26.5, 103.7]
      [move_group-2] [INFO] [1791435347.339075979] [moveit_move_group_default_capabilities.move_action_capability]: Received request
      [move_group-2] [INFO] [1791435347.339204710] [moveit_move_group_default_capabilities.move_action_capability]: executing..
      [move_group-2] [INFO] [1791435347.339821566] [moveit_move_group_default_capabilities.move_action_capability]: Planning request received for MoveGroup action. Forwarding to planning pipeline.
      [move_group-2] [INFO] [1791435347.496509218] [moveit_collision_detection_fcl.collision_common]: Found a contact between 'env_static_map' (type 'Object') and 't2_a1_right_finger_prox_link' (type 'Robot link'), which const
      [move_group-2] [INFO] [1791435347.496529459] [moveit_collision_detection_fcl.collision_common]: Collision checking is considered complete (collision was found and 0 contacts are stored)
      [move_group-2] [INFO] [1791435347.496540861] [moveit_ros.fix_start_state_collision]: Start state appears to be in collision with respect to group arm_3
      [move_group-2] [INFO] [1791435347.507532011] [moveit_ros.fix_start_state_collision]: Found a valid state near the start state at distance 1.122308 after 1 attempts
      [move_group-2] [INFO] [1791435347.514423209] [moveit.ompl_planning.model_based_planning_context]: Planner configuration 'arm_3' will use planner 'geometric::RRTConnect'. Additional configuration parameters will be set wh
      [move_group-2] [INFO] [1791435347.667527964] [moveit.ros_planning.planning_pipeline]: Planning adapters have added states at index positions: [ 0 ]
      [move_group-2] [INFO] [1791435347.773964823] [moveit_move_group_default_capabilities.move_action_capability]: Motion plan was computed successfully.
scene objects ['env_static_map']
== hw_s0_+103.7 arm_3 [103.7, 16.2, 48.9, 89.5, -32.7, -87.2]
   start {'valid': False, 'contacts': ['t2_a1_right_finger_prox_link|env_static_map']}
   rest  {'valid': True, 'contacts': []}
   plan 0: INVALID_MOTION_PLAN 0.5 s n 178 j1 [-26.4, 116.3]
      [move_group-2] [INFO] [1791435349.081380053] [moveit_ros.fix_start_state_collision]: Found a valid state near the start state at distance 0.225071 after 0 attempts
      [move_group-2] [INFO] [1791435349.109942282] [moveit.ompl_planning.model_based_planning_context]: Planner configuration 'arm_3' will use planner 'geometric::RRTConnect'. Additional configuration parameters will be set wh
      [move_group-2] [INFO] [1791435349.229157118] [moveit.ros_planning.planning_pipeline]: Planning adapters have added states at index positions: [ 0 ]
      [move_group-2] [ERROR] [1791435349.450771713] [moveit.ros_planning.planning_pipeline]: Computed path is not valid. Invalid states at index locations: [ 0 1 2 ] out of 178. Explanations follow in command line. Contacts ar
      [move_group-2] [INFO] [1791435349.463832993] [moveit_collision_detection_fcl.collision_common]: Found a contact between 'env_static_map' (type 'Object') and 't2_a1_right_finger_prox_link' (type 'Robot link'), which const
      [move_group-2] [INFO] [1791435349.463850157] [moveit_collision_detection_fcl.collision_common]: Collision checking is considered complete (collision was found and 0 contacts are stored)
      [move_group-2] [INFO] [1791435349.495009539] [moveit_collision_detection_fcl.collision_common]: Found a contact between 'env_static_map' (type 'Object') and 't2_a1_right_finger_prox_link' (type 'Robot link'), which const
      [move_group-2] [INFO] [1791435349.495027957] [moveit_collision_detection_fcl.collision_common]: Collision checking is considered complete (collision was found and 0 contacts are stored)
      [move_group-2] [INFO] [1791435349.526386765] [moveit_collision_detection_fcl.collision_common]: Found a contact between 'env_static_map' (type 'Object') and 't2_a1_right_finger_prox_link' (type 'Robot link'), which const
      [move_group-2] [INFO] [1791435349.526405767] [moveit_collision_detection_fcl.collision_common]: Collision checking is considered complete (collision was found and 0 contacts are stored)
      [move_group-2] [ERROR] [1791435349.543997630] [moveit.ros_planning.planning_pipeline]: Completed listing of explanations for invalid states.
      [move_group-2] [INFO] [1791435349.544286700] [moveit_move_group_default_capabilities.move_action_capability]: Motion plan was found but it seems to be invalid (possibly due to postprocessing). Not executing.
   plan 1: SUCCESS 0.3 s n 140 j1 [-26.4, 103.7]
      [move_group-2] [INFO] [1791435350.050534018] [moveit_move_group_default_capabilities.move_action_capability]: Received request
      [move_group-2] [INFO] [1791435350.050671043] [moveit_move_group_default_capabilities.move_action_capability]: executing..
      [move_group-2] [INFO] [1791435350.059817366] [moveit_move_group_default_capabilities.move_action_capability]: Planning request received for MoveGroup action. Forwarding to planning pipeline.
      [move_group-2] [INFO] [1791435350.211996568] [moveit_collision_detection_fcl.collision_common]: Found a contact between 'env_static_map' (type 'Object') and 't2_a1_right_finger_prox_link' (type 'Robot link'), which const
      [move_group-2] [INFO] [1791435350.212016590] [moveit_collision_detection_fcl.collision_common]: Collision checking is considered complete (collision was found and 0 contacts are stored)
      [move_group-2] [INFO] [1791435350.212026683] [moveit_ros.fix_start_state_collision]: Start state appears to be in collision with respect to group arm_3
      [move_group-2] [INFO] [1791435350.214598658] [moveit_ros.fix_start_state_collision]: Found a valid state near the start state at distance 0.147949 after 0 attempts
      [move_group-2] [INFO] [1791435350.221600658] [moveit.ompl_planning.model_based_planning_context]: Planner configuration 'arm_3' will use planner 'geometric::RRTConnect'. Additional configuration parameters will be set wh
      [move_group-2] [INFO] [1791435350.311127296] [moveit.ros_planning.planning_pipeline]: Planning adapters have added states at index positions: [ 0 ]
      [move_group-2] [INFO] [1791435350.368204967] [moveit_move_group_default_capabilities.move_action_capability]: Motion plan was computed successfully.
   plan 2: INVALID_MOTION_PLAN 0.7 s n 142 j1 [-26.6, 106.7]
      [move_group-2] [INFO] [1791435351.055537596] [moveit_ros.fix_start_state_collision]: Found a valid state near the start state at distance 0.069221 after 0 attempts
      [move_group-2] [INFO] [1791435351.096502405] [moveit.ompl_planning.model_based_planning_context]: Planner configuration 'arm_3' will use planner 'geometric::RRTConnect'. Additional configuration parameters will be set wh
      [move_group-2] [INFO] [1791435351.304145391] [moveit.ros_planning.planning_pipeline]: Planning adapters have added states at index positions: [ 0 ]
      [move_group-2] [ERROR] [1791435351.451075468] [moveit.ros_planning.planning_pipeline]: Computed path is not valid. Invalid states at index locations: [ 0 1 2 ] out of 142. Explanations follow in command line. Contacts ar
      [move_group-2] [INFO] [1791435351.464645545] [moveit_collision_detection_fcl.collision_common]: Found a contact between 'env_static_map' (type 'Object') and 't2_a1_right_finger_prox_link' (type 'Robot link'), which const
      [move_group-2] [INFO] [1791435351.464682426] [moveit_collision_detection_fcl.collision_common]: Collision checking is considered complete (collision was found and 0 contacts are stored)
      [move_group-2] [INFO] [1791435351.496981248] [moveit_collision_detection_fcl.collision_common]: Found a contact between 'env_static_map' (type 'Object') and 't2_a1_right_finger_prox_link' (type 'Robot link'), which const
      [move_group-2] [INFO] [1791435351.497018223] [moveit_collision_detection_fcl.collision_common]: Collision checking is considered complete (collision was found and 0 contacts are stored)
      [move_group-2] [INFO] [1791435351.529190141] [moveit_collision_detection_fcl.collision_common]: Found a contact between 'env_static_map' (type 'Object') and 't2_a1_right_finger_prox_link' (type 'Robot link'), which const
      [move_group-2] [INFO] [1791435351.529208786] [moveit_collision_detection_fcl.collision_common]: Collision checking is considered complete (collision was found and 0 contacts are stored)
      [move_group-2] [ERROR] [1791435351.547899757] [moveit.ros_planning.planning_pipeline]: Completed listing of explanations for invalid states.
      [move_group-2] [INFO] [1791435351.548202834] [moveit_move_group_default_capabilities.move_action_capability]: Motion plan was found but it seems to be invalid (possibly due to postprocessing). Not executing.
   plan 3: INVALID_MOTION_PLAN 0.6 s n 167 j1 [-26.6, 110.5]
      [move_group-2] [INFO] [1791435352.121031867] [moveit_ros.fix_start_state_collision]: Found a valid state near the start state at distance 0.149027 after 0 attempts
      [move_group-2] [INFO] [1791435352.152103747] [moveit.ompl_planning.model_based_planning_context]: Planner configuration 'arm_3' will use planner 'geometric::RRTConnect'. Additional configuration parameters will be set wh
      [move_group-2] [INFO] [1791435352.338984769] [moveit.ros_planning.planning_pipeline]: Planning adapters have added states at index positions: [ 0 ]
      [move_group-2] [ERROR] [1791435352.505384029] [moveit.ros_planning.planning_pipeline]: Computed path is not valid. Invalid states at index locations: [ 0 1 2 ] out of 167. Explanations follow in command line. Contacts ar
      [move_group-2] [INFO] [1791435352.518127818] [moveit_collision_detection_fcl.collision_common]: Found a contact between 'env_static_map' (type 'Object') and 't2_a1_right_finger_prox_link' (type 'Robot link'), which const
      [move_group-2] [INFO] [1791435352.518144139] [moveit_collision_detection_fcl.collision_common]: Collision checking is considered complete (collision was found and 0 contacts are stored)
      [move_group-2] [INFO] [1791435352.550181730] [moveit_collision_detection_fcl.collision_common]: Found a contact between 'env_static_map' (type 'Object') and 't2_a1_right_finger_prox_link' (type 'Robot link'), which const
      [move_group-2] [INFO] [1791435352.550198673] [moveit_collision_detection_fcl.collision_common]: Collision checking is considered complete (collision was found and 0 contacts are stored)
      [move_group-2] [INFO] [1791435352.581174737] [moveit_collision_detection_fcl.collision_common]: Found a contact between 'env_static_map' (type 'Object') and 't2_a1_right_finger_prox_link' (type 'Robot link'), which const
      [move_group-2] [INFO] [1791435352.581213034] [moveit_collision_detection_fcl.collision_common]: Collision checking is considered complete (collision was found and 0 contacts are stored)
      [move_group-2] [ERROR] [1791435352.599385783] [moveit.ros_planning.planning_pipeline]: Completed listing of explanations for invalid states.
      [move_group-2] [INFO] [1791435352.599898051] [moveit_move_group_default_capabilities.move_action_capability]: Motion plan was found but it seems to be invalid (possibly due to postprocessing). Not executing.
   plan 4: INVALID_MOTION_PLAN 0.5 s n 158 j1 [-26.8, 108.2]
      [move_group-2] [INFO] [1791435353.179790074] [moveit_ros.fix_start_state_collision]: Found a valid state near the start state at distance 0.101126 after 0 attempts
      [move_group-2] [INFO] [1791435353.222913220] [moveit.ompl_planning.model_based_planning_context]: Planner configuration 'arm_3' will use planner 'geometric::RRTConnect'. Additional configuration parameters will be set wh
      [move_group-2] [INFO] [1791435353.380699144] [moveit.ros_planning.planning_pipeline]: Planning adapters have added states at index positions: [ 0 ]
      [move_group-2] [ERROR] [1791435353.509334470] [moveit.ros_planning.planning_pipeline]: Computed path is not valid. Invalid states at index locations: [ 0 1 2 ] out of 158. Explanations follow in command line. Contacts ar
      [move_group-2] [INFO] [1791435353.522485647] [moveit_collision_detection_fcl.collision_common]: Found a contact between 'env_static_map' (type 'Object') and 't2_a1_right_finger_prox_link' (type 'Robot link'), which const
      [move_group-2] [INFO] [1791435353.522502545] [moveit_collision_detection_fcl.collision_common]: Collision checking is considered complete (collision was found and 0 contacts are stored)
      [move_group-2] [INFO] [1791435353.554038443] [moveit_collision_detection_fcl.collision_common]: Found a contact between 'env_static_map' (type 'Object') and 't2_a1_right_finger_prox_link' (type 'Robot link'), which const
      [move_group-2] [INFO] [1791435353.554056582] [moveit_collision_detection_fcl.collision_common]: Collision checking is considered complete (collision was found and 0 contacts are stored)
      [move_group-2] [INFO] [1791435353.586512926] [moveit_collision_detection_fcl.collision_common]: Found a contact between 'env_static_map' (type 'Object') and 't2_a1_right_finger_prox_link' (type 'Robot link'), which const
      [move_group-2] [INFO] [1791435353.586530807] [moveit_collision_detection_fcl.collision_common]: Collision checking is considered complete (collision was found and 0 contacts are stored)
      [move_group-2] [ERROR] [1791435353.605129163] [moveit.ros_planning.planning_pipeline]: Completed listing of explanations for invalid states.
      [move_group-2] [INFO] [1791435353.605419401] [moveit_move_group_default_capabilities.move_action_capability]: Motion plan was found but it seems to be invalid (possibly due to postprocessing). Not executing.
scene objects ['env_static_map']
== hw_s0_+103.7 arm_3 [103.7, 16.2, 48.9, 89.5, -32.7, -87.2]
   start {'valid': False, 'contacts': ['t2_a1_right_finger_prox_link|env_static_map']}
   rest  {'valid': True, 'contacts': []}
   plan 0: SUCCESS 0.3 s n 154 j1 [-26.4, 103.7]
      [move_group-2] [INFO] [1791435355.872043160] [moveit_move_group_default_capabilities.move_action_capability]: Received request
      [move_group-2] [INFO] [1791435355.872193084] [moveit_move_group_default_capabilities.move_action_capability]: executing..
      [move_group-2] [INFO] [1791435355.879800946] [moveit_move_group_default_capabilities.move_action_capability]: Planning request received for MoveGroup action. Forwarding to planning pipeline.
      [move_group-2] [INFO] [1791435356.033796549] [moveit_collision_detection_fcl.collision_common]: Found a contact between 'env_static_map' (type 'Object') and 't2_a1_right_finger_prox_link' (type 'Robot link'), which const
      [move_group-2] [INFO] [1791435356.033820142] [moveit_collision_detection_fcl.collision_common]: Collision checking is considered complete (collision was found and 0 contacts are stored)
      [move_group-2] [INFO] [1791435356.033829983] [moveit_ros.fix_start_state_collision]: Start state appears to be in collision with respect to group arm_3
      [move_group-2] [INFO] [1791435356.035287388] [moveit_ros.fix_start_state_collision]: Found a valid state near the start state at distance 0.210893 after 0 attempts
      [move_group-2] [INFO] [1791435356.042094963] [moveit.ompl_planning.model_based_planning_context]: Planner configuration 'arm_3' will use planner 'geometric::RRTConnect'. Additional configuration parameters will be set wh
      [move_group-2] [INFO] [1791435356.147964788] [moveit.ros_planning.planning_pipeline]: Planning adapters have added states at index positions: [ 0 ]
      [move_group-2] [INFO] [1791435356.219093568] [moveit_move_group_default_capabilities.move_action_capability]: Motion plan was computed successfully.
   plan 1: SUCCESS 0.3 s n 150 j1 [-26.4, 103.7]
      [move_group-2] [INFO] [1791435356.725386136] [moveit_move_group_default_capabilities.move_action_capability]: Received request
      [move_group-2] [INFO] [1791435356.725537325] [moveit_move_group_default_capabilities.move_action_capability]: executing..
      [move_group-2] [INFO] [1791435356.729782716] [moveit_move_group_default_capabilities.move_action_capability]: Planning request received for MoveGroup action. Forwarding to planning pipeline.
      [move_group-2] [INFO] [1791435356.884701141] [moveit_collision_detection_fcl.collision_common]: Found a contact between 'env_static_map' (type 'Object') and 't2_a1_right_finger_prox_link' (type 'Robot link'), which const
      [move_group-2] [INFO] [1791435356.884721754] [moveit_collision_detection_fcl.collision_common]: Collision checking is considered complete (collision was found and 0 contacts are stored)
      [move_group-2] [INFO] [1791435356.884732169] [moveit_ros.fix_start_state_collision]: Start state appears to be in collision with respect to group arm_3
      [move_group-2] [INFO] [1791435356.887228271] [moveit_ros.fix_start_state_collision]: Found a valid state near the start state at distance 0.313785 after 0 attempts
      [move_group-2] [INFO] [1791435356.893961713] [moveit.ompl_planning.model_based_planning_context]: Planner configuration 'arm_3' will use planner 'geometric::RRTConnect'. Additional configuration parameters will be set wh
      [move_group-2] [INFO] [1791435356.955668048] [moveit.ros_planning.planning_pipeline]: Planning adapters have added states at index positions: [ 0 ]
      [move_group-2] [INFO] [1791435357.004985273] [moveit_move_group_default_capabilities.move_action_capability]: Motion plan was computed successfully.
   plan 2: INVALID_MOTION_PLAN 0.5 s n 136 j1 [-26.6, 107.9]
      [move_group-2] [INFO] [1791435357.591758197] [moveit_ros.fix_start_state_collision]: Found a valid state near the start state at distance 0.094409 after 0 attempts
      [move_group-2] [INFO] [1791435357.635031290] [moveit.ompl_planning.model_based_planning_context]: Planner configuration 'arm_3' will use planner 'geometric::RRTConnect'. Additional configuration parameters will be set wh
      [move_group-2] [INFO] [1791435357.769910402] [moveit.ros_planning.planning_pipeline]: Planning adapters have added states at index positions: [ 0 ]
      [move_group-2] [ERROR] [1791435357.938855172] [moveit.ros_planning.planning_pipeline]: Computed path is not valid. Invalid states at index locations: [ 0 1 2 ] out of 136. Explanations follow in command line. Contacts ar
      [move_group-2] [INFO] [1791435357.952636617] [moveit_collision_detection_fcl.collision_common]: Found a contact between 'env_static_map' (type 'Object') and 't2_a1_right_finger_prox_link' (type 'Robot link'), which const
      [move_group-2] [INFO] [1791435357.952653581] [moveit_collision_detection_fcl.collision_common]: Collision checking is considered complete (collision was found and 0 contacts are stored)
      [move_group-2] [INFO] [1791435357.985441671] [moveit_collision_detection_fcl.collision_common]: Found a contact between 'env_static_map' (type 'Object') and 't2_a1_right_finger_prox_link' (type 'Robot link'), which const
      [move_group-2] [INFO] [1791435357.985459350] [moveit_collision_detection_fcl.collision_common]: Collision checking is considered complete (collision was found and 0 contacts are stored)
      [move_group-2] [INFO] [1791435358.017745859] [moveit_collision_detection_fcl.collision_common]: Found a contact between 'env_static_map' (type 'Object') and 't2_a1_right_finger_prox_link' (type 'Robot link'), which const
      [move_group-2] [INFO] [1791435358.017766787] [moveit_collision_detection_fcl.collision_common]: Collision checking is considered complete (collision was found and 0 contacts are stored)
      [move_group-2] [ERROR] [1791435358.037301667] [moveit.ros_planning.planning_pipeline]: Completed listing of explanations for invalid states.
      [move_group-2] [INFO] [1791435358.037518676] [moveit_move_group_default_capabilities.move_action_capability]: Motion plan was found but it seems to be invalid (possibly due to postprocessing). Not executing.
   plan 3: INVALID_MOTION_PLAN 0.6 s n 182 j1 [-26.6, 114.5]
      [move_group-2] [INFO] [1791435358.718620447] [moveit_ros.fix_start_state_collision]: Found a valid state near the start state at distance 0.193003 after 0 attempts
      [move_group-2] [INFO] [1791435358.747305908] [moveit.ompl_planning.model_based_planning_context]: Planner configuration 'arm_3' will use planner 'geometric::RRTConnect'. Additional configuration parameters will be set wh
      [move_group-2] [INFO] [1791435358.886002984] [moveit.ros_planning.planning_pipeline]: Planning adapters have added states at index positions: [ 0 ]
      [move_group-2] [ERROR] [1791435359.045961116] [moveit.ros_planning.planning_pipeline]: Computed path is not valid. Invalid states at index locations: [ 0 1 2 ] out of 182. Explanations follow in command line. Contacts ar
      [move_group-2] [INFO] [1791435359.059963056] [moveit_collision_detection_fcl.collision_common]: Found a contact between 'env_static_map' (type 'Object') and 't2_a1_right_finger_prox_link' (type 'Robot link'), which const
      [move_group-2] [INFO] [1791435359.059998058] [moveit_collision_detection_fcl.collision_common]: Collision checking is considered complete (collision was found and 0 contacts are stored)
      [move_group-2] [INFO] [1791435359.093252770] [moveit_collision_detection_fcl.collision_common]: Found a contact between 'env_static_map' (type 'Object') and 't2_a1_right_finger_prox_link' (type 'Robot link'), which const
      [move_group-2] [INFO] [1791435359.093272194] [moveit_collision_detection_fcl.collision_common]: Collision checking is considered complete (collision was found and 0 contacts are stored)
      [move_group-2] [INFO] [1791435359.124562707] [moveit_collision_detection_fcl.collision_common]: Found a contact between 'env_static_map' (type 'Object') and 't2_a1_right_finger_prox_link' (type 'Robot link'), which const
      [move_group-2] [INFO] [1791435359.124580951] [moveit_collision_detection_fcl.collision_common]: Collision checking is considered complete (collision was found and 0 contacts are stored)
      [move_group-2] [ERROR] [1791435359.143831815] [moveit.ros_planning.planning_pipeline]: Completed listing of explanations for invalid states.
      [move_group-2] [INFO] [1791435359.144084592] [moveit_move_group_default_capabilities.move_action_capability]: Motion plan was found but it seems to be invalid (possibly due to postprocessing). Not executing.
   plan 4: INVALID_MOTION_PLAN 0.6 s n 170 j1 [-26.5, 107.9]
      [move_group-2] [INFO] [1791435359.830621001] [moveit_ros.fix_start_state_collision]: Found a valid state near the start state at distance 0.095773 after 0 attempts
      [move_group-2] [INFO] [1791435359.873349630] [moveit.ompl_planning.model_based_planning_context]: Planner configuration 'arm_3' will use planner 'geometric::RRTConnect'. Additional configuration parameters will be set wh
      [move_group-2] [INFO] [1791435359.986616363] [moveit.ros_planning.planning_pipeline]: Planning adapters have added states at index positions: [ 0 ]
      [move_group-2] [ERROR] [1791435360.105390631] [moveit.ros_planning.planning_pipeline]: Computed path is not valid. Invalid states at index locations: [ 0 1 2 ] out of 170. Explanations follow in command line. Contacts ar
      [move_group-2] [INFO] [1791435360.118064087] [moveit_collision_detection_fcl.collision_common]: Found a contact between 'env_static_map' (type 'Object') and 't2_a1_right_finger_prox_link' (type 'Robot link'), which const
      [move_group-2] [INFO] [1791435360.118079508] [moveit_collision_detection_fcl.collision_common]: Collision checking is considered complete (collision was found and 0 contacts are stored)
      [move_group-2] [INFO] [1791435360.150009100] [moveit_collision_detection_fcl.collision_common]: Found a contact between 'env_static_map' (type 'Object') and 't2_a1_right_finger_prox_link' (type 'Robot link'), which const
      [move_group-2] [INFO] [1791435360.150024811] [moveit_collision_detection_fcl.collision_common]: Collision checking is considered complete (collision was found and 0 contacts are stored)
      [move_group-2] [INFO] [1791435360.181151141] [moveit_collision_detection_fcl.collision_common]: Found a contact between 'env_static_map' (type 'Object') and 't2_a1_right_finger_prox_link' (type 'Robot link'), which const
      [move_group-2] [INFO] [1791435360.181169517] [moveit_collision_detection_fcl.collision_common]: Collision checking is considered complete (collision was found and 0 contacts are stored)
      [move_group-2] [ERROR] [1791435360.199334771] [moveit.ros_planning.planning_pipeline]: Completed listing of explanations for invalid states.
      [move_group-2] [INFO] [1791435360.199733167] [moveit_move_group_default_capabilities.move_action_capability]: Motion plan was found but it seems to be invalid (possibly due to postprocessing). Not executing.
