OK   v28_plans.jsonl.gz#1 plan n 119 CLEAR 622.731 / CLEAR 622.731 52.08->2.52s
OK   v28_plans.jsonl.gz#1 retract n 60 CLEAR 622.731 / CLEAR 622.731 28.47->2.41s
OK   v28_plans.jsonl.gz#5 plan n 127 CLEAR 622.731 / CLEAR 622.731 64.02->3.25s
OK   v28_plans.jsonl.gz#5 retract n 60 CLEAR 622.731 / CLEAR 622.731 27.30->2.14s
OK   v28_plans.jsonl.gz#9 plan n 128 CLEAR 622.731 / CLEAR 622.731 66.41->3.08s
OK   v28_plans.jsonl.gz#9 retract n 60 CLEAR 622.731 / CLEAR 622.731 31.67->3.03s
OK   v28_plans.jsonl.gz#13 plan n 117 CLEAR 622.731 / CLEAR 622.731 57.97->2.16s
OK   v28_plans.jsonl.gz#13 retract n 60 CLEAR 622.731 / CLEAR 622.731 27.45->1.83s
OK   v28_plans.jsonl.gz#17 plan n 126 CLEAR 609.810 / CLEAR 609.810 56.79->4.37s
OK   v28_plans.jsonl.gz#17 retract n 60 CLEAR 609.880 / CLEAR 609.880 29.95->3.73s
OK   v28_plans.jsonl.gz#21 plan n 129 CLEAR 521.463 / CLEAR 521.463 59.17->3.76s
OK   v28_plans.jsonl.gz#21 retract n 60 CLEAR 521.530 / CLEAR 521.530 27.88->3.60s
OK   v28_plans.jsonl.gz#25 plan n 126 CLEAR 622.731 / CLEAR 622.731 58.89->2.53s
OK   v28_plans.jsonl.gz#25 retract n 60 CLEAR 622.731 / CLEAR 622.731 28.38->2.31s
OK   v28_plans.jsonl.gz#29 plan n 115 CLEAR 622.731 / CLEAR 622.731 52.86->2.01s
OK   v28_plans.jsonl.gz#29 retract n 60 CLEAR 622.731 / CLEAR 622.731 26.65->2.10s
OK   v28_plans.jsonl.gz#33 plan n 118 CLEAR 595.727 / CLEAR 595.727 53.61->3.23s
OK   v28_plans.jsonl.gz#33 retract n 60 CLEAR 595.759 / CLEAR 595.759 24.41->2.52s
OK   v28_plans.jsonl.gz#37 plan n 118 CLEAR 622.731 / CLEAR 622.731 47.51->1.57s
OK   v28_plans.jsonl.gz#37 retract n 60 CLEAR 622.731 / CLEAR 622.731 23.72->1.74s
OK   v28_plans.jsonl.gz#41 plan n 118 CLEAR 622.731 / CLEAR 622.731 46.33->1.87s
OK   v28_plans.jsonl.gz#41 retract n 60 CLEAR 622.731 / CLEAR 622.731 23.16->1.78s
OK   v28_plans.jsonl.gz#45 plan n 124 CLEAR 425.532 / CLEAR 425.532 47.42->2.15s
OK   v28_plans.jsonl.gz#45 retract n 60 CLEAR 425.556 / CLEAR 425.556 23.03->1.65s
OK   v28_plans.jsonl.gz#49 plan n 124 CLEAR 519.091 / CLEAR 519.091 48.45->2.02s
OK   v28_plans.jsonl.gz#49 retract n 60 CLEAR 519.079 / CLEAR 519.079 23.20->1.99s
OK   v28_plans.jsonl.gz#53 plan n 127 CLEAR 622.731 / CLEAR 622.731 59.22->2.21s
OK   v28_plans.jsonl.gz#53 retract n 60 CLEAR 622.731 / CLEAR 622.731 25.77->1.96s
OK   v28_plans.jsonl.gz#57 plan n 108 CLEAR 427.975 / CLEAR 427.975 39.05->1.95s
OK   v28_plans.jsonl.gz#57 retract n 60 CLEAR 427.978 / CLEAR 427.978 20.48->1.64s
OK   v28_plans.jsonl.gz#61 plan n 125 CLEAR 595.780 / CLEAR 595.780 50.29->3.20s
OK   v28_plans.jsonl.gz#61 retract n 60 CLEAR 596.074 / CLEAR 596.074 25.32->2.31s
OK   v28_plans.jsonl.gz#65 plan n 125 CLEAR 521.899 / CLEAR 521.899 47.77->2.00s
OK   v28_plans.jsonl.gz#65 retract n 60 CLEAR 521.949 / CLEAR 521.949 20.50->1.99s
OK   v28_plans.jsonl.gz#69 plan n 128 CLEAR 419.418 / CLEAR 419.418 47.43->2.08s
OK   v28_plans.jsonl.gz#69 retract n 60 CLEAR 419.436 / CLEAR 419.436 22.49->1.50s
OK   v28_plans.jsonl.gz#73 plan n 130 CLEAR 413.306 / CLEAR 413.306 48.48->2.35s
OK   v28_plans.jsonl.gz#73 retract n 60 CLEAR 413.342 / CLEAR 413.342 22.43->2.51s
OK   v28_plans.jsonl.gz#77 plan n 127 CLEAR 620.176 / CLEAR 620.176 44.04->2.04s
OK   v28_plans.jsonl.gz#77 retract n 60 CLEAR 620.176 / CLEAR 620.176 17.82->1.77s
OK   v28_plans.jsonl.gz#81 plan n 126 CLEAR 622.731 / CLEAR 622.731 47.44->1.99s
OK   v28_plans.jsonl.gz#81 retract n 60 CLEAR 622.731 / CLEAR 622.731 23.53->2.00s
OK   v28_plans.jsonl.gz#85 plan n 129 CLEAR 547.039 / CLEAR 547.039 49.19->2.13s
OK   v28_plans.jsonl.gz#85 retract n 60 CLEAR 547.034 / CLEAR 547.034 21.69->2.00s
OK   v28_plans.jsonl.gz#89 plan n 130 CLEAR 622.731 / CLEAR 622.731 45.48->1.50s
OK   v28_plans.jsonl.gz#89 retract n 60 CLEAR 622.731 / CLEAR 622.731 20.62->1.55s
OK   v28_plans.jsonl.gz#93 plan n 126 CLEAR 622.731 / CLEAR 622.731 47.81->2.22s
OK   v28_plans.jsonl.gz#93 retract n 60 CLEAR 622.731 / CLEAR 622.731 23.83->1.60s
OK   v28_plans.jsonl.gz#97 plan n 128 CLEAR 502.978 / CLEAR 502.978 48.04->3.17s
OK   v28_plans.jsonl.gz#97 retract n 60 CLEAR 503.005 / CLEAR 503.005 23.51->1.67s
OK   v28_plans.jsonl.gz#101 plan n 126 CLEAR 581.777 / CLEAR 581.777 49.37->3.40s
OK   v28_plans.jsonl.gz#101 retract n 60 CLEAR 581.761 / CLEAR 581.761 24.32->2.48s
OK   v28_plans.jsonl.gz#105 plan n 130 CLEAR 622.731 / CLEAR 622.731 53.12->2.17s
OK   v28_plans.jsonl.gz#105 retract n 60 CLEAR 622.731 / CLEAR 622.731 22.98->2.11s
OK   v28_plans.jsonl.gz#109 plan n 109 CLEAR 497.640 / CLEAR 497.640 43.30->2.70s
OK   v28_plans.jsonl.gz#109 retract n 60 CLEAR 497.720 / CLEAR 497.720 24.89->3.21s
OK   v28_plans.jsonl.gz#113 plan n 126 CLEAR 622.731 / CLEAR 622.731 49.93->2.01s
OK   v28_plans.jsonl.gz#113 retract n 60 CLEAR 622.731 / CLEAR 622.731 23.21->1.46s
OK   v28_plans.jsonl.gz#117 plan n 116 CLEAR 622.731 / CLEAR 622.731 45.18->1.79s
OK   v28_plans.jsonl.gz#117 retract n 60 CLEAR 622.731 / CLEAR 622.731 22.74->1.85s
OK   v28_plans.jsonl.gz#121 plan n 118 CLEAR 622.731 / CLEAR 622.731 45.00->1.76s
OK   v28_plans.jsonl.gz#121 retract n 60 CLEAR 622.731 / CLEAR 622.731 21.37->1.51s
OK   v28_plans.jsonl.gz#125 plan n 127 CLEAR 603.723 / CLEAR 603.723 58.93->3.35s
OK   v28_plans.jsonl.gz#125 retract n 60 CLEAR 603.828 / CLEAR 603.828 25.43->3.25s
OK   v28_plans.jsonl.gz#129 plan n 127 CLEAR 428.370 / CLEAR 428.370 47.73->1.98s
OK   v28_plans.jsonl.gz#129 retract n 60 CLEAR 428.384 / CLEAR 428.384 22.49->1.30s
OK   v28_plans.jsonl.gz#133 plan n 128 CLEAR 572.795 / CLEAR 572.795 46.94->3.20s
OK   v28_plans.jsonl.gz#133 retract n 60 CLEAR 572.911 / CLEAR 572.911 24.17->2.77s
OK   v28_plans.jsonl.gz#137 plan n 126 CLEAR 581.312 / CLEAR 581.312 51.22->3.25s
OK   v28_plans.jsonl.gz#137 retract n 60 CLEAR 581.366 / CLEAR 581.366 25.62->2.99s
OK   v28_plans.jsonl.gz#141 plan n 127 CLEAR 456.776 / CLEAR 456.776 46.70->1.77s
OK   v28_plans.jsonl.gz#141 retract n 60 CLEAR 456.856 / CLEAR 456.856 22.34->1.07s
OK   v28_plans.jsonl.gz#145 plan n 115 CLEAR 601.425 / CLEAR 601.425 46.78->3.41s
OK   v28_plans.jsonl.gz#145 retract n 60 CLEAR 601.497 / CLEAR 601.497 25.12->2.55s
OK   v28_plans.jsonl.gz#149 plan n 128 CLEAR 536.677 / CLEAR 536.677 56.12->3.87s
OK   v28_plans.jsonl.gz#149 retract n 60 CLEAR 536.973 / CLEAR 536.973 25.90->2.20s
OK   v28_plans.jsonl.gz#153 plan n 128 CLEAR 549.616 / CLEAR 549.616 50.93->3.39s
OK   v28_plans.jsonl.gz#153 retract n 60 CLEAR 549.950 / CLEAR 549.950 23.26->3.07s
OK   v28_plans.jsonl.gz#157 plan n 127 CLEAR 498.339 / CLEAR 498.339 46.58->1.28s
OK   v28_plans.jsonl.gz#157 retract n 60 CLEAR 498.368 / CLEAR 498.368 21.80->1.50s
OK   v28_plans.jsonl.gz#161 plan n 127 CLEAR 622.731 / CLEAR 622.731 49.36->2.55s
OK   v28_plans.jsonl.gz#161 retract n 60 CLEAR 622.731 / CLEAR 622.731 22.01->3.42s
OK   v28_plans.jsonl.gz#165 plan n 105 CLEAR 579.132 / CLEAR 579.132 41.50->2.04s
OK   v28_plans.jsonl.gz#165 retract n 60 CLEAR 579.132 / CLEAR 579.132 22.71->2.11s
OK   v28_plans.jsonl.gz#169 plan n 127 CLEAR 508.781 / CLEAR 508.781 47.51->1.80s
OK   v28_plans.jsonl.gz#169 retract n 60 CLEAR 508.786 / CLEAR 508.786 22.37->1.30s
OK   v28_plans.jsonl.gz#173 plan n 105 CLEAR 531.025 / CLEAR 531.025 46.37->1.86s
OK   v28_plans.jsonl.gz#173 retract n 60 CLEAR 531.013 / CLEAR 531.013 23.48->1.90s
OK   v28_plans.jsonl.gz#177 plan n 116 CLEAR 596.043 / CLEAR 596.043 45.75->2.89s
OK   v28_plans.jsonl.gz#177 retract n 60 CLEAR 596.045 / CLEAR 596.045 24.26->2.80s
OK   v28_plans.jsonl.gz#181 plan n 128 CLEAR 538.755 / CLEAR 538.755 51.57->3.04s
OK   v28_plans.jsonl.gz#181 retract n 60 CLEAR 538.797 / CLEAR 538.797 23.67->2.94s
OK   v28_after_plans.jsonl.gz#2 plan n 130 CLEAR 622.731 / CLEAR 622.731 51.94->2.02s
OK   v28_after_plans.jsonl.gz#2 retract n 60 CLEAR 622.731 / CLEAR 622.731 261.70->1.13s
OK   v28_after_plans.jsonl.gz#6 plan n 117 CLEAR 622.731 / CLEAR 622.731 47.88->1.87s
OK   v28_after_plans.jsonl.gz#6 retract n 60 CLEAR 622.731 / CLEAR 622.731 25.14->1.99s
OK   v28_after_plans.jsonl.gz#10 plan n 126 CLEAR 526.949 / CLEAR 526.949 47.65->2.01s
OK   v28_after_plans.jsonl.gz#10 retract n 60 CLEAR 526.940 / CLEAR 526.940 22.80->2.03s
OK   v28_after_plans.jsonl.gz#14 plan n 120 CLEAR 515.771 / CLEAR 515.771 45.49->2.36s
OK   v28_after_plans.jsonl.gz#14 retract n 60 CLEAR 515.857 / CLEAR 515.857 16.26->1.58s
OK   v28_after_plans.jsonl.gz#18 plan n 107 CLEAR 427.039 / CLEAR 427.039 32.31->1.89s
OK   v28_after_plans.jsonl.gz#18 retract n 60 CLEAR 427.037 / CLEAR 427.037 21.08->1.70s
OK   v28_after_plans.jsonl.gz#22 plan n 118 CLEAR 622.731 / CLEAR 622.731 46.86->1.79s
OK   v28_after_plans.jsonl.gz#22 retract n 60 CLEAR 622.731 / CLEAR 622.731 22.88->1.81s
OK   v28_after_plans.jsonl.gz#26 plan n 126 CLEAR 622.731 / CLEAR 622.731 49.63->2.05s
OK   v28_after_plans.jsonl.gz#26 retract n 60 CLEAR 622.731 / CLEAR 622.731 24.41->2.02s
OK   v28_after_plans.jsonl.gz#30 plan n 114 CLEAR 622.731 / CLEAR 622.731 36.35->1.19s
OK   v28_after_plans.jsonl.gz#30 retract n 60 CLEAR 622.731 / CLEAR 622.731 22.42->1.76s
OK   v28_after_plans.jsonl.gz#34 plan n 126 CLEAR 489.481 / CLEAR 489.481 57.74->3.51s
OK   v28_after_plans.jsonl.gz#34 retract n 60 CLEAR 489.452 / CLEAR 489.452 24.94->1.96s
OK   v28_after_plans.jsonl.gz#38 plan n 106 CLEAR 501.025 / CLEAR 501.025 38.69->2.25s
OK   v28_after_plans.jsonl.gz#38 retract n 60 CLEAR 501.061 / CLEAR 501.061 23.00->2.54s
OK   v28_after_plans.jsonl.gz#42 plan n 129 CLEAR 499.019 / CLEAR 499.019 59.98->3.43s
OK   v28_after_plans.jsonl.gz#42 retract n 60 CLEAR 499.071 / CLEAR 499.071 24.55->1.28s
OK   v28_after_plans.jsonl.gz#46 plan n 128 CLEAR 430.815 / CLEAR 430.815 44.65->1.20s
OK   v28_after_plans.jsonl.gz#46 retract n 60 CLEAR 430.812 / CLEAR 430.812 17.39->0.95s
OK   v28_after_plans.jsonl.gz#50 plan n 118 CLEAR 622.731 / CLEAR 622.731 42.35->2.08s
OK   v28_after_plans.jsonl.gz#50 retract n 60 CLEAR 622.731 / CLEAR 622.731 21.51->2.30s
OK   v28_after_plans.jsonl.gz#54 plan n 128 CLEAR 523.796 / CLEAR 523.796 49.72->1.94s
OK   v28_after_plans.jsonl.gz#54 retract n 60 CLEAR 524.041 / CLEAR 524.041 14.67->2.56s
OK   v28_after_plans.jsonl.gz#58 plan n 125 CLEAR 472.849 / CLEAR 472.849 31.00->2.64s
OK   v28_after_plans.jsonl.gz#58 retract n 60 CLEAR 472.858 / CLEAR 472.858 24.04->2.57s
OK   v28_after_plans.jsonl.gz#62 plan n 126 CLEAR 597.296 / CLEAR 597.296 32.95->1.74s
OK   v28_after_plans.jsonl.gz#62 retract n 60 CLEAR 597.611 / CLEAR 597.611 15.12->1.35s
OK   v28_after_plans.jsonl.gz#66 plan n 124 CLEAR 622.731 / CLEAR 622.731 27.12->1.06s
OK   v28_after_plans.jsonl.gz#66 retract n 60 CLEAR 622.731 / CLEAR 622.731 12.63->0.89s
OK   v28_after_plans.jsonl.gz#70 plan n 127 CLEAR 418.734 / CLEAR 418.734 24.54->0.94s
OK   v28_after_plans.jsonl.gz#70 retract n 60 CLEAR 418.734 / CLEAR 418.734 11.39->0.75s
OK   v28_after_plans.jsonl.gz#74 plan n 130 CLEAR 533.171 / CLEAR 533.171 28.05->2.07s
OK   v28_after_plans.jsonl.gz#74 retract n 60 CLEAR 533.329 / CLEAR 533.329 12.31->1.45s
OK   v28_after_plans.jsonl.gz#78 plan n 130 CLEAR 582.542 / CLEAR 582.542 26.39->1.42s
OK   v28_after_plans.jsonl.gz#78 retract n 60 CLEAR 582.824 / CLEAR 582.824 12.48->1.15s
OK   v28_after_plans.jsonl.gz#82 plan n 118 CLEAR 622.731 / CLEAR 622.731 23.86->0.89s
OK   v28_after_plans.jsonl.gz#82 retract n 60 CLEAR 622.731 / CLEAR 622.731 11.56->0.95s
OK   v28_after_plans.jsonl.gz#86 plan n 117 CLEAR 622.731 / CLEAR 622.731 21.91->0.89s
OK   v28_after_plans.jsonl.gz#86 retract n 60 CLEAR 622.731 / CLEAR 622.731 11.25->0.96s
OK   v28_after_plans.jsonl.gz#90 plan n 129 CLEAR 404.318 / CLEAR 404.318 23.44->1.91s
OK   v28_after_plans.jsonl.gz#90 retract n 60 CLEAR 404.472 / CLEAR 404.472 10.96->1.50s
OK   v28_after_plans.jsonl.gz#94 plan n 128 CLEAR 622.731 / CLEAR 622.731 28.61->1.10s
OK   v28_after_plans.jsonl.gz#94 retract n 60 CLEAR 622.731 / CLEAR 622.731 13.34->1.07s
OK   v28_after_plans.jsonl.gz#98 plan n 127 CLEAR 501.792 / CLEAR 501.792 25.77->1.61s
OK   v28_after_plans.jsonl.gz#98 retract n 60 CLEAR 501.835 / CLEAR 501.835 11.84->0.83s
OK   v28_after_plans.jsonl.gz#102 plan n 131 CLEAR 412.917 / CLEAR 412.917 23.86->1.12s
OK   v28_after_plans.jsonl.gz#102 retract n 60 CLEAR 413.021 / CLEAR 413.021 11.14->1.00s
OK   v28_after_plans.jsonl.gz#106 plan n 128 CLEAR 622.731 / CLEAR 622.731 25.58->1.06s
OK   v28_after_plans.jsonl.gz#106 retract n 60 CLEAR 622.731 / CLEAR 622.731 12.31->1.17s
OK   v28_after_plans.jsonl.gz#110 plan n 124 CLEAR 586.807 / CLEAR 586.807 25.51->1.58s
OK   v28_after_plans.jsonl.gz#110 retract n 60 CLEAR 586.930 / CLEAR 586.930 12.34->1.32s
OK   v28_after_plans.jsonl.gz#114 plan n 125 CLEAR 468.375 / CLEAR 468.375 22.82->1.26s
OK   v28_after_plans.jsonl.gz#114 retract n 60 CLEAR 468.401 / CLEAR 468.401 11.07->1.40s
OK   v28_after_plans.jsonl.gz#118 plan n 128 CLEAR 622.731 / CLEAR 622.731 23.84->0.92s
OK   v28_after_plans.jsonl.gz#118 retract n 60 CLEAR 622.731 / CLEAR 622.731 11.21->0.82s
OK   v28_after_plans.jsonl.gz#122 plan n 117 CLEAR 622.731 / CLEAR 622.731 23.36->0.87s
OK   v28_after_plans.jsonl.gz#122 retract n 60 CLEAR 622.731 / CLEAR 622.731 11.47->0.84s
OK   v28_after_plans.jsonl.gz#126 plan n 129 CLEAR 448.364 / CLEAR 448.364 22.02->0.89s
OK   v28_after_plans.jsonl.gz#126 retract n 60 CLEAR 448.378 / CLEAR 448.378 10.31->0.60s
OK   v28_after_plans.jsonl.gz#130 plan n 127 CLEAR 447.418 / CLEAR 447.418 22.87->0.93s
OK   v28_after_plans.jsonl.gz#130 retract n 60 CLEAR 447.425 / CLEAR 447.425 10.55->0.61s
OK   v28_after_plans.jsonl.gz#134 plan n 127 CLEAR 562.604 / CLEAR 562.604 24.47->1.38s
OK   v28_after_plans.jsonl.gz#134 retract n 60 CLEAR 562.614 / CLEAR 562.614 11.74->1.46s
OK   v28_after_plans.jsonl.gz#138 plan n 127 CLEAR 602.147 / CLEAR 602.147 26.35->2.08s
OK   v28_after_plans.jsonl.gz#138 retract n 60 CLEAR 602.288 / CLEAR 602.288 12.74->1.90s
OK   v28_after_plans.jsonl.gz#142 plan n 127 CLEAR 470.616 / CLEAR 470.616 22.10->0.84s
OK   v28_after_plans.jsonl.gz#142 retract n 60 CLEAR 470.687 / CLEAR 470.687 10.66->0.54s
OK   v28_after_plans.jsonl.gz#146 plan n 104 CLEAR 464.140 / CLEAR 464.140 21.83->0.73s
OK   v28_after_plans.jsonl.gz#146 retract n 60 CLEAR 464.138 / CLEAR 464.138 12.70->0.63s
OK   v28_after_plans.jsonl.gz#150 plan n 128 CLEAR 561.532 / CLEAR 561.532 25.55->0.97s
OK   v28_after_plans.jsonl.gz#150 retract n 60 CLEAR 561.531 / CLEAR 561.531 12.21->0.72s
OK   v28_after_plans.jsonl.gz#154 plan n 127 CLEAR 532.997 / CLEAR 532.997 23.56->1.59s
OK   v28_after_plans.jsonl.gz#154 retract n 60 CLEAR 533.125 / CLEAR 533.125 10.91->1.29s
OK   v28_after_plans.jsonl.gz#158 plan n 127 CLEAR 520.252 / CLEAR 520.252 22.95->1.02s
OK   v28_after_plans.jsonl.gz#158 retract n 60 CLEAR 520.260 / CLEAR 520.260 10.63->0.80s
OK   v28_after_plans.jsonl.gz#162 plan n 127 CLEAR 606.474 / CLEAR 606.474 25.16->1.76s
OK   v28_after_plans.jsonl.gz#162 retract n 60 CLEAR 606.522 / CLEAR 606.522 11.99->1.86s
OK   v28_after_plans.jsonl.gz#166 plan n 128 CLEAR 505.744 / CLEAR 505.744 23.84->0.98s
OK   v28_after_plans.jsonl.gz#166 retract n 60 CLEAR 505.811 / CLEAR 505.811 11.14->0.59s
OK   v28_after_plans.jsonl.gz#170 plan n 128 CLEAR 469.049 / CLEAR 469.049 22.66->0.96s
OK   v28_after_plans.jsonl.gz#170 retract n 60 CLEAR 469.125 / CLEAR 469.125 10.95->0.62s
OK   v28_after_plans.jsonl.gz#174 plan n 128 CLEAR 465.708 / CLEAR 465.708 22.09->0.93s
OK   v28_after_plans.jsonl.gz#174 retract n 60 CLEAR 465.782 / CLEAR 465.782 10.07->0.51s
OK   v28_after_plans.jsonl.gz#178 plan n 128 CLEAR 518.015 / CLEAR 518.015 23.47->1.21s
OK   v28_after_plans.jsonl.gz#178 retract n 60 CLEAR 518.034 / CLEAR 518.034 11.03->1.34s
OK   v28_after_plans.jsonl.gz#182 plan n 126 CLEAR 548.608 / CLEAR 548.608 23.42->1.66s
OK   v28_after_plans.jsonl.gz#182 retract n 60 CLEAR 548.802 / CLEAR 548.802 10.72->1.31s
RINGKAS {"source": "v28", "part": "1/4", "n": 184, "points": 16899, "bad": 0, "t_old": 5782.8, "t_new": 347.0, "verdicts": {"CLEAR": 184, "MARGIN": 0, "COLLIDE": 0}}
