OK   g34_planonly_plans_g34_R10.jsonl#2 plan n 156 CLEAR 495.188 / CLEAR 495.188 75.79->6.28s
OK   g34_planonly_plans_g34_R10.jsonl#2 retract n 60 CLEAR 495.425 / CLEAR 495.425 28.99->2.44s
OK   g34_planonly_plans_g34_R10.jsonl#12 plan n 146 CLEAR 204.983 / CLEAR 204.983 70.57->3.83s
OK   g34_planonly_plans_g34_R10.jsonl#12 retract n 60 CLEAR 622.731 / CLEAR 622.731 34.75->3.00s
OK   g34_planonly_plans_g34b_hw_R0.jsonl#4 plan n 130 CLEAR 622.731 / CLEAR 622.731 65.56->2.31s
OK   g34_planonly_plans_g34b_hw_R0.jsonl#4 retract n 60 CLEAR 622.731 / CLEAR 622.731 28.82->3.59s
OK   g34_planonly_plans_g34b_hw_R0.jsonl#14 plan n 127 CLEAR 622.731 / CLEAR 622.731 62.37->2.97s
OK   g34_planonly_plans_g34b_hw_R0.jsonl#14 retract n 60 CLEAR 622.731 / CLEAR 622.731 30.05->3.85s
OK   g34_planonly_plans_g34b_hw_R10.jsonl#6 plan n 128 CLEAR 622.731 / CLEAR 622.731 60.99->3.74s
OK   g34_planonly_plans_g34b_hw_R10.jsonl#6 retract n 60 CLEAR 622.731 / CLEAR 622.731 28.00->3.55s
OK   g34_planonly_plans_g34b_hw_R10.jsonl#16 plan n 142 CLEAR 363.697 / CLEAR 363.697 73.45->3.45s
OK   g34_planonly_plans_g34b_hw_R10.jsonl#16 retract n 60 CLEAR 464.084 / CLEAR 464.084 32.92->3.41s
OK   g34_planonly_plans_g34n_R0.jsonl#8 plan n 126 CLEAR 591.973 / CLEAR 591.973 60.47->4.15s
OK   g34_planonly_plans_g34n_R0.jsonl#8 retract n 60 CLEAR 591.970 / CLEAR 591.970 29.35->3.89s
OK   g34_planonly_plans_g34n_R10.jsonl#0 plan n 127 CLEAR 555.335 / CLEAR 555.335 57.32->2.16s
OK   g34_planonly_plans_g34n_R10.jsonl#0 retract n 60 CLEAR 555.364 / CLEAR 555.364 26.13->1.50s
OK   g34_planonly_plans_g34n_R10.jsonl#10 plan n 64 CLEAR 365.273 / CLEAR 365.273 28.30->2.74s
OK   g34_planonly_plans_g34n_R10.jsonl#10 retract n 60 CLEAR 365.421 / CLEAR 365.421 24.07->1.82s
OK   g34_planonly_plans_g35b_hw_R0.jsonl#1 plan n 126 CLEAR 582.386 / CLEAR 582.386 47.84->1.86s
OK   g34_planonly_plans_g35b_hw_R0.jsonl#1 retract n 60 CLEAR 582.434 / CLEAR 582.434 23.03->1.62s
OK   g34_planonly_plans_g35b_hw_R0.jsonl#11 plan n 60 CLEAR 701.842 / CLEAR 701.842 33.39->1.86s
OK   g34_planonly_plans_g35b_hw_R0.jsonl#11 retract n 60 CLEAR 622.731 / CLEAR 622.731 28.12->2.75s
OK   g34_planonly_plans_g35b_hw_R10.jsonl#3 plan n 127 CLEAR 378.158 / CLEAR 378.158 54.20->5.72s
OK   g34_planonly_plans_g35b_hw_R10.jsonl#3 retract n 60 CLEAR 378.321 / CLEAR 378.321 24.46->2.89s
OK   g34_planonly_plans_reg3_R0.jsonl#8 plan n 126 CLEAR 622.731 / CLEAR 622.731 47.10->2.81s
OK   g34_planonly_plans_reg3_R0.jsonl#8 retract n 60 CLEAR 622.731 / CLEAR 622.731 22.94->3.28s
OK   g34_planonly_plans_reg3_R10.jsonl#0 plan n 91 CLEAR 527.004 / CLEAR 527.004 34.28->1.55s
OK   g34_planonly_plans_reg3_R10.jsonl#0 retract n 60 CLEAR 526.997 / CLEAR 526.997 22.83->0.98s
OK   g34_planonly_plans_reg3_R10.jsonl#10 plan n 129 CLEAR 378.057 / CLEAR 378.057 55.64->5.78s
OK   g34_planonly_plans_reg3_R10.jsonl#10 retract n 60 CLEAR 378.304 / CLEAR 378.304 25.74->2.80s
OK   g33_planonly_plans_R0.jsonl.gz#0 plan n 127 CLEAR 556.692 / CLEAR 556.692 46.35->1.85s
OK   g33_planonly_plans_R0.jsonl.gz#0 retract n 60 CLEAR 556.730 / CLEAR 556.730 23.11->1.46s
OK   g33_planonly_plans_R0.jsonl.gz#10 plan n 85 CLEAR 622.731 / CLEAR 622.731 36.14->1.36s
OK   g33_planonly_plans_R0.jsonl.gz#10 retract n 60 CLEAR 622.731 / CLEAR 622.731 25.18->1.93s
OK   g33_planonly_plans_R10.jsonl.gz#2 plan n 131 CLEAR 496.352 / CLEAR 496.352 51.35->2.78s
OK   g33_planonly_plans_R10.jsonl.gz#2 retract n 60 CLEAR 496.598 / CLEAR 496.598 23.98->1.80s
OK   g32hw_screen_plans_R0.jsonl.gz#7 plan n 127 CLEAR 564.198 / CLEAR 564.198 49.80->2.06s
OK   g32hw_screen_plans_R0.jsonl.gz#7 retract n 60 CLEAR 564.242 / CLEAR 564.242 22.14->0.71s
OK   g32hw_screen_plans_R0.jsonl.gz#17 plan n 128 CLEAR 683.882 / CLEAR 683.882 82.80->2.62s
OK   g32hw_screen_plans_R0.jsonl.gz#17 retract n 60 CLEAR 622.731 / CLEAR 622.731 26.68->2.63s
OK   g32hw_screen_plans_R10.jsonl.gz#9 plan n 131 CLEAR 357.542 / CLEAR 357.542 55.26->3.72s
OK   g32hw_screen_plans_R10.jsonl.gz#9 retract n 60 CLEAR 357.635 / CLEAR 357.635 24.82->2.28s
OK   g32_screen_plans.jsonl.gz#1 plan n 128 CLEAR 583.613 / CLEAR 583.613 49.80->1.92s
OK   g32_screen_plans.jsonl.gz#1 retract n 60 CLEAR 583.687 / CLEAR 583.687 24.18->1.63s
OK   g32_screen_plans.jsonl.gz#11 plan n 86 CLEAR 622.731 / CLEAR 622.731 35.96->1.40s
OK   g32_screen_plans.jsonl.gz#11 retract n 60 CLEAR 622.731 / CLEAR 622.731 24.73->1.85s
OK   g31_screen_plans.jsonl.gz#3 plan n 128 CLEAR 469.310 / CLEAR 469.310 43.89->1.06s
OK   g31_screen_plans.jsonl.gz#3 retract n 60 CLEAR 469.351 / CLEAR 469.351 20.12->1.06s
OK   g31_screen_plans.jsonl.gz#13 plan n 95 CLEAR 583.433 / CLEAR 583.433 40.34->1.44s
OK   g31_screen_plans.jsonl.gz#13 retract n 60 CLEAR 622.731 / CLEAR 622.731 24.39->1.55s
OK   g31_screen_plans.jsonl.gz#23 plan n 66 CLEAR 622.731 / CLEAR 622.731 25.65->1.39s
OK   g31_screen_plans.jsonl.gz#23 retract n 60 CLEAR 622.731 / CLEAR 622.731 24.34->1.44s
OK   g31_screen_plans.jsonl.gz#33 plan n 65 CLEAR 700.607 / CLEAR 700.607 37.17->1.03s
OK   g31_screen_plans.jsonl.gz#33 retract n 60 CLEAR 622.731 / CLEAR 622.731 26.55->4.43s
OK   g31_screen_plans.jsonl.gz#43 plan n 57 CLEAR 505.058 / CLEAR 505.058 21.13->0.90s
OK   g31_screen_plans.jsonl.gz#43 retract n 60 CLEAR 550.057 / CLEAR 550.057 22.70->1.41s
OK   g31_screen_plans.jsonl.gz#53 plan n 146 CLEAR 562.576 / CLEAR 562.576 66.47->3.50s
OK   g31_screen_plans.jsonl.gz#53 retract n 60 CLEAR 573.966 / CLEAR 573.966 21.92->1.80s
OK   g31_screen_plans.jsonl.gz#63 plan n 93 CLEAR 652.976 / CLEAR 652.976 44.04->2.82s
OK   g31_screen_plans.jsonl.gz#63 retract n 60 CLEAR 622.731 / CLEAR 622.731 25.94->1.85s
OK   g31_screen_plans.jsonl.gz#73 plan n 135 CLEAR 496.180 / CLEAR 496.180 62.88->3.44s
OK   g31_screen_plans.jsonl.gz#73 retract n 60 CLEAR 622.731 / CLEAR 622.731 27.03->2.84s
OK   g31_screen_plans.jsonl.gz#83 plan n 83 CLEAR 442.365 / CLEAR 442.365 45.44->2.21s
OK   g31_screen_plans.jsonl.gz#83 retract n 60 CLEAR 442.401 / CLEAR 442.401 25.48->1.64s
OK   g31_screen_plans.jsonl.gz#93 plan n 128 CLEAR 507.201 / CLEAR 507.201 56.44->5.02s
OK   g31_screen_plans.jsonl.gz#93 retract n 60 CLEAR 507.407 / CLEAR 507.407 27.14->2.89s
OK   g31_screen_plans.jsonl.gz#103 plan n 77 CLEAR 613.657 / CLEAR 613.657 32.34->1.97s
OK   g31_screen_plans.jsonl.gz#103 retract n 60 CLEAR 555.731 / CLEAR 555.731 23.32->2.35s
OK   g31_screen_plans.jsonl.gz#113 plan n 136 CLEAR 652.061 / CLEAR 652.061 65.82->2.12s
OK   g31_screen_plans.jsonl.gz#113 retract n 60 CLEAR 622.731 / CLEAR 622.731 27.51->3.00s
OK   g31_screen_plans.jsonl.gz#123 plan n 127 CLEAR 594.422 / CLEAR 594.422 59.45->4.42s
OK   g31_screen_plans.jsonl.gz#123 retract n 60 CLEAR 594.551 / CLEAR 594.551 28.74->2.98s
OK   g31_screen_plans.jsonl.gz#133 plan n 66 CLEAR 622.731 / CLEAR 622.731 26.39->0.90s
OK   g31_screen_plans.jsonl.gz#133 retract n 60 CLEAR 622.731 / CLEAR 622.731 23.28->1.40s
OK   g31_screen_plans.jsonl.gz#143 plan n 67 CLEAR 622.731 / CLEAR 622.731 27.67->1.15s
OK   g31_screen_plans.jsonl.gz#143 retract n 60 CLEAR 622.731 / CLEAR 622.731 24.74->1.40s
OK   g31_screen_plans.jsonl.gz#153 plan n 105 CLEAR 425.599 / CLEAR 425.599 40.44->1.39s
OK   g31_screen_plans.jsonl.gz#153 retract n 60 CLEAR 425.657 / CLEAR 425.657 23.69->1.02s
OK   g31_screen_plans.jsonl.gz#163 plan n 136 CLEAR 461.783 / CLEAR 461.783 51.32->4.44s
OK   g31_screen_plans.jsonl.gz#163 retract n 60 CLEAR 622.217 / CLEAR 622.217 26.22->1.72s
OK   g31_screen_plans.jsonl.gz#173 plan n 69 CLEAR 265.217 / CLEAR 265.217 29.53->0.73s
OK   g31_screen_plans.jsonl.gz#173 retract n 60 CLEAR 399.764 / CLEAR 399.764 24.37->2.14s
OK   g31_screen_plans.jsonl.gz#183 plan n 132 CLEAR 521.246 / CLEAR 521.246 51.29->3.53s
OK   g31_screen_plans.jsonl.gz#183 retract n 60 CLEAR 516.741 / CLEAR 516.741 23.06->1.10s
OK   g31_screen_plans.jsonl.gz#193 plan n 91 CLEAR 603.496 / CLEAR 603.496 35.95->1.85s
OK   g31_screen_plans.jsonl.gz#193 retract n 60 CLEAR 622.731 / CLEAR 622.731 26.10->1.03s
OK   g31_screen_plans.jsonl.gz#203 plan n 97 CLEAR 654.167 / CLEAR 654.167 42.88->1.80s
OK   g31_screen_plans.jsonl.gz#203 retract n 60 CLEAR 622.731 / CLEAR 622.731 22.96->1.68s
OK   g31_screen_plans.jsonl.gz#213 plan n 124 CLEAR 591.182 / CLEAR 591.182 69.81->5.11s
OK   g31_screen_plans.jsonl.gz#213 retract n 60 CLEAR 596.059 / CLEAR 596.059 31.32->3.38s
OK   g31_screen_plans.jsonl.gz#223 plan n 128 CLEAR 584.648 / CLEAR 584.648 63.96->4.71s
OK   g31_screen_plans.jsonl.gz#223 retract n 60 CLEAR 511.702 / CLEAR 511.702 26.70->5.75s
OK   g31_screen_plans.jsonl.gz#233 plan n 36 CLEAR 622.731 / CLEAR 622.731 254.13->0.95s
OK   g31_screen_plans.jsonl.gz#233 retract n 60 CLEAR 622.731 / CLEAR 622.731 21.79->1.18s
OK   g31_screen_plans.jsonl.gz#243 plan n 87 CLEAR 622.731 / CLEAR 622.731 38.53->1.68s
OK   g31_screen_plans.jsonl.gz#243 retract n 60 CLEAR 622.731 / CLEAR 622.731 25.30->1.75s
OK   g31_screen_plans.jsonl.gz#253 plan n 109 CLEAR 622.731 / CLEAR 622.731 43.82->1.28s
OK   g31_screen_plans.jsonl.gz#253 retract n 60 CLEAR 622.731 / CLEAR 622.731 22.81->1.94s
OK   g31_screen_plans.jsonl.gz#263 plan n 128 CLEAR 550.664 / CLEAR 550.664 47.43->1.73s
OK   g31_screen_plans.jsonl.gz#263 retract n 60 CLEAR 550.667 / CLEAR 550.667 22.59->1.12s
OK   g31_screen_plans.jsonl.gz#273 plan n 128 CLEAR 575.757 / CLEAR 575.757 42.42->4.47s
OK   g31_screen_plans.jsonl.gz#273 retract n 60 CLEAR 575.945 / CLEAR 575.945 20.86->2.39s
OK   g31_screen_plans.jsonl.gz#283 plan n 78 CLEAR 483.748 / CLEAR 483.748 36.98->4.01s
OK   g31_screen_plans.jsonl.gz#283 retract n 60 CLEAR 483.900 / CLEAR 483.900 22.44->1.10s
OK   g31_screen_plans.jsonl.gz#293 plan n 67 CLEAR 622.731 / CLEAR 622.731 25.48->1.22s
OK   g31_screen_plans.jsonl.gz#293 retract n 60 CLEAR 622.731 / CLEAR 622.731 25.92->1.65s
OK   g31_screen_plans.jsonl.gz#303 plan n 116 CLEAR 622.731 / CLEAR 622.731 45.07->2.20s
OK   g31_screen_plans.jsonl.gz#303 retract n 60 CLEAR 622.731 / CLEAR 622.731 23.07->2.44s
OK   g31_r0_control_plans.jsonl#7 plan n 129 CLEAR 680.323 / CLEAR 680.323 51.74->2.14s
OK   g31_r0_control_plans.jsonl#7 retract n 60 CLEAR 622.731 / CLEAR 622.731 21.59->2.64s
OK   g31_r0_control_plans.jsonl#17 plan n 128 CLEAR 622.731 / CLEAR 622.731 55.45->1.70s
OK   g31_r0_control_plans.jsonl#17 retract n 60 CLEAR 622.731 / CLEAR 622.731 25.68->1.58s
OK   g36_planonly_plans_g36_R0.jsonl#0 plan n 126 CLEAR 562.631 / CLEAR 562.631 43.34->1.13s
OK   g36_planonly_plans_g36_R0.jsonl#0 retract n 60 CLEAR 562.670 / CLEAR 562.670 20.21->1.46s
OK   g36_planonly_plans_g36_R0.jsonl#10 plan n 86 CLEAR 622.731 / CLEAR 622.731 31.82->1.39s
OK   g36_planonly_plans_g36_R0.jsonl#10 retract n 60 CLEAR 622.731 / CLEAR 622.731 19.99->1.77s
OK   g36_planonly_plans_g36_R10.jsonl#2 plan n 52 CLEAR 492.547 / CLEAR 492.547 19.45->1.68s
OK   g36_planonly_plans_g36_R10.jsonl#2 retract n 60 CLEAR 492.638 / CLEAR 492.638 24.52->1.51s
OK   g36_planonly_plans_g36_R10.jsonl#12 plan n 126 CLEAR 622.731 / CLEAR 622.731 44.13->1.53s
OK   g36_planonly_plans_g36_R10.jsonl#12 retract n 60 CLEAR 622.731 / CLEAR 622.731 15.47->1.71s
OK   g36_planonly_plans_g36_R10.jsonl#22 plan n 135 CLEAR 377.568 / CLEAR 377.568 43.60->2.71s
OK   g36_planonly_plans_g36_R10.jsonl#22 retract n 60 CLEAR 511.336 / CLEAR 511.336 28.53->4.53s
OK   g36_planonly_plans_g36_R10.jsonl#32 plan n 128 CLEAR 493.649 / CLEAR 493.649 43.22->1.57s
OK   g36_planonly_plans_g36_R10.jsonl#32 retract n 60 CLEAR 493.779 / CLEAR 493.779 15.32->1.04s
OK   g36_planonly_plans_g36_R10.jsonl#42 plan n 91 CLEAR 528.229 / CLEAR 528.229 20.26->0.88s
OK   g36_planonly_plans_g36_R10.jsonl#42 retract n 60 CLEAR 528.237 / CLEAR 528.237 12.94->0.65s
OK   g36_planonly_plans_g36_R10.jsonl#52 plan n 77 CLEAR 374.566 / CLEAR 374.566 17.04->0.80s
OK   g36_planonly_plans_g36_R10.jsonl#52 retract n 60 CLEAR 508.313 / CLEAR 508.313 15.13->2.28s
RINGKAS {"source": "plans", "part": "6/10", "n": 128, "points": 10766, "bad": 0, "t_old": 4745.7, "t_new": 297.2, "verdicts": {"CLEAR": 128, "MARGIN": 0, "COLLIDE": 0}}
