OK   g34_planonly_plans_g34_R10.jsonl#4 plan n 89 CLEAR 374.267 / CLEAR 374.267 47.07->3.20s
OK   g34_planonly_plans_g34_R10.jsonl#4 retract n 60 CLEAR 511.660 / CLEAR 511.660 30.85->3.44s
OK   g34_planonly_plans_g34_R10.jsonl#14 plan n 125 CLEAR 622.731 / CLEAR 622.731 65.36->2.71s
OK   g34_planonly_plans_g34_R10.jsonl#14 retract n 60 CLEAR 622.731 / CLEAR 622.731 31.89->2.18s
OK   g34_planonly_plans_g34b_hw_R0.jsonl#6 plan n 126 CLEAR 622.731 / CLEAR 622.731 65.92->3.12s
OK   g34_planonly_plans_g34b_hw_R0.jsonl#6 retract n 60 CLEAR 622.731 / CLEAR 622.731 32.15->3.21s
OK   g34_planonly_plans_g34b_hw_R0.jsonl#16 plan n 88 CLEAR 622.731 / CLEAR 622.731 46.12->1.81s
OK   g34_planonly_plans_g34b_hw_R0.jsonl#16 retract n 60 CLEAR 622.731 / CLEAR 622.731 32.93->2.61s
OK   g34_planonly_plans_g34b_hw_R10.jsonl#8 plan n 47 CLEAR 490.777 / CLEAR 490.777 23.69->1.75s
OK   g34_planonly_plans_g34b_hw_R10.jsonl#8 retract n 60 CLEAR 490.869 / CLEAR 490.869 28.41->2.02s
OK   g34_planonly_plans_g34n_R0.jsonl#0 plan n 102 CLEAR 622.731 / CLEAR 622.731 48.86->2.11s
OK   g34_planonly_plans_g34n_R0.jsonl#0 retract n 60 CLEAR 622.731 / CLEAR 622.731 25.71->3.05s
OK   g34_planonly_plans_g34n_R0.jsonl#10 plan n 86 CLEAR 622.731 / CLEAR 622.731 38.58->1.43s
OK   g34_planonly_plans_g34n_R0.jsonl#10 retract n 60 CLEAR 622.731 / CLEAR 622.731 26.54->2.20s
OK   g34_planonly_plans_g34n_R10.jsonl#2 plan n 124 CLEAR 495.694 / CLEAR 495.694 59.12->2.90s
OK   g34_planonly_plans_g34n_R10.jsonl#2 retract n 60 CLEAR 495.813 / CLEAR 495.813 30.55->2.35s
OK   g34_planonly_plans_g34n_R10.jsonl#12 plan n 87 CLEAR 622.731 / CLEAR 622.731 42.65->1.79s
OK   g34_planonly_plans_g34n_R10.jsonl#12 retract n 60 CLEAR 622.731 / CLEAR 622.731 28.16->2.74s
OK   g34_planonly_plans_g35b_hw_R0.jsonl#3 plan n 126 CLEAR 622.731 / CLEAR 622.731 57.00->1.87s
OK   g34_planonly_plans_g35b_hw_R0.jsonl#3 retract n 60 CLEAR 622.731 / CLEAR 622.731 26.21->1.67s
OK   g34_planonly_plans_g35b_hw_R0.jsonl#13 plan n 128 CLEAR 574.102 / CLEAR 574.102 49.55->1.98s
OK   g34_planonly_plans_g35b_hw_R0.jsonl#13 retract n 60 CLEAR 574.140 / CLEAR 574.140 22.31->1.14s
OK   g34_planonly_plans_reg3_R0.jsonl#0 plan n 127 CLEAR 622.731 / CLEAR 622.731 51.89->2.71s
OK   g34_planonly_plans_reg3_R0.jsonl#0 retract n 60 CLEAR 622.731 / CLEAR 622.731 24.52->3.12s
OK   g34_planonly_plans_reg3_R0.jsonl#10 plan n 129 CLEAR 622.731 / CLEAR 622.731 55.89->2.03s
OK   g34_planonly_plans_reg3_R0.jsonl#10 retract n 60 CLEAR 622.731 / CLEAR 622.731 25.46->2.51s
OK   g34_planonly_plans_reg3_R10.jsonl#2 plan n 34 CLEAR 498.520 / CLEAR 498.520 12.27->1.19s
OK   g34_planonly_plans_reg3_R10.jsonl#2 retract n 60 CLEAR 498.606 / CLEAR 498.606 22.03->1.32s
OK   g34_planonly_plans_reg3_R10.jsonl#12 plan n 76 CLEAR 523.313 / CLEAR 523.313 26.88->1.31s
OK   g34_planonly_plans_reg3_R10.jsonl#12 retract n 60 CLEAR 523.319 / CLEAR 523.319 23.25->0.61s
OK   g33_planonly_plans_R0.jsonl.gz#2 plan n 126 CLEAR 587.226 / CLEAR 587.226 48.61->2.90s
OK   g33_planonly_plans_R0.jsonl.gz#2 retract n 60 CLEAR 587.231 / CLEAR 587.231 22.39->2.76s
OK   g33_planonly_plans_R0.jsonl.gz#12 plan n 128 CLEAR 552.146 / CLEAR 552.146 44.13->1.82s
OK   g33_planonly_plans_R0.jsonl.gz#12 retract n 60 CLEAR 552.148 / CLEAR 552.148 21.59->1.37s
OK   g33_planonly_plans_R10.jsonl.gz#4 plan n 83 CLEAR 365.607 / CLEAR 365.607 40.98->2.71s
OK   g33_planonly_plans_R10.jsonl.gz#4 retract n 60 CLEAR 497.120 / CLEAR 497.120 27.26->4.12s
OK   g32hw_screen_plans_R0.jsonl.gz#9 plan n 128 CLEAR 622.731 / CLEAR 622.731 52.80->1.82s
OK   g32hw_screen_plans_R0.jsonl.gz#9 retract n 60 CLEAR 622.731 / CLEAR 622.731 24.80->1.80s
OK   g32hw_screen_plans_R10.jsonl.gz#1 plan n 69 CLEAR 622.731 / CLEAR 622.731 25.03->1.46s
OK   g32hw_screen_plans_R10.jsonl.gz#1 retract n 60 CLEAR 622.731 / CLEAR 622.731 23.41->2.07s
OK   g32hw_screen_plans_R10.jsonl.gz#11 plan n 87 CLEAR 622.731 / CLEAR 622.731 34.11->1.53s
OK   g32hw_screen_plans_R10.jsonl.gz#11 retract n 60 CLEAR 622.731 / CLEAR 622.731 26.36->2.07s
OK   g32_screen_plans.jsonl.gz#3 plan n 64 CLEAR 372.342 / CLEAR 372.342 29.83->3.10s
OK   g32_screen_plans.jsonl.gz#3 retract n 60 CLEAR 372.518 / CLEAR 372.518 26.66->2.76s
OK   g32_screen_plans.jsonl.gz#13 plan n 128 CLEAR 571.804 / CLEAR 571.804 55.96->4.01s
OK   g32_screen_plans.jsonl.gz#13 retract n 60 CLEAR 571.942 / CLEAR 571.942 25.72->1.80s
OK   g31_screen_plans.jsonl.gz#5 plan n 126 CLEAR 578.828 / CLEAR 578.828 39.66->1.89s
OK   g31_screen_plans.jsonl.gz#5 retract n 60 CLEAR 578.881 / CLEAR 578.881 21.38->1.23s
OK   g31_screen_plans.jsonl.gz#15 plan n 129 CLEAR 568.525 / CLEAR 568.525 54.10->4.78s
OK   g31_screen_plans.jsonl.gz#15 retract n 60 CLEAR 568.716 / CLEAR 568.716 25.13->2.16s
OK   g31_screen_plans.jsonl.gz#25 plan n 129 CLEAR 578.147 / CLEAR 578.147 44.92->1.63s
OK   g31_screen_plans.jsonl.gz#25 retract n 60 CLEAR 578.147 / CLEAR 578.147 23.12->1.11s
OK   g31_screen_plans.jsonl.gz#35 plan n 128 CLEAR 574.491 / CLEAR 574.491 45.24->1.11s
OK   g31_screen_plans.jsonl.gz#35 retract n 60 CLEAR 574.523 / CLEAR 574.523 22.37->0.84s
OK   g31_screen_plans.jsonl.gz#45 plan n 56 CLEAR 464.196 / CLEAR 464.196 23.40->0.91s
OK   g31_screen_plans.jsonl.gz#45 retract n 60 CLEAR 464.267 / CLEAR 464.267 26.07->0.91s
OK   g31_screen_plans.jsonl.gz#55 plan n 58 CLEAR 672.861 / CLEAR 672.861 39.90->1.59s
OK   g31_screen_plans.jsonl.gz#55 retract n 60 CLEAR 622.731 / CLEAR 622.731 26.95->3.69s
OK   g31_screen_plans.jsonl.gz#65 plan n 129 CLEAR 571.063 / CLEAR 571.063 44.00->1.64s
OK   g31_screen_plans.jsonl.gz#65 retract n 60 CLEAR 571.092 / CLEAR 571.092 23.58->0.95s
OK   g31_screen_plans.jsonl.gz#75 plan n 40 CLEAR 581.852 / CLEAR 581.852 21.35->2.09s
OK   g31_screen_plans.jsonl.gz#75 retract n 60 CLEAR 606.184 / CLEAR 606.184 28.68->3.00s
OK   g31_screen_plans.jsonl.gz#85 plan n 50 CLEAR 502.767 / CLEAR 502.767 22.43->1.95s
OK   g31_screen_plans.jsonl.gz#85 retract n 60 CLEAR 622.731 / CLEAR 622.731 25.66->1.13s
OK   g31_screen_plans.jsonl.gz#95 plan n 129 CLEAR 622.731 / CLEAR 622.731 57.19->1.84s
OK   g31_screen_plans.jsonl.gz#95 retract n 60 CLEAR 622.731 / CLEAR 622.731 25.38->1.87s
OK   g31_screen_plans.jsonl.gz#105 plan n 128 CLEAR 473.385 / CLEAR 473.385 53.22->2.40s
OK   g31_screen_plans.jsonl.gz#105 retract n 60 CLEAR 473.382 / CLEAR 473.382 23.83->1.72s
OK   g31_screen_plans.jsonl.gz#115 plan n 126 CLEAR 568.241 / CLEAR 568.241 46.88->1.71s
OK   g31_screen_plans.jsonl.gz#115 retract n 60 CLEAR 568.282 / CLEAR 568.282 23.38->1.82s
OK   g31_screen_plans.jsonl.gz#125 plan n 138 CLEAR 619.713 / CLEAR 619.713 85.24->4.24s
OK   g31_screen_plans.jsonl.gz#125 retract n 60 CLEAR 566.073 / CLEAR 566.073 33.16->5.47s
OK   g31_screen_plans.jsonl.gz#135 plan n 122 CLEAR 603.521 / CLEAR 603.521 57.67->4.12s
OK   g31_screen_plans.jsonl.gz#135 retract n 60 CLEAR 598.177 / CLEAR 598.177 26.14->4.55s
OK   g31_screen_plans.jsonl.gz#145 plan n 93 CLEAR 642.586 / CLEAR 642.586 39.12->2.31s
OK   g31_screen_plans.jsonl.gz#145 retract n 60 CLEAR 622.731 / CLEAR 622.731 25.80->1.68s
OK   g31_screen_plans.jsonl.gz#155 plan n 80 CLEAR 507.473 / CLEAR 507.473 34.22->0.97s
OK   g31_screen_plans.jsonl.gz#155 retract n 60 CLEAR 507.567 / CLEAR 507.567 28.04->1.89s
OK   g31_screen_plans.jsonl.gz#165 plan n 129 CLEAR 461.837 / CLEAR 461.837 53.05->2.13s
OK   g31_screen_plans.jsonl.gz#165 retract n 60 CLEAR 461.868 / CLEAR 461.868 21.99->1.41s
OK   g31_screen_plans.jsonl.gz#175 plan n 103 CLEAR 506.645 / CLEAR 506.645 43.97->2.35s
OK   g31_screen_plans.jsonl.gz#175 retract n 60 CLEAR 603.447 / CLEAR 603.447 21.96->1.84s
OK   g31_screen_plans.jsonl.gz#185 plan n 134 CLEAR 479.047 / CLEAR 479.047 55.81->2.00s
OK   g31_screen_plans.jsonl.gz#185 retract n 60 CLEAR 512.708 / CLEAR 512.708 22.17->0.91s
OK   g31_screen_plans.jsonl.gz#195 plan n 131 CLEAR 535.719 / CLEAR 535.719 57.04->3.58s
OK   g31_screen_plans.jsonl.gz#195 retract n 60 CLEAR 554.724 / CLEAR 554.724 20.98->1.24s
OK   g31_screen_plans.jsonl.gz#205 plan n 127 CLEAR 622.731 / CLEAR 622.731 47.64->1.96s
OK   g31_screen_plans.jsonl.gz#205 retract n 60 CLEAR 622.731 / CLEAR 622.731 25.18->2.33s
OK   g31_screen_plans.jsonl.gz#215 plan n 66 CLEAR 613.056 / CLEAR 613.056 31.26->1.34s
OK   g31_screen_plans.jsonl.gz#215 retract n 60 CLEAR 622.731 / CLEAR 622.731 26.07->1.36s
OK   g31_screen_plans.jsonl.gz#225 plan n 90 CLEAR 547.942 / CLEAR 547.942 36.51->1.42s
OK   g31_screen_plans.jsonl.gz#225 retract n 60 CLEAR 548.052 / CLEAR 548.052 24.89->2.02s
OK   g31_screen_plans.jsonl.gz#235 plan n 93 CLEAR 598.444 / CLEAR 598.444 40.77->2.11s
OK   g31_screen_plans.jsonl.gz#235 retract n 60 CLEAR 598.467 / CLEAR 598.467 25.49->2.18s
OK   g31_screen_plans.jsonl.gz#245 plan n 66 CLEAR 675.303 / CLEAR 675.303 29.81->2.53s
OK   g31_screen_plans.jsonl.gz#245 retract n 60 CLEAR 622.731 / CLEAR 622.731 29.46->3.66s
OK   g31_screen_plans.jsonl.gz#255 plan n 52 CLEAR 366.497 / CLEAR 366.497 22.80->2.19s
OK   g31_screen_plans.jsonl.gz#255 retract n 60 CLEAR 366.689 / CLEAR 366.689 18.27->1.55s
OK   g31_screen_plans.jsonl.gz#265 plan n 67 CLEAR 622.731 / CLEAR 622.731 26.84->1.20s
OK   g31_screen_plans.jsonl.gz#265 retract n 60 CLEAR 622.731 / CLEAR 622.731 22.70->0.88s
OK   g31_screen_plans.jsonl.gz#275 plan n 102 CLEAR 557.033 / CLEAR 557.033 279.65->2.37s
OK   g31_screen_plans.jsonl.gz#275 retract n 60 CLEAR 622.731 / CLEAR 622.731 22.72->1.15s
OK   g31_screen_plans.jsonl.gz#285 plan n 125 CLEAR 513.737 / CLEAR 513.737 50.03->2.39s
OK   g31_screen_plans.jsonl.gz#285 retract n 60 CLEAR 513.741 / CLEAR 513.741 23.89->2.05s
OK   g31_screen_plans.jsonl.gz#295 plan n 95 CLEAR 350.922 / CLEAR 350.922 49.57->3.36s
OK   g31_screen_plans.jsonl.gz#295 retract n 60 CLEAR 351.211 / CLEAR 351.211 29.43->2.25s
OK   g31_screen_plans.jsonl.gz#305 plan n 126 CLEAR 581.583 / CLEAR 581.583 50.43->1.82s
OK   g31_screen_plans.jsonl.gz#305 retract n 60 CLEAR 581.586 / CLEAR 581.586 23.23->1.31s
OK   g31_r0_control_plans.jsonl#9 plan n 80 CLEAR 651.953 / CLEAR 651.953 37.23->2.85s
OK   g31_r0_control_plans.jsonl#9 retract n 60 CLEAR 579.195 / CLEAR 579.195 22.35->2.00s
OK   smoke_mock_plans.jsonl#1 plan n 127 CLEAR 622.731 / CLEAR 622.731 44.10->1.70s
OK   smoke_mock_plans.jsonl#1 retract n 60 CLEAR 622.731 / CLEAR 622.731 20.42->1.47s
OK   g36_planonly_plans_g36_R0.jsonl#2 plan n 126 CLEAR 622.731 / CLEAR 622.731 53.57->3.01s
OK   g36_planonly_plans_g36_R0.jsonl#2 retract n 60 CLEAR 622.731 / CLEAR 622.731 25.18->3.67s
OK   g36_planonly_plans_g36_R0.jsonl#12 plan n 127 CLEAR 556.506 / CLEAR 556.506 46.17->1.82s
OK   g36_planonly_plans_g36_R0.jsonl#12 retract n 60 CLEAR 556.543 / CLEAR 556.543 20.80->1.32s
OK   g36_planonly_plans_g36_R10.jsonl#4 plan n 78 CLEAR 371.025 / CLEAR 371.025 27.77->1.55s
OK   g36_planonly_plans_g36_R10.jsonl#4 retract n 60 CLEAR 500.176 / CLEAR 500.176 25.05->3.83s
OK   g36_planonly_plans_g36_R10.jsonl#14 plan n 126 CLEAR 495.246 / CLEAR 495.246 52.21->1.96s
OK   g36_planonly_plans_g36_R10.jsonl#14 retract n 60 CLEAR 495.370 / CLEAR 495.370 25.14->1.86s
OK   g36_planonly_plans_g36_R10.jsonl#24 plan n 102 CLEAR 622.731 / CLEAR 622.731 46.32->2.05s
OK   g36_planonly_plans_g36_R10.jsonl#24 retract n 60 CLEAR 622.731 / CLEAR 622.731 25.14->2.68s
OK   g36_planonly_plans_g36_R10.jsonl#34 plan n 145 CLEAR 375.176 / CLEAR 375.176 72.02->3.48s
OK   g36_planonly_plans_g36_R10.jsonl#34 retract n 60 CLEAR 472.654 / CLEAR 472.654 24.33->3.82s
OK   g36_planonly_plans_g36_R10.jsonl#44 plan n 27 CLEAR 499.079 / CLEAR 499.079 10.38->1.07s
OK   g36_planonly_plans_g36_R10.jsonl#44 retract n 60 CLEAR 499.209 / CLEAR 499.209 23.07->1.31s
OK   g36_planonly_plans_g36_R10.jsonl#54 plan n 91 CLEAR 543.380 / CLEAR 543.380 35.04->1.57s
OK   g36_planonly_plans_g36_R10.jsonl#54 retract n 60 CLEAR 543.426 / CLEAR 543.426 23.03->1.32s
RINGKAS {"source": "plans", "part": "8/10", "n": 128, "points": 10343, "bad": 0, "t_old": 4641.6, "t_new": 276.6, "verdicts": {"CLEAR": 128, "MARGIN": 0, "COLLIDE": 0}}
