running develop
running egg_info
creating moving_table_pkg.egg-info
writing moving_table_pkg.egg-info/PKG-INFO
writing dependency_links to moving_table_pkg.egg-info/dependency_links.txt
writing entry points to moving_table_pkg.egg-info/entry_points.txt
writing requirements to moving_table_pkg.egg-info/requires.txt
writing top-level names to moving_table_pkg.egg-info/top_level.txt
writing manifest file 'moving_table_pkg.egg-info/SOURCES.txt'
reading manifest file 'moving_table_pkg.egg-info/SOURCES.txt'
writing manifest file 'moving_table_pkg.egg-info/SOURCES.txt'
running build_ext
Creating /home/rama/Documents/code/Docker/moonshot_project/ros2_ws/install/moving_table_pkg/lib/python3.10/site-packages/moving-table-pkg.egg-link (link to .)
Installing dual_table_controller script to /home/rama/Documents/code/Docker/moonshot_project/ros2_ws/install/moving_table_pkg/lib/moving_table_pkg

Installed /home/rama/Documents/code/Docker/moonshot_project/ros2_ws/build/moving_table_pkg
running symlink_data
creating /home/rama/Documents/code/Docker/moonshot_project/ros2_ws/install/moving_table_pkg/share/ament_index
creating /home/rama/Documents/code/Docker/moonshot_project/ros2_ws/install/moving_table_pkg/share/ament_index/resource_index
creating /home/rama/Documents/code/Docker/moonshot_project/ros2_ws/install/moving_table_pkg/share/ament_index/resource_index/packages
symbolically linking /home/rama/Documents/code/Docker/moonshot_project/ros2_ws/build/moving_table_pkg/resource/moving_table_pkg -> /home/rama/Documents/code/Docker/moonshot_project/ros2_ws/install/moving_table_pkg/share/ament_index/resource_index/packages
symbolically linking /home/rama/Documents/code/Docker/moonshot_project/ros2_ws/build/moving_table_pkg/package.xml -> /home/rama/Documents/code/Docker/moonshot_project/ros2_ws/install/moving_table_pkg/share/moving_table_pkg
creating /home/rama/Documents/code/Docker/moonshot_project/ros2_ws/install/moving_table_pkg/share/moving_table_pkg/launch
symbolically linking /home/rama/Documents/code/Docker/moonshot_project/ros2_ws/build/moving_table_pkg/launch/tables.launch.py -> /home/rama/Documents/code/Docker/moonshot_project/ros2_ws/install/moving_table_pkg/share/moving_table_pkg/launch
creating /home/rama/Documents/code/Docker/moonshot_project/ros2_ws/install/moving_table_pkg/share/moving_table_pkg/robots
symbolically linking /home/rama/Documents/code/Docker/moonshot_project/ros2_ws/build/moving_table_pkg/robots/tables.xacro -> /home/rama/Documents/code/Docker/moonshot_project/ros2_ws/install/moving_table_pkg/share/moving_table_pkg/robots
