[0.400s] Invoking command in '/home/rama/Documents/code/Docker/moonshot_project/ros2_ws/build/moving_table_pkg': PYTHONPATH=/home/rama/Documents/code/Docker/moonshot_project/ros2_ws/build/moving_table_pkg/prefix_override:/usr/lib/python3/dist-packages/colcon_core/task/python/colcon_distutils_commands:/home/rama/Documents/code/Docker/moonshot_project/ros2_ws/install/moving_table_pkg/lib/python3.10/site-packages:${PYTHONPATH} /usr/bin/python3 -W ignore:setup.py install is deprecated -W ignore:easy_install command is deprecated setup.py develop --editable --build-directory /home/rama/Documents/code/Docker/moonshot_project/ros2_ws/build/moving_table_pkg/build --no-deps symlink_data
[0.564s] running develop
[0.663s] running egg_info
[0.663s] creating moving_table_pkg.egg-info
[0.663s] writing moving_table_pkg.egg-info/PKG-INFO
[0.663s] writing dependency_links to moving_table_pkg.egg-info/dependency_links.txt
[0.663s] writing entry points to moving_table_pkg.egg-info/entry_points.txt
[0.663s] writing requirements to moving_table_pkg.egg-info/requires.txt
[0.663s] writing top-level names to moving_table_pkg.egg-info/top_level.txt
[0.663s] writing manifest file 'moving_table_pkg.egg-info/SOURCES.txt'
[0.665s] reading manifest file 'moving_table_pkg.egg-info/SOURCES.txt'
[0.665s] writing manifest file 'moving_table_pkg.egg-info/SOURCES.txt'
[0.666s] running build_ext
[0.666s] Creating /home/rama/Documents/code/Docker/moonshot_project/ros2_ws/install/moving_table_pkg/lib/python3.10/site-packages/moving-table-pkg.egg-link (link to .)
[0.666s] Installing dual_table_controller script to /home/rama/Documents/code/Docker/moonshot_project/ros2_ws/install/moving_table_pkg/lib/moving_table_pkg
[0.667s] 
[0.667s] Installed /home/rama/Documents/code/Docker/moonshot_project/ros2_ws/build/moving_table_pkg
[0.667s] running symlink_data
[0.667s] creating /home/rama/Documents/code/Docker/moonshot_project/ros2_ws/install/moving_table_pkg/share/ament_index
[0.667s] creating /home/rama/Documents/code/Docker/moonshot_project/ros2_ws/install/moving_table_pkg/share/ament_index/resource_index
[0.667s] creating /home/rama/Documents/code/Docker/moonshot_project/ros2_ws/install/moving_table_pkg/share/ament_index/resource_index/packages
[0.667s] symbolically linking /home/rama/Documents/code/Docker/moonshot_project/ros2_ws/build/moving_table_pkg/resource/moving_table_pkg -> /home/rama/Documents/code/Docker/moonshot_project/ros2_ws/install/moving_table_pkg/share/ament_index/resource_index/packages
[0.667s] symbolically linking /home/rama/Documents/code/Docker/moonshot_project/ros2_ws/build/moving_table_pkg/package.xml -> /home/rama/Documents/code/Docker/moonshot_project/ros2_ws/install/moving_table_pkg/share/moving_table_pkg
[0.667s] creating /home/rama/Documents/code/Docker/moonshot_project/ros2_ws/install/moving_table_pkg/share/moving_table_pkg/launch
[0.667s] symbolically linking /home/rama/Documents/code/Docker/moonshot_project/ros2_ws/build/moving_table_pkg/launch/tables.launch.py -> /home/rama/Documents/code/Docker/moonshot_project/ros2_ws/install/moving_table_pkg/share/moving_table_pkg/launch
[0.667s] creating /home/rama/Documents/code/Docker/moonshot_project/ros2_ws/install/moving_table_pkg/share/moving_table_pkg/robots
[0.667s] symbolically linking /home/rama/Documents/code/Docker/moonshot_project/ros2_ws/build/moving_table_pkg/robots/tables.xacro -> /home/rama/Documents/code/Docker/moonshot_project/ros2_ws/install/moving_table_pkg/share/moving_table_pkg/robots
[0.686s] Invoked command in '/home/rama/Documents/code/Docker/moonshot_project/ros2_ws/build/moving_table_pkg' returned '0': PYTHONPATH=/home/rama/Documents/code/Docker/moonshot_project/ros2_ws/build/moving_table_pkg/prefix_override:/usr/lib/python3/dist-packages/colcon_core/task/python/colcon_distutils_commands:/home/rama/Documents/code/Docker/moonshot_project/ros2_ws/install/moving_table_pkg/lib/python3.10/site-packages:${PYTHONPATH} /usr/bin/python3 -W ignore:setup.py install is deprecated -W ignore:easy_install command is deprecated setup.py develop --editable --build-directory /home/rama/Documents/code/Docker/moonshot_project/ros2_ws/build/moving_table_pkg/build --no-deps symlink_data
