1791339091.8943 pids monitor [1977302] recorder [1977284] ros2_control_node [1976461]
1791339094.1210   event 0: {'kind': 'retract', 'gantry': 1, 'stop': 0}
1791339094.1211   event 1: {'kind': 'traverse', 'gantry': 1, 'stop': 0, 'frm': (0.0, 0.0), 'to': (0.9, 0.0)}
1791339094.1211   event 2: {'kind': 'task', 'gantry': 1, 'stop': 0, 'arm': 'arm_1', 'task': 4, 'xyz': [1.3571, 0.3882, 1.24]}
1791339094.1212   event 3: {'kind': 'retract', 'gantry': 1, 'stop': 1}
1791339094.1212   event 4: {'kind': 'traverse', 'gantry': 1, 'stop': 1, 'frm': (0.9, 0.0), 'to': (1.35, 0.0)}
1791339094.1212   event 5: {'kind': 'task', 'gantry': 1, 'stop': 1, 'arm': 'arm_1', 'task': 3, 'xyz': [1.8571, 0.3176, 1.08]}
1791339094.1213   event 6: {'kind': 'retract', 'gantry': 2, 'stop': 0}
1791339094.1213   event 7: {'kind': 'traverse', 'gantry': 2, 'stop': 0, 'frm': (0.0, 0.0), 'to': (0.6, -0.17453292519943295)}
1791339094.1213   event 8: {'kind': 'task', 'gantry': 2, 'stop': 0, 'arm': 'arm_3', 'task': 0, 'xyz': [0.7857, -0.4588, 1.0]}
1791339094.1214   event 9: {'kind': 'task', 'gantry': 2, 'stop': 0, 'arm': 'arm_4', 'task': 1, 'xyz': [0.3571, -0.3176, 1.08]}
1791339094.1214   event 10: {'kind': 'task', 'gantry': 2, 'stop': 0, 'arm': 'arm_3', 'task': 5, 'xyz': [0.9286, -0.4588, 1.0]}
1791339094.1214   event 11: {'kind': 'retract', 'gantry': 2, 'stop': 1}
1791339094.1214   event 12: {'kind': 'traverse', 'gantry': 2, 'stop': 1, 'frm': (0.6, -0.17453292519943295), 'to': (1.45, 0.0)}
1791339094.1214   event 13: {'kind': 'task', 'gantry': 2, 'stop': 1, 'arm': 'arm_3', 'task': 2, 'xyz': [1.9286, -0.3176, 1.16]}
1791339094.1215 awal: maks |q - REST| keempat lengan 0.043 deg; rel t1 0.000681 t2 0.000147
1791339094.1457 ===== t0 1791339094.1457
1791339094.1698   [0] retract g1  
1791339096.6955   [0] rc=0 2.53 s
1791339096.7195   [1] traverse g1  (0.9, 0.0)
1791339156.7193   [1] rc=0 60.00 s
1791339156.7438   [2] task g1 arm_1 [1.3571, 0.3882, 1.24]
1791339207.4886   [2] rc=0 50.74 s success@113.15
1791339207.5134   [3] retract g1  
1791339261.4838   [3] rc=0 53.97 s
1791339261.5103   [4] traverse g1  (1.35, 0.0)
1791339294.5788   [4] rc=0 33.07 s
1791339294.6051   [5] task g1 arm_1 [1.8571, 0.3176, 1.08]
1791339344.2886   [5] rc=0 49.68 s success@249.95
1791339344.3155   [6] retract g2  
1791339347.1570   [6] rc=0 2.84 s
1791339347.1860   [7] traverse g2  (0.6, -0.17453292519943295)
1791339391.3569   [7] rc=0 44.17 s
1791339391.3864   [8] task g2 arm_3 [0.7857, -0.4588, 1.0]
1791339446.8431   [8] rc=0 55.46 s
