  seed 36 R10 sampel 1/3
    [0] retract g1: sudah REST -> dilewati
    [1] traverse g1 (0.000, +0) -> (0.900, +0): CLEAR min 380.0 mm (lengan 498.9, SS 380.0, n 91) ('t1_platform_link_0', 't2_platform_link_0')
[INFO] [1791336537.972862728] [reach_dwell_probe]: torsi RNEA+offset(per-aktuator) vs rating: 1=0.02->6.62/10, 2=2.57->10.27/14, 3=2.43->9.03/10, 4=0.41->2.39/7, 5=0.07->2.05/7, 6=0.00->1.98/7  (terketat t1_a1_joint_3 90 %)
[INFO] [1791336568.709354388] [reach_dwell_probe]: jarak antar-lengan minimum sepanjang rencana: 547.5 mm di titik 86 (t1_a1_arm_link_0 <-> t1_a2_arm_link_0) -> CLEAR
    [2] task t4 arm_1 -> [1.3571, 0.3882, 1.24] @(0.900, +0): PLANNED (30.8 s)
    [3] retract g1 @rot +0: se-gantry 547.5 / antar 509.7 mm -> CLEAR
    [4] traverse g1 (0.900, +0) -> (1.350, +0): CLEAR min 509.7 mm (lengan 509.7, SS 584.0, n 47) ('t1_a2_right_finger_prox_link_0', 't2_a1_right_finger_prox_link_0')
[INFO] [1791336579.833691613] [reach_dwell_probe]: torsi RNEA+offset(per-aktuator) vs rating: 1=0.08->6.68/10, 2=4.91->12.61/14, 3=1.02->7.62/10, 4=0.21->2.19/7, 5=0.05->2.03/7, 6=0.00->1.98/7  (terketat t1_a1_joint_2 90 %)
[INFO] [1791336593.961200831] [reach_dwell_probe]: jarak antar-lengan minimum sepanjang rencana: 622.7 mm di titik 0 (t1_a1_arm_link_0 <-> t1_a2_arm_link_0) -> CLEAR
    [5] task t3 arm_1 -> [1.8571, 0.3176, 1.08] @(1.350, +0): PLANNED (14.2 s)
    [6] retract g2: sudah REST -> dilewati
    [7] traverse g2 (0.000, +0) -> (0.600, -10): CLEAR min 498.9 mm (lengan 498.9, SS 522.4, n 671) ('t1_a2_right_finger_prox_link_0', 't2_a1_right_finger_prox_link_0')
[INFO] [1791336597.098238982] [reach_dwell_probe]: torsi RNEA+offset(per-aktuator) vs rating: 1=0.01->6.61/10, 2=4.35->12.05/14, 3=0.47->7.07/10, 4=0.09->2.07/7, 5=0.06->2.04/7, 6=0.00->1.98/7  (terketat t2_a1_joint_2 86 %)
[INFO] [1791336625.494725958] [reach_dwell_probe]: jarak antar-lengan minimum sepanjang rencana: 491.0 mm di titik 120 (t2_a1_lower_wrist_link_0 <-> t2_a2_upper_wrist_link_0) -> CLEAR
    [8] task t0 arm_3 -> [0.7857, -0.4588, 1.0] @(0.600, -10): PLANNED (28.5 s)
[INFO] [1791336625.530467242] [reach_dwell_probe]: torsi RNEA+offset(per-aktuator) vs rating: 1=0.00->6.60/10, 2=0.56->8.26/14, 3=1.94->8.54/10, 4=0.35->2.33/7, 5=0.06->2.04/7, 6=0.00->1.98/7  (terketat t2_a2_joint_3 85 %)
[INFO] [1791336649.810974773] [reach_dwell_probe]: jarak antar-lengan minimum sepanjang rencana: 379.9 mm di titik 73 (t2_a1_lower_wrist_link_0 <-> t2_a2_upper_wrist_link_0) -> CLEAR
    [9] task t1 arm_4 -> [0.3571, -0.3176, 1.08] @(0.600, -10): PLANNED (24.3 s)
[INFO] [1791336649.859635505] [reach_dwell_probe]: torsi RNEA+offset(per-aktuator) vs rating: 1=0.02->6.62/10, 2=4.41->12.11/14, 3=1.30->7.90/10, 4=0.23->2.21/7, 5=0.06->2.04/7, 6=0.00->1.98/7  (terketat t2_a1_joint_2 86 %)
[INFO] [1791336663.997511117] [reach_dwell_probe]: jarak antar-lengan minimum sepanjang rencana: 379.9 mm di titik 0 (t2_a1_lower_wrist_link_0 <-> t2_a2_upper_wrist_link_0) -> CLEAR
    [10] task t5 arm_3 -> [0.9286, -0.4588, 1.0] @(0.600, -10): PLANNED (14.2 s)
    [11] retract g2 @rot -10: se-gantry 524.1 / antar 569.6 mm -> CLEAR
    [12] traverse g2 (0.600, -10) -> (1.450, +0): CLEAR min 380.0 mm (lengan 430.9, SS 380.0, n 946) ('t1_platform_link_0', 't2_platform_link_0')
[INFO] [1791336682.065532655] [reach_dwell_probe]: torsi RNEA+offset(per-aktuator) vs rating: 1=0.02->6.62/10, 2=1.66->9.36/14, 3=2.32->8.92/10, 4=0.39->2.37/7, 5=0.06->2.04/7, 6=0.00->1.98/7  (terketat t2_a1_joint_3 89 %)
[INFO] [1791336705.288088448] [reach_dwell_probe]: jarak antar-lengan minimum sepanjang rencana: 420.5 mm di titik 126 (t1_a1_forearm_link_0 <-> t2_a1_lower_wrist_link_0) -> CLEAR
    [13] task t2 arm_3 -> [1.9286, -0.3176, 1.16] @(1.450, +0): PLANNED (23.3 s)
  seed 36 R10 sampel 2/3
    [0] retract g1: sudah REST -> dilewati
    [1] traverse g1 (0.000, +0) -> (0.900, +0): CLEAR min 380.0 mm (lengan 498.9, SS 380.0, n 91) ('t1_platform_link_0', 't2_platform_link_0')
[INFO] [1791336705.773391969] [reach_dwell_probe]: torsi RNEA+offset(per-aktuator) vs rating: 1=0.02->6.62/10, 2=2.45->10.15/14, 3=2.43->9.03/10, 4=0.41->2.39/7, 5=0.07->2.05/7, 6=0.00->1.98/7  (terketat t1_a1_joint_3 90 %)
[INFO] [1791336728.869149684] [reach_dwell_probe]: jarak antar-lengan minimum sepanjang rencana: 548.5 mm di titik 88 (t1_a1_arm_link_0 <-> t1_a2_arm_link_0) -> CLEAR
    [2] task t4 arm_1 -> [1.3571, 0.3882, 1.24] @(0.900, +0): PLANNED (23.2 s)
    [3] retract g1 @rot +0: se-gantry 548.5 / antar 509.7 mm -> CLEAR
    [4] traverse g1 (0.900, +0) -> (1.350, +0): CLEAR min 509.7 mm (lengan 509.7, SS 584.0, n 47) ('t1_a2_right_finger_prox_link_0', 't2_a1_right_finger_prox_link_0')
[INFO] [1791336740.017824563] [reach_dwell_probe]: torsi RNEA+offset(per-aktuator) vs rating: 1=0.02->6.62/10, 2=4.99->12.69/14, 3=1.11->7.71/10, 4=0.19->2.17/7, 5=0.08->2.06/7, 6=0.00->1.98/7  (terketat t1_a1_joint_2 91 %)
[INFO] [1791336767.609658658] [reach_dwell_probe]: jarak antar-lengan minimum sepanjang rencana: 622.7 mm di titik 0 (t1_a1_arm_link_0 <-> t1_a2_arm_link_0) -> CLEAR
    [5] task t3 arm_1 -> [1.8571, 0.3176, 1.08] @(1.350, +0): PLANNED (27.7 s)
    [6] retract g2: sudah REST -> dilewati
    [7] traverse g2 (0.000, +0) -> (0.600, -10): CLEAR min 498.9 mm (lengan 498.9, SS 522.4, n 671) ('t1_a2_right_finger_prox_link_0', 't2_a1_right_finger_prox_link_0')
[INFO] [1791336770.658135250] [reach_dwell_probe]: torsi RNEA+offset(per-aktuator) vs rating: 1=0.04->6.64/10, 2=3.87->11.57/14, 3=0.38->6.98/10, 4=0.09->2.07/7, 5=0.05->2.03/7, 6=0.00->1.98/7  (terketat t2_a1_joint_2 83 %)
[INFO] [1791336775.294564186] [reach_dwell_probe]: jarak antar-lengan minimum sepanjang rencana: 487.8 mm di titik 23 (t2_a1_upper_wrist_link_0 <-> t2_a2_upper_wrist_link_0) -> CLEAR
    [8] task t0 arm_3 -> [0.7857, -0.4588, 1.0] @(0.600, -10): PLANNED (4.7 s)
[INFO] [1791336775.355732526] [reach_dwell_probe]: torsi RNEA+offset(per-aktuator) vs rating: 1=0.03->6.63/10, 2=5.13->12.83/14, 3=0.99->7.59/10, 4=0.14->2.12/7, 5=0.06->2.04/7, 6=0.00->1.98/7  (terketat t2_a2_joint_2 92 %)
[INFO] [1791336803.558696047] [reach_dwell_probe]: jarak antar-lengan minimum sepanjang rencana: 357.5 mm di titik 130 (t2_a1_arm_link_0 <-> t2_a2_forearm_link_0) -> CLEAR
    [9] task t1 arm_4 -> [0.3571, -0.3176, 1.08] @(0.600, -10): PLANNED (28.3 s)
[INFO] [1791336803.608081984] [reach_dwell_probe]: torsi RNEA+offset(per-aktuator) vs rating: 1=0.02->6.62/10, 2=4.13->11.83/14, 3=0.92->7.52/10, 4=0.15->2.13/7, 5=0.06->2.04/7, 6=0.00->1.98/7  (terketat t2_a1_joint_2 85 %)
[INFO] [1791336831.785750792] [reach_dwell_probe]: jarak antar-lengan minimum sepanjang rencana: 357.0 mm di titik 14 (t2_a1_arm_link_0 <-> t2_a2_forearm_link_0) -> CLEAR
    [10] task t5 arm_3 -> [0.9286, -0.4588, 1.0] @(0.600, -10): PLANNED (28.2 s)
    [11] retract g2 @rot -10: se-gantry 380.2 / antar 569.6 mm -> CLEAR
    [12] traverse g2 (0.600, -10) -> (1.450, +0): CLEAR min 380.0 mm (lengan 460.5, SS 380.0, n 946) ('t1_platform_link_0', 't2_platform_link_0')
[INFO] [1791336849.625454706] [reach_dwell_probe]: torsi RNEA+offset(per-aktuator) vs rating: 1=0.05->6.65/10, 2=4.94->12.64/14, 3=1.62->8.22/10, 4=0.30->2.28/7, 5=0.06->2.04/7, 6=0.00->1.98/7  (terketat t2_a1_joint_2 90 %)
[INFO] [1791336867.985595385] [reach_dwell_probe]: jarak antar-lengan minimum sepanjang rencana: 531.8 mm di titik 30 (t1_a1_right_finger_prox_link_0 <-> t2_a1_upper_wrist_link_0) -> CLEAR
    [13] task t2 arm_3 -> [1.9286, -0.3176, 1.16] @(1.450, +0): PLANNED (18.4 s)
  seed 36 R10 sampel 3/3
    [0] retract g1: sudah REST -> dilewati
    [1] traverse g1 (0.000, +0) -> (0.900, +0): CLEAR min 380.0 mm (lengan 498.9, SS 380.0, n 91) ('t1_platform_link_0', 't2_platform_link_0')
[INFO] [1791336868.463565249] [reach_dwell_probe]: torsi RNEA+offset(per-aktuator) vs rating: 1=0.06->6.66/10, 2=4.08->11.78/14, 3=2.24->8.84/10, 4=0.39->2.37/7, 5=0.05->2.03/7, 6=0.00->1.98/7  (terketat t1_a1_joint_3 88 %)
[INFO] [1791336889.652140609] [reach_dwell_probe]: jarak antar-lengan minimum sepanjang rencana: 622.7 mm di titik 0 (t1_a1_arm_link_0 <-> t1_a2_arm_link_0) -> CLEAR
    [2] task t4 arm_1 -> [1.3571, 0.3882, 1.24] @(0.900, +0): PLANNED (21.3 s)
    [3] retract g1 @rot +0: se-gantry 622.7 / antar 509.7 mm -> CLEAR
    [4] traverse g1 (0.900, +0) -> (1.350, +0): CLEAR min 509.7 mm (lengan 509.7, SS 584.0, n 47) ('t1_a2_right_finger_prox_link_0', 't2_a1_right_finger_prox_link_0')
[INFO] [1791336901.983583237] [reach_dwell_probe]: torsi RNEA+offset(per-aktuator) vs rating: 1=0.02->6.62/10, 2=0.48->8.18/14, 3=2.23->8.83/10, 4=0.34->2.32/7, 5=0.06->2.04/7, 6=0.00->1.98/7  (terketat t1_a1_joint_3 88 %)
[INFO] [1791336918.600784861] [reach_dwell_probe]: jarak antar-lengan minimum sepanjang rencana: 606.9 mm di titik 45 (t1_a1_forearm_link_0 <-> t1_a2_arm_link_0) -> CLEAR
    [5] task t3 arm_1 -> [1.8571, 0.3176, 1.08] @(1.350, +0): PLANNED (16.7 s)
    [6] retract g2: sudah REST -> dilewati
    [7] traverse g2 (0.000, +0) -> (0.600, -10): CLEAR min 498.9 mm (lengan 498.9, SS 522.4, n 671) ('t1_a2_right_finger_prox_link_0', 't2_a1_right_finger_prox_link_0')
[INFO] [1791336921.645328196] [reach_dwell_probe]: torsi RNEA+offset(per-aktuator) vs rating: 1=0.02->6.62/10, 2=4.07->11.77/14, 3=0.38->6.98/10, 4=0.01->1.99/7, 5=0.06->2.04/7, 6=0.00->1.98/7  (terketat t2_a1_joint_2 84 %)
[INFO] [1791336931.260191673] [reach_dwell_probe]: jarak antar-lengan minimum sepanjang rencana: 495.7 mm di titik 44 (t2_a1_upper_wrist_link_0 <-> t2_a2_upper_wrist_link_0) -> CLEAR
    [8] task t0 arm_3 -> [0.7857, -0.4588, 1.0] @(0.600, -10): PLANNED (9.7 s)
[INFO] [1791336931.314033427] [reach_dwell_probe]: torsi RNEA+offset(per-aktuator) vs rating: 1=0.02->6.62/10, 2=4.83->12.53/14, 3=1.07->7.67/10, 4=0.13->2.11/7, 5=0.05->2.03/7, 6=0.00->1.98/7  (terketat t2_a2_joint_2 89 %)
[INFO] [1791336943.756250485] [reach_dwell_probe]: jarak antar-lengan minimum sepanjang rencana: 349.4 mm di titik 52 (t2_a1_arm_link_0 <-> t2_a2_arm_link_0) -> CLEAR
    [9] task t1 arm_4 -> [0.3571, -0.3176, 1.08] @(0.600, -10): PLANNED (12.5 s)
[INFO] [1791336943.816150549] [reach_dwell_probe]: torsi RNEA+offset(per-aktuator) vs rating: 1=0.07->6.67/10, 2=4.18->11.88/14, 3=1.43->8.03/10, 4=0.19->2.17/7, 5=0.06->2.04/7, 6=0.00->1.98/7  (terketat t2_a1_joint_2 85 %)
[INFO] [1791336961.739732839] [reach_dwell_probe]: jarak antar-lengan minimum sepanjang rencana: 349.4 mm di titik 0 (t2_a1_arm_link_0 <-> t2_a2_arm_link_0) -> CLEAR
    [10] task t5 arm_3 -> [0.9286, -0.4588, 1.0] @(0.600, -10): PLANNED (18.0 s)
    [11] retract g2 @rot -10: se-gantry 489.5 / antar 566.6 mm -> CLEAR
    [12] traverse g2 (0.600, -10) -> (1.450, +0): CLEAR min 380.0 mm (lengan 460.5, SS 380.0, n 946) ('t1_platform_link_0', 't2_platform_link_0')
[INFO] [1791336981.773088269] [reach_dwell_probe]: torsi RNEA+offset(per-aktuator) vs rating: 1=0.10->6.70/10, 2=4.19->11.89/14, 3=2.04->8.64/10, 4=0.30->2.28/7, 5=0.06->2.04/7, 6=0.00->1.98/7  (terketat t2_a1_joint_3 86 %)
[INFO] [1791337001.963588378] [reach_dwell_probe]: jarak antar-lengan minimum sepanjang rencana: 411.6 mm di titik 85 (t1_a1_lower_wrist_link_0 <-> t2_a1_forearm_link_0) -> CLEAR
    [13] task t2 arm_3 -> [1.9286, -0.3176, 1.16] @(1.450, +0): PLANNED (20.2 s)
seed 36 R10: PLANNED/PLANNED/PLANNED -> LOLOS
  seed 36 R0 sampel 1/3
    [0] retract g1: sudah REST -> dilewati
    [1] traverse g1 (0.000, +0) -> (0.900, +0): CLEAR min 380.0 mm (lengan 498.9, SS 380.0, n 91) ('t1_platform_link_0', 't2_platform_link_0')
[INFO] [1791337018.621614508] [reach_dwell_probe]: torsi RNEA+offset(per-aktuator) vs rating: 1=0.09->6.69/10, 2=4.42->12.12/14, 3=2.23->8.83/10, 4=0.36->2.34/7, 5=0.06->2.04/7, 6=0.00->1.98/7  (terketat t1_a1_joint_3 88 %)
[INFO] [1791337048.353851606] [reach_dwell_probe]: jarak antar-lengan minimum sepanjang rencana: 577.6 mm di titik 31 (t1_a1_arm_link_0 <-> t1_a2_arm_link_0) -> CLEAR
    [2] task t4 arm_1 -> [1.3571, 0.3882, 1.24] @(0.900, +0): PLANNED (29.8 s)
    [3] retract g1 @rot +0: se-gantry 577.6 / antar 509.7 mm -> CLEAR
    [4] traverse g1 (0.900, +0) -> (1.350, +0): CLEAR min 509.7 mm (lengan 509.7, SS 584.0, n 47) ('t1_a2_right_finger_prox_link_0', 't2_a1_right_finger_prox_link_0')
[INFO] [1791337059.345112047] [reach_dwell_probe]: torsi RNEA+offset(per-aktuator) vs rating: 1=0.12->6.72/10, 2=5.15->12.85/14, 3=0.91->7.51/10, 4=0.20->2.18/7, 5=0.06->2.04/7, 6=0.00->1.98/7  (terketat t1_a1_joint_2 92 %)
[INFO] [1791337073.939923324] [reach_dwell_probe]: jarak antar-lengan minimum sepanjang rencana: 622.7 mm di titik 0 (t1_a1_arm_link_0 <-> t1_a2_arm_link_0) -> CLEAR
    [5] task t3 arm_1 -> [1.8571, 0.3176, 1.08] @(1.350, +0): PLANNED (14.6 s)
[INFO] [1791337074.007709051] [reach_dwell_probe]: torsi RNEA+offset(per-aktuator) vs rating: 1=0.06->6.66/10, 2=2.48->10.18/14, 3=1.86->8.46/10, 4=0.32->2.30/7, 5=0.10->2.08/7, 6=0.00->1.98/7  (terketat t2_a1_joint_3 85 %)
[INFO] [1791337104.045357634] [reach_dwell_probe]: jarak antar-lengan minimum sepanjang rencana: 622.7 mm di titik 0 (t2_a1_arm_link_0 <-> t2_a2_arm_link_0) -> CLEAR
    [6] task t1 arm_3 -> [0.3571, -0.3176, 1.08] @(0.000, +0): PLANNED (30.1 s)
    [7] retract g2 @rot +0: se-gantry 622.7 / antar 712.9 mm -> CLEAR
    [8] traverse g2 (0.000, +0) -> (0.200, +0): CLEAR min 611.7 mm (lengan 611.7, SS 690.6, n 21) ('t1_a2_right_finger_prox_link_0', 't2_a1_right_finger_prox_link_0')
[INFO] [1791337116.804903205] [reach_dwell_probe]: torsi RNEA+offset(per-aktuator) vs rating: 1=0.02->6.62/10, 2=3.72->11.42/14, 3=1.44->8.04/10, 4=0.23->2.21/7, 5=0.05->2.03/7, 6=0.00->1.98/7  (terketat t2_a1_joint_2 82 %)
[INFO] [1791337141.623527763] [reach_dwell_probe]: jarak antar-lengan minimum sepanjang rencana: 558.9 mm di titik 26 (t1_a2_right_finger_prox_link_0 <-> t2_a1_right_finger_prox_link_0) -> CLEAR
    [9] task t0 arm_3 -> [0.7857, -0.4588, 1.0] @(0.200, +0): PLANNED (24.9 s)
    [10] retract g2 @rot +0: se-gantry 622.7 / antar 558.9 mm -> CLEAR
    [11] traverse g2 (0.200, +0) -> (1.450, +0): CLEAR min 380.0 mm (lengan 442.7, SS 380.0, n 126) ('t1_platform_link_0', 't2_platform_link_0')
[INFO] [1791337153.905021238] [reach_dwell_probe]: torsi RNEA+offset(per-aktuator) vs rating: 1=0.03->6.63/10, 2=1.86->9.56/14, 3=2.45->9.05/10, 4=0.37->2.35/7, 5=0.06->2.04/7, 6=0.00->1.98/7  (terketat t2_a1_joint_3 90 %)
[INFO] [1791337170.684643818] [reach_dwell_probe]: jarak antar-lengan minimum sepanjang rencana: 397.2 mm di titik 74 (t1_a1_forearm_link_0 <-> t2_a1_arm_link_0) -> CLEAR
    [12] task t2 arm_3 -> [1.9286, -0.3176, 1.16] @(1.450, +0): PLANNED (16.8 s)
[INFO] [1791337170.719921106] [reach_dwell_probe]: torsi RNEA+offset(per-aktuator) vs rating: 1=0.01->6.61/10, 2=1.89->9.59/14, 3=1.71->8.31/10, 4=0.25->2.23/7, 5=0.06->2.04/7, 6=0.00->1.98/7  (terketat t2_a2_joint_3 83 %)
[INFO] [1791337180.281748410] [reach_dwell_probe]: jarak antar-lengan minimum sepanjang rencana: 528.7 mm di titik 0 (t1_platform_link_0 <-> t2_a2_base_link_0) -> CLEAR
    [13] task t5 arm_4 -> [0.9286, -0.4588, 1.0] @(1.450, +0): PLANNED (9.6 s)
  seed 36 R0 sampel 2/3
    [0] retract g1: sudah REST -> dilewati
    [1] traverse g1 (0.000, +0) -> (0.900, +0): CLEAR min 380.0 mm (lengan 498.9, SS 380.0, n 91) ('t1_platform_link_0', 't2_platform_link_0')
[INFO] [1791337180.785599751] [reach_dwell_probe]: torsi RNEA+offset(per-aktuator) vs rating: 1=0.06->6.66/10, 2=4.21->11.91/14, 3=2.37->8.97/10, 4=0.38->2.36/7, 5=0.05->2.03/7, 6=0.00->1.98/7  (terketat t1_a1_joint_3 90 %)
[INFO] [1791337200.731433563] [reach_dwell_probe]: jarak antar-lengan minimum sepanjang rencana: 549.5 mm di titik 43 (t1_a1_forearm_link_0 <-> t1_a2_arm_link_0) -> CLEAR
    [2] task t4 arm_1 -> [1.3571, 0.3882, 1.24] @(0.900, +0): PLANNED (20.0 s)
    [3] retract g1 @rot +0: se-gantry 549.6 / antar 509.7 mm -> CLEAR
    [4] traverse g1 (0.900, +0) -> (1.350, +0): CLEAR min 509.7 mm (lengan 509.7, SS 584.0, n 47) ('t1_a2_right_finger_prox_link_0', 't2_a1_right_finger_prox_link_0')
[INFO] [1791337213.968107928] [reach_dwell_probe]: torsi RNEA+offset(per-aktuator) vs rating: 1=0.00->6.60/10, 2=0.54->8.24/14, 3=2.08->8.68/10, 4=0.35->2.33/7, 5=0.06->2.04/7, 6=0.00->1.98/7  (terketat t1_a1_joint_3 87 %)
[INFO] [1791337238.476188231] [reach_dwell_probe]: jarak antar-lengan minimum sepanjang rencana: 564.2 mm di titik 126 (t1_a1_forearm_link_0 <-> t1_a2_arm_link_0) -> CLEAR
    [5] task t3 arm_1 -> [1.8571, 0.3176, 1.08] @(1.350, +0): PLANNED (24.6 s)
[INFO] [1791337238.547870430] [reach_dwell_probe]: torsi RNEA+offset(per-aktuator) vs rating: 1=0.05->6.65/10, 2=3.25->10.95/14, 3=1.65->8.25/10, 4=0.27->2.25/7, 5=0.05->2.03/7, 6=0.00->1.98/7  (terketat t2_a1_joint_3 83 %)
[INFO] [1791337264.711771139] [reach_dwell_probe]: jarak antar-lengan minimum sepanjang rencana: 587.5 mm di titik 51 (t2_a1_forearm_link_0 <-> t2_a2_arm_link_0) -> CLEAR
    [6] task t1 arm_3 -> [0.3571, -0.3176, 1.08] @(0.000, +0): PLANNED (26.2 s)
    [7] retract g2 @rot +0: se-gantry 587.5 / antar 638.9 mm -> CLEAR
    [8] traverse g2 (0.000, +0) -> (0.200, +0): CLEAR min 611.7 mm (lengan 611.7, SS 690.6, n 21) ('t1_a2_right_finger_prox_link_0', 't2_a1_right_finger_prox_link_0')
[INFO] [1791337277.279670085] [reach_dwell_probe]: torsi RNEA+offset(per-aktuator) vs rating: 1=0.02->6.62/10, 2=3.69->11.39/14, 3=1.42->8.02/10, 4=0.23->2.21/7, 5=0.06->2.04/7, 6=0.00->1.98/7  (terketat t2_a1_joint_2 81 %)
[INFO] [1791337304.372239571] [reach_dwell_probe]: jarak antar-lengan minimum sepanjang rencana: 559.4 mm di titik 26 (t1_a2_right_finger_prox_link_0 <-> t2_a1_right_finger_prox_link_0) -> CLEAR
    [9] task t0 arm_3 -> [0.7857, -0.4588, 1.0] @(0.200, +0): PLANNED (27.2 s)
    [10] retract g2 @rot +0: se-gantry 622.7 / antar 559.5 mm -> CLEAR
    [11] traverse g2 (0.200, +0) -> (1.450, +0): CLEAR min 380.0 mm (lengan 498.9, SS 380.0, n 126) ('t1_platform_link_0', 't2_platform_link_0')
[INFO] [1791337317.870208350] [reach_dwell_probe]: torsi RNEA+offset(per-aktuator) vs rating: 1=0.04->6.64/10, 2=4.83->12.53/14, 3=1.66->8.26/10, 4=0.31->2.29/7, 5=0.05->2.03/7, 6=0.00->1.98/7  (terketat t2_a1_joint_2 89 %)
[INFO] [1791337336.435867962] [reach_dwell_probe]: jarak antar-lengan minimum sepanjang rencana: 537.9 mm di titik 32 (t1_a1_right_finger_prox_link_0 <-> t2_a1_upper_wrist_link_0) -> CLEAR
    [12] task t2 arm_3 -> [1.9286, -0.3176, 1.16] @(1.450, +0): PLANNED (18.6 s)
[INFO] [1791337336.494519699] [reach_dwell_probe]: torsi RNEA+offset(per-aktuator) vs rating: 1=0.01->6.61/10, 2=1.88->9.58/14, 3=1.56->8.16/10, 4=0.25->2.23/7, 5=0.06->2.04/7, 6=0.00->1.98/7  (terketat t2_a2_joint_3 82 %)
[INFO] [1791337360.307295444] [reach_dwell_probe]: jarak antar-lengan minimum sepanjang rencana: 528.7 mm di titik 0 (t1_platform_link_0 <-> t2_a2_base_link_0) -> CLEAR
    [13] task t5 arm_4 -> [0.9286, -0.4588, 1.0] @(1.450, +0): PLANNED (23.9 s)
  seed 36 R0 sampel 3/3
    [0] retract g1: sudah REST -> dilewati
    [1] traverse g1 (0.000, +0) -> (0.900, +0): CLEAR min 380.0 mm (lengan 498.9, SS 380.0, n 91) ('t1_platform_link_0', 't2_platform_link_0')
[INFO] [1791337360.794872026] [reach_dwell_probe]: torsi RNEA+offset(per-aktuator) vs rating: 1=0.07->6.67/10, 2=4.35->12.05/14, 3=2.24->8.84/10, 4=0.37->2.35/7, 5=0.05->2.03/7, 6=0.00->1.98/7  (terketat t1_a1_joint_3 88 %)
[INFO] [1791337384.610421597] [reach_dwell_probe]: jarak antar-lengan minimum sepanjang rencana: 578.2 mm di titik 31 (t1_a1_arm_link_0 <-> t1_a2_arm_link_0) -> CLEAR
    [2] task t4 arm_1 -> [1.3571, 0.3882, 1.24] @(0.900, +0): PLANNED (23.9 s)
    [3] retract g1 @rot +0: se-gantry 578.3 / antar 509.7 mm -> CLEAR
    [4] traverse g1 (0.900, +0) -> (1.350, +0): CLEAR min 509.7 mm (lengan 509.7, SS 584.0, n 47) ('t1_a2_right_finger_prox_link_0', 't2_a1_right_finger_prox_link_0')
[INFO] [1791337396.306357062] [reach_dwell_probe]: torsi RNEA+offset(per-aktuator) vs rating: 1=0.02->6.62/10, 2=0.46->8.16/14, 3=2.23->8.83/10, 4=0.34->2.32/7, 5=0.05->2.03/7, 6=0.00->1.98/7  (terketat t1_a1_joint_3 88 %)
[INFO] [1791337417.534970309] [reach_dwell_probe]: jarak antar-lengan minimum sepanjang rencana: 606.6 mm di titik 57 (t1_a1_forearm_link_0 <-> t1_a2_arm_link_0) -> CLEAR
    [5] task t3 arm_1 -> [1.8571, 0.3176, 1.08] @(1.350, +0): PLANNED (21.3 s)
[INFO] [1791337417.596456442] [reach_dwell_probe]: torsi RNEA+offset(per-aktuator) vs rating: 1=0.01->6.61/10, 2=2.79->10.49/14, 3=1.87->8.47/10, 4=0.28->2.26/7, 5=0.06->2.04/7, 6=0.00->1.98/7  (terketat t2_a1_joint_3 85 %)
[INFO] [1791337430.988100320] [reach_dwell_probe]: jarak antar-lengan minimum sepanjang rencana: 486.3 mm di titik 59 (t2_a1_arm_link_0 <-> t2_a2_arm_link_0) -> CLEAR
    [6] task t1 arm_3 -> [0.3571, -0.3176, 1.08] @(0.000, +0): PLANNED (13.5 s)
    [7] retract g2 @rot +0: se-gantry 486.4 / antar 745.4 mm -> CLEAR
    [8] traverse g2 (0.000, +0) -> (0.200, +0): CLEAR min 611.7 mm (lengan 611.7, SS 690.6, n 21) ('t1_a2_right_finger_prox_link_0', 't2_a1_right_finger_prox_link_0')
[INFO] [1791337444.278750975] [reach_dwell_probe]: torsi RNEA+offset(per-aktuator) vs rating: 1=0.02->6.62/10, 2=3.64->11.34/14, 3=1.45->8.05/10, 4=0.23->2.21/7, 5=0.06->2.04/7, 6=0.00->1.98/7  (terketat t2_a1_joint_2 81 %)
[INFO] [1791337469.357358398] [reach_dwell_probe]: jarak antar-lengan minimum sepanjang rencana: 558.2 mm di titik 26 (t1_a2_right_finger_prox_link_0 <-> t2_a1_right_finger_prox_link_0) -> CLEAR
    [9] task t0 arm_3 -> [0.7857, -0.4588, 1.0] @(0.200, +0): PLANNED (25.1 s)
    [10] retract g2 @rot +0: se-gantry 622.7 / antar 558.2 mm -> CLEAR
    [11] traverse g2 (0.200, +0) -> (1.450, +0): CLEAR min 380.0 mm (lengan 498.9, SS 380.0, n 126) ('t1_platform_link_0', 't2_platform_link_0')
[INFO] [1791337481.884086719] [reach_dwell_probe]: torsi RNEA+offset(per-aktuator) vs rating: 1=0.06->6.66/10, 2=4.97->12.67/14, 3=1.59->8.19/10, 4=0.30->2.28/7, 5=0.06->2.04/7, 6=0.00->1.98/7  (terketat t2_a1_joint_2 91 %)
[INFO] [1791337500.109715090] [reach_dwell_probe]: jarak antar-lengan minimum sepanjang rencana: 532.7 mm di titik 39 (t1_a1_lower_wrist_link_0 <-> t2_a1_upper_wrist_link_0) -> CLEAR
    [12] task t2 arm_3 -> [1.9286, -0.3176, 1.16] @(1.450, +0): PLANNED (18.3 s)
[INFO] [1791337500.157688825] [reach_dwell_probe]: torsi RNEA+offset(per-aktuator) vs rating: 1=0.01->6.61/10, 2=1.91->9.61/14, 3=1.57->8.17/10, 4=0.25->2.23/7, 5=0.06->2.04/7, 6=0.00->1.98/7  (terketat t2_a2_joint_3 82 %)
[INFO] [1791337540.954333157] [reach_dwell_probe]: jarak antar-lengan minimum sepanjang rencana: 528.7 mm di titik 0 (t1_platform_link_0 <-> t2_a2_base_link_0) -> CLEAR
    [13] task t5 arm_4 -> [0.9286, -0.4588, 1.0] @(1.450, +0): PLANNED (40.8 s)
seed 36 R0: PLANNED/PLANNED/PLANNED -> LOLOS
== SELESAI
