pids monitor [1977302] recorder [1977284] ros2_control_node [1976461]
  event 0: {'kind': 'retract', 'gantry': 1, 'stop': 0}
  event 1: {'kind': 'traverse', 'gantry': 1, 'stop': 0, 'frm': (0.0, 0.0), 'to': (0.9, 0.0)}
  event 2: {'kind': 'task', 'gantry': 1, 'stop': 0, 'arm': 'arm_1', 'task': 4, 'xyz': [1.3571, 0.3882, 1.24]}
  event 3: {'kind': 'retract', 'gantry': 1, 'stop': 1}
  event 4: {'kind': 'traverse', 'gantry': 1, 'stop': 1, 'frm': (0.9, 0.0), 'to': (1.35, 0.0)}
  event 5: {'kind': 'task', 'gantry': 1, 'stop': 1, 'arm': 'arm_1', 'task': 3, 'xyz': [1.8571, 0.3176, 1.08]}
  event 6: {'kind': 'retract', 'gantry': 2, 'stop': 0}
  event 7: {'kind': 'traverse', 'gantry': 2, 'stop': 0, 'frm': (0.0, 0.0), 'to': (0.6, -0.17453292519943295)}
  event 8: {'kind': 'task', 'gantry': 2, 'stop': 0, 'arm': 'arm_3', 'task': 0, 'xyz': [0.7857, -0.4588, 1.0]}
  event 9: {'kind': 'task', 'gantry': 2, 'stop': 0, 'arm': 'arm_4', 'task': 1, 'xyz': [0.3571, -0.3176, 1.08]}
  event 10: {'kind': 'task', 'gantry': 2, 'stop': 0, 'arm': 'arm_3', 'task': 5, 'xyz': [0.9286, -0.4588, 1.0]}
  event 11: {'kind': 'retract', 'gantry': 2, 'stop': 1}
  event 12: {'kind': 'traverse', 'gantry': 2, 'stop': 1, 'frm': (0.6, -0.17453292519943295), 'to': (1.45, 0.0)}
  event 13: {'kind': 'task', 'gantry': 2, 'stop': 1, 'arm': 'arm_3', 'task': 2, 'xyz': [1.9286, -0.3176, 1.16]}
awal: maks |q - REST| keempat lengan 0.043 deg; rel t1 0.000681 t2 0.000147
===== t0 1791339094.1457
  [0] retract g1  
  [0] rc=0 2.53 s
  [1] traverse g1  (0.9, 0.0)
  [1] rc=0 60.00 s
  [2] task g1 arm_1 [1.3571, 0.3882, 1.24]
  [2] rc=0 50.74 s success@113.15
  [3] retract g1  
  [3] rc=0 53.97 s
  [4] traverse g1  (1.35, 0.0)
  [4] rc=0 33.07 s
  [5] task g1 arm_1 [1.8571, 0.3176, 1.08]
  [5] rc=0 49.68 s success@249.95
  [6] retract g2  
  [6] rc=0 2.84 s
  [7] traverse g2  (0.6, -0.17453292519943295)
  [7] rc=0 44.17 s
  [8] task g2 arm_3 [0.7857, -0.4588, 1.0]
  [8] rc=0 55.46 s
AUTO-STOP: sebelum event 9 (task): launch log: 1 baris fault/exception baru
terminate called without an active exception
== RC 134
