[INFO] [1791336335.442721481] [reach_dwell_monitor]: logging samples -> /tmp/g32hw_step_samples.csv, summary -> /tmp/g32hw_step_summary.csv
[INFO] [1791336335.443158640] [reach_dwell_monitor]: reach_dwell_monitor up: pos<5.0mm ori<5.0deg dwell=2.0s @20Hz over ['arm_1', 'arm_2', 'arm_3', 'arm_4']. Observer only -- commands nothing.
[INFO] [1791338186.355849096] [reach_dwell_monitor]: arm_1: target set (1.357, 0.388, 1.240) in world
[INFO] [1791338236.194098321] [reach_dwell_monitor]: >>> arm_1: SUCCESS -- held 2.0s, pos max 2.54mm (settled 2.50) (tol 5.0), ori max 0.53deg (tol 5.0), 41 samples @ 20.0 Hz
[INFO] [1791338324.261230120] [reach_dwell_monitor]: arm_1: target set (1.857, 0.318, 1.080) in world
[INFO] [1791338375.693845386] [reach_dwell_monitor]: >>> arm_1: SUCCESS -- held 2.0s, pos max 3.11mm (settled 1.55) (tol 5.0), ori max 1.47deg (tol 5.0), 42 samples @ 20.0 Hz
[INFO] [1791338376.355704337] [reach_dwell_monitor]: arm_3: target set (0.357, -0.318, 1.080) in world
[INFO] [1791338427.643755972] [reach_dwell_monitor]: >>> arm_3: SUCCESS -- held 2.0s, pos max 3.31mm (settled 1.38) (tol 5.0), ori max 2.27deg (tol 5.0), 41 samples @ 20.0 Hz
[INFO] [1791338427.644438117] [reach_dwell_monitor]: >>> 2-ARM CONCURRENT dwell held 2.0s (common window) -- arms ['arm_1', 'arm_3']
[INFO] [1791338502.342931244] [reach_dwell_monitor]: arm_3: target set (0.786, -0.459, 1.000) in world
[INFO] [1791338535.243716748] [reach_dwell_monitor]: >>> arm_3: SUCCESS -- held 2.0s, pos max 2.37mm (settled 1.12) (tol 5.0), ori max 0.81deg (tol 5.0), 41 samples @ 20.0 Hz
[INFO] [1791338535.244431855] [reach_dwell_monitor]: >>> 2-ARM CONCURRENT dwell held 2.0s (common window) -- arms ['arm_1', 'arm_3']
[INFO] [1791338668.858315263] [reach_dwell_monitor]: arm_3: target set (1.929, -0.318, 1.160) in world
[INFO] [1791338719.593728039] [reach_dwell_monitor]: >>> arm_3: SUCCESS -- held 2.0s, pos max 2.61mm (settled 1.36) (tol 5.0), ori max 2.23deg (tol 5.0), 41 samples @ 20.0 Hz
[INFO] [1791338719.594285959] [reach_dwell_monitor]: >>> 2-ARM CONCURRENT dwell held 2.0s (common window) -- arms ['arm_1', 'arm_3']
[INFO] [1791338720.272554791] [reach_dwell_monitor]: arm_4: target set (0.929, -0.459, 1.000) in world
[INFO] [1791338772.444026977] [reach_dwell_monitor]: >>> arm_4: SUCCESS -- held 2.0s, pos max 3.65mm (settled 1.69) (tol 5.0), ori max 0.39deg (tol 5.0), 41 samples @ 20.0 Hz
[INFO] [1791338772.444874018] [reach_dwell_monitor]: >>> 3-ARM CONCURRENT dwell held 2.0s (common window) -- arms ['arm_1', 'arm_3', 'arm_4']
[INFO] [1791339157.208715167] [reach_dwell_monitor]: arm_1: target set (1.357, 0.388, 1.240) in world
[INFO] [1791339207.293688639] [reach_dwell_monitor]: >>> arm_1: SUCCESS -- held 2.0s, pos max 4.56mm (settled 0.72) (tol 5.0), ori max 2.05deg (tol 5.0), 42 samples @ 20.0 Hz
[INFO] [1791339295.073499104] [reach_dwell_monitor]: arm_1: target set (1.857, 0.318, 1.080) in world
[INFO] [1791339344.093590382] [reach_dwell_monitor]: >>> arm_1: SUCCESS -- held 2.0s, pos max 4.78mm (settled 1.96) (tol 5.0), ori max 3.60deg (tol 5.0), 41 samples @ 20.0 Hz
[INFO] [1791339392.188590803] [reach_dwell_monitor]: arm_3: target set (0.786, -0.459, 1.000) in world
