seed  0: pindah g1/g2 3/2 (FISIK 3/2), retract 2/1, tugas 4/2, P1'  361.81 serial  533.42, =FISIK False, konflik None  (ii) LOLOS
seed  1: pindah g1/g2 2/1 (FISIK 2/1), retract 1/1, tugas 3/3, P1'  263.09 serial  491.34, =FISIK True, konflik None  (ii) LOLOS
seed  2: pindah g1/g2 2/3 (FISIK 2/3), retract 1/2, tugas 2/4, P1'  356.53 serial  583.36, =FISIK False, konflik None  (ii) LOLOS
seed  3: pindah g1/g2 1/2 (FISIK 1/2), retract 0/2, tugas 2/4, P1'  362.35 serial  488.70, =FISIK False, konflik None  (ii) LOLOS
seed  4: pindah g1/g2 2/3 (FISIK 2/3), retract 1/2, tugas 2/4, P1'  375.01 serial  559.61, =FISIK True, konflik None  (ii) LOLOS
seed  5: pindah g1/g2 2/2 (FISIK 2/2), retract 1/1, tugas 2/4, P1'  274.53 serial  451.21, =FISIK True, konflik None  (ii) LOLOS
seed  6: pindah g1/g2 3/3 (FISIK 3/3), retract 2/2, tugas 3/3, P1'  320.81 serial  636.34, =FISIK False, konflik None  (ii) LOLOS
seed  7: pindah g1/g2 2/2 (FISIK 2/2), retract 1/1, tugas 2/4, P1'  311.48 serial  522.47, =FISIK True, konflik None  (ii) LOLOS
seed  8: pindah g1/g2 2/3 (FISIK 2/3), retract 1/2, tugas 2/4, P1'  353.90 serial  514.74, =FISIK False, konflik None  (ii) LOLOS
seed  9: pindah g1/g2 3/2 (FISIK 3/2), retract 2/1, tugas 3/3, P1'  299.69 serial  559.82, =FISIK False, konflik None  (ii) LOLOS
seed 10: pindah g1/g2 1/2 (FISIK 1/2), retract 0/1, tugas 2/4, P1'  274.53 serial  445.74, =FISIK True, konflik None  (ii) LOLOS
seed 11: pindah g1/g2 2/2 (FISIK 2/2), retract 1/1, tugas 4/2, P1'  271.89 serial  474.96, =FISIK False, konflik None  (ii) LOLOS
seed 12: pindah g1/g2 1/3 (FISIK 1/3), retract 0/2, tugas 2/4, P1'  338.06 serial  474.96, =FISIK False, konflik None  (ii) LOLOS
seed 13: pindah g1/g2 2/2 (FISIK 2/2), retract 1/1, tugas 3/3, P1'  262.55 serial  519.83, =FISIK False, konflik None  (ii) LOLOS
seed 14: pindah g1/g2 4/2 (FISIK 4/2), retract 3/1, tugas 4/2, P1'  393.88 serial  604.87, =FISIK True, konflik None  (ii) LOLOS
seed 15: pindah g1/g2 2/2 (FISIK 2/2), retract 1/1, tugas 3/3, P1'  246.72 serial  480.24, =FISIK True, konflik None  (ii) LOLOS
seed 16: pindah g1/g2 2/2 (FISIK 2/2), retract 1/1, tugas 4/2, P1'  300.92 serial  503.99, =FISIK False, konflik None  (ii) LOLOS
seed 17: pindah g1/g2 1/1 (FISIK 1/1), retract 0/0, tugas 2/4, P1'  216.27 serial  334.70, =FISIK False, konflik None  (ii) LOLOS
seed 18: pindah g1/g2 2/3 (FISIK 2/3), retract 1/2, tugas 3/3, P1'  328.73 serial  570.16, =FISIK False, konflik None  (ii) LOLOS
seed 19: pindah g1/g2 3/1 (FISIK 3/1), retract 2/0, tugas 5/1, P1'  413.38 serial  482.88, =FISIK True, konflik None  (ii) LOLOS
seed 20: pindah g1/g2 2/1 (FISIK 2/1), retract 1/0, tugas 3/3, P1'  265.19 serial  451.02, =FISIK False, konflik None  (ii) LOLOS
seed 21: pindah g1/g2 2/3 (FISIK 2/3), retract 1/2, tugas 2/4, P1'  335.42 serial  556.97, =FISIK False, konflik None  (ii) LOLOS
seed 22: pindah g1/g2 1/2 (FISIK 1/2), retract 0/1, tugas 3/3, P1'  241.44 serial  379.97, =FISIK False, konflik None  (ii) LOLOS
seed 23: pindah g1/g2 1/2 (FISIK 1/2), retract 1/1, tugas 3/3, P1'  252.54 serial  493.98, =FISIK True, konflik None  (ii) LOLOS
seed 24: pindah g1/g2 3/0 (FISIK 3/0), retract 2/0, tugas 6/0, P1'  438.55 serial  438.55, =FISIK False, konflik None  (ii) -
seed 25: pindah g1/g2 2/1 (FISIK 2/1), retract 1/1, tugas 4/2, P1'  293.00 serial  449.11, =FISIK True, konflik None  (ii) LOLOS
seed 26: pindah g1/g2 2/1 (FISIK 2/1), retract 1/0, tugas 4/2, P1'  293.00 serial  414.07, =FISIK True, konflik None  (ii) LOLOS
seed 27: pindah g1/g2 2/3 (FISIK 2/3), retract 1/2, tugas 2/4, P1'  340.70 serial  535.85, =FISIK False, konflik None  (ii) LOLOS
seed 28: pindah g1/g2 0/3 (FISIK 0/3), retract 0/2, tugas 0/6, P1'  451.75 serial  451.75, =FISIK False, konflik None  (ii) -
seed 29: pindah g1/g2 1/1 (FISIK 1/1), retract 1/0, tugas 4/2, P1'  259.23 serial  390.85, =FISIK True, konflik None  (ii) LOLOS
seed 30: pindah g1/g2 1/4 (FISIK 1/4), retract 0/3, tugas 2/4, P1'  414.79 serial  541.13, =FISIK False, konflik None  (ii) LOLOS
seed 31: pindah g1/g2 2/3 (FISIK 2/3), retract 1/2, tugas 2/4, P1'  364.45 serial  580.72, =FISIK False, konflik None  (ii) LOLOS
seed 32: pindah g1/g2 1/4 (FISIK 1/4), retract 0/3, tugas 1/5, P1'  471.63 serial  591.28, =FISIK False, konflik None  (ii) LOLOS
seed 33: pindah g1/g2 2/1 (FISIK 2/1), retract 1/1, tugas 3/3, P1'  260.45 serial  520.37, =FISIK True, konflik None  (ii) LOLOS
seed 34: pindah g1/g2 2/3 (FISIK 2/3), retract 1/2, tugas 2/4, P1'  361.81 serial  551.69, =FISIK False, konflik None  (ii) LOLOS
seed 35: pindah g1/g2 2/1 (FISIK 2/1), retract 1/1, tugas 3/3, P1'  257.81 serial  475.50, =FISIK False, konflik None  (ii) LOLOS
seed 36: pindah g1/g2 2/2 (FISIK 2/2), retract 1/2, tugas 2/4, P1'  362.35 serial  581.26, =FISIK True, konflik None  (ii) LOLOS
seed 37: pindah g1/g2 0/3 (FISIK 0/2), retract 0/2, tugas 0/6, P1'  425.35 serial  425.35, =FISIK False, konflik None  (ii) -
seed 38: pindah g1/g2 2/2 (FISIK 2/2), retract 1/1, tugas 3/3, P1'  267.83 serial  525.11, =FISIK False, konflik None  (ii) LOLOS
seed 39: pindah g1/g2 3/2 (FISIK 3/2), retract 2/1, tugas 4/2, P1'  325.28 serial  541.76, =FISIK False, konflik None  (ii) LOLOS
seed 40: pindah g1/g2 2/2 (FISIK 2/2), retract 1/1, tugas 3/3, P1'  265.19 serial  503.99, =FISIK True, konflik None  (ii) LOLOS
seed 41: pindah g1/g2 2/3 (FISIK 2/3), retract 1/2, tugas 2/4, P1'  364.45 serial  583.36, =FISIK False, konflik None  (ii) LOLOS
seed 42: pindah g1/g2 1/3 (FISIK 1/3), retract 1/2, tugas 3/3, P1'  328.73 serial  533.75, =FISIK True, konflik None  (ii) LOLOS
seed 43: pindah g1/g2 2/2 (FISIK 2/2), retract 1/1, tugas 2/4, P1'  298.28 serial  501.35, =FISIK False, konflik None  (ii) LOLOS
seed 44: pindah g1/g2 4/1 (FISIK 4/1), retract 4/0, tugas 5/1, P1'  517.23 serial  610.48, =FISIK False, konflik None  (ii) LOLOS
seed 45: pindah g1/g2 2/2 (FISIK 2/2), retract 1/1, tugas 2/4, P1'  274.53 serial  496.08, =FISIK False, konflik None  (ii) LOLOS
seed 46: pindah g1/g2 0/5 (FISIK 0/5), retract 0/4, tugas 0/6, P1'  562.97 serial  562.97, =FISIK False, konflik None  (ii) -
seed 47: pindah g1/g2 3/1 (FISIK 3/1), retract 2/0, tugas 5/1, P1'  392.26 serial  459.12, =FISIK False, konflik None  (ii) LOLOS
seed 48: pindah g1/g2 2/2 (FISIK 2/2), retract 1/2, tugas 3/3, P1'  316.07 serial  546.95, =FISIK False, konflik None  (ii) LOLOS
seed 49: pindah g1/g2 1/2 (FISIK 1/2), retract 0/1, tugas 1/5, P1'  360.40 serial  429.90, =FISIK True, konflik None  (ii) LOLOS

(i) 50/50; lolos (i)-(iii): 46 seed: [0, 1, 2, 3, 4, 5, 6, 7, 8, 9, 10, 11, 12, 13, 14, 15, 16, 17, 18, 19, 20, 21, 22, 23, 25, 26, 27, 29, 30, 31, 32, 33, 34, 35, 36, 38, 39, 40, 41, 42, 43, 44, 45, 47, 48, 49]
(ii) FISIK-sejati akan lolos: 46; (ii) P1' != (ii) FISIK pada seed []
  -> /home/user1/Documents/ceiling_arm/docs/results/p1_g26/g26_candidates.json
