seed 1: p0 {1: 0.0, 2: 0.0}  P1'-serial 491.16  (solver Σ_g 491.34); P1'-par 263.09; P1 serial 233.71
   [0] retract  g1    0.00  DILEWATI (REST)
   [1] traverse g1   33.77  0.000->0.550 T_cmd 30.56
   [2] task     g1   43.65  arm_1 t0 [0.9286, 0.3176, 1.0]
   [3] task     g1   43.65  arm_1 t1 [1.0, 0.4588, 1.08]
   [4] retract  g1   50.87  
   [5] traverse g1   12.66  0.550->0.700 T_cmd 8.33
   [6] task     g1   43.65  arm_1 t5 [1.2857, 0.2471, 1.0]
   [7] task     g2   43.65  arm_3 t2 [0.2857, -0.3882, 1.08]
   [8] task     g2   43.65  arm_3 t3 [0.5, -0.3176, 1.0]
   [9] retract  g2   50.87  
   [10] traverse g2   81.28  0.000->1.450 T_cmd 80.56
   [11] task     g2   43.48  arm_3 t4 [1.7857, -0.3882, 1.24]
seed 2: p0 {1: 0.0, 2: 0.0}  P1'-serial 583.19  (solver Σ_g 583.36); P1'-par 356.53; P1 serial 354.99
   [0] retract  g1    0.00  DILEWATI (REST)
   [1] traverse g1   62.81  0.000->1.100 T_cmd 61.11
   [2] task     g1   43.65  arm_1 t2 [1.6429, 0.1765, 1.0]
   [3] retract  g1   50.87  
   [4] traverse g1   25.85  1.100->1.500 T_cmd 22.22
   [5] task     g1   43.65  arm_1 t4 [2.0, 0.3882, 1.08]
   [6] retract  g2    0.00  DILEWATI (REST)
   [7] traverse g2   41.69  0.000->0.700 T_cmd 38.89
   [8] task     g2   43.65  arm_3 t5 [1.1429, -0.3882, 1.16]
   [9] task     g2   43.65  arm_4 t1 [0.2143, -0.3882, 1.0]
   [10] retract  g2   50.87  
   [11] traverse g2   25.85  0.700->1.100 T_cmd 22.22
   [12] task     g2   43.65  arm_3 t3 [1.5, -0.4588, 1.08]
   [13] retract  g2   50.87  
   [14] traverse g2   12.66  1.100->1.250 T_cmd 8.33
   [15] task     g2   43.48  arm_3 t0 [1.7143, -0.2471, 1.08]
seed 13: p0 {1: 0.0, 2: 0.0}  P1'-serial 519.66  (solver Σ_g 519.83); P1'-par 262.55; P1 serial 299.12
   [0] retract  g1    0.00  DILEWATI (REST)
   [1] traverse g1   44.33  0.000->0.750 T_cmd 41.67
   [2] task     g1   43.65  arm_1 t3 [1.2143, 0.3882, 1.16]
   [3] task     g1   43.65  arm_2 t5 [0.2143, 0.4588, 1.0]
   [4] retract  g1   50.87  
   [5] traverse g1   31.13  0.750->1.250 T_cmd 27.78
   [6] task     g1   43.65  arm_1 t0 [1.7143, 0.3882, 1.16]
   [7] retract  g2    0.00  DILEWATI (REST)
   [8] traverse g2   31.13  0.000->0.500 T_cmd 27.78
   [9] task     g2   43.65  arm_4 t1 [0.1429, -0.3176, 1.08]
   [10] retract  g2   50.87  
   [11] traverse g2   49.61  0.500->1.350 T_cmd 47.22
   [12] task     g2   43.65  arm_3 t2 [1.6429, -0.3882, 1.0]
   [13] task     g2   43.48  arm_3 t4 [1.7143, -0.3176, 1.24]
