1790143498.9575 pids monitor [1143137] recorder [1143120] ros2_control_node [1133033]
1790143501.1681   event 0: {'kind': 'retract', 'gantry': 1, 'stop': 0}
1790143501.1682   event 1: {'kind': 'traverse', 'gantry': 1, 'stop': 0, 'frm': 0.0, 'to': 0.55}
1790143501.1682   event 2: {'kind': 'task', 'gantry': 1, 'stop': 0, 'arm': 'arm_1', 'task': 0, 'xyz': [0.9286, 0.3176, 1.0]}
1790143501.1683   event 3: {'kind': 'task', 'gantry': 1, 'stop': 0, 'arm': 'arm_1', 'task': 1, 'xyz': [1.0, 0.4588, 1.08]}
1790143501.1683   event 4: {'kind': 'retract', 'gantry': 1, 'stop': 1}
1790143501.1683   event 5: {'kind': 'traverse', 'gantry': 1, 'stop': 1, 'frm': 0.55, 'to': 0.7}
1790143501.1683   event 6: {'kind': 'task', 'gantry': 1, 'stop': 1, 'arm': 'arm_1', 'task': 5, 'xyz': [1.2857, 0.2471, 1.0]}
1790143501.1683   event 7: {'kind': 'task', 'gantry': 2, 'stop': 0, 'arm': 'arm_3', 'task': 2, 'xyz': [0.2857, -0.3882, 1.08]}
1790143501.1683   event 8: {'kind': 'task', 'gantry': 2, 'stop': 0, 'arm': 'arm_3', 'task': 3, 'xyz': [0.5, -0.3176, 1.0]}
1790143501.1683   event 9: {'kind': 'retract', 'gantry': 2, 'stop': 1}
1790143501.1684   event 10: {'kind': 'traverse', 'gantry': 2, 'stop': 1, 'frm': 0.0, 'to': 1.45}
1790143501.1684   event 11: {'kind': 'task', 'gantry': 2, 'stop': 1, 'arm': 'arm_3', 'task': 4, 'xyz': [1.7857, -0.3882, 1.24]}
1790143501.1684 awal: maks |q - REST| keempat lengan 0.082 deg; rel t1 0.000503 t2 0.000534
1790143501.1815 ===== t0 1790143501.1815
1790143501.1952   [0] retract g1  
1790143503.6877   [0] rc=0 2.49 s
1790143503.7009   [1] traverse g1  0.55
1790143540.3988   [1] rc=0 36.70 s
1790143540.4234   [2] task g1 arm_1 [0.9286, 0.3176, 1.0]
1790143597.4050   [2] rc=0 56.98 s success@96.04
1790143597.4308   [3] task g1 arm_1 [1.0, 0.4588, 1.08]
1790143647.4035   [3] rc=0 49.97 s success@146.04
1790143647.4277   [4] retract g1  
1790143699.3372   [4] rc=0 51.91 s
1790143699.3650   [5] traverse g1  0.7
1790143714.1415   [5] rc=0 14.78 s
1790143714.1659   [6] task g1 arm_1 [1.2857, 0.2471, 1.0]
1790143772.8879   [6] rc=0 58.72 s success@271.49
1790143772.9130   [7] task g2 arm_3 [0.2857, -0.3882, 1.08]
1790143820.2682   [7] rc=0 47.35 s success@318.89
1790143820.2937   [8] task g2 arm_3 [0.5, -0.3176, 1.0]
1790143869.5079   [8] rc=0 49.21 s success@368.15
1790143869.5339   [9] retract g2  
1790143922.8639   [9] rc=0 53.33 s
1790143922.8913   [10] traverse g2  1.45
1790144009.8772   [10] rc=0 86.99 s
1790144009.9054   [11] task g2 arm_3 [1.7857, -0.3882, 1.24]
1790144059.0582   [11] rc=0 49.15 s success@557.69
1790144059.0591 SELESAI: 6/6 tugas sukses; makespan terukur 557.69 s
