== arm_1 arm_2 

lengan: ['arm_1', 'arm_2']   galat terbesar dari rest: 0.08 deg
rel t1_linear_joint = 0.000503 m
sudah di rest (< 0.5 deg) -- tidak ada yang perlu dikerjakan.
rc 0
== arm_3 arm_4 

lengan: ['arm_3', 'arm_4']   galat terbesar dari rest: 0.08 deg
rel t2_linear_joint = 0.000534 m
sudah di rest (< 0.5 deg) -- tidak ada yang perlu dikerjakan.
rc 0
== arm_1 arm_2 --move
lengan: ['arm_1', 'arm_2']   galat terbesar dari rest: 0.08 deg
rel t1_linear_joint = 0.000503 m
sudah di rest (< 0.5 deg) -- tidak ada yang perlu dikerjakan.
rc 0
== arm_3 arm_4 --move
lengan: ['arm_3', 'arm_4']   galat terbesar dari rest: 0.08 deg
rel t2_linear_joint = 0.000534 m
sudah di rest (< 0.5 deg) -- tidak ada yang perlu dikerjakan.
rc 0
