1790145353.2537 pids monitor [1143137] recorder [1143120] ros2_control_node [1133033]
1790145355.4977   event 0: {'kind': 'retract', 'gantry': 1, 'stop': 0}
1790145355.4977   event 1: {'kind': 'traverse', 'gantry': 1, 'stop': 0, 'frm': 0.0, 'to': 0.75}
1790145355.4978   event 2: {'kind': 'task', 'gantry': 1, 'stop': 0, 'arm': 'arm_1', 'task': 3, 'xyz': [1.2143, 0.3882, 1.16]}
1790145355.4978   event 3: {'kind': 'task', 'gantry': 1, 'stop': 0, 'arm': 'arm_2', 'task': 5, 'xyz': [0.2143, 0.4588, 1.0]}
1790145355.4978   event 4: {'kind': 'retract', 'gantry': 1, 'stop': 1}
1790145355.4978   event 5: {'kind': 'traverse', 'gantry': 1, 'stop': 1, 'frm': 0.75, 'to': 1.25}
1790145355.4978   event 6: {'kind': 'task', 'gantry': 1, 'stop': 1, 'arm': 'arm_1', 'task': 0, 'xyz': [1.7143, 0.3882, 1.16]}
1790145355.4978   event 7: {'kind': 'retract', 'gantry': 2, 'stop': 0}
1790145355.4979   event 8: {'kind': 'traverse', 'gantry': 2, 'stop': 0, 'frm': 0.0, 'to': 0.5}
1790145355.4979   event 9: {'kind': 'task', 'gantry': 2, 'stop': 0, 'arm': 'arm_4', 'task': 1, 'xyz': [0.1429, -0.3176, 1.08]}
1790145355.4979   event 10: {'kind': 'retract', 'gantry': 2, 'stop': 1}
1790145355.4979   event 11: {'kind': 'traverse', 'gantry': 2, 'stop': 1, 'frm': 0.5, 'to': 1.35}
1790145355.4979   event 12: {'kind': 'task', 'gantry': 2, 'stop': 1, 'arm': 'arm_3', 'task': 2, 'xyz': [1.6429, -0.3882, 1.0]}
1790145355.4979   event 13: {'kind': 'task', 'gantry': 2, 'stop': 1, 'arm': 'arm_3', 'task': 4, 'xyz': [1.7143, -0.3176, 1.24]}
1790145355.4980 awal: maks |q - REST| keempat lengan 0.040 deg; rel t1 0.000408 t2 0.000691
1790145355.5393 ===== t0 1790145355.5392
1790145355.5778   [0] retract g1  
1790145358.0878   [0] rc=0 2.51 s
1790145358.1288   [1] traverse g1  0.75
1790145406.0783   [1] rc=0 47.95 s
1790145406.1282   [2] task g1 arm_1 [1.2143, 0.3882, 1.16]
1790145446.5582   [2] rc=0 40.43 s success@90.84
1790145446.6007   [3] task g1 arm_2 [0.2143, 0.4588, 1.0]
1790145494.8550   [3] rc=0 48.25 s success@139.14
1790145494.8992   [4] retract g1  
1790145548.4058   [4] rc=0 53.51 s
1790145548.4482   [5] traverse g1  1.25
1790145582.5758   [5] rc=0 34.13 s
1790145582.6208   [6] task g1 arm_1 [1.7143, 0.3882, 1.16]
1790145636.8552   [6] rc=0 54.23 s success@281.14
1790145636.9003   [7] retract g2  
1790145639.3974   [7] rc=0 2.50 s
1790145639.4408   [8] traverse g2  0.5
1790145673.3697   [8] rc=0 33.93 s
1790145673.4145   [9] task g2 arm_4 [0.1429, -0.3176, 1.08]
1790145722.7599   [9] rc=0 49.35 s success@367.04
1790145722.8040   [10] retract g2  
1790145775.6185   [10] rc=0 52.81 s
1790145775.6844   [11] traverse g2  1.35
1790145829.2417   [11] rc=0 53.56 s
1790145829.2882   [12] task g2 arm_3 [1.6429, -0.3882, 1.0]
1790145852.2793   [12] rc=0 22.99 s success@496.54
1790145852.3264   [13] task g2 arm_3 [1.7143, -0.3176, 1.24]
1790145906.3102   [13] rc=0 53.98 s success@550.59
1790145906.3111 SELESAI: 6/6 tugas sukses; makespan terukur 550.59 s
