pids monitor [1143137] recorder [1143120] ros2_control_node [1133033]
  event 0: {'kind': 'retract', 'gantry': 1, 'stop': 0}
  event 1: {'kind': 'traverse', 'gantry': 1, 'stop': 0, 'frm': 0.0, 'to': 0.75}
  event 2: {'kind': 'task', 'gantry': 1, 'stop': 0, 'arm': 'arm_1', 'task': 3, 'xyz': [1.2143, 0.3882, 1.16]}
  event 3: {'kind': 'task', 'gantry': 1, 'stop': 0, 'arm': 'arm_2', 'task': 5, 'xyz': [0.2143, 0.4588, 1.0]}
  event 4: {'kind': 'retract', 'gantry': 1, 'stop': 1}
  event 5: {'kind': 'traverse', 'gantry': 1, 'stop': 1, 'frm': 0.75, 'to': 1.25}
  event 6: {'kind': 'task', 'gantry': 1, 'stop': 1, 'arm': 'arm_1', 'task': 0, 'xyz': [1.7143, 0.3882, 1.16]}
  event 7: {'kind': 'retract', 'gantry': 2, 'stop': 0}
  event 8: {'kind': 'traverse', 'gantry': 2, 'stop': 0, 'frm': 0.0, 'to': 0.5}
  event 9: {'kind': 'task', 'gantry': 2, 'stop': 0, 'arm': 'arm_4', 'task': 1, 'xyz': [0.1429, -0.3176, 1.08]}
  event 10: {'kind': 'retract', 'gantry': 2, 'stop': 1}
  event 11: {'kind': 'traverse', 'gantry': 2, 'stop': 1, 'frm': 0.5, 'to': 1.35}
  event 12: {'kind': 'task', 'gantry': 2, 'stop': 1, 'arm': 'arm_3', 'task': 2, 'xyz': [1.6429, -0.3882, 1.0]}
  event 13: {'kind': 'task', 'gantry': 2, 'stop': 1, 'arm': 'arm_3', 'task': 4, 'xyz': [1.7143, -0.3176, 1.24]}
awal: maks |q - REST| keempat lengan 0.040 deg; rel t1 0.000408 t2 0.000691
===== t0 1790145355.5392
  [0] retract g1  
  [0] rc=0 2.51 s
  [1] traverse g1  0.75
  [1] rc=0 47.95 s
  [2] task g1 arm_1 [1.2143, 0.3882, 1.16]
  [2] rc=0 40.43 s success@90.84
  [3] task g1 arm_2 [0.2143, 0.4588, 1.0]
  [3] rc=0 48.25 s success@139.14
  [4] retract g1  
  [4] rc=0 53.51 s
  [5] traverse g1  1.25
  [5] rc=0 34.13 s
  [6] task g1 arm_1 [1.7143, 0.3882, 1.16]
  [6] rc=0 54.23 s success@281.14
  [7] retract g2  
  [7] rc=0 2.50 s
  [8] traverse g2  0.5
  [8] rc=0 33.93 s
  [9] task g2 arm_4 [0.1429, -0.3176, 1.08]
  [9] rc=0 49.35 s success@367.04
  [10] retract g2  
  [10] rc=0 52.81 s
  [11] traverse g2  1.35
  [11] rc=0 53.56 s
  [12] task g2 arm_3 [1.6429, -0.3882, 1.0]
  [12] rc=0 22.99 s success@496.54
  [13] task g2 arm_3 [1.7143, -0.3176, 1.24]
  [13] rc=0 53.98 s success@550.59
SELESAI: 6/6 tugas sukses; makespan terukur 550.59 s
terminate called without an active exception
