[Warning] [simulation_app.simulation_app] Modules: ['omni.kit_app'] were loaded before SimulationApp was started and might not be loaded correctly.
[Warning] [simulation_app.simulation_app] Please check to make sure no extra omniverse or pxr modules are imported before the call to SimulationApp(...)
[Info] [carb] Logging to file: /srv/data/users/raditya/isaacsim/env_isaacsim/lib/python3.10/site-packages/omni/logs/Kit/Isaac-Sim Python/4.5/kit_20260621_132549.log
2026-06-21 04:25:49 [0ms] [Warning] [omni.kit.app.plugin] No crash reporter present, dumps uploading isn't available.
[0.135s] [ext: omni.kit.async_engine-0.0.1] startup
[0.370s] [ext: omni.metrics.core-0.0.1] startup
[0.371s] [ext: omni.client.lib-1.0.0] startup
[0.412s] [ext: omni.blobkey-1.1.2] startup
[0.413s] [ext: omni.stats-1.0.1] startup
[0.414s] [ext: omni.datastore-0.0.0] startup
[0.425s] [ext: omni.client-1.2.2] startup
[0.432s] [ext: omni.ujitso.default-1.0.0] startup
[0.436s] [ext: omni.hsscclient-1.1.1] startup
2026-06-21 04:25:50 [373ms] [Warning] [omni.datastore] OmniHub is inaccessible
[0.444s] [ext: omni.gpu_foundation.shadercache.vulkan-1.0.0] startup
[0.450s] [ext: omni.assets.plugins-0.0.0] startup
[0.452s] [ext: omni.gpu_foundation-0.0.0] startup
[0.512s] [ext: carb.windowing.plugins-1.0.0] startup
[0.543s] [ext: omni.kit.renderer.init-0.0.0] startup

|---------------------------------------------------------------------------------------------|
| Driver Version: 560.28.03     | Graphics API: Vulkan
|=============================================================================================|
| GPU | Name                             | Active | LDA | GPU Memory | Vendor-ID | LUID       |
|     |                                  |        |     |            | Device-ID | UUID       |
|     |                                  |        |     |            | Bus-ID    |            |
|---------------------------------------------------------------------------------------------|
| 0   | NVIDIA RTX A6000                 | Yes: 0 |     | 49386   MB | 10de      | 0          |
|     |                                  |        |     |            | 2230      | 0652a9b7.. |
|     |                                  |        |     |            | 3b        |            |
|=============================================================================================|
| OS: 22.04.5 LTS (Jammy Jellyfish) ubuntu, Version: 22.04.5, Kernel: 6.8.0-124-generic
| XServer Vendor: The X.Org Foundation, XServer Version: 12101004 (1.21.1.4)
| Processor: Intel(R) Xeon(R) Silver 4216 CPU @ 2.10GHz
| Cores: 32 | Logical Cores: 64
|---------------------------------------------------------------------------------------------|
| Total Memory (MB): 96267 | Free Memory: 74136
| Total Page/Swap (MB): 2048 | Free Page/Swap: 634
|---------------------------------------------------------------------------------------------|
[1.680s] [ext: omni.kit.pipapi-0.0.0] startup
[1.682s] [ext: omni.materialx.libs-1.0.6] startup
[1.694s] [ext: omni.kit.pip_archive-0.0.0] startup
[1.694s] [ext: omni.usd.config-1.0.5] startup
[1.699s] [ext: omni.gpucompute.plugins-0.0.0] startup
[1.700s] [ext: omni.usd.libs-1.0.1] startup
[1.832s] [ext: omni.mdl-55.0.1] startup
[1.864s] [ext: omni.iray.libs-0.0.0] startup
[1.872s] [ext: omni.mdl.neuraylib-0.2.10] startup
[1.874s] [ext: omni.kit.usd.mdl-1.0.7] startup
[2.036s] [ext: omni.kit.telemetry-0.5.1] startup
[2.071s] [ext: omni.kit.loop-isaac-1.2.1] startup
[2.074s] [ext: omni.kit.test-1.1.2] startup
[2.146s] [ext: omni.appwindow-1.1.9] startup
[2.149s] [ext: omni.kit.renderer.core-1.0.2] startup
[2.182s] [ext: omni.kit.renderer.capture-0.0.0] startup
[2.186s] [ext: omni.kit.renderer.imgui-1.0.2] startup
[2.295s] [ext: omni.ui-2.26.5] startup
[2.311s] [ext: omni.kit.mainwindow-1.0.3] startup
[2.312s] [ext: carb.audio-0.1.0] startup
[2.320s] [ext: omni.uiaudio-1.0.0] startup
[2.322s] [ext: omni.kit.uiapp-0.0.0] startup
[2.322s] [ext: omni.usd.schema.metrics.assembler-106.5.0] startup
[2.336s] [ext: omni.usd.schema.anim-0.0.0] startup
[2.370s] [ext: omni.usd.schema.audio-0.0.0] startup
[2.375s] [ext: omni.usd.schema.isaac-3.0.2] startup
[2.375s] [ext: omni.usd.schema.omnigraph-1.0.0] startup
[2.384s] [ext: omni.usd.schema.forcefield-106.5.7] startup
[2.401s] [ext: omni.usd.schema.semantics-0.0.0] startup
[2.405s] [ext: omni.usd.schema.physx-106.5.7] startup
[2.444s] [ext: omni.usd.schema.geospatial-0.0.0] startup
[2.448s] [ext: omni.usd_resolver-1.0.0] startup
[2.454s] [ext: omni.kit.window.popup_dialog-2.0.24] startup
[2.460s] [ext: usdrt.scenegraph-7.5.1] startup
[2.521s] [ext: omni.timeline-1.0.11] startup
[2.524s] [ext: omni.usd.core-1.4.2] startup
[2.529s] [ext: omni.resourcemonitor-107.0.0] startup
[2.532s] [ext: omni.activity.core-1.0.1] startup
[2.534s] [ext: omni.kit.widget.nucleus_connector-1.1.10] startup
[2.538s] [ext: omni.hydra.usdrt_delegate-7.5.1] startup
[2.554s] [ext: omni.kit.actions.core-1.0.0] startup
[2.557s] [ext: omni.graph.exec-0.9.4] startup
[2.558s] [ext: omni.kit.commands-1.4.9] startup
[2.563s] [ext: omni.kit.usd_undo-0.1.8] startup
[2.563s] [ext: omni.kit.exec.core-0.13.4] startup
[2.567s] [ext: omni.kit.audiodeviceenum-1.0.1] startup
[2.569s] [ext: omni.hydra.scene_delegate-0.3.3] startup
[2.578s] [ext: omni.usd-1.12.4] startup
[2.642s] [ext: omni.inspect-1.0.1] startup
[2.643s] [ext: omni.kit.notification_manager-1.0.9] startup
[2.646s] [ext: omni.graph.core-2.181.8] startup
[2.651s] [ext: isaacsim.core.deprecation_manager-0.2.2] startup
[2.652s] [ext: omni.usd.schema.omniscripting-1.0.0] startup
[2.661s] [ext: isaacsim.robot.schema-3.1.2] startup
[2.672s] [ext: omni.kit.asset_converter-2.8.3] startup
[2.690s] [ext: omni.kit.menu.core-1.1.2] startup
[2.691s] [ext: omni.kvdb-106.5.7] startup
[2.693s] [ext: omni.kit.widget.context_menu-1.2.4] startup
[2.695s] [ext: omni.kit.usd.layers-2.2.0] startup
[2.706s] [ext: omni.kit.property.adapter.core-1.0.2] startup
[2.709s] [ext: omni.localcache-106.5.7] startup
[2.711s] [ext: omni.convexdecomposition-106.5.7] startup
[2.720s] [ext: omni.warp.core-1.5.0] startup
[3.008s] [ext: omni.kit.context_menu-1.8.3] startup
[3.011s] [ext: omni.kit.hotkeys.core-1.3.10] startup
[3.016s] [ext: omni.kit.property.adapter.fabric-1.0.3] startup
[3.018s] [ext: omni.usdphysics-106.5.7] startup
[3.025s] [ext: omni.kit.widget.path_field-2.0.11] startup
[3.027s] [ext: omni.kit.widget.options_menu-1.1.6] startup
[3.031s] [ext: omni.kit.helper.file_utils-0.1.9] startup
[3.033s] [ext: omni.kit.widget.browser_bar-2.0.10] startup
[3.034s] [ext: omni.kit.widget.options_button-1.0.3] startup
[3.035s] [ext: omni.kit.widget.filebrowser-2.10.52] startup
[3.042s] [ext: omni.kit.clipboard-1.0.5] startup
[3.044s] [ext: omni.graph.tools-1.79.1] startup
[3.081s] [ext: omni.ui.scene-1.11.2] startup
[3.088s] [ext: omni.graph.image.core-0.6.0] startup
[3.090s] [ext: omni.kit.window.filepicker-2.11.7] startup
[3.107s] [ext: omni.kit.widget.searchfield-1.1.8] startup
[3.109s] [ext: omni.graph.image.nodes-1.3.0] startup
[3.115s] [ext: omni.graph-1.140.2] startup
[3.181s] [ext: omni.kit.window.file_exporter-1.0.31] startup
[3.185s] [ext: omni.kit.widget.filter-1.1.4] startup
[3.189s] [ext: omni.physx.foundation-106.5.7] startup
[3.193s] [ext: omni.graph.nodes-1.162.1] startup
[3.210s] [ext: omni.kit.widget.stage-2.11.6] startup
[3.229s] [ext: omni.hydra.rtx.shadercache.vulkan-1.0.0] startup
[3.233s] [ext: omni.hydra.engine.stats-1.0.3] startup
[3.238s] [ext: omni.graph.action_core-1.1.7] startup
[3.243s] [ext: omni.kit.widget.highlight_label-1.0.3] startup
[3.245s] [ext: omni.ujitso.processor.texture-1.0.0] startup
[3.247s] [ext: omni.index.libs-380600.1777.0] startup
[3.247s] [ext: omni.kit.window.file_importer-1.1.14] startup
[3.249s] [ext: omni.kit.stage_template.core-1.1.22] startup
[3.251s] [ext: omni.volume-0.5.0] startup
[3.261s] [ext: omni.ujitso.client-0.0.0] startup
[3.262s] [ext: omni.index-1.0.1] startup
[3.264s] [ext: omni.kit.window.file-1.3.57] startup
[3.270s] [ext: omni.hydra.rtx-1.0.0] startup
2026-06-21 04:25:52 [3,219ms] [Warning] [omni.log] Source: omni.hydra was already registered.
[3.312s] [ext: omni.kit.viewport.registry-104.0.6] startup
[3.313s] [ext: omni.kit.viewport.legacy_gizmos-1.0.16] startup
[3.318s] [ext: omni.kit.raycast.query-1.0.5] startup
[3.327s] [ext: omni.kit.viewport.scene_camera_model-1.0.5] startup
[3.335s] [ext: omni.kit.hydra_texture-1.4.0] startup
[3.341s] [ext: omni.kit.menu.utils-1.7.7] startup
[3.352s] [ext: omni.kit.window.drop_support-1.0.4] startup
[3.354s] [ext: omni.kit.widget.viewport-107.0.7] startup
[3.361s] [ext: omni.kit.material.library-1.5.15] startup
[3.369s] [ext: omni.kit.window.content_browser_registry-0.0.6] startup
[3.371s] [ext: omni.kit.viewport.window-107.0.8] startup
[3.406s] [ext: omni.graph.action_nodes-1.40.1] startup
[3.412s] [ext: omni.kit.window.property-1.11.5] startup
[3.423s] [ext: omni.kit.window.content_browser-2.10.3] startup
[3.496s] [ext: omni.kit.property.adapter.usd-1.0.2] startup
[3.501s] [ext: omni.kit.viewport.utility-1.0.18] startup
[3.503s] [ext: omni.graph.action-1.120.0] startup
[3.505s] [ext: omni.kit.property.usd-4.2.16] startup
[3.524s] [ext: omni.physx.cooking-106.5.7] startup
[3.539s] [ext: omni.kit.widget.stage_icons-1.0.6] startup
[3.541s] [ext: omni.kit.widget.zoombar-1.0.5] startup
[3.543s] [ext: omni.physics.tensors-106.5.7] startup
[3.555s] [ext: omni.kit.widget.prompt-1.0.7] startup
[3.558s] [ext: omni.kit.usd.collect-2.2.22] startup
[3.563s] [ext: omni.physx-106.5.7] startup
[3.586s] [ext: omni.kit.window.stage-2.5.11] startup
[3.593s] [ext: omni.kit.browser.core-2.3.11] startup
[3.600s] [ext: omni.kit.widget.text_editor-1.0.2] startup
[3.604s] [ext: omni.physx.tensors-106.5.7] startup
[3.616s] [ext: omni.kit.tool.collect-2.2.16] startup
[3.619s] [ext: omni.kit.menu.stage-1.2.5] startup
[3.622s] [ext: omni.kit.browser.folder.core-1.10.1] startup
[3.631s] [ext: omni.warp-1.5.0] startup
[3.644s] [ext: isaacsim.examples.browser-0.1.8] startup
[3.658s] [ext: omni.physx.stageupdate-106.5.7] startup
[3.666s] [ext: omni.kit.numpy.common-0.1.2] startup
[3.672s] [ext: isaacsim.core.version-2.0.2] startup
[3.676s] [ext: omni.isaac.dynamic_control-1.3.15] startup
2026-06-21 04:25:53 [3,630ms] [Warning] [omni.isaac.dynamic_control] omni.isaac.dynamic_control is deprecated as of Isaac Sim 4.5. No action is needed from end-users.
[3.697s] [ext: isaacsim.storage.native-1.0.6] startup
[3.713s] [ext: omni.kit.menu.create-1.0.17] startup
[3.721s] [ext: isaacsim.core.utils-2.2.8] startup
[3.744s] [ext: omni.kit.widget.searchable_combobox-1.0.6] startup
[3.773s] [ext: omni.kit.primitive.mesh-1.0.17] startup
[3.830s] [ext: isaacsim.core.simulation_manager-0.3.3] startup
[6.308s] [ext: omni.kit.scripting-106.5.2] startup
[6.320s] [ext: omni.kit.stage_templates-1.2.6] startup
[6.325s] [ext: isaacsim.core.prims-0.3.7] startup
[6.360s] [ext: isaacsim.replicator.behavior-1.0.8] startup
[6.364s] [ext: isaacsim.core.api-4.2.16] startup
[6.384s] [ext: omni.ui_query-1.1.7] startup
[6.389s] [ext: omni.kit.manipulator.viewport-107.0.1] startup
[6.391s] [ext: omni.kit.ui_test-1.3.3] startup
[6.394s] [ext: omni.kit.window.extensions-1.4.25] startup
[6.404s] [ext: omni.graph.visualization.nodes-2.1.1] startup
[6.415s] [ext: omni.kit.tool.asset_importer-2.12.2] startup
[6.446s] [ext: isaacsim.gui.components-1.0.9] startup
[6.456s] [ext: omni.kit.widget.settings-1.2.2] startup
[6.466s] [ext: omni.kit.widget.graph-1.12.17] startup
[6.475s] [ext: omni.kit.window.preferences-1.7.0] startup
[6.486s] [ext: omni.kit.graph.delegate.default-1.2.2] startup
[6.487s] [ext: omni.kit.viewport.menubar.core-107.1.2] startup
[6.510s] [ext: omni.kit.widget.material_preview-1.0.16] startup
[6.514s] [ext: omni.kit.graph.usd.commands-1.3.1] startup
[6.517s] [ext: omni.kit.graph.editor.core-1.5.3] startup
[6.522s] [ext: omni.syntheticdata-0.6.10] startup
[6.570s] [ext: omni.kit.window.material_graph-1.8.19] startup
[6.631s] [ext: omni.graph.scriptnode-1.40.1] startup
[6.636s] [ext: isaacsim.core.cloner-1.3.4] startup
[6.640s] [ext: omni.replicator.core-1.11.35] startup
2026-06-21 04:25:56 [6,730ms] [Warning] [omni.replicator.core.scripts.extension] No material configuration file, adding configuration to material settings directly.
[6.800s] [ext: omni.isaac.cloner-1.0.2] startup
2026-06-21 04:25:56 [6,740ms] [Warning] [omni.isaac.cloner] omni.isaac.cloner has been deprecated in favor of isaacsim.core.cloner. Please update your code accordingly.
[6.805s] [ext: isaacsim.core.nodes-2.1.4] startup
[6.822s] [ext: isaacsim.asset.importer.urdf-2.3.10] startup
[7.089s] [ext: omni.isaac.core-4.0.3] startup
2026-06-21 04:25:56 [7,030ms] [Warning] [omni.isaac.core.physics_context.physics_context] omni.isaac.core.physics_context.physics_context has been deprecated in favor of isaacsim.core.api.physics_context.physics_context. Please update your code accordingly.
2026-06-21 04:25:56 [7,034ms] [Warning] [omni.isaac.core.simulation_context.simulation_context] omni.isaac.core.simulation_context.simulation_context has been deprecated in favor of isaacsim.core.api.simulation_context.simulation_context. Please update your code accordingly.
2026-06-21 04:25:56 [7,036ms] [Warning] [omni.isaac.core.world.world] omni.isaac.core.world.world has been deprecated in favor of isaacsim.core.api.world.world. Please update your code accordingly.
2026-06-21 04:25:56 [7,036ms] [Warning] [omni.isaac.core] omni.isaac.core has been deprecated in favor of isaacsim.core.api. Please update your code accordingly.
[7.107s] [ext: omni.isaac.core_nodes-2.0.2] startup
2026-06-21 04:25:56 [7,058ms] [Warning] [omni.isaac.core_nodes] omni.isaac.core_nodes has been deprecated in favor of isaacsim.core.nodes. Please update your code accordingly.
[7.126s] [ext: omni.anim.curve.core-1.2.0] startup
[7.159s] [ext: isaacsim.robot_motion.lula-4.0.4] startup
[7.177s] [ext: isaacsim.asset.importer.mjcf-2.3.3] startup
[7.200s] [ext: isaacsim.robot_motion.motion_generation-8.0.6] startup
[7.226s] [ext: isaacsim.asset.browser-1.3.4] startup
[7.343s] [ext: isaacsim.robot.surface_gripper-2.0.6] startup
[7.350s] [ext: omni.kit.selection-0.1.5] startup
[7.357s] [ext: isaacsim.robot_motion.lula_test_widget-1.0.5] startup
[7.365s] [ext: omni.isaac.assets_check-0.3.9] startup
2026-06-21 04:25:56 [7,305ms] [Warning] [omni.isaac.assets_check] omni.isaac.assets_check has been deprecated in favor of isaacsim.asset.browser. Please update your code accordingly.
[7.370s] [ext: isaacsim.robot.manipulators-3.0.4] startup
[7.383s] [ext: isaacsim.sensors.physics-0.3.5] startup
[7.398s] [ext: isaacsim.gui.menu-2.0.9] startup
[7.441s] [ext: omni.isaac.lula_test_widget-1.0.2] startup
2026-06-21 04:25:57 [7,380ms] [Warning] [omni.isaac.lula_test_widget] omni.isaac.lula_test_widget has been deprecated in favor of isaacsim.robot_motion.lula_test_widget. Please update your code accordingly.
[7.445s] [ext: omni.sensors.nv.common-2.5.0-coreapi] startup
[7.473s] [ext: omni.isaac.manipulators-3.0.3] startup
2026-06-21 04:25:57 [7,411ms] [Warning] [omni.isaac.manipulators] omni.isaac.manipulators has been deprecated in favor of isaacsim.robot.manipulators. Please update your code accordingly.
2026-06-21 04:25:57 [7,411ms] [Warning] [omni.isaac.manipulators.controllers] omni.isaac.manipulators has been deprecated in favor of isaacsim.robot.manipulators. Please update your code accordingly.
2026-06-21 04:25:57 [7,412ms] [Warning] [omni.isaac.manipulators.controllers.pick_place_controller] omni.isaac.manipulators has been deprecated in favor of isaacsim.robot.manipulators. Please update your code accordingly.
2026-06-21 04:25:57 [7,412ms] [Warning] [omni.isaac.manipulators.controllers.stacking_controller] omni.isaac.manipulators has been deprecated in favor of isaacsim.robot.manipulators. Please update your code accordingly.
2026-06-21 04:25:57 [7,413ms] [Warning] [omni.isaac.manipulators.grippers] omni.isaac.manipulators has been deprecated in favor of isaacsim.robot.manipulators. Please update your code accordingly.
2026-06-21 04:25:57 [7,413ms] [Warning] [omni.isaac.manipulators.grippers.gripper] omni.isaac.manipulators has been deprecated in favor of isaacsim.robot.manipulators. Please update your code accordingly.
2026-06-21 04:25:57 [7,413ms] [Warning] [omni.isaac.manipulators.grippers.parallel_gripper] omni.isaac.manipulators has been deprecated in favor of isaacsim.robot.manipulators. Please update your code accordingly.
2026-06-21 04:25:57 [7,413ms] [Warning] [omni.isaac.manipulators.grippers.surface_gripper] omni.isaac.manipulators has been deprecated in favor of isaacsim.robot.manipulators. Please update your code accordingly.
2026-06-21 04:25:57 [7,413ms] [Warning] [omni.isaac.manipulators.manipulators] omni.isaac.manipulators has been deprecated in favor of isaacsim.robot.manipulators. Please update your code accordingly.
2026-06-21 04:25:57 [7,413ms] [Warning] [omni.isaac.manipulators.manipulators.single_manipulator] omni.isaac.manipulators has been deprecated in favor of isaacsim.robot.manipulators. Please update your code accordingly.
[7.478s] [ext: isaacsim.robot.policy.examples-4.0.3] startup
[7.484s] [ext: omni.isaac.menu-1.0.2] startup
2026-06-21 04:25:57 [7,423ms] [Warning] [omni.isaac.menu] omni.isaac.menu has been deprecated in favor of isaacsim.gui.menu. Please update your code accordingly.
[7.488s] [ext: omni.isaac.motion_generation-8.0.2] startup
2026-06-21 04:25:57 [7,427ms] [Warning] [omni.isaac.motion_generation] omni.isaac.motion_generation has been deprecated in favor of isaacsim.robot_motion.motion_generation. Please update your code accordingly.
2026-06-21 04:25:57 [7,428ms] [Warning] [omni.isaac.motion_generation.articulation_kinematics_solver] omni.isaac.motion_generation has been deprecated in favor of isaacsim.robot_motion.motion_generation. Please update your code accordingly.
2026-06-21 04:25:57 [7,429ms] [Warning] [omni.isaac.motion_generation.articulation_motion_policy] omni.isaac.motion_generation has been deprecated in favor of isaacsim.robot_motion.motion_generation. Please update your code accordingly.
2026-06-21 04:25:57 [7,429ms] [Warning] [omni.isaac.motion_generation.articulation_trajectory] omni.isaac.motion_generation has been deprecated in favor of isaacsim.robot_motion.motion_generation. Please update your code accordingly.
2026-06-21 04:25:57 [7,433ms] [Warning] [omni.isaac.motion_generation.kinematics_interface] omni.isaac.motion_generation has been deprecated in favor of isaacsim.robot_motion.motion_generation. Please update your code accordingly.
2026-06-21 04:25:57 [7,433ms] [Warning] [omni.isaac.motion_generation.lula] omni.isaac.motion_generation has been deprecated in favor of isaacsim.robot_motion.motion_generation. Please update your code accordingly.
2026-06-21 04:25:57 [7,434ms] [Warning] [omni.isaac.motion_generation.lula.kinematics] omni.isaac.motion_generation has been deprecated in favor of isaacsim.robot_motion.motion_generation. Please update your code accordingly.
2026-06-21 04:25:57 [7,434ms] [Warning] [omni.isaac.motion_generation.lula.motion_policies] omni.isaac.motion_generation has been deprecated in favor of isaacsim.robot_motion.motion_generation. Please update your code accordingly.
2026-06-21 04:25:57 [7,434ms] [Warning] [omni.isaac.motion_generation.lula.path_planners] omni.isaac.motion_generation has been deprecated in favor of isaacsim.robot_motion.motion_generation. Please update your code accordingly.
2026-06-21 04:25:57 [7,434ms] [Warning] [omni.isaac.motion_generation.lula.trajectory_generator] omni.isaac.motion_generation has been deprecated in favor of isaacsim.robot_motion.motion_generation. Please update your code accordingly.
2026-06-21 04:25:57 [7,435ms] [Warning] [omni.isaac.motion_generation.motion_policy_controller] omni.isaac.motion_generation has been deprecated in favor of isaacsim.robot_motion.motion_generation. Please update your code accordingly.
2026-06-21 04:25:57 [7,435ms] [Warning] [omni.isaac.motion_generation.motion_policy_interface] omni.isaac.motion_generation has been deprecated in favor of isaacsim.robot_motion.motion_generation. Please update your code accordingly.
2026-06-21 04:25:57 [7,435ms] [Warning] [omni.isaac.motion_generation.path_planner_visualizer] omni.isaac.motion_generation has been deprecated in favor of isaacsim.robot_motion.motion_generation. Please update your code accordingly.
2026-06-21 04:25:57 [7,435ms] [Warning] [omni.isaac.motion_generation.path_planning_interface] omni.isaac.motion_generation has been deprecated in favor of isaacsim.robot_motion.motion_generation. Please update your code accordingly.
2026-06-21 04:25:57 [7,435ms] [Warning] [omni.isaac.motion_generation.trajectory] omni.isaac.motion_generation has been deprecated in favor of isaacsim.robot_motion.motion_generation. Please update your code accordingly.
2026-06-21 04:25:57 [7,436ms] [Warning] [omni.isaac.motion_generation.world_interface] omni.isaac.motion_generation has been deprecated in favor of isaacsim.robot_motion.motion_generation. Please update your code accordingly.
[7.505s] [ext: omni.sensors.nv.materials-1.4.0-coreapi] startup
[7.514s] [ext: omni.isaac.nucleus-1.0.3] startup
2026-06-21 04:25:57 [7,451ms] [Warning] [omni.isaac.nucleus] omni.isaac.nucleus has been deprecated in favor of isaacsim.storage.native. Please update your code accordingly.
2026-06-21 04:25:57 [7,451ms] [Warning] [omni.isaac.nucleus.nucleus] omni.isaac.nucleus.nucleus has been deprecated in favor of isaacsim.storage.native. Please update your code accordingly.
[7.516s] [ext: omni.isaac.quadruped-3.0.2] startup
2026-06-21 04:25:57 [7,453ms] [Warning] [omni.isaac.quadruped] omni.isaac.quadruped has been deprecated in favor of isaacsim.robot.policy.examples. Please update your code accordingly.
[7.518s] [ext: omni.kit.manipulator.selector-1.1.1] startup
[7.524s] [ext: omni.sensors.nv.wpm-2.4.0-coreapi] startup
[7.530s] [ext: omni.sensors.nv.lidar-2.6.3-coreapi] startup
[7.543s] [ext: omni.sensors.nv.ids-1.4.0-coreapi] startup
[7.554s] [ext: isaacsim.robot.manipulators.examples-1.0.3] startup
[7.557s] [ext: isaacsim.util.debug_draw-2.0.2] startup
[7.566s] [ext: omni.sensors.tiled-0.0.6] startup
[7.571s] [ext: omni.sensors.nv.radar-2.6.1-coreapi] startup
[7.586s] [ext: omni.kit.widget.toolbar-1.7.3] startup
[7.602s] [ext: omni.kit.manipulator.transform-106.0.1] startup
[7.611s] [ext: isaacsim.sensors.physx-2.2.4] startup
[7.625s] [ext: isaacsim.sensors.rtx-13.6.3] startup
[7.640s] [ext: isaacsim.sensors.camera-0.2.9] startup
[7.658s] [ext: isaacsim.cortex.framework-1.0.2] startup
[7.659s] [ext: omni.kit.manipulator.tool.snap-1.5.12] startup
[7.697s] [ext: omni.isaac.range_sensor-4.0.2] startup
[7.701s] [ext: omni.isaac.surface_gripper-2.0.2] startup
2026-06-21 04:25:57 [7,639ms] [Warning] [omni.isaac.surface_gripper] omni.isaac.surface_gripper has been deprecated in favor of isaacsim.robot.surface_gripper. Please update your code accordingly.
[7.704s] [ext: omni.isaac.sensor-13.0.3] startup
2026-06-21 04:25:57 [7,643ms] [Warning] [omni.isaac.sensor] omni.isaac.sensor has been deprecated in favor of isaacsim.sensors.camera, isaacsim.sensors.physics, isaacsim.sensors.physx, and isaacsim.sensors.rtx. Please update your code accordingly.
2026-06-21 04:25:57 [7,643ms] [Warning] [omni.isaac.sensor.camera] omni.isaac.sensor.camera has been deprecated in favor of isaacsim.sensors.camera.camera. Please update your code accordingly.
2026-06-21 04:25:57 [7,643ms] [Warning] [omni.isaac.sensor.camera_view] omni.isaac.sensor.camera_view has been deprecated in favor of isaacsim.sensors.camera.camera_view. Please update your code accordingly.
2026-06-21 04:25:57 [7,643ms] [Warning] [omni.isaac.sensor.commands] omni.isaac.sensor.commands has been deprecated in favor of isaacsim.sensors.physics.commands, isaacsim.sensors.physx.commands, and isaacsim.sensors.rtx.commands. Please update your code accordingly.
2026-06-21 04:25:57 [7,644ms] [Warning] [omni.isaac.sensor.contact_sensor] omni.isaac.sensor.contact_sensor has been deprecated in favor of isaacsim.sensors.physics.contact_sensor. Please update your code accordingly.
2026-06-21 04:25:57 [7,644ms] [Warning] [omni.isaac.sensor.imu_sensor] omni.isaac.sensor.imu_sensor has been deprecated in favor of isaacsim.sensors.physics.imu_sensor. Please update your code accordingly.
2026-06-21 04:25:57 [7,644ms] [Warning] [omni.isaac.sensor.lidar_rtx] omni.isaac.sensor.lidar_rtx has been deprecated in favor of isaacsim.sensors.rtx.lidar_rtx. Please update your code accordingly.
2026-06-21 04:25:57 [7,644ms] [Warning] [omni.isaac.sensor.rotating_lidar_physX] omni.isaac.sensor.imu_sensor has been deprecated in favor of isaacsim.sensors.physix.rotating_lidar_physX. Please update your code accordingly.
2026-06-21 04:25:57 [7,646ms] [Warning] [omni.isaac.sensor.scripts.samples.contact_sensor] omni.isaac.sensor.scripts.samples.contact_sensor has been deprecated in favor of isaacsim.sensors.physics.scripts.samples.contact_sensor. Please update your code accordingly.
2026-06-21 04:25:57 [7,646ms] [Warning] [omni.isaac.sensor.scripts.samples.imu_sensor] omni.isaac.sensor.scripts.samples.imu_sensor has been deprecated in favor of isaacsim.sensors.physics.scripts.samples.imu_sensor. Please update your code accordingly.
2026-06-21 04:25:57 [7,646ms] [Warning] [omni.isaac.sensor.scripts.samples.lightbeam_sensor] omni.isaac.sensor.scripts.samples.lightbeam_sensor has been deprecated in favor of isaacsim.sensors.physx.scripts.samples.lightbeam_sensor. Please update your code accordingly.
[7.714s] [ext: omni.isaac.cortex-1.0.2] startup
2026-06-21 04:25:57 [7,650ms] [Warning] [omni.isaac.cortex] omni.isaac.cortex has been deprecated in favor of isaacsim.cortex.framework. Please update your code accordingly.
[7.715s] [ext: omni.kit.viewport.manipulator.transform-107.0.4] startup
[7.732s] [ext: omni.debugdraw-0.1.3] startup
[7.739s] [ext: omni.isaac.universal_robots-1.0.2] startup
2026-06-21 04:25:57 [7,675ms] [Warning] [omni.isaac.universal_robots] omni.isaac.universal_robots has been deprecated in favor of isaacsim.robot.manipulators.examples.universal_robots. Please update your code accordingly.
2026-06-21 04:25:57 [7,676ms] [Warning] [omni.isaac.universal_robots.kinematics_solver] omni.isaac.franka has been deprecated in favor of isaacsim.robot.manipulators.examples.universal_robots. Please update your code accordingly.
2026-06-21 04:25:57 [7,678ms] [Warning] [omni.isaac.universal_robots.ur10] omni.isaac.franka has been deprecated in favor of isaacsim.robot.manipulators.examples.universal_robots. Please update your code accordingly.
[7.743s] [ext: omni.isaac.utils-2.0.2] startup
[7.748s] [ext: omni.kit.manipulator.prim.core-107.0.7] startup
[7.759s] [ext: omni.fabric.commands-1.1.5] startup
[7.765s] [ext: omni.kit.manipulator.selection-106.0.1] startup
[7.768s] [ext: omni.kit.viewport.actions-107.0.0] startup
[7.775s] [ext: omni.kit.manipulator.prim.usd-107.0.3] startup
[7.778s] [ext: omni.kit.manipulator.prim.fabric-107.0.4] startup
[7.782s] [ext: isaacsim.cortex.behaviors-2.0.3] startup
[7.782s] [ext: omni.kit.widget.layers-1.8.2] startup
[7.809s] [ext: omni.kit.viewport.menubar.display-107.0.3] startup
[7.813s] [ext: omni.kit.manipulator.prim-107.0.0] startup
[7.815s] [ext: omni.isaac.cortex.sample_behaviors-2.0.2] startup
2026-06-21 04:25:57 [7,751ms] [Warning] [omni.isaac.cortex.sample_behaviors] omni.isaac.cortex.sample_behaviors has been deprecated in favor of isaacsim.cortex.behaviors. Please update your code accordingly.
[7.816s] [ext: omni.graph.ui_nodes-1.40.1] startup
[7.826s] [ext: omni.usdphysics.ui-106.5.7] startup
[7.880s] [ext: omni.physx.commands-106.5.7] startup
[7.887s] [ext: omni.kit.property.camera-1.0.9] startup
[7.891s] [ext: omni.hydra.scene_api-0.1.2] startup
[7.901s] [ext: omni.kit.property.geometry-1.3.3] startup
[7.906s] [ext: omni.kit.property.light-1.0.11] startup
[7.909s] [ext: omni.physx.ui-106.5.7] startup
[7.961s] [ext: omni.kit.property.material-1.10.17] startup
[7.972s] [ext: omni.kit.property.render-1.1.3] startup
[7.977s] [ext: omni.kit.property.transform-1.5.10] startup
[7.984s] [ext: omni.kit.property.audio-1.0.16] startup
[7.988s] [ext: isaacsim.gui.property-1.0.4] startup
[7.992s] [ext: omni.physx.demos-106.5.7] startup
[8.023s] [ext: omni.kit.property.physx-106.5.7] startup
[8.098s] [ext: omni.isaac.lula-4.0.2] startup
2026-06-21 04:25:57 [8,038ms] [Warning] [omni.isaac.lula] omni.isaac.lula has been deprecated in favor of isaacsim.robot_motion.lula. Please update your code accordingly.
[8.103s] [ext: omni.kit.property.bundle-1.3.2] startup
[8.106s] [ext: omni.kit.property.isaac-1.0.2] startup
2026-06-21 04:25:57 [8,044ms] [Warning] [omni.kit.property.isaac] omni.kit.property.isaac has been deprecated in favor of isaacsim.gui.property. Please update your code accordingly.
2026-06-21 04:25:57 [8,044ms] [Warning] [omni.kit.property.isaac.widgets] omni.kit.property.isaac.widgets has been deprecated in favor of isaacsim.gui.property.widgets. Please update your code accordingly.
[8.109s] [ext: omni.physx.vehicle-106.5.7] startup
[8.140s] [ext: omni.kit.viewport.menubar.camera-107.0.2] startup
[8.153s] [ext: omni.kit.viewport.menubar.lighting-106.0.2] startup
[8.159s] [ext: omni.kit.viewport.menubar.render-107.0.8] startup
[8.165s] [ext: omni.kit.viewport.menubar.settings-107.0.3] startup
[8.171s] [ext: omni.kit.window.console-0.2.14] startup
[8.190s] [ext: omni.physx.camera-106.5.7] startup
[8.208s] [ext: omni.kit.window.toolbar-1.6.2] startup
[8.217s] [ext: omni.isaac.version-2.0.2] startup
2026-06-21 04:25:57 [8,154ms] [Warning] [omni.isaac.version] omni.isaac.version has been deprecated in favor of isaacsim.core.version. Please update your code accordingly.
[8.219s] [ext: isaacsim.robot.wheeled_robots-4.0.3] startup
[8.231s] [ext: omni.physx.cct-106.5.7] startup
[8.258s] [ext: omni.physx.graph-106.5.7] startup
[8.309s] [ext: isaacsim.replicator.writers-1.0.1] startup
[8.370s] [ext: omni.physx.supportui-106.5.7] startup
[8.417s] [ext: omni.physx.telemetry-106.5.7] startup
[8.426s] [ext: omni.isaac.wheeled_robots-3.0.3] startup
2026-06-21 04:25:58 [8,362ms] [Warning] [omni.isaac.wheeled_robots] omni.isaac.wheeled_robots has been deprecated in favor of isaacsim.robot.wheeled_robots. Please update your code accordingly.
2026-06-21 04:25:58 [8,362ms] [Warning] [omni.isaac.wheeled_robots.controllers] omni.isaac.wheeled_robots has been deprecated in favor of isaacsim.robot.wheeled_robots. Please update your code accordingly.
2026-06-21 04:25:58 [8,362ms] [Warning] [omni.isaac.wheeled_robots.controllers.ackermann_controller] omni.isaac.wheeled_robots has been deprecated in favor of isaacsim.robot.wheeled_robots. Please update your code accordingly.
2026-06-21 04:25:58 [8,362ms] [Warning] [omni.isaac.wheeled_robots.controllers.differential_controller] omni.isaac.wheeled_robots has been deprecated in favor of isaacsim.robot.wheeled_robots. Please update your code accordingly.
2026-06-21 04:25:58 [8,362ms] [Warning] [omni.isaac.wheeled_robots.controllers.holonomic_controller] omni.isaac.wheeled_robots has been deprecated in favor of isaacsim.robot.wheeled_robots. Please update your code accordingly.
2026-06-21 04:25:58 [8,362ms] [Warning] [omni.isaac.wheeled_robots.controllers.quintic_path_planner] omni.isaac.wheeled_robots has been deprecated in favor of isaacsim.robot.wheeled_robots. Please update your code accordingly.
2026-06-21 04:25:58 [8,363ms] [Warning] [omni.isaac.wheeled_robots.controllers.stanley_control] omni.isaac.wheeled_robots has been deprecated in favor of isaacsim.robot.wheeled_robots. Please update your code accordingly.
2026-06-21 04:25:58 [8,363ms] [Warning] [omni.isaac.wheeled_robots.controllers.wheel_base_pose_controller] omni.isaac.wheeled_robots has been deprecated in favor of isaacsim.robot.wheeled_robots. Please update your code accordingly.
2026-06-21 04:25:58 [8,365ms] [Warning] [omni.isaac.wheeled_robots.impl] omni.isaac.wheeled_robots has been deprecated in favor of isaacsim.robot.wheeled_robots. Please update your code accordingly.
2026-06-21 04:25:58 [8,366ms] [Warning] [omni.isaac.wheeled_robots.robots] omni.isaac.wheeled_robots has been deprecated in favor of isaacsim.robot.wheeled_robots. Please update your code accordingly.
2026-06-21 04:25:58 [8,366ms] [Warning] [omni.isaac.wheeled_robots.robots.holonomic_robot_usd_setup] omni.isaac.wheeled_robots has been deprecated in favor of isaacsim.robot.wheeled_robots. Please update your code accordingly.
2026-06-21 04:25:58 [8,366ms] [Warning] [omni.isaac.wheeled_robots.robots.wheeled_robot] omni.isaac.wheeled_robots has been deprecated in favor of isaacsim.robot.wheeled_robots. Please update your code accordingly.
[8.431s] [ext: omni.isaac.franka-1.0.2] startup
2026-06-21 04:25:58 [8,367ms] [Warning] [omni.isaac.franka] omni.isaac.franka has been deprecated in favor of isaacsim.robot.manipulators.examples.franka. Please update your code accordingly.
2026-06-21 04:25:58 [8,367ms] [Warning] [omni.isaac.franka.franka] omni.isaac.franka has been deprecated in favor of isaacsim.robot.manipulators.examples.franka. Please update your code accordingly.
2026-06-21 04:25:58 [8,372ms] [Warning] [omni.isaac.franka.kinematics_solver] omni.isaac.franka has been deprecated in favor of isaacsim.robot.manipulators.examples.franka. Please update your code accordingly.
[8.437s] [ext: isaacsim.replicator.domain_randomization-1.0.2] startup
[8.445s] [ext: isaacsim.replicator.examples-1.1.2] startup
[8.449s] [ext: omni.kit.window.status_bar-0.1.7] startup
[8.469s] [ext: omni.rtx.window.settings-0.6.17] startup
[8.490s] [ext: omni.usd.metrics.assembler-106.5.0] startup
[8.512s] [ext: omni.physx.bundle-106.5.7] startup
[8.512s] [ext: isaacsim.app.about-2.0.7] startup
[8.515s] [ext: omni.replicator.isaac-2.0.3] startup
2026-06-21 04:25:58 [8,452ms] [Warning] [omni.replicator.isaac] omni.replicator.isaac has been deprecated in favor of isaacsim.replicator.domain_randomization, isaacsim.replicator.examples, isaacsim.replicator.writers. Please update your code accordingly.
[8.517s] [ext: omni.replicator.replicator_yaml-2.0.10] startup
[8.549s] [ext: omni.rtx.settings.core-0.6.3] startup
[8.559s] [ext: omni.usd.metrics.assembler.ui-106.5.0] startup
[8.573s] [ext: isaacsim.simulation_app-2.4.2] startup
[8.575s] [ext: omni.isaac.window.about-2.0.2] startup
2026-06-21 04:25:58 [8,513ms] [Warning] [omni.isaac.window.about] omni.isaac.window.about has been deprecated in favor of isaacsim.app.about. Please update your code accordingly.
2026-06-21 04:25:58 [8,514ms] [Warning] [omni.isaac.window.about.about] omni.isaac.window.about.about has been deprecated in favor of isaacsim.app.about.about. Please update your code accordingly.
[8.578s] [ext: semantics.schema.editor-0.3.10] startup
[8.584s] [ext: omni.kit.ui.actions-1.0.2] startup
[8.587s] [ext: semantics.schema.property-1.0.5] startup
[8.591s] [ext: omni.kit.manipulator.camera-106.0.3] startup
[8.599s] [ext: omni.isaac.kit-2.0.3] startup
2026-06-21 04:25:58 [8,536ms] [Warning] [omni.isaac.kit] omni.isaac.kit has been deprecated in favor of isaacsim.simulation_app. Please update your code accordingly.
[8.600s] [ext: omni.isaac.asset_browser-1.0.2] startup
2026-06-21 04:25:58 [8,537ms] [Warning] [omni.isaac.asset_browser] omni.isaac.asset_browser has been deprecated in favor of isaacsim.asset.browser. Please update your code accordingly.
[8.602s] [ext: isaacsim.core.throttling-2.0.2] startup
[8.603s] [ext: omni.kit.menu.common-1.1.9] startup
[8.610s] [ext: isaacsim.exp.base-4.5.0] startup
[8.612s] [ext: isaacsim.exp.base.python-4.5.0] startup
[8.615s] Simulation App Starting
2026-06-21 04:25:58 [8,642ms] [Warning] [omni.kvdb.plugin] Disabling key-value database because another kit process is locking it
[8.816s] app ready
2026-06-21 04:25:58 [8,919ms] [Warning] [rtx.scenedb.plugin] SceneDbContext : TLAS limit buffer size 7374781440
2026-06-21 04:25:58 [8,919ms] [Warning] [rtx.scenedb.plugin] SceneDbContext : TLAS limit : valid false, within: false
2026-06-21 04:25:58 [8,919ms] [Warning] [rtx.scenedb.plugin] SceneDbContext : TLAS limit : decrement: 167690, decrement size: 7301033856
2026-06-21 04:25:58 [8,919ms] [Warning] [rtx.scenedb.plugin] SceneDbContext : New limit 9748724 (slope: 439, intercept: 13179904)
2026-06-21 04:25:58 [8,919ms] [Warning] [rtx.scenedb.plugin] SceneDbContext : TLAS limit buffer size 4287352704
2026-06-21 04:25:58 [8,919ms] [Warning] [rtx.scenedb.plugin] SceneDbContext : TLAS limit : valid true, within: true
2026-06-21 04:25:58 [9,166ms] [Warning] [omni.usd-abi.plugin] No setting was found for '/rtx-defaults-transient/meshlights/forceDisable'
2026-06-21 04:25:58 [9,247ms] [Warning] [omni.usd-abi.plugin] No setting was found for '/rtx-defaults/post/dlss/execMode'
[13.869s] Simulation App Startup Complete
2026-06-21 04:26:06 [16,988ms] [Warning] [omni.hydra.scene_delegate.plugin] Calling getBypassRenderSkelMeshProcessing for prim /World/workcell/t2_platform_link/visuals.proto_box_id0 that has not been populated
[22.875s] Simulation App Shutting Down
