[Warning] [simulation_app.simulation_app] Modules: ['omni.kit_app'] were loaded before SimulationApp was started and might not be loaded correctly.
[Warning] [simulation_app.simulation_app] Please check to make sure no extra omniverse or pxr modules are imported before the call to SimulationApp(...)
[Info] [carb] Logging to file: /srv/data/users/raditya/isaacsim/env_isaacsim/lib/python3.10/site-packages/omni/logs/Kit/Isaac-Sim Python/4.5/kit_20260621_134838.log
2026-06-21 04:48:38 [0ms] [Warning] [omni.kit.app.plugin] No crash reporter present, dumps uploading isn't available.
[0.103s] [ext: omni.kit.async_engine-0.0.1] startup
[0.283s] [ext: omni.metrics.core-0.0.1] startup
[0.284s] [ext: omni.client.lib-1.0.0] startup
[0.320s] [ext: omni.blobkey-1.1.2] startup
[0.320s] [ext: omni.stats-1.0.1] startup
[0.322s] [ext: omni.datastore-0.0.0] startup
[0.330s] [ext: omni.client-1.2.2] startup
[0.337s] [ext: omni.ujitso.default-1.0.0] startup
[0.340s] [ext: omni.hsscclient-1.1.1] startup
2026-06-21 04:48:38 [287ms] [Warning] [omni.datastore] OmniHub is inaccessible
[0.348s] [ext: omni.gpu_foundation.shadercache.vulkan-1.0.0] startup
[0.353s] [ext: omni.assets.plugins-0.0.0] startup
[0.356s] [ext: omni.gpu_foundation-0.0.0] startup
[0.405s] [ext: carb.windowing.plugins-1.0.0] startup
[0.432s] [ext: omni.kit.renderer.init-0.0.0] startup

|---------------------------------------------------------------------------------------------|
| Driver Version: 560.28.03     | Graphics API: Vulkan
|=============================================================================================|
| GPU | Name                             | Active | LDA | GPU Memory | Vendor-ID | LUID       |
|     |                                  |        |     |            | Device-ID | UUID       |
|     |                                  |        |     |            | Bus-ID    |            |
|---------------------------------------------------------------------------------------------|
| 0   | NVIDIA RTX A6000                 | Yes: 0 |     | 49386   MB | 10de      | 0          |
|     |                                  |        |     |            | 2230      | 0652a9b7.. |
|     |                                  |        |     |            | 3b        |            |
|=============================================================================================|
| OS: 22.04.5 LTS (Jammy Jellyfish) ubuntu, Version: 22.04.5, Kernel: 6.8.0-124-generic
| XServer Vendor: The X.Org Foundation, XServer Version: 12101004 (1.21.1.4)
| Processor: Intel(R) Xeon(R) Silver 4216 CPU @ 2.10GHz
| Cores: 32 | Logical Cores: 64
|---------------------------------------------------------------------------------------------|
| Total Memory (MB): 96267 | Free Memory: 81211
| Total Page/Swap (MB): 2048 | Free Page/Swap: 634
|---------------------------------------------------------------------------------------------|
[1.488s] [ext: omni.kit.pipapi-0.0.0] startup
[1.490s] [ext: omni.materialx.libs-1.0.6] startup
[1.501s] [ext: omni.kit.pip_archive-0.0.0] startup
[1.502s] [ext: omni.usd.config-1.0.5] startup
[1.506s] [ext: omni.gpucompute.plugins-0.0.0] startup
[1.507s] [ext: omni.usd.libs-1.0.1] startup
[1.624s] [ext: omni.mdl-55.0.1] startup
[1.651s] [ext: omni.iray.libs-0.0.0] startup
[1.659s] [ext: omni.mdl.neuraylib-0.2.10] startup
[1.661s] [ext: omni.kit.usd.mdl-1.0.7] startup
[1.799s] [ext: omni.kit.telemetry-0.5.1] startup
[1.834s] [ext: omni.kit.loop-isaac-1.2.1] startup
[1.836s] [ext: omni.kit.test-1.1.2] startup
[1.899s] [ext: omni.appwindow-1.1.9] startup
[1.904s] [ext: omni.kit.renderer.core-1.0.2] startup
[2.006s] [ext: omni.kit.renderer.capture-0.0.0] startup
[2.010s] [ext: omni.kit.renderer.imgui-1.0.2] startup
[2.106s] [ext: omni.ui-2.26.5] startup
[2.122s] [ext: omni.kit.mainwindow-1.0.3] startup
[2.123s] [ext: carb.audio-0.1.0] startup
[2.130s] [ext: omni.uiaudio-1.0.0] startup
[2.131s] [ext: omni.kit.uiapp-0.0.0] startup
[2.132s] [ext: omni.usd.schema.metrics.assembler-106.5.0] startup
[2.145s] [ext: omni.usd.schema.anim-0.0.0] startup
[2.176s] [ext: omni.usd.schema.audio-0.0.0] startup
[2.181s] [ext: omni.usd.schema.isaac-3.0.2] startup
[2.181s] [ext: omni.usd.schema.omnigraph-1.0.0] startup
[2.191s] [ext: omni.usd.schema.forcefield-106.5.7] startup
[2.206s] [ext: omni.usd.schema.semantics-0.0.0] startup
[2.210s] [ext: omni.usd.schema.physx-106.5.7] startup
[2.247s] [ext: omni.usd.schema.geospatial-0.0.0] startup
[2.251s] [ext: omni.usd_resolver-1.0.0] startup
[2.256s] [ext: omni.kit.window.popup_dialog-2.0.24] startup
[2.262s] [ext: usdrt.scenegraph-7.5.1] startup
[2.315s] [ext: omni.timeline-1.0.11] startup
[2.318s] [ext: omni.usd.core-1.4.2] startup
[2.322s] [ext: omni.resourcemonitor-107.0.0] startup
[2.324s] [ext: omni.activity.core-1.0.1] startup
[2.326s] [ext: omni.kit.widget.nucleus_connector-1.1.10] startup
[2.329s] [ext: omni.hydra.usdrt_delegate-7.5.1] startup
[2.344s] [ext: omni.kit.actions.core-1.0.0] startup
[2.348s] [ext: omni.graph.exec-0.9.4] startup
[2.348s] [ext: omni.kit.commands-1.4.9] startup
[2.353s] [ext: omni.kit.usd_undo-0.1.8] startup
[2.354s] [ext: omni.kit.exec.core-0.13.4] startup
[2.357s] [ext: omni.kit.audiodeviceenum-1.0.1] startup
[2.358s] [ext: omni.hydra.scene_delegate-0.3.3] startup
[2.366s] [ext: omni.usd-1.12.4] startup
[2.429s] [ext: omni.inspect-1.0.1] startup
[2.431s] [ext: omni.kit.notification_manager-1.0.9] startup
[2.433s] [ext: omni.graph.core-2.181.8] startup
[2.438s] [ext: isaacsim.core.deprecation_manager-0.2.2] startup
[2.439s] [ext: omni.usd.schema.omniscripting-1.0.0] startup
[2.446s] [ext: isaacsim.robot.schema-3.1.2] startup
[2.457s] [ext: omni.kit.asset_converter-2.8.3] startup
[2.475s] [ext: omni.kit.menu.core-1.1.2] startup
[2.476s] [ext: omni.kvdb-106.5.7] startup
[2.478s] [ext: omni.kit.widget.context_menu-1.2.4] startup
[2.480s] [ext: omni.kit.usd.layers-2.2.0] startup
[2.490s] [ext: omni.kit.property.adapter.core-1.0.2] startup
[2.493s] [ext: omni.localcache-106.5.7] startup
[2.495s] [ext: omni.convexdecomposition-106.5.7] startup
[2.502s] [ext: omni.warp.core-1.5.0] startup
[2.727s] [ext: omni.kit.context_menu-1.8.3] startup
[2.729s] [ext: omni.kit.hotkeys.core-1.3.10] startup
[2.734s] [ext: omni.kit.property.adapter.fabric-1.0.3] startup
[2.736s] [ext: omni.usdphysics-106.5.7] startup
[2.741s] [ext: omni.kit.widget.path_field-2.0.11] startup
[2.742s] [ext: omni.kit.widget.options_menu-1.1.6] startup
[2.746s] [ext: omni.kit.helper.file_utils-0.1.9] startup
[2.749s] [ext: omni.kit.widget.browser_bar-2.0.10] startup
[2.750s] [ext: omni.kit.widget.options_button-1.0.3] startup
[2.751s] [ext: omni.kit.widget.filebrowser-2.10.52] startup
[2.757s] [ext: omni.kit.clipboard-1.0.5] startup
[2.758s] [ext: omni.graph.tools-1.79.1] startup
[2.787s] [ext: omni.ui.scene-1.11.2] startup
[2.794s] [ext: omni.graph.image.core-0.6.0] startup
[2.795s] [ext: omni.kit.window.filepicker-2.11.7] startup
[2.810s] [ext: omni.kit.widget.searchfield-1.1.8] startup
[2.812s] [ext: omni.graph.image.nodes-1.3.0] startup
[2.816s] [ext: omni.graph-1.140.2] startup
[2.873s] [ext: omni.kit.window.file_exporter-1.0.31] startup
[2.876s] [ext: omni.kit.widget.filter-1.1.4] startup
[2.879s] [ext: omni.physx.foundation-106.5.7] startup
[2.882s] [ext: omni.graph.nodes-1.162.1] startup
[2.898s] [ext: omni.kit.widget.stage-2.11.6] startup
[2.914s] [ext: omni.hydra.rtx.shadercache.vulkan-1.0.0] startup
[2.917s] [ext: omni.hydra.engine.stats-1.0.3] startup
[2.922s] [ext: omni.graph.action_core-1.1.7] startup
[2.927s] [ext: omni.kit.widget.highlight_label-1.0.3] startup
[2.929s] [ext: omni.ujitso.processor.texture-1.0.0] startup
[2.931s] [ext: omni.index.libs-380600.1777.0] startup
[2.931s] [ext: omni.kit.window.file_importer-1.1.14] startup
[2.932s] [ext: omni.kit.stage_template.core-1.1.22] startup
[2.935s] [ext: omni.volume-0.5.0] startup
[2.944s] [ext: omni.ujitso.client-0.0.0] startup
[2.945s] [ext: omni.index-1.0.1] startup
[2.946s] [ext: omni.kit.window.file-1.3.57] startup
[2.950s] [ext: omni.hydra.rtx-1.0.0] startup
2026-06-21 04:48:40 [2,908ms] [Warning] [omni.log] Source: omni.hydra was already registered.
[2.987s] [ext: omni.kit.viewport.registry-104.0.6] startup
[2.988s] [ext: omni.kit.viewport.legacy_gizmos-1.0.16] startup
[2.993s] [ext: omni.kit.raycast.query-1.0.5] startup
[3.001s] [ext: omni.kit.viewport.scene_camera_model-1.0.5] startup
[3.008s] [ext: omni.kit.hydra_texture-1.4.0] startup
[3.013s] [ext: omni.kit.menu.utils-1.7.7] startup
[3.022s] [ext: omni.kit.window.drop_support-1.0.4] startup
[3.023s] [ext: omni.kit.widget.viewport-107.0.7] startup
[3.029s] [ext: omni.kit.material.library-1.5.15] startup
[3.036s] [ext: omni.kit.window.content_browser_registry-0.0.6] startup
[3.038s] [ext: omni.kit.viewport.window-107.0.8] startup
[3.066s] [ext: omni.graph.action_nodes-1.40.1] startup
[3.072s] [ext: omni.kit.window.property-1.11.5] startup
[3.082s] [ext: omni.kit.window.content_browser-2.10.3] startup
[3.116s] [ext: omni.kit.property.adapter.usd-1.0.2] startup
[3.135s] [ext: omni.kit.viewport.utility-1.0.18] startup
[3.140s] [ext: omni.graph.action-1.120.0] startup
[3.143s] [ext: omni.kit.property.usd-4.2.16] startup
[3.160s] [ext: omni.physx.cooking-106.5.7] startup
[3.173s] [ext: omni.kit.widget.stage_icons-1.0.6] startup
[3.175s] [ext: omni.kit.widget.zoombar-1.0.5] startup
[3.177s] [ext: omni.physics.tensors-106.5.7] startup
[3.189s] [ext: omni.kit.widget.prompt-1.0.7] startup
[3.191s] [ext: omni.kit.usd.collect-2.2.22] startup
[3.195s] [ext: omni.physx-106.5.7] startup
[3.215s] [ext: omni.kit.window.stage-2.5.11] startup
[3.221s] [ext: omni.kit.browser.core-2.3.11] startup
[3.227s] [ext: omni.kit.widget.text_editor-1.0.2] startup
[3.230s] [ext: omni.physx.tensors-106.5.7] startup
[3.240s] [ext: omni.kit.tool.collect-2.2.16] startup
[3.243s] [ext: omni.kit.menu.stage-1.2.5] startup
[3.245s] [ext: omni.kit.browser.folder.core-1.10.1] startup
[3.253s] [ext: omni.warp-1.5.0] startup
[3.262s] [ext: isaacsim.examples.browser-0.1.8] startup
[3.269s] [ext: omni.physx.stageupdate-106.5.7] startup
[3.275s] [ext: omni.kit.numpy.common-0.1.2] startup
[3.278s] [ext: isaacsim.core.version-2.0.2] startup
[3.280s] [ext: omni.isaac.dynamic_control-1.3.15] startup
2026-06-21 04:48:41 [3,235ms] [Warning] [omni.isaac.dynamic_control] omni.isaac.dynamic_control is deprecated as of Isaac Sim 4.5. No action is needed from end-users.
[3.290s] [ext: isaacsim.storage.native-1.0.6] startup
[3.294s] [ext: omni.kit.menu.create-1.0.17] startup
[3.299s] [ext: isaacsim.core.utils-2.2.8] startup
[3.304s] [ext: omni.kit.widget.searchable_combobox-1.0.6] startup
[3.308s] [ext: omni.kit.primitive.mesh-1.0.17] startup
[3.329s] [ext: isaacsim.core.simulation_manager-0.3.3] startup
[5.371s] [ext: omni.kit.scripting-106.5.2] startup
[5.384s] [ext: omni.kit.stage_templates-1.2.6] startup
[5.390s] [ext: isaacsim.core.prims-0.3.7] startup
[5.417s] [ext: isaacsim.replicator.behavior-1.0.8] startup
[5.421s] [ext: isaacsim.core.api-4.2.16] startup
[5.437s] [ext: omni.ui_query-1.1.7] startup
[5.441s] [ext: omni.kit.manipulator.viewport-107.0.1] startup
[5.444s] [ext: omni.kit.ui_test-1.3.3] startup
[5.447s] [ext: omni.kit.window.extensions-1.4.25] startup
[5.457s] [ext: omni.graph.visualization.nodes-2.1.1] startup
[5.469s] [ext: omni.kit.tool.asset_importer-2.12.2] startup
[5.499s] [ext: isaacsim.gui.components-1.0.9] startup
[5.513s] [ext: omni.kit.widget.settings-1.2.2] startup
[5.523s] [ext: omni.kit.widget.graph-1.12.17] startup
[5.531s] [ext: omni.kit.window.preferences-1.7.0] startup
[5.543s] [ext: omni.kit.graph.delegate.default-1.2.2] startup
[5.544s] [ext: omni.kit.viewport.menubar.core-107.1.2] startup
[5.565s] [ext: omni.kit.widget.material_preview-1.0.16] startup
[5.568s] [ext: omni.kit.graph.usd.commands-1.3.1] startup
[5.571s] [ext: omni.kit.graph.editor.core-1.5.3] startup
[5.576s] [ext: omni.syntheticdata-0.6.10] startup
[5.619s] [ext: omni.kit.window.material_graph-1.8.19] startup
[5.678s] [ext: omni.graph.scriptnode-1.40.1] startup
[5.683s] [ext: isaacsim.core.cloner-1.3.4] startup
[5.688s] [ext: omni.replicator.core-1.11.35] startup
2026-06-21 04:48:43 [5,767ms] [Warning] [omni.replicator.core.scripts.extension] No material configuration file, adding configuration to material settings directly.
[5.826s] [ext: omni.isaac.cloner-1.0.2] startup
2026-06-21 04:48:43 [5,776ms] [Warning] [omni.isaac.cloner] omni.isaac.cloner has been deprecated in favor of isaacsim.core.cloner. Please update your code accordingly.
[5.831s] [ext: isaacsim.core.nodes-2.1.4] startup
[5.846s] [ext: isaacsim.asset.importer.urdf-2.3.10] startup
[6.056s] [ext: omni.isaac.core-4.0.3] startup
2026-06-21 04:48:44 [6,007ms] [Warning] [omni.isaac.core.physics_context.physics_context] omni.isaac.core.physics_context.physics_context has been deprecated in favor of isaacsim.core.api.physics_context.physics_context. Please update your code accordingly.
2026-06-21 04:48:44 [6,007ms] [Warning] [omni.isaac.core.simulation_context.simulation_context] omni.isaac.core.simulation_context.simulation_context has been deprecated in favor of isaacsim.core.api.simulation_context.simulation_context. Please update your code accordingly.
2026-06-21 04:48:44 [6,009ms] [Warning] [omni.isaac.core.world.world] omni.isaac.core.world.world has been deprecated in favor of isaacsim.core.api.world.world. Please update your code accordingly.
2026-06-21 04:48:44 [6,009ms] [Warning] [omni.isaac.core] omni.isaac.core has been deprecated in favor of isaacsim.core.api. Please update your code accordingly.
[6.065s] [ext: omni.isaac.core_nodes-2.0.2] startup
2026-06-21 04:48:44 [6,024ms] [Warning] [omni.isaac.core_nodes] omni.isaac.core_nodes has been deprecated in favor of isaacsim.core.nodes. Please update your code accordingly.
[6.081s] [ext: omni.anim.curve.core-1.2.0] startup
[6.114s] [ext: isaacsim.robot_motion.lula-4.0.4] startup
[6.130s] [ext: isaacsim.asset.importer.mjcf-2.3.3] startup
[6.145s] [ext: isaacsim.robot_motion.motion_generation-8.0.6] startup
[6.174s] [ext: isaacsim.asset.browser-1.3.4] startup
[6.276s] [ext: isaacsim.robot.surface_gripper-2.0.6] startup
[6.281s] [ext: omni.kit.selection-0.1.5] startup
[6.286s] [ext: isaacsim.robot_motion.lula_test_widget-1.0.5] startup
[6.290s] [ext: omni.isaac.assets_check-0.3.9] startup
2026-06-21 04:48:44 [6,239ms] [Warning] [omni.isaac.assets_check] omni.isaac.assets_check has been deprecated in favor of isaacsim.asset.browser. Please update your code accordingly.
[6.294s] [ext: isaacsim.robot.manipulators-3.0.4] startup
[6.310s] [ext: isaacsim.sensors.physics-0.3.5] startup
[6.326s] [ext: isaacsim.gui.menu-2.0.9] startup
[6.367s] [ext: omni.isaac.lula_test_widget-1.0.2] startup
2026-06-21 04:48:44 [6,316ms] [Warning] [omni.isaac.lula_test_widget] omni.isaac.lula_test_widget has been deprecated in favor of isaacsim.robot_motion.lula_test_widget. Please update your code accordingly.
[6.371s] [ext: omni.sensors.nv.common-2.5.0-coreapi] startup
[6.391s] [ext: omni.isaac.manipulators-3.0.3] startup
2026-06-21 04:48:44 [6,339ms] [Warning] [omni.isaac.manipulators] omni.isaac.manipulators has been deprecated in favor of isaacsim.robot.manipulators. Please update your code accordingly.
2026-06-21 04:48:44 [6,339ms] [Warning] [omni.isaac.manipulators.controllers] omni.isaac.manipulators has been deprecated in favor of isaacsim.robot.manipulators. Please update your code accordingly.
2026-06-21 04:48:44 [6,339ms] [Warning] [omni.isaac.manipulators.controllers.pick_place_controller] omni.isaac.manipulators has been deprecated in favor of isaacsim.robot.manipulators. Please update your code accordingly.
2026-06-21 04:48:44 [6,340ms] [Warning] [omni.isaac.manipulators.controllers.stacking_controller] omni.isaac.manipulators has been deprecated in favor of isaacsim.robot.manipulators. Please update your code accordingly.
2026-06-21 04:48:44 [6,340ms] [Warning] [omni.isaac.manipulators.grippers] omni.isaac.manipulators has been deprecated in favor of isaacsim.robot.manipulators. Please update your code accordingly.
2026-06-21 04:48:44 [6,340ms] [Warning] [omni.isaac.manipulators.grippers.gripper] omni.isaac.manipulators has been deprecated in favor of isaacsim.robot.manipulators. Please update your code accordingly.
2026-06-21 04:48:44 [6,340ms] [Warning] [omni.isaac.manipulators.grippers.parallel_gripper] omni.isaac.manipulators has been deprecated in favor of isaacsim.robot.manipulators. Please update your code accordingly.
2026-06-21 04:48:44 [6,340ms] [Warning] [omni.isaac.manipulators.grippers.surface_gripper] omni.isaac.manipulators has been deprecated in favor of isaacsim.robot.manipulators. Please update your code accordingly.
2026-06-21 04:48:44 [6,340ms] [Warning] [omni.isaac.manipulators.manipulators] omni.isaac.manipulators has been deprecated in favor of isaacsim.robot.manipulators. Please update your code accordingly.
2026-06-21 04:48:44 [6,341ms] [Warning] [omni.isaac.manipulators.manipulators.single_manipulator] omni.isaac.manipulators has been deprecated in favor of isaacsim.robot.manipulators. Please update your code accordingly.
[6.395s] [ext: isaacsim.robot.policy.examples-4.0.3] startup
[6.401s] [ext: omni.isaac.menu-1.0.2] startup
2026-06-21 04:48:44 [6,351ms] [Warning] [omni.isaac.menu] omni.isaac.menu has been deprecated in favor of isaacsim.gui.menu. Please update your code accordingly.
[6.406s] [ext: omni.isaac.motion_generation-8.0.2] startup
2026-06-21 04:48:44 [6,355ms] [Warning] [omni.isaac.motion_generation] omni.isaac.motion_generation has been deprecated in favor of isaacsim.robot_motion.motion_generation. Please update your code accordingly.
2026-06-21 04:48:44 [6,356ms] [Warning] [omni.isaac.motion_generation.articulation_kinematics_solver] omni.isaac.motion_generation has been deprecated in favor of isaacsim.robot_motion.motion_generation. Please update your code accordingly.
2026-06-21 04:48:44 [6,356ms] [Warning] [omni.isaac.motion_generation.articulation_motion_policy] omni.isaac.motion_generation has been deprecated in favor of isaacsim.robot_motion.motion_generation. Please update your code accordingly.
2026-06-21 04:48:44 [6,357ms] [Warning] [omni.isaac.motion_generation.articulation_trajectory] omni.isaac.motion_generation has been deprecated in favor of isaacsim.robot_motion.motion_generation. Please update your code accordingly.
2026-06-21 04:48:44 [6,357ms] [Warning] [omni.isaac.motion_generation.kinematics_interface] omni.isaac.motion_generation has been deprecated in favor of isaacsim.robot_motion.motion_generation. Please update your code accordingly.
2026-06-21 04:48:44 [6,357ms] [Warning] [omni.isaac.motion_generation.lula] omni.isaac.motion_generation has been deprecated in favor of isaacsim.robot_motion.motion_generation. Please update your code accordingly.
2026-06-21 04:48:44 [6,357ms] [Warning] [omni.isaac.motion_generation.lula.kinematics] omni.isaac.motion_generation has been deprecated in favor of isaacsim.robot_motion.motion_generation. Please update your code accordingly.
2026-06-21 04:48:44 [6,361ms] [Warning] [omni.isaac.motion_generation.lula.motion_policies] omni.isaac.motion_generation has been deprecated in favor of isaacsim.robot_motion.motion_generation. Please update your code accordingly.
2026-06-21 04:48:44 [6,361ms] [Warning] [omni.isaac.motion_generation.lula.path_planners] omni.isaac.motion_generation has been deprecated in favor of isaacsim.robot_motion.motion_generation. Please update your code accordingly.
2026-06-21 04:48:44 [6,361ms] [Warning] [omni.isaac.motion_generation.lula.trajectory_generator] omni.isaac.motion_generation has been deprecated in favor of isaacsim.robot_motion.motion_generation. Please update your code accordingly.
2026-06-21 04:48:44 [6,362ms] [Warning] [omni.isaac.motion_generation.motion_policy_controller] omni.isaac.motion_generation has been deprecated in favor of isaacsim.robot_motion.motion_generation. Please update your code accordingly.
2026-06-21 04:48:44 [6,362ms] [Warning] [omni.isaac.motion_generation.motion_policy_interface] omni.isaac.motion_generation has been deprecated in favor of isaacsim.robot_motion.motion_generation. Please update your code accordingly.
2026-06-21 04:48:44 [6,362ms] [Warning] [omni.isaac.motion_generation.path_planner_visualizer] omni.isaac.motion_generation has been deprecated in favor of isaacsim.robot_motion.motion_generation. Please update your code accordingly.
2026-06-21 04:48:44 [6,362ms] [Warning] [omni.isaac.motion_generation.path_planning_interface] omni.isaac.motion_generation has been deprecated in favor of isaacsim.robot_motion.motion_generation. Please update your code accordingly.
2026-06-21 04:48:44 [6,363ms] [Warning] [omni.isaac.motion_generation.trajectory] omni.isaac.motion_generation has been deprecated in favor of isaacsim.robot_motion.motion_generation. Please update your code accordingly.
2026-06-21 04:48:44 [6,363ms] [Warning] [omni.isaac.motion_generation.world_interface] omni.isaac.motion_generation has been deprecated in favor of isaacsim.robot_motion.motion_generation. Please update your code accordingly.
[6.417s] [ext: omni.sensors.nv.materials-1.4.0-coreapi] startup
[6.423s] [ext: omni.isaac.nucleus-1.0.3] startup
2026-06-21 04:48:44 [6,371ms] [Warning] [omni.isaac.nucleus] omni.isaac.nucleus has been deprecated in favor of isaacsim.storage.native. Please update your code accordingly.
2026-06-21 04:48:44 [6,371ms] [Warning] [omni.isaac.nucleus.nucleus] omni.isaac.nucleus.nucleus has been deprecated in favor of isaacsim.storage.native. Please update your code accordingly.
[6.426s] [ext: omni.isaac.quadruped-3.0.2] startup
2026-06-21 04:48:44 [6,373ms] [Warning] [omni.isaac.quadruped] omni.isaac.quadruped has been deprecated in favor of isaacsim.robot.policy.examples. Please update your code accordingly.
[6.428s] [ext: omni.kit.manipulator.selector-1.1.1] startup
[6.433s] [ext: omni.sensors.nv.wpm-2.4.0-coreapi] startup
[6.437s] [ext: omni.sensors.nv.lidar-2.6.3-coreapi] startup
[6.448s] [ext: omni.sensors.nv.ids-1.4.0-coreapi] startup
[6.456s] [ext: isaacsim.robot.manipulators.examples-1.0.3] startup
[6.458s] [ext: isaacsim.util.debug_draw-2.0.2] startup
[6.466s] [ext: omni.sensors.tiled-0.0.6] startup
[6.470s] [ext: omni.sensors.nv.radar-2.6.1-coreapi] startup
[6.480s] [ext: omni.kit.widget.toolbar-1.7.3] startup
[6.491s] [ext: omni.kit.manipulator.transform-106.0.1] startup
[6.498s] [ext: isaacsim.sensors.physx-2.2.4] startup
[6.507s] [ext: isaacsim.sensors.rtx-13.6.3] startup
[6.518s] [ext: isaacsim.sensors.camera-0.2.9] startup
[6.538s] [ext: isaacsim.cortex.framework-1.0.2] startup
[6.542s] [ext: omni.kit.manipulator.tool.snap-1.5.12] startup
[6.571s] [ext: omni.isaac.range_sensor-4.0.2] startup
[6.575s] [ext: omni.isaac.surface_gripper-2.0.2] startup
2026-06-21 04:48:44 [6,524ms] [Warning] [omni.isaac.surface_gripper] omni.isaac.surface_gripper has been deprecated in favor of isaacsim.robot.surface_gripper. Please update your code accordingly.
[6.579s] [ext: omni.isaac.sensor-13.0.3] startup
2026-06-21 04:48:44 [6,528ms] [Warning] [omni.isaac.sensor] omni.isaac.sensor has been deprecated in favor of isaacsim.sensors.camera, isaacsim.sensors.physics, isaacsim.sensors.physx, and isaacsim.sensors.rtx. Please update your code accordingly.
2026-06-21 04:48:44 [6,528ms] [Warning] [omni.isaac.sensor.camera] omni.isaac.sensor.camera has been deprecated in favor of isaacsim.sensors.camera.camera. Please update your code accordingly.
2026-06-21 04:48:44 [6,529ms] [Warning] [omni.isaac.sensor.camera_view] omni.isaac.sensor.camera_view has been deprecated in favor of isaacsim.sensors.camera.camera_view. Please update your code accordingly.
2026-06-21 04:48:44 [6,529ms] [Warning] [omni.isaac.sensor.commands] omni.isaac.sensor.commands has been deprecated in favor of isaacsim.sensors.physics.commands, isaacsim.sensors.physx.commands, and isaacsim.sensors.rtx.commands. Please update your code accordingly.
2026-06-21 04:48:44 [6,529ms] [Warning] [omni.isaac.sensor.contact_sensor] omni.isaac.sensor.contact_sensor has been deprecated in favor of isaacsim.sensors.physics.contact_sensor. Please update your code accordingly.
2026-06-21 04:48:44 [6,529ms] [Warning] [omni.isaac.sensor.imu_sensor] omni.isaac.sensor.imu_sensor has been deprecated in favor of isaacsim.sensors.physics.imu_sensor. Please update your code accordingly.
2026-06-21 04:48:44 [6,529ms] [Warning] [omni.isaac.sensor.lidar_rtx] omni.isaac.sensor.lidar_rtx has been deprecated in favor of isaacsim.sensors.rtx.lidar_rtx. Please update your code accordingly.
2026-06-21 04:48:44 [6,529ms] [Warning] [omni.isaac.sensor.rotating_lidar_physX] omni.isaac.sensor.imu_sensor has been deprecated in favor of isaacsim.sensors.physix.rotating_lidar_physX. Please update your code accordingly.
2026-06-21 04:48:44 [6,530ms] [Warning] [omni.isaac.sensor.scripts.samples.contact_sensor] omni.isaac.sensor.scripts.samples.contact_sensor has been deprecated in favor of isaacsim.sensors.physics.scripts.samples.contact_sensor. Please update your code accordingly.
2026-06-21 04:48:44 [6,530ms] [Warning] [omni.isaac.sensor.scripts.samples.imu_sensor] omni.isaac.sensor.scripts.samples.imu_sensor has been deprecated in favor of isaacsim.sensors.physics.scripts.samples.imu_sensor. Please update your code accordingly.
2026-06-21 04:48:44 [6,530ms] [Warning] [omni.isaac.sensor.scripts.samples.lightbeam_sensor] omni.isaac.sensor.scripts.samples.lightbeam_sensor has been deprecated in favor of isaacsim.sensors.physx.scripts.samples.lightbeam_sensor. Please update your code accordingly.
[6.585s] [ext: omni.isaac.cortex-1.0.2] startup
2026-06-21 04:48:44 [6,534ms] [Warning] [omni.isaac.cortex] omni.isaac.cortex has been deprecated in favor of isaacsim.cortex.framework. Please update your code accordingly.
[6.589s] [ext: omni.kit.viewport.manipulator.transform-107.0.4] startup
[6.605s] [ext: omni.debugdraw-0.1.3] startup
[6.611s] [ext: omni.isaac.universal_robots-1.0.2] startup
2026-06-21 04:48:44 [6,558ms] [Warning] [omni.isaac.universal_robots] omni.isaac.universal_robots has been deprecated in favor of isaacsim.robot.manipulators.examples.universal_robots. Please update your code accordingly.
2026-06-21 04:48:44 [6,558ms] [Warning] [omni.isaac.universal_robots.kinematics_solver] omni.isaac.franka has been deprecated in favor of isaacsim.robot.manipulators.examples.universal_robots. Please update your code accordingly.
2026-06-21 04:48:44 [6,559ms] [Warning] [omni.isaac.universal_robots.ur10] omni.isaac.franka has been deprecated in favor of isaacsim.robot.manipulators.examples.universal_robots. Please update your code accordingly.
[6.614s] [ext: omni.isaac.utils-2.0.2] startup
[6.619s] [ext: omni.kit.manipulator.prim.core-107.0.7] startup
[6.629s] [ext: omni.fabric.commands-1.1.5] startup
[6.633s] [ext: omni.kit.manipulator.selection-106.0.1] startup
[6.637s] [ext: omni.kit.viewport.actions-107.0.0] startup
[6.644s] [ext: omni.kit.manipulator.prim.usd-107.0.3] startup
[6.647s] [ext: omni.kit.manipulator.prim.fabric-107.0.4] startup
[6.651s] [ext: isaacsim.cortex.behaviors-2.0.3] startup
[6.654s] [ext: omni.kit.widget.layers-1.8.2] startup
[6.677s] [ext: omni.kit.viewport.menubar.display-107.0.3] startup
[6.682s] [ext: omni.kit.manipulator.prim-107.0.0] startup
[6.683s] [ext: omni.isaac.cortex.sample_behaviors-2.0.2] startup
2026-06-21 04:48:44 [6,629ms] [Warning] [omni.isaac.cortex.sample_behaviors] omni.isaac.cortex.sample_behaviors has been deprecated in favor of isaacsim.cortex.behaviors. Please update your code accordingly.
[6.684s] [ext: omni.graph.ui_nodes-1.40.1] startup
[6.693s] [ext: omni.usdphysics.ui-106.5.7] startup
[6.738s] [ext: omni.physx.commands-106.5.7] startup
[6.746s] [ext: omni.kit.property.camera-1.0.9] startup
[6.748s] [ext: omni.hydra.scene_api-0.1.2] startup
[6.756s] [ext: omni.kit.property.geometry-1.3.3] startup
[6.761s] [ext: omni.kit.property.light-1.0.11] startup
[6.765s] [ext: omni.physx.ui-106.5.7] startup
[6.808s] [ext: omni.kit.property.material-1.10.17] startup
[6.818s] [ext: omni.kit.property.render-1.1.3] startup
[6.822s] [ext: omni.kit.property.transform-1.5.10] startup
[6.827s] [ext: omni.kit.property.audio-1.0.16] startup
[6.831s] [ext: isaacsim.gui.property-1.0.4] startup
[6.835s] [ext: omni.physx.demos-106.5.7] startup
[6.861s] [ext: omni.kit.property.physx-106.5.7] startup
[6.929s] [ext: omni.isaac.lula-4.0.2] startup
2026-06-21 04:48:44 [6,878ms] [Warning] [omni.isaac.lula] omni.isaac.lula has been deprecated in favor of isaacsim.robot_motion.lula. Please update your code accordingly.
[6.933s] [ext: omni.kit.property.bundle-1.3.2] startup
[6.936s] [ext: omni.kit.property.isaac-1.0.2] startup
2026-06-21 04:48:44 [6,884ms] [Warning] [omni.kit.property.isaac] omni.kit.property.isaac has been deprecated in favor of isaacsim.gui.property. Please update your code accordingly.
2026-06-21 04:48:44 [6,884ms] [Warning] [omni.kit.property.isaac.widgets] omni.kit.property.isaac.widgets has been deprecated in favor of isaacsim.gui.property.widgets. Please update your code accordingly.
[6.939s] [ext: omni.physx.vehicle-106.5.7] startup
[6.965s] [ext: omni.kit.viewport.menubar.camera-107.0.2] startup
[6.975s] [ext: omni.kit.viewport.menubar.lighting-106.0.2] startup
[6.980s] [ext: omni.kit.viewport.menubar.render-107.0.8] startup
[6.985s] [ext: omni.kit.viewport.menubar.settings-107.0.3] startup
[6.991s] [ext: omni.kit.window.console-0.2.14] startup
[7.007s] [ext: omni.physx.camera-106.5.7] startup
[7.023s] [ext: omni.kit.window.toolbar-1.6.2] startup
[7.029s] [ext: omni.isaac.version-2.0.2] startup
2026-06-21 04:48:44 [6,977ms] [Warning] [omni.isaac.version] omni.isaac.version has been deprecated in favor of isaacsim.core.version. Please update your code accordingly.
[7.032s] [ext: isaacsim.robot.wheeled_robots-4.0.3] startup
[7.040s] [ext: omni.physx.cct-106.5.7] startup
[7.062s] [ext: omni.physx.graph-106.5.7] startup
[7.108s] [ext: isaacsim.replicator.writers-1.0.1] startup
[7.165s] [ext: omni.physx.supportui-106.5.7] startup
[7.208s] [ext: omni.physx.telemetry-106.5.7] startup
[7.215s] [ext: omni.isaac.wheeled_robots-3.0.3] startup
2026-06-21 04:48:45 [7,162ms] [Warning] [omni.isaac.wheeled_robots] omni.isaac.wheeled_robots has been deprecated in favor of isaacsim.robot.wheeled_robots. Please update your code accordingly.
2026-06-21 04:48:45 [7,162ms] [Warning] [omni.isaac.wheeled_robots.controllers] omni.isaac.wheeled_robots has been deprecated in favor of isaacsim.robot.wheeled_robots. Please update your code accordingly.
2026-06-21 04:48:45 [7,163ms] [Warning] [omni.isaac.wheeled_robots.controllers.ackermann_controller] omni.isaac.wheeled_robots has been deprecated in favor of isaacsim.robot.wheeled_robots. Please update your code accordingly.
2026-06-21 04:48:45 [7,163ms] [Warning] [omni.isaac.wheeled_robots.controllers.differential_controller] omni.isaac.wheeled_robots has been deprecated in favor of isaacsim.robot.wheeled_robots. Please update your code accordingly.
2026-06-21 04:48:45 [7,163ms] [Warning] [omni.isaac.wheeled_robots.controllers.holonomic_controller] omni.isaac.wheeled_robots has been deprecated in favor of isaacsim.robot.wheeled_robots. Please update your code accordingly.
2026-06-21 04:48:45 [7,163ms] [Warning] [omni.isaac.wheeled_robots.controllers.quintic_path_planner] omni.isaac.wheeled_robots has been deprecated in favor of isaacsim.robot.wheeled_robots. Please update your code accordingly.
2026-06-21 04:48:45 [7,163ms] [Warning] [omni.isaac.wheeled_robots.controllers.stanley_control] omni.isaac.wheeled_robots has been deprecated in favor of isaacsim.robot.wheeled_robots. Please update your code accordingly.
2026-06-21 04:48:45 [7,163ms] [Warning] [omni.isaac.wheeled_robots.controllers.wheel_base_pose_controller] omni.isaac.wheeled_robots has been deprecated in favor of isaacsim.robot.wheeled_robots. Please update your code accordingly.
2026-06-21 04:48:45 [7,163ms] [Warning] [omni.isaac.wheeled_robots.impl] omni.isaac.wheeled_robots has been deprecated in favor of isaacsim.robot.wheeled_robots. Please update your code accordingly.
2026-06-21 04:48:45 [7,163ms] [Warning] [omni.isaac.wheeled_robots.robots] omni.isaac.wheeled_robots has been deprecated in favor of isaacsim.robot.wheeled_robots. Please update your code accordingly.
2026-06-21 04:48:45 [7,164ms] [Warning] [omni.isaac.wheeled_robots.robots.holonomic_robot_usd_setup] omni.isaac.wheeled_robots has been deprecated in favor of isaacsim.robot.wheeled_robots. Please update your code accordingly.
2026-06-21 04:48:45 [7,164ms] [Warning] [omni.isaac.wheeled_robots.robots.wheeled_robot] omni.isaac.wheeled_robots has been deprecated in favor of isaacsim.robot.wheeled_robots. Please update your code accordingly.
[7.219s] [ext: omni.isaac.franka-1.0.2] startup
2026-06-21 04:48:45 [7,168ms] [Warning] [omni.isaac.franka] omni.isaac.franka has been deprecated in favor of isaacsim.robot.manipulators.examples.franka. Please update your code accordingly.
2026-06-21 04:48:45 [7,168ms] [Warning] [omni.isaac.franka.franka] omni.isaac.franka has been deprecated in favor of isaacsim.robot.manipulators.examples.franka. Please update your code accordingly.
2026-06-21 04:48:45 [7,170ms] [Warning] [omni.isaac.franka.kinematics_solver] omni.isaac.franka has been deprecated in favor of isaacsim.robot.manipulators.examples.franka. Please update your code accordingly.
[7.224s] [ext: isaacsim.replicator.domain_randomization-1.0.2] startup
[7.232s] [ext: isaacsim.replicator.examples-1.1.2] startup
[7.237s] [ext: omni.kit.window.status_bar-0.1.7] startup
[7.255s] [ext: omni.rtx.window.settings-0.6.17] startup
[7.284s] [ext: omni.usd.metrics.assembler-106.5.0] startup
[7.297s] [ext: omni.physx.bundle-106.5.7] startup
[7.297s] [ext: isaacsim.app.about-2.0.7] startup
[7.299s] [ext: omni.replicator.isaac-2.0.3] startup
2026-06-21 04:48:45 [7,246ms] [Warning] [omni.replicator.isaac] omni.replicator.isaac has been deprecated in favor of isaacsim.replicator.domain_randomization, isaacsim.replicator.examples, isaacsim.replicator.writers. Please update your code accordingly.
[7.302s] [ext: omni.replicator.replicator_yaml-2.0.10] startup
[7.328s] [ext: omni.rtx.settings.core-0.6.3] startup
[7.336s] [ext: omni.usd.metrics.assembler.ui-106.5.0] startup
[7.346s] [ext: isaacsim.simulation_app-2.4.2] startup
[7.349s] [ext: omni.isaac.window.about-2.0.2] startup
2026-06-21 04:48:45 [7,296ms] [Warning] [omni.isaac.window.about] omni.isaac.window.about has been deprecated in favor of isaacsim.app.about. Please update your code accordingly.
2026-06-21 04:48:45 [7,296ms] [Warning] [omni.isaac.window.about.about] omni.isaac.window.about.about has been deprecated in favor of isaacsim.app.about.about. Please update your code accordingly.
[7.352s] [ext: semantics.schema.editor-0.3.10] startup
[7.361s] [ext: omni.kit.ui.actions-1.0.2] startup
[7.363s] [ext: semantics.schema.property-1.0.5] startup
[7.367s] [ext: omni.kit.manipulator.camera-106.0.3] startup
[7.373s] [ext: omni.isaac.kit-2.0.3] startup
2026-06-21 04:48:45 [7,320ms] [Warning] [omni.isaac.kit] omni.isaac.kit has been deprecated in favor of isaacsim.simulation_app. Please update your code accordingly.
[7.375s] [ext: omni.isaac.asset_browser-1.0.2] startup
2026-06-21 04:48:45 [7,322ms] [Warning] [omni.isaac.asset_browser] omni.isaac.asset_browser has been deprecated in favor of isaacsim.asset.browser. Please update your code accordingly.
[7.377s] [ext: isaacsim.core.throttling-2.0.2] startup
[7.380s] [ext: omni.kit.menu.common-1.1.9] startup
[7.384s] [ext: isaacsim.exp.base-4.5.0] startup
[7.386s] [ext: isaacsim.exp.base.python-4.5.0] startup
[7.388s] Simulation App Starting
[7.854s] app ready
2026-06-21 04:48:45 [7,831ms] [Warning] [rtx.scenedb.plugin] SceneDbContext : TLAS limit buffer size 7374781440
2026-06-21 04:48:45 [7,831ms] [Warning] [rtx.scenedb.plugin] SceneDbContext : TLAS limit : valid false, within: false
2026-06-21 04:48:45 [7,831ms] [Warning] [rtx.scenedb.plugin] SceneDbContext : TLAS limit : decrement: 167690, decrement size: 7301033856
2026-06-21 04:48:45 [7,831ms] [Warning] [rtx.scenedb.plugin] SceneDbContext : New limit 9748724 (slope: 439, intercept: 13179904)
2026-06-21 04:48:45 [7,831ms] [Warning] [rtx.scenedb.plugin] SceneDbContext : TLAS limit buffer size 4287352704
2026-06-21 04:48:45 [7,831ms] [Warning] [rtx.scenedb.plugin] SceneDbContext : TLAS limit : valid true, within: true
Starting kit application with the following args:  ['/srv/data/users/raditya/isaacsim/env_isaacsim/lib/python3.10/site-packages/isaacsim/exts/isaacsim.simulation_app/isaacsim/simulation_app/simulation_app.py', '/srv/data/users/raditya/isaacsim/env_isaacsim/lib/python3.10/site-packages/isaacsim/apps/isaacsim.exp.base.python.kit', '--/app/tokens/exe-path=/srv/data/users/raditya/isaacsim/env_isaacsim/lib/python3.10/site-packages/omni', '--/persistent/app/viewport/displayOptions=3094', '--/rtx/materialDb/syncLoads=True', '--/rtx/hydra/materialSyncLoads=True', '--/omni.kit.plugin/syncUsdLoads=True', '--/app/renderer/resolution/width=1280', '--/app/renderer/resolution/height=720', '--/app/window/width=1440', '--/app/window/height=900', '--/renderer/multiGpu/enabled=True', '--/app/fastShutdown=True', '--/app/installSignalHandlers=0', '--ext-folder', '/srv/data/users/raditya/isaacsim/env_isaacsim/lib/python3.10/site-packages/isaacsim/exts', '--ext-folder', '/srv/data/users/raditya/isaacsim/env_isaacsim/lib/python3.10/site-packages/isaacsim/apps', '--/physics/cudaDevice=0', '--portable']
Passing the following args to the base kit application:  []
Warp 1.5.0 initialized:
   CUDA Toolkit 11.8, Driver 12.6
   Devices:
     "cpu"      : "x86_64"
     "cuda:0"   : "NVIDIA RTX A6000" (47 GiB, sm_86, mempool enabled)
   Kernel cache:
     /srv/data/users/raditya/.cache/warp/1.5.0
>>> polished workcell viewer running. Press F in the viewport to frame. Ctrl-C to stop.
