[Warning] [simulation_app.simulation_app] Modules: ['omni.kit_app'] were loaded before SimulationApp was started and might not be loaded correctly.
[Warning] [simulation_app.simulation_app] Please check to make sure no extra omniverse or pxr modules are imported before the call to SimulationApp(...)
[Info] [carb] Logging to file: /srv/data/users/raditya/isaacsim/env_isaacsim/lib/python3.10/site-packages/omni/logs/Kit/Isaac-Sim Python/4.5/kit_20260621_134751.log
2026-06-21 04:47:51 [0ms] [Warning] [omni.kit.app.plugin] No crash reporter present, dumps uploading isn't available.
[0.102s] [ext: omni.kit.async_engine-0.0.1] startup
[0.283s] [ext: omni.metrics.core-0.0.1] startup
[0.284s] [ext: omni.client.lib-1.0.0] startup
[0.319s] [ext: omni.blobkey-1.1.2] startup
[0.320s] [ext: omni.stats-1.0.1] startup
[0.321s] [ext: omni.datastore-0.0.0] startup
[0.329s] [ext: omni.client-1.2.2] startup
[0.336s] [ext: omni.ujitso.default-1.0.0] startup
[0.339s] [ext: omni.hsscclient-1.1.1] startup
2026-06-21 04:47:51 [288ms] [Warning] [omni.datastore] OmniHub is inaccessible
[0.346s] [ext: omni.gpu_foundation.shadercache.vulkan-1.0.0] startup
[0.352s] [ext: omni.assets.plugins-0.0.0] startup
[0.354s] [ext: omni.gpu_foundation-0.0.0] startup
[0.403s] [ext: carb.windowing.plugins-1.0.0] startup
[0.430s] [ext: omni.kit.renderer.init-0.0.0] startup

|---------------------------------------------------------------------------------------------|
| Driver Version: 560.28.03     | Graphics API: Vulkan
|=============================================================================================|
| GPU | Name                             | Active | LDA | GPU Memory | Vendor-ID | LUID       |
|     |                                  |        |     |            | Device-ID | UUID       |
|     |                                  |        |     |            | Bus-ID    |            |
|---------------------------------------------------------------------------------------------|
| 0   | NVIDIA RTX A6000                 | Yes: 0 |     | 49386   MB | 10de      | 0          |
|     |                                  |        |     |            | 2230      | 0652a9b7.. |
|     |                                  |        |     |            | 3b        |            |
|=============================================================================================|
| OS: 22.04.5 LTS (Jammy Jellyfish) ubuntu, Version: 22.04.5, Kernel: 6.8.0-124-generic
| XServer Vendor: The X.Org Foundation, XServer Version: 12101004 (1.21.1.4)
| Processor: Intel(R) Xeon(R) Silver 4216 CPU @ 2.10GHz
| Cores: 32 | Logical Cores: 64
|---------------------------------------------------------------------------------------------|
| Total Memory (MB): 96267 | Free Memory: 81229
| Total Page/Swap (MB): 2048 | Free Page/Swap: 634
|---------------------------------------------------------------------------------------------|
[1.440s] [ext: omni.kit.pipapi-0.0.0] startup
[1.442s] [ext: omni.materialx.libs-1.0.6] startup
[1.453s] [ext: omni.kit.pip_archive-0.0.0] startup
[1.454s] [ext: omni.usd.config-1.0.5] startup
[1.458s] [ext: omni.gpucompute.plugins-0.0.0] startup
[1.459s] [ext: omni.usd.libs-1.0.1] startup
[1.576s] [ext: omni.mdl-55.0.1] startup
[1.602s] [ext: omni.iray.libs-0.0.0] startup
[1.609s] [ext: omni.mdl.neuraylib-0.2.10] startup
[1.612s] [ext: omni.kit.usd.mdl-1.0.7] startup
[1.751s] [ext: omni.kit.telemetry-0.5.1] startup
[1.785s] [ext: omni.kit.loop-isaac-1.2.1] startup
[1.787s] [ext: omni.kit.test-1.1.2] startup
[1.850s] [ext: omni.appwindow-1.1.9] startup
[1.853s] [ext: omni.kit.renderer.core-1.0.2] startup
[1.884s] [ext: omni.kit.renderer.capture-0.0.0] startup
[1.887s] [ext: omni.kit.renderer.imgui-1.0.2] startup
[1.979s] [ext: omni.ui-2.26.5] startup
[1.994s] [ext: omni.kit.mainwindow-1.0.3] startup
[1.996s] [ext: carb.audio-0.1.0] startup
[2.002s] [ext: omni.uiaudio-1.0.0] startup
[2.003s] [ext: omni.kit.uiapp-0.0.0] startup
[2.003s] [ext: omni.usd.schema.metrics.assembler-106.5.0] startup
[2.016s] [ext: omni.usd.schema.anim-0.0.0] startup
[2.045s] [ext: omni.usd.schema.audio-0.0.0] startup
[2.050s] [ext: omni.usd.schema.isaac-3.0.2] startup
[2.050s] [ext: omni.usd.schema.omnigraph-1.0.0] startup
[2.059s] [ext: omni.usd.schema.forcefield-106.5.7] startup
[2.072s] [ext: omni.usd.schema.semantics-0.0.0] startup
[2.076s] [ext: omni.usd.schema.physx-106.5.7] startup
[2.109s] [ext: omni.usd.schema.geospatial-0.0.0] startup
[2.112s] [ext: omni.usd_resolver-1.0.0] startup
[2.118s] [ext: omni.kit.window.popup_dialog-2.0.24] startup
[2.123s] [ext: usdrt.scenegraph-7.5.1] startup
[2.175s] [ext: omni.timeline-1.0.11] startup
[2.178s] [ext: omni.usd.core-1.4.2] startup
[2.182s] [ext: omni.resourcemonitor-107.0.0] startup
[2.184s] [ext: omni.activity.core-1.0.1] startup
[2.186s] [ext: omni.kit.widget.nucleus_connector-1.1.10] startup
[2.188s] [ext: omni.hydra.usdrt_delegate-7.5.1] startup
[2.203s] [ext: omni.kit.actions.core-1.0.0] startup
[2.206s] [ext: omni.graph.exec-0.9.4] startup
[2.207s] [ext: omni.kit.commands-1.4.9] startup
[2.212s] [ext: omni.kit.usd_undo-0.1.8] startup
[2.213s] [ext: omni.kit.exec.core-0.13.4] startup
[2.216s] [ext: omni.kit.audiodeviceenum-1.0.1] startup
[2.218s] [ext: omni.hydra.scene_delegate-0.3.3] startup
[2.225s] [ext: omni.usd-1.12.4] startup
[2.286s] [ext: omni.inspect-1.0.1] startup
[2.288s] [ext: omni.kit.notification_manager-1.0.9] startup
[2.290s] [ext: omni.graph.core-2.181.8] startup
[2.294s] [ext: isaacsim.core.deprecation_manager-0.2.2] startup
[2.295s] [ext: omni.usd.schema.omniscripting-1.0.0] startup
[2.302s] [ext: isaacsim.robot.schema-3.1.2] startup
[2.313s] [ext: omni.kit.asset_converter-2.8.3] startup
[2.329s] [ext: omni.kit.menu.core-1.1.2] startup
[2.330s] [ext: omni.kvdb-106.5.7] startup
[2.332s] [ext: omni.kit.widget.context_menu-1.2.4] startup
[2.334s] [ext: omni.kit.usd.layers-2.2.0] startup
[2.344s] [ext: omni.kit.property.adapter.core-1.0.2] startup
[2.347s] [ext: omni.localcache-106.5.7] startup
[2.349s] [ext: omni.convexdecomposition-106.5.7] startup
[2.356s] [ext: omni.warp.core-1.5.0] startup
[2.570s] [ext: omni.kit.context_menu-1.8.3] startup
[2.573s] [ext: omni.kit.hotkeys.core-1.3.10] startup
[2.577s] [ext: omni.kit.property.adapter.fabric-1.0.3] startup
[2.579s] [ext: omni.usdphysics-106.5.7] startup
[2.585s] [ext: omni.kit.widget.path_field-2.0.11] startup
[2.586s] [ext: omni.kit.widget.options_menu-1.1.6] startup
[2.589s] [ext: omni.kit.helper.file_utils-0.1.9] startup
[2.592s] [ext: omni.kit.widget.browser_bar-2.0.10] startup
[2.593s] [ext: omni.kit.widget.options_button-1.0.3] startup
[2.594s] [ext: omni.kit.widget.filebrowser-2.10.52] startup
[2.599s] [ext: omni.kit.clipboard-1.0.5] startup
[2.601s] [ext: omni.graph.tools-1.79.1] startup
[2.628s] [ext: omni.ui.scene-1.11.2] startup
[2.635s] [ext: omni.graph.image.core-0.6.0] startup
[2.637s] [ext: omni.kit.window.filepicker-2.11.7] startup
[2.651s] [ext: omni.kit.widget.searchfield-1.1.8] startup
[2.653s] [ext: omni.graph.image.nodes-1.3.0] startup
[2.657s] [ext: omni.graph-1.140.2] startup
[2.710s] [ext: omni.kit.window.file_exporter-1.0.31] startup
[2.714s] [ext: omni.kit.widget.filter-1.1.4] startup
[2.716s] [ext: omni.physx.foundation-106.5.7] startup
[2.720s] [ext: omni.graph.nodes-1.162.1] startup
[2.734s] [ext: omni.kit.widget.stage-2.11.6] startup
[2.749s] [ext: omni.hydra.rtx.shadercache.vulkan-1.0.0] startup
[2.751s] [ext: omni.hydra.engine.stats-1.0.3] startup
[2.756s] [ext: omni.graph.action_core-1.1.7] startup
[2.760s] [ext: omni.kit.widget.highlight_label-1.0.3] startup
[2.762s] [ext: omni.ujitso.processor.texture-1.0.0] startup
[2.763s] [ext: omni.index.libs-380600.1777.0] startup
[2.764s] [ext: omni.kit.window.file_importer-1.1.14] startup
[2.765s] [ext: omni.kit.stage_template.core-1.1.22] startup
[2.767s] [ext: omni.volume-0.5.0] startup
[2.776s] [ext: omni.ujitso.client-0.0.0] startup
[2.777s] [ext: omni.index-1.0.1] startup
[2.778s] [ext: omni.kit.window.file-1.3.57] startup
[2.782s] [ext: omni.hydra.rtx-1.0.0] startup
2026-06-21 04:47:54 [2,741ms] [Warning] [omni.log] Source: omni.hydra was already registered.
[2.815s] [ext: omni.kit.viewport.registry-104.0.6] startup
[2.816s] [ext: omni.kit.viewport.legacy_gizmos-1.0.16] startup
[2.820s] [ext: omni.kit.raycast.query-1.0.5] startup
[2.828s] [ext: omni.kit.viewport.scene_camera_model-1.0.5] startup
[2.835s] [ext: omni.kit.hydra_texture-1.4.0] startup
[2.840s] [ext: omni.kit.menu.utils-1.7.7] startup
[2.848s] [ext: omni.kit.window.drop_support-1.0.4] startup
[2.850s] [ext: omni.kit.widget.viewport-107.0.7] startup
[2.855s] [ext: omni.kit.material.library-1.5.15] startup
[2.863s] [ext: omni.kit.window.content_browser_registry-0.0.6] startup
[2.864s] [ext: omni.kit.viewport.window-107.0.8] startup
[2.890s] [ext: omni.graph.action_nodes-1.40.1] startup
[2.898s] [ext: omni.kit.window.property-1.11.5] startup
[2.906s] [ext: omni.kit.window.content_browser-2.10.3] startup
[2.957s] [ext: omni.kit.property.adapter.usd-1.0.2] startup
[2.966s] [ext: omni.kit.viewport.utility-1.0.18] startup
[2.968s] [ext: omni.graph.action-1.120.0] startup
[2.970s] [ext: omni.kit.property.usd-4.2.16] startup
[2.985s] [ext: omni.physx.cooking-106.5.7] startup
[2.997s] [ext: omni.kit.widget.stage_icons-1.0.6] startup
[2.999s] [ext: omni.kit.widget.zoombar-1.0.5] startup
[3.001s] [ext: omni.physics.tensors-106.5.7] startup
[3.012s] [ext: omni.kit.widget.prompt-1.0.7] startup
[3.014s] [ext: omni.kit.usd.collect-2.2.22] startup
[3.018s] [ext: omni.physx-106.5.7] startup
[3.035s] [ext: omni.kit.window.stage-2.5.11] startup
[3.041s] [ext: omni.kit.browser.core-2.3.11] startup
[3.047s] [ext: omni.kit.widget.text_editor-1.0.2] startup
[3.050s] [ext: omni.physx.tensors-106.5.7] startup
[3.060s] [ext: omni.kit.tool.collect-2.2.16] startup
[3.062s] [ext: omni.kit.menu.stage-1.2.5] startup
[3.065s] [ext: omni.kit.browser.folder.core-1.10.1] startup
[3.073s] [ext: omni.warp-1.5.0] startup
[3.081s] [ext: isaacsim.examples.browser-0.1.8] startup
[3.088s] [ext: omni.physx.stageupdate-106.5.7] startup
[3.095s] [ext: omni.kit.numpy.common-0.1.2] startup
[3.100s] [ext: isaacsim.core.version-2.0.2] startup
[3.103s] [ext: omni.isaac.dynamic_control-1.3.15] startup
2026-06-21 04:47:54 [3,062ms] [Warning] [omni.isaac.dynamic_control] omni.isaac.dynamic_control is deprecated as of Isaac Sim 4.5. No action is needed from end-users.
[3.116s] [ext: isaacsim.storage.native-1.0.6] startup
[3.122s] [ext: omni.kit.menu.create-1.0.17] startup
[3.133s] [ext: isaacsim.core.utils-2.2.8] startup
[3.138s] [ext: omni.kit.widget.searchable_combobox-1.0.6] startup
[3.150s] [ext: omni.kit.primitive.mesh-1.0.17] startup
[3.173s] [ext: isaacsim.core.simulation_manager-0.3.3] startup
[5.118s] [ext: omni.kit.scripting-106.5.2] startup
[5.126s] [ext: omni.kit.stage_templates-1.2.6] startup
[5.131s] [ext: isaacsim.core.prims-0.3.7] startup
[5.158s] [ext: isaacsim.replicator.behavior-1.0.8] startup
[5.163s] [ext: isaacsim.core.api-4.2.16] startup
[5.178s] [ext: omni.ui_query-1.1.7] startup
[5.182s] [ext: omni.kit.manipulator.viewport-107.0.1] startup
[5.185s] [ext: omni.kit.ui_test-1.3.3] startup
[5.188s] [ext: omni.kit.window.extensions-1.4.25] startup
[5.197s] [ext: omni.graph.visualization.nodes-2.1.1] startup
[5.206s] [ext: omni.kit.tool.asset_importer-2.12.2] startup
[5.225s] [ext: isaacsim.gui.components-1.0.9] startup
[5.238s] [ext: omni.kit.widget.settings-1.2.2] startup
[5.246s] [ext: omni.kit.widget.graph-1.12.17] startup
[5.253s] [ext: omni.kit.window.preferences-1.7.0] startup
[5.262s] [ext: omni.kit.graph.delegate.default-1.2.2] startup
[5.264s] [ext: omni.kit.viewport.menubar.core-107.1.2] startup
[5.281s] [ext: omni.kit.widget.material_preview-1.0.16] startup
[5.284s] [ext: omni.kit.graph.usd.commands-1.3.1] startup
[5.287s] [ext: omni.kit.graph.editor.core-1.5.3] startup
[5.291s] [ext: omni.syntheticdata-0.6.10] startup
[5.330s] [ext: omni.kit.window.material_graph-1.8.19] startup
[5.376s] [ext: omni.graph.scriptnode-1.40.1] startup
[5.380s] [ext: isaacsim.core.cloner-1.3.4] startup
[5.384s] [ext: omni.replicator.core-1.11.35] startup
2026-06-21 04:47:57 [5,464ms] [Warning] [omni.replicator.core.scripts.extension] No material configuration file, adding configuration to material settings directly.
[5.520s] [ext: omni.isaac.cloner-1.0.2] startup
2026-06-21 04:47:57 [5,472ms] [Warning] [omni.isaac.cloner] omni.isaac.cloner has been deprecated in favor of isaacsim.core.cloner. Please update your code accordingly.
[5.525s] [ext: isaacsim.core.nodes-2.1.4] startup
[5.538s] [ext: isaacsim.asset.importer.urdf-2.3.10] startup
[5.721s] [ext: omni.isaac.core-4.0.3] startup
2026-06-21 04:47:57 [5,673ms] [Warning] [omni.isaac.core.physics_context.physics_context] omni.isaac.core.physics_context.physics_context has been deprecated in favor of isaacsim.core.api.physics_context.physics_context. Please update your code accordingly.
2026-06-21 04:47:57 [5,674ms] [Warning] [omni.isaac.core.simulation_context.simulation_context] omni.isaac.core.simulation_context.simulation_context has been deprecated in favor of isaacsim.core.api.simulation_context.simulation_context. Please update your code accordingly.
2026-06-21 04:47:57 [5,678ms] [Warning] [omni.isaac.core.world.world] omni.isaac.core.world.world has been deprecated in favor of isaacsim.core.api.world.world. Please update your code accordingly.
2026-06-21 04:47:57 [5,678ms] [Warning] [omni.isaac.core] omni.isaac.core has been deprecated in favor of isaacsim.core.api. Please update your code accordingly.
[5.735s] [ext: omni.isaac.core_nodes-2.0.2] startup
2026-06-21 04:47:57 [5,694ms] [Warning] [omni.isaac.core_nodes] omni.isaac.core_nodes has been deprecated in favor of isaacsim.core.nodes. Please update your code accordingly.
[5.746s] [ext: omni.anim.curve.core-1.2.0] startup
[5.773s] [ext: isaacsim.robot_motion.lula-4.0.4] startup
[5.788s] [ext: isaacsim.asset.importer.mjcf-2.3.3] startup
[5.803s] [ext: isaacsim.robot_motion.motion_generation-8.0.6] startup
[5.822s] [ext: isaacsim.asset.browser-1.3.4] startup
[5.929s] [ext: isaacsim.robot.surface_gripper-2.0.6] startup
[5.943s] [ext: omni.kit.selection-0.1.5] startup
[5.948s] [ext: isaacsim.robot_motion.lula_test_widget-1.0.5] startup
[5.955s] [ext: omni.isaac.assets_check-0.3.9] startup
2026-06-21 04:47:57 [5,903ms] [Warning] [omni.isaac.assets_check] omni.isaac.assets_check has been deprecated in favor of isaacsim.asset.browser. Please update your code accordingly.
[5.959s] [ext: isaacsim.robot.manipulators-3.0.4] startup
[5.969s] [ext: isaacsim.sensors.physics-0.3.5] startup
[5.980s] [ext: isaacsim.gui.menu-2.0.9] startup
[6.010s] [ext: omni.isaac.lula_test_widget-1.0.2] startup
2026-06-21 04:47:57 [5,961ms] [Warning] [omni.isaac.lula_test_widget] omni.isaac.lula_test_widget has been deprecated in favor of isaacsim.robot_motion.lula_test_widget. Please update your code accordingly.
[6.013s] [ext: omni.sensors.nv.common-2.5.0-coreapi] startup
[6.033s] [ext: omni.isaac.manipulators-3.0.3] startup
2026-06-21 04:47:57 [5,982ms] [Warning] [omni.isaac.manipulators] omni.isaac.manipulators has been deprecated in favor of isaacsim.robot.manipulators. Please update your code accordingly.
2026-06-21 04:47:57 [5,982ms] [Warning] [omni.isaac.manipulators.controllers] omni.isaac.manipulators has been deprecated in favor of isaacsim.robot.manipulators. Please update your code accordingly.
2026-06-21 04:47:57 [5,982ms] [Warning] [omni.isaac.manipulators.controllers.pick_place_controller] omni.isaac.manipulators has been deprecated in favor of isaacsim.robot.manipulators. Please update your code accordingly.
2026-06-21 04:47:57 [5,983ms] [Warning] [omni.isaac.manipulators.controllers.stacking_controller] omni.isaac.manipulators has been deprecated in favor of isaacsim.robot.manipulators. Please update your code accordingly.
2026-06-21 04:47:57 [5,983ms] [Warning] [omni.isaac.manipulators.grippers] omni.isaac.manipulators has been deprecated in favor of isaacsim.robot.manipulators. Please update your code accordingly.
2026-06-21 04:47:57 [5,983ms] [Warning] [omni.isaac.manipulators.grippers.gripper] omni.isaac.manipulators has been deprecated in favor of isaacsim.robot.manipulators. Please update your code accordingly.
2026-06-21 04:47:57 [5,983ms] [Warning] [omni.isaac.manipulators.grippers.parallel_gripper] omni.isaac.manipulators has been deprecated in favor of isaacsim.robot.manipulators. Please update your code accordingly.
2026-06-21 04:47:57 [5,983ms] [Warning] [omni.isaac.manipulators.grippers.surface_gripper] omni.isaac.manipulators has been deprecated in favor of isaacsim.robot.manipulators. Please update your code accordingly.
2026-06-21 04:47:57 [5,983ms] [Warning] [omni.isaac.manipulators.manipulators] omni.isaac.manipulators has been deprecated in favor of isaacsim.robot.manipulators. Please update your code accordingly.
2026-06-21 04:47:57 [5,983ms] [Warning] [omni.isaac.manipulators.manipulators.single_manipulator] omni.isaac.manipulators has been deprecated in favor of isaacsim.robot.manipulators. Please update your code accordingly.
[6.036s] [ext: isaacsim.robot.policy.examples-4.0.3] startup
[6.041s] [ext: omni.isaac.menu-1.0.2] startup
2026-06-21 04:47:57 [5,992ms] [Warning] [omni.isaac.menu] omni.isaac.menu has been deprecated in favor of isaacsim.gui.menu. Please update your code accordingly.
[6.045s] [ext: omni.isaac.motion_generation-8.0.2] startup
2026-06-21 04:47:57 [5,996ms] [Warning] [omni.isaac.motion_generation] omni.isaac.motion_generation has been deprecated in favor of isaacsim.robot_motion.motion_generation. Please update your code accordingly.
2026-06-21 04:47:57 [5,996ms] [Warning] [omni.isaac.motion_generation.articulation_kinematics_solver] omni.isaac.motion_generation has been deprecated in favor of isaacsim.robot_motion.motion_generation. Please update your code accordingly.
2026-06-21 04:47:57 [5,999ms] [Warning] [omni.isaac.motion_generation.articulation_motion_policy] omni.isaac.motion_generation has been deprecated in favor of isaacsim.robot_motion.motion_generation. Please update your code accordingly.
2026-06-21 04:47:57 [6,000ms] [Warning] [omni.isaac.motion_generation.articulation_trajectory] omni.isaac.motion_generation has been deprecated in favor of isaacsim.robot_motion.motion_generation. Please update your code accordingly.
2026-06-21 04:47:57 [6,000ms] [Warning] [omni.isaac.motion_generation.kinematics_interface] omni.isaac.motion_generation has been deprecated in favor of isaacsim.robot_motion.motion_generation. Please update your code accordingly.
2026-06-21 04:47:57 [6,000ms] [Warning] [omni.isaac.motion_generation.lula] omni.isaac.motion_generation has been deprecated in favor of isaacsim.robot_motion.motion_generation. Please update your code accordingly.
2026-06-21 04:47:57 [6,000ms] [Warning] [omni.isaac.motion_generation.lula.kinematics] omni.isaac.motion_generation has been deprecated in favor of isaacsim.robot_motion.motion_generation. Please update your code accordingly.
2026-06-21 04:47:57 [6,000ms] [Warning] [omni.isaac.motion_generation.lula.motion_policies] omni.isaac.motion_generation has been deprecated in favor of isaacsim.robot_motion.motion_generation. Please update your code accordingly.
2026-06-21 04:47:57 [6,000ms] [Warning] [omni.isaac.motion_generation.lula.path_planners] omni.isaac.motion_generation has been deprecated in favor of isaacsim.robot_motion.motion_generation. Please update your code accordingly.
2026-06-21 04:47:57 [6,000ms] [Warning] [omni.isaac.motion_generation.lula.trajectory_generator] omni.isaac.motion_generation has been deprecated in favor of isaacsim.robot_motion.motion_generation. Please update your code accordingly.
2026-06-21 04:47:57 [6,001ms] [Warning] [omni.isaac.motion_generation.motion_policy_controller] omni.isaac.motion_generation has been deprecated in favor of isaacsim.robot_motion.motion_generation. Please update your code accordingly.
2026-06-21 04:47:57 [6,001ms] [Warning] [omni.isaac.motion_generation.motion_policy_interface] omni.isaac.motion_generation has been deprecated in favor of isaacsim.robot_motion.motion_generation. Please update your code accordingly.
2026-06-21 04:47:57 [6,001ms] [Warning] [omni.isaac.motion_generation.path_planner_visualizer] omni.isaac.motion_generation has been deprecated in favor of isaacsim.robot_motion.motion_generation. Please update your code accordingly.
2026-06-21 04:47:57 [6,004ms] [Warning] [omni.isaac.motion_generation.path_planning_interface] omni.isaac.motion_generation has been deprecated in favor of isaacsim.robot_motion.motion_generation. Please update your code accordingly.
2026-06-21 04:47:57 [6,004ms] [Warning] [omni.isaac.motion_generation.trajectory] omni.isaac.motion_generation has been deprecated in favor of isaacsim.robot_motion.motion_generation. Please update your code accordingly.
2026-06-21 04:47:57 [6,004ms] [Warning] [omni.isaac.motion_generation.world_interface] omni.isaac.motion_generation has been deprecated in favor of isaacsim.robot_motion.motion_generation. Please update your code accordingly.
[6.057s] [ext: omni.sensors.nv.materials-1.4.0-coreapi] startup
[6.062s] [ext: omni.isaac.nucleus-1.0.3] startup
2026-06-21 04:47:57 [6,011ms] [Warning] [omni.isaac.nucleus] omni.isaac.nucleus has been deprecated in favor of isaacsim.storage.native. Please update your code accordingly.
2026-06-21 04:47:57 [6,011ms] [Warning] [omni.isaac.nucleus.nucleus] omni.isaac.nucleus.nucleus has been deprecated in favor of isaacsim.storage.native. Please update your code accordingly.
[6.064s] [ext: omni.isaac.quadruped-3.0.2] startup
2026-06-21 04:47:57 [6,013ms] [Warning] [omni.isaac.quadruped] omni.isaac.quadruped has been deprecated in favor of isaacsim.robot.policy.examples. Please update your code accordingly.
[6.066s] [ext: omni.kit.manipulator.selector-1.1.1] startup
[6.070s] [ext: omni.sensors.nv.wpm-2.4.0-coreapi] startup
[6.074s] [ext: omni.sensors.nv.lidar-2.6.3-coreapi] startup
[6.083s] [ext: omni.sensors.nv.ids-1.4.0-coreapi] startup
[6.091s] [ext: isaacsim.robot.manipulators.examples-1.0.3] startup
[6.093s] [ext: isaacsim.util.debug_draw-2.0.2] startup
[6.100s] [ext: omni.sensors.tiled-0.0.6] startup
[6.104s] [ext: omni.sensors.nv.radar-2.6.1-coreapi] startup
[6.114s] [ext: omni.kit.widget.toolbar-1.7.3] startup
[6.125s] [ext: omni.kit.manipulator.transform-106.0.1] startup
[6.131s] [ext: isaacsim.sensors.physx-2.2.4] startup
[6.140s] [ext: isaacsim.sensors.rtx-13.6.3] startup
[6.153s] [ext: isaacsim.sensors.camera-0.2.9] startup
[6.168s] [ext: isaacsim.cortex.framework-1.0.2] startup
[6.172s] [ext: omni.kit.manipulator.tool.snap-1.5.12] startup
[6.198s] [ext: omni.isaac.range_sensor-4.0.2] startup
[6.201s] [ext: omni.isaac.surface_gripper-2.0.2] startup
2026-06-21 04:47:57 [6,151ms] [Warning] [omni.isaac.surface_gripper] omni.isaac.surface_gripper has been deprecated in favor of isaacsim.robot.surface_gripper. Please update your code accordingly.
[6.203s] [ext: omni.isaac.sensor-13.0.3] startup
2026-06-21 04:47:57 [6,154ms] [Warning] [omni.isaac.sensor] omni.isaac.sensor has been deprecated in favor of isaacsim.sensors.camera, isaacsim.sensors.physics, isaacsim.sensors.physx, and isaacsim.sensors.rtx. Please update your code accordingly.
2026-06-21 04:47:57 [6,155ms] [Warning] [omni.isaac.sensor.camera] omni.isaac.sensor.camera has been deprecated in favor of isaacsim.sensors.camera.camera. Please update your code accordingly.
2026-06-21 04:47:57 [6,155ms] [Warning] [omni.isaac.sensor.camera_view] omni.isaac.sensor.camera_view has been deprecated in favor of isaacsim.sensors.camera.camera_view. Please update your code accordingly.
2026-06-21 04:47:57 [6,155ms] [Warning] [omni.isaac.sensor.commands] omni.isaac.sensor.commands has been deprecated in favor of isaacsim.sensors.physics.commands, isaacsim.sensors.physx.commands, and isaacsim.sensors.rtx.commands. Please update your code accordingly.
2026-06-21 04:47:57 [6,155ms] [Warning] [omni.isaac.sensor.contact_sensor] omni.isaac.sensor.contact_sensor has been deprecated in favor of isaacsim.sensors.physics.contact_sensor. Please update your code accordingly.
2026-06-21 04:47:57 [6,156ms] [Warning] [omni.isaac.sensor.imu_sensor] omni.isaac.sensor.imu_sensor has been deprecated in favor of isaacsim.sensors.physics.imu_sensor. Please update your code accordingly.
2026-06-21 04:47:57 [6,156ms] [Warning] [omni.isaac.sensor.lidar_rtx] omni.isaac.sensor.lidar_rtx has been deprecated in favor of isaacsim.sensors.rtx.lidar_rtx. Please update your code accordingly.
2026-06-21 04:47:57 [6,156ms] [Warning] [omni.isaac.sensor.rotating_lidar_physX] omni.isaac.sensor.imu_sensor has been deprecated in favor of isaacsim.sensors.physix.rotating_lidar_physX. Please update your code accordingly.
2026-06-21 04:47:57 [6,156ms] [Warning] [omni.isaac.sensor.scripts.samples.contact_sensor] omni.isaac.sensor.scripts.samples.contact_sensor has been deprecated in favor of isaacsim.sensors.physics.scripts.samples.contact_sensor. Please update your code accordingly.
2026-06-21 04:47:57 [6,157ms] [Warning] [omni.isaac.sensor.scripts.samples.imu_sensor] omni.isaac.sensor.scripts.samples.imu_sensor has been deprecated in favor of isaacsim.sensors.physics.scripts.samples.imu_sensor. Please update your code accordingly.
2026-06-21 04:47:57 [6,157ms] [Warning] [omni.isaac.sensor.scripts.samples.lightbeam_sensor] omni.isaac.sensor.scripts.samples.lightbeam_sensor has been deprecated in favor of isaacsim.sensors.physx.scripts.samples.lightbeam_sensor. Please update your code accordingly.
[6.209s] [ext: omni.isaac.cortex-1.0.2] startup
2026-06-21 04:47:57 [6,161ms] [Warning] [omni.isaac.cortex] omni.isaac.cortex has been deprecated in favor of isaacsim.cortex.framework. Please update your code accordingly.
[6.213s] [ext: omni.kit.viewport.manipulator.transform-107.0.4] startup
[6.229s] [ext: omni.debugdraw-0.1.3] startup
[6.234s] [ext: omni.isaac.universal_robots-1.0.2] startup
2026-06-21 04:47:57 [6,183ms] [Warning] [omni.isaac.universal_robots] omni.isaac.universal_robots has been deprecated in favor of isaacsim.robot.manipulators.examples.universal_robots. Please update your code accordingly.
2026-06-21 04:47:57 [6,183ms] [Warning] [omni.isaac.universal_robots.kinematics_solver] omni.isaac.franka has been deprecated in favor of isaacsim.robot.manipulators.examples.universal_robots. Please update your code accordingly.
2026-06-21 04:47:57 [6,184ms] [Warning] [omni.isaac.universal_robots.ur10] omni.isaac.franka has been deprecated in favor of isaacsim.robot.manipulators.examples.universal_robots. Please update your code accordingly.
[6.237s] [ext: omni.isaac.utils-2.0.2] startup
[6.245s] [ext: omni.kit.manipulator.prim.core-107.0.7] startup
[6.255s] [ext: omni.fabric.commands-1.1.5] startup
[6.259s] [ext: omni.kit.manipulator.selection-106.0.1] startup
[6.262s] [ext: omni.kit.viewport.actions-107.0.0] startup
[6.269s] [ext: omni.kit.manipulator.prim.usd-107.0.3] startup
[6.272s] [ext: omni.kit.manipulator.prim.fabric-107.0.4] startup
[6.275s] [ext: isaacsim.cortex.behaviors-2.0.3] startup
[6.278s] [ext: omni.kit.widget.layers-1.8.2] startup
[6.297s] [ext: omni.kit.viewport.menubar.display-107.0.3] startup
[6.300s] [ext: omni.kit.manipulator.prim-107.0.0] startup
[6.302s] [ext: omni.isaac.cortex.sample_behaviors-2.0.2] startup
2026-06-21 04:47:57 [6,250ms] [Warning] [omni.isaac.cortex.sample_behaviors] omni.isaac.cortex.sample_behaviors has been deprecated in favor of isaacsim.cortex.behaviors. Please update your code accordingly.
[6.303s] [ext: omni.graph.ui_nodes-1.40.1] startup
[6.311s] [ext: omni.usdphysics.ui-106.5.7] startup
[6.356s] [ext: omni.physx.commands-106.5.7] startup
[6.363s] [ext: omni.kit.property.camera-1.0.9] startup
[6.365s] [ext: omni.hydra.scene_api-0.1.2] startup
[6.373s] [ext: omni.kit.property.geometry-1.3.3] startup
[6.378s] [ext: omni.kit.property.light-1.0.11] startup
[6.381s] [ext: omni.physx.ui-106.5.7] startup
[6.424s] [ext: omni.kit.property.material-1.10.17] startup
[6.433s] [ext: omni.kit.property.render-1.1.3] startup
[6.437s] [ext: omni.kit.property.transform-1.5.10] startup
[6.442s] [ext: omni.kit.property.audio-1.0.16] startup
[6.445s] [ext: isaacsim.gui.property-1.0.4] startup
[6.449s] [ext: omni.physx.demos-106.5.7] startup
[6.478s] [ext: omni.kit.property.physx-106.5.7] startup
[6.548s] [ext: omni.isaac.lula-4.0.2] startup
2026-06-21 04:47:58 [6,499ms] [Warning] [omni.isaac.lula] omni.isaac.lula has been deprecated in favor of isaacsim.robot_motion.lula. Please update your code accordingly.
[6.551s] [ext: omni.kit.property.bundle-1.3.2] startup
[6.554s] [ext: omni.kit.property.isaac-1.0.2] startup
2026-06-21 04:47:58 [6,504ms] [Warning] [omni.kit.property.isaac] omni.kit.property.isaac has been deprecated in favor of isaacsim.gui.property. Please update your code accordingly.
2026-06-21 04:47:58 [6,504ms] [Warning] [omni.kit.property.isaac.widgets] omni.kit.property.isaac.widgets has been deprecated in favor of isaacsim.gui.property.widgets. Please update your code accordingly.
[6.557s] [ext: omni.physx.vehicle-106.5.7] startup
[6.584s] [ext: omni.kit.viewport.menubar.camera-107.0.2] startup
[6.593s] [ext: omni.kit.viewport.menubar.lighting-106.0.2] startup
[6.598s] [ext: omni.kit.viewport.menubar.render-107.0.8] startup
[6.602s] [ext: omni.kit.viewport.menubar.settings-107.0.3] startup
[6.608s] [ext: omni.kit.window.console-0.2.14] startup
[6.623s] [ext: omni.physx.camera-106.5.7] startup
[6.639s] [ext: omni.kit.window.toolbar-1.6.2] startup
[6.646s] [ext: omni.isaac.version-2.0.2] startup
2026-06-21 04:47:58 [6,595ms] [Warning] [omni.isaac.version] omni.isaac.version has been deprecated in favor of isaacsim.core.version. Please update your code accordingly.
[6.648s] [ext: isaacsim.robot.wheeled_robots-4.0.3] startup
[6.656s] [ext: omni.physx.cct-106.5.7] startup
[6.679s] [ext: omni.physx.graph-106.5.7] startup
[6.722s] [ext: isaacsim.replicator.writers-1.0.1] startup
[6.769s] [ext: omni.physx.supportui-106.5.7] startup
[6.806s] [ext: omni.physx.telemetry-106.5.7] startup
[6.812s] [ext: omni.isaac.wheeled_robots-3.0.3] startup
2026-06-21 04:47:58 [6,763ms] [Warning] [omni.isaac.wheeled_robots] omni.isaac.wheeled_robots has been deprecated in favor of isaacsim.robot.wheeled_robots. Please update your code accordingly.
2026-06-21 04:47:58 [6,763ms] [Warning] [omni.isaac.wheeled_robots.controllers] omni.isaac.wheeled_robots has been deprecated in favor of isaacsim.robot.wheeled_robots. Please update your code accordingly.
2026-06-21 04:47:58 [6,763ms] [Warning] [omni.isaac.wheeled_robots.controllers.ackermann_controller] omni.isaac.wheeled_robots has been deprecated in favor of isaacsim.robot.wheeled_robots. Please update your code accordingly.
2026-06-21 04:47:58 [6,763ms] [Warning] [omni.isaac.wheeled_robots.controllers.differential_controller] omni.isaac.wheeled_robots has been deprecated in favor of isaacsim.robot.wheeled_robots. Please update your code accordingly.
2026-06-21 04:47:58 [6,763ms] [Warning] [omni.isaac.wheeled_robots.controllers.holonomic_controller] omni.isaac.wheeled_robots has been deprecated in favor of isaacsim.robot.wheeled_robots. Please update your code accordingly.
2026-06-21 04:47:58 [6,763ms] [Warning] [omni.isaac.wheeled_robots.controllers.quintic_path_planner] omni.isaac.wheeled_robots has been deprecated in favor of isaacsim.robot.wheeled_robots. Please update your code accordingly.
2026-06-21 04:47:58 [6,763ms] [Warning] [omni.isaac.wheeled_robots.controllers.stanley_control] omni.isaac.wheeled_robots has been deprecated in favor of isaacsim.robot.wheeled_robots. Please update your code accordingly.
2026-06-21 04:47:58 [6,764ms] [Warning] [omni.isaac.wheeled_robots.controllers.wheel_base_pose_controller] omni.isaac.wheeled_robots has been deprecated in favor of isaacsim.robot.wheeled_robots. Please update your code accordingly.
2026-06-21 04:47:58 [6,764ms] [Warning] [omni.isaac.wheeled_robots.impl] omni.isaac.wheeled_robots has been deprecated in favor of isaacsim.robot.wheeled_robots. Please update your code accordingly.
2026-06-21 04:47:58 [6,764ms] [Warning] [omni.isaac.wheeled_robots.robots] omni.isaac.wheeled_robots has been deprecated in favor of isaacsim.robot.wheeled_robots. Please update your code accordingly.
2026-06-21 04:47:58 [6,764ms] [Warning] [omni.isaac.wheeled_robots.robots.holonomic_robot_usd_setup] omni.isaac.wheeled_robots has been deprecated in favor of isaacsim.robot.wheeled_robots. Please update your code accordingly.
2026-06-21 04:47:58 [6,764ms] [Warning] [omni.isaac.wheeled_robots.robots.wheeled_robot] omni.isaac.wheeled_robots has been deprecated in favor of isaacsim.robot.wheeled_robots. Please update your code accordingly.
[6.817s] [ext: omni.isaac.franka-1.0.2] startup
2026-06-21 04:47:58 [6,765ms] [Warning] [omni.isaac.franka] omni.isaac.franka has been deprecated in favor of isaacsim.robot.manipulators.examples.franka. Please update your code accordingly.
2026-06-21 04:47:58 [6,765ms] [Warning] [omni.isaac.franka.franka] omni.isaac.franka has been deprecated in favor of isaacsim.robot.manipulators.examples.franka. Please update your code accordingly.
2026-06-21 04:47:58 [6,770ms] [Warning] [omni.isaac.franka.kinematics_solver] omni.isaac.franka has been deprecated in favor of isaacsim.robot.manipulators.examples.franka. Please update your code accordingly.
[6.823s] [ext: isaacsim.replicator.domain_randomization-1.0.2] startup
[6.830s] [ext: isaacsim.replicator.examples-1.1.2] startup
[6.835s] [ext: omni.kit.window.status_bar-0.1.7] startup
[6.848s] [ext: omni.rtx.window.settings-0.6.17] startup
[6.867s] [ext: omni.usd.metrics.assembler-106.5.0] startup
[6.880s] [ext: omni.physx.bundle-106.5.7] startup
[6.880s] [ext: isaacsim.app.about-2.0.7] startup
[6.882s] [ext: omni.replicator.isaac-2.0.3] startup
2026-06-21 04:47:58 [6,831ms] [Warning] [omni.replicator.isaac] omni.replicator.isaac has been deprecated in favor of isaacsim.replicator.domain_randomization, isaacsim.replicator.examples, isaacsim.replicator.writers. Please update your code accordingly.
[6.884s] [ext: omni.replicator.replicator_yaml-2.0.10] startup
[6.911s] [ext: omni.rtx.settings.core-0.6.3] startup
[6.921s] [ext: omni.usd.metrics.assembler.ui-106.5.0] startup
[6.932s] [ext: isaacsim.simulation_app-2.4.2] startup
[6.933s] [ext: omni.isaac.window.about-2.0.2] startup
2026-06-21 04:47:58 [6,883ms] [Warning] [omni.isaac.window.about] omni.isaac.window.about has been deprecated in favor of isaacsim.app.about. Please update your code accordingly.
2026-06-21 04:47:58 [6,883ms] [Warning] [omni.isaac.window.about.about] omni.isaac.window.about.about has been deprecated in favor of isaacsim.app.about.about. Please update your code accordingly.
[6.935s] [ext: semantics.schema.editor-0.3.10] startup
[6.940s] [ext: omni.kit.ui.actions-1.0.2] startup
[6.942s] [ext: semantics.schema.property-1.0.5] startup
[6.945s] [ext: omni.kit.manipulator.camera-106.0.3] startup
[6.951s] [ext: omni.isaac.kit-2.0.3] startup
2026-06-21 04:47:58 [6,900ms] [Warning] [omni.isaac.kit] omni.isaac.kit has been deprecated in favor of isaacsim.simulation_app. Please update your code accordingly.
[6.953s] [ext: omni.isaac.asset_browser-1.0.2] startup
2026-06-21 04:47:58 [6,902ms] [Warning] [omni.isaac.asset_browser] omni.isaac.asset_browser has been deprecated in favor of isaacsim.asset.browser. Please update your code accordingly.
[6.954s] [ext: isaacsim.core.throttling-2.0.2] startup
[6.957s] [ext: omni.kit.menu.common-1.1.9] startup
[6.961s] [ext: isaacsim.exp.base-4.5.0] startup
[6.962s] [ext: isaacsim.exp.base.python-4.5.0] startup
[6.964s] Simulation App Starting
[7.410s] app ready
2026-06-21 04:47:59 [7,496ms] [Warning] [rtx.scenedb.plugin] SceneDbContext : TLAS limit buffer size 7374781440
2026-06-21 04:47:59 [7,496ms] [Warning] [rtx.scenedb.plugin] SceneDbContext : TLAS limit : valid false, within: false
2026-06-21 04:47:59 [7,496ms] [Warning] [rtx.scenedb.plugin] SceneDbContext : TLAS limit : decrement: 167690, decrement size: 7301033856
2026-06-21 04:47:59 [7,497ms] [Warning] [rtx.scenedb.plugin] SceneDbContext : New limit 9748724 (slope: 439, intercept: 13179904)
2026-06-21 04:47:59 [7,497ms] [Warning] [rtx.scenedb.plugin] SceneDbContext : TLAS limit buffer size 4287352704
2026-06-21 04:47:59 [7,497ms] [Warning] [rtx.scenedb.plugin] SceneDbContext : TLAS limit : valid true, within: true
2026-06-21 04:47:59 [7,712ms] [Warning] [omni.usd-abi.plugin] No setting was found for '/rtx-defaults-transient/meshlights/forceDisable'
2026-06-21 04:47:59 [7,797ms] [Warning] [omni.usd-abi.plugin] No setting was found for '/rtx-defaults/post/dlss/execMode'
[12.155s] Simulation App Startup Complete
2026-06-21 04:48:06 [14,679ms] [Warning] [omni.hydra.scene_delegate.plugin] Calling getBypassRenderSkelMeshProcessing for prim /World/workcell/t1_rotation_link/visuals.proto_box_id0 that has not been populated
[16.811s] Simulation App Shutting Down
