[Warning] [simulation_app.simulation_app] Modules: ['omni.kit_app'] were loaded before SimulationApp was started and might not be loaded correctly.
[Warning] [simulation_app.simulation_app] Please check to make sure no extra omniverse or pxr modules are imported before the call to SimulationApp(...)
[Info] [carb] Logging to file: /srv/data/users/raditya/isaacsim/env_isaacsim/lib/python3.10/site-packages/omni/logs/Kit/Isaac-Sim Python/4.5/kit_20260621_145235.log
2026-06-21 05:52:35 [0ms] [Warning] [omni.kit.app.plugin] No crash reporter present, dumps uploading isn't available.
[0.100s] [ext: omni.kit.async_engine-0.0.1] startup
[0.276s] [ext: omni.metrics.core-0.0.1] startup
[0.277s] [ext: omni.client.lib-1.0.0] startup
[0.312s] [ext: omni.blobkey-1.1.2] startup
[0.313s] [ext: omni.stats-1.0.1] startup
[0.314s] [ext: omni.datastore-0.0.0] startup
[0.323s] [ext: omni.client-1.2.2] startup
[0.330s] [ext: omni.ujitso.default-1.0.0] startup
[0.332s] [ext: omni.hsscclient-1.1.1] startup
2026-06-21 05:52:35 [282ms] [Warning] [omni.datastore] OmniHub is inaccessible
[0.340s] [ext: omni.gpu_foundation.shadercache.vulkan-1.0.0] startup
[0.345s] [ext: omni.assets.plugins-0.0.0] startup
[0.348s] [ext: omni.gpu_foundation-0.0.0] startup
[0.397s] [ext: carb.windowing.plugins-1.0.0] startup
[0.424s] [ext: omni.kit.renderer.init-0.0.0] startup

|---------------------------------------------------------------------------------------------|
| Driver Version: 560.28.03     | Graphics API: Vulkan
|=============================================================================================|
| GPU | Name                             | Active | LDA | GPU Memory | Vendor-ID | LUID       |
|     |                                  |        |     |            | Device-ID | UUID       |
|     |                                  |        |     |            | Bus-ID    |            |
|---------------------------------------------------------------------------------------------|
| 0   | NVIDIA RTX A6000                 | Yes: 0 |     | 49386   MB | 10de      | 0          |
|     |                                  |        |     |            | 2230      | 0652a9b7.. |
|     |                                  |        |     |            | 3b        |            |
|=============================================================================================|
| OS: 22.04.5 LTS (Jammy Jellyfish) ubuntu, Version: 22.04.5, Kernel: 6.8.0-124-generic
| XServer Vendor: The X.Org Foundation, XServer Version: 12101004 (1.21.1.4)
| Processor: Intel(R) Xeon(R) Silver 4216 CPU @ 2.10GHz
| Cores: 32 | Logical Cores: 64
|---------------------------------------------------------------------------------------------|
| Total Memory (MB): 96267 | Free Memory: 78234
| Total Page/Swap (MB): 2048 | Free Page/Swap: 634
|---------------------------------------------------------------------------------------------|
[1.439s] [ext: omni.kit.pipapi-0.0.0] startup
[1.441s] [ext: omni.materialx.libs-1.0.6] startup
[1.452s] [ext: omni.kit.pip_archive-0.0.0] startup
[1.452s] [ext: omni.usd.config-1.0.5] startup
[1.457s] [ext: omni.gpucompute.plugins-0.0.0] startup
[1.458s] [ext: omni.usd.libs-1.0.1] startup
[1.578s] [ext: omni.mdl-55.0.1] startup
[1.605s] [ext: omni.iray.libs-0.0.0] startup
[1.613s] [ext: omni.mdl.neuraylib-0.2.10] startup
[1.615s] [ext: omni.kit.usd.mdl-1.0.7] startup
[1.762s] [ext: omni.kit.telemetry-0.5.1] startup
[1.803s] [ext: omni.kit.loop-isaac-1.2.1] startup
[1.805s] [ext: omni.kit.test-1.1.2] startup
[1.871s] [ext: omni.appwindow-1.1.9] startup
[1.874s] [ext: omni.kit.renderer.core-1.0.2] startup
[1.903s] [ext: omni.kit.renderer.capture-0.0.0] startup
[1.906s] [ext: omni.kit.renderer.imgui-1.0.2] startup
[2.000s] [ext: omni.ui-2.26.5] startup
[2.014s] [ext: omni.kit.mainwindow-1.0.3] startup
[2.016s] [ext: carb.audio-0.1.0] startup
[2.022s] [ext: omni.uiaudio-1.0.0] startup
[2.023s] [ext: omni.kit.uiapp-0.0.0] startup
[2.024s] [ext: omni.usd.schema.metrics.assembler-106.5.0] startup
[2.036s] [ext: omni.usd.schema.anim-0.0.0] startup
[2.066s] [ext: omni.usd.schema.audio-0.0.0] startup
[2.071s] [ext: omni.usd.schema.isaac-3.0.2] startup
[2.071s] [ext: omni.usd.schema.omnigraph-1.0.0] startup
[2.080s] [ext: omni.usd.schema.forcefield-106.5.7] startup
[2.093s] [ext: omni.usd.schema.semantics-0.0.0] startup
[2.097s] [ext: omni.usd.schema.physx-106.5.7] startup
[2.131s] [ext: omni.usd.schema.geospatial-0.0.0] startup
[2.135s] [ext: omni.usd_resolver-1.0.0] startup
[2.140s] [ext: omni.kit.window.popup_dialog-2.0.24] startup
[2.145s] [ext: usdrt.scenegraph-7.5.1] startup
[2.201s] [ext: omni.timeline-1.0.11] startup
[2.203s] [ext: omni.usd.core-1.4.2] startup
[2.208s] [ext: omni.resourcemonitor-107.0.0] startup
[2.210s] [ext: omni.activity.core-1.0.1] startup
[2.212s] [ext: omni.kit.widget.nucleus_connector-1.1.10] startup
[2.215s] [ext: omni.hydra.usdrt_delegate-7.5.1] startup
[2.230s] [ext: omni.kit.actions.core-1.0.0] startup
[2.233s] [ext: omni.graph.exec-0.9.4] startup
[2.234s] [ext: omni.kit.commands-1.4.9] startup
[2.238s] [ext: omni.kit.usd_undo-0.1.8] startup
[2.239s] [ext: omni.kit.exec.core-0.13.4] startup
[2.242s] [ext: omni.kit.audiodeviceenum-1.0.1] startup
[2.244s] [ext: omni.hydra.scene_delegate-0.3.3] startup
[2.251s] [ext: omni.usd-1.12.4] startup
[2.310s] [ext: omni.inspect-1.0.1] startup
[2.312s] [ext: omni.kit.notification_manager-1.0.9] startup
[2.314s] [ext: omni.graph.core-2.181.8] startup
[2.319s] [ext: isaacsim.core.deprecation_manager-0.2.2] startup
[2.320s] [ext: omni.usd.schema.omniscripting-1.0.0] startup
[2.326s] [ext: isaacsim.robot.schema-3.1.2] startup
[2.337s] [ext: omni.kit.asset_converter-2.8.3] startup
[2.354s] [ext: omni.kit.menu.core-1.1.2] startup
[2.355s] [ext: omni.kvdb-106.5.7] startup
[2.357s] [ext: omni.kit.widget.context_menu-1.2.4] startup
[2.359s] [ext: omni.kit.usd.layers-2.2.0] startup
[2.369s] [ext: omni.kit.property.adapter.core-1.0.2] startup
[2.372s] [ext: omni.localcache-106.5.7] startup
[2.374s] [ext: omni.convexdecomposition-106.5.7] startup
[2.381s] [ext: omni.warp.core-1.5.0] startup
[2.606s] [ext: omni.kit.context_menu-1.8.3] startup
[2.608s] [ext: omni.kit.hotkeys.core-1.3.10] startup
[2.613s] [ext: omni.kit.property.adapter.fabric-1.0.3] startup
[2.615s] [ext: omni.usdphysics-106.5.7] startup
[2.620s] [ext: omni.kit.widget.path_field-2.0.11] startup
[2.622s] [ext: omni.kit.widget.options_menu-1.1.6] startup
[2.625s] [ext: omni.kit.helper.file_utils-0.1.9] startup
[2.628s] [ext: omni.kit.widget.browser_bar-2.0.10] startup
[2.629s] [ext: omni.kit.widget.options_button-1.0.3] startup
[2.630s] [ext: omni.kit.widget.filebrowser-2.10.52] startup
[2.636s] [ext: omni.kit.clipboard-1.0.5] startup
[2.637s] [ext: omni.graph.tools-1.79.1] startup
[2.666s] [ext: omni.ui.scene-1.11.2] startup
[2.673s] [ext: omni.graph.image.core-0.6.0] startup
[2.674s] [ext: omni.kit.window.filepicker-2.11.7] startup
[2.689s] [ext: omni.kit.widget.searchfield-1.1.8] startup
[2.690s] [ext: omni.graph.image.nodes-1.3.0] startup
[2.695s] [ext: omni.graph-1.140.2] startup
[2.750s] [ext: omni.kit.window.file_exporter-1.0.31] startup
[2.754s] [ext: omni.kit.widget.filter-1.1.4] startup
[2.757s] [ext: omni.physx.foundation-106.5.7] startup
[2.761s] [ext: omni.graph.nodes-1.162.1] startup
[2.776s] [ext: omni.kit.widget.stage-2.11.6] startup
[2.793s] [ext: omni.hydra.rtx.shadercache.vulkan-1.0.0] startup
[2.796s] [ext: omni.hydra.engine.stats-1.0.3] startup
[2.800s] [ext: omni.graph.action_core-1.1.7] startup
[2.804s] [ext: omni.kit.widget.highlight_label-1.0.3] startup
[2.807s] [ext: omni.ujitso.processor.texture-1.0.0] startup
[2.808s] [ext: omni.index.libs-380600.1777.0] startup
[2.809s] [ext: omni.kit.window.file_importer-1.1.14] startup
[2.810s] [ext: omni.kit.stage_template.core-1.1.22] startup
[2.812s] [ext: omni.volume-0.5.0] startup
[2.821s] [ext: omni.ujitso.client-0.0.0] startup
[2.822s] [ext: omni.index-1.0.1] startup
[2.824s] [ext: omni.kit.window.file-1.3.57] startup
[2.828s] [ext: omni.hydra.rtx-1.0.0] startup
2026-06-21 05:52:38 [2,788ms] [Warning] [omni.log] Source: omni.hydra was already registered.
[2.864s] [ext: omni.kit.viewport.registry-104.0.6] startup
[2.866s] [ext: omni.kit.viewport.legacy_gizmos-1.0.16] startup
[2.870s] [ext: omni.kit.raycast.query-1.0.5] startup
[2.878s] [ext: omni.kit.viewport.scene_camera_model-1.0.5] startup
[2.886s] [ext: omni.kit.hydra_texture-1.4.0] startup
[2.892s] [ext: omni.kit.menu.utils-1.7.7] startup
[2.900s] [ext: omni.kit.window.drop_support-1.0.4] startup
[2.902s] [ext: omni.kit.widget.viewport-107.0.7] startup
[2.907s] [ext: omni.kit.material.library-1.5.15] startup
[2.915s] [ext: omni.kit.window.content_browser_registry-0.0.6] startup
[2.918s] [ext: omni.kit.viewport.window-107.0.8] startup
[2.945s] [ext: omni.graph.action_nodes-1.40.1] startup
[2.951s] [ext: omni.kit.window.property-1.11.5] startup
[2.961s] [ext: omni.kit.window.content_browser-2.10.3] startup
[2.993s] [ext: omni.kit.property.adapter.usd-1.0.2] startup
[3.002s] [ext: omni.kit.viewport.utility-1.0.18] startup
[3.009s] [ext: omni.graph.action-1.120.0] startup
[3.020s] [ext: omni.kit.property.usd-4.2.16] startup
[3.040s] [ext: omni.physx.cooking-106.5.7] startup
[3.053s] [ext: omni.kit.widget.stage_icons-1.0.6] startup
[3.055s] [ext: omni.kit.widget.zoombar-1.0.5] startup
[3.057s] [ext: omni.physics.tensors-106.5.7] startup
[3.068s] [ext: omni.kit.widget.prompt-1.0.7] startup
[3.070s] [ext: omni.kit.usd.collect-2.2.22] startup
[3.074s] [ext: omni.physx-106.5.7] startup
[3.093s] [ext: omni.kit.window.stage-2.5.11] startup
[3.100s] [ext: omni.kit.browser.core-2.3.11] startup
[3.106s] [ext: omni.kit.widget.text_editor-1.0.2] startup
[3.109s] [ext: omni.physx.tensors-106.5.7] startup
[3.118s] [ext: omni.kit.tool.collect-2.2.16] startup
[3.120s] [ext: omni.kit.menu.stage-1.2.5] startup
[3.123s] [ext: omni.kit.browser.folder.core-1.10.1] startup
[3.130s] [ext: omni.warp-1.5.0] startup
[3.139s] [ext: isaacsim.examples.browser-0.1.8] startup
[3.147s] [ext: omni.physx.stageupdate-106.5.7] startup
[3.153s] [ext: omni.kit.numpy.common-0.1.2] startup
[3.156s] [ext: isaacsim.core.version-2.0.2] startup
[3.159s] [ext: omni.isaac.dynamic_control-1.3.15] startup
2026-06-21 05:52:38 [3,116ms] [Warning] [omni.isaac.dynamic_control] omni.isaac.dynamic_control is deprecated as of Isaac Sim 4.5. No action is needed from end-users.
[3.169s] [ext: isaacsim.storage.native-1.0.6] startup
[3.175s] [ext: omni.kit.menu.create-1.0.17] startup
[3.184s] [ext: isaacsim.core.utils-2.2.8] startup
[3.194s] [ext: omni.kit.widget.searchable_combobox-1.0.6] startup
[3.202s] [ext: omni.kit.primitive.mesh-1.0.17] startup
[3.234s] [ext: isaacsim.core.simulation_manager-0.3.3] startup
[5.294s] [ext: omni.kit.scripting-106.5.2] startup
[5.303s] [ext: omni.kit.stage_templates-1.2.6] startup
[5.308s] [ext: isaacsim.core.prims-0.3.7] startup
[5.335s] [ext: isaacsim.replicator.behavior-1.0.8] startup
[5.339s] [ext: isaacsim.core.api-4.2.16] startup
[5.357s] [ext: omni.ui_query-1.1.7] startup
[5.362s] [ext: omni.kit.manipulator.viewport-107.0.1] startup
[5.365s] [ext: omni.kit.ui_test-1.3.3] startup
[5.367s] [ext: omni.kit.window.extensions-1.4.25] startup
[5.376s] [ext: omni.graph.visualization.nodes-2.1.1] startup
[5.386s] [ext: omni.kit.tool.asset_importer-2.12.2] startup
[5.406s] [ext: isaacsim.gui.components-1.0.9] startup
[5.414s] [ext: omni.kit.widget.settings-1.2.2] startup
[5.429s] [ext: omni.kit.widget.graph-1.12.17] startup
[5.440s] [ext: omni.kit.window.preferences-1.7.0] startup
[5.450s] [ext: omni.kit.graph.delegate.default-1.2.2] startup
[5.451s] [ext: omni.kit.viewport.menubar.core-107.1.2] startup
[5.469s] [ext: omni.kit.widget.material_preview-1.0.16] startup
[5.474s] [ext: omni.kit.graph.usd.commands-1.3.1] startup
[5.477s] [ext: omni.kit.graph.editor.core-1.5.3] startup
[5.481s] [ext: omni.syntheticdata-0.6.10] startup
[5.520s] [ext: omni.kit.window.material_graph-1.8.19] startup
[5.579s] [ext: omni.graph.scriptnode-1.40.1] startup
[5.585s] [ext: isaacsim.core.cloner-1.3.4] startup
[5.590s] [ext: omni.replicator.core-1.11.35] startup
2026-06-21 05:52:41 [5,675ms] [Warning] [omni.replicator.core.scripts.extension] No material configuration file, adding configuration to material settings directly.
[5.736s] [ext: omni.isaac.cloner-1.0.2] startup
2026-06-21 05:52:41 [5,685ms] [Warning] [omni.isaac.cloner] omni.isaac.cloner has been deprecated in favor of isaacsim.core.cloner. Please update your code accordingly.
[5.737s] [ext: isaacsim.core.nodes-2.1.4] startup
[5.752s] [ext: isaacsim.asset.importer.urdf-2.3.10] startup
[6.008s] [ext: omni.isaac.core-4.0.3] startup
2026-06-21 05:52:41 [5,962ms] [Warning] [omni.isaac.core.physics_context.physics_context] omni.isaac.core.physics_context.physics_context has been deprecated in favor of isaacsim.core.api.physics_context.physics_context. Please update your code accordingly.
2026-06-21 05:52:41 [5,964ms] [Warning] [omni.isaac.core.simulation_context.simulation_context] omni.isaac.core.simulation_context.simulation_context has been deprecated in favor of isaacsim.core.api.simulation_context.simulation_context. Please update your code accordingly.
2026-06-21 05:52:41 [5,966ms] [Warning] [omni.isaac.core.world.world] omni.isaac.core.world.world has been deprecated in favor of isaacsim.core.api.world.world. Please update your code accordingly.
2026-06-21 05:52:41 [5,966ms] [Warning] [omni.isaac.core] omni.isaac.core has been deprecated in favor of isaacsim.core.api. Please update your code accordingly.
[6.017s] [ext: omni.isaac.core_nodes-2.0.2] startup
2026-06-21 05:52:41 [5,985ms] [Warning] [omni.isaac.core_nodes] omni.isaac.core_nodes has been deprecated in favor of isaacsim.core.nodes. Please update your code accordingly.
[6.037s] [ext: omni.anim.curve.core-1.2.0] startup
[6.065s] [ext: isaacsim.robot_motion.lula-4.0.4] startup
[6.087s] [ext: isaacsim.asset.importer.mjcf-2.3.3] startup
[6.103s] [ext: isaacsim.robot_motion.motion_generation-8.0.6] startup
[6.128s] [ext: isaacsim.asset.browser-1.3.4] startup
[6.214s] [ext: isaacsim.robot.surface_gripper-2.0.6] startup
[6.220s] [ext: omni.kit.selection-0.1.5] startup
[6.226s] [ext: isaacsim.robot_motion.lula_test_widget-1.0.5] startup
[6.231s] [ext: omni.isaac.assets_check-0.3.9] startup
2026-06-21 05:52:41 [6,183ms] [Warning] [omni.isaac.assets_check] omni.isaac.assets_check has been deprecated in favor of isaacsim.asset.browser. Please update your code accordingly.
[6.236s] [ext: isaacsim.robot.manipulators-3.0.4] startup
[6.246s] [ext: isaacsim.sensors.physics-0.3.5] startup
[6.260s] [ext: isaacsim.gui.menu-2.0.9] startup
[6.296s] [ext: omni.isaac.lula_test_widget-1.0.2] startup
2026-06-21 05:52:41 [6,248ms] [Warning] [omni.isaac.lula_test_widget] omni.isaac.lula_test_widget has been deprecated in favor of isaacsim.robot_motion.lula_test_widget. Please update your code accordingly.
[6.300s] [ext: omni.sensors.nv.common-2.5.0-coreapi] startup
[6.320s] [ext: omni.isaac.manipulators-3.0.3] startup
2026-06-21 05:52:41 [6,270ms] [Warning] [omni.isaac.manipulators] omni.isaac.manipulators has been deprecated in favor of isaacsim.robot.manipulators. Please update your code accordingly.
2026-06-21 05:52:41 [6,271ms] [Warning] [omni.isaac.manipulators.controllers] omni.isaac.manipulators has been deprecated in favor of isaacsim.robot.manipulators. Please update your code accordingly.
2026-06-21 05:52:41 [6,271ms] [Warning] [omni.isaac.manipulators.controllers.pick_place_controller] omni.isaac.manipulators has been deprecated in favor of isaacsim.robot.manipulators. Please update your code accordingly.
2026-06-21 05:52:41 [6,272ms] [Warning] [omni.isaac.manipulators.controllers.stacking_controller] omni.isaac.manipulators has been deprecated in favor of isaacsim.robot.manipulators. Please update your code accordingly.
2026-06-21 05:52:41 [6,272ms] [Warning] [omni.isaac.manipulators.grippers] omni.isaac.manipulators has been deprecated in favor of isaacsim.robot.manipulators. Please update your code accordingly.
2026-06-21 05:52:41 [6,272ms] [Warning] [omni.isaac.manipulators.grippers.gripper] omni.isaac.manipulators has been deprecated in favor of isaacsim.robot.manipulators. Please update your code accordingly.
2026-06-21 05:52:41 [6,272ms] [Warning] [omni.isaac.manipulators.grippers.parallel_gripper] omni.isaac.manipulators has been deprecated in favor of isaacsim.robot.manipulators. Please update your code accordingly.
2026-06-21 05:52:41 [6,272ms] [Warning] [omni.isaac.manipulators.grippers.surface_gripper] omni.isaac.manipulators has been deprecated in favor of isaacsim.robot.manipulators. Please update your code accordingly.
2026-06-21 05:52:41 [6,272ms] [Warning] [omni.isaac.manipulators.manipulators] omni.isaac.manipulators has been deprecated in favor of isaacsim.robot.manipulators. Please update your code accordingly.
2026-06-21 05:52:41 [6,272ms] [Warning] [omni.isaac.manipulators.manipulators.single_manipulator] omni.isaac.manipulators has been deprecated in favor of isaacsim.robot.manipulators. Please update your code accordingly.
[6.324s] [ext: isaacsim.robot.policy.examples-4.0.3] startup
[6.329s] [ext: omni.isaac.menu-1.0.2] startup
2026-06-21 05:52:41 [6,278ms] [Warning] [omni.isaac.menu] omni.isaac.menu has been deprecated in favor of isaacsim.gui.menu. Please update your code accordingly.
[6.330s] [ext: omni.isaac.motion_generation-8.0.2] startup
2026-06-21 05:52:41 [6,285ms] [Warning] [omni.isaac.motion_generation] omni.isaac.motion_generation has been deprecated in favor of isaacsim.robot_motion.motion_generation. Please update your code accordingly.
2026-06-21 05:52:41 [6,285ms] [Warning] [omni.isaac.motion_generation.articulation_kinematics_solver] omni.isaac.motion_generation has been deprecated in favor of isaacsim.robot_motion.motion_generation. Please update your code accordingly.
2026-06-21 05:52:41 [6,286ms] [Warning] [omni.isaac.motion_generation.articulation_motion_policy] omni.isaac.motion_generation has been deprecated in favor of isaacsim.robot_motion.motion_generation. Please update your code accordingly.
2026-06-21 05:52:41 [6,286ms] [Warning] [omni.isaac.motion_generation.articulation_trajectory] omni.isaac.motion_generation has been deprecated in favor of isaacsim.robot_motion.motion_generation. Please update your code accordingly.
2026-06-21 05:52:41 [6,286ms] [Warning] [omni.isaac.motion_generation.kinematics_interface] omni.isaac.motion_generation has been deprecated in favor of isaacsim.robot_motion.motion_generation. Please update your code accordingly.
2026-06-21 05:52:41 [6,286ms] [Warning] [omni.isaac.motion_generation.lula] omni.isaac.motion_generation has been deprecated in favor of isaacsim.robot_motion.motion_generation. Please update your code accordingly.
2026-06-21 05:52:41 [6,287ms] [Warning] [omni.isaac.motion_generation.lula.kinematics] omni.isaac.motion_generation has been deprecated in favor of isaacsim.robot_motion.motion_generation. Please update your code accordingly.
2026-06-21 05:52:41 [6,287ms] [Warning] [omni.isaac.motion_generation.lula.motion_policies] omni.isaac.motion_generation has been deprecated in favor of isaacsim.robot_motion.motion_generation. Please update your code accordingly.
2026-06-21 05:52:41 [6,287ms] [Warning] [omni.isaac.motion_generation.lula.path_planners] omni.isaac.motion_generation has been deprecated in favor of isaacsim.robot_motion.motion_generation. Please update your code accordingly.
2026-06-21 05:52:41 [6,287ms] [Warning] [omni.isaac.motion_generation.lula.trajectory_generator] omni.isaac.motion_generation has been deprecated in favor of isaacsim.robot_motion.motion_generation. Please update your code accordingly.
2026-06-21 05:52:41 [6,288ms] [Warning] [omni.isaac.motion_generation.motion_policy_controller] omni.isaac.motion_generation has been deprecated in favor of isaacsim.robot_motion.motion_generation. Please update your code accordingly.
2026-06-21 05:52:41 [6,288ms] [Warning] [omni.isaac.motion_generation.motion_policy_interface] omni.isaac.motion_generation has been deprecated in favor of isaacsim.robot_motion.motion_generation. Please update your code accordingly.
2026-06-21 05:52:41 [6,288ms] [Warning] [omni.isaac.motion_generation.path_planner_visualizer] omni.isaac.motion_generation has been deprecated in favor of isaacsim.robot_motion.motion_generation. Please update your code accordingly.
2026-06-21 05:52:41 [6,291ms] [Warning] [omni.isaac.motion_generation.path_planning_interface] omni.isaac.motion_generation has been deprecated in favor of isaacsim.robot_motion.motion_generation. Please update your code accordingly.
2026-06-21 05:52:41 [6,292ms] [Warning] [omni.isaac.motion_generation.trajectory] omni.isaac.motion_generation has been deprecated in favor of isaacsim.robot_motion.motion_generation. Please update your code accordingly.
2026-06-21 05:52:41 [6,292ms] [Warning] [omni.isaac.motion_generation.world_interface] omni.isaac.motion_generation has been deprecated in favor of isaacsim.robot_motion.motion_generation. Please update your code accordingly.
[6.344s] [ext: omni.sensors.nv.materials-1.4.0-coreapi] startup
[6.349s] [ext: omni.isaac.nucleus-1.0.3] startup
2026-06-21 05:52:41 [6,300ms] [Warning] [omni.isaac.nucleus] omni.isaac.nucleus has been deprecated in favor of isaacsim.storage.native. Please update your code accordingly.
2026-06-21 05:52:41 [6,300ms] [Warning] [omni.isaac.nucleus.nucleus] omni.isaac.nucleus.nucleus has been deprecated in favor of isaacsim.storage.native. Please update your code accordingly.
[6.352s] [ext: omni.isaac.quadruped-3.0.2] startup
2026-06-21 05:52:41 [6,302ms] [Warning] [omni.isaac.quadruped] omni.isaac.quadruped has been deprecated in favor of isaacsim.robot.policy.examples. Please update your code accordingly.
[6.354s] [ext: omni.kit.manipulator.selector-1.1.1] startup
[6.360s] [ext: omni.sensors.nv.wpm-2.4.0-coreapi] startup
[6.364s] [ext: omni.sensors.nv.lidar-2.6.3-coreapi] startup
[6.373s] [ext: omni.sensors.nv.ids-1.4.0-coreapi] startup
[6.381s] [ext: isaacsim.robot.manipulators.examples-1.0.3] startup
[6.383s] [ext: isaacsim.util.debug_draw-2.0.2] startup
[6.390s] [ext: omni.sensors.tiled-0.0.6] startup
[6.394s] [ext: omni.sensors.nv.radar-2.6.1-coreapi] startup
[6.405s] [ext: omni.kit.widget.toolbar-1.7.3] startup
[6.416s] [ext: omni.kit.manipulator.transform-106.0.1] startup
[6.423s] [ext: isaacsim.sensors.physx-2.2.4] startup
[6.433s] [ext: isaacsim.sensors.rtx-13.6.3] startup
[6.446s] [ext: isaacsim.sensors.camera-0.2.9] startup
[6.461s] [ext: isaacsim.cortex.framework-1.0.2] startup
[6.465s] [ext: omni.kit.manipulator.tool.snap-1.5.12] startup
[6.495s] [ext: omni.isaac.range_sensor-4.0.2] startup
[6.499s] [ext: omni.isaac.surface_gripper-2.0.2] startup
2026-06-21 05:52:41 [6,450ms] [Warning] [omni.isaac.surface_gripper] omni.isaac.surface_gripper has been deprecated in favor of isaacsim.robot.surface_gripper. Please update your code accordingly.
[6.502s] [ext: omni.isaac.sensor-13.0.3] startup
2026-06-21 05:52:41 [6,454ms] [Warning] [omni.isaac.sensor] omni.isaac.sensor has been deprecated in favor of isaacsim.sensors.camera, isaacsim.sensors.physics, isaacsim.sensors.physx, and isaacsim.sensors.rtx. Please update your code accordingly.
2026-06-21 05:52:41 [6,455ms] [Warning] [omni.isaac.sensor.camera] omni.isaac.sensor.camera has been deprecated in favor of isaacsim.sensors.camera.camera. Please update your code accordingly.
2026-06-21 05:52:41 [6,455ms] [Warning] [omni.isaac.sensor.camera_view] omni.isaac.sensor.camera_view has been deprecated in favor of isaacsim.sensors.camera.camera_view. Please update your code accordingly.
2026-06-21 05:52:41 [6,455ms] [Warning] [omni.isaac.sensor.commands] omni.isaac.sensor.commands has been deprecated in favor of isaacsim.sensors.physics.commands, isaacsim.sensors.physx.commands, and isaacsim.sensors.rtx.commands. Please update your code accordingly.
2026-06-21 05:52:41 [6,456ms] [Warning] [omni.isaac.sensor.contact_sensor] omni.isaac.sensor.contact_sensor has been deprecated in favor of isaacsim.sensors.physics.contact_sensor. Please update your code accordingly.
2026-06-21 05:52:41 [6,456ms] [Warning] [omni.isaac.sensor.imu_sensor] omni.isaac.sensor.imu_sensor has been deprecated in favor of isaacsim.sensors.physics.imu_sensor. Please update your code accordingly.
2026-06-21 05:52:41 [6,456ms] [Warning] [omni.isaac.sensor.lidar_rtx] omni.isaac.sensor.lidar_rtx has been deprecated in favor of isaacsim.sensors.rtx.lidar_rtx. Please update your code accordingly.
2026-06-21 05:52:41 [6,456ms] [Warning] [omni.isaac.sensor.rotating_lidar_physX] omni.isaac.sensor.imu_sensor has been deprecated in favor of isaacsim.sensors.physix.rotating_lidar_physX. Please update your code accordingly.
2026-06-21 05:52:41 [6,457ms] [Warning] [omni.isaac.sensor.scripts.samples.contact_sensor] omni.isaac.sensor.scripts.samples.contact_sensor has been deprecated in favor of isaacsim.sensors.physics.scripts.samples.contact_sensor. Please update your code accordingly.
2026-06-21 05:52:41 [6,457ms] [Warning] [omni.isaac.sensor.scripts.samples.imu_sensor] omni.isaac.sensor.scripts.samples.imu_sensor has been deprecated in favor of isaacsim.sensors.physics.scripts.samples.imu_sensor. Please update your code accordingly.
2026-06-21 05:52:41 [6,457ms] [Warning] [omni.isaac.sensor.scripts.samples.lightbeam_sensor] omni.isaac.sensor.scripts.samples.lightbeam_sensor has been deprecated in favor of isaacsim.sensors.physx.scripts.samples.lightbeam_sensor. Please update your code accordingly.
[6.509s] [ext: omni.isaac.cortex-1.0.2] startup
2026-06-21 05:52:41 [6,461ms] [Warning] [omni.isaac.cortex] omni.isaac.cortex has been deprecated in favor of isaacsim.cortex.framework. Please update your code accordingly.
[6.513s] [ext: omni.kit.viewport.manipulator.transform-107.0.4] startup
[6.530s] [ext: omni.debugdraw-0.1.3] startup
[6.536s] [ext: omni.isaac.universal_robots-1.0.2] startup
2026-06-21 05:52:41 [6,487ms] [Warning] [omni.isaac.universal_robots] omni.isaac.universal_robots has been deprecated in favor of isaacsim.robot.manipulators.examples.universal_robots. Please update your code accordingly.
2026-06-21 05:52:41 [6,487ms] [Warning] [omni.isaac.universal_robots.kinematics_solver] omni.isaac.franka has been deprecated in favor of isaacsim.robot.manipulators.examples.universal_robots. Please update your code accordingly.
2026-06-21 05:52:41 [6,488ms] [Warning] [omni.isaac.universal_robots.ur10] omni.isaac.franka has been deprecated in favor of isaacsim.robot.manipulators.examples.universal_robots. Please update your code accordingly.
[6.539s] [ext: omni.isaac.utils-2.0.2] startup
[6.544s] [ext: omni.kit.manipulator.prim.core-107.0.7] startup
[6.554s] [ext: omni.fabric.commands-1.1.5] startup
[6.561s] [ext: omni.kit.manipulator.selection-106.0.1] startup
[6.564s] [ext: omni.kit.viewport.actions-107.0.0] startup
[6.571s] [ext: omni.kit.manipulator.prim.usd-107.0.3] startup
[6.575s] [ext: omni.kit.manipulator.prim.fabric-107.0.4] startup
[6.578s] [ext: isaacsim.cortex.behaviors-2.0.3] startup
[6.581s] [ext: omni.kit.widget.layers-1.8.2] startup
[6.602s] [ext: omni.kit.viewport.menubar.display-107.0.3] startup
[6.606s] [ext: omni.kit.manipulator.prim-107.0.0] startup
[6.608s] [ext: omni.isaac.cortex.sample_behaviors-2.0.2] startup
2026-06-21 05:52:41 [6,557ms] [Warning] [omni.isaac.cortex.sample_behaviors] omni.isaac.cortex.sample_behaviors has been deprecated in favor of isaacsim.cortex.behaviors. Please update your code accordingly.
[6.609s] [ext: omni.graph.ui_nodes-1.40.1] startup
[6.618s] [ext: omni.usdphysics.ui-106.5.7] startup
[6.664s] [ext: omni.physx.commands-106.5.7] startup
[6.671s] [ext: omni.kit.property.camera-1.0.9] startup
[6.674s] [ext: omni.hydra.scene_api-0.1.2] startup
[6.682s] [ext: omni.kit.property.geometry-1.3.3] startup
[6.688s] [ext: omni.kit.property.light-1.0.11] startup
[6.692s] [ext: omni.physx.ui-106.5.7] startup
[6.739s] [ext: omni.kit.property.material-1.10.17] startup
[6.749s] [ext: omni.kit.property.render-1.1.3] startup
[6.754s] [ext: omni.kit.property.transform-1.5.10] startup
[6.760s] [ext: omni.kit.property.audio-1.0.16] startup
[6.764s] [ext: isaacsim.gui.property-1.0.4] startup
[6.768s] [ext: omni.physx.demos-106.5.7] startup
[6.795s] [ext: omni.kit.property.physx-106.5.7] startup
[6.866s] [ext: omni.isaac.lula-4.0.2] startup
2026-06-21 05:52:42 [6,818ms] [Warning] [omni.isaac.lula] omni.isaac.lula has been deprecated in favor of isaacsim.robot_motion.lula. Please update your code accordingly.
[6.870s] [ext: omni.kit.property.bundle-1.3.2] startup
[6.873s] [ext: omni.kit.property.isaac-1.0.2] startup
2026-06-21 05:52:42 [6,824ms] [Warning] [omni.kit.property.isaac] omni.kit.property.isaac has been deprecated in favor of isaacsim.gui.property. Please update your code accordingly.
2026-06-21 05:52:42 [6,825ms] [Warning] [omni.kit.property.isaac.widgets] omni.kit.property.isaac.widgets has been deprecated in favor of isaacsim.gui.property.widgets. Please update your code accordingly.
[6.876s] [ext: omni.physx.vehicle-106.5.7] startup
[6.904s] [ext: omni.kit.viewport.menubar.camera-107.0.2] startup
[6.914s] [ext: omni.kit.viewport.menubar.lighting-106.0.2] startup
[6.919s] [ext: omni.kit.viewport.menubar.render-107.0.8] startup
[6.924s] [ext: omni.kit.viewport.menubar.settings-107.0.3] startup
[6.930s] [ext: omni.kit.window.console-0.2.14] startup
[6.947s] [ext: omni.physx.camera-106.5.7] startup
[6.963s] [ext: omni.kit.window.toolbar-1.6.2] startup
[6.970s] [ext: omni.isaac.version-2.0.2] startup
2026-06-21 05:52:42 [6,920ms] [Warning] [omni.isaac.version] omni.isaac.version has been deprecated in favor of isaacsim.core.version. Please update your code accordingly.
[6.972s] [ext: isaacsim.robot.wheeled_robots-4.0.3] startup
[6.980s] [ext: omni.physx.cct-106.5.7] startup
[7.009s] [ext: omni.physx.graph-106.5.7] startup
[7.057s] [ext: isaacsim.replicator.writers-1.0.1] startup
[7.114s] [ext: omni.physx.supportui-106.5.7] startup
[7.160s] [ext: omni.physx.telemetry-106.5.7] startup
[7.167s] [ext: omni.isaac.wheeled_robots-3.0.3] startup
2026-06-21 05:52:42 [7,119ms] [Warning] [omni.isaac.wheeled_robots] omni.isaac.wheeled_robots has been deprecated in favor of isaacsim.robot.wheeled_robots. Please update your code accordingly.
2026-06-21 05:52:42 [7,119ms] [Warning] [omni.isaac.wheeled_robots.controllers] omni.isaac.wheeled_robots has been deprecated in favor of isaacsim.robot.wheeled_robots. Please update your code accordingly.
2026-06-21 05:52:42 [7,119ms] [Warning] [omni.isaac.wheeled_robots.controllers.ackermann_controller] omni.isaac.wheeled_robots has been deprecated in favor of isaacsim.robot.wheeled_robots. Please update your code accordingly.
2026-06-21 05:52:42 [7,119ms] [Warning] [omni.isaac.wheeled_robots.controllers.differential_controller] omni.isaac.wheeled_robots has been deprecated in favor of isaacsim.robot.wheeled_robots. Please update your code accordingly.
2026-06-21 05:52:42 [7,120ms] [Warning] [omni.isaac.wheeled_robots.controllers.holonomic_controller] omni.isaac.wheeled_robots has been deprecated in favor of isaacsim.robot.wheeled_robots. Please update your code accordingly.
2026-06-21 05:52:42 [7,120ms] [Warning] [omni.isaac.wheeled_robots.controllers.quintic_path_planner] omni.isaac.wheeled_robots has been deprecated in favor of isaacsim.robot.wheeled_robots. Please update your code accordingly.
2026-06-21 05:52:42 [7,120ms] [Warning] [omni.isaac.wheeled_robots.controllers.stanley_control] omni.isaac.wheeled_robots has been deprecated in favor of isaacsim.robot.wheeled_robots. Please update your code accordingly.
2026-06-21 05:52:42 [7,120ms] [Warning] [omni.isaac.wheeled_robots.controllers.wheel_base_pose_controller] omni.isaac.wheeled_robots has been deprecated in favor of isaacsim.robot.wheeled_robots. Please update your code accordingly.
2026-06-21 05:52:42 [7,120ms] [Warning] [omni.isaac.wheeled_robots.impl] omni.isaac.wheeled_robots has been deprecated in favor of isaacsim.robot.wheeled_robots. Please update your code accordingly.
2026-06-21 05:52:42 [7,120ms] [Warning] [omni.isaac.wheeled_robots.robots] omni.isaac.wheeled_robots has been deprecated in favor of isaacsim.robot.wheeled_robots. Please update your code accordingly.
2026-06-21 05:52:42 [7,120ms] [Warning] [omni.isaac.wheeled_robots.robots.holonomic_robot_usd_setup] omni.isaac.wheeled_robots has been deprecated in favor of isaacsim.robot.wheeled_robots. Please update your code accordingly.
2026-06-21 05:52:42 [7,121ms] [Warning] [omni.isaac.wheeled_robots.robots.wheeled_robot] omni.isaac.wheeled_robots has been deprecated in favor of isaacsim.robot.wheeled_robots. Please update your code accordingly.
[7.172s] [ext: omni.isaac.franka-1.0.2] startup
2026-06-21 05:52:42 [7,125ms] [Warning] [omni.isaac.franka] omni.isaac.franka has been deprecated in favor of isaacsim.robot.manipulators.examples.franka. Please update your code accordingly.
2026-06-21 05:52:42 [7,125ms] [Warning] [omni.isaac.franka.franka] omni.isaac.franka has been deprecated in favor of isaacsim.robot.manipulators.examples.franka. Please update your code accordingly.
2026-06-21 05:52:42 [7,126ms] [Warning] [omni.isaac.franka.kinematics_solver] omni.isaac.franka has been deprecated in favor of isaacsim.robot.manipulators.examples.franka. Please update your code accordingly.
[7.178s] [ext: isaacsim.replicator.domain_randomization-1.0.2] startup
[7.185s] [ext: isaacsim.replicator.examples-1.1.2] startup
[7.190s] [ext: omni.kit.window.status_bar-0.1.7] startup
[7.207s] [ext: omni.rtx.window.settings-0.6.17] startup
[7.233s] [ext: omni.usd.metrics.assembler-106.5.0] startup
[7.246s] [ext: omni.physx.bundle-106.5.7] startup
[7.246s] [ext: isaacsim.app.about-2.0.7] startup
[7.249s] [ext: omni.replicator.isaac-2.0.3] startup
2026-06-21 05:52:42 [7,198ms] [Warning] [omni.replicator.isaac] omni.replicator.isaac has been deprecated in favor of isaacsim.replicator.domain_randomization, isaacsim.replicator.examples, isaacsim.replicator.writers. Please update your code accordingly.
[7.250s] [ext: omni.replicator.replicator_yaml-2.0.10] startup
[7.277s] [ext: omni.rtx.settings.core-0.6.3] startup
[7.285s] [ext: omni.usd.metrics.assembler.ui-106.5.0] startup
[7.295s] [ext: isaacsim.simulation_app-2.4.2] startup
[7.297s] [ext: omni.isaac.window.about-2.0.2] startup
2026-06-21 05:52:42 [7,247ms] [Warning] [omni.isaac.window.about] omni.isaac.window.about has been deprecated in favor of isaacsim.app.about. Please update your code accordingly.
2026-06-21 05:52:42 [7,248ms] [Warning] [omni.isaac.window.about.about] omni.isaac.window.about.about has been deprecated in favor of isaacsim.app.about.about. Please update your code accordingly.
[7.300s] [ext: semantics.schema.editor-0.3.10] startup
[7.310s] [ext: omni.kit.ui.actions-1.0.2] startup
[7.312s] [ext: semantics.schema.property-1.0.5] startup
[7.315s] [ext: omni.kit.manipulator.camera-106.0.3] startup
[7.321s] [ext: omni.isaac.kit-2.0.3] startup
2026-06-21 05:52:42 [7,271ms] [Warning] [omni.isaac.kit] omni.isaac.kit has been deprecated in favor of isaacsim.simulation_app. Please update your code accordingly.
[7.323s] [ext: omni.isaac.asset_browser-1.0.2] startup
2026-06-21 05:52:42 [7,272ms] [Warning] [omni.isaac.asset_browser] omni.isaac.asset_browser has been deprecated in favor of isaacsim.asset.browser. Please update your code accordingly.
[7.324s] [ext: isaacsim.core.throttling-2.0.2] startup
[7.329s] [ext: omni.kit.menu.common-1.1.9] startup
[7.334s] [ext: isaacsim.exp.base-4.5.0] startup
[7.336s] [ext: isaacsim.exp.base.python-4.5.0] startup
[7.339s] Simulation App Starting
[7.631s] app ready
2026-06-21 05:52:43 [7,712ms] [Warning] [rtx.scenedb.plugin] SceneDbContext : TLAS limit buffer size 7374781440
2026-06-21 05:52:43 [7,712ms] [Warning] [rtx.scenedb.plugin] SceneDbContext : TLAS limit : valid false, within: false
2026-06-21 05:52:43 [7,712ms] [Warning] [rtx.scenedb.plugin] SceneDbContext : TLAS limit : decrement: 167690, decrement size: 7301033856
2026-06-21 05:52:43 [7,712ms] [Warning] [rtx.scenedb.plugin] SceneDbContext : New limit 9748724 (slope: 439, intercept: 13179904)
2026-06-21 05:52:43 [7,712ms] [Warning] [rtx.scenedb.plugin] SceneDbContext : TLAS limit buffer size 4287352704
2026-06-21 05:52:43 [7,712ms] [Warning] [rtx.scenedb.plugin] SceneDbContext : TLAS limit : valid true, within: true
Starting kit application with the following args:  ['/srv/data/users/raditya/isaacsim/env_isaacsim/lib/python3.10/site-packages/isaacsim/exts/isaacsim.simulation_app/isaacsim/simulation_app/simulation_app.py', '/srv/data/users/raditya/isaacsim/env_isaacsim/lib/python3.10/site-packages/isaacsim/apps/isaacsim.exp.base.python.kit', '--/app/tokens/exe-path=/srv/data/users/raditya/isaacsim/env_isaacsim/lib/python3.10/site-packages/omni', '--/persistent/app/viewport/displayOptions=3094', '--/rtx/materialDb/syncLoads=True', '--/rtx/hydra/materialSyncLoads=True', '--/omni.kit.plugin/syncUsdLoads=True', '--/app/renderer/resolution/width=1280', '--/app/renderer/resolution/height=720', '--/app/window/width=1440', '--/app/window/height=900', '--/renderer/multiGpu/enabled=True', '--/app/fastShutdown=True', '--/app/installSignalHandlers=0', '--ext-folder', '/srv/data/users/raditya/isaacsim/env_isaacsim/lib/python3.10/site-packages/isaacsim/exts', '--ext-folder', '/srv/data/users/raditya/isaacsim/env_isaacsim/lib/python3.10/site-packages/isaacsim/apps', '--/physics/cudaDevice=0', '--portable', '--no-window', '--/app/window/hideUi=1']
Passing the following args to the base kit application:  []
Warp 1.5.0 initialized:
   CUDA Toolkit 11.8, Driver 12.6
   Devices:
     "cpu"      : "x86_64"
     "cuda:0"   : "NVIDIA RTX A6000" (47 GiB, sm_86, mempool enabled)
   Kernel cache:
     /srv/data/users/raditya/.cache/warp/1.5.0
>>> articulation root prim = /World/workcell/root_joint
>>> ROS2 bridge: publishing /joint_states, subscribing /joint_command. Ctrl-C to stop.
>>> running (step 120)
>>> running (step 240)
>>> running (step 360)
>>> running (step 480)
>>> running (step 600)
>>> running (step 720)
>>> running (step 840)
>>> running (step 960)
>>> running (step 1080)
>>> running (step 1200)
>>> running (step 1320)
>>> running (step 1440)
>>> running (step 1560)
>>> running (step 1680)
>>> running (step 1800)
>>> running (step 1920)
>>> running (step 2040)
>>> running (step 2160)
>>> running (step 2280)
>>> running (step 2400)
>>> running (step 2520)
>>> running (step 2640)
>>> running (step 2760)
>>> running (step 2880)
>>> running (step 3000)
>>> running (step 3120)
>>> running (step 3240)
>>> running (step 3360)
>>> running (step 3480)
>>> running (step 3600)
>>> running (step 3720)
>>> running (step 3840)
>>> running (step 3960)
>>> running (step 4080)
>>> running (step 4200)
>>> running (step 4320)
>>> running (step 4440)
>>> running (step 4560)
>>> running (step 4680)
>>> running (step 4800)
>>> running (step 4920)
>>> running (step 5040)
>>> running (step 5160)
>>> running (step 5280)
>>> running (step 5400)
>>> running (step 5520)
>>> running (step 5640)
>>> running (step 5760)
>>> running (step 5880)
>>> running (step 6000)
>>> running (step 6120)
>>> running (step 6240)
>>> running (step 6360)
>>> running (step 6480)
>>> running (step 6600)
>>> running (step 6720)
>>> running (step 6840)
>>> running (step 6960)
>>> running (step 7080)
>>> running (step 7200)
>>> running (step 7320)
>>> running (step 7440)
>>> running (step 7560)
>>> running (step 7680)
>>> running (step 7800)
>>> running (step 7920)
>>> running (step 8040)
>>> running (step 8160)
>>> running (step 8280)
>>> running (step 8400)
>>> running (step 8520)
>>> running (step 8640)
>>> running (step 8760)
>>> running (step 8880)
>>> running (step 9000)
>>> running (step 9120)
>>> running (step 9240)
>>> running (step 9360)
>>> running (step 9480)
>>> running (step 9600)
>>> running (step 9720)
>>> running (step 9840)
>>> running (step 9960)
>>> running (step 10080)
>>> running (step 10200)
>>> running (step 10320)
>>> running (step 10440)
>>> running (step 10560)
>>> running (step 10680)
>>> running (step 10800)
>>> running (step 10920)
>>> running (step 11040)
>>> running (step 11160)
>>> running (step 11280)
>>> running (step 11400)
>>> running (step 11520)
>>> running (step 11640)
>>> running (step 11760)
>>> running (step 11880)
>>> running (step 12000)
>>> running (step 12120)
>>> running (step 12240)
>>> running (step 12360)
>>> running (step 12480)
>>> running (step 12600)
>>> running (step 12720)
>>> running (step 12840)
>>> running (step 12960)
>>> running (step 13080)
>>> running (step 13200)
>>> running (step 13320)
>>> running (step 13440)
>>> running (step 13560)
>>> running (step 13680)
>>> running (step 13800)
>>> running (step 13920)
>>> running (step 14040)
>>> running (step 14160)
>>> running (step 14280)
>>> running (step 14400)
>>> running (step 14520)
>>> running (step 14640)
>>> running (step 14760)
>>> running (step 14880)
>>> running (step 15000)
>>> running (step 15120)
>>> running (step 15240)
>>> running (step 15360)
>>> running (step 15480)
>>> running (step 15600)
>>> running (step 15720)
>>> running (step 15840)
>>> running (step 15960)
>>> running (step 16080)
>>> running (step 16200)
>>> running (step 16320)
>>> running (step 16440)
>>> running (step 16560)
>>> running (step 16680)
>>> running (step 16800)
>>> running (step 16920)
>>> running (step 17040)
>>> running (step 17160)
>>> running (step 17280)
>>> running (step 17400)
>>> running (step 17520)
>>> running (step 17640)
>>> running (step 17760)
>>> running (step 17880)
>>> running (step 18000)
>>> running (step 18120)
>>> running (step 18240)
>>> running (step 18360)
>>> running (step 18480)
>>> running (step 18600)
>>> running (step 18720)
>>> running (step 18840)
>>> running (step 18960)
>>> running (step 19080)
>>> running (step 19200)
>>> running (step 19320)
>>> running (step 19440)
>>> running (step 19560)
>>> running (step 19680)
>>> running (step 19800)
>>> running (step 19920)
>>> running (step 20040)
>>> running (step 20160)
>>> running (step 20280)
>>> running (step 20400)
>>> running (step 20520)
>>> running (step 20640)
>>> running (step 20760)
>>> running (step 20880)
>>> running (step 21000)
>>> running (step 21120)
>>> running (step 21240)
>>> running (step 21360)
>>> running (step 21480)
>>> running (step 21600)
>>> running (step 21720)
>>> running (step 21840)
>>> running (step 21960)
>>> running (step 22080)
>>> running (step 22200)
>>> running (step 22320)
>>> running (step 22440)
>>> running (step 22560)
>>> running (step 22680)
>>> running (step 22800)
>>> running (step 22920)
>>> running (step 23040)
>>> running (step 23160)
>>> running (step 23280)
>>> running (step 23400)
>>> running (step 23520)
>>> running (step 23640)
>>> running (step 23760)
>>> running (step 23880)
>>> running (step 24000)
>>> running (step 24120)
>>> running (step 24240)
>>> running (step 24360)
>>> running (step 24480)
>>> running (step 24600)
>>> running (step 24720)
>>> running (step 24840)
>>> running (step 24960)
>>> running (step 25080)
>>> running (step 25200)
>>> running (step 25320)
>>> running (step 25440)
>>> running (step 25560)
>>> running (step 25680)
>>> running (step 25800)
>>> running (step 25920)
>>> running (step 26040)
>>> running (step 26160)
>>> running (step 26280)
>>> running (step 26400)
>>> running (step 26520)
>>> running (step 26640)
>>> running (step 26760)
>>> running (step 26880)
>>> running (step 27000)
>>> running (step 27120)
>>> running (step 27240)
>>> running (step 27360)
>>> running (step 27480)
>>> running (step 27600)
>>> running (step 27720)
>>> running (step 27840)
>>> running (step 27960)
>>> running (step 28080)
>>> running (step 28200)
>>> running (step 28320)
>>> running (step 28440)
>>> running (step 28560)
>>> running (step 28680)
>>> running (step 28800)
>>> running (step 28920)
