[Warning] [simulation_app.simulation_app] Modules: ['omni.kit_app'] were loaded before SimulationApp was started and might not be loaded correctly.
[Warning] [simulation_app.simulation_app] Please check to make sure no extra omniverse or pxr modules are imported before the call to SimulationApp(...)
[Info] [carb] Logging to file: /srv/data/users/raditya/isaacsim/env_isaacsim/lib/python3.10/site-packages/omni/logs/Kit/Isaac-Sim Python/4.5/kit_20260621_143107.log
2026-06-21 05:31:07 [0ms] [Warning] [omni.kit.app.plugin] No crash reporter present, dumps uploading isn't available.
[0.133s] [ext: omni.kit.async_engine-0.0.1] startup
[0.351s] [ext: omni.metrics.core-0.0.1] startup
[0.352s] [ext: omni.client.lib-1.0.0] startup
[0.392s] [ext: omni.blobkey-1.1.2] startup
[0.392s] [ext: omni.stats-1.0.1] startup
[0.394s] [ext: omni.datastore-0.0.0] startup
[0.408s] [ext: omni.client-1.2.2] startup
[0.419s] [ext: omni.ujitso.default-1.0.0] startup
[0.424s] [ext: omni.hsscclient-1.1.1] startup
2026-06-21 05:31:07 [354ms] [Warning] [omni.datastore] OmniHub is inaccessible
[0.436s] [ext: omni.gpu_foundation.shadercache.vulkan-1.0.0] startup
[0.445s] [ext: omni.assets.plugins-0.0.0] startup
[0.448s] [ext: omni.gpu_foundation-0.0.0] startup
[0.511s] [ext: carb.windowing.plugins-1.0.0] startup
[0.539s] [ext: omni.kit.renderer.init-0.0.0] startup

|---------------------------------------------------------------------------------------------|
| Driver Version: 560.28.03     | Graphics API: Vulkan
|=============================================================================================|
| GPU | Name                             | Active | LDA | GPU Memory | Vendor-ID | LUID       |
|     |                                  |        |     |            | Device-ID | UUID       |
|     |                                  |        |     |            | Bus-ID    |            |
|---------------------------------------------------------------------------------------------|
| 0   | NVIDIA RTX A6000                 | Yes: 0 |     | 49386   MB | 10de      | 0          |
|     |                                  |        |     |            | 2230      | 0652a9b7.. |
|     |                                  |        |     |            | 3b        |            |
|=============================================================================================|
| OS: 22.04.5 LTS (Jammy Jellyfish) ubuntu, Version: 22.04.5, Kernel: 6.8.0-124-generic
| XServer Vendor: The X.Org Foundation, XServer Version: 12101004 (1.21.1.4)
| Processor: Intel(R) Xeon(R) Silver 4216 CPU @ 2.10GHz
| Cores: 32 | Logical Cores: 64
|---------------------------------------------------------------------------------------------|
| Total Memory (MB): 96267 | Free Memory: 79547
| Total Page/Swap (MB): 2048 | Free Page/Swap: 634
|---------------------------------------------------------------------------------------------|
[1.499s] [ext: omni.kit.pipapi-0.0.0] startup
[1.501s] [ext: omni.materialx.libs-1.0.6] startup
[1.512s] [ext: omni.kit.pip_archive-0.0.0] startup
[1.513s] [ext: omni.usd.config-1.0.5] startup
[1.517s] [ext: omni.gpucompute.plugins-0.0.0] startup
[1.518s] [ext: omni.usd.libs-1.0.1] startup
[1.636s] [ext: omni.mdl-55.0.1] startup
[1.664s] [ext: omni.iray.libs-0.0.0] startup
[1.672s] [ext: omni.mdl.neuraylib-0.2.10] startup
[1.674s] [ext: omni.kit.usd.mdl-1.0.7] startup
[1.819s] [ext: omni.kit.telemetry-0.5.1] startup
[1.859s] [ext: omni.kit.loop-isaac-1.2.1] startup
[1.861s] [ext: omni.kit.test-1.1.2] startup
[1.927s] [ext: omni.appwindow-1.1.9] startup
[1.930s] [ext: omni.kit.renderer.core-1.0.2] startup
[1.958s] [ext: omni.kit.renderer.capture-0.0.0] startup
[1.961s] [ext: omni.kit.renderer.imgui-1.0.2] startup
[2.057s] [ext: omni.ui-2.26.5] startup
[2.073s] [ext: omni.kit.mainwindow-1.0.3] startup
[2.075s] [ext: carb.audio-0.1.0] startup
[2.081s] [ext: omni.uiaudio-1.0.0] startup
[2.083s] [ext: omni.kit.uiapp-0.0.0] startup
[2.083s] [ext: omni.usd.schema.metrics.assembler-106.5.0] startup
[2.095s] [ext: omni.usd.schema.anim-0.0.0] startup
[2.127s] [ext: omni.usd.schema.audio-0.0.0] startup
[2.132s] [ext: omni.usd.schema.isaac-3.0.2] startup
[2.132s] [ext: omni.usd.schema.omnigraph-1.0.0] startup
[2.140s] [ext: omni.usd.schema.forcefield-106.5.7] startup
[2.154s] [ext: omni.usd.schema.semantics-0.0.0] startup
[2.157s] [ext: omni.usd.schema.physx-106.5.7] startup
[2.192s] [ext: omni.usd.schema.geospatial-0.0.0] startup
[2.195s] [ext: omni.usd_resolver-1.0.0] startup
[2.200s] [ext: omni.kit.window.popup_dialog-2.0.24] startup
[2.205s] [ext: usdrt.scenegraph-7.5.1] startup
[2.262s] [ext: omni.timeline-1.0.11] startup
[2.264s] [ext: omni.usd.core-1.4.2] startup
[2.269s] [ext: omni.resourcemonitor-107.0.0] startup
[2.272s] [ext: omni.activity.core-1.0.1] startup
[2.273s] [ext: omni.kit.widget.nucleus_connector-1.1.10] startup
[2.276s] [ext: omni.hydra.usdrt_delegate-7.5.1] startup
[2.290s] [ext: omni.kit.actions.core-1.0.0] startup
[2.294s] [ext: omni.graph.exec-0.9.4] startup
[2.294s] [ext: omni.kit.commands-1.4.9] startup
[2.299s] [ext: omni.kit.usd_undo-0.1.8] startup
[2.299s] [ext: omni.kit.exec.core-0.13.4] startup
[2.302s] [ext: omni.kit.audiodeviceenum-1.0.1] startup
[2.304s] [ext: omni.hydra.scene_delegate-0.3.3] startup
[2.311s] [ext: omni.usd-1.12.4] startup
[2.369s] [ext: omni.inspect-1.0.1] startup
[2.371s] [ext: omni.kit.notification_manager-1.0.9] startup
[2.373s] [ext: omni.graph.core-2.181.8] startup
[2.378s] [ext: isaacsim.core.deprecation_manager-0.2.2] startup
[2.379s] [ext: omni.usd.schema.omniscripting-1.0.0] startup
[2.386s] [ext: isaacsim.robot.schema-3.1.2] startup
[2.396s] [ext: omni.kit.asset_converter-2.8.3] startup
[2.414s] [ext: omni.kit.menu.core-1.1.2] startup
[2.414s] [ext: omni.kvdb-106.5.7] startup
[2.417s] [ext: omni.kit.widget.context_menu-1.2.4] startup
[2.418s] [ext: omni.kit.usd.layers-2.2.0] startup
[2.428s] [ext: omni.kit.property.adapter.core-1.0.2] startup
[2.431s] [ext: omni.localcache-106.5.7] startup
[2.433s] [ext: omni.convexdecomposition-106.5.7] startup
[2.440s] [ext: omni.warp.core-1.5.0] startup
[2.797s] [ext: omni.kit.context_menu-1.8.3] startup
[2.800s] [ext: omni.kit.hotkeys.core-1.3.10] startup
[2.805s] [ext: omni.kit.property.adapter.fabric-1.0.3] startup
[2.807s] [ext: omni.usdphysics-106.5.7] startup
[2.812s] [ext: omni.kit.widget.path_field-2.0.11] startup
[2.813s] [ext: omni.kit.widget.options_menu-1.1.6] startup
[2.817s] [ext: omni.kit.helper.file_utils-0.1.9] startup
[2.819s] [ext: omni.kit.widget.browser_bar-2.0.10] startup
[2.820s] [ext: omni.kit.widget.options_button-1.0.3] startup
[2.821s] [ext: omni.kit.widget.filebrowser-2.10.52] startup
[2.827s] [ext: omni.kit.clipboard-1.0.5] startup
[2.828s] [ext: omni.graph.tools-1.79.1] startup
[2.858s] [ext: omni.ui.scene-1.11.2] startup
[2.865s] [ext: omni.graph.image.core-0.6.0] startup
[2.867s] [ext: omni.kit.window.filepicker-2.11.7] startup
[2.882s] [ext: omni.kit.widget.searchfield-1.1.8] startup
[2.884s] [ext: omni.graph.image.nodes-1.3.0] startup
[2.888s] [ext: omni.graph-1.140.2] startup
[2.945s] [ext: omni.kit.window.file_exporter-1.0.31] startup
[2.948s] [ext: omni.kit.widget.filter-1.1.4] startup
[2.951s] [ext: omni.physx.foundation-106.5.7] startup
[2.954s] [ext: omni.graph.nodes-1.162.1] startup
[2.969s] [ext: omni.kit.widget.stage-2.11.6] startup
[2.984s] [ext: omni.hydra.rtx.shadercache.vulkan-1.0.0] startup
[2.987s] [ext: omni.hydra.engine.stats-1.0.3] startup
[2.991s] [ext: omni.graph.action_core-1.1.7] startup
[2.995s] [ext: omni.kit.widget.highlight_label-1.0.3] startup
[2.997s] [ext: omni.ujitso.processor.texture-1.0.0] startup
[2.999s] [ext: omni.index.libs-380600.1777.0] startup
[3.000s] [ext: omni.kit.window.file_importer-1.1.14] startup
[3.001s] [ext: omni.kit.stage_template.core-1.1.22] startup
[3.003s] [ext: omni.volume-0.5.0] startup
[3.013s] [ext: omni.ujitso.client-0.0.0] startup
[3.014s] [ext: omni.index-1.0.1] startup
[3.015s] [ext: omni.kit.window.file-1.3.57] startup
[3.019s] [ext: omni.hydra.rtx-1.0.0] startup
2026-06-21 05:31:10 [2,959ms] [Warning] [omni.log] Source: omni.hydra was already registered.
[3.054s] [ext: omni.kit.viewport.registry-104.0.6] startup
[3.054s] [ext: omni.kit.viewport.legacy_gizmos-1.0.16] startup
[3.058s] [ext: omni.kit.raycast.query-1.0.5] startup
[3.066s] [ext: omni.kit.viewport.scene_camera_model-1.0.5] startup
[3.074s] [ext: omni.kit.hydra_texture-1.4.0] startup
[3.079s] [ext: omni.kit.menu.utils-1.7.7] startup
[3.087s] [ext: omni.kit.window.drop_support-1.0.4] startup
[3.089s] [ext: omni.kit.widget.viewport-107.0.7] startup
[3.095s] [ext: omni.kit.material.library-1.5.15] startup
[3.101s] [ext: omni.kit.window.content_browser_registry-0.0.6] startup
[3.104s] [ext: omni.kit.viewport.window-107.0.8] startup
[3.133s] [ext: omni.graph.action_nodes-1.40.1] startup
[3.139s] [ext: omni.kit.window.property-1.11.5] startup
[3.148s] [ext: omni.kit.window.content_browser-2.10.3] startup
[3.197s] [ext: omni.kit.property.adapter.usd-1.0.2] startup
[3.209s] [ext: omni.kit.viewport.utility-1.0.18] startup
[3.216s] [ext: omni.graph.action-1.120.0] startup
[3.221s] [ext: omni.kit.property.usd-4.2.16] startup
[3.241s] [ext: omni.physx.cooking-106.5.7] startup
[3.254s] [ext: omni.kit.widget.stage_icons-1.0.6] startup
[3.257s] [ext: omni.kit.widget.zoombar-1.0.5] startup
[3.259s] [ext: omni.physics.tensors-106.5.7] startup
[3.269s] [ext: omni.kit.widget.prompt-1.0.7] startup
[3.272s] [ext: omni.kit.usd.collect-2.2.22] startup
[3.277s] [ext: omni.physx-106.5.7] startup
[3.295s] [ext: omni.kit.window.stage-2.5.11] startup
[3.302s] [ext: omni.kit.browser.core-2.3.11] startup
[3.308s] [ext: omni.kit.widget.text_editor-1.0.2] startup
[3.311s] [ext: omni.physx.tensors-106.5.7] startup
[3.321s] [ext: omni.kit.tool.collect-2.2.16] startup
[3.324s] [ext: omni.kit.menu.stage-1.2.5] startup
[3.326s] [ext: omni.kit.browser.folder.core-1.10.1] startup
[3.334s] [ext: omni.warp-1.5.0] startup
[3.342s] [ext: isaacsim.examples.browser-0.1.8] startup
[3.350s] [ext: omni.physx.stageupdate-106.5.7] startup
[3.356s] [ext: omni.kit.numpy.common-0.1.2] startup
[3.359s] [ext: isaacsim.core.version-2.0.2] startup
[3.361s] [ext: omni.isaac.dynamic_control-1.3.15] startup
2026-06-21 05:31:10 [3,300ms] [Warning] [omni.isaac.dynamic_control] omni.isaac.dynamic_control is deprecated as of Isaac Sim 4.5. No action is needed from end-users.
[3.373s] [ext: isaacsim.storage.native-1.0.6] startup
[3.377s] [ext: omni.kit.menu.create-1.0.17] startup
[3.382s] [ext: isaacsim.core.utils-2.2.8] startup
[3.387s] [ext: omni.kit.widget.searchable_combobox-1.0.6] startup
[3.392s] [ext: omni.kit.primitive.mesh-1.0.17] startup
[3.423s] [ext: isaacsim.core.simulation_manager-0.3.3] startup
[5.457s] [ext: omni.kit.scripting-106.5.2] startup
[5.466s] [ext: omni.kit.stage_templates-1.2.6] startup
[5.471s] [ext: isaacsim.core.prims-0.3.7] startup
[5.499s] [ext: isaacsim.replicator.behavior-1.0.8] startup
[5.502s] [ext: isaacsim.core.api-4.2.16] startup
[5.519s] [ext: omni.ui_query-1.1.7] startup
[5.523s] [ext: omni.kit.manipulator.viewport-107.0.1] startup
[5.527s] [ext: omni.kit.ui_test-1.3.3] startup
[5.530s] [ext: omni.kit.window.extensions-1.4.25] startup
[5.539s] [ext: omni.graph.visualization.nodes-2.1.1] startup
[5.550s] [ext: omni.kit.tool.asset_importer-2.12.2] startup
[5.575s] [ext: isaacsim.gui.components-1.0.9] startup
[5.584s] [ext: omni.kit.widget.settings-1.2.2] startup
[5.590s] [ext: omni.kit.widget.graph-1.12.17] startup
[5.603s] [ext: omni.kit.window.preferences-1.7.0] startup
[5.612s] [ext: omni.kit.graph.delegate.default-1.2.2] startup
[5.613s] [ext: omni.kit.viewport.menubar.core-107.1.2] startup
[5.631s] [ext: omni.kit.widget.material_preview-1.0.16] startup
[5.635s] [ext: omni.kit.graph.usd.commands-1.3.1] startup
[5.638s] [ext: omni.kit.graph.editor.core-1.5.3] startup
[5.646s] [ext: omni.syntheticdata-0.6.10] startup
[5.686s] [ext: omni.kit.window.material_graph-1.8.19] startup
[5.733s] [ext: omni.graph.scriptnode-1.40.1] startup
[5.737s] [ext: isaacsim.core.cloner-1.3.4] startup
[5.742s] [ext: omni.replicator.core-1.11.35] startup
2026-06-21 05:31:13 [5,797ms] [Warning] [omni.replicator.core.scripts.extension] No material configuration file, adding configuration to material settings directly.
[5.874s] [ext: omni.isaac.cloner-1.0.2] startup
2026-06-21 05:31:13 [5,806ms] [Warning] [omni.isaac.cloner] omni.isaac.cloner has been deprecated in favor of isaacsim.core.cloner. Please update your code accordingly.
[5.878s] [ext: isaacsim.core.nodes-2.1.4] startup
[5.891s] [ext: isaacsim.asset.importer.urdf-2.3.10] startup
[6.128s] [ext: omni.isaac.core-4.0.3] startup
2026-06-21 05:31:13 [6,061ms] [Warning] [omni.isaac.core.physics_context.physics_context] omni.isaac.core.physics_context.physics_context has been deprecated in favor of isaacsim.core.api.physics_context.physics_context. Please update your code accordingly.
2026-06-21 05:31:13 [6,062ms] [Warning] [omni.isaac.core.simulation_context.simulation_context] omni.isaac.core.simulation_context.simulation_context has been deprecated in favor of isaacsim.core.api.simulation_context.simulation_context. Please update your code accordingly.
2026-06-21 05:31:13 [6,064ms] [Warning] [omni.isaac.core.world.world] omni.isaac.core.world.world has been deprecated in favor of isaacsim.core.api.world.world. Please update your code accordingly.
2026-06-21 05:31:13 [6,064ms] [Warning] [omni.isaac.core] omni.isaac.core has been deprecated in favor of isaacsim.core.api. Please update your code accordingly.
[6.138s] [ext: omni.isaac.core_nodes-2.0.2] startup
2026-06-21 05:31:13 [6,073ms] [Warning] [omni.isaac.core_nodes] omni.isaac.core_nodes has been deprecated in favor of isaacsim.core.nodes. Please update your code accordingly.
[6.150s] [ext: omni.anim.curve.core-1.2.0] startup
[6.173s] [ext: isaacsim.robot_motion.lula-4.0.4] startup
[6.188s] [ext: isaacsim.asset.importer.mjcf-2.3.3] startup
[6.207s] [ext: isaacsim.robot_motion.motion_generation-8.0.6] startup
[6.226s] [ext: isaacsim.asset.browser-1.3.4] startup
[6.354s] [ext: isaacsim.robot.surface_gripper-2.0.6] startup
[6.360s] [ext: omni.kit.selection-0.1.5] startup
[6.366s] [ext: isaacsim.robot_motion.lula_test_widget-1.0.5] startup
[6.374s] [ext: omni.isaac.assets_check-0.3.9] startup
2026-06-21 05:31:13 [6,306ms] [Warning] [omni.isaac.assets_check] omni.isaac.assets_check has been deprecated in favor of isaacsim.asset.browser. Please update your code accordingly.
[6.378s] [ext: isaacsim.robot.manipulators-3.0.4] startup
[6.389s] [ext: isaacsim.sensors.physics-0.3.5] startup
[6.400s] [ext: isaacsim.gui.menu-2.0.9] startup
[6.430s] [ext: omni.isaac.lula_test_widget-1.0.2] startup
2026-06-21 05:31:13 [6,361ms] [Warning] [omni.isaac.lula_test_widget] omni.isaac.lula_test_widget has been deprecated in favor of isaacsim.robot_motion.lula_test_widget. Please update your code accordingly.
[6.433s] [ext: omni.sensors.nv.common-2.5.0-coreapi] startup
[6.454s] [ext: omni.isaac.manipulators-3.0.3] startup
2026-06-21 05:31:13 [6,383ms] [Warning] [omni.isaac.manipulators] omni.isaac.manipulators has been deprecated in favor of isaacsim.robot.manipulators. Please update your code accordingly.
2026-06-21 05:31:13 [6,383ms] [Warning] [omni.isaac.manipulators.controllers] omni.isaac.manipulators has been deprecated in favor of isaacsim.robot.manipulators. Please update your code accordingly.
2026-06-21 05:31:13 [6,384ms] [Warning] [omni.isaac.manipulators.controllers.pick_place_controller] omni.isaac.manipulators has been deprecated in favor of isaacsim.robot.manipulators. Please update your code accordingly.
2026-06-21 05:31:13 [6,384ms] [Warning] [omni.isaac.manipulators.controllers.stacking_controller] omni.isaac.manipulators has been deprecated in favor of isaacsim.robot.manipulators. Please update your code accordingly.
2026-06-21 05:31:13 [6,384ms] [Warning] [omni.isaac.manipulators.grippers] omni.isaac.manipulators has been deprecated in favor of isaacsim.robot.manipulators. Please update your code accordingly.
2026-06-21 05:31:13 [6,385ms] [Warning] [omni.isaac.manipulators.grippers.gripper] omni.isaac.manipulators has been deprecated in favor of isaacsim.robot.manipulators. Please update your code accordingly.
2026-06-21 05:31:13 [6,385ms] [Warning] [omni.isaac.manipulators.grippers.parallel_gripper] omni.isaac.manipulators has been deprecated in favor of isaacsim.robot.manipulators. Please update your code accordingly.
2026-06-21 05:31:13 [6,385ms] [Warning] [omni.isaac.manipulators.grippers.surface_gripper] omni.isaac.manipulators has been deprecated in favor of isaacsim.robot.manipulators. Please update your code accordingly.
2026-06-21 05:31:13 [6,385ms] [Warning] [omni.isaac.manipulators.manipulators] omni.isaac.manipulators has been deprecated in favor of isaacsim.robot.manipulators. Please update your code accordingly.
2026-06-21 05:31:13 [6,385ms] [Warning] [omni.isaac.manipulators.manipulators.single_manipulator] omni.isaac.manipulators has been deprecated in favor of isaacsim.robot.manipulators. Please update your code accordingly.
[6.457s] [ext: isaacsim.robot.policy.examples-4.0.3] startup
[6.462s] [ext: omni.isaac.menu-1.0.2] startup
2026-06-21 05:31:13 [6,393ms] [Warning] [omni.isaac.menu] omni.isaac.menu has been deprecated in favor of isaacsim.gui.menu. Please update your code accordingly.
[6.466s] [ext: omni.isaac.motion_generation-8.0.2] startup
2026-06-21 05:31:13 [6,397ms] [Warning] [omni.isaac.motion_generation] omni.isaac.motion_generation has been deprecated in favor of isaacsim.robot_motion.motion_generation. Please update your code accordingly.
2026-06-21 05:31:13 [6,397ms] [Warning] [omni.isaac.motion_generation.articulation_kinematics_solver] omni.isaac.motion_generation has been deprecated in favor of isaacsim.robot_motion.motion_generation. Please update your code accordingly.
2026-06-21 05:31:13 [6,398ms] [Warning] [omni.isaac.motion_generation.articulation_motion_policy] omni.isaac.motion_generation has been deprecated in favor of isaacsim.robot_motion.motion_generation. Please update your code accordingly.
2026-06-21 05:31:13 [6,398ms] [Warning] [omni.isaac.motion_generation.articulation_trajectory] omni.isaac.motion_generation has been deprecated in favor of isaacsim.robot_motion.motion_generation. Please update your code accordingly.
2026-06-21 05:31:13 [6,398ms] [Warning] [omni.isaac.motion_generation.kinematics_interface] omni.isaac.motion_generation has been deprecated in favor of isaacsim.robot_motion.motion_generation. Please update your code accordingly.
2026-06-21 05:31:13 [6,401ms] [Warning] [omni.isaac.motion_generation.lula] omni.isaac.motion_generation has been deprecated in favor of isaacsim.robot_motion.motion_generation. Please update your code accordingly.
2026-06-21 05:31:13 [6,401ms] [Warning] [omni.isaac.motion_generation.lula.kinematics] omni.isaac.motion_generation has been deprecated in favor of isaacsim.robot_motion.motion_generation. Please update your code accordingly.
2026-06-21 05:31:13 [6,402ms] [Warning] [omni.isaac.motion_generation.lula.motion_policies] omni.isaac.motion_generation has been deprecated in favor of isaacsim.robot_motion.motion_generation. Please update your code accordingly.
2026-06-21 05:31:13 [6,402ms] [Warning] [omni.isaac.motion_generation.lula.path_planners] omni.isaac.motion_generation has been deprecated in favor of isaacsim.robot_motion.motion_generation. Please update your code accordingly.
2026-06-21 05:31:13 [6,402ms] [Warning] [omni.isaac.motion_generation.lula.trajectory_generator] omni.isaac.motion_generation has been deprecated in favor of isaacsim.robot_motion.motion_generation. Please update your code accordingly.
2026-06-21 05:31:13 [6,402ms] [Warning] [omni.isaac.motion_generation.motion_policy_controller] omni.isaac.motion_generation has been deprecated in favor of isaacsim.robot_motion.motion_generation. Please update your code accordingly.
2026-06-21 05:31:13 [6,402ms] [Warning] [omni.isaac.motion_generation.motion_policy_interface] omni.isaac.motion_generation has been deprecated in favor of isaacsim.robot_motion.motion_generation. Please update your code accordingly.
2026-06-21 05:31:13 [6,402ms] [Warning] [omni.isaac.motion_generation.path_planner_visualizer] omni.isaac.motion_generation has been deprecated in favor of isaacsim.robot_motion.motion_generation. Please update your code accordingly.
2026-06-21 05:31:13 [6,402ms] [Warning] [omni.isaac.motion_generation.path_planning_interface] omni.isaac.motion_generation has been deprecated in favor of isaacsim.robot_motion.motion_generation. Please update your code accordingly.
2026-06-21 05:31:13 [6,403ms] [Warning] [omni.isaac.motion_generation.trajectory] omni.isaac.motion_generation has been deprecated in favor of isaacsim.robot_motion.motion_generation. Please update your code accordingly.
2026-06-21 05:31:13 [6,403ms] [Warning] [omni.isaac.motion_generation.world_interface] omni.isaac.motion_generation has been deprecated in favor of isaacsim.robot_motion.motion_generation. Please update your code accordingly.
[6.475s] [ext: omni.sensors.nv.materials-1.4.0-coreapi] startup
[6.480s] [ext: omni.isaac.nucleus-1.0.3] startup
2026-06-21 05:31:13 [6,410ms] [Warning] [omni.isaac.nucleus] omni.isaac.nucleus has been deprecated in favor of isaacsim.storage.native. Please update your code accordingly.
2026-06-21 05:31:13 [6,410ms] [Warning] [omni.isaac.nucleus.nucleus] omni.isaac.nucleus.nucleus has been deprecated in favor of isaacsim.storage.native. Please update your code accordingly.
[6.482s] [ext: omni.isaac.quadruped-3.0.2] startup
2026-06-21 05:31:13 [6,412ms] [Warning] [omni.isaac.quadruped] omni.isaac.quadruped has been deprecated in favor of isaacsim.robot.policy.examples. Please update your code accordingly.
[6.484s] [ext: omni.kit.manipulator.selector-1.1.1] startup
[6.489s] [ext: omni.sensors.nv.wpm-2.4.0-coreapi] startup
[6.493s] [ext: omni.sensors.nv.lidar-2.6.3-coreapi] startup
[6.502s] [ext: omni.sensors.nv.ids-1.4.0-coreapi] startup
[6.509s] [ext: isaacsim.robot.manipulators.examples-1.0.3] startup
[6.511s] [ext: isaacsim.util.debug_draw-2.0.2] startup
[6.519s] [ext: omni.sensors.tiled-0.0.6] startup
[6.522s] [ext: omni.sensors.nv.radar-2.6.1-coreapi] startup
[6.532s] [ext: omni.kit.widget.toolbar-1.7.3] startup
[6.543s] [ext: omni.kit.manipulator.transform-106.0.1] startup
[6.549s] [ext: isaacsim.sensors.physx-2.2.4] startup
[6.558s] [ext: isaacsim.sensors.rtx-13.6.3] startup
[6.569s] [ext: isaacsim.sensors.camera-0.2.9] startup
[6.583s] [ext: isaacsim.cortex.framework-1.0.2] startup
[6.589s] [ext: omni.kit.manipulator.tool.snap-1.5.12] startup
[6.618s] [ext: omni.isaac.range_sensor-4.0.2] startup
[6.621s] [ext: omni.isaac.surface_gripper-2.0.2] startup
2026-06-21 05:31:13 [6,553ms] [Warning] [omni.isaac.surface_gripper] omni.isaac.surface_gripper has been deprecated in favor of isaacsim.robot.surface_gripper. Please update your code accordingly.
[6.626s] [ext: omni.isaac.sensor-13.0.3] startup
2026-06-21 05:31:13 [6,557ms] [Warning] [omni.isaac.sensor] omni.isaac.sensor has been deprecated in favor of isaacsim.sensors.camera, isaacsim.sensors.physics, isaacsim.sensors.physx, and isaacsim.sensors.rtx. Please update your code accordingly.
2026-06-21 05:31:13 [6,557ms] [Warning] [omni.isaac.sensor.camera] omni.isaac.sensor.camera has been deprecated in favor of isaacsim.sensors.camera.camera. Please update your code accordingly.
2026-06-21 05:31:13 [6,558ms] [Warning] [omni.isaac.sensor.camera_view] omni.isaac.sensor.camera_view has been deprecated in favor of isaacsim.sensors.camera.camera_view. Please update your code accordingly.
2026-06-21 05:31:13 [6,558ms] [Warning] [omni.isaac.sensor.commands] omni.isaac.sensor.commands has been deprecated in favor of isaacsim.sensors.physics.commands, isaacsim.sensors.physx.commands, and isaacsim.sensors.rtx.commands. Please update your code accordingly.
2026-06-21 05:31:13 [6,558ms] [Warning] [omni.isaac.sensor.contact_sensor] omni.isaac.sensor.contact_sensor has been deprecated in favor of isaacsim.sensors.physics.contact_sensor. Please update your code accordingly.
2026-06-21 05:31:13 [6,558ms] [Warning] [omni.isaac.sensor.imu_sensor] omni.isaac.sensor.imu_sensor has been deprecated in favor of isaacsim.sensors.physics.imu_sensor. Please update your code accordingly.
2026-06-21 05:31:13 [6,558ms] [Warning] [omni.isaac.sensor.lidar_rtx] omni.isaac.sensor.lidar_rtx has been deprecated in favor of isaacsim.sensors.rtx.lidar_rtx. Please update your code accordingly.
2026-06-21 05:31:13 [6,559ms] [Warning] [omni.isaac.sensor.rotating_lidar_physX] omni.isaac.sensor.imu_sensor has been deprecated in favor of isaacsim.sensors.physix.rotating_lidar_physX. Please update your code accordingly.
2026-06-21 05:31:13 [6,559ms] [Warning] [omni.isaac.sensor.scripts.samples.contact_sensor] omni.isaac.sensor.scripts.samples.contact_sensor has been deprecated in favor of isaacsim.sensors.physics.scripts.samples.contact_sensor. Please update your code accordingly.
2026-06-21 05:31:13 [6,559ms] [Warning] [omni.isaac.sensor.scripts.samples.imu_sensor] omni.isaac.sensor.scripts.samples.imu_sensor has been deprecated in favor of isaacsim.sensors.physics.scripts.samples.imu_sensor. Please update your code accordingly.
2026-06-21 05:31:13 [6,560ms] [Warning] [omni.isaac.sensor.scripts.samples.lightbeam_sensor] omni.isaac.sensor.scripts.samples.lightbeam_sensor has been deprecated in favor of isaacsim.sensors.physx.scripts.samples.lightbeam_sensor. Please update your code accordingly.
[6.632s] [ext: omni.isaac.cortex-1.0.2] startup
2026-06-21 05:31:13 [6,564ms] [Warning] [omni.isaac.cortex] omni.isaac.cortex has been deprecated in favor of isaacsim.cortex.framework. Please update your code accordingly.
[6.636s] [ext: omni.kit.viewport.manipulator.transform-107.0.4] startup
[6.653s] [ext: omni.debugdraw-0.1.3] startup
[6.660s] [ext: omni.isaac.universal_robots-1.0.2] startup
2026-06-21 05:31:13 [6,589ms] [Warning] [omni.isaac.universal_robots] omni.isaac.universal_robots has been deprecated in favor of isaacsim.robot.manipulators.examples.universal_robots. Please update your code accordingly.
2026-06-21 05:31:13 [6,590ms] [Warning] [omni.isaac.universal_robots.kinematics_solver] omni.isaac.franka has been deprecated in favor of isaacsim.robot.manipulators.examples.universal_robots. Please update your code accordingly.
2026-06-21 05:31:13 [6,590ms] [Warning] [omni.isaac.universal_robots.ur10] omni.isaac.franka has been deprecated in favor of isaacsim.robot.manipulators.examples.universal_robots. Please update your code accordingly.
[6.662s] [ext: omni.isaac.utils-2.0.2] startup
[6.667s] [ext: omni.kit.manipulator.prim.core-107.0.7] startup
[6.680s] [ext: omni.fabric.commands-1.1.5] startup
[6.685s] [ext: omni.kit.manipulator.selection-106.0.1] startup
[6.688s] [ext: omni.kit.viewport.actions-107.0.0] startup
[6.696s] [ext: omni.kit.manipulator.prim.usd-107.0.3] startup
[6.699s] [ext: omni.kit.manipulator.prim.fabric-107.0.4] startup
[6.703s] [ext: isaacsim.cortex.behaviors-2.0.3] startup
[6.705s] [ext: omni.kit.widget.layers-1.8.2] startup
[6.728s] [ext: omni.kit.viewport.menubar.display-107.0.3] startup
[6.732s] [ext: omni.kit.manipulator.prim-107.0.0] startup
[6.734s] [ext: omni.isaac.cortex.sample_behaviors-2.0.2] startup
2026-06-21 05:31:13 [6,663ms] [Warning] [omni.isaac.cortex.sample_behaviors] omni.isaac.cortex.sample_behaviors has been deprecated in favor of isaacsim.cortex.behaviors. Please update your code accordingly.
[6.735s] [ext: omni.graph.ui_nodes-1.40.1] startup
[6.744s] [ext: omni.usdphysics.ui-106.5.7] startup
[6.791s] [ext: omni.physx.commands-106.5.7] startup
[6.798s] [ext: omni.kit.property.camera-1.0.9] startup
[6.801s] [ext: omni.hydra.scene_api-0.1.2] startup
[6.809s] [ext: omni.kit.property.geometry-1.3.3] startup
[6.815s] [ext: omni.kit.property.light-1.0.11] startup
[6.818s] [ext: omni.physx.ui-106.5.7] startup
[6.872s] [ext: omni.kit.property.material-1.10.17] startup
[6.883s] [ext: omni.kit.property.render-1.1.3] startup
[6.887s] [ext: omni.kit.property.transform-1.5.10] startup
[6.893s] [ext: omni.kit.property.audio-1.0.16] startup
[6.897s] [ext: isaacsim.gui.property-1.0.4] startup
[6.901s] [ext: omni.physx.demos-106.5.7] startup
[6.928s] [ext: omni.kit.property.physx-106.5.7] startup
[6.999s] [ext: omni.isaac.lula-4.0.2] startup
2026-06-21 05:31:14 [6,931ms] [Warning] [omni.isaac.lula] omni.isaac.lula has been deprecated in favor of isaacsim.robot_motion.lula. Please update your code accordingly.
[7.003s] [ext: omni.kit.property.bundle-1.3.2] startup
[7.007s] [ext: omni.kit.property.isaac-1.0.2] startup
2026-06-21 05:31:14 [6,937ms] [Warning] [omni.kit.property.isaac] omni.kit.property.isaac has been deprecated in favor of isaacsim.gui.property. Please update your code accordingly.
2026-06-21 05:31:14 [6,937ms] [Warning] [omni.kit.property.isaac.widgets] omni.kit.property.isaac.widgets has been deprecated in favor of isaacsim.gui.property.widgets. Please update your code accordingly.
[7.010s] [ext: omni.physx.vehicle-106.5.7] startup
[7.037s] [ext: omni.kit.viewport.menubar.camera-107.0.2] startup
[7.047s] [ext: omni.kit.viewport.menubar.lighting-106.0.2] startup
[7.053s] [ext: omni.kit.viewport.menubar.render-107.0.8] startup
[7.058s] [ext: omni.kit.viewport.menubar.settings-107.0.3] startup
[7.064s] [ext: omni.kit.window.console-0.2.14] startup
[7.080s] [ext: omni.physx.camera-106.5.7] startup
[7.096s] [ext: omni.kit.window.toolbar-1.6.2] startup
[7.104s] [ext: omni.isaac.version-2.0.2] startup
2026-06-21 05:31:14 [7,032ms] [Warning] [omni.isaac.version] omni.isaac.version has been deprecated in favor of isaacsim.core.version. Please update your code accordingly.
[7.106s] [ext: isaacsim.robot.wheeled_robots-4.0.3] startup
[7.114s] [ext: omni.physx.cct-106.5.7] startup
[7.139s] [ext: omni.physx.graph-106.5.7] startup
[7.186s] [ext: isaacsim.replicator.writers-1.0.1] startup
[7.240s] [ext: omni.physx.supportui-106.5.7] startup
[7.283s] [ext: omni.physx.telemetry-106.5.7] startup
[7.290s] [ext: omni.isaac.wheeled_robots-3.0.3] startup
2026-06-21 05:31:14 [7,220ms] [Warning] [omni.isaac.wheeled_robots] omni.isaac.wheeled_robots has been deprecated in favor of isaacsim.robot.wheeled_robots. Please update your code accordingly.
2026-06-21 05:31:14 [7,221ms] [Warning] [omni.isaac.wheeled_robots.controllers] omni.isaac.wheeled_robots has been deprecated in favor of isaacsim.robot.wheeled_robots. Please update your code accordingly.
2026-06-21 05:31:14 [7,221ms] [Warning] [omni.isaac.wheeled_robots.controllers.ackermann_controller] omni.isaac.wheeled_robots has been deprecated in favor of isaacsim.robot.wheeled_robots. Please update your code accordingly.
2026-06-21 05:31:14 [7,221ms] [Warning] [omni.isaac.wheeled_robots.controllers.differential_controller] omni.isaac.wheeled_robots has been deprecated in favor of isaacsim.robot.wheeled_robots. Please update your code accordingly.
2026-06-21 05:31:14 [7,221ms] [Warning] [omni.isaac.wheeled_robots.controllers.holonomic_controller] omni.isaac.wheeled_robots has been deprecated in favor of isaacsim.robot.wheeled_robots. Please update your code accordingly.
2026-06-21 05:31:14 [7,221ms] [Warning] [omni.isaac.wheeled_robots.controllers.quintic_path_planner] omni.isaac.wheeled_robots has been deprecated in favor of isaacsim.robot.wheeled_robots. Please update your code accordingly.
2026-06-21 05:31:14 [7,222ms] [Warning] [omni.isaac.wheeled_robots.controllers.stanley_control] omni.isaac.wheeled_robots has been deprecated in favor of isaacsim.robot.wheeled_robots. Please update your code accordingly.
2026-06-21 05:31:14 [7,222ms] [Warning] [omni.isaac.wheeled_robots.controllers.wheel_base_pose_controller] omni.isaac.wheeled_robots has been deprecated in favor of isaacsim.robot.wheeled_robots. Please update your code accordingly.
2026-06-21 05:31:14 [7,222ms] [Warning] [omni.isaac.wheeled_robots.impl] omni.isaac.wheeled_robots has been deprecated in favor of isaacsim.robot.wheeled_robots. Please update your code accordingly.
2026-06-21 05:31:14 [7,222ms] [Warning] [omni.isaac.wheeled_robots.robots] omni.isaac.wheeled_robots has been deprecated in favor of isaacsim.robot.wheeled_robots. Please update your code accordingly.
2026-06-21 05:31:14 [7,222ms] [Warning] [omni.isaac.wheeled_robots.robots.holonomic_robot_usd_setup] omni.isaac.wheeled_robots has been deprecated in favor of isaacsim.robot.wheeled_robots. Please update your code accordingly.
2026-06-21 05:31:14 [7,222ms] [Warning] [omni.isaac.wheeled_robots.robots.wheeled_robot] omni.isaac.wheeled_robots has been deprecated in favor of isaacsim.robot.wheeled_robots. Please update your code accordingly.
[7.294s] [ext: omni.isaac.franka-1.0.2] startup
2026-06-21 05:31:14 [7,227ms] [Warning] [omni.isaac.franka] omni.isaac.franka has been deprecated in favor of isaacsim.robot.manipulators.examples.franka. Please update your code accordingly.
2026-06-21 05:31:14 [7,227ms] [Warning] [omni.isaac.franka.franka] omni.isaac.franka has been deprecated in favor of isaacsim.robot.manipulators.examples.franka. Please update your code accordingly.
2026-06-21 05:31:14 [7,229ms] [Warning] [omni.isaac.franka.kinematics_solver] omni.isaac.franka has been deprecated in favor of isaacsim.robot.manipulators.examples.franka. Please update your code accordingly.
[7.301s] [ext: isaacsim.replicator.domain_randomization-1.0.2] startup
[7.308s] [ext: isaacsim.replicator.examples-1.1.2] startup
[7.313s] [ext: omni.kit.window.status_bar-0.1.7] startup
[7.331s] [ext: omni.rtx.window.settings-0.6.17] startup
[7.354s] [ext: omni.usd.metrics.assembler-106.5.0] startup
[7.367s] [ext: omni.physx.bundle-106.5.7] startup
[7.368s] [ext: isaacsim.app.about-2.0.7] startup
[7.369s] [ext: omni.replicator.isaac-2.0.3] startup
2026-06-21 05:31:14 [7,299ms] [Warning] [omni.replicator.isaac] omni.replicator.isaac has been deprecated in favor of isaacsim.replicator.domain_randomization, isaacsim.replicator.examples, isaacsim.replicator.writers. Please update your code accordingly.
[7.371s] [ext: omni.replicator.replicator_yaml-2.0.10] startup
[7.403s] [ext: omni.rtx.settings.core-0.6.3] startup
[7.415s] [ext: omni.usd.metrics.assembler.ui-106.5.0] startup
[7.426s] [ext: isaacsim.simulation_app-2.4.2] startup
[7.428s] [ext: omni.isaac.window.about-2.0.2] startup
2026-06-21 05:31:14 [7,358ms] [Warning] [omni.isaac.window.about] omni.isaac.window.about has been deprecated in favor of isaacsim.app.about. Please update your code accordingly.
2026-06-21 05:31:14 [7,358ms] [Warning] [omni.isaac.window.about.about] omni.isaac.window.about.about has been deprecated in favor of isaacsim.app.about.about. Please update your code accordingly.
[7.430s] [ext: semantics.schema.editor-0.3.10] startup
[7.435s] [ext: omni.kit.ui.actions-1.0.2] startup
[7.438s] [ext: semantics.schema.property-1.0.5] startup
[7.441s] [ext: omni.kit.manipulator.camera-106.0.3] startup
[7.447s] [ext: omni.isaac.kit-2.0.3] startup
2026-06-21 05:31:14 [7,377ms] [Warning] [omni.isaac.kit] omni.isaac.kit has been deprecated in favor of isaacsim.simulation_app. Please update your code accordingly.
[7.449s] [ext: omni.isaac.asset_browser-1.0.2] startup
2026-06-21 05:31:14 [7,378ms] [Warning] [omni.isaac.asset_browser] omni.isaac.asset_browser has been deprecated in favor of isaacsim.asset.browser. Please update your code accordingly.
[7.450s] [ext: isaacsim.core.throttling-2.0.2] startup
[7.453s] [ext: omni.kit.menu.common-1.1.9] startup
[7.456s] [ext: isaacsim.exp.base-4.5.0] startup
[7.458s] [ext: isaacsim.exp.base.python-4.5.0] startup
[7.461s] Simulation App Starting
[7.744s] app ready
2026-06-21 05:31:15 [7,797ms] [Warning] [rtx.scenedb.plugin] SceneDbContext : TLAS limit buffer size 7374781440
2026-06-21 05:31:15 [7,797ms] [Warning] [rtx.scenedb.plugin] SceneDbContext : TLAS limit : valid false, within: false
2026-06-21 05:31:15 [7,797ms] [Warning] [rtx.scenedb.plugin] SceneDbContext : TLAS limit : decrement: 167690, decrement size: 7301033856
2026-06-21 05:31:15 [7,797ms] [Warning] [rtx.scenedb.plugin] SceneDbContext : New limit 9748724 (slope: 439, intercept: 13179904)
2026-06-21 05:31:15 [7,797ms] [Warning] [rtx.scenedb.plugin] SceneDbContext : TLAS limit buffer size 4287352704
2026-06-21 05:31:15 [7,797ms] [Warning] [rtx.scenedb.plugin] SceneDbContext : TLAS limit : valid true, within: true
Starting kit application with the following args:  ['/srv/data/users/raditya/isaacsim/env_isaacsim/lib/python3.10/site-packages/isaacsim/exts/isaacsim.simulation_app/isaacsim/simulation_app/simulation_app.py', '/srv/data/users/raditya/isaacsim/env_isaacsim/lib/python3.10/site-packages/isaacsim/apps/isaacsim.exp.base.python.kit', '--/app/tokens/exe-path=/srv/data/users/raditya/isaacsim/env_isaacsim/lib/python3.10/site-packages/omni', '--/persistent/app/viewport/displayOptions=3094', '--/rtx/materialDb/syncLoads=True', '--/rtx/hydra/materialSyncLoads=True', '--/omni.kit.plugin/syncUsdLoads=True', '--/app/renderer/resolution/width=1280', '--/app/renderer/resolution/height=720', '--/app/window/width=1440', '--/app/window/height=900', '--/renderer/multiGpu/enabled=True', '--/app/fastShutdown=True', '--/app/installSignalHandlers=0', '--ext-folder', '/srv/data/users/raditya/isaacsim/env_isaacsim/lib/python3.10/site-packages/isaacsim/exts', '--ext-folder', '/srv/data/users/raditya/isaacsim/env_isaacsim/lib/python3.10/site-packages/isaacsim/apps', '--/physics/cudaDevice=0', '--portable', '--no-window', '--/app/window/hideUi=1']
Passing the following args to the base kit application:  []
Warp 1.5.0 initialized:
   CUDA Toolkit 11.8, Driver 12.6
   Devices:
     "cpu"      : "x86_64"
     "cuda:0"   : "NVIDIA RTX A6000" (47 GiB, sm_86, mempool enabled)
   Kernel cache:
     /srv/data/users/raditya/.cache/warp/1.5.0
>>> articulation root prim = /World/workcell/root_joint
>>> ROS2 bridge publishing /joint_states and /clock. Ctrl-C to stop.
>>> still publishing (step 120)
>>> still publishing (step 240)
>>> still publishing (step 360)
>>> still publishing (step 480)
>>> still publishing (step 600)
>>> still publishing (step 720)
>>> still publishing (step 840)
>>> still publishing (step 960)
>>> still publishing (step 1080)
>>> still publishing (step 1200)
>>> still publishing (step 1320)
>>> still publishing (step 1440)
>>> still publishing (step 1560)
>>> still publishing (step 1680)
>>> still publishing (step 1800)
>>> still publishing (step 1920)
>>> still publishing (step 2040)
>>> still publishing (step 2160)
>>> still publishing (step 2280)
>>> still publishing (step 2400)
>>> still publishing (step 2520)
>>> still publishing (step 2640)
>>> still publishing (step 2760)
>>> still publishing (step 2880)
>>> still publishing (step 3000)
>>> still publishing (step 3120)
>>> still publishing (step 3240)
>>> still publishing (step 3360)
>>> still publishing (step 3480)
>>> still publishing (step 3600)
>>> still publishing (step 3720)
>>> still publishing (step 3840)
>>> still publishing (step 3960)
>>> still publishing (step 4080)
>>> still publishing (step 4200)
>>> still publishing (step 4320)
>>> still publishing (step 4440)
>>> still publishing (step 4560)
>>> still publishing (step 4680)
>>> still publishing (step 4800)
>>> still publishing (step 4920)
>>> still publishing (step 5040)
>>> still publishing (step 5160)
>>> still publishing (step 5280)
>>> still publishing (step 5400)
>>> still publishing (step 5520)
>>> still publishing (step 5640)
>>> still publishing (step 5760)
>>> still publishing (step 5880)
>>> still publishing (step 6000)
>>> still publishing (step 6120)
>>> still publishing (step 6240)
>>> still publishing (step 6360)
>>> still publishing (step 6480)
>>> still publishing (step 6600)
>>> still publishing (step 6720)
>>> still publishing (step 6840)
>>> still publishing (step 6960)
>>> still publishing (step 7080)
>>> still publishing (step 7200)
>>> still publishing (step 7320)
>>> still publishing (step 7440)
>>> still publishing (step 7560)
>>> still publishing (step 7680)
>>> still publishing (step 7800)
>>> still publishing (step 7920)
>>> still publishing (step 8040)
>>> still publishing (step 8160)
>>> still publishing (step 8280)
>>> still publishing (step 8400)
>>> still publishing (step 8520)
>>> still publishing (step 8640)
>>> still publishing (step 8760)
>>> still publishing (step 8880)
>>> still publishing (step 9000)
>>> still publishing (step 9120)
>>> still publishing (step 9240)
>>> still publishing (step 9360)
>>> still publishing (step 9480)
>>> still publishing (step 9600)
>>> still publishing (step 9720)
>>> still publishing (step 9840)
>>> still publishing (step 9960)
>>> still publishing (step 10080)
>>> still publishing (step 10200)
>>> still publishing (step 10320)
>>> still publishing (step 10440)
>>> still publishing (step 10560)
>>> still publishing (step 10680)
>>> still publishing (step 10800)
>>> still publishing (step 10920)
>>> still publishing (step 11040)
>>> still publishing (step 11160)
>>> still publishing (step 11280)
>>> still publishing (step 11400)
>>> still publishing (step 11520)
>>> still publishing (step 11640)
>>> still publishing (step 11760)
>>> still publishing (step 11880)
>>> still publishing (step 12000)
>>> still publishing (step 12120)
>>> still publishing (step 12240)
>>> still publishing (step 12360)
>>> still publishing (step 12480)
>>> still publishing (step 12600)
>>> still publishing (step 12720)
>>> still publishing (step 12840)
>>> still publishing (step 12960)
>>> still publishing (step 13080)
>>> still publishing (step 13200)
>>> still publishing (step 13320)
>>> still publishing (step 13440)
>>> still publishing (step 13560)
>>> still publishing (step 13680)
>>> still publishing (step 13800)
>>> still publishing (step 13920)
>>> still publishing (step 14040)
>>> still publishing (step 14160)
>>> still publishing (step 14280)
>>> still publishing (step 14400)
>>> still publishing (step 14520)
>>> still publishing (step 14640)
>>> still publishing (step 14760)
>>> still publishing (step 14880)
>>> still publishing (step 15000)
>>> still publishing (step 15120)
>>> still publishing (step 15240)
>>> still publishing (step 15360)
>>> still publishing (step 15480)
>>> still publishing (step 15600)
>>> still publishing (step 15720)
>>> still publishing (step 15840)
>>> still publishing (step 15960)
>>> still publishing (step 16080)
>>> still publishing (step 16200)
>>> still publishing (step 16320)
>>> still publishing (step 16440)
>>> still publishing (step 16560)
>>> still publishing (step 16680)
>>> still publishing (step 16800)
>>> still publishing (step 16920)
>>> still publishing (step 17040)
>>> still publishing (step 17160)
>>> still publishing (step 17280)
>>> still publishing (step 17400)
>>> still publishing (step 17520)
>>> still publishing (step 17640)
>>> still publishing (step 17760)
>>> still publishing (step 17880)
>>> still publishing (step 18000)
>>> still publishing (step 18120)
>>> still publishing (step 18240)
>>> still publishing (step 18360)
>>> still publishing (step 18480)
>>> still publishing (step 18600)
>>> still publishing (step 18720)
>>> still publishing (step 18840)
>>> still publishing (step 18960)
>>> still publishing (step 19080)
>>> still publishing (step 19200)
>>> still publishing (step 19320)
>>> still publishing (step 19440)
>>> still publishing (step 19560)
>>> still publishing (step 19680)
>>> still publishing (step 19800)
>>> still publishing (step 19920)
>>> still publishing (step 20040)
>>> still publishing (step 20160)
>>> still publishing (step 20280)
>>> still publishing (step 20400)
>>> still publishing (step 20520)
>>> still publishing (step 20640)
>>> still publishing (step 20760)
>>> still publishing (step 20880)
>>> still publishing (step 21000)
>>> still publishing (step 21120)
>>> still publishing (step 21240)
>>> still publishing (step 21360)
>>> still publishing (step 21480)
>>> still publishing (step 21600)
>>> still publishing (step 21720)
>>> still publishing (step 21840)
>>> still publishing (step 21960)
>>> still publishing (step 22080)
>>> still publishing (step 22200)
>>> still publishing (step 22320)
>>> still publishing (step 22440)
>>> still publishing (step 22560)
>>> still publishing (step 22680)
>>> still publishing (step 22800)
>>> still publishing (step 22920)
>>> still publishing (step 23040)
>>> still publishing (step 23160)
>>> still publishing (step 23280)
>>> still publishing (step 23400)
>>> still publishing (step 23520)
>>> still publishing (step 23640)
>>> still publishing (step 23760)
>>> still publishing (step 23880)
>>> still publishing (step 24000)
>>> still publishing (step 24120)
>>> still publishing (step 24240)
>>> still publishing (step 24360)
>>> still publishing (step 24480)
>>> still publishing (step 24600)
>>> still publishing (step 24720)
>>> still publishing (step 24840)
>>> still publishing (step 24960)
>>> still publishing (step 25080)
>>> still publishing (step 25200)
>>> still publishing (step 25320)
>>> still publishing (step 25440)
>>> still publishing (step 25560)
>>> still publishing (step 25680)
>>> still publishing (step 25800)
>>> still publishing (step 25920)
>>> still publishing (step 26040)
>>> still publishing (step 26160)
>>> still publishing (step 26280)
>>> still publishing (step 26400)
>>> still publishing (step 26520)
>>> still publishing (step 26640)
>>> still publishing (step 26760)
>>> still publishing (step 26880)
>>> still publishing (step 27000)
>>> still publishing (step 27120)
>>> still publishing (step 27240)
>>> still publishing (step 27360)
>>> still publishing (step 27480)
>>> still publishing (step 27600)
>>> still publishing (step 27720)
>>> still publishing (step 27840)
>>> still publishing (step 27960)
>>> still publishing (step 28080)
>>> still publishing (step 28200)
>>> still publishing (step 28320)
>>> still publishing (step 28440)
>>> still publishing (step 28560)
>>> still publishing (step 28680)
>>> still publishing (step 28800)
>>> still publishing (step 28920)
>>> still publishing (step 29040)
>>> still publishing (step 29160)
>>> still publishing (step 29280)
>>> still publishing (step 29400)
>>> still publishing (step 29520)
>>> still publishing (step 29640)
>>> still publishing (step 29760)
>>> still publishing (step 29880)
>>> still publishing (step 30000)
>>> still publishing (step 30120)
>>> still publishing (step 30240)
>>> still publishing (step 30360)
>>> still publishing (step 30480)
>>> still publishing (step 30600)
>>> still publishing (step 30720)
>>> still publishing (step 30840)
>>> still publishing (step 30960)
>>> still publishing (step 31080)
>>> still publishing (step 31200)
>>> still publishing (step 31320)
>>> still publishing (step 31440)
>>> still publishing (step 31560)
>>> still publishing (step 31680)
>>> still publishing (step 31800)
>>> still publishing (step 31920)
>>> still publishing (step 32040)
>>> still publishing (step 32160)
>>> still publishing (step 32280)
>>> still publishing (step 32400)
>>> still publishing (step 32520)
>>> still publishing (step 32640)
>>> still publishing (step 32760)
>>> still publishing (step 32880)
>>> still publishing (step 33000)
>>> still publishing (step 33120)
>>> still publishing (step 33240)
>>> still publishing (step 33360)
>>> still publishing (step 33480)
>>> still publishing (step 33600)
