[Warning] [simulation_app.simulation_app] Modules: ['omni.kit_app'] were loaded before SimulationApp was started and might not be loaded correctly.
[Warning] [simulation_app.simulation_app] Please check to make sure no extra omniverse or pxr modules are imported before the call to SimulationApp(...)
[Info] [carb] Logging to file: /srv/data/users/raditya/isaacsim/env_isaacsim/lib/python3.10/site-packages/omni/logs/Kit/Isaac-Sim Python/4.5/kit_20260621_123325.log
2026-06-21 03:33:25 [0ms] [Warning] [omni.kit.app.plugin] No crash reporter present, dumps uploading isn't available.
[0.149s] [ext: omni.kit.async_engine-0.0.1] startup
[0.463s] [ext: omni.metrics.core-0.0.1] startup
[0.464s] [ext: omni.client.lib-1.0.0] startup
[0.524s] [ext: omni.blobkey-1.1.2] startup
[0.524s] [ext: omni.stats-1.0.1] startup
[0.526s] [ext: omni.datastore-0.0.0] startup
[0.539s] [ext: omni.client-1.2.2] startup
[0.549s] [ext: omni.ujitso.default-1.0.0] startup
[0.553s] [ext: omni.hsscclient-1.1.1] startup
2026-06-21 03:33:25 [478ms] [Warning] [omni.datastore] OmniHub is inaccessible
[0.563s] [ext: omni.gpu_foundation.shadercache.vulkan-1.0.0] startup
[0.571s] [ext: omni.assets.plugins-0.0.0] startup
[0.575s] [ext: omni.gpu_foundation-0.0.0] startup
[0.647s] [ext: carb.windowing.plugins-1.0.0] startup
[0.686s] [ext: omni.kit.renderer.init-0.0.0] startup

|---------------------------------------------------------------------------------------------|
| Driver Version: 560.28.03     | Graphics API: Vulkan
|=============================================================================================|
| GPU | Name                             | Active | LDA | GPU Memory | Vendor-ID | LUID       |
|     |                                  |        |     |            | Device-ID | UUID       |
|     |                                  |        |     |            | Bus-ID    |            |
|---------------------------------------------------------------------------------------------|
| 0   | NVIDIA RTX A6000                 | Yes: 0 |     | 49386   MB | 10de      | 0          |
|     |                                  |        |     |            | 2230      | 0652a9b7.. |
|     |                                  |        |     |            | 3b        |            |
|=============================================================================================|
| OS: 22.04.5 LTS (Jammy Jellyfish) ubuntu, Version: 22.04.5, Kernel: 6.8.0-124-generic
| XServer Vendor: The X.Org Foundation, XServer Version: 12101004 (1.21.1.4)
| Processor: Intel(R) Xeon(R) Silver 4216 CPU @ 2.10GHz
| Cores: 32 | Logical Cores: 64
|---------------------------------------------------------------------------------------------|
| Total Memory (MB): 96267 | Free Memory: 78620
| Total Page/Swap (MB): 2048 | Free Page/Swap: 1129
|---------------------------------------------------------------------------------------------|
[1.740s] [ext: omni.kit.pipapi-0.0.0] startup
[1.743s] [ext: omni.materialx.libs-1.0.6] startup
[1.759s] [ext: omni.kit.pip_archive-0.0.0] startup
[1.760s] [ext: omni.usd.config-1.0.5] startup
[1.767s] [ext: omni.gpucompute.plugins-0.0.0] startup
[1.768s] [ext: omni.usd.libs-1.0.1] startup
[1.937s] [ext: omni.mdl-55.0.1] startup
[1.982s] [ext: omni.iray.libs-0.0.0] startup
[1.991s] [ext: omni.mdl.neuraylib-0.2.10] startup
[1.994s] [ext: omni.kit.usd.mdl-1.0.7] startup
[2.206s] [ext: omni.kit.telemetry-0.5.1] startup
[2.252s] [ext: omni.kit.loop-isaac-1.2.1] startup
[2.255s] [ext: omni.kit.test-1.1.2] startup
[2.347s] [ext: omni.appwindow-1.1.9] startup
[2.351s] [ext: omni.kit.renderer.core-1.0.2] startup
[2.392s] [ext: omni.kit.renderer.capture-0.0.0] startup
[2.396s] [ext: omni.kit.renderer.imgui-1.0.2] startup
[2.532s] [ext: omni.ui-2.26.5] startup
[2.553s] [ext: omni.kit.mainwindow-1.0.3] startup
[2.555s] [ext: carb.audio-0.1.0] startup
[2.565s] [ext: omni.uiaudio-1.0.0] startup
[2.567s] [ext: omni.kit.uiapp-0.0.0] startup
[2.567s] [ext: omni.usd.schema.metrics.assembler-106.5.0] startup
[2.586s] [ext: omni.usd.schema.anim-0.0.0] startup
[2.627s] [ext: omni.usd.schema.audio-0.0.0] startup
[2.634s] [ext: omni.usd.schema.isaac-3.0.2] startup
[2.634s] [ext: omni.usd.schema.omnigraph-1.0.0] startup
[2.645s] [ext: omni.usd.schema.forcefield-106.5.7] startup
[2.665s] [ext: omni.usd.schema.semantics-0.0.0] startup
[2.670s] [ext: omni.usd.schema.physx-106.5.7] startup
[2.721s] [ext: omni.usd.schema.geospatial-0.0.0] startup
[2.726s] [ext: omni.usd_resolver-1.0.0] startup
[2.733s] [ext: omni.kit.window.popup_dialog-2.0.24] startup
[2.741s] [ext: usdrt.scenegraph-7.5.1] startup
[2.825s] [ext: omni.timeline-1.0.11] startup
[2.828s] [ext: omni.usd.core-1.4.2] startup
[2.834s] [ext: omni.resourcemonitor-107.0.0] startup
[2.837s] [ext: omni.activity.core-1.0.1] startup
[2.840s] [ext: omni.kit.widget.nucleus_connector-1.1.10] startup
[2.843s] [ext: omni.hydra.usdrt_delegate-7.5.1] startup
[2.864s] [ext: omni.kit.actions.core-1.0.0] startup
[2.868s] [ext: omni.graph.exec-0.9.4] startup
[2.869s] [ext: omni.kit.commands-1.4.9] startup
[2.876s] [ext: omni.kit.usd_undo-0.1.8] startup
[2.876s] [ext: omni.kit.exec.core-0.13.4] startup
[2.881s] [ext: omni.kit.audiodeviceenum-1.0.1] startup
[2.883s] [ext: omni.hydra.scene_delegate-0.3.3] startup
[2.893s] [ext: omni.usd-1.12.4] startup
[2.973s] [ext: omni.inspect-1.0.1] startup
[2.976s] [ext: omni.kit.notification_manager-1.0.9] startup
[2.979s] [ext: omni.graph.core-2.181.8] startup
[2.985s] [ext: isaacsim.core.deprecation_manager-0.2.2] startup
[2.986s] [ext: omni.usd.schema.omniscripting-1.0.0] startup
[2.996s] [ext: isaacsim.robot.schema-3.1.2] startup
[3.011s] [ext: omni.kit.asset_converter-2.8.3] startup
[3.034s] [ext: omni.kit.menu.core-1.1.2] startup
[3.035s] [ext: omni.kvdb-106.5.7] startup
[3.038s] [ext: omni.kit.widget.context_menu-1.2.4] startup
[3.040s] [ext: omni.kit.usd.layers-2.2.0] startup
[3.055s] [ext: omni.kit.property.adapter.core-1.0.2] startup
[3.059s] [ext: omni.localcache-106.5.7] startup
[3.062s] [ext: omni.convexdecomposition-106.5.7] startup
[3.072s] [ext: omni.warp.core-1.5.0] startup
[3.380s] [ext: omni.kit.context_menu-1.8.3] startup
[3.383s] [ext: omni.kit.hotkeys.core-1.3.10] startup
[3.388s] [ext: omni.kit.property.adapter.fabric-1.0.3] startup
[3.389s] [ext: omni.usdphysics-106.5.7] startup
[3.395s] [ext: omni.kit.widget.path_field-2.0.11] startup
[3.396s] [ext: omni.kit.widget.options_menu-1.1.6] startup
[3.400s] [ext: omni.kit.helper.file_utils-0.1.9] startup
[3.402s] [ext: omni.kit.widget.browser_bar-2.0.10] startup
[3.403s] [ext: omni.kit.widget.options_button-1.0.3] startup
[3.404s] [ext: omni.kit.widget.filebrowser-2.10.52] startup
[3.410s] [ext: omni.kit.clipboard-1.0.5] startup
[3.412s] [ext: omni.graph.tools-1.79.1] startup
[3.457s] [ext: omni.ui.scene-1.11.2] startup
[3.466s] [ext: omni.graph.image.core-0.6.0] startup
[3.469s] [ext: omni.kit.window.filepicker-2.11.7] startup
[3.491s] [ext: omni.kit.widget.searchfield-1.1.8] startup
[3.493s] [ext: omni.graph.image.nodes-1.3.0] startup
[3.499s] [ext: omni.graph-1.140.2] startup
[3.587s] [ext: omni.kit.window.file_exporter-1.0.31] startup
[3.592s] [ext: omni.kit.widget.filter-1.1.4] startup
[3.596s] [ext: omni.physx.foundation-106.5.7] startup
[3.599s] [ext: omni.graph.nodes-1.162.1] startup
[3.615s] [ext: omni.kit.widget.stage-2.11.6] startup
[3.631s] [ext: omni.hydra.rtx.shadercache.vulkan-1.0.0] startup
[3.635s] [ext: omni.hydra.engine.stats-1.0.3] startup
[3.639s] [ext: omni.graph.action_core-1.1.7] startup
[3.644s] [ext: omni.kit.widget.highlight_label-1.0.3] startup
[3.647s] [ext: omni.ujitso.processor.texture-1.0.0] startup
[3.649s] [ext: omni.index.libs-380600.1777.0] startup
[3.650s] [ext: omni.kit.window.file_importer-1.1.14] startup
[3.652s] [ext: omni.kit.stage_template.core-1.1.22] startup
[3.655s] [ext: omni.volume-0.5.0] startup
[3.667s] [ext: omni.ujitso.client-0.0.0] startup
[3.668s] [ext: omni.index-1.0.1] startup
[3.670s] [ext: omni.kit.window.file-1.3.57] startup
[3.676s] [ext: omni.hydra.rtx-1.0.0] startup
2026-06-21 03:33:28 [3,615ms] [Warning] [omni.log] Source: omni.hydra was already registered.
[3.726s] [ext: omni.kit.viewport.registry-104.0.6] startup
[3.727s] [ext: omni.kit.viewport.legacy_gizmos-1.0.16] startup
[3.733s] [ext: omni.kit.raycast.query-1.0.5] startup
[3.744s] [ext: omni.kit.viewport.scene_camera_model-1.0.5] startup
[3.755s] [ext: omni.kit.hydra_texture-1.4.0] startup
[3.762s] [ext: omni.kit.menu.utils-1.7.7] startup
[3.774s] [ext: omni.kit.window.drop_support-1.0.4] startup
[3.776s] [ext: omni.kit.widget.viewport-107.0.7] startup
[3.784s] [ext: omni.kit.material.library-1.5.15] startup
[3.794s] [ext: omni.kit.window.content_browser_registry-0.0.6] startup
[3.797s] [ext: omni.kit.viewport.window-107.0.8] startup
[3.840s] [ext: omni.graph.action_nodes-1.40.1] startup
[3.849s] [ext: omni.kit.window.property-1.11.5] startup
[3.864s] [ext: omni.kit.window.content_browser-2.10.3] startup
[3.954s] [ext: omni.kit.property.adapter.usd-1.0.2] startup
[3.958s] [ext: omni.kit.viewport.utility-1.0.18] startup
[3.961s] [ext: omni.graph.action-1.120.0] startup
[3.963s] [ext: omni.kit.property.usd-4.2.16] startup
[3.985s] [ext: omni.physx.cooking-106.5.7] startup
[4.003s] [ext: omni.kit.widget.stage_icons-1.0.6] startup
[4.006s] [ext: omni.kit.widget.zoombar-1.0.5] startup
[4.008s] [ext: omni.physics.tensors-106.5.7] startup
[4.024s] [ext: omni.kit.widget.prompt-1.0.7] startup
[4.027s] [ext: omni.kit.usd.collect-2.2.22] startup
[4.033s] [ext: omni.physx-106.5.7] startup
[4.059s] [ext: omni.kit.window.stage-2.5.11] startup
[4.068s] [ext: omni.kit.browser.core-2.3.11] startup
[4.077s] [ext: omni.kit.widget.text_editor-1.0.2] startup
[4.080s] [ext: omni.physx.tensors-106.5.7] startup
[4.092s] [ext: omni.kit.tool.collect-2.2.16] startup
[4.096s] [ext: omni.kit.menu.stage-1.2.5] startup
[4.099s] [ext: omni.kit.browser.folder.core-1.10.1] startup
[4.110s] [ext: omni.warp-1.5.0] startup
[4.122s] [ext: isaacsim.examples.browser-0.1.8] startup
[4.133s] [ext: omni.physx.stageupdate-106.5.7] startup
[4.141s] [ext: omni.kit.numpy.common-0.1.2] startup
[4.145s] [ext: isaacsim.core.version-2.0.2] startup
[4.148s] [ext: omni.isaac.dynamic_control-1.3.15] startup
2026-06-21 03:33:29 [4,084ms] [Warning] [omni.isaac.dynamic_control] omni.isaac.dynamic_control is deprecated as of Isaac Sim 4.5. No action is needed from end-users.
[4.163s] [ext: isaacsim.storage.native-1.0.6] startup
[4.168s] [ext: omni.kit.menu.create-1.0.17] startup
[4.175s] [ext: isaacsim.core.utils-2.2.8] startup
[4.182s] [ext: omni.kit.widget.searchable_combobox-1.0.6] startup
[4.190s] [ext: omni.kit.primitive.mesh-1.0.17] startup
[4.220s] [ext: isaacsim.core.simulation_manager-0.3.3] startup
[7.070s] [ext: omni.kit.scripting-106.5.2] startup
[7.082s] [ext: omni.kit.stage_templates-1.2.6] startup
[7.087s] [ext: isaacsim.core.prims-0.3.7] startup
[7.117s] [ext: isaacsim.replicator.behavior-1.0.8] startup
[7.120s] [ext: isaacsim.core.api-4.2.16] startup
[7.136s] [ext: omni.ui_query-1.1.7] startup
[7.140s] [ext: omni.kit.manipulator.viewport-107.0.1] startup
[7.144s] [ext: omni.kit.ui_test-1.3.3] startup
[7.148s] [ext: omni.kit.window.extensions-1.4.25] startup
[7.158s] [ext: omni.graph.visualization.nodes-2.1.1] startup
[7.171s] [ext: omni.kit.tool.asset_importer-2.12.2] startup
[7.203s] [ext: isaacsim.gui.components-1.0.9] startup
[7.216s] [ext: omni.kit.widget.settings-1.2.2] startup
[7.227s] [ext: omni.kit.widget.graph-1.12.17] startup
[7.239s] [ext: omni.kit.window.preferences-1.7.0] startup
[7.254s] [ext: omni.kit.graph.delegate.default-1.2.2] startup
[7.256s] [ext: omni.kit.viewport.menubar.core-107.1.2] startup
[7.288s] [ext: omni.kit.widget.material_preview-1.0.16] startup
[7.294s] [ext: omni.kit.graph.usd.commands-1.3.1] startup
[7.297s] [ext: omni.kit.graph.editor.core-1.5.3] startup
[7.303s] [ext: omni.syntheticdata-0.6.10] startup
[7.373s] [ext: omni.kit.window.material_graph-1.8.19] startup
[7.451s] [ext: omni.graph.scriptnode-1.40.1] startup
[7.456s] [ext: isaacsim.core.cloner-1.3.4] startup
[7.460s] [ext: omni.replicator.core-1.11.35] startup
2026-06-21 03:33:32 [7,538ms] [Warning] [omni.replicator.core.scripts.extension] No material configuration file, adding configuration to material settings directly.
[7.619s] [ext: omni.isaac.cloner-1.0.2] startup
2026-06-21 03:33:32 [7,546ms] [Warning] [omni.isaac.cloner] omni.isaac.cloner has been deprecated in favor of isaacsim.core.cloner. Please update your code accordingly.
[7.624s] [ext: isaacsim.core.nodes-2.1.4] startup
[7.638s] [ext: isaacsim.asset.importer.urdf-2.3.10] startup
[7.856s] [ext: omni.isaac.core-4.0.3] startup
2026-06-21 03:33:32 [7,783ms] [Warning] [omni.isaac.core.physics_context.physics_context] omni.isaac.core.physics_context.physics_context has been deprecated in favor of isaacsim.core.api.physics_context.physics_context. Please update your code accordingly.
2026-06-21 03:33:32 [7,784ms] [Warning] [omni.isaac.core.simulation_context.simulation_context] omni.isaac.core.simulation_context.simulation_context has been deprecated in favor of isaacsim.core.api.simulation_context.simulation_context. Please update your code accordingly.
2026-06-21 03:33:32 [7,785ms] [Warning] [omni.isaac.core.world.world] omni.isaac.core.world.world has been deprecated in favor of isaacsim.core.api.world.world. Please update your code accordingly.
2026-06-21 03:33:32 [7,785ms] [Warning] [omni.isaac.core] omni.isaac.core has been deprecated in favor of isaacsim.core.api. Please update your code accordingly.
[7.865s] [ext: omni.isaac.core_nodes-2.0.2] startup
2026-06-21 03:33:32 [7,791ms] [Warning] [omni.isaac.core_nodes] omni.isaac.core_nodes has been deprecated in favor of isaacsim.core.nodes. Please update your code accordingly.
[7.869s] [ext: omni.anim.curve.core-1.2.0] startup
[7.913s] [ext: isaacsim.robot_motion.lula-4.0.4] startup
[7.932s] [ext: isaacsim.asset.importer.mjcf-2.3.3] startup
[7.943s] [ext: isaacsim.robot_motion.motion_generation-8.0.6] startup
[7.969s] [ext: isaacsim.asset.browser-1.3.4] startup
[8.081s] [ext: isaacsim.robot.surface_gripper-2.0.6] startup
[8.087s] [ext: omni.kit.selection-0.1.5] startup
[8.092s] [ext: isaacsim.robot_motion.lula_test_widget-1.0.5] startup
[8.099s] [ext: omni.isaac.assets_check-0.3.9] startup
2026-06-21 03:33:33 [8,026ms] [Warning] [omni.isaac.assets_check] omni.isaac.assets_check has been deprecated in favor of isaacsim.asset.browser. Please update your code accordingly.
[8.104s] [ext: isaacsim.robot.manipulators-3.0.4] startup
[8.115s] [ext: isaacsim.sensors.physics-0.3.5] startup
[8.127s] [ext: isaacsim.gui.menu-2.0.9] startup
[8.155s] [ext: omni.isaac.lula_test_widget-1.0.2] startup
2026-06-21 03:33:33 [8,082ms] [Warning] [omni.isaac.lula_test_widget] omni.isaac.lula_test_widget has been deprecated in favor of isaacsim.robot_motion.lula_test_widget. Please update your code accordingly.
[8.163s] [ext: omni.sensors.nv.common-2.5.0-coreapi] startup
[8.184s] [ext: omni.isaac.manipulators-3.0.3] startup
2026-06-21 03:33:33 [8,109ms] [Warning] [omni.isaac.manipulators] omni.isaac.manipulators has been deprecated in favor of isaacsim.robot.manipulators. Please update your code accordingly.
2026-06-21 03:33:33 [8,109ms] [Warning] [omni.isaac.manipulators.controllers] omni.isaac.manipulators has been deprecated in favor of isaacsim.robot.manipulators. Please update your code accordingly.
2026-06-21 03:33:33 [8,109ms] [Warning] [omni.isaac.manipulators.controllers.pick_place_controller] omni.isaac.manipulators has been deprecated in favor of isaacsim.robot.manipulators. Please update your code accordingly.
2026-06-21 03:33:33 [8,110ms] [Warning] [omni.isaac.manipulators.controllers.stacking_controller] omni.isaac.manipulators has been deprecated in favor of isaacsim.robot.manipulators. Please update your code accordingly.
2026-06-21 03:33:33 [8,110ms] [Warning] [omni.isaac.manipulators.grippers] omni.isaac.manipulators has been deprecated in favor of isaacsim.robot.manipulators. Please update your code accordingly.
2026-06-21 03:33:33 [8,110ms] [Warning] [omni.isaac.manipulators.grippers.gripper] omni.isaac.manipulators has been deprecated in favor of isaacsim.robot.manipulators. Please update your code accordingly.
2026-06-21 03:33:33 [8,110ms] [Warning] [omni.isaac.manipulators.grippers.parallel_gripper] omni.isaac.manipulators has been deprecated in favor of isaacsim.robot.manipulators. Please update your code accordingly.
2026-06-21 03:33:33 [8,110ms] [Warning] [omni.isaac.manipulators.grippers.surface_gripper] omni.isaac.manipulators has been deprecated in favor of isaacsim.robot.manipulators. Please update your code accordingly.
2026-06-21 03:33:33 [8,111ms] [Warning] [omni.isaac.manipulators.manipulators] omni.isaac.manipulators has been deprecated in favor of isaacsim.robot.manipulators. Please update your code accordingly.
2026-06-21 03:33:33 [8,111ms] [Warning] [omni.isaac.manipulators.manipulators.single_manipulator] omni.isaac.manipulators has been deprecated in favor of isaacsim.robot.manipulators. Please update your code accordingly.
[8.188s] [ext: isaacsim.robot.policy.examples-4.0.3] startup
[8.194s] [ext: omni.isaac.menu-1.0.2] startup
2026-06-21 03:33:33 [8,121ms] [Warning] [omni.isaac.menu] omni.isaac.menu has been deprecated in favor of isaacsim.gui.menu. Please update your code accordingly.
[8.198s] [ext: omni.isaac.motion_generation-8.0.2] startup
2026-06-21 03:33:33 [8,124ms] [Warning] [omni.isaac.motion_generation] omni.isaac.motion_generation has been deprecated in favor of isaacsim.robot_motion.motion_generation. Please update your code accordingly.
2026-06-21 03:33:33 [8,125ms] [Warning] [omni.isaac.motion_generation.articulation_kinematics_solver] omni.isaac.motion_generation has been deprecated in favor of isaacsim.robot_motion.motion_generation. Please update your code accordingly.
2026-06-21 03:33:33 [8,125ms] [Warning] [omni.isaac.motion_generation.articulation_motion_policy] omni.isaac.motion_generation has been deprecated in favor of isaacsim.robot_motion.motion_generation. Please update your code accordingly.
2026-06-21 03:33:33 [8,126ms] [Warning] [omni.isaac.motion_generation.articulation_trajectory] omni.isaac.motion_generation has been deprecated in favor of isaacsim.robot_motion.motion_generation. Please update your code accordingly.
2026-06-21 03:33:33 [8,126ms] [Warning] [omni.isaac.motion_generation.kinematics_interface] omni.isaac.motion_generation has been deprecated in favor of isaacsim.robot_motion.motion_generation. Please update your code accordingly.
2026-06-21 03:33:33 [8,126ms] [Warning] [omni.isaac.motion_generation.lula] omni.isaac.motion_generation has been deprecated in favor of isaacsim.robot_motion.motion_generation. Please update your code accordingly.
2026-06-21 03:33:33 [8,130ms] [Warning] [omni.isaac.motion_generation.lula.kinematics] omni.isaac.motion_generation has been deprecated in favor of isaacsim.robot_motion.motion_generation. Please update your code accordingly.
2026-06-21 03:33:33 [8,130ms] [Warning] [omni.isaac.motion_generation.lula.motion_policies] omni.isaac.motion_generation has been deprecated in favor of isaacsim.robot_motion.motion_generation. Please update your code accordingly.
2026-06-21 03:33:33 [8,130ms] [Warning] [omni.isaac.motion_generation.lula.path_planners] omni.isaac.motion_generation has been deprecated in favor of isaacsim.robot_motion.motion_generation. Please update your code accordingly.
2026-06-21 03:33:33 [8,131ms] [Warning] [omni.isaac.motion_generation.lula.trajectory_generator] omni.isaac.motion_generation has been deprecated in favor of isaacsim.robot_motion.motion_generation. Please update your code accordingly.
2026-06-21 03:33:33 [8,131ms] [Warning] [omni.isaac.motion_generation.motion_policy_controller] omni.isaac.motion_generation has been deprecated in favor of isaacsim.robot_motion.motion_generation. Please update your code accordingly.
2026-06-21 03:33:33 [8,131ms] [Warning] [omni.isaac.motion_generation.motion_policy_interface] omni.isaac.motion_generation has been deprecated in favor of isaacsim.robot_motion.motion_generation. Please update your code accordingly.
2026-06-21 03:33:33 [8,131ms] [Warning] [omni.isaac.motion_generation.path_planner_visualizer] omni.isaac.motion_generation has been deprecated in favor of isaacsim.robot_motion.motion_generation. Please update your code accordingly.
2026-06-21 03:33:33 [8,131ms] [Warning] [omni.isaac.motion_generation.path_planning_interface] omni.isaac.motion_generation has been deprecated in favor of isaacsim.robot_motion.motion_generation. Please update your code accordingly.
2026-06-21 03:33:33 [8,131ms] [Warning] [omni.isaac.motion_generation.trajectory] omni.isaac.motion_generation has been deprecated in favor of isaacsim.robot_motion.motion_generation. Please update your code accordingly.
2026-06-21 03:33:33 [8,131ms] [Warning] [omni.isaac.motion_generation.world_interface] omni.isaac.motion_generation has been deprecated in favor of isaacsim.robot_motion.motion_generation. Please update your code accordingly.
[8.209s] [ext: omni.sensors.nv.materials-1.4.0-coreapi] startup
[8.215s] [ext: omni.isaac.nucleus-1.0.3] startup
2026-06-21 03:33:33 [8,139ms] [Warning] [omni.isaac.nucleus] omni.isaac.nucleus has been deprecated in favor of isaacsim.storage.native. Please update your code accordingly.
2026-06-21 03:33:33 [8,139ms] [Warning] [omni.isaac.nucleus.nucleus] omni.isaac.nucleus.nucleus has been deprecated in favor of isaacsim.storage.native. Please update your code accordingly.
[8.217s] [ext: omni.isaac.quadruped-3.0.2] startup
2026-06-21 03:33:33 [8,141ms] [Warning] [omni.isaac.quadruped] omni.isaac.quadruped has been deprecated in favor of isaacsim.robot.policy.examples. Please update your code accordingly.
[8.218s] [ext: omni.kit.manipulator.selector-1.1.1] startup
[8.224s] [ext: omni.sensors.nv.wpm-2.4.0-coreapi] startup
[8.228s] [ext: omni.sensors.nv.lidar-2.6.3-coreapi] startup
[8.240s] [ext: omni.sensors.nv.ids-1.4.0-coreapi] startup
[8.247s] [ext: isaacsim.robot.manipulators.examples-1.0.3] startup
[8.250s] [ext: isaacsim.util.debug_draw-2.0.2] startup
[8.259s] [ext: omni.sensors.tiled-0.0.6] startup
[8.263s] [ext: omni.sensors.nv.radar-2.6.1-coreapi] startup
[8.274s] [ext: omni.kit.widget.toolbar-1.7.3] startup
[8.285s] [ext: omni.kit.manipulator.transform-106.0.1] startup
[8.293s] [ext: isaacsim.sensors.physx-2.2.4] startup
[8.303s] [ext: isaacsim.sensors.rtx-13.6.3] startup
[8.316s] [ext: isaacsim.sensors.camera-0.2.9] startup
[8.331s] [ext: isaacsim.cortex.framework-1.0.2] startup
[8.336s] [ext: omni.kit.manipulator.tool.snap-1.5.12] startup
[8.359s] [ext: omni.isaac.range_sensor-4.0.2] startup
[8.372s] [ext: omni.isaac.surface_gripper-2.0.2] startup
2026-06-21 03:33:33 [8,299ms] [Warning] [omni.isaac.surface_gripper] omni.isaac.surface_gripper has been deprecated in favor of isaacsim.robot.surface_gripper. Please update your code accordingly.
[8.376s] [ext: omni.isaac.sensor-13.0.3] startup
2026-06-21 03:33:33 [8,304ms] [Warning] [omni.isaac.sensor] omni.isaac.sensor has been deprecated in favor of isaacsim.sensors.camera, isaacsim.sensors.physics, isaacsim.sensors.physx, and isaacsim.sensors.rtx. Please update your code accordingly.
2026-06-21 03:33:33 [8,305ms] [Warning] [omni.isaac.sensor.camera] omni.isaac.sensor.camera has been deprecated in favor of isaacsim.sensors.camera.camera. Please update your code accordingly.
2026-06-21 03:33:33 [8,306ms] [Warning] [omni.isaac.sensor.camera_view] omni.isaac.sensor.camera_view has been deprecated in favor of isaacsim.sensors.camera.camera_view. Please update your code accordingly.
2026-06-21 03:33:33 [8,306ms] [Warning] [omni.isaac.sensor.commands] omni.isaac.sensor.commands has been deprecated in favor of isaacsim.sensors.physics.commands, isaacsim.sensors.physx.commands, and isaacsim.sensors.rtx.commands. Please update your code accordingly.
2026-06-21 03:33:33 [8,307ms] [Warning] [omni.isaac.sensor.contact_sensor] omni.isaac.sensor.contact_sensor has been deprecated in favor of isaacsim.sensors.physics.contact_sensor. Please update your code accordingly.
2026-06-21 03:33:33 [8,307ms] [Warning] [omni.isaac.sensor.imu_sensor] omni.isaac.sensor.imu_sensor has been deprecated in favor of isaacsim.sensors.physics.imu_sensor. Please update your code accordingly.
2026-06-21 03:33:33 [8,307ms] [Warning] [omni.isaac.sensor.lidar_rtx] omni.isaac.sensor.lidar_rtx has been deprecated in favor of isaacsim.sensors.rtx.lidar_rtx. Please update your code accordingly.
2026-06-21 03:33:33 [8,308ms] [Warning] [omni.isaac.sensor.rotating_lidar_physX] omni.isaac.sensor.imu_sensor has been deprecated in favor of isaacsim.sensors.physix.rotating_lidar_physX. Please update your code accordingly.
2026-06-21 03:33:33 [8,309ms] [Warning] [omni.isaac.sensor.scripts.samples.contact_sensor] omni.isaac.sensor.scripts.samples.contact_sensor has been deprecated in favor of isaacsim.sensors.physics.scripts.samples.contact_sensor. Please update your code accordingly.
2026-06-21 03:33:33 [8,309ms] [Warning] [omni.isaac.sensor.scripts.samples.imu_sensor] omni.isaac.sensor.scripts.samples.imu_sensor has been deprecated in favor of isaacsim.sensors.physics.scripts.samples.imu_sensor. Please update your code accordingly.
2026-06-21 03:33:33 [8,309ms] [Warning] [omni.isaac.sensor.scripts.samples.lightbeam_sensor] omni.isaac.sensor.scripts.samples.lightbeam_sensor has been deprecated in favor of isaacsim.sensors.physx.scripts.samples.lightbeam_sensor. Please update your code accordingly.
[8.387s] [ext: omni.isaac.cortex-1.0.2] startup
2026-06-21 03:33:33 [8,314ms] [Warning] [omni.isaac.cortex] omni.isaac.cortex has been deprecated in favor of isaacsim.cortex.framework. Please update your code accordingly.
[8.391s] [ext: omni.kit.viewport.manipulator.transform-107.0.4] startup
[8.409s] [ext: omni.debugdraw-0.1.3] startup
[8.419s] [ext: omni.isaac.universal_robots-1.0.2] startup
2026-06-21 03:33:33 [8,343ms] [Warning] [omni.isaac.universal_robots] omni.isaac.universal_robots has been deprecated in favor of isaacsim.robot.manipulators.examples.universal_robots. Please update your code accordingly.
2026-06-21 03:33:33 [8,344ms] [Warning] [omni.isaac.universal_robots.kinematics_solver] omni.isaac.franka has been deprecated in favor of isaacsim.robot.manipulators.examples.universal_robots. Please update your code accordingly.
2026-06-21 03:33:33 [8,345ms] [Warning] [omni.isaac.universal_robots.ur10] omni.isaac.franka has been deprecated in favor of isaacsim.robot.manipulators.examples.universal_robots. Please update your code accordingly.
[8.422s] [ext: omni.isaac.utils-2.0.2] startup
[8.428s] [ext: omni.kit.manipulator.prim.core-107.0.7] startup
[8.439s] [ext: omni.fabric.commands-1.1.5] startup
[8.444s] [ext: omni.kit.manipulator.selection-106.0.1] startup
[8.447s] [ext: omni.kit.viewport.actions-107.0.0] startup
[8.455s] [ext: omni.kit.manipulator.prim.usd-107.0.3] startup
[8.458s] [ext: omni.kit.manipulator.prim.fabric-107.0.4] startup
[8.462s] [ext: isaacsim.cortex.behaviors-2.0.3] startup
[8.464s] [ext: omni.kit.widget.layers-1.8.2] startup
[8.486s] [ext: omni.kit.viewport.menubar.display-107.0.3] startup
[8.490s] [ext: omni.kit.manipulator.prim-107.0.0] startup
[8.491s] [ext: omni.isaac.cortex.sample_behaviors-2.0.2] startup
2026-06-21 03:33:33 [8,416ms] [Warning] [omni.isaac.cortex.sample_behaviors] omni.isaac.cortex.sample_behaviors has been deprecated in favor of isaacsim.cortex.behaviors. Please update your code accordingly.
[8.493s] [ext: omni.graph.ui_nodes-1.40.1] startup
[8.502s] [ext: omni.usdphysics.ui-106.5.7] startup
[8.549s] [ext: omni.physx.commands-106.5.7] startup
[8.555s] [ext: omni.kit.property.camera-1.0.9] startup
[8.558s] [ext: omni.hydra.scene_api-0.1.2] startup
[8.566s] [ext: omni.kit.property.geometry-1.3.3] startup
[8.573s] [ext: omni.kit.property.light-1.0.11] startup
[8.576s] [ext: omni.physx.ui-106.5.7] startup
[8.626s] [ext: omni.kit.property.material-1.10.17] startup
[8.636s] [ext: omni.kit.property.render-1.1.3] startup
[8.640s] [ext: omni.kit.property.transform-1.5.10] startup
[8.647s] [ext: omni.kit.property.audio-1.0.16] startup
[8.650s] [ext: isaacsim.gui.property-1.0.4] startup
[8.654s] [ext: omni.physx.demos-106.5.7] startup
[8.681s] [ext: omni.kit.property.physx-106.5.7] startup
[8.752s] [ext: omni.isaac.lula-4.0.2] startup
2026-06-21 03:33:33 [8,678ms] [Warning] [omni.isaac.lula] omni.isaac.lula has been deprecated in favor of isaacsim.robot_motion.lula. Please update your code accordingly.
[8.755s] [ext: omni.kit.property.bundle-1.3.2] startup
[8.758s] [ext: omni.kit.property.isaac-1.0.2] startup
2026-06-21 03:33:33 [8,684ms] [Warning] [omni.kit.property.isaac] omni.kit.property.isaac has been deprecated in favor of isaacsim.gui.property. Please update your code accordingly.
2026-06-21 03:33:33 [8,684ms] [Warning] [omni.kit.property.isaac.widgets] omni.kit.property.isaac.widgets has been deprecated in favor of isaacsim.gui.property.widgets. Please update your code accordingly.
[8.762s] [ext: omni.physx.vehicle-106.5.7] startup
[8.790s] [ext: omni.kit.viewport.menubar.camera-107.0.2] startup
[8.800s] [ext: omni.kit.viewport.menubar.lighting-106.0.2] startup
[8.805s] [ext: omni.kit.viewport.menubar.render-107.0.8] startup
[8.810s] [ext: omni.kit.viewport.menubar.settings-107.0.3] startup
[8.816s] [ext: omni.kit.window.console-0.2.14] startup
[8.833s] [ext: omni.physx.camera-106.5.7] startup
[8.850s] [ext: omni.kit.window.toolbar-1.6.2] startup
[8.857s] [ext: omni.isaac.version-2.0.2] startup
2026-06-21 03:33:33 [8,782ms] [Warning] [omni.isaac.version] omni.isaac.version has been deprecated in favor of isaacsim.core.version. Please update your code accordingly.
[8.860s] [ext: isaacsim.robot.wheeled_robots-4.0.3] startup
[8.868s] [ext: omni.physx.cct-106.5.7] startup
[8.896s] [ext: omni.physx.graph-106.5.7] startup
[8.943s] [ext: isaacsim.replicator.writers-1.0.1] startup
[9.018s] [ext: omni.physx.supportui-106.5.7] startup
[9.075s] [ext: omni.physx.telemetry-106.5.7] startup
[9.084s] [ext: omni.isaac.wheeled_robots-3.0.3] startup
2026-06-21 03:33:34 [9,010ms] [Warning] [omni.isaac.wheeled_robots] omni.isaac.wheeled_robots has been deprecated in favor of isaacsim.robot.wheeled_robots. Please update your code accordingly.
2026-06-21 03:33:34 [9,010ms] [Warning] [omni.isaac.wheeled_robots.controllers] omni.isaac.wheeled_robots has been deprecated in favor of isaacsim.robot.wheeled_robots. Please update your code accordingly.
2026-06-21 03:33:34 [9,010ms] [Warning] [omni.isaac.wheeled_robots.controllers.ackermann_controller] omni.isaac.wheeled_robots has been deprecated in favor of isaacsim.robot.wheeled_robots. Please update your code accordingly.
2026-06-21 03:33:34 [9,010ms] [Warning] [omni.isaac.wheeled_robots.controllers.differential_controller] omni.isaac.wheeled_robots has been deprecated in favor of isaacsim.robot.wheeled_robots. Please update your code accordingly.
2026-06-21 03:33:34 [9,010ms] [Warning] [omni.isaac.wheeled_robots.controllers.holonomic_controller] omni.isaac.wheeled_robots has been deprecated in favor of isaacsim.robot.wheeled_robots. Please update your code accordingly.
2026-06-21 03:33:34 [9,011ms] [Warning] [omni.isaac.wheeled_robots.controllers.quintic_path_planner] omni.isaac.wheeled_robots has been deprecated in favor of isaacsim.robot.wheeled_robots. Please update your code accordingly.
2026-06-21 03:33:34 [9,011ms] [Warning] [omni.isaac.wheeled_robots.controllers.stanley_control] omni.isaac.wheeled_robots has been deprecated in favor of isaacsim.robot.wheeled_robots. Please update your code accordingly.
2026-06-21 03:33:34 [9,011ms] [Warning] [omni.isaac.wheeled_robots.controllers.wheel_base_pose_controller] omni.isaac.wheeled_robots has been deprecated in favor of isaacsim.robot.wheeled_robots. Please update your code accordingly.
2026-06-21 03:33:34 [9,011ms] [Warning] [omni.isaac.wheeled_robots.impl] omni.isaac.wheeled_robots has been deprecated in favor of isaacsim.robot.wheeled_robots. Please update your code accordingly.
2026-06-21 03:33:34 [9,011ms] [Warning] [omni.isaac.wheeled_robots.robots] omni.isaac.wheeled_robots has been deprecated in favor of isaacsim.robot.wheeled_robots. Please update your code accordingly.
2026-06-21 03:33:34 [9,011ms] [Warning] [omni.isaac.wheeled_robots.robots.holonomic_robot_usd_setup] omni.isaac.wheeled_robots has been deprecated in favor of isaacsim.robot.wheeled_robots. Please update your code accordingly.
2026-06-21 03:33:34 [9,012ms] [Warning] [omni.isaac.wheeled_robots.robots.wheeled_robot] omni.isaac.wheeled_robots has been deprecated in favor of isaacsim.robot.wheeled_robots. Please update your code accordingly.
[9.089s] [ext: omni.isaac.franka-1.0.2] startup
2026-06-21 03:33:34 [9,017ms] [Warning] [omni.isaac.franka] omni.isaac.franka has been deprecated in favor of isaacsim.robot.manipulators.examples.franka. Please update your code accordingly.
2026-06-21 03:33:34 [9,017ms] [Warning] [omni.isaac.franka.franka] omni.isaac.franka has been deprecated in favor of isaacsim.robot.manipulators.examples.franka. Please update your code accordingly.
2026-06-21 03:33:34 [9,019ms] [Warning] [omni.isaac.franka.kinematics_solver] omni.isaac.franka has been deprecated in favor of isaacsim.robot.manipulators.examples.franka. Please update your code accordingly.
[9.097s] [ext: isaacsim.replicator.domain_randomization-1.0.2] startup
[9.105s] [ext: isaacsim.replicator.examples-1.1.2] startup
[9.111s] [ext: omni.kit.window.status_bar-0.1.7] startup
[9.135s] [ext: omni.rtx.window.settings-0.6.17] startup
[9.163s] [ext: omni.usd.metrics.assembler-106.5.0] startup
[9.182s] [ext: omni.physx.bundle-106.5.7] startup
[9.183s] [ext: isaacsim.app.about-2.0.7] startup
[9.185s] [ext: omni.replicator.isaac-2.0.3] startup
2026-06-21 03:33:34 [9,109ms] [Warning] [omni.replicator.isaac] omni.replicator.isaac has been deprecated in favor of isaacsim.replicator.domain_randomization, isaacsim.replicator.examples, isaacsim.replicator.writers. Please update your code accordingly.
[9.187s] [ext: omni.replicator.replicator_yaml-2.0.10] startup
[9.232s] [ext: omni.rtx.settings.core-0.6.3] startup
[9.255s] [ext: omni.usd.metrics.assembler.ui-106.5.0] startup
[9.264s] [ext: isaacsim.simulation_app-2.4.2] startup
[9.267s] [ext: omni.isaac.window.about-2.0.2] startup
2026-06-21 03:33:34 [9,192ms] [Warning] [omni.isaac.window.about] omni.isaac.window.about has been deprecated in favor of isaacsim.app.about. Please update your code accordingly.
2026-06-21 03:33:34 [9,192ms] [Warning] [omni.isaac.window.about.about] omni.isaac.window.about.about has been deprecated in favor of isaacsim.app.about.about. Please update your code accordingly.
[9.270s] [ext: semantics.schema.editor-0.3.10] startup
[9.276s] [ext: omni.kit.ui.actions-1.0.2] startup
[9.280s] [ext: semantics.schema.property-1.0.5] startup
[9.283s] [ext: omni.kit.manipulator.camera-106.0.3] startup
[9.291s] [ext: omni.isaac.kit-2.0.3] startup
2026-06-21 03:33:34 [9,215ms] [Warning] [omni.isaac.kit] omni.isaac.kit has been deprecated in favor of isaacsim.simulation_app. Please update your code accordingly.
[9.293s] [ext: omni.isaac.asset_browser-1.0.2] startup
2026-06-21 03:33:34 [9,217ms] [Warning] [omni.isaac.asset_browser] omni.isaac.asset_browser has been deprecated in favor of isaacsim.asset.browser. Please update your code accordingly.
[9.295s] [ext: isaacsim.core.throttling-2.0.2] startup
[9.299s] [ext: omni.kit.menu.common-1.1.9] startup
[9.304s] [ext: isaacsim.exp.base-4.5.0] startup
[9.305s] [ext: isaacsim.exp.base.python-4.5.0] startup
[9.309s] Simulation App Starting
[9.597s] app ready
2026-06-21 03:33:34 [9,714ms] [Warning] [rtx.scenedb.plugin] SceneDbContext : TLAS limit buffer size 7374781440
2026-06-21 03:33:34 [9,714ms] [Warning] [rtx.scenedb.plugin] SceneDbContext : TLAS limit : valid false, within: false
2026-06-21 03:33:34 [9,714ms] [Warning] [rtx.scenedb.plugin] SceneDbContext : TLAS limit : decrement: 167690, decrement size: 7301033856
2026-06-21 03:33:34 [9,714ms] [Warning] [rtx.scenedb.plugin] SceneDbContext : New limit 9748724 (slope: 439, intercept: 13179904)
2026-06-21 03:33:34 [9,714ms] [Warning] [rtx.scenedb.plugin] SceneDbContext : TLAS limit buffer size 4287352704
2026-06-21 03:33:34 [9,714ms] [Warning] [rtx.scenedb.plugin] SceneDbContext : TLAS limit : valid true, within: true
2026-06-21 03:33:35 [9,965ms] [Warning] [omni.usd-abi.plugin] No setting was found for '/rtx-defaults-transient/meshlights/forceDisable'
2026-06-21 03:33:35 [10,053ms] [Warning] [omni.usd-abi.plugin] No setting was found for '/rtx-defaults/post/dlss/execMode'
[14.828s] Simulation App Startup Complete
2026-06-21 03:33:42 [17,526ms] [Warning] [omni.hydra.scene_delegate.plugin] Calling getBypassRenderSkelMeshProcessing for prim /World/workcell/t1_rotation_link/visuals.proto_cylinder_id3 that has not been populated
[20.957s] Simulation App Shutting Down
