[Warning] [simulation_app.simulation_app] Modules: ['omni.kit_app'] were loaded before SimulationApp was started and might not be loaded correctly.
[Warning] [simulation_app.simulation_app] Please check to make sure no extra omniverse or pxr modules are imported before the call to SimulationApp(...)
[Info] [carb] Logging to file: /srv/data/users/raditya/isaacsim/env_isaacsim/lib/python3.10/site-packages/omni/logs/Kit/Isaac-Sim Python/4.5/kit_20260621_123416.log
2026-06-21 03:34:16 [0ms] [Warning] [omni.kit.app.plugin] No crash reporter present, dumps uploading isn't available.
[0.151s] [ext: omni.kit.async_engine-0.0.1] startup
[0.463s] [ext: omni.metrics.core-0.0.1] startup
[0.463s] [ext: omni.client.lib-1.0.0] startup
[0.523s] [ext: omni.blobkey-1.1.2] startup
[0.524s] [ext: omni.stats-1.0.1] startup
[0.526s] [ext: omni.datastore-0.0.0] startup
[0.538s] [ext: omni.client-1.2.2] startup
[0.548s] [ext: omni.ujitso.default-1.0.0] startup
[0.552s] [ext: omni.hsscclient-1.1.1] startup
2026-06-21 03:34:17 [475ms] [Warning] [omni.datastore] OmniHub is inaccessible
[0.562s] [ext: omni.gpu_foundation.shadercache.vulkan-1.0.0] startup
[0.570s] [ext: omni.assets.plugins-0.0.0] startup
[0.573s] [ext: omni.gpu_foundation-0.0.0] startup
[0.644s] [ext: carb.windowing.plugins-1.0.0] startup
[0.683s] [ext: omni.kit.renderer.init-0.0.0] startup

|---------------------------------------------------------------------------------------------|
| Driver Version: 560.28.03     | Graphics API: Vulkan
|=============================================================================================|
| GPU | Name                             | Active | LDA | GPU Memory | Vendor-ID | LUID       |
|     |                                  |        |     |            | Device-ID | UUID       |
|     |                                  |        |     |            | Bus-ID    |            |
|---------------------------------------------------------------------------------------------|
| 0   | NVIDIA RTX A6000                 | Yes: 0 |     | 49386   MB | 10de      | 0          |
|     |                                  |        |     |            | 2230      | 0652a9b7.. |
|     |                                  |        |     |            | 3b        |            |
|=============================================================================================|
| OS: 22.04.5 LTS (Jammy Jellyfish) ubuntu, Version: 22.04.5, Kernel: 6.8.0-124-generic
| XServer Vendor: The X.Org Foundation, XServer Version: 12101004 (1.21.1.4)
| Processor: Intel(R) Xeon(R) Silver 4216 CPU @ 2.10GHz
| Cores: 32 | Logical Cores: 64
|---------------------------------------------------------------------------------------------|
| Total Memory (MB): 96267 | Free Memory: 78879
| Total Page/Swap (MB): 2048 | Free Page/Swap: 1129
|---------------------------------------------------------------------------------------------|
[1.979s] [ext: omni.kit.pipapi-0.0.0] startup
[1.981s] [ext: omni.materialx.libs-1.0.6] startup
[1.998s] [ext: omni.kit.pip_archive-0.0.0] startup
[1.998s] [ext: omni.usd.config-1.0.5] startup
[2.005s] [ext: omni.gpucompute.plugins-0.0.0] startup
[2.006s] [ext: omni.usd.libs-1.0.1] startup
[2.178s] [ext: omni.mdl-55.0.1] startup
[2.223s] [ext: omni.iray.libs-0.0.0] startup
[2.232s] [ext: omni.mdl.neuraylib-0.2.10] startup
[2.236s] [ext: omni.kit.usd.mdl-1.0.7] startup
[2.446s] [ext: omni.kit.telemetry-0.5.1] startup
[2.498s] [ext: omni.kit.loop-isaac-1.2.1] startup
[2.501s] [ext: omni.kit.test-1.1.2] startup
[2.593s] [ext: omni.appwindow-1.1.9] startup
[2.600s] [ext: omni.kit.renderer.core-1.0.2] startup
[2.726s] [ext: omni.kit.renderer.capture-0.0.0] startup
[2.731s] [ext: omni.kit.renderer.imgui-1.0.2] startup
[2.849s] [ext: omni.ui-2.26.5] startup
[2.865s] [ext: omni.kit.mainwindow-1.0.3] startup
[2.867s] [ext: carb.audio-0.1.0] startup
[2.873s] [ext: omni.uiaudio-1.0.0] startup
[2.875s] [ext: omni.kit.uiapp-0.0.0] startup
[2.875s] [ext: omni.usd.schema.metrics.assembler-106.5.0] startup
[2.889s] [ext: omni.usd.schema.anim-0.0.0] startup
[2.931s] [ext: omni.usd.schema.audio-0.0.0] startup
[2.937s] [ext: omni.usd.schema.isaac-3.0.2] startup
[2.938s] [ext: omni.usd.schema.omnigraph-1.0.0] startup
[2.949s] [ext: omni.usd.schema.forcefield-106.5.7] startup
[2.969s] [ext: omni.usd.schema.semantics-0.0.0] startup
[2.974s] [ext: omni.usd.schema.physx-106.5.7] startup
[3.014s] [ext: omni.usd.schema.geospatial-0.0.0] startup
[3.018s] [ext: omni.usd_resolver-1.0.0] startup
[3.024s] [ext: omni.kit.window.popup_dialog-2.0.24] startup
[3.030s] [ext: usdrt.scenegraph-7.5.1] startup
[3.088s] [ext: omni.timeline-1.0.11] startup
[3.091s] [ext: omni.usd.core-1.4.2] startup
[3.095s] [ext: omni.resourcemonitor-107.0.0] startup
[3.098s] [ext: omni.activity.core-1.0.1] startup
[3.100s] [ext: omni.kit.widget.nucleus_connector-1.1.10] startup
[3.103s] [ext: omni.hydra.usdrt_delegate-7.5.1] startup
[3.119s] [ext: omni.kit.actions.core-1.0.0] startup
[3.122s] [ext: omni.graph.exec-0.9.4] startup
[3.123s] [ext: omni.kit.commands-1.4.9] startup
[3.128s] [ext: omni.kit.usd_undo-0.1.8] startup
[3.129s] [ext: omni.kit.exec.core-0.13.4] startup
[3.132s] [ext: omni.kit.audiodeviceenum-1.0.1] startup
[3.134s] [ext: omni.hydra.scene_delegate-0.3.3] startup
[3.141s] [ext: omni.usd-1.12.4] startup
[3.205s] [ext: omni.inspect-1.0.1] startup
[3.207s] [ext: omni.kit.notification_manager-1.0.9] startup
[3.209s] [ext: omni.graph.core-2.181.8] startup
[3.214s] [ext: isaacsim.core.deprecation_manager-0.2.2] startup
[3.215s] [ext: omni.usd.schema.omniscripting-1.0.0] startup
[3.222s] [ext: isaacsim.robot.schema-3.1.2] startup
[3.234s] [ext: omni.kit.asset_converter-2.8.3] startup
[3.252s] [ext: omni.kit.menu.core-1.1.2] startup
[3.253s] [ext: omni.kvdb-106.5.7] startup
[3.255s] [ext: omni.kit.widget.context_menu-1.2.4] startup
[3.257s] [ext: omni.kit.usd.layers-2.2.0] startup
[3.268s] [ext: omni.kit.property.adapter.core-1.0.2] startup
[3.271s] [ext: omni.localcache-106.5.7] startup
[3.273s] [ext: omni.convexdecomposition-106.5.7] startup
[3.281s] [ext: omni.warp.core-1.5.0] startup
[3.531s] [ext: omni.kit.context_menu-1.8.3] startup
[3.534s] [ext: omni.kit.hotkeys.core-1.3.10] startup
[3.539s] [ext: omni.kit.property.adapter.fabric-1.0.3] startup
[3.540s] [ext: omni.usdphysics-106.5.7] startup
[3.547s] [ext: omni.kit.widget.path_field-2.0.11] startup
[3.548s] [ext: omni.kit.widget.options_menu-1.1.6] startup
[3.552s] [ext: omni.kit.helper.file_utils-0.1.9] startup
[3.555s] [ext: omni.kit.widget.browser_bar-2.0.10] startup
[3.556s] [ext: omni.kit.widget.options_button-1.0.3] startup
[3.557s] [ext: omni.kit.widget.filebrowser-2.10.52] startup
[3.564s] [ext: omni.kit.clipboard-1.0.5] startup
[3.566s] [ext: omni.graph.tools-1.79.1] startup
[3.597s] [ext: omni.ui.scene-1.11.2] startup
[3.605s] [ext: omni.graph.image.core-0.6.0] startup
[3.607s] [ext: omni.kit.window.filepicker-2.11.7] startup
[3.622s] [ext: omni.kit.widget.searchfield-1.1.8] startup
[3.624s] [ext: omni.graph.image.nodes-1.3.0] startup
[3.629s] [ext: omni.graph-1.140.2] startup
[3.690s] [ext: omni.kit.window.file_exporter-1.0.31] startup
[3.693s] [ext: omni.kit.widget.filter-1.1.4] startup
[3.696s] [ext: omni.physx.foundation-106.5.7] startup
[3.699s] [ext: omni.graph.nodes-1.162.1] startup
[3.716s] [ext: omni.kit.widget.stage-2.11.6] startup
[3.737s] [ext: omni.hydra.rtx.shadercache.vulkan-1.0.0] startup
[3.741s] [ext: omni.hydra.engine.stats-1.0.3] startup
[3.747s] [ext: omni.graph.action_core-1.1.7] startup
[3.752s] [ext: omni.kit.widget.highlight_label-1.0.3] startup
[3.755s] [ext: omni.ujitso.processor.texture-1.0.0] startup
[3.757s] [ext: omni.index.libs-380600.1777.0] startup
[3.757s] [ext: omni.kit.window.file_importer-1.1.14] startup
[3.759s] [ext: omni.kit.stage_template.core-1.1.22] startup
[3.761s] [ext: omni.volume-0.5.0] startup
[3.773s] [ext: omni.ujitso.client-0.0.0] startup
[3.774s] [ext: omni.index-1.0.1] startup
[3.776s] [ext: omni.kit.window.file-1.3.57] startup
[3.782s] [ext: omni.hydra.rtx-1.0.0] startup
2026-06-21 03:34:20 [3,720ms] [Warning] [omni.log] Source: omni.hydra was already registered.
[3.833s] [ext: omni.kit.viewport.registry-104.0.6] startup
[3.834s] [ext: omni.kit.viewport.legacy_gizmos-1.0.16] startup
[3.838s] [ext: omni.kit.raycast.query-1.0.5] startup
[3.847s] [ext: omni.kit.viewport.scene_camera_model-1.0.5] startup
[3.856s] [ext: omni.kit.hydra_texture-1.4.0] startup
[3.862s] [ext: omni.kit.menu.utils-1.7.7] startup
[3.870s] [ext: omni.kit.window.drop_support-1.0.4] startup
[3.872s] [ext: omni.kit.widget.viewport-107.0.7] startup
[3.880s] [ext: omni.kit.material.library-1.5.15] startup
[3.889s] [ext: omni.kit.window.content_browser_registry-0.0.6] startup
[3.892s] [ext: omni.kit.viewport.window-107.0.8] startup
[3.933s] [ext: omni.graph.action_nodes-1.40.1] startup
[3.941s] [ext: omni.kit.window.property-1.11.5] startup
[3.951s] [ext: omni.kit.window.content_browser-2.10.3] startup
[4.034s] [ext: omni.kit.property.adapter.usd-1.0.2] startup
[4.038s] [ext: omni.kit.viewport.utility-1.0.18] startup
[4.041s] [ext: omni.graph.action-1.120.0] startup
[4.043s] [ext: omni.kit.property.usd-4.2.16] startup
[4.073s] [ext: omni.physx.cooking-106.5.7] startup
[4.097s] [ext: omni.kit.widget.stage_icons-1.0.6] startup
[4.100s] [ext: omni.kit.widget.zoombar-1.0.5] startup
[4.103s] [ext: omni.physics.tensors-106.5.7] startup
[4.119s] [ext: omni.kit.widget.prompt-1.0.7] startup
[4.122s] [ext: omni.kit.usd.collect-2.2.22] startup
[4.128s] [ext: omni.physx-106.5.7] startup
[4.157s] [ext: omni.kit.window.stage-2.5.11] startup
[4.167s] [ext: omni.kit.browser.core-2.3.11] startup
[4.176s] [ext: omni.kit.widget.text_editor-1.0.2] startup
[4.180s] [ext: omni.physx.tensors-106.5.7] startup
[4.193s] [ext: omni.kit.tool.collect-2.2.16] startup
[4.196s] [ext: omni.kit.menu.stage-1.2.5] startup
[4.200s] [ext: omni.kit.browser.folder.core-1.10.1] startup
[4.211s] [ext: omni.warp-1.5.0] startup
[4.224s] [ext: isaacsim.examples.browser-0.1.8] startup
[4.237s] [ext: omni.physx.stageupdate-106.5.7] startup
[4.246s] [ext: omni.kit.numpy.common-0.1.2] startup
[4.252s] [ext: isaacsim.core.version-2.0.2] startup
[4.255s] [ext: omni.isaac.dynamic_control-1.3.15] startup
2026-06-21 03:34:21 [4,196ms] [Warning] [omni.isaac.dynamic_control] omni.isaac.dynamic_control is deprecated as of Isaac Sim 4.5. No action is needed from end-users.
[4.277s] [ext: isaacsim.storage.native-1.0.6] startup
[4.286s] [ext: omni.kit.menu.create-1.0.17] startup
[4.298s] [ext: isaacsim.core.utils-2.2.8] startup
[4.310s] [ext: omni.kit.widget.searchable_combobox-1.0.6] startup
[4.320s] [ext: omni.kit.primitive.mesh-1.0.17] startup
[4.357s] [ext: isaacsim.core.simulation_manager-0.3.3] startup
[6.724s] [ext: omni.kit.scripting-106.5.2] startup
[6.738s] [ext: omni.kit.stage_templates-1.2.6] startup
[6.744s] [ext: isaacsim.core.prims-0.3.7] startup
[6.777s] [ext: isaacsim.replicator.behavior-1.0.8] startup
[6.782s] [ext: isaacsim.core.api-4.2.16] startup
[6.797s] [ext: omni.ui_query-1.1.7] startup
[6.803s] [ext: omni.kit.manipulator.viewport-107.0.1] startup
[6.805s] [ext: omni.kit.ui_test-1.3.3] startup
[6.809s] [ext: omni.kit.window.extensions-1.4.25] startup
[6.818s] [ext: omni.graph.visualization.nodes-2.1.1] startup
[6.828s] [ext: omni.kit.tool.asset_importer-2.12.2] startup
[6.855s] [ext: isaacsim.gui.components-1.0.9] startup
[6.866s] [ext: omni.kit.widget.settings-1.2.2] startup
[6.876s] [ext: omni.kit.widget.graph-1.12.17] startup
[6.884s] [ext: omni.kit.window.preferences-1.7.0] startup
[6.895s] [ext: omni.kit.graph.delegate.default-1.2.2] startup
[6.896s] [ext: omni.kit.viewport.menubar.core-107.1.2] startup
[6.918s] [ext: omni.kit.widget.material_preview-1.0.16] startup
[6.922s] [ext: omni.kit.graph.usd.commands-1.3.1] startup
[6.924s] [ext: omni.kit.graph.editor.core-1.5.3] startup
[6.929s] [ext: omni.syntheticdata-0.6.10] startup
[6.975s] [ext: omni.kit.window.material_graph-1.8.19] startup
[7.030s] [ext: omni.graph.scriptnode-1.40.1] startup
[7.037s] [ext: isaacsim.core.cloner-1.3.4] startup
[7.043s] [ext: omni.replicator.core-1.11.35] startup
2026-06-21 03:34:24 [7,147ms] [Warning] [omni.replicator.core.scripts.extension] No material configuration file, adding configuration to material settings directly.
[7.231s] [ext: omni.isaac.cloner-1.0.2] startup
2026-06-21 03:34:24 [7,158ms] [Warning] [omni.isaac.cloner] omni.isaac.cloner has been deprecated in favor of isaacsim.core.cloner. Please update your code accordingly.
[7.237s] [ext: isaacsim.core.nodes-2.1.4] startup
[7.257s] [ext: isaacsim.asset.importer.urdf-2.3.10] startup
[7.511s] [ext: omni.isaac.core-4.0.3] startup
2026-06-21 03:34:24 [7,438ms] [Warning] [omni.isaac.core.physics_context.physics_context] omni.isaac.core.physics_context.physics_context has been deprecated in favor of isaacsim.core.api.physics_context.physics_context. Please update your code accordingly.
2026-06-21 03:34:24 [7,440ms] [Warning] [omni.isaac.core.simulation_context.simulation_context] omni.isaac.core.simulation_context.simulation_context has been deprecated in favor of isaacsim.core.api.simulation_context.simulation_context. Please update your code accordingly.
2026-06-21 03:34:24 [7,441ms] [Warning] [omni.isaac.core.world.world] omni.isaac.core.world.world has been deprecated in favor of isaacsim.core.api.world.world. Please update your code accordingly.
2026-06-21 03:34:24 [7,441ms] [Warning] [omni.isaac.core] omni.isaac.core has been deprecated in favor of isaacsim.core.api. Please update your code accordingly.
[7.523s] [ext: omni.isaac.core_nodes-2.0.2] startup
2026-06-21 03:34:24 [7,455ms] [Warning] [omni.isaac.core_nodes] omni.isaac.core_nodes has been deprecated in favor of isaacsim.core.nodes. Please update your code accordingly.
[7.534s] [ext: omni.anim.curve.core-1.2.0] startup
[7.590s] [ext: isaacsim.robot_motion.lula-4.0.4] startup
[7.606s] [ext: isaacsim.asset.importer.mjcf-2.3.3] startup
[7.622s] [ext: isaacsim.robot_motion.motion_generation-8.0.6] startup
[7.644s] [ext: isaacsim.asset.browser-1.3.4] startup
[7.808s] [ext: isaacsim.robot.surface_gripper-2.0.6] startup
[7.819s] [ext: omni.kit.selection-0.1.5] startup
[7.832s] [ext: isaacsim.robot_motion.lula_test_widget-1.0.5] startup
[7.844s] [ext: omni.isaac.assets_check-0.3.9] startup
2026-06-21 03:34:24 [7,769ms] [Warning] [omni.isaac.assets_check] omni.isaac.assets_check has been deprecated in favor of isaacsim.asset.browser. Please update your code accordingly.
[7.848s] [ext: isaacsim.robot.manipulators-3.0.4] startup
[7.860s] [ext: isaacsim.sensors.physics-0.3.5] startup
[7.871s] [ext: isaacsim.gui.menu-2.0.9] startup
[7.908s] [ext: omni.isaac.lula_test_widget-1.0.2] startup
2026-06-21 03:34:24 [7,833ms] [Warning] [omni.isaac.lula_test_widget] omni.isaac.lula_test_widget has been deprecated in favor of isaacsim.robot_motion.lula_test_widget. Please update your code accordingly.
[7.911s] [ext: omni.sensors.nv.common-2.5.0-coreapi] startup
[7.932s] [ext: omni.isaac.manipulators-3.0.3] startup
2026-06-21 03:34:24 [7,855ms] [Warning] [omni.isaac.manipulators] omni.isaac.manipulators has been deprecated in favor of isaacsim.robot.manipulators. Please update your code accordingly.
2026-06-21 03:34:24 [7,855ms] [Warning] [omni.isaac.manipulators.controllers] omni.isaac.manipulators has been deprecated in favor of isaacsim.robot.manipulators. Please update your code accordingly.
2026-06-21 03:34:24 [7,855ms] [Warning] [omni.isaac.manipulators.controllers.pick_place_controller] omni.isaac.manipulators has been deprecated in favor of isaacsim.robot.manipulators. Please update your code accordingly.
2026-06-21 03:34:24 [7,856ms] [Warning] [omni.isaac.manipulators.controllers.stacking_controller] omni.isaac.manipulators has been deprecated in favor of isaacsim.robot.manipulators. Please update your code accordingly.
2026-06-21 03:34:24 [7,856ms] [Warning] [omni.isaac.manipulators.grippers] omni.isaac.manipulators has been deprecated in favor of isaacsim.robot.manipulators. Please update your code accordingly.
2026-06-21 03:34:24 [7,856ms] [Warning] [omni.isaac.manipulators.grippers.gripper] omni.isaac.manipulators has been deprecated in favor of isaacsim.robot.manipulators. Please update your code accordingly.
2026-06-21 03:34:24 [7,856ms] [Warning] [omni.isaac.manipulators.grippers.parallel_gripper] omni.isaac.manipulators has been deprecated in favor of isaacsim.robot.manipulators. Please update your code accordingly.
2026-06-21 03:34:24 [7,857ms] [Warning] [omni.isaac.manipulators.grippers.surface_gripper] omni.isaac.manipulators has been deprecated in favor of isaacsim.robot.manipulators. Please update your code accordingly.
2026-06-21 03:34:24 [7,857ms] [Warning] [omni.isaac.manipulators.manipulators] omni.isaac.manipulators has been deprecated in favor of isaacsim.robot.manipulators. Please update your code accordingly.
2026-06-21 03:34:24 [7,857ms] [Warning] [omni.isaac.manipulators.manipulators.single_manipulator] omni.isaac.manipulators has been deprecated in favor of isaacsim.robot.manipulators. Please update your code accordingly.
[7.935s] [ext: isaacsim.robot.policy.examples-4.0.3] startup
[7.940s] [ext: omni.isaac.menu-1.0.2] startup
2026-06-21 03:34:24 [7,865ms] [Warning] [omni.isaac.menu] omni.isaac.menu has been deprecated in favor of isaacsim.gui.menu. Please update your code accordingly.
[7.944s] [ext: omni.isaac.motion_generation-8.0.2] startup
2026-06-21 03:34:24 [7,869ms] [Warning] [omni.isaac.motion_generation] omni.isaac.motion_generation has been deprecated in favor of isaacsim.robot_motion.motion_generation. Please update your code accordingly.
2026-06-21 03:34:24 [7,870ms] [Warning] [omni.isaac.motion_generation.articulation_kinematics_solver] omni.isaac.motion_generation has been deprecated in favor of isaacsim.robot_motion.motion_generation. Please update your code accordingly.
2026-06-21 03:34:24 [7,870ms] [Warning] [omni.isaac.motion_generation.articulation_motion_policy] omni.isaac.motion_generation has been deprecated in favor of isaacsim.robot_motion.motion_generation. Please update your code accordingly.
2026-06-21 03:34:24 [7,873ms] [Warning] [omni.isaac.motion_generation.articulation_trajectory] omni.isaac.motion_generation has been deprecated in favor of isaacsim.robot_motion.motion_generation. Please update your code accordingly.
2026-06-21 03:34:24 [7,873ms] [Warning] [omni.isaac.motion_generation.kinematics_interface] omni.isaac.motion_generation has been deprecated in favor of isaacsim.robot_motion.motion_generation. Please update your code accordingly.
2026-06-21 03:34:24 [7,873ms] [Warning] [omni.isaac.motion_generation.lula] omni.isaac.motion_generation has been deprecated in favor of isaacsim.robot_motion.motion_generation. Please update your code accordingly.
2026-06-21 03:34:24 [7,873ms] [Warning] [omni.isaac.motion_generation.lula.kinematics] omni.isaac.motion_generation has been deprecated in favor of isaacsim.robot_motion.motion_generation. Please update your code accordingly.
2026-06-21 03:34:24 [7,874ms] [Warning] [omni.isaac.motion_generation.lula.motion_policies] omni.isaac.motion_generation has been deprecated in favor of isaacsim.robot_motion.motion_generation. Please update your code accordingly.
2026-06-21 03:34:24 [7,874ms] [Warning] [omni.isaac.motion_generation.lula.path_planners] omni.isaac.motion_generation has been deprecated in favor of isaacsim.robot_motion.motion_generation. Please update your code accordingly.
2026-06-21 03:34:24 [7,874ms] [Warning] [omni.isaac.motion_generation.lula.trajectory_generator] omni.isaac.motion_generation has been deprecated in favor of isaacsim.robot_motion.motion_generation. Please update your code accordingly.
2026-06-21 03:34:24 [7,874ms] [Warning] [omni.isaac.motion_generation.motion_policy_controller] omni.isaac.motion_generation has been deprecated in favor of isaacsim.robot_motion.motion_generation. Please update your code accordingly.
2026-06-21 03:34:24 [7,874ms] [Warning] [omni.isaac.motion_generation.motion_policy_interface] omni.isaac.motion_generation has been deprecated in favor of isaacsim.robot_motion.motion_generation. Please update your code accordingly.
2026-06-21 03:34:24 [7,874ms] [Warning] [omni.isaac.motion_generation.path_planner_visualizer] omni.isaac.motion_generation has been deprecated in favor of isaacsim.robot_motion.motion_generation. Please update your code accordingly.
2026-06-21 03:34:24 [7,874ms] [Warning] [omni.isaac.motion_generation.path_planning_interface] omni.isaac.motion_generation has been deprecated in favor of isaacsim.robot_motion.motion_generation. Please update your code accordingly.
2026-06-21 03:34:24 [7,875ms] [Warning] [omni.isaac.motion_generation.trajectory] omni.isaac.motion_generation has been deprecated in favor of isaacsim.robot_motion.motion_generation. Please update your code accordingly.
2026-06-21 03:34:24 [7,875ms] [Warning] [omni.isaac.motion_generation.world_interface] omni.isaac.motion_generation has been deprecated in favor of isaacsim.robot_motion.motion_generation. Please update your code accordingly.
[7.953s] [ext: omni.sensors.nv.materials-1.4.0-coreapi] startup
[7.958s] [ext: omni.isaac.nucleus-1.0.3] startup
2026-06-21 03:34:24 [7,882ms] [Warning] [omni.isaac.nucleus] omni.isaac.nucleus has been deprecated in favor of isaacsim.storage.native. Please update your code accordingly.
2026-06-21 03:34:24 [7,882ms] [Warning] [omni.isaac.nucleus.nucleus] omni.isaac.nucleus.nucleus has been deprecated in favor of isaacsim.storage.native. Please update your code accordingly.
[7.960s] [ext: omni.isaac.quadruped-3.0.2] startup
2026-06-21 03:34:24 [7,884ms] [Warning] [omni.isaac.quadruped] omni.isaac.quadruped has been deprecated in favor of isaacsim.robot.policy.examples. Please update your code accordingly.
[7.962s] [ext: omni.kit.manipulator.selector-1.1.1] startup
[7.967s] [ext: omni.sensors.nv.wpm-2.4.0-coreapi] startup
[7.970s] [ext: omni.sensors.nv.lidar-2.6.3-coreapi] startup
[7.982s] [ext: omni.sensors.nv.ids-1.4.0-coreapi] startup
[7.994s] [ext: isaacsim.robot.manipulators.examples-1.0.3] startup
[7.996s] [ext: isaacsim.util.debug_draw-2.0.2] startup
[8.006s] [ext: omni.sensors.tiled-0.0.6] startup
[8.011s] [ext: omni.sensors.nv.radar-2.6.1-coreapi] startup
[8.027s] [ext: omni.kit.widget.toolbar-1.7.3] startup
[8.038s] [ext: omni.kit.manipulator.transform-106.0.1] startup
[8.045s] [ext: isaacsim.sensors.physx-2.2.4] startup
[8.055s] [ext: isaacsim.sensors.rtx-13.6.3] startup
[8.068s] [ext: isaacsim.sensors.camera-0.2.9] startup
[8.084s] [ext: isaacsim.cortex.framework-1.0.2] startup
[8.089s] [ext: omni.kit.manipulator.tool.snap-1.5.12] startup
[8.126s] [ext: omni.isaac.range_sensor-4.0.2] startup
[8.130s] [ext: omni.isaac.surface_gripper-2.0.2] startup
2026-06-21 03:34:25 [8,056ms] [Warning] [omni.isaac.surface_gripper] omni.isaac.surface_gripper has been deprecated in favor of isaacsim.robot.surface_gripper. Please update your code accordingly.
[8.134s] [ext: omni.isaac.sensor-13.0.3] startup
2026-06-21 03:34:25 [8,060ms] [Warning] [omni.isaac.sensor] omni.isaac.sensor has been deprecated in favor of isaacsim.sensors.camera, isaacsim.sensors.physics, isaacsim.sensors.physx, and isaacsim.sensors.rtx. Please update your code accordingly.
2026-06-21 03:34:25 [8,061ms] [Warning] [omni.isaac.sensor.camera] omni.isaac.sensor.camera has been deprecated in favor of isaacsim.sensors.camera.camera. Please update your code accordingly.
2026-06-21 03:34:25 [8,061ms] [Warning] [omni.isaac.sensor.camera_view] omni.isaac.sensor.camera_view has been deprecated in favor of isaacsim.sensors.camera.camera_view. Please update your code accordingly.
2026-06-21 03:34:25 [8,061ms] [Warning] [omni.isaac.sensor.commands] omni.isaac.sensor.commands has been deprecated in favor of isaacsim.sensors.physics.commands, isaacsim.sensors.physx.commands, and isaacsim.sensors.rtx.commands. Please update your code accordingly.
2026-06-21 03:34:25 [8,061ms] [Warning] [omni.isaac.sensor.contact_sensor] omni.isaac.sensor.contact_sensor has been deprecated in favor of isaacsim.sensors.physics.contact_sensor. Please update your code accordingly.
2026-06-21 03:34:25 [8,062ms] [Warning] [omni.isaac.sensor.imu_sensor] omni.isaac.sensor.imu_sensor has been deprecated in favor of isaacsim.sensors.physics.imu_sensor. Please update your code accordingly.
2026-06-21 03:34:25 [8,062ms] [Warning] [omni.isaac.sensor.lidar_rtx] omni.isaac.sensor.lidar_rtx has been deprecated in favor of isaacsim.sensors.rtx.lidar_rtx. Please update your code accordingly.
2026-06-21 03:34:25 [8,062ms] [Warning] [omni.isaac.sensor.rotating_lidar_physX] omni.isaac.sensor.imu_sensor has been deprecated in favor of isaacsim.sensors.physix.rotating_lidar_physX. Please update your code accordingly.
2026-06-21 03:34:25 [8,062ms] [Warning] [omni.isaac.sensor.scripts.samples.contact_sensor] omni.isaac.sensor.scripts.samples.contact_sensor has been deprecated in favor of isaacsim.sensors.physics.scripts.samples.contact_sensor. Please update your code accordingly.
2026-06-21 03:34:25 [8,063ms] [Warning] [omni.isaac.sensor.scripts.samples.imu_sensor] omni.isaac.sensor.scripts.samples.imu_sensor has been deprecated in favor of isaacsim.sensors.physics.scripts.samples.imu_sensor. Please update your code accordingly.
2026-06-21 03:34:25 [8,063ms] [Warning] [omni.isaac.sensor.scripts.samples.lightbeam_sensor] omni.isaac.sensor.scripts.samples.lightbeam_sensor has been deprecated in favor of isaacsim.sensors.physx.scripts.samples.lightbeam_sensor. Please update your code accordingly.
[8.141s] [ext: omni.isaac.cortex-1.0.2] startup
2026-06-21 03:34:25 [8,068ms] [Warning] [omni.isaac.cortex] omni.isaac.cortex has been deprecated in favor of isaacsim.cortex.framework. Please update your code accordingly.
[8.147s] [ext: omni.kit.viewport.manipulator.transform-107.0.4] startup
[8.159s] [ext: omni.debugdraw-0.1.3] startup
[8.169s] [ext: omni.isaac.universal_robots-1.0.2] startup
2026-06-21 03:34:25 [8,093ms] [Warning] [omni.isaac.universal_robots] omni.isaac.universal_robots has been deprecated in favor of isaacsim.robot.manipulators.examples.universal_robots. Please update your code accordingly.
2026-06-21 03:34:25 [8,093ms] [Warning] [omni.isaac.universal_robots.kinematics_solver] omni.isaac.franka has been deprecated in favor of isaacsim.robot.manipulators.examples.universal_robots. Please update your code accordingly.
2026-06-21 03:34:25 [8,093ms] [Warning] [omni.isaac.universal_robots.ur10] omni.isaac.franka has been deprecated in favor of isaacsim.robot.manipulators.examples.universal_robots. Please update your code accordingly.
[8.172s] [ext: omni.isaac.utils-2.0.2] startup
[8.176s] [ext: omni.kit.manipulator.prim.core-107.0.7] startup
[8.186s] [ext: omni.fabric.commands-1.1.5] startup
[8.190s] [ext: omni.kit.manipulator.selection-106.0.1] startup
[8.193s] [ext: omni.kit.viewport.actions-107.0.0] startup
[8.200s] [ext: omni.kit.manipulator.prim.usd-107.0.3] startup
[8.203s] [ext: omni.kit.manipulator.prim.fabric-107.0.4] startup
[8.206s] [ext: isaacsim.cortex.behaviors-2.0.3] startup
[8.208s] [ext: omni.kit.widget.layers-1.8.2] startup
[8.227s] [ext: omni.kit.viewport.menubar.display-107.0.3] startup
[8.231s] [ext: omni.kit.manipulator.prim-107.0.0] startup
[8.232s] [ext: omni.isaac.cortex.sample_behaviors-2.0.2] startup
2026-06-21 03:34:25 [8,155ms] [Warning] [omni.isaac.cortex.sample_behaviors] omni.isaac.cortex.sample_behaviors has been deprecated in favor of isaacsim.cortex.behaviors. Please update your code accordingly.
[8.233s] [ext: omni.graph.ui_nodes-1.40.1] startup
[8.241s] [ext: omni.usdphysics.ui-106.5.7] startup
[8.287s] [ext: omni.physx.commands-106.5.7] startup
[8.294s] [ext: omni.kit.property.camera-1.0.9] startup
[8.297s] [ext: omni.hydra.scene_api-0.1.2] startup
[8.305s] [ext: omni.kit.property.geometry-1.3.3] startup
[8.310s] [ext: omni.kit.property.light-1.0.11] startup
[8.314s] [ext: omni.physx.ui-106.5.7] startup
[8.360s] [ext: omni.kit.property.material-1.10.17] startup
[8.371s] [ext: omni.kit.property.render-1.1.3] startup
[8.375s] [ext: omni.kit.property.transform-1.5.10] startup
[8.382s] [ext: omni.kit.property.audio-1.0.16] startup
[8.386s] [ext: isaacsim.gui.property-1.0.4] startup
[8.391s] [ext: omni.physx.demos-106.5.7] startup
[8.428s] [ext: omni.kit.property.physx-106.5.7] startup
[8.508s] [ext: omni.isaac.lula-4.0.2] startup
2026-06-21 03:34:25 [8,435ms] [Warning] [omni.isaac.lula] omni.isaac.lula has been deprecated in favor of isaacsim.robot_motion.lula. Please update your code accordingly.
[8.514s] [ext: omni.kit.property.bundle-1.3.2] startup
[8.517s] [ext: omni.kit.property.isaac-1.0.2] startup
2026-06-21 03:34:25 [8,442ms] [Warning] [omni.kit.property.isaac] omni.kit.property.isaac has been deprecated in favor of isaacsim.gui.property. Please update your code accordingly.
2026-06-21 03:34:25 [8,443ms] [Warning] [omni.kit.property.isaac.widgets] omni.kit.property.isaac.widgets has been deprecated in favor of isaacsim.gui.property.widgets. Please update your code accordingly.
[8.521s] [ext: omni.physx.vehicle-106.5.7] startup
[8.561s] [ext: omni.kit.viewport.menubar.camera-107.0.2] startup
[8.575s] [ext: omni.kit.viewport.menubar.lighting-106.0.2] startup
[8.581s] [ext: omni.kit.viewport.menubar.render-107.0.8] startup
[8.588s] [ext: omni.kit.viewport.menubar.settings-107.0.3] startup
[8.596s] [ext: omni.kit.window.console-0.2.14] startup
[8.618s] [ext: omni.physx.camera-106.5.7] startup
[8.643s] [ext: omni.kit.window.toolbar-1.6.2] startup
[8.652s] [ext: omni.isaac.version-2.0.2] startup
2026-06-21 03:34:25 [8,576ms] [Warning] [omni.isaac.version] omni.isaac.version has been deprecated in favor of isaacsim.core.version. Please update your code accordingly.
[8.655s] [ext: isaacsim.robot.wheeled_robots-4.0.3] startup
[8.666s] [ext: omni.physx.cct-106.5.7] startup
[8.706s] [ext: omni.physx.graph-106.5.7] startup
[8.775s] [ext: isaacsim.replicator.writers-1.0.1] startup
[8.844s] [ext: omni.physx.supportui-106.5.7] startup
[8.896s] [ext: omni.physx.telemetry-106.5.7] startup
[8.905s] [ext: omni.isaac.wheeled_robots-3.0.3] startup
2026-06-21 03:34:25 [8,830ms] [Warning] [omni.isaac.wheeled_robots] omni.isaac.wheeled_robots has been deprecated in favor of isaacsim.robot.wheeled_robots. Please update your code accordingly.
2026-06-21 03:34:25 [8,830ms] [Warning] [omni.isaac.wheeled_robots.controllers] omni.isaac.wheeled_robots has been deprecated in favor of isaacsim.robot.wheeled_robots. Please update your code accordingly.
2026-06-21 03:34:25 [8,830ms] [Warning] [omni.isaac.wheeled_robots.controllers.ackermann_controller] omni.isaac.wheeled_robots has been deprecated in favor of isaacsim.robot.wheeled_robots. Please update your code accordingly.
2026-06-21 03:34:25 [8,830ms] [Warning] [omni.isaac.wheeled_robots.controllers.differential_controller] omni.isaac.wheeled_robots has been deprecated in favor of isaacsim.robot.wheeled_robots. Please update your code accordingly.
2026-06-21 03:34:25 [8,830ms] [Warning] [omni.isaac.wheeled_robots.controllers.holonomic_controller] omni.isaac.wheeled_robots has been deprecated in favor of isaacsim.robot.wheeled_robots. Please update your code accordingly.
2026-06-21 03:34:25 [8,830ms] [Warning] [omni.isaac.wheeled_robots.controllers.quintic_path_planner] omni.isaac.wheeled_robots has been deprecated in favor of isaacsim.robot.wheeled_robots. Please update your code accordingly.
2026-06-21 03:34:25 [8,830ms] [Warning] [omni.isaac.wheeled_robots.controllers.stanley_control] omni.isaac.wheeled_robots has been deprecated in favor of isaacsim.robot.wheeled_robots. Please update your code accordingly.
2026-06-21 03:34:25 [8,831ms] [Warning] [omni.isaac.wheeled_robots.controllers.wheel_base_pose_controller] omni.isaac.wheeled_robots has been deprecated in favor of isaacsim.robot.wheeled_robots. Please update your code accordingly.
2026-06-21 03:34:25 [8,831ms] [Warning] [omni.isaac.wheeled_robots.impl] omni.isaac.wheeled_robots has been deprecated in favor of isaacsim.robot.wheeled_robots. Please update your code accordingly.
2026-06-21 03:34:25 [8,831ms] [Warning] [omni.isaac.wheeled_robots.robots] omni.isaac.wheeled_robots has been deprecated in favor of isaacsim.robot.wheeled_robots. Please update your code accordingly.
2026-06-21 03:34:25 [8,831ms] [Warning] [omni.isaac.wheeled_robots.robots.holonomic_robot_usd_setup] omni.isaac.wheeled_robots has been deprecated in favor of isaacsim.robot.wheeled_robots. Please update your code accordingly.
2026-06-21 03:34:25 [8,831ms] [Warning] [omni.isaac.wheeled_robots.robots.wheeled_robot] omni.isaac.wheeled_robots has been deprecated in favor of isaacsim.robot.wheeled_robots. Please update your code accordingly.
[8.909s] [ext: omni.isaac.franka-1.0.2] startup
2026-06-21 03:34:25 [8,836ms] [Warning] [omni.isaac.franka] omni.isaac.franka has been deprecated in favor of isaacsim.robot.manipulators.examples.franka. Please update your code accordingly.
2026-06-21 03:34:25 [8,836ms] [Warning] [omni.isaac.franka.franka] omni.isaac.franka has been deprecated in favor of isaacsim.robot.manipulators.examples.franka. Please update your code accordingly.
2026-06-21 03:34:25 [8,837ms] [Warning] [omni.isaac.franka.kinematics_solver] omni.isaac.franka has been deprecated in favor of isaacsim.robot.manipulators.examples.franka. Please update your code accordingly.
[8.916s] [ext: isaacsim.replicator.domain_randomization-1.0.2] startup
[8.924s] [ext: isaacsim.replicator.examples-1.1.2] startup
[8.929s] [ext: omni.kit.window.status_bar-0.1.7] startup
[8.947s] [ext: omni.rtx.window.settings-0.6.17] startup
[8.975s] [ext: omni.usd.metrics.assembler-106.5.0] startup
[8.990s] [ext: omni.physx.bundle-106.5.7] startup
[8.991s] [ext: isaacsim.app.about-2.0.7] startup
[8.993s] [ext: omni.replicator.isaac-2.0.3] startup
2026-06-21 03:34:25 [8,916ms] [Warning] [omni.replicator.isaac] omni.replicator.isaac has been deprecated in favor of isaacsim.replicator.domain_randomization, isaacsim.replicator.examples, isaacsim.replicator.writers. Please update your code accordingly.
[8.994s] [ext: omni.replicator.replicator_yaml-2.0.10] startup
[9.025s] [ext: omni.rtx.settings.core-0.6.3] startup
[9.035s] [ext: omni.usd.metrics.assembler.ui-106.5.0] startup
[9.052s] [ext: isaacsim.simulation_app-2.4.2] startup
[9.053s] [ext: omni.isaac.window.about-2.0.2] startup
2026-06-21 03:34:25 [8,980ms] [Warning] [omni.isaac.window.about] omni.isaac.window.about has been deprecated in favor of isaacsim.app.about. Please update your code accordingly.
2026-06-21 03:34:25 [8,981ms] [Warning] [omni.isaac.window.about.about] omni.isaac.window.about.about has been deprecated in favor of isaacsim.app.about.about. Please update your code accordingly.
[9.059s] [ext: semantics.schema.editor-0.3.10] startup
[9.065s] [ext: omni.kit.ui.actions-1.0.2] startup
[9.069s] [ext: semantics.schema.property-1.0.5] startup
[9.072s] [ext: omni.kit.manipulator.camera-106.0.3] startup
[9.079s] [ext: omni.isaac.kit-2.0.3] startup
2026-06-21 03:34:25 [9,003ms] [Warning] [omni.isaac.kit] omni.isaac.kit has been deprecated in favor of isaacsim.simulation_app. Please update your code accordingly.
[9.082s] [ext: omni.isaac.asset_browser-1.0.2] startup
2026-06-21 03:34:25 [9,005ms] [Warning] [omni.isaac.asset_browser] omni.isaac.asset_browser has been deprecated in favor of isaacsim.asset.browser. Please update your code accordingly.
[9.084s] [ext: isaacsim.core.throttling-2.0.2] startup
[9.087s] [ext: omni.kit.menu.common-1.1.9] startup
[9.091s] [ext: isaacsim.exp.base-4.5.0] startup
[9.092s] [ext: isaacsim.exp.base.python-4.5.0] startup
[9.097s] Simulation App Starting
[9.600s] app ready
2026-06-21 03:34:26 [9,660ms] [Warning] [rtx.scenedb.plugin] SceneDbContext : TLAS limit buffer size 7374781440
2026-06-21 03:34:26 [9,660ms] [Warning] [rtx.scenedb.plugin] SceneDbContext : TLAS limit : valid false, within: false
2026-06-21 03:34:26 [9,660ms] [Warning] [rtx.scenedb.plugin] SceneDbContext : TLAS limit : decrement: 167690, decrement size: 7301033856
2026-06-21 03:34:26 [9,660ms] [Warning] [rtx.scenedb.plugin] SceneDbContext : New limit 9748724 (slope: 439, intercept: 13179904)
2026-06-21 03:34:26 [9,660ms] [Warning] [rtx.scenedb.plugin] SceneDbContext : TLAS limit buffer size 4287352704
2026-06-21 03:34:26 [9,660ms] [Warning] [rtx.scenedb.plugin] SceneDbContext : TLAS limit : valid true, within: true
Starting kit application with the following args:  ['/srv/data/users/raditya/isaacsim/env_isaacsim/lib/python3.10/site-packages/isaacsim/exts/isaacsim.simulation_app/isaacsim/simulation_app/simulation_app.py', '/srv/data/users/raditya/isaacsim/env_isaacsim/lib/python3.10/site-packages/isaacsim/apps/isaacsim.exp.base.python.kit', '--/app/tokens/exe-path=/srv/data/users/raditya/isaacsim/env_isaacsim/lib/python3.10/site-packages/omni', '--/persistent/app/viewport/displayOptions=3094', '--/rtx/materialDb/syncLoads=True', '--/rtx/hydra/materialSyncLoads=True', '--/omni.kit.plugin/syncUsdLoads=True', '--/app/renderer/resolution/width=1280', '--/app/renderer/resolution/height=720', '--/app/window/width=1440', '--/app/window/height=900', '--/renderer/multiGpu/enabled=True', '--/app/fastShutdown=True', '--/app/installSignalHandlers=0', '--ext-folder', '/srv/data/users/raditya/isaacsim/env_isaacsim/lib/python3.10/site-packages/isaacsim/exts', '--ext-folder', '/srv/data/users/raditya/isaacsim/env_isaacsim/lib/python3.10/site-packages/isaacsim/apps', '--/physics/cudaDevice=0', '--portable']
Passing the following args to the base kit application:  []
Warp 1.5.0 initialized:
   CUDA Toolkit 11.8, Driver 12.6
   Devices:
     "cpu"      : "x86_64"
     "cuda:0"   : "NVIDIA RTX A6000" (47 GiB, sm_86, mempool enabled)
   Kernel cache:
     /srv/data/users/raditya/.cache/warp/1.5.0
>>> workcell viewer running; open noVNC to watch. Ctrl-C to stop.
