[0.012s] Invoking command in '/home/rama/Documents/code/Docker/moonshot_project/ros2_ws/build/moving_table_interfaces': CMAKE_PREFIX_PATH=${CMAKE_PREFIX_PATH}:/home/rama/Documents/code/Docker/moonshot_project/ros2_ws/install/moving_table_pkg:/opt/ros/humble /usr/bin/cmake /home/rama/Documents/code/Docker/moonshot_project/ros2_ws/src/moving_table_interfaces -DAMENT_CMAKE_SYMLINK_INSTALL=1 -DCMAKE_INSTALL_PREFIX=/home/rama/Documents/code/Docker/moonshot_project/ros2_ws/install/moving_table_interfaces
[0.047s] -- The C compiler identification is GNU 11.4.0
[0.083s] -- The CXX compiler identification is GNU 11.4.0
[0.088s] -- Detecting C compiler ABI info
[0.132s] -- Detecting C compiler ABI info - done
[0.137s] -- Check for working C compiler: /usr/bin/cc - skipped
[0.137s] -- Detecting C compile features
[0.137s] -- Detecting C compile features - done
[0.139s] -- Detecting CXX compiler ABI info
[0.193s] -- Detecting CXX compiler ABI info - done
[0.197s] -- Check for working CXX compiler: /usr/bin/c++ - skipped
[0.197s] -- Detecting CXX compile features
[0.198s] -- Detecting CXX compile features - done
[0.199s] -- Found ament_cmake: 1.3.12 (/opt/ros/humble/share/ament_cmake/cmake)
[0.297s] -- Found Python3: /usr/bin/python3 (found version "3.10.12") found components: Interpreter 
[0.339s] -- Override CMake install command with custom implementation using symlinks instead of copying resources
[0.357s] -- Found rosidl_default_generators: 1.2.0 (/opt/ros/humble/share/rosidl_default_generators/cmake)
[0.359s] -- Using all available rosidl_typesupport_c: rosidl_typesupport_fastrtps_c;rosidl_typesupport_introspection_c
[0.363s] -- Found rosidl_adapter: 3.1.7 (/opt/ros/humble/share/rosidl_adapter/cmake)
[0.388s] -- Using all available rosidl_typesupport_cpp: rosidl_typesupport_fastrtps_cpp;rosidl_typesupport_introspection_cpp
[0.573s] -- Found ament_cmake_ros: 0.10.0 (/opt/ros/humble/share/ament_cmake_ros/cmake)
[0.696s] -- Using all available rosidl_typesupport_c: rosidl_typesupport_fastrtps_c;rosidl_typesupport_introspection_c
[0.861s] -- Using all available rosidl_typesupport_cpp: rosidl_typesupport_fastrtps_cpp;rosidl_typesupport_introspection_cpp
[0.879s] -- Found PythonInterp: /usr/bin/python3 (found suitable version "3.10.12", minimum required is "3.6") 
[0.880s] -- Found python_cmake_module: 0.10.0 (/opt/ros/humble/share/python_cmake_module/cmake)
[0.900s] -- Found PythonLibs: /usr/lib/x86_64-linux-gnu/libpython3.10.so (found suitable version "3.10.12", minimum required is "3.5") 
[0.900s] -- Using PYTHON_EXECUTABLE: /usr/bin/python3
[0.900s] -- Using PYTHON_INCLUDE_DIRS: /usr/include/python3.10
[0.900s] -- Using PYTHON_LIBRARIES: /usr/lib/x86_64-linux-gnu/libpython3.10.so
[0.917s] -- Found PythonExtra: .so  
[0.949s] -- Configuring done
[0.967s] -- Generating done
[0.973s] -- Build files have been written to: /home/rama/Documents/code/Docker/moonshot_project/ros2_ws/build/moving_table_interfaces
[0.978s] Invoked command in '/home/rama/Documents/code/Docker/moonshot_project/ros2_ws/build/moving_table_interfaces' returned '0': CMAKE_PREFIX_PATH=${CMAKE_PREFIX_PATH}:/home/rama/Documents/code/Docker/moonshot_project/ros2_ws/install/moving_table_pkg:/opt/ros/humble /usr/bin/cmake /home/rama/Documents/code/Docker/moonshot_project/ros2_ws/src/moving_table_interfaces -DAMENT_CMAKE_SYMLINK_INSTALL=1 -DCMAKE_INSTALL_PREFIX=/home/rama/Documents/code/Docker/moonshot_project/ros2_ws/install/moving_table_interfaces
[0.979s] Invoking command in '/home/rama/Documents/code/Docker/moonshot_project/ros2_ws/build/moving_table_interfaces': CMAKE_PREFIX_PATH=${CMAKE_PREFIX_PATH}:/home/rama/Documents/code/Docker/moonshot_project/ros2_ws/install/moving_table_pkg:/opt/ros/humble /usr/bin/cmake --build /home/rama/Documents/code/Docker/moonshot_project/ros2_ws/build/moving_table_interfaces -- -j16 -l16
[1.004s] [  3%] [34m[1mGenerating C code for ROS interfaces[0m
[1.011s] [  6%] [34m[1mGenerating C++ code for ROS interfaces[0m
[1.018s] [  6%] Built target ament_cmake_python_symlink_moving_table_interfaces
[1.183s] running egg_info
[1.184s] creating moving_table_interfaces.egg-info
[1.184s] writing moving_table_interfaces.egg-info/PKG-INFO
[1.184s] writing dependency_links to moving_table_interfaces.egg-info/dependency_links.txt
[1.184s] writing top-level names to moving_table_interfaces.egg-info/top_level.txt
[1.184s] writing manifest file 'moving_table_interfaces.egg-info/SOURCES.txt'
[1.186s] reading manifest file 'moving_table_interfaces.egg-info/SOURCES.txt'
[1.186s] writing manifest file 'moving_table_interfaces.egg-info/SOURCES.txt'
[1.207s] [  6%] Built target ament_cmake_python_build_moving_table_interfaces_egg
[1.207s] [  6%] Built target moving_table_interfaces__cpp
[1.209s] [  9%] [32mBuilding C object CMakeFiles/moving_table_interfaces__rosidl_generator_c.dir/rosidl_generator_c/moving_table_interfaces/srv/detail/moving_table__functions.c.o[0m
[1.215s] [ 16%] [34m[1mGenerating C++ type support dispatch for ROS interfaces[0m
[1.215s] [ 16%] [34m[1mGenerating C++ introspection for ROS interfaces[0m
[1.216s] [ 19%] [34m[1mGenerating C++ type support for eProsima Fast-RTPS[0m
[1.249s] [ 22%] [32m[1mLinking C shared library libmoving_table_interfaces__rosidl_generator_c.so[0m
[1.275s] [ 22%] Built target moving_table_interfaces__rosidl_generator_c
[1.283s] [ 29%] [34m[1mGenerating C type support for eProsima Fast-RTPS[0m
[1.283s] [ 29%] [34m[1mGenerating C introspection for ROS interfaces[0m
[1.283s] [ 32%] [34m[1mGenerating C type support dispatch for ROS interfaces[0m
[1.432s] [ 35%] [32mBuilding CXX object CMakeFiles/moving_table_interfaces__rosidl_typesupport_cpp.dir/rosidl_typesupport_cpp/moving_table_interfaces/srv/moving_table__type_support.cpp.o[0m
[1.435s] [ 38%] [32mBuilding CXX object CMakeFiles/moving_table_interfaces__rosidl_typesupport_introspection_cpp.dir/rosidl_typesupport_introspection_cpp/moving_table_interfaces/srv/detail/moving_table__type_support.cpp.o[0m
[1.457s] [ 41%] [32mBuilding CXX object CMakeFiles/moving_table_interfaces__rosidl_typesupport_fastrtps_cpp.dir/rosidl_typesupport_fastrtps_cpp/moving_table_interfaces/srv/detail/dds_fastrtps/moving_table__type_support.cpp.o[0m
[1.523s] [ 45%] [32mBuilding CXX object CMakeFiles/moving_table_interfaces__rosidl_typesupport_c.dir/rosidl_typesupport_c/moving_table_interfaces/srv/moving_table__type_support.cpp.o[0m
[1.546s] [ 48%] [32mBuilding CXX object CMakeFiles/moving_table_interfaces__rosidl_typesupport_fastrtps_c.dir/rosidl_typesupport_fastrtps_c/moving_table_interfaces/srv/detail/moving_table__type_support_c.cpp.o[0m
[1.555s] [ 51%] [32m[1mLinking CXX shared library libmoving_table_interfaces__rosidl_typesupport_c.so[0m
[1.557s] [ 54%] [32mBuilding C object CMakeFiles/moving_table_interfaces__rosidl_typesupport_introspection_c.dir/rosidl_typesupport_introspection_c/moving_table_interfaces/srv/detail/moving_table__type_support.c.o[0m
[1.584s] [ 54%] Built target moving_table_interfaces__rosidl_typesupport_c
[1.595s] [ 58%] [32m[1mLinking C shared library libmoving_table_interfaces__rosidl_typesupport_introspection_c.so[0m
[1.619s] [ 58%] Built target moving_table_interfaces__rosidl_typesupport_introspection_c
[1.675s] [ 61%] [32m[1mLinking CXX shared library libmoving_table_interfaces__rosidl_typesupport_cpp.so[0m
[1.703s] [ 61%] Built target moving_table_interfaces__rosidl_typesupport_cpp
[1.717s] [ 64%] [32m[1mLinking CXX shared library libmoving_table_interfaces__rosidl_typesupport_introspection_cpp.so[0m
[1.753s] [ 67%] [32m[1mLinking CXX shared library libmoving_table_interfaces__rosidl_typesupport_fastrtps_cpp.so[0m
[1.760s] [ 67%] Built target moving_table_interfaces__rosidl_typesupport_introspection_cpp
[1.797s] [ 70%] [32m[1mLinking CXX shared library libmoving_table_interfaces__rosidl_typesupport_fastrtps_c.so[0m
[1.801s] [ 70%] Built target moving_table_interfaces__rosidl_typesupport_fastrtps_cpp
[1.852s] [ 70%] Built target moving_table_interfaces__rosidl_typesupport_fastrtps_c
[1.867s] [ 70%] Built target moving_table_interfaces
[1.884s] [ 74%] [34m[1mGenerating Python code for ROS interfaces[0m
[2.128s] [ 74%] Built target moving_table_interfaces__py
[2.140s] [ 77%] [32mBuilding C object CMakeFiles/moving_table_interfaces__rosidl_generator_py.dir/rosidl_generator_py/moving_table_interfaces/srv/_moving_table_s.c.o[0m
[2.206s] [ 80%] [32m[1mLinking C shared library rosidl_generator_py/moving_table_interfaces/libmoving_table_interfaces__rosidl_generator_py.so[0m
[2.233s] [ 80%] Built target moving_table_interfaces__rosidl_generator_py
[2.246s] [ 83%] [32mBuilding C object CMakeFiles/moving_table_interfaces__rosidl_typesupport_fastrtps_c__pyext.dir/rosidl_generator_py/moving_table_interfaces/_moving_table_interfaces_s.ep.rosidl_typesupport_fastrtps_c.c.o[0m
[2.246s] [ 87%] [32mBuilding C object CMakeFiles/moving_table_interfaces__rosidl_typesupport_introspection_c__pyext.dir/rosidl_generator_py/moving_table_interfaces/_moving_table_interfaces_s.ep.rosidl_typesupport_introspection_c.c.o[0m
[2.246s] [ 90%] [32mBuilding C object CMakeFiles/moving_table_interfaces__rosidl_typesupport_c__pyext.dir/rosidl_generator_py/moving_table_interfaces/_moving_table_interfaces_s.ep.rosidl_typesupport_c.c.o[0m
[2.307s] [ 93%] [32m[1mLinking C shared library rosidl_generator_py/moving_table_interfaces/moving_table_interfaces_s__rosidl_typesupport_c.cpython-310-x86_64-linux-gnu.so[0m
[2.308s] [ 96%] [32m[1mLinking C shared library rosidl_generator_py/moving_table_interfaces/moving_table_interfaces_s__rosidl_typesupport_introspection_c.cpython-310-x86_64-linux-gnu.so[0m
[2.310s] [100%] [32m[1mLinking C shared library rosidl_generator_py/moving_table_interfaces/moving_table_interfaces_s__rosidl_typesupport_fastrtps_c.cpython-310-x86_64-linux-gnu.so[0m
[2.330s] [100%] Built target moving_table_interfaces__rosidl_typesupport_introspection_c__pyext
[2.330s] [100%] Built target moving_table_interfaces__rosidl_typesupport_c__pyext
[2.331s] [100%] Built target moving_table_interfaces__rosidl_typesupport_fastrtps_c__pyext
[2.338s] Invoked command in '/home/rama/Documents/code/Docker/moonshot_project/ros2_ws/build/moving_table_interfaces' returned '0': CMAKE_PREFIX_PATH=${CMAKE_PREFIX_PATH}:/home/rama/Documents/code/Docker/moonshot_project/ros2_ws/install/moving_table_pkg:/opt/ros/humble /usr/bin/cmake --build /home/rama/Documents/code/Docker/moonshot_project/ros2_ws/build/moving_table_interfaces -- -j16 -l16
[2.339s] Invoking command in '/home/rama/Documents/code/Docker/moonshot_project/ros2_ws/build/moving_table_interfaces': CMAKE_PREFIX_PATH=${CMAKE_PREFIX_PATH}:/home/rama/Documents/code/Docker/moonshot_project/ros2_ws/install/moving_table_pkg:/opt/ros/humble /usr/bin/cmake --install /home/rama/Documents/code/Docker/moonshot_project/ros2_ws/build/moving_table_interfaces
[2.344s] -- Install configuration: ""
[2.344s] -- Execute custom install script
[2.344s] -- Symlinking: /home/rama/Documents/code/Docker/moonshot_project/ros2_ws/install/moving_table_interfaces/share/ament_index/resource_index/rosidl_interfaces/moving_table_interfaces
[2.350s] -- Symlinking: /home/rama/Documents/code/Docker/moonshot_project/ros2_ws/install/moving_table_interfaces/include/moving_table_interfaces/moving_table_interfaces/msg/rosidl_generator_c__visibility_control.h
[2.355s] -- Symlinking: /home/rama/Documents/code/Docker/moonshot_project/ros2_ws/install/moving_table_interfaces/include/moving_table_interfaces/moving_table_interfaces/srv/detail/moving_table__functions.h
[2.360s] -- Symlinking: /home/rama/Documents/code/Docker/moonshot_project/ros2_ws/install/moving_table_interfaces/include/moving_table_interfaces/moving_table_interfaces/srv/detail/moving_table__struct.h
[2.365s] -- Symlinking: /home/rama/Documents/code/Docker/moonshot_project/ros2_ws/install/moving_table_interfaces/include/moving_table_interfaces/moving_table_interfaces/srv/detail/moving_table__type_support.h
[2.370s] -- Symlinking: /home/rama/Documents/code/Docker/moonshot_project/ros2_ws/install/moving_table_interfaces/include/moving_table_interfaces/moving_table_interfaces/srv/moving_table.h
[2.376s] -- Symlinking: /home/rama/Documents/code/Docker/moonshot_project/ros2_ws/install/moving_table_interfaces/share/moving_table_interfaces/environment/library_path.sh
[2.381s] -- Symlinking: /home/rama/Documents/code/Docker/moonshot_project/ros2_ws/install/moving_table_interfaces/share/moving_table_interfaces/environment/library_path.dsv
[2.386s] -- Symlinking: /home/rama/Documents/code/Docker/moonshot_project/ros2_ws/install/moving_table_interfaces/include/moving_table_interfaces/moving_table_interfaces/msg/rosidl_typesupport_fastrtps_c__visibility_control.h
[2.391s] -- Symlinking: /home/rama/Documents/code/Docker/moonshot_project/ros2_ws/install/moving_table_interfaces/include/moving_table_interfaces/moving_table_interfaces/srv/detail/moving_table__rosidl_typesupport_fastrtps_c.h
[2.396s] -- Symlinking: /home/rama/Documents/code/Docker/moonshot_project/ros2_ws/install/moving_table_interfaces/include/moving_table_interfaces/moving_table_interfaces/msg/rosidl_typesupport_introspection_c__visibility_control.h
[2.401s] -- Symlinking: /home/rama/Documents/code/Docker/moonshot_project/ros2_ws/install/moving_table_interfaces/include/moving_table_interfaces/moving_table_interfaces/srv/detail/moving_table__rosidl_typesupport_introspection_c.h
[2.407s] -- Symlinking: /home/rama/Documents/code/Docker/moonshot_project/ros2_ws/install/moving_table_interfaces/include/moving_table_interfaces/moving_table_interfaces/msg/rosidl_generator_cpp__visibility_control.hpp
[2.414s] -- Symlinking: /home/rama/Documents/code/Docker/moonshot_project/ros2_ws/install/moving_table_interfaces/include/moving_table_interfaces/moving_table_interfaces/srv/detail/moving_table__builder.hpp
[2.420s] -- Symlinking: /home/rama/Documents/code/Docker/moonshot_project/ros2_ws/install/moving_table_interfaces/include/moving_table_interfaces/moving_table_interfaces/srv/detail/moving_table__struct.hpp
[2.426s] -- Symlinking: /home/rama/Documents/code/Docker/moonshot_project/ros2_ws/install/moving_table_interfaces/include/moving_table_interfaces/moving_table_interfaces/srv/detail/moving_table__traits.hpp
[2.431s] -- Symlinking: /home/rama/Documents/code/Docker/moonshot_project/ros2_ws/install/moving_table_interfaces/include/moving_table_interfaces/moving_table_interfaces/srv/detail/moving_table__type_support.hpp
[2.437s] -- Symlinking: /home/rama/Documents/code/Docker/moonshot_project/ros2_ws/install/moving_table_interfaces/include/moving_table_interfaces/moving_table_interfaces/srv/moving_table.hpp
[2.443s] -- Symlinking: /home/rama/Documents/code/Docker/moonshot_project/ros2_ws/install/moving_table_interfaces/include/moving_table_interfaces/moving_table_interfaces/msg/rosidl_typesupport_fastrtps_cpp__visibility_control.h
[2.448s] -- Symlinking: /home/rama/Documents/code/Docker/moonshot_project/ros2_ws/install/moving_table_interfaces/include/moving_table_interfaces/moving_table_interfaces/srv/detail/moving_table__rosidl_typesupport_fastrtps_cpp.hpp
[2.454s] -- Symlinking: /home/rama/Documents/code/Docker/moonshot_project/ros2_ws/install/moving_table_interfaces/include/moving_table_interfaces/moving_table_interfaces/srv/detail/moving_table__rosidl_typesupport_introspection_cpp.hpp
[2.459s] -- Symlinking: /home/rama/Documents/code/Docker/moonshot_project/ros2_ws/install/moving_table_interfaces/share/moving_table_interfaces/environment/pythonpath.sh
[2.464s] -- Symlinking: /home/rama/Documents/code/Docker/moonshot_project/ros2_ws/install/moving_table_interfaces/share/moving_table_interfaces/environment/pythonpath.dsv
[2.469s] -- Symlinking: /home/rama/Documents/code/Docker/moonshot_project/ros2_ws/install/moving_table_interfaces/local/lib/python3.10/dist-packages/moving_table_interfaces-0.0.0-py3.10.egg-info/PKG-INFO
[2.473s] -- Symlinking: /home/rama/Documents/code/Docker/moonshot_project/ros2_ws/install/moving_table_interfaces/local/lib/python3.10/dist-packages/moving_table_interfaces-0.0.0-py3.10.egg-info/SOURCES.txt
[2.478s] -- Symlinking: /home/rama/Documents/code/Docker/moonshot_project/ros2_ws/install/moving_table_interfaces/local/lib/python3.10/dist-packages/moving_table_interfaces-0.0.0-py3.10.egg-info/dependency_links.txt
[2.483s] -- Symlinking: /home/rama/Documents/code/Docker/moonshot_project/ros2_ws/install/moving_table_interfaces/local/lib/python3.10/dist-packages/moving_table_interfaces-0.0.0-py3.10.egg-info/top_level.txt
[2.488s] -- Symlinking: /home/rama/Documents/code/Docker/moonshot_project/ros2_ws/install/moving_table_interfaces/local/lib/python3.10/dist-packages/moving_table_interfaces/__init__.py
[2.493s] -- Symlinking: /home/rama/Documents/code/Docker/moonshot_project/ros2_ws/install/moving_table_interfaces/local/lib/python3.10/dist-packages/moving_table_interfaces/_moving_table_interfaces_s.ep.rosidl_typesupport_c.c
[2.498s] -- Symlinking: /home/rama/Documents/code/Docker/moonshot_project/ros2_ws/install/moving_table_interfaces/local/lib/python3.10/dist-packages/moving_table_interfaces/_moving_table_interfaces_s.ep.rosidl_typesupport_fastrtps_c.c
[2.503s] -- Symlinking: /home/rama/Documents/code/Docker/moonshot_project/ros2_ws/install/moving_table_interfaces/local/lib/python3.10/dist-packages/moving_table_interfaces/_moving_table_interfaces_s.ep.rosidl_typesupport_introspection_c.c
[2.509s] -- Symlinking: /home/rama/Documents/code/Docker/moonshot_project/ros2_ws/install/moving_table_interfaces/local/lib/python3.10/dist-packages/moving_table_interfaces/libmoving_table_interfaces__rosidl_generator_py.so
[2.515s] -- Symlinking: /home/rama/Documents/code/Docker/moonshot_project/ros2_ws/install/moving_table_interfaces/local/lib/python3.10/dist-packages/moving_table_interfaces/moving_table_interfaces_s__rosidl_typesupport_c.cpython-310-x86_64-linux-gnu.so
[2.520s] -- Symlinking: /home/rama/Documents/code/Docker/moonshot_project/ros2_ws/install/moving_table_interfaces/local/lib/python3.10/dist-packages/moving_table_interfaces/moving_table_interfaces_s__rosidl_typesupport_fastrtps_c.cpython-310-x86_64-linux-gnu.so
[2.525s] -- Symlinking: /home/rama/Documents/code/Docker/moonshot_project/ros2_ws/install/moving_table_interfaces/local/lib/python3.10/dist-packages/moving_table_interfaces/moving_table_interfaces_s__rosidl_typesupport_introspection_c.cpython-310-x86_64-linux-gnu.so
[2.530s] -- Symlinking: /home/rama/Documents/code/Docker/moonshot_project/ros2_ws/install/moving_table_interfaces/local/lib/python3.10/dist-packages/moving_table_interfaces/srv/__init__.py
[2.534s] -- Symlinking: /home/rama/Documents/code/Docker/moonshot_project/ros2_ws/install/moving_table_interfaces/local/lib/python3.10/dist-packages/moving_table_interfaces/srv/_moving_table.py
[2.539s] -- Symlinking: /home/rama/Documents/code/Docker/moonshot_project/ros2_ws/install/moving_table_interfaces/local/lib/python3.10/dist-packages/moving_table_interfaces/srv/_moving_table_s.c
[2.544s] -- Up-to-date symlink: /home/rama/Documents/code/Docker/moonshot_project/ros2_ws/install/moving_table_interfaces/local/lib/python3.10/dist-packages/moving_table_interfaces/moving_table_interfaces_s__rosidl_typesupport_fastrtps_c.cpython-310-x86_64-linux-gnu.so
[2.544s] -- Up-to-date symlink: /home/rama/Documents/code/Docker/moonshot_project/ros2_ws/install/moving_table_interfaces/local/lib/python3.10/dist-packages/moving_table_interfaces/moving_table_interfaces_s__rosidl_typesupport_introspection_c.cpython-310-x86_64-linux-gnu.so
[2.544s] -- Up-to-date symlink: /home/rama/Documents/code/Docker/moonshot_project/ros2_ws/install/moving_table_interfaces/local/lib/python3.10/dist-packages/moving_table_interfaces/moving_table_interfaces_s__rosidl_typesupport_c.cpython-310-x86_64-linux-gnu.so
[2.544s] -- Symlinking: /home/rama/Documents/code/Docker/moonshot_project/ros2_ws/install/moving_table_interfaces/share/moving_table_interfaces/srv/MovingTable.idl
[2.549s] -- Symlinking: /home/rama/Documents/code/Docker/moonshot_project/ros2_ws/install/moving_table_interfaces/share/moving_table_interfaces/srv/MovingTable.srv
[2.554s] -- Symlinking: /home/rama/Documents/code/Docker/moonshot_project/ros2_ws/install/moving_table_interfaces/share/moving_table_interfaces/srv/MovingTable_Request.msg
[2.559s] -- Symlinking: /home/rama/Documents/code/Docker/moonshot_project/ros2_ws/install/moving_table_interfaces/share/moving_table_interfaces/srv/MovingTable_Response.msg
[2.564s] -- Symlinking: /home/rama/Documents/code/Docker/moonshot_project/ros2_ws/install/moving_table_interfaces/share/ament_index/resource_index/package_run_dependencies/moving_table_interfaces
[2.572s] -- Symlinking: /home/rama/Documents/code/Docker/moonshot_project/ros2_ws/install/moving_table_interfaces/share/ament_index/resource_index/parent_prefix_path/moving_table_interfaces
[2.582s] -- Symlinking: /home/rama/Documents/code/Docker/moonshot_project/ros2_ws/install/moving_table_interfaces/share/moving_table_interfaces/environment/ament_prefix_path.sh
[2.588s] -- Symlinking: /home/rama/Documents/code/Docker/moonshot_project/ros2_ws/install/moving_table_interfaces/share/moving_table_interfaces/environment/ament_prefix_path.dsv
[2.593s] -- Symlinking: /home/rama/Documents/code/Docker/moonshot_project/ros2_ws/install/moving_table_interfaces/share/moving_table_interfaces/environment/path.sh
[2.598s] -- Symlinking: /home/rama/Documents/code/Docker/moonshot_project/ros2_ws/install/moving_table_interfaces/share/moving_table_interfaces/environment/path.dsv
[2.602s] -- Symlinking: /home/rama/Documents/code/Docker/moonshot_project/ros2_ws/install/moving_table_interfaces/share/moving_table_interfaces/local_setup.bash
[2.608s] -- Symlinking: /home/rama/Documents/code/Docker/moonshot_project/ros2_ws/install/moving_table_interfaces/share/moving_table_interfaces/local_setup.sh
[2.615s] -- Symlinking: /home/rama/Documents/code/Docker/moonshot_project/ros2_ws/install/moving_table_interfaces/share/moving_table_interfaces/local_setup.zsh
[2.621s] -- Symlinking: /home/rama/Documents/code/Docker/moonshot_project/ros2_ws/install/moving_table_interfaces/share/moving_table_interfaces/local_setup.dsv
[2.626s] -- Symlinking: /home/rama/Documents/code/Docker/moonshot_project/ros2_ws/install/moving_table_interfaces/share/moving_table_interfaces/package.dsv
[2.631s] -- Symlinking: /home/rama/Documents/code/Docker/moonshot_project/ros2_ws/install/moving_table_interfaces/share/ament_index/resource_index/packages/moving_table_interfaces
[2.636s] -- Symlinking: /home/rama/Documents/code/Docker/moonshot_project/ros2_ws/install/moving_table_interfaces/share/moving_table_interfaces/cmake/rosidl_cmake-extras.cmake
[2.641s] -- Symlinking: /home/rama/Documents/code/Docker/moonshot_project/ros2_ws/install/moving_table_interfaces/share/moving_table_interfaces/cmake/ament_cmake_export_include_directories-extras.cmake
[2.646s] -- Symlinking: /home/rama/Documents/code/Docker/moonshot_project/ros2_ws/install/moving_table_interfaces/share/moving_table_interfaces/cmake/ament_cmake_export_libraries-extras.cmake
[2.651s] -- Symlinking: /home/rama/Documents/code/Docker/moonshot_project/ros2_ws/install/moving_table_interfaces/share/moving_table_interfaces/cmake/ament_cmake_export_targets-extras.cmake
[2.656s] -- Symlinking: /home/rama/Documents/code/Docker/moonshot_project/ros2_ws/install/moving_table_interfaces/share/moving_table_interfaces/cmake/rosidl_cmake_export_typesupport_targets-extras.cmake
[2.663s] -- Symlinking: /home/rama/Documents/code/Docker/moonshot_project/ros2_ws/install/moving_table_interfaces/share/moving_table_interfaces/cmake/ament_cmake_export_dependencies-extras.cmake
[2.668s] -- Symlinking: /home/rama/Documents/code/Docker/moonshot_project/ros2_ws/install/moving_table_interfaces/share/moving_table_interfaces/cmake/rosidl_cmake_export_typesupport_libraries-extras.cmake
[2.675s] -- Symlinking: /home/rama/Documents/code/Docker/moonshot_project/ros2_ws/install/moving_table_interfaces/share/moving_table_interfaces/cmake/moving_table_interfacesConfig.cmake
[2.681s] -- Symlinking: /home/rama/Documents/code/Docker/moonshot_project/ros2_ws/install/moving_table_interfaces/share/moving_table_interfaces/cmake/moving_table_interfacesConfig-version.cmake
[2.687s] -- Symlinking: /home/rama/Documents/code/Docker/moonshot_project/ros2_ws/install/moving_table_interfaces/share/moving_table_interfaces/package.xml
[2.693s] -- Installing: /home/rama/Documents/code/Docker/moonshot_project/ros2_ws/install/moving_table_interfaces/lib/libmoving_table_interfaces__rosidl_generator_c.so
[2.693s] -- Set runtime path of "/home/rama/Documents/code/Docker/moonshot_project/ros2_ws/install/moving_table_interfaces/lib/libmoving_table_interfaces__rosidl_generator_c.so" to ""
[2.693s] -- Installing: /home/rama/Documents/code/Docker/moonshot_project/ros2_ws/install/moving_table_interfaces/lib/libmoving_table_interfaces__rosidl_typesupport_fastrtps_c.so
[2.694s] -- Set runtime path of "/home/rama/Documents/code/Docker/moonshot_project/ros2_ws/install/moving_table_interfaces/lib/libmoving_table_interfaces__rosidl_typesupport_fastrtps_c.so" to ""
[2.694s] -- Installing: /home/rama/Documents/code/Docker/moonshot_project/ros2_ws/install/moving_table_interfaces/lib/libmoving_table_interfaces__rosidl_typesupport_introspection_c.so
[2.694s] -- Set runtime path of "/home/rama/Documents/code/Docker/moonshot_project/ros2_ws/install/moving_table_interfaces/lib/libmoving_table_interfaces__rosidl_typesupport_introspection_c.so" to ""
[2.694s] -- Installing: /home/rama/Documents/code/Docker/moonshot_project/ros2_ws/install/moving_table_interfaces/lib/libmoving_table_interfaces__rosidl_typesupport_c.so
[2.694s] -- Set runtime path of "/home/rama/Documents/code/Docker/moonshot_project/ros2_ws/install/moving_table_interfaces/lib/libmoving_table_interfaces__rosidl_typesupport_c.so" to ""
[2.694s] -- Installing: /home/rama/Documents/code/Docker/moonshot_project/ros2_ws/install/moving_table_interfaces/lib/libmoving_table_interfaces__rosidl_typesupport_fastrtps_cpp.so
[2.694s] -- Set runtime path of "/home/rama/Documents/code/Docker/moonshot_project/ros2_ws/install/moving_table_interfaces/lib/libmoving_table_interfaces__rosidl_typesupport_fastrtps_cpp.so" to ""
[2.694s] -- Installing: /home/rama/Documents/code/Docker/moonshot_project/ros2_ws/install/moving_table_interfaces/lib/libmoving_table_interfaces__rosidl_typesupport_introspection_cpp.so
[2.694s] -- Set runtime path of "/home/rama/Documents/code/Docker/moonshot_project/ros2_ws/install/moving_table_interfaces/lib/libmoving_table_interfaces__rosidl_typesupport_introspection_cpp.so" to ""
[2.694s] -- Installing: /home/rama/Documents/code/Docker/moonshot_project/ros2_ws/install/moving_table_interfaces/lib/libmoving_table_interfaces__rosidl_typesupport_cpp.so
[2.695s] -- Set runtime path of "/home/rama/Documents/code/Docker/moonshot_project/ros2_ws/install/moving_table_interfaces/lib/libmoving_table_interfaces__rosidl_typesupport_cpp.so" to ""
[2.724s] Listing '/home/rama/Documents/code/Docker/moonshot_project/ros2_ws/install/moving_table_interfaces/local/lib/python3.10/dist-packages/moving_table_interfaces'...
[2.724s] Compiling '/home/rama/Documents/code/Docker/moonshot_project/ros2_ws/install/moving_table_interfaces/local/lib/python3.10/dist-packages/moving_table_interfaces/__init__.py'...
[2.724s] Listing '/home/rama/Documents/code/Docker/moonshot_project/ros2_ws/install/moving_table_interfaces/local/lib/python3.10/dist-packages/moving_table_interfaces/srv'...
[2.724s] Compiling '/home/rama/Documents/code/Docker/moonshot_project/ros2_ws/install/moving_table_interfaces/local/lib/python3.10/dist-packages/moving_table_interfaces/srv/__init__.py'...
[2.724s] Compiling '/home/rama/Documents/code/Docker/moonshot_project/ros2_ws/install/moving_table_interfaces/local/lib/python3.10/dist-packages/moving_table_interfaces/srv/_moving_table.py'...
[2.727s] -- Installing: /home/rama/Documents/code/Docker/moonshot_project/ros2_ws/install/moving_table_interfaces/lib/libmoving_table_interfaces__rosidl_generator_py.so
[2.727s] -- Set runtime path of "/home/rama/Documents/code/Docker/moonshot_project/ros2_ws/install/moving_table_interfaces/lib/libmoving_table_interfaces__rosidl_generator_py.so" to ""
[2.727s] -- Installing: /home/rama/Documents/code/Docker/moonshot_project/ros2_ws/install/moving_table_interfaces/share/moving_table_interfaces/cmake/export_moving_table_interfaces__rosidl_generator_cExport.cmake
[2.727s] -- Installing: /home/rama/Documents/code/Docker/moonshot_project/ros2_ws/install/moving_table_interfaces/share/moving_table_interfaces/cmake/export_moving_table_interfaces__rosidl_generator_cExport-noconfig.cmake
[2.727s] -- Installing: /home/rama/Documents/code/Docker/moonshot_project/ros2_ws/install/moving_table_interfaces/share/moving_table_interfaces/cmake/export_moving_table_interfaces__rosidl_typesupport_fastrtps_cExport.cmake
[2.727s] -- Installing: /home/rama/Documents/code/Docker/moonshot_project/ros2_ws/install/moving_table_interfaces/share/moving_table_interfaces/cmake/export_moving_table_interfaces__rosidl_typesupport_fastrtps_cExport-noconfig.cmake
[2.727s] -- Installing: /home/rama/Documents/code/Docker/moonshot_project/ros2_ws/install/moving_table_interfaces/share/moving_table_interfaces/cmake/moving_table_interfaces__rosidl_typesupport_introspection_cExport.cmake
[2.727s] -- Installing: /home/rama/Documents/code/Docker/moonshot_project/ros2_ws/install/moving_table_interfaces/share/moving_table_interfaces/cmake/moving_table_interfaces__rosidl_typesupport_introspection_cExport-noconfig.cmake
[2.727s] -- Installing: /home/rama/Documents/code/Docker/moonshot_project/ros2_ws/install/moving_table_interfaces/share/moving_table_interfaces/cmake/moving_table_interfaces__rosidl_typesupport_cExport.cmake
[2.727s] -- Installing: /home/rama/Documents/code/Docker/moonshot_project/ros2_ws/install/moving_table_interfaces/share/moving_table_interfaces/cmake/moving_table_interfaces__rosidl_typesupport_cExport-noconfig.cmake
[2.727s] -- Installing: /home/rama/Documents/code/Docker/moonshot_project/ros2_ws/install/moving_table_interfaces/share/moving_table_interfaces/cmake/export_moving_table_interfaces__rosidl_generator_cppExport.cmake
[2.727s] -- Installing: /home/rama/Documents/code/Docker/moonshot_project/ros2_ws/install/moving_table_interfaces/share/moving_table_interfaces/cmake/export_moving_table_interfaces__rosidl_typesupport_fastrtps_cppExport.cmake
[2.727s] -- Installing: /home/rama/Documents/code/Docker/moonshot_project/ros2_ws/install/moving_table_interfaces/share/moving_table_interfaces/cmake/export_moving_table_interfaces__rosidl_typesupport_fastrtps_cppExport-noconfig.cmake
[2.728s] -- Installing: /home/rama/Documents/code/Docker/moonshot_project/ros2_ws/install/moving_table_interfaces/share/moving_table_interfaces/cmake/moving_table_interfaces__rosidl_typesupport_introspection_cppExport.cmake
[2.728s] -- Installing: /home/rama/Documents/code/Docker/moonshot_project/ros2_ws/install/moving_table_interfaces/share/moving_table_interfaces/cmake/moving_table_interfaces__rosidl_typesupport_introspection_cppExport-noconfig.cmake
[2.728s] -- Installing: /home/rama/Documents/code/Docker/moonshot_project/ros2_ws/install/moving_table_interfaces/share/moving_table_interfaces/cmake/moving_table_interfaces__rosidl_typesupport_cppExport.cmake
[2.728s] -- Installing: /home/rama/Documents/code/Docker/moonshot_project/ros2_ws/install/moving_table_interfaces/share/moving_table_interfaces/cmake/moving_table_interfaces__rosidl_typesupport_cppExport-noconfig.cmake
[2.728s] -- Installing: /home/rama/Documents/code/Docker/moonshot_project/ros2_ws/install/moving_table_interfaces/share/moving_table_interfaces/cmake/export_moving_table_interfaces__rosidl_generator_pyExport.cmake
[2.728s] -- Installing: /home/rama/Documents/code/Docker/moonshot_project/ros2_ws/install/moving_table_interfaces/share/moving_table_interfaces/cmake/export_moving_table_interfaces__rosidl_generator_pyExport-noconfig.cmake
[2.730s] Invoked command in '/home/rama/Documents/code/Docker/moonshot_project/ros2_ws/build/moving_table_interfaces' returned '0': CMAKE_PREFIX_PATH=${CMAKE_PREFIX_PATH}:/home/rama/Documents/code/Docker/moonshot_project/ros2_ws/install/moving_table_pkg:/opt/ros/humble /usr/bin/cmake --install /home/rama/Documents/code/Docker/moonshot_project/ros2_ws/build/moving_table_interfaces
