10 kuartet, rel 0.550 / 0.000, 3/3, lengan lain DITEMPATKAN
[INFO] [1789973036.902172240] [reach_dwell_probe]: torsi RNEA+offset(per-aktuator) vs rating: 1=0.01->6.61/10, 2=4.75->11.35/14, 3=2.19->8.79/10, 4=0.37->2.35/7, 5=0.11->2.09/7, 6=0.00->1.98/7  (terketat t1_a1_joint_3 88 %)
/home/user1/Documents/ceiling_arm/scripts/interarm_collision.py:66: UserWarning: You passed package dir(s) via argument geometry_model and provided package_dirs.
  self.geom = pin.buildGeomFromUrdf(
/home/user1/Documents/ceiling_arm/scripts/interarm_collision.py:168: UserWarning: You passed package dir(s) via argument geometry_model and provided package_dirs.
  self.geom = pin.buildGeomFromUrdf(
[INFO] [1789973069.251721633] [reach_dwell_probe]: jarak antar-lengan minimum sepanjang rencana: 622.7 mm di titik 0 (t1_a1_arm_link_0 <-> t1_a2_arm_link_0) -> CLEAR
[INFO] [1789973069.301363220] [reach_dwell_probe]: torsi RNEA+offset(per-aktuator) vs rating: 1=0.04->6.64/10, 2=1.52->8.12/14, 3=2.43->9.03/10, 4=0.41->2.39/7, 5=0.06->2.04/7, 6=0.00->1.98/7  (terketat t1_a2_joint_3 90 %)
[INFO] [1789973096.889221854] [reach_dwell_probe]: jarak antar-lengan minimum sepanjang rencana: 522.1 mm di titik 90 (t1_a2_upper_wrist_link_0 <-> t2_a1_arm_link_0) -> CLEAR
[INFO] [1789973096.952335326] [reach_dwell_probe]: torsi RNEA+offset(per-aktuator) vs rating: 1=0.02->6.62/10, 2=5.14->11.74/14, 3=2.06->8.66/10, 4=0.36->2.34/7, 5=0.10->2.08/7, 6=0.00->1.98/7  (terketat t2_a1_joint_3 87 %)
[INFO] [1789973125.733907043] [reach_dwell_probe]: jarak antar-lengan minimum sepanjang rencana: 518.1 mm di titik 20 (t1_a2_upper_wrist_link_0 <-> t2_a1_arm_link_0) -> CLEAR
[INFO] [1789973125.790627160] [reach_dwell_probe]: torsi RNEA+offset(per-aktuator) vs rating: 1=0.08->6.68/10, 2=6.07->12.67/14, 3=1.47->8.07/10, 4=0.28->2.26/7, 5=0.05->2.03/7, 6=0.00->1.98/7  (terketat t2_a2_joint_2 90 %)
[INFO] [1789973151.273774666] [reach_dwell_probe]: jarak antar-lengan minimum sepanjang rencana: 676.9 mm di titik 74 (t2_a1_arm_link_0 <-> t2_a2_arm_link_0) -> CLEAR
[INFO] [1789973151.331176516] [reach_dwell_probe]: torsi RNEA+offset(per-aktuator) vs rating: 1=0.05->6.65/10, 2=4.65->11.25/14, 3=2.16->8.76/10, 4=0.36->2.34/7, 5=0.06->2.04/7, 6=0.00->1.98/7  (terketat t1_a1_joint_3 88 %)
[INFO] [1789973174.699644941] [reach_dwell_probe]: jarak antar-lengan minimum sepanjang rencana: 544.7 mm di titik 56 (t1_a1_arm_link_0 <-> t1_a2_arm_link_0) -> CLEAR
[INFO] [1789973174.754330076] [reach_dwell_probe]: torsi RNEA+offset(per-aktuator) vs rating: 1=0.05->6.65/10, 2=0.76->7.36/14, 3=2.44->9.04/10, 4=0.41->2.39/7, 5=0.08->2.06/7, 6=0.00->1.98/7  (terketat t1_a2_joint_3 90 %)
[INFO] [1789973210.533311958] [reach_dwell_probe]: jarak antar-lengan minimum sepanjang rencana: 474.7 mm di titik 106 (t1_a2_right_finger_prox_link_0 <-> t2_a1_upper_wrist_link_0) -> CLEAR
[INFO] [1789973210.599852133] [reach_dwell_probe]: torsi RNEA+offset(per-aktuator) vs rating: 1=0.06->6.66/10, 2=4.79->11.39/14, 3=2.13->8.73/10, 4=0.35->2.33/7, 5=0.05->2.03/7, 6=0.00->1.98/7  (terketat t2_a1_joint_3 87 %)
[INFO] [1789973233.604287297] [reach_dwell_probe]: jarak antar-lengan minimum sepanjang rencana: 519.2 mm di titik 0 (t1_a2_right_finger_prox_link_0 <-> t2_a1_upper_wrist_link_0) -> CLEAR
[INFO] [1789973233.644765715] [reach_dwell_probe]: torsi RNEA+offset(per-aktuator) vs rating: 1=0.09->6.69/10, 2=6.14->12.74/14, 3=1.42->8.02/10, 4=0.27->2.25/7, 5=0.05->2.03/7, 6=0.00->1.98/7  (terketat t2_a2_joint_2 91 %)
[INFO] [1789973255.006774944] [reach_dwell_probe]: jarak antar-lengan minimum sepanjang rencana: 635.6 mm di titik 97 (t2_a1_arm_link_0 <-> t2_a2_arm_link_0) -> CLEAR
[INFO] [1789973255.072176888] [reach_dwell_probe]: torsi RNEA+offset(per-aktuator) vs rating: 1=0.01->6.61/10, 2=4.73->11.33/14, 3=2.20->8.80/10, 4=0.38->2.36/7, 5=0.11->2.09/7, 6=0.00->1.98/7  (terketat t1_a1_joint_3 88 %)
[INFO] [1789973282.751962293] [reach_dwell_probe]: jarak antar-lengan minimum sepanjang rencana: 622.7 mm di titik 0 (t1_a1_arm_link_0 <-> t1_a2_arm_link_0) -> CLEAR
[INFO] [1789973282.805306385] [reach_dwell_probe]: torsi RNEA+offset(per-aktuator) vs rating: 1=0.05->6.65/10, 2=1.37->7.97/14, 3=2.44->9.04/10, 4=0.41->2.39/7, 5=0.06->2.04/7, 6=0.00->1.98/7  (terketat t1_a2_joint_3 90 %)
[INFO] [1789973306.635458889] [reach_dwell_probe]: jarak antar-lengan minimum sepanjang rencana: 500.8 mm di titik 83 (t1_a2_right_finger_prox_link_0 <-> t2_a1_upper_wrist_link_0) -> CLEAR
[INFO] [1789973306.692820421] [reach_dwell_probe]: torsi RNEA+offset(per-aktuator) vs rating: 1=0.04->6.64/10, 2=3.09->9.69/14, 3=2.49->9.09/10, 4=0.44->2.42/7, 5=0.12->2.10/7, 6=0.00->1.98/7  (terketat t2_a1_joint_3 91 %)
[INFO] [1789973331.799753281] [reach_dwell_probe]: jarak antar-lengan minimum sepanjang rencana: 362.0 mm di titik 125 (t1_a2_upper_wrist_link_0 <-> t2_a1_arm_link_0) -> CLEAR
[INFO] [1789973331.847655203] [reach_dwell_probe]: torsi RNEA+offset(per-aktuator) vs rating: 1=0.08->6.68/10, 2=5.57->12.17/14, 3=1.87->8.47/10, 4=0.28->2.26/7, 5=0.06->2.04/7, 6=0.00->1.98/7  (terketat t2_a2_joint_2 87 %)
[INFO] [1789973349.688193135] [reach_dwell_probe]: jarak antar-lengan minimum sepanjang rencana: 460.7 mm di titik 66 (t2_a1_arm_link_0 <-> t2_a2_forearm_link_0) -> CLEAR
  kuartet  1 @rel 0.550/0.000: a1(1.000,0.318,1.240) a2(0.214,0.247,1.240) a3(0.450,-0.402,1.240) a4(-0.336,-0.473,1.240) -> PLANNED/PLANNED/PLANNED  LOLOS
[INFO] [1789973349.729791039] [reach_dwell_probe]: torsi RNEA+offset(per-aktuator) vs rating: 1=0.21->6.81/10, 2=6.35->12.95/14, 3=0.77->7.37/10, 4=0.17->2.15/7, 5=0.06->2.04/7, 6=0.00->1.98/7  (terketat t1_a1_joint_2 93 %)
[INFO] [1789973359.530613467] [reach_dwell_probe]: jarak antar-lengan minimum sepanjang rencana: 506.8 mm di titik 42 (t1_a1_right_finger_prox_link_0 <-> t2_a1_right_finger_prox_link_0) -> CLEAR
[INFO] [1789973359.579501016] [reach_dwell_probe]: torsi RNEA+offset(per-aktuator) vs rating: 1=0.09->6.69/10, 2=6.25->12.85/14, 3=0.94->7.54/10, 4=0.12->2.10/7, 5=0.06->2.04/7, 6=0.00->1.98/7  (terketat t1_a2_joint_2 92 %)
[INFO] [1789973377.080558223] [reach_dwell_probe]: jarak antar-lengan minimum sepanjang rencana: 546.1 mm di titik 15 (t1_a2_shoulder_link_0 <-> t2_platform_link_0) -> CLEAR
[INFO] [1789973377.141009201] [reach_dwell_probe]: torsi RNEA+offset(per-aktuator) vs rating: 1=0.21->6.81/10, 2=6.53->13.13/14, 3=2.06->8.66/10, 4=0.30->2.28/7, 5=0.07->2.05/7, 6=0.00->1.98/7  (terketat t2_a1_joint_2 94 %)
[INFO] [1789973399.797762768] [reach_dwell_probe]: jarak antar-lengan minimum sepanjang rencana: 405.0 mm di titik 32 (t1_a1_right_finger_prox_link_0 <-> t2_a1_right_finger_prox_link_0) -> CLEAR
[INFO] [1789973399.841926346] [reach_dwell_probe]: torsi RNEA+offset(per-aktuator) vs rating: 1=0.06->6.66/10, 2=1.94->8.54/14, 3=2.54->9.14/10, 4=0.41->2.39/7, 5=0.05->2.03/7, 6=0.00->1.98/7  (terketat t2_a2_joint_3 91 %)
[INFO] [1789973433.696756078] [reach_dwell_probe]: jarak antar-lengan minimum sepanjang rencana: 574.6 mm di titik 127 (t2_a1_forearm_link_0 <-> t2_a2_lower_wrist_link_0) -> CLEAR
[INFO] [1789973433.747623179] [reach_dwell_probe]: torsi RNEA+offset(per-aktuator) vs rating: 1=0.03->6.63/10, 2=5.72->12.32/14, 3=1.81->8.41/10, 4=0.32->2.30/7, 5=0.10->2.08/7, 6=0.00->1.98/7  (terketat t1_a1_joint_2 88 %)
[INFO] [1789973460.181386996] [reach_dwell_probe]: jarak antar-lengan minimum sepanjang rencana: 513.5 mm di titik 72 (t1_a1_right_finger_dist_link_0 <-> t1_a2_upper_wrist_link_0) -> CLEAR
[INFO] [1789973460.237796798] [reach_dwell_probe]: torsi RNEA+offset(per-aktuator) vs rating: 1=0.15->6.75/10, 2=6.90->13.50/14, 3=0.53->7.13/10, 4=0.09->2.07/7, 5=0.06->2.04/7, 6=0.00->1.98/7  (terketat t1_a2_joint_2 96 %)
[INFO] [1789973495.777602765] [reach_dwell_probe]: jarak antar-lengan minimum sepanjang rencana: 546.1 mm di titik 3 (t1_a2_shoulder_link_0 <-> t2_platform_link_0) -> CLEAR
[INFO] [1789973495.827959499] [reach_dwell_probe]: torsi RNEA+offset(per-aktuator) vs rating: 1=0.16->6.76/10, 2=7.31->13.91/14, 3=1.19->7.79/10, 4=0.19->2.17/7, 5=0.06->2.04/7, 6=0.00->1.98/7  (terketat t2_a1_joint_2 99 %)
[INFO] [1789973523.178313012] [reach_dwell_probe]: jarak antar-lengan minimum sepanjang rencana: 425.9 mm di titik 27 (t1_a1_left_finger_prox_link_0 <-> t2_a1_right_finger_prox_link_0) -> CLEAR
[INFO] [1789973523.220563792] [reach_dwell_probe]: torsi RNEA+offset(per-aktuator) vs rating: 1=0.06->6.66/10, 2=6.61->13.21/14, 3=0.60->7.20/10, 4=0.01->1.99/7, 5=0.06->2.04/7, 6=0.00->1.98/7  (terketat t2_a2_joint_2 94 %)
[INFO] [1789973538.264822753] [reach_dwell_probe]: jarak antar-lengan minimum sepanjang rencana: 554.5 mm di titik 56 (t1_a2_shoulder_link_0 <-> t2_a2_arm_link_0) -> CLEAR
[INFO] [1789973538.309431682] [reach_dwell_probe]: torsi RNEA+offset(per-aktuator) vs rating: 1=0.20->6.80/10, 2=6.34->12.94/14, 3=2.11->8.71/10, 4=0.32->2.30/7, 5=0.06->2.04/7, 6=0.00->1.98/7  (terketat t1_a1_joint_2 92 %)
[INFO] [1789973563.585621597] [reach_dwell_probe]: jarak antar-lengan minimum sepanjang rencana: 522.9 mm di titik 107 (t1_a1_left_finger_prox_link_0 <-> t2_a1_right_finger_dist_link_0) -> CLEAR
[INFO] [1789973563.630499702] [reach_dwell_probe]: torsi RNEA+offset(per-aktuator) vs rating: 1=0.05->6.65/10, 2=6.78->13.38/14, 3=0.62->7.22/10, 4=0.01->1.99/7, 5=0.06->2.04/7, 6=0.00->1.98/7  (terketat t1_a2_joint_2 96 %)
[INFO] [1789973589.304925508] [reach_dwell_probe]: jarak antar-lengan minimum sepanjang rencana: 528.6 mm di titik 47 (t1_a1_forearm_link_0 <-> t1_a2_arm_link_0) -> CLEAR
[INFO] [1789973589.367900749] [reach_dwell_probe]: torsi RNEA+offset(per-aktuator) vs rating: 1=0.13->6.73/10, 2=6.08->12.68/14, 3=1.95->8.55/10, 4=0.32->2.30/7, 5=0.06->2.04/7, 6=0.00->1.98/7  (terketat t2_a1_joint_2 91 %)
[INFO] [1789973616.336377014] [reach_dwell_probe]: jarak antar-lengan minimum sepanjang rencana: 395.8 mm di titik 25 (t1_a1_left_finger_prox_link_0 <-> t2_a1_right_finger_prox_link_0) -> CLEAR
[INFO] [1789973616.396878756] [reach_dwell_probe]: torsi RNEA+offset(per-aktuator) vs rating: 1=0.05->6.65/10, 2=6.28->12.88/14, 3=0.91->7.51/10, 4=0.10->2.08/7, 5=0.06->2.04/7, 6=0.00->1.98/7  (terketat t2_a2_joint_2 92 %)
[INFO] [1789973635.810417902] [reach_dwell_probe]: jarak antar-lengan minimum sepanjang rencana: 559.5 mm di titik 65 (t1_a2_arm_link_0 <-> t2_a2_arm_link_0) -> CLEAR
  kuartet  2 @rel 0.550/0.000: a1(0.857,0.035,1.080) a2(0.286,0.529,1.160) a3(0.307,-0.685,1.080) a4(-0.264,-0.191,1.160) -> PLANNED/PLANNED/PLANNED  LOLOS
[INFO] [1789973635.874165771] [reach_dwell_probe]: torsi RNEA+offset(per-aktuator) vs rating: 1=0.02->6.62/10, 2=1.29->7.89/14, 3=1.46->8.06/10, 4=0.26->2.24/7, 5=0.09->2.07/7, 6=0.00->1.98/7  (terketat t1_a1_joint_3 81 %)
[INFO] [1789973663.756661981] [reach_dwell_probe]: jarak antar-lengan minimum sepanjang rencana: 534.6 mm di titik 125 (t1_a1_gripper_base_link_0 <-> t1_a2_upper_wrist_link_0) -> CLEAR
[INFO] [1789973663.795899355] [reach_dwell_probe]: torsi RNEA+offset(per-aktuator) vs rating: 1=0.03->6.63/10, 2=4.94->11.54/14, 3=0.63->7.23/10, 4=0.01->1.99/7, 5=0.06->2.04/7, 6=0.00->1.98/7  (terketat t1_a2_joint_2 82 %)
[INFO] [1789973687.988441516] [reach_dwell_probe]: jarak antar-lengan minimum sepanjang rencana: 480.9 mm di titik 97 (t1_a2_arm_link_0 <-> t2_a1_arm_link_0) -> CLEAR
[INFO] [1789973688.023737719] [reach_dwell_probe]: torsi RNEA+offset(per-aktuator) vs rating: 1=0.01->6.61/10, 2=1.05->7.65/14, 3=1.22->7.82/10, 4=0.24->2.22/7, 5=0.05->2.03/7, 6=0.00->1.98/7  (terketat t2_a1_joint_3 78 %)
[INFO] [1789973695.346487159] [reach_dwell_probe]: jarak antar-lengan minimum sepanjang rencana: 458.1 mm di titik 35 (t1_a2_right_finger_prox_link_0 <-> t2_a1_right_finger_prox_link_0) -> CLEAR
[INFO] [1789973695.377425788] [reach_dwell_probe]: torsi RNEA+offset(per-aktuator) vs rating: 1=0.01->6.61/10, 2=3.11->9.71/14, 3=1.65->8.25/10, 4=0.22->2.20/7, 5=0.06->2.04/7, 6=0.00->1.98/7  (terketat t2_a2_joint_3 83 %)
[INFO] [1789973704.269525282] [reach_dwell_probe]: jarak antar-lengan minimum sepanjang rencana: 532.5 mm di titik 0 (t2_a1_upper_wrist_link_0 <-> t2_a2_upper_wrist_link_0) -> CLEAR
[INFO] [1789973704.308863825] [reach_dwell_probe]: torsi RNEA+offset(per-aktuator) vs rating: 1=0.01->6.61/10, 2=1.12->7.72/14, 3=1.21->7.81/10, 4=0.24->2.22/7, 5=0.05->2.03/7, 6=0.00->1.98/7  (terketat t1_a1_joint_3 78 %)
[INFO] [1789973711.198482652] [reach_dwell_probe]: jarak antar-lengan minimum sepanjang rencana: 531.6 mm di titik 34 (t1_a1_upper_wrist_link_0 <-> t1_a2_upper_wrist_link_0) -> CLEAR
[INFO] [1789973711.242546799] [reach_dwell_probe]: torsi RNEA+offset(per-aktuator) vs rating: 1=0.01->6.61/10, 2=3.20->9.80/14, 3=1.68->8.28/10, 4=0.24->2.22/7, 5=0.06->2.04/7, 6=0.00->1.98/7  (terketat t1_a2_joint_3 83 %)
[INFO] [1789973720.367879441] [reach_dwell_probe]: jarak antar-lengan minimum sepanjang rencana: 499.0 mm di titik 39 (t1_a2_upper_wrist_link_0 <-> t2_a1_upper_wrist_link_0) -> CLEAR
[INFO] [1789973720.422743597] [reach_dwell_probe]: torsi RNEA+offset(per-aktuator) vs rating: 1=0.09->6.69/10, 2=4.96->11.56/14, 3=0.39->6.99/10, 4=0.02->2.00/7, 5=0.06->2.04/7, 6=0.00->1.98/7  (terketat t2_a1_joint_2 83 %)
[INFO] [1789973741.860457262] [reach_dwell_probe]: jarak antar-lengan minimum sepanjang rencana: 419.8 mm di titik 81 (t1_a2_upper_wrist_link_0 <-> t2_a1_lower_wrist_link_0) -> CLEAR
[INFO] [1789973741.909553990] [reach_dwell_probe]: torsi RNEA+offset(per-aktuator) vs rating: 1=0.05->6.65/10, 2=4.02->10.62/14, 3=0.38->6.98/10, 4=0.05->2.03/7, 5=0.06->2.04/7, 6=0.00->1.98/7  (terketat t2_a2_joint_2 76 %)
[INFO] [1789973762.355148197] [reach_dwell_probe]: jarak antar-lengan minimum sepanjang rencana: 485.2 mm di titik 37 (t2_a1_arm_link_0 <-> t2_a2_forearm_link_0) -> CLEAR
[INFO] [1789973762.401192120] [reach_dwell_probe]: torsi RNEA+offset(per-aktuator) vs rating: 1=0.02->6.62/10, 2=1.51->8.11/14, 3=1.45->8.05/10, 4=0.26->2.24/7, 5=0.09->2.07/7, 6=0.00->1.98/7  (terketat t1_a1_joint_3 80 %)
[INFO] [1789973789.105527323] [reach_dwell_probe]: jarak antar-lengan minimum sepanjang rencana: 531.9 mm di titik 124 (t1_a1_upper_wrist_link_0 <-> t1_a2_upper_wrist_link_0) -> CLEAR
[INFO] [1789973789.146570552] [reach_dwell_probe]: torsi RNEA+offset(per-aktuator) vs rating: 1=0.02->6.62/10, 2=5.03->11.63/14, 3=0.60->7.20/10, 4=0.01->1.99/7, 5=0.06->2.04/7, 6=0.00->1.98/7  (terketat t1_a2_joint_2 83 %)
[INFO] [1789973810.707743201] [reach_dwell_probe]: jarak antar-lengan minimum sepanjang rencana: 480.6 mm di titik 92 (t1_a2_arm_link_0 <-> t2_a1_arm_link_0) -> CLEAR
[INFO] [1789973810.753128263] [reach_dwell_probe]: torsi RNEA+offset(per-aktuator) vs rating: 1=0.00->6.60/10, 2=3.84->10.44/14, 3=0.38->6.98/10, 4=0.03->2.01/7, 5=0.05->2.03/7, 6=0.00->1.98/7  (terketat t2_a1_joint_2 75 %)
[INFO] [1789973827.435359448] [reach_dwell_probe]: jarak antar-lengan minimum sepanjang rencana: 463.7 mm di titik 78 (t1_a2_arm_link_0 <-> t2_a1_arm_link_0) -> CLEAR
[INFO] [1789973827.468479332] [reach_dwell_probe]: torsi RNEA+offset(per-aktuator) vs rating: 1=0.01->6.61/10, 2=3.15->9.75/14, 3=1.68->8.28/10, 4=0.24->2.22/7, 5=0.06->2.04/7, 6=0.00->1.98/7  (terketat t2_a2_joint_3 83 %)
[INFO] [1789973838.312978247] [reach_dwell_probe]: jarak antar-lengan minimum sepanjang rencana: 508.1 mm di titik 0 (t2_a1_arm_link_0 <-> t2_a2_arm_link_0) -> CLEAR
  kuartet  3 @rel 0.550/0.000: a1(0.786,0.388,1.000) a2(0.071,0.176,1.000) a3(0.236,-0.332,1.000) a4(-0.479,-0.544,1.000) -> PLANNED/PLANNED/PLANNED  LOLOS
[INFO] [1789973838.362186452] [reach_dwell_probe]: torsi RNEA+offset(per-aktuator) vs rating: 1=0.08->6.68/10, 2=8.35->14.95/14, 3=1.00->7.60/10, 4=0.12->2.10/7, 5=0.05->2.03/7, 6=0.00->1.98/7  (terketat t1_a1_joint_2 107 %)
[ERROR] [1789973838.362509640] [reach_dwell_probe]: A6/S3: rencana DITOLAK SEBELUM GERAK -- t1_a1_joint_2 diperkirakan 14.95 N.m > rating 14. Pose ini menuntut torsi di atas rating sendi; itu sifat POSE, bukan sifat penjaga. (Penyaring sengaja konservatif: pada kalibrasi G16 ia menolak 1 dari 4 pose yang ternyata aman.)
  kuartet  4 @rel 0.550/0.000: a1(1.286,0.459,1.160) a2(0.500,0.388,1.240) a3(0.736,-0.261,1.160) a4(-0.050,-0.332,1.240) -> 1:TORQUE-UNSAFE  ditolak
[INFO] [1789973838.407085830] [reach_dwell_probe]: torsi RNEA+offset(per-aktuator) vs rating: 1=0.12->6.72/10, 2=7.24->13.84/14, 3=0.60->7.20/10, 4=0.01->1.99/7, 5=0.06->2.04/7, 6=0.00->1.98/7  (terketat t1_a1_joint_2 99 %)
[INFO] [1789973856.864607110] [reach_dwell_probe]: jarak antar-lengan minimum sepanjang rencana: 454.8 mm di titik 54 (t1_a1_lower_wrist_link_0 <-> t1_a2_arm_link_0) -> CLEAR
[INFO] [1789973856.919704216] [reach_dwell_probe]: torsi RNEA+offset(per-aktuator) vs rating: 1=0.07->6.67/10, 2=6.53->13.13/14, 3=1.11->7.71/10, 4=0.23->2.21/7, 5=0.06->2.04/7, 6=0.00->1.98/7  (terketat t1_a2_joint_2 94 %)
[INFO] [1789973879.441216430] [reach_dwell_probe]: jarak antar-lengan minimum sepanjang rencana: 544.5 mm di titik 0 (t1_a1_gripper_base_link_0 <-> t1_a2_arm_link_0) -> CLEAR
[INFO] [1789973879.493812055] [reach_dwell_probe]: torsi RNEA+offset(per-aktuator) vs rating: 1=0.12->6.72/10, 2=7.71->14.31/14, 3=0.41->7.01/10, 4=0.06->2.04/7, 5=0.06->2.04/7, 6=0.00->1.98/7  (terketat t2_a1_joint_2 102 %)
[ERROR] [1789973879.494161146] [reach_dwell_probe]: A6/S3: rencana DITOLAK SEBELUM GERAK -- t2_a1_joint_2 diperkirakan 14.31 N.m > rating 14. Pose ini menuntut torsi di atas rating sendi; itu sifat POSE, bukan sifat penjaga. (Penyaring sengaja konservatif: pada kalibrasi G16 ia menolak 1 dari 4 pose yang ternyata aman.)
  kuartet  5 @rel 0.550/0.000: a1(0.786,0.529,1.320) a2(0.000,0.388,1.240) a3(0.236,-0.191,1.320) a4(-0.550,-0.332,1.240) -> 3:TORQUE-UNSAFE  ditolak
[INFO] [1789973879.554431015] [reach_dwell_probe]: torsi RNEA+offset(per-aktuator) vs rating: 1=0.14->6.74/10, 2=8.31->14.91/14, 3=0.72->7.32/10, 4=0.05->2.03/7, 5=0.06->2.04/7, 6=0.00->1.98/7  (terketat t1_a1_joint_2 107 %)
[ERROR] [1789973879.554751677] [reach_dwell_probe]: A6/S3: rencana DITOLAK SEBELUM GERAK -- t1_a1_joint_2 diperkirakan 14.91 N.m > rating 14. Pose ini menuntut torsi di atas rating sendi; itu sifat POSE, bukan sifat penjaga. (Penyaring sengaja konservatif: pada kalibrasi G16 ia menolak 1 dari 4 pose yang ternyata aman.)
  kuartet  6 @rel 0.550/0.000: a1(0.786,0.176,1.400) a2(0.214,0.035,1.400) a3(0.236,-0.544,1.400) a4(-0.336,-0.685,1.400) -> 1:TORQUE-UNSAFE  ditolak
[INFO] [1789973879.617179583] [reach_dwell_probe]: torsi RNEA+offset(per-aktuator) vs rating: 1=0.06->6.66/10, 2=8.06->14.66/14, 3=0.68->7.28/10, 4=0.03->2.01/7, 5=0.06->2.04/7, 6=0.00->1.98/7  (terketat t1_a1_joint_2 105 %)
[ERROR] [1789973879.617539627] [reach_dwell_probe]: A6/S3: rencana DITOLAK SEBELUM GERAK -- t1_a1_joint_2 diperkirakan 14.66 N.m > rating 14. Pose ini menuntut torsi di atas rating sendi; itu sifat POSE, bukan sifat penjaga. (Penyaring sengaja konservatif: pada kalibrasi G16 ia menolak 1 dari 4 pose yang ternyata aman.)
  kuartet  7 @rel 0.550/0.000: a1(1.071,0.600,1.320) a2(0.214,0.388,1.000) a3(0.521,-0.120,1.320) a4(-0.336,-0.332,1.000) -> 1:TORQUE-UNSAFE  ditolak
[INFO] [1789973879.663551922] [reach_dwell_probe]: torsi RNEA+offset(per-aktuator) vs rating: 1=0.07->6.67/10, 2=2.74->9.34/14, 3=1.34->7.94/10, 4=0.24->2.22/7, 5=0.08->2.06/7, 6=0.00->1.98/7  (terketat t1_a1_joint_3 79 %)
[INFO] [1789973907.510288049] [reach_dwell_probe]: jarak antar-lengan minimum sepanjang rencana: 622.7 mm di titik 0 (t1_a1_arm_link_0 <-> t1_a2_arm_link_0) -> CLEAR
[INFO] [1789973907.570386882] [reach_dwell_probe]: torsi RNEA+offset(per-aktuator) vs rating: 1=0.17->6.77/10, 2=6.95->13.55/14, 3=2.53->9.13/10, 4=0.45->2.43/7, 5=0.12->2.10/7, 6=0.00->1.98/7  (terketat t1_a2_joint_2 97 %)
[INFO] [1789973934.492194829] [reach_dwell_probe]: jarak antar-lengan minimum sepanjang rencana: 229.5 mm di titik 125 (t1_a2_upper_wrist_link_0 <-> t2_a1_arm_link_0) -> CLEAR
[INFO] [1789973934.553899616] [reach_dwell_probe]: torsi RNEA+offset(per-aktuator) vs rating: 1=0.05->6.65/10, 2=2.51->9.11/14, 3=1.13->7.73/10, 4=0.23->2.21/7, 5=0.05->2.03/7, 6=0.00->1.98/7  (terketat t2_a1_joint_3 77 %)
[INFO] [1789973957.442638461] [reach_dwell_probe]: jarak antar-lengan minimum sepanjang rencana: 143.1 mm di titik 71 (t1_a2_left_finger_dist_link_0 <-> t2_a1_upper_wrist_link_0) -> CLEAR
[INFO] [1789973957.495842176] [reach_dwell_probe]: torsi RNEA+offset(per-aktuator) vs rating: 1=0.23->6.83/10, 2=6.51->13.11/14, 3=2.40->9.00/10, 4=0.41->2.39/7, 5=0.06->2.04/7, 6=0.00->1.98/7  (terketat t2_a2_joint_2 94 %)
[INFO] [1789973973.726461609] [reach_dwell_probe]: jarak antar-lengan minimum sepanjang rencana: 530.1 mm di titik 29 (t1_a2_left_finger_prox_link_0 <-> t2_a2_lower_wrist_link_0) -> CLEAR
[INFO] [1789973973.764672524] [reach_dwell_probe]: torsi RNEA+offset(per-aktuator) vs rating: 1=0.07->6.67/10, 2=4.06->10.66/14, 3=0.38->6.98/10, 4=0.07->2.05/7, 5=0.06->2.04/7, 6=0.00->1.98/7  (terketat t1_a1_joint_2 76 %)
[INFO] [1789973996.828368484] [reach_dwell_probe]: jarak antar-lengan minimum sepanjang rencana: 603.9 mm di titik 37 (t1_a1_forearm_link_0 <-> t1_a2_arm_link_0) -> CLEAR
[INFO] [1789973996.883640365] [reach_dwell_probe]: torsi RNEA+offset(per-aktuator) vs rating: 1=0.16->6.76/10, 2=9.21->15.81/14, 3=1.60->8.20/10, 4=0.24->2.22/7, 5=0.06->2.04/7, 6=0.00->1.98/7  (terketat t1_a2_joint_2 113 %)
[ERROR] [1789973996.883952542] [reach_dwell_probe]: A6/S3: rencana DITOLAK SEBELUM GERAK -- t1_a2_joint_2 diperkirakan 15.81 N.m > rating 14. Pose ini menuntut torsi di atas rating sendi; itu sifat POSE, bukan sifat penjaga. (Penyaring sengaja konservatif: pada kalibrasi G16 ia menolak 1 dari 4 pose yang ternyata aman.)
  kuartet  8 @rel 0.550/0.000: a1(1.071,0.529,1.000) a2(0.286,-0.035,1.240) a3(0.521,-0.191,1.000) a4(-0.264,-0.755,1.240) -> PLANNED/2:TORQUE-UNSAFE  ditolak
[INFO] [1789973996.946765435] [reach_dwell_probe]: torsi RNEA+offset(per-aktuator) vs rating: 1=0.01->6.61/10, 2=0.39->6.99/14, 3=1.46->8.06/10, 4=0.25->2.23/7, 5=0.09->2.07/7, 6=0.00->1.98/7  (terketat t1_a1_joint_3 81 %)
[INFO] [1789974026.898348065] [reach_dwell_probe]: jarak antar-lengan minimum sepanjang rencana: 621.3 mm di titik 66 (t1_a1_right_finger_prox_link_0 <-> t1_a2_upper_wrist_link_0) -> CLEAR
[INFO] [1789974026.947732774] [reach_dwell_probe]: torsi RNEA+offset(per-aktuator) vs rating: 1=0.02->6.62/10, 2=2.32->8.92/14, 3=2.57->9.17/10, 4=0.45->2.43/7, 5=0.13->2.11/7, 6=0.00->1.98/7  (terketat t1_a2_joint_3 92 %)
[INFO] [1789974059.566856680] [reach_dwell_probe]: jarak antar-lengan minimum sepanjang rencana: 403.3 mm di titik 76 (t1_a2_left_finger_dist_link_0 <-> t2_a1_upper_wrist_link_0) -> CLEAR
[INFO] [1789974059.627622856] [reach_dwell_probe]: torsi RNEA+offset(per-aktuator) vs rating: 1=0.03->6.63/10, 2=4.18->10.78/14, 3=0.53->7.13/10, 4=0.05->2.03/7, 5=0.06->2.04/7, 6=0.00->1.98/7  (terketat t2_a1_joint_2 77 %)
[INFO] [1789974090.463883218] [reach_dwell_probe]: jarak antar-lengan minimum sepanjang rencana: 546.1 mm di titik 33 (t1_platform_link_0 <-> t2_a1_shoulder_link_0) -> CLEAR
[INFO] [1789974090.518083262] [reach_dwell_probe]: torsi RNEA+offset(per-aktuator) vs rating: 1=0.04->6.64/10, 2=6.74->13.34/14, 3=1.03->7.63/10, 4=0.12->2.10/7, 5=0.06->2.04/7, 6=0.00->1.98/7  (terketat t2_a2_joint_2 95 %)
[INFO] [1789974108.583452288] [reach_dwell_probe]: jarak antar-lengan minimum sepanjang rencana: 440.2 mm di titik 75 (t2_a1_shoulder_link_0 <-> t2_a2_arm_link_0) -> CLEAR
[INFO] [1789974108.627411073] [reach_dwell_probe]: torsi RNEA+offset(per-aktuator) vs rating: 1=0.04->6.64/10, 2=0.52->7.12/14, 3=1.15->7.75/10, 4=0.23->2.21/7, 5=0.06->2.04/7, 6=0.00->1.98/7  (terketat t1_a1_joint_3 78 %)
[INFO] [1789974130.259896488] [reach_dwell_probe]: jarak antar-lengan minimum sepanjang rencana: 602.9 mm di titik 92 (t1_a1_arm_link_0 <-> t1_a2_arm_link_0) -> CLEAR
[INFO] [1789974130.318685480] [reach_dwell_probe]: torsi RNEA+offset(per-aktuator) vs rating: 1=0.20->6.80/10, 2=7.45->14.05/14, 3=0.41->7.01/10, 4=0.10->2.08/7, 5=0.06->2.04/7, 6=0.00->1.98/7  (terketat t1_a2_joint_2 100 %)
[ERROR] [1789974130.319101265] [reach_dwell_probe]: A6/S3: rencana DITOLAK SEBELUM GERAK -- t1_a2_joint_2 diperkirakan 14.05 N.m > rating 14. Pose ini menuntut torsi di atas rating sendi; itu sifat POSE, bukan sifat penjaga. (Penyaring sengaja konservatif: pada kalibrasi G16 ia menolak 1 dari 4 pose yang ternyata aman.)
  kuartet  9 @rel 0.550/0.000: a1(1.000,0.247,1.000) a2(0.357,0.318,1.320) a3(0.450,-0.473,1.000) a4(-0.193,-0.402,1.320) -> PLANNED/2:TORQUE-UNSAFE  ditolak
[INFO] [1789974130.383347257] [reach_dwell_probe]: torsi RNEA+offset(per-aktuator) vs rating: 1=0.02->6.62/10, 2=2.20->8.80/14, 3=2.55->9.15/10, 4=0.46->2.44/7, 5=0.13->2.11/7, 6=0.00->1.98/7  (terketat t1_a1_joint_3 92 %)
[INFO] [1789974154.316768561] [reach_dwell_probe]: jarak antar-lengan minimum sepanjang rencana: 423.7 mm di titik 64 (t1_a1_left_finger_prox_link_0 <-> t1_a2_upper_wrist_link_0) -> CLEAR
[INFO] [1789974154.376893896] [reach_dwell_probe]: torsi RNEA+offset(per-aktuator) vs rating: 1=0.02->6.62/10, 2=0.34->6.94/14, 3=2.39->8.99/10, 4=0.40->2.38/7, 5=0.06->2.04/7, 6=0.00->1.98/7  (terketat t1_a2_joint_3 90 %)
[INFO] [1789974180.992756998] [reach_dwell_probe]: jarak antar-lengan minimum sepanjang rencana: 411.8 mm di titik 65 (t1_a1_lower_wrist_link_0 <-> t1_a2_arm_link_0) -> CLEAR
[INFO] [1789974181.047858651] [reach_dwell_probe]: torsi RNEA+offset(per-aktuator) vs rating: 1=0.01->6.61/10, 2=1.96->8.56/14, 3=2.44->9.04/10, 4=0.41->2.39/7, 5=0.06->2.04/7, 6=0.00->1.98/7  (terketat t2_a1_joint_3 90 %)
[INFO] [1789974197.524516810] [reach_dwell_probe]: jarak antar-lengan minimum sepanjang rencana: 437.0 mm di titik 71 (t2_a1_upper_wrist_link_0 <-> t2_a2_arm_link_0) -> CLEAR
[INFO] [1789974197.578411537] [reach_dwell_probe]: torsi RNEA+offset(per-aktuator) vs rating: 1=0.00->6.60/10, 2=0.21->6.81/14, 3=2.51->9.11/10, 4=0.39->2.37/7, 5=0.06->2.04/7, 6=0.00->1.98/7  (terketat t2_a2_joint_3 91 %)
[INFO] [1789974211.913683569] [reach_dwell_probe]: jarak antar-lengan minimum sepanjang rencana: 375.1 mm di titik 71 (t2_a1_upper_wrist_link_0 <-> t2_a2_arm_link_0) -> CLEAR
[INFO] [1789974211.961601226] [reach_dwell_probe]: torsi RNEA+offset(per-aktuator) vs rating: 1=0.01->6.61/10, 2=2.05->8.65/14, 3=2.45->9.05/10, 4=0.41->2.39/7, 5=0.05->2.03/7, 6=0.00->1.98/7  (terketat t1_a1_joint_3 91 %)
[INFO] [1789974229.111128074] [reach_dwell_probe]: jarak antar-lengan minimum sepanjang rencana: 432.0 mm di titik 71 (t1_a1_upper_wrist_link_0 <-> t1_a2_arm_link_0) -> CLEAR
[INFO] [1789974229.173287456] [reach_dwell_probe]: torsi RNEA+offset(per-aktuator) vs rating: 1=0.13->6.73/10, 2=5.61->12.21/14, 3=1.34->7.94/10, 4=0.22->2.20/7, 5=0.06->2.04/7, 6=0.00->1.98/7  (terketat t1_a2_joint_2 87 %)
[INFO] [1789974262.564182241] [reach_dwell_probe]: jarak antar-lengan minimum sepanjang rencana: 386.6 mm di titik 41 (t1_a1_upper_wrist_link_0 <-> t1_a2_forearm_link_0) -> CLEAR
[INFO] [1789974262.619963127] [reach_dwell_probe]: torsi RNEA+offset(per-aktuator) vs rating: 1=0.03->6.63/10, 2=7.06->13.66/14, 3=0.85->7.45/10, 4=0.09->2.07/7, 5=0.05->2.03/7, 6=0.00->1.98/7  (terketat t2_a1_joint_2 98 %)
[INFO] [1789974286.710511307] [reach_dwell_probe]: jarak antar-lengan minimum sepanjang rencana: 414.3 mm di titik 114 (t2_a1_forearm_link_0 <-> t2_a2_arm_link_0) -> CLEAR
[INFO] [1789974286.766822808] [reach_dwell_probe]: torsi RNEA+offset(per-aktuator) vs rating: 1=0.07->6.67/10, 2=1.15->7.75/14, 3=2.27->8.87/10, 4=0.40->2.38/7, 5=0.06->2.04/7, 6=0.00->1.98/7  (terketat t2_a2_joint_3 89 %)
[INFO] [1789974306.766426362] [reach_dwell_probe]: jarak antar-lengan minimum sepanjang rencana: 417.4 mm di titik 0 (t2_a1_forearm_link_0 <-> t2_a2_arm_link_0) -> CLEAR
[INFO] [1789974306.827262331] [reach_dwell_probe]: torsi RNEA+offset(per-aktuator) vs rating: 1=0.03->6.63/10, 2=7.29->13.89/14, 3=0.62->7.22/10, 4=0.01->1.99/7, 5=0.06->2.04/7, 6=0.00->1.98/7  (terketat t1_a1_joint_2 99 %)
[INFO] [1789974325.206674479] [reach_dwell_probe]: jarak antar-lengan minimum sepanjang rencana: 402.1 mm di titik 89 (t1_a1_lower_wrist_link_0 <-> t1_a2_arm_link_0) -> CLEAR
[INFO] [1789974325.254747733] [reach_dwell_probe]: torsi RNEA+offset(per-aktuator) vs rating: 1=0.02->6.62/10, 2=0.43->7.03/14, 3=2.38->8.98/10, 4=0.40->2.38/7, 5=0.06->2.04/7, 6=0.00->1.98/7  (terketat t1_a2_joint_3 90 %)
[INFO] [1789974351.370414264] [reach_dwell_probe]: jarak antar-lengan minimum sepanjang rencana: 370.6 mm di titik 71 (t1_a1_lower_wrist_link_0 <-> t1_a2_arm_link_0) -> CLEAR
[INFO] [1789974351.429119040] [reach_dwell_probe]: torsi RNEA+offset(per-aktuator) vs rating: 1=0.02->6.62/10, 2=2.38->8.98/14, 3=2.56->9.16/10, 4=0.46->2.44/7, 5=0.13->2.11/7, 6=0.00->1.98/7  (terketat t2_a1_joint_3 92 %)
[INFO] [1789974375.744092496] [reach_dwell_probe]: jarak antar-lengan minimum sepanjang rencana: 417.1 mm di titik 66 (t2_a1_left_finger_prox_link_0 <-> t2_a2_upper_wrist_link_0) -> CLEAR
[INFO] [1789974375.783306916] [reach_dwell_probe]: torsi RNEA+offset(per-aktuator) vs rating: 1=0.02->6.62/10, 2=6.16->12.76/14, 3=1.00->7.60/10, 4=0.21->2.19/7, 5=0.06->2.04/7, 6=0.00->1.98/7  (terketat t2_a2_joint_2 91 %)
[INFO] [1789974396.424404562] [reach_dwell_probe]: jarak antar-lengan minimum sepanjang rencana: 434.5 mm di titik 0 (t2_a1_upper_wrist_link_0 <-> t2_a2_arm_link_0) -> CLEAR
  kuartet 10 @rel 0.550/0.000: a1(0.714,0.318,1.240) a2(0.071,0.247,1.160) a3(0.164,-0.402,1.240) a4(-0.479,-0.473,1.160) -> PLANNED/PLANNED/PLANNED  LOLOS

lolos 4/10
  -> ../docs/results/p1_g20/g20_screen_quad.json
