probe LANGKAH 5: arm_1 + arm_2 + arm_3 + arm_4, 1 percobaan, abort torsi 12.0 N.m
sumber target: arm_1 (1.0, 0.318, 1.24), ['arm_2', 'arm_3', 'arm_4'] [(0.214, 0.247, 1.24), (0.45, -0.402, 1.24), (-0.336, -0.473, 1.24)]
kriteria A1 TERKUNCI, N-lengan: SATU jendela 2.0 s di mana KEDUA lengan
memenuhi pos < 5 mm dan ori < 5 deg BERSAMAAN. Bergantian TIDAK dihitung.

[INFO] [1789979809.427568119] [reach_dwell_probe]: torsi RNEA+offset(per-aktuator) vs rating: 1=0.02->6.62/10, 2=5.04->11.64/14, 3=2.10->8.70/10, 4=0.36->2.34/7, 5=0.10->2.08/7, 6=0.00->1.98/7  (terketat t1_a1_joint_3 87 %)
/home/user1/Documents/ceiling_arm/scripts/interarm_collision.py:66: UserWarning: You passed package dir(s) via argument geometry_model and provided package_dirs.
  self.geom = pin.buildGeomFromUrdf(
/home/user1/Documents/ceiling_arm/scripts/interarm_collision.py:168: UserWarning: You passed package dir(s) via argument geometry_model and provided package_dirs.
  self.geom = pin.buildGeomFromUrdf(
[INFO] [1789979844.215691436] [reach_dwell_probe]: jarak antar-lengan minimum sepanjang rencana: 622.9 mm di titik 0 (t1_a1_arm_link_0 <-> t1_a2_arm_link_0) -> CLEAR
       arm_1: moveit MOVED
[INFO] [1789979857.004361406] [reach_dwell_probe]: torsi RNEA+offset(per-aktuator) vs rating: 1=0.07->6.67/10, 2=5.59->12.19/14, 3=1.85->8.45/10, 4=0.26->2.24/7, 5=0.05->2.03/7, 6=0.00->1.98/7  (terketat t1_a2_joint_2 87 %)
[INFO] [1789979878.205905531] [reach_dwell_probe]: jarak antar-lengan minimum sepanjang rencana: 475.8 mm di titik 85 (t1_a2_arm_link_0 <-> t2_a1_arm_link_0) -> CLEAR
       arm_2: moveit MOVED
[INFO] [1789979886.804556542] [reach_dwell_probe]: torsi RNEA+offset(per-aktuator) vs rating: 1=0.01->6.61/10, 2=2.44->9.04/14, 3=2.43->9.03/10, 4=0.41->2.39/7, 5=0.07->2.05/7, 6=0.00->1.98/7  (terketat t2_a1_joint_3 90 %)
[INFO] [1789979915.308633260] [reach_dwell_probe]: jarak antar-lengan minimum sepanjang rencana: 467.3 mm di titik 127 (t1_a2_arm_link_0 <-> t2_a1_arm_link_0) -> CLEAR
       arm_3: moveit MOVED
[INFO] [1789979928.156255589] [reach_dwell_probe]: torsi RNEA+offset(per-aktuator) vs rating: 1=0.02->6.62/10, 2=1.76->8.36/14, 3=2.43->9.03/10, 4=0.41->2.39/7, 5=0.06->2.04/7, 6=0.00->1.98/7  (terketat t2_a2_joint_3 90 %)
[INFO] [1789979949.685229412] [reach_dwell_probe]: jarak antar-lengan minimum sepanjang rencana: 446.3 mm di titik 79 (t2_a1_forearm_link_0 <-> t2_a2_lower_wrist_link_0) -> CLEAR
       arm_4: moveit MOVED
  [ 1] CONCURRENT   (lengan sukses sendiri-sendiri: ['arm_1', 'arm_2', 'arm_3', 'arm_4']) torsi puncak  9.94 N.m

  A1 N-lengan: 1 / 1 punya jendela BERSAMA
  BERGANTIAN (kedua lengan sukses, tapi TIDAK bersamaan): 0  <- BUKAN sukses
  SEBAGIAN 0, TIDAK ADA 0
  TIDAK VALID (mesin, A5, di LUAR penyebut): tidak ada
  -> /tmp/g20_step5.json
