[INFO] [1789974870.701690656] [reach_dwell_monitor]: logging samples -> /tmp/g20_step5_samples.csv, summary -> /tmp/g20_step5_summary.csv
[INFO] [1789974870.702142505] [reach_dwell_monitor]: reach_dwell_monitor up: pos<5.0mm ori<5.0deg dwell=2.0s @20Hz over ['arm_1', 'arm_2', 'arm_3', 'arm_4']. Observer only -- commands nothing.
[INFO] [1789976309.884005689] [reach_dwell_monitor]: arm_3: target set (0.450, -0.402, 1.240) in world
[INFO] [1789976373.631461353] [reach_dwell_monitor]: arm_3: target set (0.450, -0.402, 1.240) in world
[INFO] [1789976424.852635882] [reach_dwell_monitor]: >>> arm_3: SUCCESS -- held 2.0s, pos max 4.61mm (settled 0.87) (tol 5.0), ori max 1.73deg (tol 5.0), 41 samples @ 20.0 Hz
[INFO] [1789976817.238134450] [reach_dwell_monitor]: arm_3: target set (0.450, -0.402, 1.240) in world
[INFO] [1789976817.337724173] [reach_dwell_monitor]: arm_4: target set (-0.336, -0.473, 1.240) in world
[INFO] [1789976832.145126210] [reach_dwell_monitor]: arm_3: target set (0.450, -0.402, 1.240) in world
[INFO] [1789976832.226038697] [reach_dwell_monitor]: arm_4: target set (-0.336, -0.473, 1.240) in world
[INFO] [1789976882.302789612] [reach_dwell_monitor]: >>> arm_3: SUCCESS -- held 2.0s, pos max 3.62mm (settled 1.71) (tol 5.0), ori max 1.86deg (tol 5.0), 41 samples @ 20.0 Hz
[INFO] [1789976927.803189261] [reach_dwell_monitor]: >>> arm_4: SUCCESS -- held 2.0s, pos max 2.56mm (settled 1.41) (tol 5.0), ori max 1.61deg (tol 5.0), 41 samples @ 20.0 Hz
[INFO] [1789976927.803961232] [reach_dwell_monitor]: >>> 2-ARM CONCURRENT dwell held 2.0s (common window) -- arms ['arm_3', 'arm_4']
[INFO] [1789977133.177508526] [reach_dwell_monitor]: arm_1: target set (1.000, 0.318, 1.240) in world
[INFO] [1789977133.276402200] [reach_dwell_monitor]: arm_2: target set (0.214, 0.247, 1.240) in world
[INFO] [1789977133.293441424] [reach_dwell_monitor]: arm_3: target set (0.450, -0.402, 1.240) in world
[INFO] [1789977133.376480503] [reach_dwell_monitor]: arm_4: target set (-0.336, -0.473, 1.240) in world
[INFO] [1789977179.703092981] [reach_dwell_monitor]: >>> arm_1: SUCCESS -- held 2.0s, pos max 3.13mm (settled 2.08) (tol 5.0), ori max 3.01deg (tol 5.0), 42 samples @ 20.0 Hz
[INFO] [1789977209.552976252] [reach_dwell_monitor]: >>> arm_2: SUCCESS -- held 2.0s, pos max 2.84mm (settled 2.03) (tol 5.0), ori max 1.03deg (tol 5.0), 41 samples @ 20.0 Hz
[INFO] [1789977249.702726560] [reach_dwell_monitor]: >>> arm_3: SUCCESS -- held 2.0s, pos max 2.81mm (settled 1.67) (tol 5.0), ori max 2.29deg (tol 5.0), 42 samples @ 20.0 Hz
[INFO] [1789977276.452858708] [reach_dwell_monitor]: >>> arm_4: SUCCESS -- held 2.0s, pos max 4.61mm (settled 2.03) (tol 5.0), ori max 0.69deg (tol 5.0), 41 samples @ 20.0 Hz
[INFO] [1789977276.453644927] [reach_dwell_monitor]: >>> 4-ARM CONCURRENT dwell held 2.0s (common window) -- arms ['arm_3', 'arm_4', 'arm_1', 'arm_2']
[INFO] [1789977567.004802943] [reach_dwell_monitor]: arm_1: target set (0.857, 0.035, 1.080) in world
[INFO] [1789977567.091680687] [reach_dwell_monitor]: arm_2: target set (0.286, 0.529, 1.160) in world
[INFO] [1789977567.185940159] [reach_dwell_monitor]: arm_3: target set (0.307, -0.685, 1.080) in world
[INFO] [1789977567.276311205] [reach_dwell_monitor]: arm_4: target set (-0.264, -0.191, 1.160) in world
[INFO] [1789977591.552778299] [reach_dwell_monitor]: >>> arm_1: SUCCESS -- held 2.0s, pos max 2.65mm (settled 1.88) (tol 5.0), ori max 1.75deg (tol 5.0), 41 samples @ 20.0 Hz
[INFO] [1789977622.902895466] [reach_dwell_monitor]: >>> arm_2: SUCCESS -- held 2.0s, pos max 4.33mm (settled 1.77) (tol 5.0), ori max 1.05deg (tol 5.0), 41 samples @ 20.0 Hz
[INFO] [1789977661.602688374] [reach_dwell_monitor]: >>> arm_3: SUCCESS -- held 2.0s, pos max 2.69mm (settled 1.57) (tol 5.0), ori max 1.20deg (tol 5.0), 41 samples @ 20.0 Hz
[INFO] [1789977691.002700105] [reach_dwell_monitor]: >>> arm_4: SUCCESS -- held 2.0s, pos max 2.92mm (settled 1.63) (tol 5.0), ori max 1.86deg (tol 5.0), 42 samples @ 20.0 Hz
[INFO] [1789977691.003468564] [reach_dwell_monitor]: >>> 4-ARM CONCURRENT dwell held 2.0s (common window) -- arms ['arm_3', 'arm_4', 'arm_1', 'arm_2']
[INFO] [1789977843.651561891] [reach_dwell_monitor]: arm_1: target set (0.786, 0.388, 1.000) in world
[INFO] [1789977843.736311459] [reach_dwell_monitor]: arm_2: target set (0.071, 0.176, 1.000) in world
[INFO] [1789977843.826330754] [reach_dwell_monitor]: arm_3: target set (0.236, -0.332, 1.000) in world
[INFO] [1789977843.916176899] [reach_dwell_monitor]: arm_4: target set (-0.479, -0.544, 1.000) in world
[INFO] [1789977873.702810477] [reach_dwell_monitor]: >>> arm_1: SUCCESS -- held 2.0s, pos max 4.26mm (settled 1.58) (tol 5.0), ori max 1.76deg (tol 5.0), 42 samples @ 20.0 Hz
[INFO] [1789977888.402907073] [reach_dwell_monitor]: >>> arm_2: SUCCESS -- held 2.0s, pos max 3.73mm (settled 1.52) (tol 5.0), ori max 1.50deg (tol 5.0), 41 samples @ 20.0 Hz
[INFO] [1789977904.502651833] [reach_dwell_monitor]: >>> arm_3: SUCCESS -- held 2.0s, pos max 4.81mm (settled 1.72) (tol 5.0), ori max 1.63deg (tol 5.0), 41 samples @ 20.0 Hz
[INFO] [1789977918.852752109] [reach_dwell_monitor]: >>> arm_4: SUCCESS -- held 2.0s, pos max 4.81mm (settled 2.00) (tol 5.0), ori max 1.60deg (tol 5.0), 42 samples @ 20.0 Hz
[INFO] [1789977918.853499338] [reach_dwell_monitor]: >>> 4-ARM CONCURRENT dwell held 2.0s (common window) -- arms ['arm_3', 'arm_4', 'arm_1', 'arm_2']
[INFO] [1789978073.911903919] [reach_dwell_monitor]: arm_1: target set (0.714, 0.318, 1.240) in world
[INFO] [1789978074.112115110] [reach_dwell_monitor]: arm_2: target set (0.071, 0.247, 1.160) in world
[INFO] [1789978074.312349816] [reach_dwell_monitor]: arm_3: target set (0.164, -0.402, 1.240) in world
[INFO] [1789978074.511978237] [reach_dwell_monitor]: arm_4: target set (-0.479, -0.473, 1.160) in world
[INFO] [1789978112.303185468] [reach_dwell_monitor]: >>> arm_1: SUCCESS -- held 2.0s, pos max 3.37mm (settled 2.14) (tol 5.0), ori max 1.78deg (tol 5.0), 42 samples @ 20.0 Hz
[INFO] [1789978140.003051342] [reach_dwell_monitor]: >>> arm_2: SUCCESS -- held 2.0s, pos max 3.45mm (settled 1.41) (tol 5.0), ori max 0.72deg (tol 5.0), 41 samples @ 20.0 Hz
[INFO] [1789978170.002803680] [reach_dwell_monitor]: >>> arm_3: SUCCESS -- held 2.0s, pos max 3.50mm (settled 1.46) (tol 5.0), ori max 1.01deg (tol 5.0), 42 samples @ 20.0 Hz
[INFO] [1789978210.952762181] [reach_dwell_monitor]: >>> arm_4: SUCCESS -- held 2.0s, pos max 3.88mm (settled 2.54) (tol 5.0), ori max 1.41deg (tol 5.0), 42 samples @ 20.0 Hz
[INFO] [1789978210.953572172] [reach_dwell_monitor]: >>> 4-ARM CONCURRENT dwell held 2.0s (common window) -- arms ['arm_3', 'arm_4', 'arm_1', 'arm_2']
[INFO] [1789978368.897956889] [reach_dwell_monitor]: arm_1: target set (1.000, 0.318, 1.240) in world
[INFO] [1789978368.991868660] [reach_dwell_monitor]: arm_2: target set (0.214, 0.247, 1.240) in world
[INFO] [1789978369.086535671] [reach_dwell_monitor]: arm_3: target set (0.450, -0.402, 1.240) in world
[INFO] [1789978369.176473572] [reach_dwell_monitor]: arm_4: target set (-0.336, -0.473, 1.240) in world
[INFO] [1789978417.802847840] [reach_dwell_monitor]: >>> arm_1: SUCCESS -- held 2.0s, pos max 2.59mm (settled 1.59) (tol 5.0), ori max 2.19deg (tol 5.0), 41 samples @ 20.0 Hz
[INFO] [1789978465.103273451] [reach_dwell_monitor]: >>> arm_2: SUCCESS -- held 2.0s, pos max 3.83mm (settled 1.55) (tol 5.0), ori max 0.92deg (tol 5.0), 42 samples @ 20.0 Hz
[INFO] [1789978507.753160772] [reach_dwell_monitor]: >>> arm_3: SUCCESS -- held 2.0s, pos max 3.25mm (settled 2.17) (tol 5.0), ori max 1.48deg (tol 5.0), 42 samples @ 20.0 Hz
[INFO] [1789978549.802813554] [reach_dwell_monitor]: >>> arm_4: SUCCESS -- held 2.0s, pos max 2.95mm (settled 1.06) (tol 5.0), ori max 1.64deg (tol 5.0), 42 samples @ 20.0 Hz
[INFO] [1789978549.803600460] [reach_dwell_monitor]: >>> 4-ARM CONCURRENT dwell held 2.0s (common window) -- arms ['arm_3', 'arm_4', 'arm_1', 'arm_2']
[INFO] [1789978716.389701859] [reach_dwell_monitor]: arm_1: target set (0.857, 0.035, 1.080) in world
[INFO] [1789978716.486531580] [reach_dwell_monitor]: arm_2: target set (0.286, 0.529, 1.160) in world
[INFO] [1789978716.586281503] [reach_dwell_monitor]: arm_3: target set (0.307, -0.685, 1.080) in world
[INFO] [1789978716.686411526] [reach_dwell_monitor]: arm_4: target set (-0.264, -0.191, 1.160) in world
[INFO] [1789978770.053162959] [reach_dwell_monitor]: >>> arm_1: SUCCESS -- held 2.0s, pos max 4.95mm (settled 1.02) (tol 5.0), ori max 2.09deg (tol 5.0), 41 samples @ 20.0 Hz
[INFO] [1789978816.602879114] [reach_dwell_monitor]: >>> arm_2: SUCCESS -- held 2.0s, pos max 3.95mm (settled 1.70) (tol 5.0), ori max 2.59deg (tol 5.0), 42 samples @ 20.0 Hz
[INFO] [1789978854.102750711] [reach_dwell_monitor]: >>> arm_3: SUCCESS -- held 2.0s, pos max 4.01mm (settled 2.45) (tol 5.0), ori max 1.90deg (tol 5.0), 41 samples @ 20.0 Hz
[INFO] [1789978879.802800954] [reach_dwell_monitor]: >>> arm_4: SUCCESS -- held 2.0s, pos max 3.20mm (settled 1.89) (tol 5.0), ori max 1.93deg (tol 5.0), 42 samples @ 20.0 Hz
[INFO] [1789978879.803593244] [reach_dwell_monitor]: >>> 4-ARM CONCURRENT dwell held 2.0s (common window) -- arms ['arm_3', 'arm_4', 'arm_1', 'arm_2']
[INFO] [1789979050.631610380] [reach_dwell_monitor]: arm_1: target set (0.786, 0.388, 1.000) in world
[INFO] [1789979050.832266026] [reach_dwell_monitor]: arm_2: target set (0.071, 0.176, 1.000) in world
[INFO] [1789979051.032409888] [reach_dwell_monitor]: arm_3: target set (0.236, -0.332, 1.000) in world
[INFO] [1789979051.231948955] [reach_dwell_monitor]: arm_4: target set (-0.479, -0.544, 1.000) in world
[INFO] [1789979078.753296122] [reach_dwell_monitor]: >>> arm_1: SUCCESS -- held 2.0s, pos max 3.71mm (settled 1.53) (tol 5.0), ori max 1.86deg (tol 5.0), 41 samples @ 20.0 Hz
[INFO] [1789979100.002912425] [reach_dwell_monitor]: >>> arm_2: SUCCESS -- held 2.0s, pos max 3.63mm (settled 1.48) (tol 5.0), ori max 1.81deg (tol 5.0), 42 samples @ 20.0 Hz
[INFO] [1789979112.902621744] [reach_dwell_monitor]: >>> arm_3: SUCCESS -- held 2.0s, pos max 2.25mm (settled 1.90) (tol 5.0), ori max 2.21deg (tol 5.0), 42 samples @ 20.0 Hz
[INFO] [1789979143.802749040] [reach_dwell_monitor]: >>> arm_4: SUCCESS -- held 2.0s, pos max 4.51mm (settled 1.27) (tol 5.0), ori max 2.65deg (tol 5.0), 41 samples @ 20.0 Hz
[INFO] [1789979143.803544756] [reach_dwell_monitor]: >>> 4-ARM CONCURRENT dwell held 2.0s (common window) -- arms ['arm_3', 'arm_4', 'arm_1', 'arm_2']
[INFO] [1789979316.354860870] [reach_dwell_monitor]: arm_1: target set (0.714, 0.318, 1.240) in world
[INFO] [1789979316.436191085] [reach_dwell_monitor]: arm_2: target set (0.071, 0.247, 1.160) in world
[INFO] [1789979316.526012167] [reach_dwell_monitor]: arm_3: target set (0.164, -0.402, 1.240) in world
[INFO] [1789979316.617763178] [reach_dwell_monitor]: arm_4: target set (-0.479, -0.473, 1.160) in world
[INFO] [1789979350.652857679] [reach_dwell_monitor]: >>> arm_1: SUCCESS -- held 2.0s, pos max 4.42mm (settled 0.90) (tol 5.0), ori max 2.71deg (tol 5.0), 41 samples @ 20.0 Hz
[INFO] [1789979377.353101360] [reach_dwell_monitor]: >>> arm_2: SUCCESS -- held 2.0s, pos max 3.01mm (settled 1.70) (tol 5.0), ori max 2.04deg (tol 5.0), 41 samples @ 20.0 Hz
[INFO] [1789979401.002698044] [reach_dwell_monitor]: >>> arm_3: SUCCESS -- held 2.0s, pos max 3.26mm (settled 0.12) (tol 5.0), ori max 1.20deg (tol 5.0), 42 samples @ 20.0 Hz
[INFO] [1789979431.052828592] [reach_dwell_monitor]: >>> arm_4: SUCCESS -- held 2.0s, pos max 4.12mm (settled 1.98) (tol 5.0), ori max 1.51deg (tol 5.0), 41 samples @ 20.0 Hz
[INFO] [1789979431.053595260] [reach_dwell_monitor]: >>> 4-ARM CONCURRENT dwell held 2.0s (common window) -- arms ['arm_3', 'arm_4', 'arm_1', 'arm_2']
[INFO] [1789979808.906907378] [reach_dwell_monitor]: arm_1: target set (1.000, 0.318, 1.240) in world
[INFO] [1789979808.991667129] [reach_dwell_monitor]: arm_2: target set (0.214, 0.247, 1.240) in world
[INFO] [1789979809.086364221] [reach_dwell_monitor]: arm_3: target set (0.450, -0.402, 1.240) in world
[INFO] [1789979809.176388776] [reach_dwell_monitor]: arm_4: target set (-0.336, -0.473, 1.240) in world
[INFO] [1789979858.902838608] [reach_dwell_monitor]: >>> arm_1: SUCCESS -- held 2.0s, pos max 2.77mm (settled 1.35) (tol 5.0), ori max 2.09deg (tol 5.0), 42 samples @ 20.0 Hz
[INFO] [1789979888.652923557] [reach_dwell_monitor]: >>> arm_2: SUCCESS -- held 2.0s, pos max 3.77mm (settled 0.91) (tol 5.0), ori max 1.65deg (tol 5.0), 42 samples @ 20.0 Hz
[INFO] [1789979929.954037396] [reach_dwell_monitor]: >>> arm_3: SUCCESS -- held 2.0s, pos max 3.09mm (settled 1.76) (tol 5.0), ori max 1.98deg (tol 5.0), 41 samples @ 20.0 Hz
[INFO] [1789979961.402882865] [reach_dwell_monitor]: >>> arm_4: SUCCESS -- held 2.0s, pos max 2.75mm (settled 1.54) (tol 5.0), ori max 1.83deg (tol 5.0), 41 samples @ 20.0 Hz
[INFO] [1789979961.403672387] [reach_dwell_monitor]: >>> 4-ARM CONCURRENT dwell held 2.0s (common window) -- arms ['arm_3', 'arm_4', 'arm_1', 'arm_2']
[INFO] [1789980145.715802214] [reach_dwell_monitor]: arm_1: target set (0.857, 0.035, 1.080) in world
[INFO] [1789980145.912401219] [reach_dwell_monitor]: arm_2: target set (0.286, 0.529, 1.160) in world
[INFO] [1789980146.112539320] [reach_dwell_monitor]: arm_3: target set (0.307, -0.685, 1.080) in world
[INFO] [1789980146.312200293] [reach_dwell_monitor]: arm_4: target set (-0.264, -0.191, 1.160) in world
[INFO] [1789980192.102853400] [reach_dwell_monitor]: >>> arm_1: SUCCESS -- held 2.0s, pos max 3.28mm (settled 1.71) (tol 5.0), ori max 1.95deg (tol 5.0), 42 samples @ 20.0 Hz
[INFO] [1789980213.552894820] [reach_dwell_monitor]: >>> arm_2: SUCCESS -- held 2.0s, pos max 3.75mm (settled 1.72) (tol 5.0), ori max 1.72deg (tol 5.0), 42 samples @ 20.0 Hz
[INFO] [1789980232.802587197] [reach_dwell_monitor]: >>> arm_3: SUCCESS -- held 2.0s, pos max 2.96mm (settled 2.08) (tol 5.0), ori max 0.30deg (tol 5.0), 42 samples @ 20.0 Hz
[INFO] [1789980287.452727758] [reach_dwell_monitor]: >>> arm_4: SUCCESS -- held 2.0s, pos max 2.57mm (settled 1.12) (tol 5.0), ori max 0.53deg (tol 5.0), 41 samples @ 20.0 Hz
[INFO] [1789980287.453490741] [reach_dwell_monitor]: >>> 4-ARM CONCURRENT dwell held 2.0s (common window) -- arms ['arm_3', 'arm_4', 'arm_1', 'arm_2']
