probe LANGKAH 5: arm_1 + arm_2 + arm_3 + arm_4, 1 percobaan, abort torsi 12.0 N.m
sumber target: arm_1 (0.786, 0.388, 1.0), ['arm_2', 'arm_3', 'arm_4'] [(0.071, 0.176, 1.0), (0.236, -0.332, 1.0), (-0.479, -0.544, 1.0)]
kriteria A1 TERKUNCI, N-lengan: SATU jendela 2.0 s di mana KEDUA lengan
memenuhi pos < 5 mm dan ori < 5 deg BERSAMAAN. Bergantian TIDAK dihitung.

[INFO] [1789979051.812733922] [reach_dwell_probe]: torsi RNEA+offset(per-aktuator) vs rating: 1=0.00->6.60/10, 2=1.16->7.76/14, 3=1.28->7.88/10, 4=0.25->2.23/7, 5=0.05->2.03/7, 6=0.00->1.98/7  (terketat t1_a1_joint_3 79 %)
/home/user1/Documents/ceiling_arm/scripts/interarm_collision.py:66: UserWarning: You passed package dir(s) via argument geometry_model and provided package_dirs.
  self.geom = pin.buildGeomFromUrdf(
/home/user1/Documents/ceiling_arm/scripts/interarm_collision.py:168: UserWarning: You passed package dir(s) via argument geometry_model and provided package_dirs.
  self.geom = pin.buildGeomFromUrdf(
[INFO] [1789979071.360908857] [reach_dwell_probe]: jarak antar-lengan minimum sepanjang rencana: 532.3 mm di titik 56 (t1_a1_upper_wrist_link_0 <-> t1_a2_upper_wrist_link_0) -> CLEAR
       arm_1: moveit MOVED
[INFO] [1789979077.095596422] [reach_dwell_probe]: torsi RNEA+offset(per-aktuator) vs rating: 1=0.01->6.61/10, 2=5.15->11.75/14, 3=0.67->7.27/10, 4=0.08->2.06/7, 5=0.06->2.04/7, 6=0.00->1.98/7  (terketat t1_a2_joint_2 84 %)
[INFO] [1789979092.285745346] [reach_dwell_probe]: jarak antar-lengan minimum sepanjang rencana: 487.5 mm di titik 60 (t1_a2_left_finger_prox_link_0 <-> t2_a1_right_finger_prox_link_0) -> CLEAR
       arm_2: moveit MOVED
[INFO] [1789979098.310063913] [reach_dwell_probe]: torsi RNEA+offset(per-aktuator) vs rating: 1=0.03->6.63/10, 2=3.65->10.25/14, 3=0.38->6.98/10, 4=0.04->2.02/7, 5=0.05->2.03/7, 6=0.00->1.98/7  (terketat t2_a1_joint_2 73 %)
[INFO] [1789979108.155147282] [reach_dwell_probe]: jarak antar-lengan minimum sepanjang rencana: 437.5 mm di titik 28 (t1_a2_left_finger_prox_link_0 <-> t2_a1_right_finger_prox_link_0) -> CLEAR
       arm_3: moveit MOVED
[INFO] [1789979111.051431824] [reach_dwell_probe]: torsi RNEA+offset(per-aktuator) vs rating: 1=0.02->6.62/10, 2=4.98->11.58/14, 3=0.60->7.20/10, 4=0.01->1.99/7, 5=0.06->2.04/7, 6=0.00->1.98/7  (terketat t2_a2_joint_2 83 %)
[INFO] [1789979132.643653718] [reach_dwell_probe]: jarak antar-lengan minimum sepanjang rencana: 507.0 mm di titik 0 (t2_a1_arm_link_0 <-> t2_a2_arm_link_0) -> CLEAR
       arm_4: moveit MOVED
  [ 1] CONCURRENT   (lengan sukses sendiri-sendiri: ['arm_1', 'arm_2', 'arm_3', 'arm_4']) torsi puncak 10.03 N.m

  A1 N-lengan: 1 / 1 punya jendela BERSAMA
  BERGANTIAN (kedua lengan sukses, tapi TIDAK bersamaan): 0  <- BUKAN sukses
  SEBAGIAN 0, TIDAK ADA 0
  TIDAK VALID (mesin, A5, di LUAR penyebut): tidak ada
  -> /tmp/g20_step5.json
