# cuplikan /tmp/g20_t1.log: error Kortex pasca-sesi (baris 8830-8900) + hitungan kelas
[ros2_control_node-4] [ERROR] [1789981155.697847348] [KortexMultiInterfaceHardware]: Kortex exception: Device error, Error sub type=WRONG_SERVOING_MODE => <srv: 3, fct: 1, msgType: 3>
[ros2_control_node-4] description: Wrong servoing mode, must be low level servoing mode
[ros2_control_node-4] [ERROR] [1789981155.697883928] [KortexMultiInterfaceHardware]: Error sub-code: WRONG_SERVOING_MODE
[ros2_control_node-4] [ERROR] [1789981155.699330805] [KortexMultiInterfaceHardware]: Kortex exception: Device error, Error sub type=WRONG_SERVOING_MODE => <srv: 3, fct: 1, msgType: 3>
[ros2_control_node-4] description: Wrong servoing mode, must be low level servoing mode
[ros2_control_node-4] [ERROR] [1789981155.699345631] [KortexMultiInterfaceHardware]: Error sub-code: WRONG_SERVOING_MODE
[ros2_control_node-4] [ERROR] [1789981155.700745819] [KortexMultiInterfaceHardware]: Kortex exception: Device error, Error sub type=WRONG_SERVOING_MODE => <srv: 3, fct: 1, msgType: 3>
[ros2_control_node-4] description: Wrong servoing mode, must be low level servoing mode
[ros2_control_node-4] [ERROR] [1789981155.700760864] [KortexMultiInterfaceHardware]: Error sub-code: WRONG_SERVOING_MODE
[ros2_control_node-4] [ERROR] [1789981158.707543945] [KortexMultiInterfaceHardware]: Exception on RefreshFeedback: timeout detected: BaseCyclicClient::RefreshFeedback
[ros2_control_node-4] 
[ros2_control_node-4] [ERROR] [1789981161.707982048] [KortexMultiInterfaceHardware]: Exception on RefreshFeedback: timeout detected: BaseCyclicClient::RefreshFeedback
[ros2_control_node-4] 
[ros2_control_node-4] [ERROR] [1789981164.708119821] [KortexMultiInterfaceHardware]: Exception on RefreshFeedback: timeout detected: BaseCyclicClient::RefreshFeedback
[ros2_control_node-4] 
[ros2_control_node-4] [ERROR] [1789981167.708316610] [KortexMultiInterfaceHardware]: Exception on RefreshFeedback: timeout detected: BaseCyclicClient::RefreshFeedback
[ros2_control_node-4] 
[dual_table_controller-19] No response received after 3 retries, continue with next request
[dual_table_controller-19] [ERROR] [1789981167.749773909] [dual_table_controller]: Error reading positions for Table 1: Modbus Error: [Input/Output] No response received after 3 retries, continue with next request
[ros2_control_node-4] [ERROR] [1789981170.708556253] [KortexMultiInterfaceHardware]: Exception on RefreshFeedback: timeout detected: BaseCyclicClient::RefreshFeedback
[ros2_control_node-4] 
[ros2_control_node-4] [ERROR] [1789981173.709086601] [KortexMultiInterfaceHardware]: Exception on RefreshFeedback: timeout detected: BaseCyclicClient::RefreshFeedback
[ros2_control_node-4] 
[ros2_control_node-4] [ERROR] [1789981176.709269362] [KortexMultiInterfaceHardware]: Exception on RefreshFeedback: timeout detected: BaseCyclicClient::RefreshFeedback
[ros2_control_node-4] 
[ros2_control_node-4] [ERROR] [1789981179.709422795] [KortexMultiInterfaceHardware]: Exception on RefreshFeedback: timeout detected: BaseCyclicClient::RefreshFeedback
[ros2_control_node-4] 
[dual_table_controller-19] Repeating....
[dual_table_controller-19] [ERROR] [1789981179.752698983] [dual_table_controller]: Error reading positions for Table 2: Modbus Error: [Input/Output] No response received after 3 retries, continue with next request
[ros2_control_node-4] [ERROR] [1789981182.709621609] [KortexMultiInterfaceHardware]: Exception on RefreshFeedback: timeout detected: BaseCyclicClient::RefreshFeedback
[ros2_control_node-4] 
[ros2_control_node-4] [ERROR] [1789981185.710043970] [KortexMultiInterfaceHardware]: Exception on RefreshFeedback: timeout detected: BaseCyclicClient::RefreshFeedback
[ros2_control_node-4] 
[ros2_control_node-4] [ERROR] [1789981188.710200491] [KortexMultiInterfaceHardware]: Exception on RefreshFeedback: timeout detected: BaseCyclicClient::RefreshFeedback
[ros2_control_node-4] 
[ros2_control_node-4] [ERROR] [1789981191.710402706] [KortexMultiInterfaceHardware]: Exception on RefreshFeedback: timeout detected: BaseCyclicClient::RefreshFeedback
[ros2_control_node-4] 
[dual_table_controller-19] [ERROR] [1789981191.757723291] [dual_table_controller]: Error reading positions for Table 1: Modbus Error: [Input/Output] No response received after 3 retries, continue with next request
[ros2_control_node-4] [ERROR] [1789981194.710599718] [KortexMultiInterfaceHardware]: Exception on RefreshFeedback: timeout detected: BaseCyclicClient::RefreshFeedback
[ros2_control_node-4] 
[ros2_control_node-4] [ERROR] [1789981197.710982177] [KortexMultiInterfaceHardware]: Exception on RefreshFeedback: timeout detected: BaseCyclicClient::RefreshFeedback
[ros2_control_node-4] 
[ros2_control_node-4] [ERROR] [1789981200.711296321] [KortexMultiInterfaceHardware]: Exception on RefreshFeedback: timeout detected: BaseCyclicClient::RefreshFeedback
# hitungan kelas error Kortex:
 238953 [ros2_control_node-4] [ERROR]  [KortexMultiInterfaceHardware]: Kortex exception on RefreshFeedback: Server protocol error, Error sub type=INVALID_USER_SESSION_A
  21763 [ros2_control_node-4] [ERROR]  [KortexMultiInterfaceHardware]: Exception on RefreshFeedback: timeout detected: BaseCyclicClient::RefreshFeedback
      3 [ros2_control_node-4] [ERROR]  [KortexMultiInterfaceHardware]: Kortex exception: Device error, Error sub type=WRONG_SERVOING_MODE => <srv: 3, fct: 1, msgType: 3
      1 [ros2_control_node-4] [ERROR]  [KortexMultiInterfaceHardware]: Exception on RefreshFeedback: std::future_error: Future already retrieved
# terakhir:
[ros2_control_node-4] [ERROR] [1790046620.324379417] [KortexMultiInterfaceHardware]: Exception on RefreshFeedback: timeout detected: BaseCyclicClient::RefreshFeedback
[ros2_control_node-4] [ERROR] [1790046623.324550923] [KortexMultiInterfaceHardware]: Exception on RefreshFeedback: timeout detected: BaseCyclicClient::RefreshFeedback
