probe LANGKAH 5: arm_1 + arm_2 + arm_3 + arm_4, 1 percobaan, abort torsi 12.0 N.m
sumber target: arm_1 (0.714, 0.318, 1.24), ['arm_2', 'arm_3', 'arm_4'] [(0.071, 0.247, 1.16), (0.164, -0.402, 1.24), (-0.479, -0.473, 1.16)]
kriteria A1 TERKUNCI, N-lengan: SATU jendela 2.0 s di mana KEDUA lengan
memenuhi pos < 5 mm dan ori < 5 deg BERSAMAAN. Bergantian TIDAK dihitung.

[INFO] [1789979316.839297444] [reach_dwell_probe]: torsi RNEA+offset(per-aktuator) vs rating: 1=0.01->6.61/10, 2=2.12->8.72/14, 3=2.45->9.05/10, 4=0.41->2.39/7, 5=0.05->2.03/7, 6=0.00->1.98/7  (terketat t1_a1_joint_3 91 %)
/home/user1/Documents/ceiling_arm/scripts/interarm_collision.py:66: UserWarning: You passed package dir(s) via argument geometry_model and provided package_dirs.
  self.geom = pin.buildGeomFromUrdf(
/home/user1/Documents/ceiling_arm/scripts/interarm_collision.py:168: UserWarning: You passed package dir(s) via argument geometry_model and provided package_dirs.
  self.geom = pin.buildGeomFromUrdf(
[INFO] [1789979340.573815928] [reach_dwell_probe]: jarak antar-lengan minimum sepanjang rencana: 428.1 mm di titik 71 (t1_a1_upper_wrist_link_0 <-> t1_a2_arm_link_0) -> CLEAR
       arm_1: moveit MOVED
[INFO] [1789979348.913840161] [reach_dwell_probe]: torsi RNEA+offset(per-aktuator) vs rating: 1=0.02->6.62/10, 2=5.86->12.46/14, 3=1.17->7.77/10, 4=0.23->2.21/7, 5=0.05->2.03/7, 6=0.00->1.98/7  (terketat t1_a2_joint_2 89 %)
[INFO] [1789979367.313147660] [reach_dwell_probe]: jarak antar-lengan minimum sepanjang rencana: 434.8 mm di titik 0 (t1_a1_upper_wrist_link_0 <-> t1_a2_arm_link_0) -> CLEAR
       arm_2: moveit MOVED
[INFO] [1789979375.545744646] [reach_dwell_probe]: torsi RNEA+offset(per-aktuator) vs rating: 1=0.02->6.62/10, 2=7.12->13.72/14, 3=0.54->7.14/10, 4=0.01->1.99/7, 5=0.06->2.04/7, 6=0.00->1.98/7  (terketat t2_a1_joint_2 98 %)
[INFO] [1789979392.464243839] [reach_dwell_probe]: jarak antar-lengan minimum sepanjang rencana: 409.5 mm di titik 62 (t2_a1_lower_wrist_link_0 <-> t2_a2_arm_link_0) -> CLEAR
       arm_3: moveit MOVED
[INFO] [1789979399.201323457] [reach_dwell_probe]: torsi RNEA+offset(per-aktuator) vs rating: 1=0.12->6.72/10, 2=5.14->11.74/14, 3=1.65->8.25/10, 4=0.22->2.20/7, 5=0.06->2.04/7, 6=0.00->1.98/7  (terketat t2_a2_joint_2 84 %)
[INFO] [1789979420.188883484] [reach_dwell_probe]: jarak antar-lengan minimum sepanjang rencana: 326.0 mm di titik 42 (t2_a1_lower_wrist_link_0 <-> t2_a2_forearm_link_0) -> CLEAR
       arm_4: moveit MOVED
[ERROR] [1789979429.216829543] [reach_dwell_probe]: ABORT: torsi 14.27 N.m pada t2_a1_joint_2 > batas 12.00
  [ 1] TORQUE-ABORT (lengan sukses sendiri-sendiri: tidak ada) torsi puncak 14.27 N.m
[31m  BERHENTI: batas torsi. A6/S4 -- red LED butuh reset FISIK.[0m
  TIDAK VALID (mesin, A5, di LUAR penyebut): {'TORQUE-ABORT': 1}
  -> /tmp/g20_step5.json
