probe LANGKAH 5: arm_1 + arm_2 + arm_3 + arm_4, 1 percobaan, abort torsi 12.0 N.m
sumber target: arm_1 (1.0, 0.318, 1.24), ['arm_2', 'arm_3', 'arm_4'] [(0.214, 0.247, 1.24), (0.45, -0.402, 1.24), (-0.336, -0.473, 1.24)]
kriteria A1 TERKUNCI, N-lengan: SATU jendela 2.0 s di mana KEDUA lengan
memenuhi pos < 5 mm dan ori < 5 deg BERSAMAAN. Bergantian TIDAK dihitung.

[INFO] [1789977133.608503373] [reach_dwell_probe]: torsi RNEA+offset(per-aktuator) vs rating: 1=0.04->6.64/10, 2=4.39->10.99/14, 3=2.23->8.83/10, 4=0.37->2.35/7, 5=0.05->2.03/7, 6=0.00->1.98/7  (terketat t1_a1_joint_3 88 %)
/home/user1/Documents/ceiling_arm/scripts/interarm_collision.py:66: UserWarning: You passed package dir(s) via argument geometry_model and provided package_dirs.
  self.geom = pin.buildGeomFromUrdf(
/home/user1/Documents/ceiling_arm/scripts/interarm_collision.py:168: UserWarning: You passed package dir(s) via argument geometry_model and provided package_dirs.
  self.geom = pin.buildGeomFromUrdf(
[INFO] [1789977165.375090698] [reach_dwell_probe]: jarak antar-lengan minimum sepanjang rencana: 539.6 mm di titik 62 (t1_a1_arm_link_0 <-> t1_a2_arm_link_0) -> CLEAR
       arm_1: moveit MOVED
[INFO] [1789977177.915375842] [reach_dwell_probe]: torsi RNEA+offset(per-aktuator) vs rating: 1=0.07->6.67/10, 2=5.48->12.08/14, 3=1.90->8.50/10, 4=0.27->2.25/7, 5=0.06->2.04/7, 6=0.00->1.98/7  (terketat t1_a2_joint_2 86 %)
[INFO] [1789977199.043487511] [reach_dwell_probe]: jarak antar-lengan minimum sepanjang rencana: 398.2 mm di titik 78 (t1_a1_arm_link_0 <-> t1_a2_forearm_link_0) -> CLEAR
       arm_2: moveit MOVED
[INFO] [1789977207.697791391] [reach_dwell_probe]: torsi RNEA+offset(per-aktuator) vs rating: 1=0.00->6.60/10, 2=2.87->9.47/14, 3=2.42->9.02/10, 4=0.40->2.38/7, 5=0.07->2.05/7, 6=0.00->1.98/7  (terketat t2_a1_joint_3 90 %)
[INFO] [1789977235.310472756] [reach_dwell_probe]: jarak antar-lengan minimum sepanjang rencana: 463.5 mm di titik 72 (t1_a2_forearm_link_0 <-> t2_a1_arm_link_0) -> CLEAR
       arm_3: moveit MOVED
[INFO] [1789977247.904134593] [reach_dwell_probe]: torsi RNEA+offset(per-aktuator) vs rating: 1=0.07->6.67/10, 2=5.62->12.22/14, 3=1.83->8.43/10, 4=0.26->2.24/7, 5=0.06->2.04/7, 6=0.00->1.98/7  (terketat t2_a2_joint_2 87 %)
[INFO] [1789977266.080065304] [reach_dwell_probe]: jarak antar-lengan minimum sepanjang rencana: 291.0 mm di titik 62 (t2_a1_arm_link_0 <-> t2_a2_forearm_link_0) -> CLEAR
       arm_4: moveit MOVED
  [ 1] CONCURRENT   (lengan sukses sendiri-sendiri: ['arm_1', 'arm_2', 'arm_3', 'arm_4']) torsi puncak 10.99 N.m

  A1 N-lengan: 1 / 1 punya jendela BERSAMA
  BERGANTIAN (kedua lengan sukses, tapi TIDAK bersamaan): 0  <- BUKAN sukses
  SEBAGIAN 0, TIDAK ADA 0
  TIDAK VALID (mesin, A5, di LUAR penyebut): tidak ada
  -> /tmp/g20_step5.json
