batas statis oracle j2 = 14 - 7.7 - m2 = 5.6411;  RNEA plan ditolak bila > 6.30
src       sd   sm  t arm       z  rail verdict        start  RNEA2   o_j2    gap  o_ok n_sol  sat tfail nroll src
G22        5    1  5 arm_1  1.40  0.55 TORQUE-UNSAFE   REST   7.10   5.94   1.16 False   424    T   573    72 cache
G22        6    1  1 arm_1  1.40  1.05 TORQUE-UNSAFE   REST   8.71   9.46  -0.75 False   358    T     7    72 cache
G22        7    1  4 arm_1  1.40  0.55 PLANNED         REST   3.25   6.00  -2.75 False   241    T   484    72 cache
G22        9    1  5 arm_1  1.40  0.55 TORQUE-UNSAFE   REST   9.69   9.75  -0.06 False   480    T    21    72 cache
G22       16    1  1 arm_1  1.40  0.55 TORQUE-UNSAFE     t0   9.54  10.15  -0.61 False   476    T     6    72 cache
G22       19    1  5 arm_1  1.40  0.55 TORQUE-UNSAFE   REST   9.72   9.83  -0.11 False   360    T    11    72 cache
G22       27    1  4 arm_1  1.40  1.10 NO-PLAN         REST      -      -      - False     0    T     0     0 cache
G22       39    1  1 arm_1  1.40  0.55 PLANNED         REST   5.68   7.65  -1.97 False   477    T    31    72 cache
G22       39    1  2 arm_2  1.40  0.55 PLANNED         REST   5.36   7.27  -1.91 False   359    T    37    72 cache
G22       45    1  3 arm_1  1.40  0.55 NO-PLAN           t1      -      -      - False     0    T     0     0 cache
G23       35    1  0 arm_2  1.40  0.40 TORQUE-UNSAFE   REST   7.72   6.99   0.73 False   663    T   784    72 cache
G24b       0    1  5 arm_1  1.40  0.75 TORQUE-UNSAFE   REST   7.17   5.56   1.61  True   180    T   498    72 cache
G26        0    1  5 arm_1  1.40  0.75 PLANNED         REST   2.41   5.56  -3.15  True   180    T   498    72 cache
G26        0    2  5 arm_1  1.40  0.75 PLANNED         REST   2.54   5.56  -3.02  True   180    T   498    72 cache
G26        0    3  5 arm_1  1.40  0.75 TORQUE-UNSAFE   REST   7.18   5.56   1.62  True   180    T   498    72 cache
G26        3    1  4 arm_1  1.40  0.65 TORQUE-UNSAFE   REST   6.43   5.62   0.81  True   120    T   429    72 cache
G26        4    1  0 arm_1  1.40  0.45 PLANNED         REST   2.50   5.61  -3.11  True   179    T     4    72 cache
G26        4    1  1 arm_3  1.40  1.40 TORQUE-UNSAFE   REST   6.45   5.37   1.08  True    60    T   124    60 cache
G26        5    1  0 arm_3  1.40  0.75 TORQUE-UNSAFE   REST   7.12   5.57   1.55  True   179    T   314    72 cache
G26        6    1  4 arm_1  1.40  1.30 PLANNED         REST   2.45   5.62  -3.17  True   120    T   248    72 cache
G26        6    2  4 arm_1  1.40  1.30 TORQUE-UNSAFE   REST   7.36   5.62   1.74  True   120    T   248    72 cache
G26        7    1  4 arm_3  1.40  1.45 PLANNED           t2   3.74   5.60  -1.86  True   120    T   452    72 cache
G26        7    2  4 arm_3  1.40  1.45 TORQUE-UNSAFE     t2   6.75   5.60   1.15  True   120    T   452    72 cache
G26        8    1  4 arm_3  1.40  0.25 TORQUE-UNSAFE     t3   8.14   5.57   2.57  True   179    T   314    72 cache
G26        9    1  3 arm_2  1.40  0.55 TORQUE-UNSAFE   REST   7.39   5.63   1.76  True   179    T     8    72 cache
G26       10    1  1 arm_4  1.40  0.75 TORQUE-UNSAFE   REST   6.92   5.60   1.32  True   120    T   452    72 cache
G26       11    1  4 arm_1  1.40  0.55 TORQUE-UNSAFE   REST   7.28   5.63   1.65  True   179    T     6    72 cache
G26       12    1  5 arm_3  1.40  0.15 TORQUE-UNSAFE   REST   7.10   5.62   1.48  True   120    T   241    72 cache
G22        0    1  2 arm_1  1.32  0.55 PLANNED         REST   3.46   5.31  -1.85  True   124    T   102    60 cache
G22        0    1  4 arm_2  1.32  0.55 TORQUE-UNSAFE   REST   7.70   9.56  -1.86 False   358    T    48    72 cache
G22        2    1  3 arm_1  1.32  0.55 TORQUE-UNSAFE   REST   9.01   9.17  -0.16 False   358    T    17    72 cache
G22       10    1  4 arm_1  1.32  0.55 NO-PLAN         REST      -      -      - False     0    T     0     0 cache
G22       12    1  0 arm_1  1.32  0.55 PLANNED         REST   3.79   7.53  -3.74 False   397    T  1118    72 cache
G22       13    1  0 arm_1  1.32  0.80 NO-PLAN         REST      -      -      - False     0    T     0     0 cache
G22       17    1  0 arm_1  1.32  0.55 NO-PLAN         REST      -      -      - False     0    T     0     0 cache
G22       28    1  0 arm_1  1.32  0.75 NO-PLAN         REST      -      -      - False     0    T     0     0 cache
G22       33    1  3 arm_1  1.32  0.55 TORQUE-UNSAFE   REST   9.26   9.55  -0.29 False   476    T    12    72 cache
G22       40    1  5 arm_1  1.32  1.20 NO-PLAN         REST      -      -      - False     0    T     0     0 cache
G22       42    1  2 arm_1  1.32  0.55 TORQUE-UNSAFE   REST   7.36   9.22  -1.86 False   478    T    24    72 cache
G22       44    1  5 arm_1  1.32  0.55 TORQUE-UNSAFE   REST   6.45   6.48  -0.03 False   360    T    14    72 cache
G23        0    1  2 arm_1  1.32  0.55 PLANNED         REST   2.74   5.31  -2.57  True   124    T   102    60 cache
G23        0    1  4 arm_1  1.32  0.45 TORQUE-UNSAFE   REST   7.83   8.17  -0.34 False   358    T   128    72 cache
G24b       0    1  1 arm_1  1.32  0.55 PLANNED         REST   2.60   5.31  -2.71  True   124    T   102    60 cache
G26        0    1  1 arm_2  1.32  1.35 PLANNED         REST   4.02   5.31  -1.29  True   239    T   161    72 cache
G26        0    1  2 arm_2  1.32  0.85 PLANNED         REST   5.05   5.31  -0.26  True   239    T   161    72 cache
G26        0    2  1 arm_2  1.32  1.35 PLANNED         REST   4.54   5.31  -0.77  True   239    T   161    72 cache
G26        0    2  2 arm_2  1.32  0.85 PLANNED         REST   3.22   5.31  -2.09  True   239    T   161    72 cache
G26        4    1  4 arm_3  1.32  0.10 PLANNED         REST   5.47   5.62  -0.15  True   482    T   305    72 cache
G26        7    1  3 arm_4  1.32  0.95 PLANNED         REST   3.46   5.08  -1.62  True   265    T   981    63 cache
G26        7    1  5 arm_1  1.32  1.20 PLANNED         REST   4.93   5.18  -0.25  True   243    T  1015    69 cache
G26        7    2  3 arm_4  1.32  0.95 PLANNED         REST   3.45   5.08  -1.63  True   265    T   981    63 cache
G26        7    2  5 arm_1  1.32  1.20 PLANNED         REST   3.12   5.18  -2.06  True   243    T  1015    69 cache
G26       12    1  0 arm_1  1.32  0.85 PLANNED         REST   3.03   5.27  -2.24  True   241    T   261    72 cache
G22        3    1  3 arm_1  1.24  0.55 NO-PLAN         REST      -      -      - False     0    T     0     0 cache
G22       12    1  4 arm_2  1.24  0.55 PLANNED         REST   5.86   6.28  -0.42 False   358    T    21    72 cache
G22       22    1  0 arm_1  1.24  1.10 NO-PLAN         REST      -      -      - False     0    T     0     0 cache
G22       26    1  4 arm_1  1.24  0.55 NO-PLAN         REST      -      -      - False     0    T     0     0 cache
G22       31    1  2 arm_1  1.24  0.55 NO-PLAN           t0      -      -      - False     0    T     0     0 cache
G22       36    1  5 arm_1  1.24  0.80 NO-PLAN         REST      -      -      - False     0    T     0     0 cache
G22       37    1  4 arm_1  1.24  0.55 NO-PLAN         REST      -      -      - False     0    T     0     0 cache
G22       39    1  3 arm_1  1.24  0.55 TORQUE-UNSAFE     t1   6.97   7.36  -0.39 False   480    T    44    72 cache
G22       41    1  4 arm_1  1.24  0.55 NO-PLAN         REST      -      -      - False     0    T     0     0 cache
G22       49    1  5 arm_1  1.24  0.55 NO-PLAN         REST      -      -      - False     0    T     0     0 cache
G24b       1    1  4 arm_3  1.24  1.45 PLANNED         REST   2.39   5.38  -2.99  True   485    T   790    72 cache
G24b       1    2  4 arm_3  1.24  1.45 PLANNED         REST   5.18   5.38  -0.20  True   485    T   790    72 cache
G24b       1    3  4 arm_3  1.24  1.45 PLANNED         REST   4.60   5.38  -0.78  True   485    T   790    72 cache
G24b       1 exec  4 arm_3  1.24  1.45 SUCCESS         REST   4.86   5.38  -0.52  True   485    T   790    72 cache
G26        1    1  4 arm_3  1.24  1.45 PLANNED         REST   3.83   5.38  -1.55  True   485    T   790    72 cache
G26        1    2  4 arm_3  1.24  1.45 PLANNED         REST   5.21   5.38  -0.17  True   485    T   790    72 cache
G26        1    3  4 arm_3  1.24  1.45 PLANNED         REST   4.79   5.38  -0.59  True   485    T   790    72 cache
G26        6    1  1 arm_4  1.24  0.35 PLANNED         REST   4.18   5.29  -1.11  True   240    T    55    72 cache
G26        6    1  3 arm_3  1.24  1.15 PLANNED         REST   3.38   4.87  -1.49  True   145    T   568    59 cache
G26        6    1  5 arm_1  1.24  0.60 PLANNED         REST   5.08   5.60  -0.52  True   358    T    48    72 cache
G26        6    2  5 arm_1  1.24  0.60 PLANNED         REST   5.49   5.60  -0.11  True   358    T    48    72 cache
G26        8    1  5 arm_1  1.24  0.25 PLANNED         REST   3.19   5.38  -2.19  True   368    T   773    72 cache
G26       10    1  4 arm_3  1.24  0.75 PLANNED         REST   4.56   5.61  -1.05  True   480    T   279    72 cache
G26       10    1  5 arm_1  1.24  1.50 PLANNED           t0   4.36   4.97  -0.61  True   245    T   672    69 cache
G26       13    1  4 arm_3  1.24  1.35 PLANNED           t2   3.54   4.79  -1.25  True   122    T   134    60 cache
G26       13    2  4 arm_3  1.24  1.35 PLANNED           t2   4.42   4.79  -0.37  True   122    T   134    60 cache
G26       13    3  4 arm_3  1.24  1.35 PLANNED           t2   3.62   4.79  -1.17  True   122    T   134    60 cache
G26 s1     1 exec  4 arm_3  1.24  1.45 SUCCESS         REST   4.83   5.38  -0.55  True   485    T   790    72 cache
G26 s13   13 exec  4 arm_3  1.24  1.35 SUCCESS           t2   3.65   4.79  -1.14  True   122    T   134    60 cache
G22       14    1  3 arm_1  1.16  0.55 NO-PLAN         REST      -      -      - False     0    T     0     0 cache
G22       18    1  3 arm_1  1.16  0.55 NO-PLAN         REST      -      -      - False     0    T     0     0 cache
G22       32    1  0 arm_1  1.16  1.00 NO-PLAN         REST      -      -      - False     0    T     0     0 cache
G22       35    1  1 arm_1  1.16  0.55 TORQUE-UNSAFE   REST   7.28   7.73  -0.45 False   360    T   877    72 cache
G22       40    1  4 arm_1  1.16  0.55 PLANNED         REST   5.30   6.24  -0.94 False   360    T    19    72 cache
G26        0    1  3 arm_4  1.16  0.40 PLANNED         REST   3.31   5.08  -1.77  True   360    T   209    72 cache
G26        0    2  3 arm_4  1.16  0.40 PLANNED         REST   4.41   5.08  -0.67  True   360    T   209    72 cache
G26        2    1  5 arm_3  1.16  0.70 PLANNED         REST   3.30   4.62  -1.32  True   241    T   641    69 cache
G26        2    2  5 arm_3  1.16  0.70 PLANNED         REST   2.70   4.62  -1.92  True   241    T   641    69 cache
G26        2    3  5 arm_3  1.16  0.70 PLANNED         REST   2.95   4.62  -1.67  True   241    T   641    69 cache
G26        5    1  5 arm_2  1.16  0.55 PLANNED         REST   3.75   5.05  -1.30  True   483    T   776    72 cache
G26        6    1  0 arm_1  1.16  0.30 PLANNED         REST   5.39   5.58  -0.19  True   477    T    42    72 cache
G26        6    2  0 arm_1  1.16  0.30 PLANNED         REST   5.43   5.58  -0.15  True   477    T    42    72 cache
G26        8    1  0 arm_1  1.16  0.10 PLANNED         REST   2.30   5.08  -2.78  True   360    T   209    72 cache
G26       13    1  0 arm_1  1.16  1.25 PLANNED         REST   4.60   5.05  -0.45  True   364    T   751    72 cache
G26       13    1  3 arm_1  1.16  0.75 PLANNED         REST   3.14   5.05  -1.91  True   364    T   752    72 cache
G26       13    2  0 arm_1  1.16  1.25 PLANNED         REST   2.66   5.05  -2.39  True   364    T   751    72 cache
G26       13    2  3 arm_1  1.16  0.75 PLANNED         REST   2.60   5.05  -2.45  True   364    T   752    72 cache
G26       13    3  0 arm_1  1.16  1.25 PLANNED         REST   4.47   5.05  -0.58  True   364    T   751    72 cache
G26       13    3  3 arm_1  1.16  0.75 PLANNED         REST   4.12   5.05  -0.93  True   364    T   752    72 cache
G26 s13   13 exec  0 arm_1  1.16  1.25 SUCCESS         REST   4.66   5.05  -0.39  True   364    T   751    72 cache
G26 s13   13 exec  3 arm_1  1.16  0.75 SUCCESS         REST   3.97   5.05  -1.08  True   364    T   752    72 cache
G26 s2     2 exec  5 arm_3  1.16  0.70 SUCCESS         REST   2.84   4.62  -1.78  True   241    T   641    69 cache
G22        7    1  0 arm_1  1.08  1.40 NO-PLAN         REST      -      -      - False     0    T     0     0 cache
G22       12    1  3 arm_1  1.08  1.25 NO-PLAN         REST      -      -      - False     0    T     0     0 cache
G22       15    1  2 arm_1  1.08  0.75 NO-PLAN         REST      -      -      - False     0    T     0     0 cache
G22       27    1  5 arm_2  1.08  0.55 PLANNED         REST   5.88   7.59  -1.71 False   478    T    42    72 cache
G22       31    1  0 arm_1  1.08  0.55 PLANNED         REST   1.32   6.75  -5.43 False   661    T   982    72 cache
G22       31    1  3 arm_2  1.08  0.55 PLANNED         REST   5.93   7.17  -1.24 False   732    T  1536    72 cache
G22       45    1  1 arm_1  1.08  0.55 PLANNED         REST   3.71   7.29  -3.58 False   725    T  1342    72 cache
G24b       1    1  1 arm_1  1.08  0.55 PLANNED           t0   1.76   5.25  -3.49  True   479    T    36    72 cache
G24b       1    1  2 arm_3  1.08  0.00 PLANNED         REST   4.00   5.32  -1.32  True   358    T    22    72 cache
G24b       1    2  1 arm_1  1.08  0.55 PLANNED           t0   1.85   5.25  -3.40  True   479    T    36    72 cache
G24b       1    2  2 arm_3  1.08  0.00 PLANNED         REST   4.12   5.32  -1.20  True   358    T    22    72 cache
G24b       1    3  1 arm_1  1.08  0.55 PLANNED           t0   2.01   5.25  -3.24  True   479    T    36    72 cache
G24b       1    3  2 arm_3  1.08  0.00 PLANNED         REST   5.00   5.32  -0.32  True   358    T    22    72 cache
G24b       1 exec  1 arm_1  1.08  0.55 SUCCESS           t0   5.05   5.25  -0.20  True   479    T    36    72 cache
G24b       1 exec  2 arm_3  1.08  0.00 SUCCESS         REST   4.20   5.32  -1.12  True   358    T    22    72 cache
G26        0    1  4 arm_4  1.08  0.45 PLANNED         REST   3.84   4.99  -1.15  True   360    T    45    72 cache
G26        0    2  4 arm_4  1.08  0.45 PLANNED         REST   4.33   4.99  -0.66  True   360    T    45    72 cache
G26        1    1  1 arm_1  1.08  0.55 PLANNED           t0   4.96   5.25  -0.29  True   479    T    36    72 cache
G26        1    1  2 arm_3  1.08  0.00 PLANNED         REST   0.99   5.32  -4.33  True   358    T    22    72 cache
G26        1    2  1 arm_1  1.08  0.55 PLANNED           t0   4.82   5.25  -0.43  True   479    T    36    72 cache
G26        1    2  2 arm_3  1.08  0.00 PLANNED         REST   0.88   5.32  -4.44  True   358    T    22    72 cache
G26        1    3  1 arm_1  1.08  0.55 PLANNED           t0   4.36   5.25  -0.89  True   479    T    36    72 cache
G26        1    3  2 arm_3  1.08  0.00 PLANNED         REST   0.30   5.32  -5.02  True   358    T    22    72 cache
G26        2    1  0 arm_3  1.08  1.25 PLANNED         REST   5.23   5.58  -0.35  True   480    T    34    72 cache
G26        2    1  3 arm_3  1.08  1.10 PLANNED         REST   1.22   5.02  -3.80  True   480    T    52    72 cache
G26        2    1  4 arm_1  1.08  1.50 PLANNED         REST   4.95   5.12  -0.17  True   361    T    38    72 cache
G26        2    2  0 arm_3  1.08  1.25 PLANNED         REST   5.37   5.58  -0.21  True   480    T    34    72 cache
G26        2    2  3 arm_3  1.08  1.10 PLANNED         REST   4.23   5.02  -0.79  True   480    T    52    72 cache
G26        2    2  4 arm_1  1.08  1.50 PLANNED         REST   3.91   5.12  -1.21  True   361    T    38    72 cache
G26        2    3  0 arm_3  1.08  1.25 PLANNED         REST   5.36   5.58  -0.22  True   480    T    34    72 cache
G26        2    3  3 arm_3  1.08  1.10 PLANNED         REST   4.10   5.02  -0.92  True   480    T    52    72 cache
G26        2    3  4 arm_1  1.08  1.50 PLANNED         REST   4.74   5.12  -0.38  True   361    T    38    72 cache
G26        5    1  1 arm_3  1.08  0.20 PLANNED         REST   0.54   5.35  -4.81  True   478    T    36    72 cache
G26        5    1  4 arm_1  1.08  0.30 PLANNED         REST   0.46   5.59  -5.13  True   476    T   370    72 cache
G26        7    1  0 arm_3  1.08  0.95 PLANNED         REST   4.22   5.32  -1.10  True   358    T    22    72 cache
G26        7    2  0 arm_3  1.08  0.95 PLANNED         REST   4.64   5.32  -0.68  True   358    T    22    72 cache
G26        9    1  5 arm_1  1.08  0.45 PLANNED         REST   3.90   5.29  -1.39  True   478    T    33    72 cache
G26       10    1  2 arm_4  1.08  0.35 PLANNED         REST   1.62   4.39  -2.77  True   240    T    51    72 cache
G26       13    1  1 arm_4  1.08  0.50 PLANNED         REST   2.58   4.27  -1.69  True   240    T    70    72 cache
G26       13    2  1 arm_4  1.08  0.50 PLANNED         REST   3.31   4.27  -0.96  True   240    T    70    72 cache
G26       13    3  1 arm_4  1.08  0.50 PLANNED         REST   2.26   4.27  -2.01  True   240    T    70    72 cache
G26 s1     1 exec  1 arm_1  1.08  0.55 SUCCESS           t0   1.88   5.25  -3.37  True   479    T    36    72 cache
G26 s1     1 exec  2 arm_3  1.08  0.00 SUCCESS         REST   4.52   5.32  -0.80  True   358    T    22    72 cache
G26 s13   13 exec  1 arm_4  1.08  0.50 SUCCESS         REST   2.03   4.27  -2.24  True   240    T    70    72 cache
G26 s2     2 exec  0 arm_3  1.08  1.25 SUCCESS         REST   0.13   5.58  -5.45  True   480    T    34    72 cache
G26 s2     2 exec  3 arm_3  1.08  1.10 SUCCESS         REST   4.23   5.02  -0.79  True   480    T    52    72 cache
G26 s2     2 exec  4 arm_1  1.08  1.50 SUCCESS         REST   0.72   5.12  -4.40  True   361    T    38    72 cache
G22        4    1  2 arm_1  1.00  1.40 NO-PLAN         REST      -      -      - False     0    T     0     0 cache
G22       16    1  0 arm_1  1.00  0.55 PLANNED         REST   3.88   5.30  -1.42  True   482    T   290    72 cache
G22       16    1  5 arm_2  1.00  0.55 PLANNED         REST   2.66      -      - False     0    T     0     0 cache
G22       25    1  2 arm_1  1.00  0.95 NO-PLAN         REST      -      -      - False     0    T     0     0 cache
G22       40    1  2 arm_2  1.00  0.55 PLANNED         REST   4.02      -      - False     0    T     0     0 cache
G24b       1    1  0 arm_1  1.00  0.55 PLANNED         REST   1.13   2.96  -1.83  True   254    T   935    63 cache
G24b       1    1  3 arm_3  1.00  0.00 PLANNED           t2   4.11   4.20  -0.09  True   418    T   215    72 cache
G24b       1    1  5 arm_1  1.00  0.70 PLANNED         REST   5.21   5.30  -0.09  True   495    T   654    72 cache
G24b       1    2  0 arm_1  1.00  0.55 PLANNED         REST   1.85   2.96  -1.11  True   254    T   935    63 cache
G24b       1    2  3 arm_3  1.00  0.00 PLANNED           t2   4.23   4.20   0.03  True   418    T   215    72 cache
G24b       1    2  5 arm_1  1.00  0.70 PLANNED         REST   3.51   5.30  -1.79  True   495    T   654    72 cache
G24b       1    3  0 arm_1  1.00  0.55 PLANNED         REST   1.98   2.96  -0.98  True   254    T   935    63 cache
G24b       1    3  3 arm_3  1.00  0.00 PLANNED           t2   5.04   4.20   0.84  True   418    T   215    72 cache
G24b       1    3  5 arm_1  1.00  0.70 PLANNED         REST   3.56   5.30  -1.74  True   495    T   654    72 cache
G24b       1 exec  0 arm_1  1.00  0.55 SUCCESS         REST   2.04   2.96  -0.92  True   254    T   935    63 cache
G24b       1 exec  3 arm_3  1.00  0.00 SUCCESS           t2   4.27   4.20   0.07  True   418    T   215    72 cache
G24b       1 exec  5 arm_1  1.00  0.70 SUCCESS         REST   3.69   5.30  -1.61  True   495    T   654    72 cache
G26        0    1  0 arm_1  1.00  1.35 PLANNED         REST   3.54   4.56  -1.02  True   662    T   677    72 cache
G26        0    2  0 arm_1  1.00  1.35 PLANNED         REST   2.86   4.56  -1.70  True   662    T   677    72 cache
G26        1    1  0 arm_1  1.00  0.55 PLANNED         REST   2.53   2.96  -0.43  True   254    T   935    63 cache
G26        1    1  3 arm_3  1.00  0.00 PLANNED           t2   0.99   4.20  -3.21  True   418    T   215    72 cache
G26        1    1  5 arm_1  1.00  0.70 PLANNED         REST   3.91   5.30  -1.39  True   495    T   654    72 cache
G26        1    2  0 arm_1  1.00  0.55 PLANNED         REST   1.21   2.96  -1.75  True   254    T   935    63 cache
G26        1    2  3 arm_3  1.00  0.00 PLANNED           t2   1.06   4.20  -3.14  True   418    T   215    72 cache
G26        1    2  5 arm_1  1.00  0.70 PLANNED         REST   3.88   5.30  -1.42  True   495    T   654    72 cache
G26        1    3  0 arm_1  1.00  0.55 PLANNED         REST   2.49   2.96  -0.47  True   254    T   935    63 cache
G26        1    3  3 arm_3  1.00  0.00 PLANNED           t2   0.86   4.20  -3.34  True   418    T   215    72 cache
G26        1    3  5 arm_1  1.00  0.70 PLANNED         REST   5.05   5.30  -0.25  True   495    T   654    72 cache
G26        2    1  1 arm_4  1.00  0.70 PLANNED         REST   3.43   3.85  -0.42  True   356    T    33    72 cache
G26        2    1  2 arm_1  1.00  1.10 PLANNED         REST   4.63   5.27  -0.64  True   243    T   789    72 cache
G26        2    2  1 arm_4  1.00  0.70 PLANNED         REST   3.48   3.85  -0.37  True   356    T    33    72 cache
G26        2    2  2 arm_1  1.00  1.10 PLANNED         REST   4.13   5.27  -1.14  True   243    T   789    72 cache
G26        2    3  1 arm_4  1.00  0.70 PLANNED         REST   3.59   3.85  -0.26  True   356    T    33    72 cache
G26        2    3  2 arm_1  1.00  1.10 PLANNED         REST   4.45   5.27  -0.82  True   243    T   789    72 cache
G26        4    1  3 arm_1  1.00  0.70 PLANNED         REST   3.70   5.30  -1.60  True   604    T   686    72 cache
G26        5    1  2 arm_3  1.00  0.20 PLANNED           t1   3.68   5.11  -1.43  True   738    T  2276    72 cache
G26        5    1  3 arm_3  1.00  0.20 PLANNED           t2   5.02   5.31  -0.29  True   538    T   986    72 cache
G26        6    1  2 arm_3  1.00  1.40 PLANNED         REST   4.98   5.29  -0.31  True   358    T   640    72 cache
G26        7    1  1 arm_1  1.00  0.75 PLANNED         REST   4.81   5.28  -0.47  True   385    T  1127    72 cache
G26        7    1  2 arm_3  1.00  1.45 PLANNED         REST   3.18   4.68  -1.50  True   541    T  1163    72 cache
G26        7    2  1 arm_1  1.00  0.75 PLANNED         REST   4.15   5.28  -1.13  True   385    T  1127    72 cache
G26        7    2  2 arm_3  1.00  1.45 PLANNED         REST   0.16   4.68  -4.52  True   541    T  1163    72 cache
G26        8    1  3 arm_3  1.00  0.25 PLANNED         REST   4.31   5.28  -0.97  True   492    T  1310    72 cache
G26       10    1  0 arm_1  1.00  1.50 PLANNED         REST   0.98   3.06  -2.08  True   242    T   656    69 cache
G26       10    1  3 arm_3  1.00  0.35 PLANNED         REST   3.35   5.31  -1.96  True   663    T  1101    72 cache
G26       12    1  1 arm_2  1.00  0.85 PLANNED         REST   3.80   3.99  -0.19  True   480    T   512    72 cache
G26       13    1  2 arm_3  1.00  1.35 PLANNED         REST   0.51   4.19  -3.68  True   475    T   355    72 cache
G26       13    1  5 arm_2  1.00  0.75 PLANNED         REST   1.42   5.08  -3.66  True   502    T  1636    72 cache
G26       13    2  2 arm_3  1.00  1.35 PLANNED         REST   3.26   4.19  -0.93  True   475    T   355    72 cache
G26       13    2  5 arm_2  1.00  0.75 PLANNED         REST   2.24   5.08  -2.84  True   502    T  1636    72 cache
G26       13    3  2 arm_3  1.00  1.35 PLANNED         REST   0.59   4.19  -3.60  True   475    T   355    72 cache
G26       13    3  5 arm_2  1.00  0.75 PLANNED         REST   1.97   5.08  -3.11  True   502    T  1636    72 cache
G26 s1     1 exec  0 arm_1  1.00  0.55 SUCCESS         REST   1.87   2.96  -1.09  True   254    T   935    63 cache
G26 s1     1 exec  3 arm_3  1.00  0.00 SUCCESS           t2   4.58   4.20   0.38  True   418    T   215    72 cache
G26 s1     1 exec  5 arm_1  1.00  0.70 SUCCESS         REST   2.98   5.30  -2.32  True   495    T   654    72 cache
G26 s13   13 exec  2 arm_3  1.00  1.35 SUCCESS         REST   2.79   4.19  -1.40  True   475    T   355    72 cache
G26 s13   13 exec  5 arm_2  1.00  0.75 SUCCESS         REST   1.96   5.08  -3.12  True   502    T  1636    72 cache
G26 s2     2 exec  1 arm_4  1.00  0.70 SUCCESS         REST   2.69   3.85  -1.16  True   356    T    33    72 cache
G26 s2     2 exec  2 arm_1  1.00  1.10 SUCCESS         REST   3.32   5.27  -1.95  True   243    T   789    72 cache
