T3a C' (n=81): RNEA2 - P2 median -0.022 maks +0.054;  RNEA2 - statis_akhir2 median -0.022 maks +0.659  -> proksi LAYAK; m_p = [0.22, 0.0544, 0.005, 0.0087, 0.0078, 0.0]
    z 1.00 n 19  RNEA2-P2 median -0.035 maks +0.054
    z 1.08 n  8  RNEA2-P2 median -0.084 maks -0.060
    z 1.16 n 16  RNEA2-P2 median -0.034 maks +0.006
    z 1.24 n 31  RNEA2-P2 median -0.018 maks +0.003
    z 1.32 n  6  RNEA2-P2 median -0.001 maks +0.002
    z 1.40 n  1  RNEA2-P2 median -0.008 maks -0.008
T3b: proksi lintasan tak aman <=> P2 > 6.246 (14 - 7.7 - m2p)
  z 1.00: tuple 12, solusi  5538, fraksi solusi P2 > bar 0.000, tuple dgn >=1 solusi tak aman 0/12, P2 med 3.60 maks 5.29, (P2-E2) med 0.00
  z 1.08: tuple 12, solusi  4788, fraksi solusi P2 > bar 0.000, tuple dgn >=1 solusi tak aman 0/12, P2 med 2.52 maks 5.40, (P2-E2) med 0.00
  z 1.16: tuple 12, solusi  4322, fraksi solusi P2 > bar 0.000, tuple dgn >=1 solusi tak aman 0/12, P2 med 3.58 maks 5.38, (P2-E2) med 0.00
  z 1.24: tuple 12, solusi  3553, fraksi solusi P2 > bar 0.000, tuple dgn >=1 solusi tak aman 0/12, P2 med 3.98 maks 5.41, (P2-E2) med 0.00
  z 1.32: tuple 12, solusi  2826, fraksi solusi P2 > bar 0.000, tuple dgn >=1 solusi tak aman 0/12, P2 med 4.20 maks 5.48, (P2-E2) med 0.00
  z 1.40: tuple 12, solusi  1735, fraksi solusi P2 > bar 1.000, tuple dgn >=1 solusi tak aman 12/12, P2 med 7.19 maks 7.54, (P2-E2) med 1.70
  s 0 sm1 t5 PLANNED        RNEA  2.41  P2 [ 6.44,  7.32]  TIDAK
  s 0 sm2 t5 PLANNED        RNEA  2.54  P2 [ 6.44,  7.32]  TIDAK
  s 0 sm3 t5 TORQUE-UNSAFE  RNEA  7.18  P2 [ 6.44,  7.32]  tercakup
  s 3 sm1 t4 TORQUE-UNSAFE  RNEA  6.43  P2 [ 6.45,  7.28]  TIDAK
  s 4 sm1 t0 PLANNED        RNEA  2.50  P2 [ 6.63,  7.50]  TIDAK
  s 4 sm1 t1 TORQUE-UNSAFE  RNEA  6.45  P2 [ 7.27,  7.27]  TIDAK
  s 5 sm1 t0 TORQUE-UNSAFE  RNEA  7.12  P2 [ 6.49,  7.37]  tercakup
  s 6 sm1 t4 PLANNED        RNEA  2.45  P2 [ 6.45,  7.27]  TIDAK
  s 6 sm2 t4 TORQUE-UNSAFE  RNEA  7.36  P2 [ 6.45,  7.27]  tercakup
  s 7 sm1 t4 PLANNED        RNEA  3.74  P2 [ 6.38,  7.19]  TIDAK
  s 7 sm2 t4 TORQUE-UNSAFE  RNEA  6.75  P2 [ 6.38,  7.19]  tercakup
  s 8 sm1 t4 TORQUE-UNSAFE  RNEA  8.14  P2 [ 6.49,  7.37]  TIDAK
  s 9 sm1 t3 TORQUE-UNSAFE  RNEA  7.39  P2 [ 6.67,  7.53]  tercakup
  s10 sm1 t1 TORQUE-UNSAFE  RNEA  6.92  P2 [ 6.38,  7.19]  tercakup
  s11 sm1 t4 TORQUE-UNSAFE  RNEA  7.28  P2 [ 6.68,  7.54]  tercakup
  s12 sm1 t5 TORQUE-UNSAFE  RNEA  7.10  P2 [ 6.45,  7.28]  tercakup
