/usr/local/lib/python3.10/dist-packages/scipy/optimize/_slsqp_py.py:435: RuntimeWarning: Values in x were outside bounds during a minimize step, clipping to bounds
  fx = wrapped_fun(x)
/usr/local/lib/python3.10/dist-packages/scipy/optimize/_slsqp_py.py:435: RuntimeWarning: Values in x were outside bounds during a minimize step, clipping to bounds
  fx = wrapped_fun(x)
/usr/local/lib/python3.10/dist-packages/scipy/optimize/_slsqp_py.py:435: RuntimeWarning: Values in x were outside bounds during a minimize step, clipping to bounds
  fx = wrapped_fun(x)
/usr/local/lib/python3.10/dist-packages/scipy/optimize/_slsqp_py.py:435: RuntimeWarning: Values in x were outside bounds during a minimize step, clipping to bounds
  fx = wrapped_fun(x)
/usr/local/lib/python3.10/dist-packages/scipy/optimize/_slsqp_py.py:435: RuntimeWarning: Values in x were outside bounds during a minimize step, clipping to bounds
  fx = wrapped_fun(x)
/usr/local/lib/python3.10/dist-packages/scipy/optimize/_slsqp_py.py:435: RuntimeWarning: Values in x were outside bounds during a minimize step, clipping to bounds
  fx = wrapped_fun(x)
/usr/local/lib/python3.10/dist-packages/scipy/optimize/_slsqp_py.py:435: RuntimeWarning: Values in x were outside bounds during a minimize step, clipping to bounds
  fx = wrapped_fun(x)
/usr/local/lib/python3.10/dist-packages/scipy/optimize/_slsqp_py.py:435: RuntimeWarning: Values in x were outside bounds during a minimize step, clipping to bounds
  fx = wrapped_fun(x)
/usr/local/lib/python3.10/dist-packages/scipy/optimize/_slsqp_py.py:439: RuntimeWarning: Values in x were outside bounds during a minimize step, clipping to bounds
  g = append(wrapped_grad(x), 0.0)
/usr/local/lib/python3.10/dist-packages/scipy/optimize/_slsqp_py.py:499: RuntimeWarning: Values in x were outside bounds during a minimize step, clipping to bounds
  a_ieq = vstack([con['jac'](x, *con['args'])
/usr/local/lib/python3.10/dist-packages/scipy/optimize/_slsqp_py.py:435: RuntimeWarning: Values in x were outside bounds during a minimize step, clipping to bounds
  fx = wrapped_fun(x)
/usr/local/lib/python3.10/dist-packages/scipy/optimize/_slsqp_py.py:435: RuntimeWarning: Values in x were outside bounds during a minimize step, clipping to bounds
  fx = wrapped_fun(x)
/usr/local/lib/python3.10/dist-packages/scipy/optimize/_slsqp_py.py:435: RuntimeWarning: Values in x were outside bounds during a minimize step, clipping to bounds
  fx = wrapped_fun(x)
/usr/local/lib/python3.10/dist-packages/scipy/optimize/_slsqp_py.py:435: RuntimeWarning: Values in x were outside bounds during a minimize step, clipping to bounds
  fx = wrapped_fun(x)
/usr/local/lib/python3.10/dist-packages/scipy/optimize/_slsqp_py.py:439: RuntimeWarning: Values in x were outside bounds during a minimize step, clipping to bounds
  g = append(wrapped_grad(x), 0.0)
/usr/local/lib/python3.10/dist-packages/scipy/optimize/_slsqp_py.py:499: RuntimeWarning: Values in x were outside bounds during a minimize step, clipping to bounds
  a_ieq = vstack([con['jac'](x, *con['args'])
/usr/local/lib/python3.10/dist-packages/scipy/optimize/_slsqp_py.py:439: RuntimeWarning: Values in x were outside bounds during a minimize step, clipping to bounds
  g = append(wrapped_grad(x), 0.0)
/usr/local/lib/python3.10/dist-packages/scipy/optimize/_slsqp_py.py:499: RuntimeWarning: Values in x were outside bounds during a minimize step, clipping to bounds
  a_ieq = vstack([con['jac'](x, *con['args'])
/usr/local/lib/python3.10/dist-packages/scipy/optimize/_slsqp_py.py:439: RuntimeWarning: Values in x were outside bounds during a minimize step, clipping to bounds
  g = append(wrapped_grad(x), 0.0)
/usr/local/lib/python3.10/dist-packages/scipy/optimize/_slsqp_py.py:499: RuntimeWarning: Values in x were outside bounds during a minimize step, clipping to bounds
  a_ieq = vstack([con['jac'](x, *con['args'])
/usr/local/lib/python3.10/dist-packages/scipy/optimize/_slsqp_py.py:439: RuntimeWarning: Values in x were outside bounds during a minimize step, clipping to bounds
  g = append(wrapped_grad(x), 0.0)
/usr/local/lib/python3.10/dist-packages/scipy/optimize/_slsqp_py.py:499: RuntimeWarning: Values in x were outside bounds during a minimize step, clipping to bounds
  a_ieq = vstack([con['jac'](x, *con['args'])
/usr/local/lib/python3.10/dist-packages/scipy/optimize/_slsqp_py.py:439: RuntimeWarning: Values in x were outside bounds during a minimize step, clipping to bounds
  g = append(wrapped_grad(x), 0.0)
/usr/local/lib/python3.10/dist-packages/scipy/optimize/_slsqp_py.py:499: RuntimeWarning: Values in x were outside bounds during a minimize step, clipping to bounds
  a_ieq = vstack([con['jac'](x, *con['args'])
/usr/local/lib/python3.10/dist-packages/scipy/optimize/_slsqp_py.py:439: RuntimeWarning: Values in x were outside bounds during a minimize step, clipping to bounds
  g = append(wrapped_grad(x), 0.0)
/usr/local/lib/python3.10/dist-packages/scipy/optimize/_slsqp_py.py:499: RuntimeWarning: Values in x were outside bounds during a minimize step, clipping to bounds
  a_ieq = vstack([con['jac'](x, *con['args'])
/usr/local/lib/python3.10/dist-packages/scipy/optimize/_slsqp_py.py:439: RuntimeWarning: Values in x were outside bounds during a minimize step, clipping to bounds
  g = append(wrapped_grad(x), 0.0)
/usr/local/lib/python3.10/dist-packages/scipy/optimize/_slsqp_py.py:499: RuntimeWarning: Values in x were outside bounds during a minimize step, clipping to bounds
  a_ieq = vstack([con['jac'](x, *con['args'])
/usr/local/lib/python3.10/dist-packages/scipy/optimize/_slsqp_py.py:439: RuntimeWarning: Values in x were outside bounds during a minimize step, clipping to bounds
  g = append(wrapped_grad(x), 0.0)
/usr/local/lib/python3.10/dist-packages/scipy/optimize/_slsqp_py.py:499: RuntimeWarning: Values in x were outside bounds during a minimize step, clipping to bounds
  a_ieq = vstack([con['jac'](x, *con['args'])
/usr/local/lib/python3.10/dist-packages/scipy/optimize/_slsqp_py.py:439: RuntimeWarning: Values in x were outside bounds during a minimize step, clipping to bounds
  g = append(wrapped_grad(x), 0.0)
/usr/local/lib/python3.10/dist-packages/scipy/optimize/_slsqp_py.py:499: RuntimeWarning: Values in x were outside bounds during a minimize step, clipping to bounds
  a_ieq = vstack([con['jac'](x, *con['args'])
s 0 sm1 t5 arm_1 @0.75 PLANNED        RNEA  2.41  o_j2  5.56  G_0  5.53  G_t  5.56  G_Om  5.59  -> None
s 0 sm2 t5 arm_1 @0.75 PLANNED        RNEA  2.54  o_j2  5.56  G_0  5.53  G_t  5.56  G_Om  5.59  -> None
s 0 sm3 t5 arm_1 @0.75 TORQUE-UNSAFE  RNEA  7.18  o_j2  5.56  G_0  5.53  G_t  5.56  G_Om  5.59  -> N
s 3 sm1 t4 arm_1 @0.65 TORQUE-UNSAFE  RNEA  6.43  o_j2  5.62  G_0  5.58  G_t  5.63  G_Om  5.65  -> N
s 4 sm1 t0 arm_1 @0.45 PLANNED        RNEA  2.50  o_j2  5.61  G_0  5.40  G_t  5.45  G_Om  5.48  -> None
s 4 sm1 t1 arm_3 @1.40 TORQUE-UNSAFE  RNEA  6.45  o_j2  5.37  G_0  5.34  G_t  5.38  G_Om  5.40  -> N
s 5 sm1 t0 arm_3 @0.75 TORQUE-UNSAFE  RNEA  7.12  o_j2  5.57  G_0  5.37  G_t  5.58  G_Om  5.60  -> N
s 6 sm1 t4 arm_1 @1.30 PLANNED        RNEA  2.45  o_j2  5.62  G_0 -1.00  G_t -1.00  G_Om -1.00  -> None
s 6 sm2 t4 arm_1 @1.30 TORQUE-UNSAFE  RNEA  7.36  o_j2  5.62  G_0 -1.00  G_t -1.00  G_Om -1.00  -> N
s 7 sm1 t4 arm_3 @1.45 PLANNED        RNEA  3.74  o_j2  5.60  G_0  5.57  G_t  5.61  G_Om  5.63  -> None
s 7 sm2 t4 arm_3 @1.45 TORQUE-UNSAFE  RNEA  6.75  o_j2  5.60  G_0  5.57  G_t  5.61  G_Om  5.63  -> N
s 8 sm1 t4 arm_3 @0.25 TORQUE-UNSAFE  RNEA  8.14  o_j2  5.57  G_0  5.37  G_t  5.58  G_Om  5.60  -> N
s 9 sm1 t3 arm_2 @0.55 TORQUE-UNSAFE  RNEA  7.39  o_j2  5.63  G_0  5.59  G_t  5.67  G_Om  5.73  -> N
s10 sm1 t1 arm_4 @0.75 TORQUE-UNSAFE  RNEA  6.92  o_j2  5.60  G_0  5.33  G_t  5.36  G_Om  5.38  -> N
s11 sm1 t4 arm_1 @0.55 TORQUE-UNSAFE  RNEA  7.28  o_j2  5.63  G_0  5.41  G_t  5.80  G_Om  5.83  -> N
s12 sm1 t5 arm_3 @0.15 TORQUE-UNSAFE  RNEA  7.10  o_j2  5.62  G_0 -1.00  G_t -1.00  G_Om -1.00  -> N
T0 kelas TORQUE: {'N': 11} / 11
