sendi                      URDF           yaml   efektif MoveIt   ros2_control  status
t1_a1_joint_1     [-2.68,+2.68]              -    [-2.68,+2.68]  [-2.69,+2.69]  = URDF
t1_a1_joint_2     [-2.61,+2.61]  [-2.61,+2.61]    [-2.61,+2.61]  [-2.69,+2.36]  = URDF
t1_a1_joint_3     [-2.61,+2.61]              -    [-2.61,+2.61]  [-2.69,+2.69]  = URDF
t1_a1_joint_4     [-2.60,+2.60]              -    [-2.60,+2.60]  [-2.59,+2.59]  = URDF
t1_a1_joint_5     [-2.53,+2.53]  [-2.53,+2.53]    [-2.53,+2.53]  [-2.57,+2.57]  = URDF
t1_a1_joint_6     [-2.60,+2.60]              -    [-2.60,+2.60]  [-2.59,+2.59]  = URDF
t1_a2_joint_1     [-2.68,+2.68]              -    [-2.68,+2.68]  [-2.69,+2.69]  = URDF
t1_a2_joint_2     [-2.61,+2.61]              -    [-2.61,+2.61]  [-2.69,+2.36]  = URDF
t1_a2_joint_3     [-2.61,+2.61]              -    [-2.61,+2.61]  [-2.69,+2.69]  = URDF
t1_a2_joint_4     [-2.60,+2.60]              -    [-2.60,+2.60]  [-2.59,+2.59]  = URDF
t1_a2_joint_5     [-2.53,+2.53]              -    [-2.53,+2.53]  [-2.57,+2.57]  = URDF
t1_a2_joint_6     [-2.60,+2.60]              -    [-2.60,+2.60]  [-2.59,+2.59]  = URDF
t2_a1_joint_1     [-2.68,+2.68]              -    [-2.68,+2.68]  [-2.69,+2.69]  = URDF
t2_a1_joint_2     [-2.61,+2.61]  [-2.61,+2.61]    [-2.61,+2.61]  [-2.69,+2.36]  = URDF
t2_a1_joint_3     [-2.61,+2.61]  [-2.61,+2.61]    [-2.61,+2.61]  [-2.69,+2.69]  = URDF
t2_a1_joint_4     [-2.60,+2.60]              -    [-2.60,+2.60]  [-2.59,+2.59]  = URDF
t2_a1_joint_5     [-2.53,+2.53]              -    [-2.53,+2.53]  [-2.57,+2.57]  = URDF
t2_a1_joint_6     [-2.60,+2.60]              -    [-2.60,+2.60]  [-2.59,+2.59]  = URDF
t2_a2_joint_1     [-2.68,+2.68]              -    [-2.68,+2.68]  [-2.69,+2.69]  = URDF
t2_a2_joint_2     [-2.61,+2.61]  [-2.61,+2.61]    [-2.61,+2.61]  [-2.69,+2.36]  = URDF
t2_a2_joint_3     [-2.61,+2.61]  [-2.61,+2.61]    [-2.61,+2.61]  [-2.69,+2.69]  = URDF
t2_a2_joint_4     [-2.60,+2.60]              -    [-2.60,+2.60]  [-2.59,+2.59]  = URDF
t2_a2_joint_5     [-2.53,+2.53]              -    [-2.53,+2.53]  [-2.57,+2.57]  = URDF
t2_a2_joint_6     [-2.60,+2.60]              -    [-2.60,+2.60]  [-2.59,+2.59]  = URDF

LONGGAR: 0/24
