  seed 0 sampel 1/3
[INFO] [1790057355.219754934] [reach_dwell_probe]: torsi RNEA+offset(per-aktuator) vs rating: 1=0.03->6.63/10, 2=2.74->10.44/14, 3=2.46->9.06/10, 4=0.40->2.38/7, 5=0.08->2.06/7, 6=0.00->1.98/7  (terketat t1_a1_joint_3 91 %)
/home/user1/Documents/ceiling_arm/scripts/interarm_collision.py:66: UserWarning: You passed package dir(s) via argument geometry_model and provided package_dirs.
  self.geom = pin.buildGeomFromUrdf(
/home/user1/Documents/ceiling_arm/scripts/interarm_collision.py:168: UserWarning: You passed package dir(s) via argument geometry_model and provided package_dirs.
  self.geom = pin.buildGeomFromUrdf(
[INFO] [1790057384.470427662] [reach_dwell_probe]: jarak antar-lengan minimum sepanjang rencana: 559.9 mm di titik 68 (t1_a1_arm_link_0 <-> t1_a2_arm_link_0) -> CLEAR
    [0] task t2 arm_1 -> [1.0, 0.3882, 1.32] @rail 0.550: PLANNED (30.3 s)
    [1] retract g1: se-gantry 559.9 / antar 546.1 mm -> CLEAR
    [2] traverse g1 0.550->0.450: CLEAR min 546.1 mm (t1_platform_link_0 <-> t2_a1_shoulder_link_0)
[INFO] [1790057395.426464243] [reach_dwell_probe]: torsi RNEA+offset(per-aktuator) vs rating: 1=0.06->6.66/10, 2=7.83->15.53/14, 3=0.38->6.98/10, 4=0.09->2.07/7, 5=0.06->2.04/7, 6=0.00->1.98/7  (terketat t1_a1_joint_2 111 %)
[ERROR] [1790057395.426957056] [reach_dwell_probe]: A6/S3: rencana DITOLAK SEBELUM GERAK -- t1_a1_joint_2 diperkirakan 15.53 N.m > rating 14. Pose ini menuntut torsi di atas rating sendi; itu sifat POSE, bukan sifat penjaga. (Penyaring sengaja konservatif: pada kalibrasi G16 ia menolak 1 dari 4 pose yang ternyata aman.)
    [3] task t4 arm_1 -> [0.5714, 0.5294, 1.32] @rail 0.450: TORQUE-UNSAFE (0.0 s)
seed 0: t4:arm_1:TORQUE-UNSAFE -> ditolak
  seed 35 sampel 1/3
    [0] retract g1: sudah REST -> dilewati
    [1] traverse g1 0.550->0.400: CLEAR min 546.1 mm (t1_platform_link_0 <-> t2_a1_shoulder_link_0)
[INFO] [1790057395.513734269] [reach_dwell_probe]: torsi RNEA+offset(per-aktuator) vs rating: 1=0.05->6.65/10, 2=7.72->15.42/14, 3=0.38->6.98/10, 4=0.08->2.06/7, 5=0.06->2.04/7, 6=0.00->1.98/7  (terketat t1_a2_joint_2 110 %)
[ERROR] [1790057395.514216080] [reach_dwell_probe]: A6/S3: rencana DITOLAK SEBELUM GERAK -- t1_a2_joint_2 diperkirakan 15.42 N.m > rating 14. Pose ini menuntut torsi di atas rating sendi; itu sifat POSE, bukan sifat penjaga. (Penyaring sengaja konservatif: pada kalibrasi G16 ia menolak 1 dari 4 pose yang ternyata aman.)
    [2] task t0 arm_2 -> [0.1429, 0.6, 1.4] @rail 0.400: TORQUE-UNSAFE (0.1 s)
seed 35: t0:arm_2:TORQUE-UNSAFE -> ditolak
