seed  0: pindah g1/g2 2/1, tugas 4/2, makespan FISIK  133.64 DINDING  285.64, jadwal sama True, konflik None  (ii) LOLOS
seed  1: (i) GAGAL -- tugas tanpa pose layak-oracle [3, 4]
seed  2: (i) GAGAL -- tugas tanpa pose layak-oracle [1, 3, 4]
seed  3: (i) GAGAL -- tugas tanpa pose layak-oracle [0, 1]
seed  4: (i) GAGAL -- tugas tanpa pose layak-oracle [2, 5]
seed  5: (i) GAGAL -- tugas tanpa pose layak-oracle [0, 2, 4]
seed  6: (i) GAGAL -- tugas tanpa pose layak-oracle [2, 4]
seed  7: (i) GAGAL -- tugas tanpa pose layak-oracle [0, 3, 5]
seed  8: (i) GAGAL -- tugas tanpa pose layak-oracle [1, 3]
seed  9: (i) GAGAL -- tugas tanpa pose layak-oracle [4, 5]
seed 10: (i) GAGAL -- tugas tanpa pose layak-oracle [3, 4, 5]
seed 11: (i) GAGAL -- tugas tanpa pose layak-oracle [3]
seed 12: (i) GAGAL -- tugas tanpa pose layak-oracle [3, 5]
seed 13: (i) GAGAL -- tugas tanpa pose layak-oracle [0, 1, 4]
seed 14: (i) GAGAL -- tugas tanpa pose layak-oracle [0, 1, 2, 4, 5]
seed 15: (i) GAGAL -- tugas tanpa pose layak-oracle [0, 1, 2, 3, 4]
seed 16: (i) GAGAL -- tugas tanpa pose layak-oracle [3]
seed 17: (i) GAGAL -- tugas tanpa pose layak-oracle [0, 1]
seed 18: (i) GAGAL -- tugas tanpa pose layak-oracle [0]
seed 19: (i) GAGAL -- tugas tanpa pose layak-oracle [0, 4]
seed 20: (i) GAGAL -- tugas tanpa pose layak-oracle [0, 2, 3, 5]
seed 21: (i) GAGAL -- tugas tanpa pose layak-oracle [1, 3, 4, 5]
seed 22: (i) GAGAL -- tugas tanpa pose layak-oracle [5]
seed 23: (i) GAGAL -- tugas tanpa pose layak-oracle [0]
seed 24: (i) GAGAL -- tugas tanpa pose layak-oracle [0, 1]
seed 25: (i) GAGAL -- tugas tanpa pose layak-oracle [3]
seed 26: (i) GAGAL -- tugas tanpa pose layak-oracle [0, 4, 5]
seed 27: (i) GAGAL -- tugas tanpa pose layak-oracle [0, 3, 4, 5]
seed 28: (i) GAGAL -- tugas tanpa pose layak-oracle [0, 2, 3]
seed 29: (i) GAGAL -- tugas tanpa pose layak-oracle [0, 1, 2]
seed 30: (i) GAGAL -- tugas tanpa pose layak-oracle [2, 4]
seed 31: (i) GAGAL -- tugas tanpa pose layak-oracle [3, 5]
seed 32: (i) GAGAL -- tugas tanpa pose layak-oracle [0, 2, 3]
seed 33: (i) GAGAL -- tugas tanpa pose layak-oracle [0, 2, 3, 4]
seed 34: (i) GAGAL -- tugas tanpa pose layak-oracle [2, 5]
seed 35: pindah g1/g2 3/2, tugas 3/3, makespan FISIK  194.28 DINDING  422.28, jadwal sama True, konflik None  (ii) LOLOS
seed 36: (i) GAGAL -- tugas tanpa pose layak-oracle [2, 3, 5]
seed 37: (i) GAGAL -- tugas tanpa pose layak-oracle [0, 4, 5]
seed 38: (i) GAGAL -- tugas tanpa pose layak-oracle [1]
seed 39: (i) GAGAL -- tugas tanpa pose layak-oracle [0, 1, 5]
seed 40: (i) GAGAL -- tugas tanpa pose layak-oracle [3, 5]
seed 41: (i) GAGAL -- tugas tanpa pose layak-oracle [2, 5]
seed 42: (i) GAGAL -- tugas tanpa pose layak-oracle [0, 1, 2, 4]
seed 43: (i) GAGAL -- tugas tanpa pose layak-oracle [5]
seed 44: (i) GAGAL -- tugas tanpa pose layak-oracle [1, 3]
seed 45: (i) GAGAL -- tugas tanpa pose layak-oracle [4]
seed 46: (i) GAGAL -- tugas tanpa pose layak-oracle [0]
seed 47: (i) GAGAL -- tugas tanpa pose layak-oracle [1, 4, 5]
seed 48: (i) GAGAL -- tugas tanpa pose layak-oracle [2, 4]
seed 49: (i) GAGAL -- tugas tanpa pose layak-oracle [5]

(i) 2/50; lolos (i)-(iii): 2 seed: [0, 35]
  -> /home/user1/Documents/ceiling_arm/docs/results/p1_g23/g23_candidates.json
