[0.015s] Invoking command in '/home/rama/Documents/code/Docker/moonshot_project/ros2_ws/build/kortex_api': CMAKE_PREFIX_PATH=${CMAKE_PREFIX_PATH}:/home/rama/Documents/code/Docker/moonshot_project/ros2_ws/install/moving_table_pkg:/opt/ros/humble /usr/bin/cmake /home/rama/Documents/code/Docker/moonshot_project/ros2_ws/src/ros2_kortex/kortex_api -DROS_EDITION=ROS2 -DHUMBLE_ROS=humble -DCMAKE_INSTALL_PREFIX=/home/rama/Documents/code/Docker/moonshot_project/ros2_ws/install/kortex_api
[15.066s] -- The C compiler identification is GNU 11.4.0
[15.102s] -- The CXX compiler identification is GNU 11.4.0
[15.106s] -- Detecting C compiler ABI info
[15.150s] -- Detecting C compiler ABI info - done
[15.155s] -- Check for working C compiler: /usr/bin/cc - skipped
[15.155s] -- Detecting C compile features
[15.155s] -- Detecting C compile features - done
[15.157s] -- Detecting CXX compiler ABI info
[15.219s] -- Detecting CXX compiler ABI info - done
[15.224s] -- Check for working CXX compiler: /usr/bin/c++ - skipped
[15.224s] -- Detecting CXX compile features
[15.224s] -- Detecting CXX compile features - done
[15.226s] -- Found ament_cmake: 1.3.12 (/opt/ros/humble/share/ament_cmake/cmake)
[15.330s] -- Found Python3: /usr/bin/python3 (found version "3.10.12") found components: Interpreter 
[15.430s] -- Configuring done
[15.431s] -- Generating done
[15.431s] [33mCMake Warning:
[15.432s]   Manually-specified variables were not used by the project:
[15.432s] 
[15.432s]     HUMBLE_ROS
[15.432s]     ROS_EDITION
[15.432s] 
[15.432s] [0m
[15.432s] -- Build files have been written to: /home/rama/Documents/code/Docker/moonshot_project/ros2_ws/build/kortex_api
[15.436s] Invoked command in '/home/rama/Documents/code/Docker/moonshot_project/ros2_ws/build/kortex_api' returned '0': CMAKE_PREFIX_PATH=${CMAKE_PREFIX_PATH}:/home/rama/Documents/code/Docker/moonshot_project/ros2_ws/install/moving_table_pkg:/opt/ros/humble /usr/bin/cmake /home/rama/Documents/code/Docker/moonshot_project/ros2_ws/src/ros2_kortex/kortex_api -DROS_EDITION=ROS2 -DHUMBLE_ROS=humble -DCMAKE_INSTALL_PREFIX=/home/rama/Documents/code/Docker/moonshot_project/ros2_ws/install/kortex_api
[15.436s] Invoking command in '/home/rama/Documents/code/Docker/moonshot_project/ros2_ws/build/kortex_api': CMAKE_PREFIX_PATH=${CMAKE_PREFIX_PATH}:/home/rama/Documents/code/Docker/moonshot_project/ros2_ws/install/moving_table_pkg:/opt/ros/humble /usr/bin/cmake --build /home/rama/Documents/code/Docker/moonshot_project/ros2_ws/build/kortex_api -- -j16 -l16
[15.463s] Invoked command in '/home/rama/Documents/code/Docker/moonshot_project/ros2_ws/build/kortex_api' returned '0': CMAKE_PREFIX_PATH=${CMAKE_PREFIX_PATH}:/home/rama/Documents/code/Docker/moonshot_project/ros2_ws/install/moving_table_pkg:/opt/ros/humble /usr/bin/cmake --build /home/rama/Documents/code/Docker/moonshot_project/ros2_ws/build/kortex_api -- -j16 -l16
[15.465s] Invoking command in '/home/rama/Documents/code/Docker/moonshot_project/ros2_ws/build/kortex_api': CMAKE_PREFIX_PATH=${CMAKE_PREFIX_PATH}:/home/rama/Documents/code/Docker/moonshot_project/ros2_ws/install/moving_table_pkg:/opt/ros/humble /usr/bin/cmake --install /home/rama/Documents/code/Docker/moonshot_project/ros2_ws/build/kortex_api
[15.470s] -- Install configuration: ""
[15.470s] -- Installing: /home/rama/Documents/code/Docker/moonshot_project/ros2_ws/install/kortex_api/include/kortex_api
[15.470s] -- Installing: /home/rama/Documents/code/Docker/moonshot_project/ros2_ws/install/kortex_api/include/kortex_api/RouterClient.h
[15.471s] -- Installing: /home/rama/Documents/code/Docker/moonshot_project/ros2_ws/install/kortex_api/include/kortex_api/NotificationHandler.h
[15.471s] -- Installing: /home/rama/Documents/code/Docker/moonshot_project/ros2_ws/install/kortex_api/include/kortex_api/FrameHandler.h
[15.471s] -- Installing: /home/rama/Documents/code/Docker/moonshot_project/ros2_ws/install/kortex_api/include/kortex_api/version.h
[15.471s] -- Installing: /home/rama/Documents/code/Docker/moonshot_project/ros2_ws/install/kortex_api/include/kortex_api/TransportClientTcp.h
[15.471s] -- Installing: /home/rama/Documents/code/Docker/moonshot_project/ros2_ws/install/kortex_api/include/kortex_api/ITransportClient.h
[15.471s] -- Installing: /home/rama/Documents/code/Docker/moonshot_project/ros2_ws/install/kortex_api/include/kortex_api/TransportClientUdp.h
[15.471s] -- Installing: /home/rama/Documents/code/Docker/moonshot_project/ros2_ws/install/kortex_api/include/kortex_api/IRouterClient.h
[15.471s] -- Installing: /home/rama/Documents/code/Docker/moonshot_project/ros2_ws/install/kortex_api/include/kortex_api/SessionManager.h
[15.471s] -- Up-to-date: /home/rama/Documents/code/Docker/moonshot_project/ros2_ws/install/kortex_api/include/kortex_api
[15.471s] -- Installing: /home/rama/Documents/code/Docker/moonshot_project/ros2_ws/install/kortex_api/include/kortex_api/HeaderInfo.h
[15.471s] -- Installing: /home/rama/Documents/code/Docker/moonshot_project/ros2_ws/install/kortex_api/include/kortex_api/KinovaTcpUtilities.h
[15.471s] -- Installing: /home/rama/Documents/code/Docker/moonshot_project/ros2_ws/install/kortex_api/include/kortex_api/KError.h
[15.471s] -- Installing: /home/rama/Documents/code/Docker/moonshot_project/ros2_ws/install/kortex_api/include/kortex_api/KBasicException.h
[15.471s] -- Up-to-date: /home/rama/Documents/code/Docker/moonshot_project/ros2_ws/install/kortex_api/include/kortex_api/version.h
[15.471s] -- Installing: /home/rama/Documents/code/Docker/moonshot_project/ros2_ws/install/kortex_api/include/kortex_api/KDetailedException.h
[15.471s] -- Installing: /home/rama/Documents/code/Docker/moonshot_project/ros2_ws/install/kortex_api/include/kortex_api/Frame.h
[15.471s] -- Installing: /home/rama/Documents/code/Docker/moonshot_project/ros2_ws/install/kortex_api/include/kortex_api/TransportBridgeDummy.h
[15.471s] -- Up-to-date: /home/rama/Documents/code/Docker/moonshot_project/ros2_ws/install/kortex_api/include/kortex_api
[15.471s] -- Installing: /home/rama/Documents/code/Docker/moonshot_project/ros2_ws/install/kortex_api/include/kortex_api/Test.pb.h
[15.471s] -- Installing: /home/rama/Documents/code/Docker/moonshot_project/ros2_ws/install/kortex_api/include/kortex_api/BaseCyclic.pb.h
[15.471s] -- Installing: /home/rama/Documents/code/Docker/moonshot_project/ros2_ws/install/kortex_api/include/kortex_api/ActuatorConfig.pb.h
[15.472s] -- Installing: /home/rama/Documents/code/Docker/moonshot_project/ros2_ws/install/kortex_api/include/kortex_api/Base.pb.h
[15.472s] -- Installing: /home/rama/Documents/code/Docker/moonshot_project/ros2_ws/install/kortex_api/include/kortex_api/GripperConfig.pb.h
[15.472s] -- Installing: /home/rama/Documents/code/Docker/moonshot_project/ros2_ws/install/kortex_api/include/kortex_api/Session.pb.h
[15.472s] -- Installing: /home/rama/Documents/code/Docker/moonshot_project/ros2_ws/install/kortex_api/include/kortex_api/Frame.pb.h
[15.473s] -- Installing: /home/rama/Documents/code/Docker/moonshot_project/ros2_ws/install/kortex_api/include/kortex_api/InterconnectCyclic.pb.h
[15.473s] -- Installing: /home/rama/Documents/code/Docker/moonshot_project/ros2_ws/install/kortex_api/include/kortex_api/ControlConfig.pb.h
[15.473s] -- Installing: /home/rama/Documents/code/Docker/moonshot_project/ros2_ws/install/kortex_api/include/kortex_api/DeviceConfig.pb.h
[15.473s] -- Installing: /home/rama/Documents/code/Docker/moonshot_project/ros2_ws/install/kortex_api/include/kortex_api/Common.pb.h
[15.473s] -- Installing: /home/rama/Documents/code/Docker/moonshot_project/ros2_ws/install/kortex_api/include/kortex_api/VisionConfig.pb.h
[15.473s] -- Installing: /home/rama/Documents/code/Docker/moonshot_project/ros2_ws/install/kortex_api/include/kortex_api/ActuatorCyclic.pb.h
[15.473s] -- Installing: /home/rama/Documents/code/Docker/moonshot_project/ros2_ws/install/kortex_api/include/kortex_api/GripperCyclic.pb.h
[15.473s] -- Installing: /home/rama/Documents/code/Docker/moonshot_project/ros2_ws/install/kortex_api/include/kortex_api/Errors.pb.h
[15.473s] -- Installing: /home/rama/Documents/code/Docker/moonshot_project/ros2_ws/install/kortex_api/include/kortex_api/DeviceManager.pb.h
[15.473s] -- Installing: /home/rama/Documents/code/Docker/moonshot_project/ros2_ws/install/kortex_api/include/kortex_api/InterconnectCyclicMessage.pb.h
[15.473s] -- Installing: /home/rama/Documents/code/Docker/moonshot_project/ros2_ws/install/kortex_api/include/kortex_api/InterconnectConfig.pb.h
[15.473s] -- Installing: /home/rama/Documents/code/Docker/moonshot_project/ros2_ws/install/kortex_api/include/kortex_api/ProductConfiguration.pb.h
[15.474s] -- Installing: /home/rama/Documents/code/Docker/moonshot_project/ros2_ws/install/kortex_api/include/kortex_api/GripperCyclicMessage.pb.h
[15.474s] -- Up-to-date: /home/rama/Documents/code/Docker/moonshot_project/ros2_ws/install/kortex_api/include/kortex_api
[15.474s] -- Installing: /home/rama/Documents/code/Docker/moonshot_project/ros2_ws/install/kortex_api/include/kortex_api/ActuatorConfigClientRpc.h
[15.474s] -- Installing: /home/rama/Documents/code/Docker/moonshot_project/ros2_ws/install/kortex_api/include/kortex_api/TestClientRpc.h
[15.474s] -- Installing: /home/rama/Documents/code/Docker/moonshot_project/ros2_ws/install/kortex_api/include/kortex_api/DeviceConfigClientRpc.h
[15.474s] -- Installing: /home/rama/Documents/code/Docker/moonshot_project/ros2_ws/install/kortex_api/include/kortex_api/ControlConfigClientRpc.h
[15.474s] -- Installing: /home/rama/Documents/code/Docker/moonshot_project/ros2_ws/install/kortex_api/include/kortex_api/ActuatorCyclicClientRpc.h
[15.474s] -- Installing: /home/rama/Documents/code/Docker/moonshot_project/ros2_ws/install/kortex_api/include/kortex_api/InterconnectConfigClientRpc.h
[15.474s] -- Installing: /home/rama/Documents/code/Docker/moonshot_project/ros2_ws/install/kortex_api/include/kortex_api/InterconnectCyclicClientRpc.h
[15.474s] -- Installing: /home/rama/Documents/code/Docker/moonshot_project/ros2_ws/install/kortex_api/include/kortex_api/SessionClientRpc.h
[15.474s] -- Installing: /home/rama/Documents/code/Docker/moonshot_project/ros2_ws/install/kortex_api/include/kortex_api/GripperCyclicClientRpc.h
[15.474s] -- Installing: /home/rama/Documents/code/Docker/moonshot_project/ros2_ws/install/kortex_api/include/kortex_api/VisionConfigClientRpc.h
[15.474s] -- Installing: /home/rama/Documents/code/Docker/moonshot_project/ros2_ws/install/kortex_api/include/kortex_api/BaseCyclicClientRpc.h
[15.474s] -- Installing: /home/rama/Documents/code/Docker/moonshot_project/ros2_ws/install/kortex_api/include/kortex_api/DeviceManagerClientRpc.h
[15.474s] -- Installing: /home/rama/Documents/code/Docker/moonshot_project/ros2_ws/install/kortex_api/include/kortex_api/BaseClientRpc.h
[15.474s] -- Installing: /home/rama/Documents/code/Docker/moonshot_project/ros2_ws/install/kortex_api/include/kortex_api/google/protobuf
[15.475s] -- Installing: /home/rama/Documents/code/Docker/moonshot_project/ros2_ws/install/kortex_api/include/kortex_api/google/protobuf/text_format.h
[15.475s] -- Installing: /home/rama/Documents/code/Docker/moonshot_project/ros2_ws/install/kortex_api/include/kortex_api/google/protobuf/arena_impl.h
[15.475s] -- Installing: /home/rama/Documents/code/Docker/moonshot_project/ros2_ws/install/kortex_api/include/kortex_api/google/protobuf/arena.h
[15.475s] -- Installing: /home/rama/Documents/code/Docker/moonshot_project/ros2_ws/install/kortex_api/include/kortex_api/google/protobuf/dynamic_message.h
[15.475s] -- Installing: /home/rama/Documents/code/Docker/moonshot_project/ros2_ws/install/kortex_api/include/kortex_api/google/protobuf/generated_message_util.h
[15.475s] -- Installing: /home/rama/Documents/code/Docker/moonshot_project/ros2_ws/install/kortex_api/include/kortex_api/google/protobuf/map_type_handler.h
[15.475s] -- Installing: /home/rama/Documents/code/Docker/moonshot_project/ros2_ws/install/kortex_api/include/kortex_api/google/protobuf/reflection.h
[15.475s] -- Installing: /home/rama/Documents/code/Docker/moonshot_project/ros2_ws/install/kortex_api/include/kortex_api/google/protobuf/message_lite.h
[15.475s] -- Installing: /home/rama/Documents/code/Docker/moonshot_project/ros2_ws/install/kortex_api/include/kortex_api/google/protobuf/stubs
[15.475s] -- Installing: /home/rama/Documents/code/Docker/moonshot_project/ros2_ws/install/kortex_api/include/kortex_api/google/protobuf/stubs/type_traits.h
[15.475s] -- Installing: /home/rama/Documents/code/Docker/moonshot_project/ros2_ws/install/kortex_api/include/kortex_api/google/protobuf/stubs/atomicops_internals_arm_qnx.h
[15.475s] -- Installing: /home/rama/Documents/code/Docker/moonshot_project/ros2_ws/install/kortex_api/include/kortex_api/google/protobuf/stubs/template_util.h
[15.475s] -- Installing: /home/rama/Documents/code/Docker/moonshot_project/ros2_ws/install/kortex_api/include/kortex_api/google/protobuf/stubs/stl_util.h
[15.475s] -- Installing: /home/rama/Documents/code/Docker/moonshot_project/ros2_ws/install/kortex_api/include/kortex_api/google/protobuf/stubs/scoped_ptr.h
[15.475s] -- Installing: /home/rama/Documents/code/Docker/moonshot_project/ros2_ws/install/kortex_api/include/kortex_api/google/protobuf/stubs/fastmem.h
[15.475s] -- Installing: /home/rama/Documents/code/Docker/moonshot_project/ros2_ws/install/kortex_api/include/kortex_api/google/protobuf/stubs/atomicops_internals_generic_gcc.h
[15.475s] -- Installing: /home/rama/Documents/code/Docker/moonshot_project/ros2_ws/install/kortex_api/include/kortex_api/google/protobuf/stubs/casts.h
[15.476s] -- Installing: /home/rama/Documents/code/Docker/moonshot_project/ros2_ws/install/kortex_api/include/kortex_api/google/protobuf/stubs/stringpiece.h
[15.476s] -- Installing: /home/rama/Documents/code/Docker/moonshot_project/ros2_ws/install/kortex_api/include/kortex_api/google/protobuf/stubs/macros.h
[15.476s] -- Installing: /home/rama/Documents/code/Docker/moonshot_project/ros2_ws/install/kortex_api/include/kortex_api/google/protobuf/stubs/atomicops_internals_mips_gcc.h
[15.476s] -- Installing: /home/rama/Documents/code/Docker/moonshot_project/ros2_ws/install/kortex_api/include/kortex_api/google/protobuf/stubs/once.h
[15.476s] -- Installing: /home/rama/Documents/code/Docker/moonshot_project/ros2_ws/install/kortex_api/include/kortex_api/google/protobuf/stubs/common.h
[15.476s] -- Installing: /home/rama/Documents/code/Docker/moonshot_project/ros2_ws/install/kortex_api/include/kortex_api/google/protobuf/stubs/atomicops.h
[15.476s] -- Installing: /home/rama/Documents/code/Docker/moonshot_project/ros2_ws/install/kortex_api/include/kortex_api/google/protobuf/stubs/atomicops_internals_generic_c11_atomic.h
[15.476s] -- Installing: /home/rama/Documents/code/Docker/moonshot_project/ros2_ws/install/kortex_api/include/kortex_api/google/protobuf/stubs/atomicops_internals_x86_gcc.h
[15.476s] -- Installing: /home/rama/Documents/code/Docker/moonshot_project/ros2_ws/install/kortex_api/include/kortex_api/google/protobuf/stubs/atomicops_internals_power.h
[15.476s] -- Installing: /home/rama/Documents/code/Docker/moonshot_project/ros2_ws/install/kortex_api/include/kortex_api/google/protobuf/stubs/atomicops_internals_ppc_gcc.h
[15.476s] -- Installing: /home/rama/Documents/code/Docker/moonshot_project/ros2_ws/install/kortex_api/include/kortex_api/google/protobuf/stubs/shared_ptr.h
[15.476s] -- Installing: /home/rama/Documents/code/Docker/moonshot_project/ros2_ws/install/kortex_api/include/kortex_api/google/protobuf/stubs/port.h
[15.476s] -- Installing: /home/rama/Documents/code/Docker/moonshot_project/ros2_ws/install/kortex_api/include/kortex_api/google/protobuf/stubs/atomicops_internals_solaris.h
[15.476s] -- Installing: /home/rama/Documents/code/Docker/moonshot_project/ros2_ws/install/kortex_api/include/kortex_api/google/protobuf/stubs/atomicops_internals_x86_msvc.h
[15.476s] -- Installing: /home/rama/Documents/code/Docker/moonshot_project/ros2_ws/install/kortex_api/include/kortex_api/google/protobuf/stubs/mutex.h
[15.476s] -- Installing: /home/rama/Documents/code/Docker/moonshot_project/ros2_ws/install/kortex_api/include/kortex_api/google/protobuf/stubs/atomicops_internals_arm_gcc.h
[15.476s] -- Installing: /home/rama/Documents/code/Docker/moonshot_project/ros2_ws/install/kortex_api/include/kortex_api/google/protobuf/stubs/atomic_sequence_num.h
[15.476s] -- Installing: /home/rama/Documents/code/Docker/moonshot_project/ros2_ws/install/kortex_api/include/kortex_api/google/protobuf/stubs/hash.h
[15.476s] -- Installing: /home/rama/Documents/code/Docker/moonshot_project/ros2_ws/install/kortex_api/include/kortex_api/google/protobuf/stubs/atomicops_internals_tsan.h
[15.476s] -- Installing: /home/rama/Documents/code/Docker/moonshot_project/ros2_ws/install/kortex_api/include/kortex_api/google/protobuf/stubs/callback.h
[15.477s] -- Installing: /home/rama/Documents/code/Docker/moonshot_project/ros2_ws/install/kortex_api/include/kortex_api/google/protobuf/stubs/platform_macros.h
[15.477s] -- Installing: /home/rama/Documents/code/Docker/moonshot_project/ros2_ws/install/kortex_api/include/kortex_api/google/protobuf/stubs/singleton.h
[15.477s] -- Installing: /home/rama/Documents/code/Docker/moonshot_project/ros2_ws/install/kortex_api/include/kortex_api/google/protobuf/stubs/atomicops_internals_arm64_gcc.h
[15.477s] -- Installing: /home/rama/Documents/code/Docker/moonshot_project/ros2_ws/install/kortex_api/include/kortex_api/google/protobuf/stubs/logging.h
[15.477s] -- Installing: /home/rama/Documents/code/Docker/moonshot_project/ros2_ws/install/kortex_api/include/kortex_api/google/protobuf/stubs/bytestream.h
[15.477s] -- Installing: /home/rama/Documents/code/Docker/moonshot_project/ros2_ws/install/kortex_api/include/kortex_api/google/protobuf/stubs/status.h
[15.477s] -- Installing: /home/rama/Documents/code/Docker/moonshot_project/ros2_ws/install/kortex_api/include/kortex_api/google/protobuf/reflection_ops.h
[15.477s] -- Installing: /home/rama/Documents/code/Docker/moonshot_project/ros2_ws/install/kortex_api/include/kortex_api/google/protobuf/message.h
[15.477s] -- Installing: /home/rama/Documents/code/Docker/moonshot_project/ros2_ws/install/kortex_api/include/kortex_api/google/protobuf/map_entry_lite.h
[15.477s] -- Installing: /home/rama/Documents/code/Docker/moonshot_project/ros2_ws/install/kortex_api/include/kortex_api/google/protobuf/map_field.h
[15.477s] -- Installing: /home/rama/Documents/code/Docker/moonshot_project/ros2_ws/install/kortex_api/include/kortex_api/google/protobuf/io
[15.477s] -- Installing: /home/rama/Documents/code/Docker/moonshot_project/ros2_ws/install/kortex_api/include/kortex_api/google/protobuf/io/zero_copy_stream.h
[15.477s] -- Installing: /home/rama/Documents/code/Docker/moonshot_project/ros2_ws/install/kortex_api/include/kortex_api/google/protobuf/io/tokenizer.h
[15.477s] -- Installing: /home/rama/Documents/code/Docker/moonshot_project/ros2_ws/install/kortex_api/include/kortex_api/google/protobuf/io/coded_stream.h
[15.477s] -- Installing: /home/rama/Documents/code/Docker/moonshot_project/ros2_ws/install/kortex_api/include/kortex_api/google/protobuf/io/zero_copy_stream_impl.h
[15.477s] -- Installing: /home/rama/Documents/code/Docker/moonshot_project/ros2_ws/install/kortex_api/include/kortex_api/google/protobuf/io/printer.h
[15.477s] -- Installing: /home/rama/Documents/code/Docker/moonshot_project/ros2_ws/install/kortex_api/include/kortex_api/google/protobuf/io/gzip_stream.h
[15.477s] -- Installing: /home/rama/Documents/code/Docker/moonshot_project/ros2_ws/install/kortex_api/include/kortex_api/google/protobuf/io/zero_copy_stream_impl_lite.h
[15.478s] -- Installing: /home/rama/Documents/code/Docker/moonshot_project/ros2_ws/install/kortex_api/include/kortex_api/google/protobuf/io/strtod.h
[15.478s] -- Installing: /home/rama/Documents/code/Docker/moonshot_project/ros2_ws/install/kortex_api/include/kortex_api/google/protobuf/wire_format.h
[15.478s] -- Installing: /home/rama/Documents/code/Docker/moonshot_project/ros2_ws/install/kortex_api/include/kortex_api/google/protobuf/api.pb.h
[15.478s] -- Installing: /home/rama/Documents/code/Docker/moonshot_project/ros2_ws/install/kortex_api/include/kortex_api/google/protobuf/generated_enum_reflection.h
[15.478s] -- Installing: /home/rama/Documents/code/Docker/moonshot_project/ros2_ws/install/kortex_api/include/kortex_api/google/protobuf/generated_message_table_driven.h
[15.478s] -- Installing: /home/rama/Documents/code/Docker/moonshot_project/ros2_ws/install/kortex_api/include/kortex_api/google/protobuf/wrappers.pb.h
[15.478s] -- Installing: /home/rama/Documents/code/Docker/moonshot_project/ros2_ws/install/kortex_api/include/kortex_api/google/protobuf/has_bits.h
[15.478s] -- Installing: /home/rama/Documents/code/Docker/moonshot_project/ros2_ws/install/kortex_api/include/kortex_api/google/protobuf/metadata_lite.h
[15.478s] -- Installing: /home/rama/Documents/code/Docker/moonshot_project/ros2_ws/install/kortex_api/include/kortex_api/google/protobuf/any.pb.h
[15.478s] -- Installing: /home/rama/Documents/code/Docker/moonshot_project/ros2_ws/install/kortex_api/include/kortex_api/google/protobuf/service.h
[15.478s] -- Installing: /home/rama/Documents/code/Docker/moonshot_project/ros2_ws/install/kortex_api/include/kortex_api/google/protobuf/repeated_field.h
[15.478s] -- Installing: /home/rama/Documents/code/Docker/moonshot_project/ros2_ws/install/kortex_api/include/kortex_api/google/protobuf/unknown_field_set.h
[15.478s] -- Installing: /home/rama/Documents/code/Docker/moonshot_project/ros2_ws/install/kortex_api/include/kortex_api/google/protobuf/generated_enum_util.h
[15.478s] -- Installing: /home/rama/Documents/code/Docker/moonshot_project/ros2_ws/install/kortex_api/include/kortex_api/google/protobuf/generated_message_reflection.h
[15.478s] -- Installing: /home/rama/Documents/code/Docker/moonshot_project/ros2_ws/install/kortex_api/include/kortex_api/google/protobuf/map_entry.h
[15.478s] -- Installing: /home/rama/Documents/code/Docker/moonshot_project/ros2_ws/install/kortex_api/include/kortex_api/google/protobuf/empty.pb.h
[15.478s] -- Installing: /home/rama/Documents/code/Docker/moonshot_project/ros2_ws/install/kortex_api/include/kortex_api/google/protobuf/extension_set.h
[15.479s] -- Installing: /home/rama/Documents/code/Docker/moonshot_project/ros2_ws/install/kortex_api/include/kortex_api/google/protobuf/any.h
[15.479s] -- Installing: /home/rama/Documents/code/Docker/moonshot_project/ros2_ws/install/kortex_api/include/kortex_api/google/protobuf/compiler
[15.479s] -- Installing: /home/rama/Documents/code/Docker/moonshot_project/ros2_ws/install/kortex_api/include/kortex_api/google/protobuf/compiler/js
[15.479s] -- Installing: /home/rama/Documents/code/Docker/moonshot_project/ros2_ws/install/kortex_api/include/kortex_api/google/protobuf/compiler/js/js_generator.h
[15.479s] -- Installing: /home/rama/Documents/code/Docker/moonshot_project/ros2_ws/install/kortex_api/include/kortex_api/google/protobuf/compiler/js/well_known_types_embed.h
[15.479s] -- Installing: /home/rama/Documents/code/Docker/moonshot_project/ros2_ws/install/kortex_api/include/kortex_api/google/protobuf/compiler/php
[15.479s] -- Installing: /home/rama/Documents/code/Docker/moonshot_project/ros2_ws/install/kortex_api/include/kortex_api/google/protobuf/compiler/php/php_generator.h
[15.479s] -- Installing: /home/rama/Documents/code/Docker/moonshot_project/ros2_ws/install/kortex_api/include/kortex_api/google/protobuf/compiler/ruby
[15.479s] -- Installing: /home/rama/Documents/code/Docker/moonshot_project/ros2_ws/install/kortex_api/include/kortex_api/google/protobuf/compiler/ruby/ruby_generator.h
[15.479s] -- Installing: /home/rama/Documents/code/Docker/moonshot_project/ros2_ws/install/kortex_api/include/kortex_api/google/protobuf/compiler/java
[15.479s] -- Installing: /home/rama/Documents/code/Docker/moonshot_project/ros2_ws/install/kortex_api/include/kortex_api/google/protobuf/compiler/java/java_generator.h
[15.479s] -- Installing: /home/rama/Documents/code/Docker/moonshot_project/ros2_ws/install/kortex_api/include/kortex_api/google/protobuf/compiler/java/java_names.h
[15.479s] -- Installing: /home/rama/Documents/code/Docker/moonshot_project/ros2_ws/install/kortex_api/include/kortex_api/google/protobuf/compiler/command_line_interface.h
[15.479s] -- Installing: /home/rama/Documents/code/Docker/moonshot_project/ros2_ws/install/kortex_api/include/kortex_api/google/protobuf/compiler/python
[15.479s] -- Installing: /home/rama/Documents/code/Docker/moonshot_project/ros2_ws/install/kortex_api/include/kortex_api/google/protobuf/compiler/python/python_generator.h
[15.479s] -- Installing: /home/rama/Documents/code/Docker/moonshot_project/ros2_ws/install/kortex_api/include/kortex_api/google/protobuf/compiler/plugin.h
[15.479s] -- Installing: /home/rama/Documents/code/Docker/moonshot_project/ros2_ws/install/kortex_api/include/kortex_api/google/protobuf/compiler/plugin.pb.h
[15.479s] -- Installing: /home/rama/Documents/code/Docker/moonshot_project/ros2_ws/install/kortex_api/include/kortex_api/google/protobuf/compiler/code_generator.h
[15.479s] -- Installing: /home/rama/Documents/code/Docker/moonshot_project/ros2_ws/install/kortex_api/include/kortex_api/google/protobuf/compiler/objectivec
[15.479s] -- Installing: /home/rama/Documents/code/Docker/moonshot_project/ros2_ws/install/kortex_api/include/kortex_api/google/protobuf/compiler/objectivec/objectivec_helpers.h
[15.479s] -- Installing: /home/rama/Documents/code/Docker/moonshot_project/ros2_ws/install/kortex_api/include/kortex_api/google/protobuf/compiler/objectivec/objectivec_generator.h
[15.479s] -- Installing: /home/rama/Documents/code/Docker/moonshot_project/ros2_ws/install/kortex_api/include/kortex_api/google/protobuf/compiler/parser.h
[15.480s] -- Installing: /home/rama/Documents/code/Docker/moonshot_project/ros2_ws/install/kortex_api/include/kortex_api/google/protobuf/compiler/csharp
[15.480s] -- Installing: /home/rama/Documents/code/Docker/moonshot_project/ros2_ws/install/kortex_api/include/kortex_api/google/protobuf/compiler/csharp/csharp_names.h
[15.480s] -- Installing: /home/rama/Documents/code/Docker/moonshot_project/ros2_ws/install/kortex_api/include/kortex_api/google/protobuf/compiler/csharp/csharp_generator.h
[15.480s] -- Installing: /home/rama/Documents/code/Docker/moonshot_project/ros2_ws/install/kortex_api/include/kortex_api/google/protobuf/compiler/javanano
[15.480s] -- Installing: /home/rama/Documents/code/Docker/moonshot_project/ros2_ws/install/kortex_api/include/kortex_api/google/protobuf/compiler/javanano/javanano_generator.h
[15.480s] -- Installing: /home/rama/Documents/code/Docker/moonshot_project/ros2_ws/install/kortex_api/include/kortex_api/google/protobuf/compiler/cpp
[15.480s] -- Installing: /home/rama/Documents/code/Docker/moonshot_project/ros2_ws/install/kortex_api/include/kortex_api/google/protobuf/compiler/cpp/cpp_generator.h
[15.480s] -- Installing: /home/rama/Documents/code/Docker/moonshot_project/ros2_ws/install/kortex_api/include/kortex_api/google/protobuf/compiler/importer.h
[15.480s] -- Installing: /home/rama/Documents/code/Docker/moonshot_project/ros2_ws/install/kortex_api/include/kortex_api/google/protobuf/wire_format_lite_inl.h
[15.480s] -- Installing: /home/rama/Documents/code/Docker/moonshot_project/ros2_ws/install/kortex_api/include/kortex_api/google/protobuf/metadata.h
[15.480s] -- Installing: /home/rama/Documents/code/Docker/moonshot_project/ros2_ws/install/kortex_api/include/kortex_api/google/protobuf/map.h
[15.480s] -- Installing: /home/rama/Documents/code/Docker/moonshot_project/ros2_ws/install/kortex_api/include/kortex_api/google/protobuf/descriptor.pb.h
[15.480s] -- Installing: /home/rama/Documents/code/Docker/moonshot_project/ros2_ws/install/kortex_api/include/kortex_api/google/protobuf/map_field_inl.h
[15.480s] -- Installing: /home/rama/Documents/code/Docker/moonshot_project/ros2_ws/install/kortex_api/include/kortex_api/google/protobuf/source_context.pb.h
[15.481s] -- Installing: /home/rama/Documents/code/Docker/moonshot_project/ros2_ws/install/kortex_api/include/kortex_api/google/protobuf/field_mask.pb.h
[15.481s] -- Installing: /home/rama/Documents/code/Docker/moonshot_project/ros2_ws/install/kortex_api/include/kortex_api/google/protobuf/map_field_lite.h
[15.481s] -- Installing: /home/rama/Documents/code/Docker/moonshot_project/ros2_ws/install/kortex_api/include/kortex_api/google/protobuf/arenastring.h
[15.481s] -- Installing: /home/rama/Documents/code/Docker/moonshot_project/ros2_ws/install/kortex_api/include/kortex_api/google/protobuf/util
[15.481s] -- Installing: /home/rama/Documents/code/Docker/moonshot_project/ros2_ws/install/kortex_api/include/kortex_api/google/protobuf/util/type_resolver_util.h
[15.481s] -- Installing: /home/rama/Documents/code/Docker/moonshot_project/ros2_ws/install/kortex_api/include/kortex_api/google/protobuf/util/type_resolver.h
[15.481s] -- Installing: /home/rama/Documents/code/Docker/moonshot_project/ros2_ws/install/kortex_api/include/kortex_api/google/protobuf/util/field_mask_util.h
[15.481s] -- Installing: /home/rama/Documents/code/Docker/moonshot_project/ros2_ws/install/kortex_api/include/kortex_api/google/protobuf/util/json_util.h
[15.481s] -- Installing: /home/rama/Documents/code/Docker/moonshot_project/ros2_ws/install/kortex_api/include/kortex_api/google/protobuf/util/time_util.h
[15.481s] -- Installing: /home/rama/Documents/code/Docker/moonshot_project/ros2_ws/install/kortex_api/include/kortex_api/google/protobuf/util/delimited_message_util.h
[15.481s] -- Installing: /home/rama/Documents/code/Docker/moonshot_project/ros2_ws/install/kortex_api/include/kortex_api/google/protobuf/util/message_differencer.h
[15.481s] -- Installing: /home/rama/Documents/code/Docker/moonshot_project/ros2_ws/install/kortex_api/include/kortex_api/google/protobuf/util/field_comparator.h
[15.481s] -- Installing: /home/rama/Documents/code/Docker/moonshot_project/ros2_ws/install/kortex_api/include/kortex_api/google/protobuf/descriptor.h
[15.481s] -- Installing: /home/rama/Documents/code/Docker/moonshot_project/ros2_ws/install/kortex_api/include/kortex_api/google/protobuf/descriptor_database.h
[15.481s] -- Installing: /home/rama/Documents/code/Docker/moonshot_project/ros2_ws/install/kortex_api/include/kortex_api/google/protobuf/timestamp.pb.h
[15.481s] -- Installing: /home/rama/Documents/code/Docker/moonshot_project/ros2_ws/install/kortex_api/include/kortex_api/google/protobuf/wire_format_lite.h
[15.481s] -- Installing: /home/rama/Documents/code/Docker/moonshot_project/ros2_ws/install/kortex_api/include/kortex_api/google/protobuf/struct.pb.h
[15.481s] -- Installing: /home/rama/Documents/code/Docker/moonshot_project/ros2_ws/install/kortex_api/include/kortex_api/google/protobuf/type.pb.h
[15.482s] -- Installing: /home/rama/Documents/code/Docker/moonshot_project/ros2_ws/install/kortex_api/include/kortex_api/google/protobuf/duration.pb.h
[15.482s] -- Installing: /home/rama/Documents/code/Docker/moonshot_project/ros2_ws/install/kortex_api/share/ament_index/resource_index/package_run_dependencies/kortex_api
[15.482s] -- Installing: /home/rama/Documents/code/Docker/moonshot_project/ros2_ws/install/kortex_api/share/ament_index/resource_index/parent_prefix_path/kortex_api
[15.482s] -- Installing: /home/rama/Documents/code/Docker/moonshot_project/ros2_ws/install/kortex_api/share/kortex_api/environment/ament_prefix_path.sh
[15.482s] -- Installing: /home/rama/Documents/code/Docker/moonshot_project/ros2_ws/install/kortex_api/share/kortex_api/environment/ament_prefix_path.dsv
[15.482s] -- Installing: /home/rama/Documents/code/Docker/moonshot_project/ros2_ws/install/kortex_api/share/kortex_api/environment/path.sh
[15.482s] -- Installing: /home/rama/Documents/code/Docker/moonshot_project/ros2_ws/install/kortex_api/share/kortex_api/environment/path.dsv
[15.482s] -- Installing: /home/rama/Documents/code/Docker/moonshot_project/ros2_ws/install/kortex_api/share/kortex_api/local_setup.bash
[15.482s] -- Installing: /home/rama/Documents/code/Docker/moonshot_project/ros2_ws/install/kortex_api/share/kortex_api/local_setup.sh
[15.482s] -- Installing: /home/rama/Documents/code/Docker/moonshot_project/ros2_ws/install/kortex_api/share/kortex_api/local_setup.zsh
[15.482s] -- Installing: /home/rama/Documents/code/Docker/moonshot_project/ros2_ws/install/kortex_api/share/kortex_api/local_setup.dsv
[15.482s] -- Installing: /home/rama/Documents/code/Docker/moonshot_project/ros2_ws/install/kortex_api/share/kortex_api/package.dsv
[15.482s] -- Installing: /home/rama/Documents/code/Docker/moonshot_project/ros2_ws/install/kortex_api/share/ament_index/resource_index/packages/kortex_api
[15.483s] -- Installing: /home/rama/Documents/code/Docker/moonshot_project/ros2_ws/install/kortex_api/share/kortex_api/cmake/ament_cmake_export_include_directories-extras.cmake
[15.483s] -- Installing: /home/rama/Documents/code/Docker/moonshot_project/ros2_ws/install/kortex_api/share/kortex_api/cmake/kortex_apiConfig.cmake
[15.483s] -- Installing: /home/rama/Documents/code/Docker/moonshot_project/ros2_ws/install/kortex_api/share/kortex_api/cmake/kortex_apiConfig-version.cmake
[15.483s] -- Installing: /home/rama/Documents/code/Docker/moonshot_project/ros2_ws/install/kortex_api/share/kortex_api/package.xml
[15.484s] Invoked command in '/home/rama/Documents/code/Docker/moonshot_project/ros2_ws/build/kortex_api' returned '0': CMAKE_PREFIX_PATH=${CMAKE_PREFIX_PATH}:/home/rama/Documents/code/Docker/moonshot_project/ros2_ws/install/moving_table_pkg:/opt/ros/humble /usr/bin/cmake --install /home/rama/Documents/code/Docker/moonshot_project/ros2_ws/build/kortex_api
