[0.060s] DEBUG:colcon:Command line arguments: ['/usr/bin/colcon', 'build', '--symlink-install']
[0.060s] DEBUG:colcon:Parsed command line arguments: Namespace(log_base=None, log_level=None, verb_name='build', build_base='build', install_base='install', merge_install=False, symlink_install=True, test_result_base=None, continue_on_error=False, executor='parallel', parallel_workers=16, event_handlers=None, ignore_user_meta=False, metas=['./colcon.meta'], base_paths=['.'], packages_ignore=None, packages_ignore_regex=None, paths=None, packages_up_to=None, packages_up_to_regex=None, packages_above=None, packages_above_and_dependencies=None, packages_above_depth=None, packages_select_by_dep=None, packages_skip_by_dep=None, packages_skip_up_to=None, packages_select_build_failed=False, packages_skip_build_finished=False, packages_select_test_failures=False, packages_skip_test_passed=False, packages_select=None, packages_skip=None, packages_select_regex=None, packages_skip_regex=None, packages_start=None, packages_end=None, allow_overriding=[], cmake_args=None, cmake_target=None, cmake_target_skip_unavailable=False, cmake_clean_cache=False, cmake_clean_first=False, cmake_force_configure=False, ament_cmake_args=None, catkin_cmake_args=None, catkin_skip_building_tests=False, mixin_files=None, mixin=None, verb_parser=<colcon_mixin.mixin.mixin_argument.MixinArgumentDecorator object at 0x7bd9de92dde0>, verb_extension=<colcon_core.verb.build.BuildVerb object at 0x7bd9de92d7e0>, main=<bound method BuildVerb.main of <colcon_core.verb.build.BuildVerb object at 0x7bd9de92d7e0>>, mixin_verb=('build',))
[0.136s] Level 1:colcon.colcon_core.package_discovery:discover_packages(colcon_meta) check parameters
[0.136s] Level 1:colcon.colcon_core.package_discovery:discover_packages(recursive) check parameters
[0.136s] Level 1:colcon.colcon_core.package_discovery:discover_packages(ignore) check parameters
[0.136s] Level 1:colcon.colcon_core.package_discovery:discover_packages(path) check parameters
[0.136s] Level 1:colcon.colcon_core.package_discovery:discover_packages(colcon_meta) discover
[0.136s] Level 1:colcon.colcon_core.package_discovery:discover_packages(recursive) discover
[0.136s] INFO:colcon.colcon_core.package_discovery:Crawling recursively for packages in '/home/rama/Documents/code/Docker/moonshot_project'
[0.136s] Level 1:colcon.colcon_core.package_identification:_identify(.) by extensions ['ignore', 'ignore_ament_install']
[0.136s] Level 1:colcon.colcon_core.package_identification:_identify(.) by extension 'ignore'
[0.136s] Level 1:colcon.colcon_core.package_identification:_identify(.) by extension 'ignore_ament_install'
[0.136s] Level 1:colcon.colcon_core.package_identification:_identify(.) by extensions ['colcon_pkg']
[0.136s] Level 1:colcon.colcon_core.package_identification:_identify(.) by extension 'colcon_pkg'
[0.136s] Level 1:colcon.colcon_core.package_identification:_identify(.) by extensions ['colcon_meta']
[0.136s] Level 1:colcon.colcon_core.package_identification:_identify(.) by extension 'colcon_meta'
[0.136s] Level 1:colcon.colcon_core.package_identification:_identify(.) by extensions ['ros']
[0.136s] Level 1:colcon.colcon_core.package_identification:_identify(.) by extension 'ros'
[0.143s] Level 1:colcon.colcon_core.package_identification:_identify(.) by extensions ['cmake', 'python']
[0.143s] Level 1:colcon.colcon_core.package_identification:_identify(.) by extension 'cmake'
[0.143s] Level 1:colcon.colcon_core.package_identification:_identify(.) by extension 'python'
[0.143s] Level 1:colcon.colcon_core.package_identification:_identify(.) by extensions ['python_setup_py']
[0.143s] Level 1:colcon.colcon_core.package_identification:_identify(.) by extension 'python_setup_py'
[0.143s] Level 1:colcon.colcon_core.package_identification:_identify(backup) by extensions ['ignore', 'ignore_ament_install']
[0.143s] Level 1:colcon.colcon_core.package_identification:_identify(backup) by extension 'ignore'
[0.143s] Level 1:colcon.colcon_core.package_identification:_identify(backup) by extension 'ignore_ament_install'
[0.143s] Level 1:colcon.colcon_core.package_identification:_identify(backup) by extensions ['colcon_pkg']
[0.143s] Level 1:colcon.colcon_core.package_identification:_identify(backup) by extension 'colcon_pkg'
[0.143s] Level 1:colcon.colcon_core.package_identification:_identify(backup) by extensions ['colcon_meta']
[0.143s] Level 1:colcon.colcon_core.package_identification:_identify(backup) by extension 'colcon_meta'
[0.143s] Level 1:colcon.colcon_core.package_identification:_identify(backup) by extensions ['ros']
[0.143s] Level 1:colcon.colcon_core.package_identification:_identify(backup) by extension 'ros'
[0.145s] DEBUG:colcon.colcon_core.package_identification:Package 'backup' with type 'ros.ament_python' and name 'moving_table_pkg'
[0.145s] Level 1:colcon.colcon_core.package_identification:_identify(build) by extensions ['ignore', 'ignore_ament_install']
[0.145s] Level 1:colcon.colcon_core.package_identification:_identify(build) by extension 'ignore'
[0.145s] Level 1:colcon.colcon_core.package_identification:_identify(build) ignored
[0.145s] Level 1:colcon.colcon_core.package_identification:_identify(config) by extensions ['ignore', 'ignore_ament_install']
[0.145s] Level 1:colcon.colcon_core.package_identification:_identify(config) by extension 'ignore'
[0.145s] Level 1:colcon.colcon_core.package_identification:_identify(config) by extension 'ignore_ament_install'
[0.145s] Level 1:colcon.colcon_core.package_identification:_identify(config) by extensions ['colcon_pkg']
[0.145s] Level 1:colcon.colcon_core.package_identification:_identify(config) by extension 'colcon_pkg'
[0.146s] Level 1:colcon.colcon_core.package_identification:_identify(config) by extensions ['colcon_meta']
[0.146s] Level 1:colcon.colcon_core.package_identification:_identify(config) by extension 'colcon_meta'
[0.146s] Level 1:colcon.colcon_core.package_identification:_identify(config) by extensions ['ros']
[0.146s] Level 1:colcon.colcon_core.package_identification:_identify(config) by extension 'ros'
[0.146s] Level 1:colcon.colcon_core.package_identification:_identify(config) by extensions ['cmake', 'python']
[0.146s] Level 1:colcon.colcon_core.package_identification:_identify(config) by extension 'cmake'
[0.146s] Level 1:colcon.colcon_core.package_identification:_identify(config) by extension 'python'
[0.146s] Level 1:colcon.colcon_core.package_identification:_identify(config) by extensions ['python_setup_py']
[0.146s] Level 1:colcon.colcon_core.package_identification:_identify(config) by extension 'python_setup_py'
[0.146s] Level 1:colcon.colcon_core.package_identification:_identify(dependencies) by extensions ['ignore', 'ignore_ament_install']
[0.146s] Level 1:colcon.colcon_core.package_identification:_identify(dependencies) by extension 'ignore'
[0.146s] Level 1:colcon.colcon_core.package_identification:_identify(dependencies) by extension 'ignore_ament_install'
[0.146s] Level 1:colcon.colcon_core.package_identification:_identify(dependencies) by extensions ['colcon_pkg']
[0.146s] Level 1:colcon.colcon_core.package_identification:_identify(dependencies) by extension 'colcon_pkg'
[0.146s] Level 1:colcon.colcon_core.package_identification:_identify(dependencies) by extensions ['colcon_meta']
[0.146s] Level 1:colcon.colcon_core.package_identification:_identify(dependencies) by extension 'colcon_meta'
[0.146s] Level 1:colcon.colcon_core.package_identification:_identify(dependencies) by extensions ['ros']
[0.146s] Level 1:colcon.colcon_core.package_identification:_identify(dependencies) by extension 'ros'
[0.146s] Level 1:colcon.colcon_core.package_identification:_identify(dependencies) by extensions ['cmake', 'python']
[0.146s] Level 1:colcon.colcon_core.package_identification:_identify(dependencies) by extension 'cmake'
[0.146s] Level 1:colcon.colcon_core.package_identification:_identify(dependencies) by extension 'python'
[0.146s] Level 1:colcon.colcon_core.package_identification:_identify(dependencies) by extensions ['python_setup_py']
[0.146s] Level 1:colcon.colcon_core.package_identification:_identify(dependencies) by extension 'python_setup_py'
[0.146s] Level 1:colcon.colcon_core.package_identification:_identify(install) by extensions ['ignore', 'ignore_ament_install']
[0.146s] Level 1:colcon.colcon_core.package_identification:_identify(install) by extension 'ignore'
[0.146s] Level 1:colcon.colcon_core.package_identification:_identify(install) ignored
[0.146s] Level 1:colcon.colcon_core.package_identification:_identify(log) by extensions ['ignore', 'ignore_ament_install']
[0.146s] Level 1:colcon.colcon_core.package_identification:_identify(log) by extension 'ignore'
[0.146s] Level 1:colcon.colcon_core.package_identification:_identify(log) ignored
[0.146s] Level 1:colcon.colcon_core.package_identification:_identify(ros2_ws) by extensions ['ignore', 'ignore_ament_install']
[0.146s] Level 1:colcon.colcon_core.package_identification:_identify(ros2_ws) by extension 'ignore'
[0.146s] Level 1:colcon.colcon_core.package_identification:_identify(ros2_ws) by extension 'ignore_ament_install'
[0.146s] Level 1:colcon.colcon_core.package_identification:_identify(ros2_ws) by extensions ['colcon_pkg']
[0.146s] Level 1:colcon.colcon_core.package_identification:_identify(ros2_ws) by extension 'colcon_pkg'
[0.146s] Level 1:colcon.colcon_core.package_identification:_identify(ros2_ws) by extensions ['colcon_meta']
[0.146s] Level 1:colcon.colcon_core.package_identification:_identify(ros2_ws) by extension 'colcon_meta'
[0.146s] Level 1:colcon.colcon_core.package_identification:_identify(ros2_ws) by extensions ['ros']
[0.147s] Level 1:colcon.colcon_core.package_identification:_identify(ros2_ws) by extension 'ros'
[0.147s] Level 1:colcon.colcon_core.package_identification:_identify(ros2_ws) by extensions ['cmake', 'python']
[0.147s] Level 1:colcon.colcon_core.package_identification:_identify(ros2_ws) by extension 'cmake'
[0.147s] Level 1:colcon.colcon_core.package_identification:_identify(ros2_ws) by extension 'python'
[0.147s] Level 1:colcon.colcon_core.package_identification:_identify(ros2_ws) by extensions ['python_setup_py']
[0.147s] Level 1:colcon.colcon_core.package_identification:_identify(ros2_ws) by extension 'python_setup_py'
[0.147s] Level 1:colcon.colcon_core.package_identification:_identify(ros2_ws/src) by extensions ['ignore', 'ignore_ament_install']
[0.147s] Level 1:colcon.colcon_core.package_identification:_identify(ros2_ws/src) by extension 'ignore'
[0.147s] Level 1:colcon.colcon_core.package_identification:_identify(ros2_ws/src) by extension 'ignore_ament_install'
[0.147s] Level 1:colcon.colcon_core.package_identification:_identify(ros2_ws/src) by extensions ['colcon_pkg']
[0.147s] Level 1:colcon.colcon_core.package_identification:_identify(ros2_ws/src) by extension 'colcon_pkg'
[0.147s] Level 1:colcon.colcon_core.package_identification:_identify(ros2_ws/src) by extensions ['colcon_meta']
[0.147s] Level 1:colcon.colcon_core.package_identification:_identify(ros2_ws/src) by extension 'colcon_meta'
[0.147s] Level 1:colcon.colcon_core.package_identification:_identify(ros2_ws/src) by extensions ['ros']
[0.147s] Level 1:colcon.colcon_core.package_identification:_identify(ros2_ws/src) by extension 'ros'
[0.147s] Level 1:colcon.colcon_core.package_identification:_identify(ros2_ws/src) by extensions ['cmake', 'python']
[0.147s] Level 1:colcon.colcon_core.package_identification:_identify(ros2_ws/src) by extension 'cmake'
[0.147s] Level 1:colcon.colcon_core.package_identification:_identify(ros2_ws/src) by extension 'python'
[0.147s] Level 1:colcon.colcon_core.package_identification:_identify(ros2_ws/src) by extensions ['python_setup_py']
[0.147s] Level 1:colcon.colcon_core.package_identification:_identify(ros2_ws/src) by extension 'python_setup_py'
[0.147s] Level 1:colcon.colcon_core.package_identification:_identify(ros2_ws/src/kinova_gen3_lite_control) by extensions ['ignore', 'ignore_ament_install']
[0.147s] Level 1:colcon.colcon_core.package_identification:_identify(ros2_ws/src/kinova_gen3_lite_control) by extension 'ignore'
[0.147s] Level 1:colcon.colcon_core.package_identification:_identify(ros2_ws/src/kinova_gen3_lite_control) by extension 'ignore_ament_install'
[0.147s] Level 1:colcon.colcon_core.package_identification:_identify(ros2_ws/src/kinova_gen3_lite_control) by extensions ['colcon_pkg']
[0.147s] Level 1:colcon.colcon_core.package_identification:_identify(ros2_ws/src/kinova_gen3_lite_control) by extension 'colcon_pkg'
[0.147s] Level 1:colcon.colcon_core.package_identification:_identify(ros2_ws/src/kinova_gen3_lite_control) by extensions ['colcon_meta']
[0.147s] Level 1:colcon.colcon_core.package_identification:_identify(ros2_ws/src/kinova_gen3_lite_control) by extension 'colcon_meta'
[0.147s] Level 1:colcon.colcon_core.package_identification:_identify(ros2_ws/src/kinova_gen3_lite_control) by extensions ['ros']
[0.147s] Level 1:colcon.colcon_core.package_identification:_identify(ros2_ws/src/kinova_gen3_lite_control) by extension 'ros'
[0.147s] Level 1:colcon.colcon_core.package_identification:_identify(ros2_ws/src/kinova_gen3_lite_control) by extensions ['cmake', 'python']
[0.147s] Level 1:colcon.colcon_core.package_identification:_identify(ros2_ws/src/kinova_gen3_lite_control) by extension 'cmake'
[0.147s] Level 1:colcon.colcon_core.package_identification:_identify(ros2_ws/src/kinova_gen3_lite_control) by extension 'python'
[0.147s] Level 1:colcon.colcon_core.package_identification:_identify(ros2_ws/src/kinova_gen3_lite_control) by extensions ['python_setup_py']
[0.147s] Level 1:colcon.colcon_core.package_identification:_identify(ros2_ws/src/kinova_gen3_lite_control) by extension 'python_setup_py'
[0.147s] Level 1:colcon.colcon_core.package_identification:_identify(ros2_ws/src/lidar_integration) by extensions ['ignore', 'ignore_ament_install']
[0.147s] Level 1:colcon.colcon_core.package_identification:_identify(ros2_ws/src/lidar_integration) by extension 'ignore'
[0.147s] Level 1:colcon.colcon_core.package_identification:_identify(ros2_ws/src/lidar_integration) by extension 'ignore_ament_install'
[0.148s] Level 1:colcon.colcon_core.package_identification:_identify(ros2_ws/src/lidar_integration) by extensions ['colcon_pkg']
[0.148s] Level 1:colcon.colcon_core.package_identification:_identify(ros2_ws/src/lidar_integration) by extension 'colcon_pkg'
[0.148s] Level 1:colcon.colcon_core.package_identification:_identify(ros2_ws/src/lidar_integration) by extensions ['colcon_meta']
[0.148s] Level 1:colcon.colcon_core.package_identification:_identify(ros2_ws/src/lidar_integration) by extension 'colcon_meta'
[0.148s] Level 1:colcon.colcon_core.package_identification:_identify(ros2_ws/src/lidar_integration) by extensions ['ros']
[0.148s] Level 1:colcon.colcon_core.package_identification:_identify(ros2_ws/src/lidar_integration) by extension 'ros'
[0.148s] Level 1:colcon.colcon_core.package_identification:_identify(ros2_ws/src/lidar_integration) by extensions ['cmake', 'python']
[0.148s] Level 1:colcon.colcon_core.package_identification:_identify(ros2_ws/src/lidar_integration) by extension 'cmake'
[0.148s] Level 1:colcon.colcon_core.package_identification:_identify(ros2_ws/src/lidar_integration) by extension 'python'
[0.148s] Level 1:colcon.colcon_core.package_identification:_identify(ros2_ws/src/lidar_integration) by extensions ['python_setup_py']
[0.148s] Level 1:colcon.colcon_core.package_identification:_identify(ros2_ws/src/lidar_integration) by extension 'python_setup_py'
[0.148s] Level 1:colcon.colcon_core.package_identification:_identify(ros2_ws/src/livox_ros_driver2) by extensions ['ignore', 'ignore_ament_install']
[0.148s] Level 1:colcon.colcon_core.package_identification:_identify(ros2_ws/src/livox_ros_driver2) by extension 'ignore'
[0.148s] Level 1:colcon.colcon_core.package_identification:_identify(ros2_ws/src/livox_ros_driver2) by extension 'ignore_ament_install'
[0.148s] Level 1:colcon.colcon_core.package_identification:_identify(ros2_ws/src/livox_ros_driver2) by extensions ['colcon_pkg']
[0.148s] Level 1:colcon.colcon_core.package_identification:_identify(ros2_ws/src/livox_ros_driver2) by extension 'colcon_pkg'
[0.148s] Level 1:colcon.colcon_core.package_identification:_identify(ros2_ws/src/livox_ros_driver2) by extensions ['colcon_meta']
[0.148s] Level 1:colcon.colcon_core.package_identification:_identify(ros2_ws/src/livox_ros_driver2) by extension 'colcon_meta'
[0.148s] Level 1:colcon.colcon_core.package_identification:_identify(ros2_ws/src/livox_ros_driver2) by extensions ['ros']
[0.148s] Level 1:colcon.colcon_core.package_identification:_identify(ros2_ws/src/livox_ros_driver2) by extension 'ros'
[0.149s] DEBUG:colcon.colcon_core.package_identification:Package 'ros2_ws/src/livox_ros_driver2' with type 'ros.ament_cmake' and name 'livox_ros_driver2'
[0.149s] Level 1:colcon.colcon_core.package_identification:_identify(ros2_ws/src/moving_table_interfaces) by extensions ['ignore', 'ignore_ament_install']
[0.149s] Level 1:colcon.colcon_core.package_identification:_identify(ros2_ws/src/moving_table_interfaces) by extension 'ignore'
[0.149s] Level 1:colcon.colcon_core.package_identification:_identify(ros2_ws/src/moving_table_interfaces) by extension 'ignore_ament_install'
[0.149s] Level 1:colcon.colcon_core.package_identification:_identify(ros2_ws/src/moving_table_interfaces) by extensions ['colcon_pkg']
[0.149s] Level 1:colcon.colcon_core.package_identification:_identify(ros2_ws/src/moving_table_interfaces) by extension 'colcon_pkg'
[0.149s] Level 1:colcon.colcon_core.package_identification:_identify(ros2_ws/src/moving_table_interfaces) by extensions ['colcon_meta']
[0.149s] Level 1:colcon.colcon_core.package_identification:_identify(ros2_ws/src/moving_table_interfaces) by extension 'colcon_meta'
[0.149s] Level 1:colcon.colcon_core.package_identification:_identify(ros2_ws/src/moving_table_interfaces) by extensions ['ros']
[0.149s] Level 1:colcon.colcon_core.package_identification:_identify(ros2_ws/src/moving_table_interfaces) by extension 'ros'
[0.149s] DEBUG:colcon.colcon_core.package_identification:Package 'ros2_ws/src/moving_table_interfaces' with type 'ros.ament_cmake' and name 'moving_table_interfaces'
[0.150s] Level 1:colcon.colcon_core.package_identification:_identify(ros2_ws/src/moving_table_pkg) by extensions ['ignore', 'ignore_ament_install']
[0.150s] Level 1:colcon.colcon_core.package_identification:_identify(ros2_ws/src/moving_table_pkg) by extension 'ignore'
[0.150s] Level 1:colcon.colcon_core.package_identification:_identify(ros2_ws/src/moving_table_pkg) by extension 'ignore_ament_install'
[0.150s] Level 1:colcon.colcon_core.package_identification:_identify(ros2_ws/src/moving_table_pkg) by extensions ['colcon_pkg']
[0.150s] Level 1:colcon.colcon_core.package_identification:_identify(ros2_ws/src/moving_table_pkg) by extension 'colcon_pkg'
[0.150s] Level 1:colcon.colcon_core.package_identification:_identify(ros2_ws/src/moving_table_pkg) by extensions ['colcon_meta']
[0.150s] Level 1:colcon.colcon_core.package_identification:_identify(ros2_ws/src/moving_table_pkg) by extension 'colcon_meta'
[0.150s] Level 1:colcon.colcon_core.package_identification:_identify(ros2_ws/src/moving_table_pkg) by extensions ['ros']
[0.150s] Level 1:colcon.colcon_core.package_identification:_identify(ros2_ws/src/moving_table_pkg) by extension 'ros'
[0.150s] DEBUG:colcon.colcon_core.package_identification:Package 'ros2_ws/src/moving_table_pkg' with type 'ros.ament_python' and name 'moving_table_pkg'
[0.150s] Level 1:colcon.colcon_core.package_identification:_identify(ros2_ws/src/ros2_kortex) by extensions ['ignore', 'ignore_ament_install']
[0.150s] Level 1:colcon.colcon_core.package_identification:_identify(ros2_ws/src/ros2_kortex) by extension 'ignore'
[0.150s] Level 1:colcon.colcon_core.package_identification:_identify(ros2_ws/src/ros2_kortex) by extension 'ignore_ament_install'
[0.150s] Level 1:colcon.colcon_core.package_identification:_identify(ros2_ws/src/ros2_kortex) by extensions ['colcon_pkg']
[0.150s] Level 1:colcon.colcon_core.package_identification:_identify(ros2_ws/src/ros2_kortex) by extension 'colcon_pkg'
[0.150s] Level 1:colcon.colcon_core.package_identification:_identify(ros2_ws/src/ros2_kortex) by extensions ['colcon_meta']
[0.150s] Level 1:colcon.colcon_core.package_identification:_identify(ros2_ws/src/ros2_kortex) by extension 'colcon_meta'
[0.150s] Level 1:colcon.colcon_core.package_identification:_identify(ros2_ws/src/ros2_kortex) by extensions ['ros']
[0.150s] Level 1:colcon.colcon_core.package_identification:_identify(ros2_ws/src/ros2_kortex) by extension 'ros'
[0.150s] Level 1:colcon.colcon_core.package_identification:_identify(ros2_ws/src/ros2_kortex) by extensions ['cmake', 'python']
[0.150s] Level 1:colcon.colcon_core.package_identification:_identify(ros2_ws/src/ros2_kortex) by extension 'cmake'
[0.150s] Level 1:colcon.colcon_core.package_identification:_identify(ros2_ws/src/ros2_kortex) by extension 'python'
[0.151s] Level 1:colcon.colcon_core.package_identification:_identify(ros2_ws/src/ros2_kortex) by extensions ['python_setup_py']
[0.151s] Level 1:colcon.colcon_core.package_identification:_identify(ros2_ws/src/ros2_kortex) by extension 'python_setup_py'
[0.151s] Level 1:colcon.colcon_core.package_identification:_identify(ros2_ws/src/ros2_kortex/3rdParty) by extensions ['ignore', 'ignore_ament_install']
[0.151s] Level 1:colcon.colcon_core.package_identification:_identify(ros2_ws/src/ros2_kortex/3rdParty) by extension 'ignore'
[0.151s] Level 1:colcon.colcon_core.package_identification:_identify(ros2_ws/src/ros2_kortex/3rdParty) by extension 'ignore_ament_install'
[0.151s] Level 1:colcon.colcon_core.package_identification:_identify(ros2_ws/src/ros2_kortex/3rdParty) by extensions ['colcon_pkg']
[0.151s] Level 1:colcon.colcon_core.package_identification:_identify(ros2_ws/src/ros2_kortex/3rdParty) by extension 'colcon_pkg'
[0.151s] Level 1:colcon.colcon_core.package_identification:_identify(ros2_ws/src/ros2_kortex/3rdParty) by extensions ['colcon_meta']
[0.151s] Level 1:colcon.colcon_core.package_identification:_identify(ros2_ws/src/ros2_kortex/3rdParty) by extension 'colcon_meta'
[0.151s] Level 1:colcon.colcon_core.package_identification:_identify(ros2_ws/src/ros2_kortex/3rdParty) by extensions ['ros']
[0.151s] Level 1:colcon.colcon_core.package_identification:_identify(ros2_ws/src/ros2_kortex/3rdParty) by extension 'ros'
[0.151s] Level 1:colcon.colcon_core.package_identification:_identify(ros2_ws/src/ros2_kortex/3rdParty) by extensions ['cmake', 'python']
[0.151s] Level 1:colcon.colcon_core.package_identification:_identify(ros2_ws/src/ros2_kortex/3rdParty) by extension 'cmake'
[0.151s] Level 1:colcon.colcon_core.package_identification:_identify(ros2_ws/src/ros2_kortex/3rdParty) by extension 'python'
[0.151s] Level 1:colcon.colcon_core.package_identification:_identify(ros2_ws/src/ros2_kortex/3rdParty) by extensions ['python_setup_py']
[0.151s] Level 1:colcon.colcon_core.package_identification:_identify(ros2_ws/src/ros2_kortex/3rdParty) by extension 'python_setup_py'
[0.151s] Level 1:colcon.colcon_core.package_identification:_identify(ros2_ws/src/ros2_kortex/3rdParty/Mobile_platform_integration) by extensions ['ignore', 'ignore_ament_install']
[0.151s] Level 1:colcon.colcon_core.package_identification:_identify(ros2_ws/src/ros2_kortex/3rdParty/Mobile_platform_integration) by extension 'ignore'
[0.151s] Level 1:colcon.colcon_core.package_identification:_identify(ros2_ws/src/ros2_kortex/3rdParty/Mobile_platform_integration) by extension 'ignore_ament_install'
[0.151s] Level 1:colcon.colcon_core.package_identification:_identify(ros2_ws/src/ros2_kortex/3rdParty/Mobile_platform_integration) by extensions ['colcon_pkg']
[0.151s] Level 1:colcon.colcon_core.package_identification:_identify(ros2_ws/src/ros2_kortex/3rdParty/Mobile_platform_integration) by extension 'colcon_pkg'
[0.151s] Level 1:colcon.colcon_core.package_identification:_identify(ros2_ws/src/ros2_kortex/3rdParty/Mobile_platform_integration) by extensions ['colcon_meta']
[0.151s] Level 1:colcon.colcon_core.package_identification:_identify(ros2_ws/src/ros2_kortex/3rdParty/Mobile_platform_integration) by extension 'colcon_meta'
[0.151s] Level 1:colcon.colcon_core.package_identification:_identify(ros2_ws/src/ros2_kortex/3rdParty/Mobile_platform_integration) by extensions ['ros']
[0.151s] Level 1:colcon.colcon_core.package_identification:_identify(ros2_ws/src/ros2_kortex/3rdParty/Mobile_platform_integration) by extension 'ros'
[0.151s] Level 1:colcon.colcon_core.package_identification:_identify(ros2_ws/src/ros2_kortex/3rdParty/Mobile_platform_integration) by extensions ['cmake', 'python']
[0.151s] Level 1:colcon.colcon_core.package_identification:_identify(ros2_ws/src/ros2_kortex/3rdParty/Mobile_platform_integration) by extension 'cmake'
[0.151s] Level 1:colcon.colcon_core.package_identification:_identify(ros2_ws/src/ros2_kortex/3rdParty/Mobile_platform_integration) by extension 'python'
[0.151s] Level 1:colcon.colcon_core.package_identification:_identify(ros2_ws/src/ros2_kortex/3rdParty/Mobile_platform_integration) by extensions ['python_setup_py']
[0.151s] Level 1:colcon.colcon_core.package_identification:_identify(ros2_ws/src/ros2_kortex/3rdParty/Mobile_platform_integration) by extension 'python_setup_py'
[0.151s] Level 1:colcon.colcon_core.package_identification:_identify(ros2_ws/src/ros2_kortex/3rdParty/Mobile_platform_integration/clearpath) by extensions ['ignore', 'ignore_ament_install']
[0.151s] Level 1:colcon.colcon_core.package_identification:_identify(ros2_ws/src/ros2_kortex/3rdParty/Mobile_platform_integration/clearpath) by extension 'ignore'
[0.151s] Level 1:colcon.colcon_core.package_identification:_identify(ros2_ws/src/ros2_kortex/3rdParty/Mobile_platform_integration/clearpath) by extension 'ignore_ament_install'
[0.152s] Level 1:colcon.colcon_core.package_identification:_identify(ros2_ws/src/ros2_kortex/3rdParty/Mobile_platform_integration/clearpath) by extensions ['colcon_pkg']
[0.152s] Level 1:colcon.colcon_core.package_identification:_identify(ros2_ws/src/ros2_kortex/3rdParty/Mobile_platform_integration/clearpath) by extension 'colcon_pkg'
[0.152s] Level 1:colcon.colcon_core.package_identification:_identify(ros2_ws/src/ros2_kortex/3rdParty/Mobile_platform_integration/clearpath) by extensions ['colcon_meta']
[0.152s] Level 1:colcon.colcon_core.package_identification:_identify(ros2_ws/src/ros2_kortex/3rdParty/Mobile_platform_integration/clearpath) by extension 'colcon_meta'
[0.152s] Level 1:colcon.colcon_core.package_identification:_identify(ros2_ws/src/ros2_kortex/3rdParty/Mobile_platform_integration/clearpath) by extensions ['ros']
[0.152s] Level 1:colcon.colcon_core.package_identification:_identify(ros2_ws/src/ros2_kortex/3rdParty/Mobile_platform_integration/clearpath) by extension 'ros'
[0.152s] Level 1:colcon.colcon_core.package_identification:_identify(ros2_ws/src/ros2_kortex/3rdParty/Mobile_platform_integration/clearpath) by extensions ['cmake', 'python']
[0.152s] Level 1:colcon.colcon_core.package_identification:_identify(ros2_ws/src/ros2_kortex/3rdParty/Mobile_platform_integration/clearpath) by extension 'cmake'
[0.152s] Level 1:colcon.colcon_core.package_identification:_identify(ros2_ws/src/ros2_kortex/3rdParty/Mobile_platform_integration/clearpath) by extension 'python'
[0.152s] Level 1:colcon.colcon_core.package_identification:_identify(ros2_ws/src/ros2_kortex/3rdParty/Mobile_platform_integration/clearpath) by extensions ['python_setup_py']
[0.152s] Level 1:colcon.colcon_core.package_identification:_identify(ros2_ws/src/ros2_kortex/3rdParty/Mobile_platform_integration/clearpath) by extension 'python_setup_py'
[0.152s] Level 1:colcon.colcon_core.package_identification:_identify(ros2_ws/src/ros2_kortex/doc) by extensions ['ignore', 'ignore_ament_install']
[0.152s] Level 1:colcon.colcon_core.package_identification:_identify(ros2_ws/src/ros2_kortex/doc) by extension 'ignore'
[0.152s] Level 1:colcon.colcon_core.package_identification:_identify(ros2_ws/src/ros2_kortex/doc) by extension 'ignore_ament_install'
[0.152s] Level 1:colcon.colcon_core.package_identification:_identify(ros2_ws/src/ros2_kortex/doc) by extensions ['colcon_pkg']
[0.152s] Level 1:colcon.colcon_core.package_identification:_identify(ros2_ws/src/ros2_kortex/doc) by extension 'colcon_pkg'
[0.152s] Level 1:colcon.colcon_core.package_identification:_identify(ros2_ws/src/ros2_kortex/doc) by extensions ['colcon_meta']
[0.152s] Level 1:colcon.colcon_core.package_identification:_identify(ros2_ws/src/ros2_kortex/doc) by extension 'colcon_meta'
[0.152s] Level 1:colcon.colcon_core.package_identification:_identify(ros2_ws/src/ros2_kortex/doc) by extensions ['ros']
[0.152s] Level 1:colcon.colcon_core.package_identification:_identify(ros2_ws/src/ros2_kortex/doc) by extension 'ros'
[0.152s] Level 1:colcon.colcon_core.package_identification:_identify(ros2_ws/src/ros2_kortex/doc) by extensions ['cmake', 'python']
[0.152s] Level 1:colcon.colcon_core.package_identification:_identify(ros2_ws/src/ros2_kortex/doc) by extension 'cmake'
[0.152s] Level 1:colcon.colcon_core.package_identification:_identify(ros2_ws/src/ros2_kortex/doc) by extension 'python'
[0.152s] Level 1:colcon.colcon_core.package_identification:_identify(ros2_ws/src/ros2_kortex/doc) by extensions ['python_setup_py']
[0.152s] Level 1:colcon.colcon_core.package_identification:_identify(ros2_ws/src/ros2_kortex/doc) by extension 'python_setup_py'
[0.152s] Level 1:colcon.colcon_core.package_identification:_identify(ros2_ws/src/ros2_kortex/doc/resources) by extensions ['ignore', 'ignore_ament_install']
[0.152s] Level 1:colcon.colcon_core.package_identification:_identify(ros2_ws/src/ros2_kortex/doc/resources) by extension 'ignore'
[0.152s] Level 1:colcon.colcon_core.package_identification:_identify(ros2_ws/src/ros2_kortex/doc/resources) by extension 'ignore_ament_install'
[0.152s] Level 1:colcon.colcon_core.package_identification:_identify(ros2_ws/src/ros2_kortex/doc/resources) by extensions ['colcon_pkg']
[0.152s] Level 1:colcon.colcon_core.package_identification:_identify(ros2_ws/src/ros2_kortex/doc/resources) by extension 'colcon_pkg'
[0.152s] Level 1:colcon.colcon_core.package_identification:_identify(ros2_ws/src/ros2_kortex/doc/resources) by extensions ['colcon_meta']
[0.152s] Level 1:colcon.colcon_core.package_identification:_identify(ros2_ws/src/ros2_kortex/doc/resources) by extension 'colcon_meta'
[0.152s] Level 1:colcon.colcon_core.package_identification:_identify(ros2_ws/src/ros2_kortex/doc/resources) by extensions ['ros']
[0.152s] Level 1:colcon.colcon_core.package_identification:_identify(ros2_ws/src/ros2_kortex/doc/resources) by extension 'ros'
[0.152s] Level 1:colcon.colcon_core.package_identification:_identify(ros2_ws/src/ros2_kortex/doc/resources) by extensions ['cmake', 'python']
[0.152s] Level 1:colcon.colcon_core.package_identification:_identify(ros2_ws/src/ros2_kortex/doc/resources) by extension 'cmake'
[0.152s] Level 1:colcon.colcon_core.package_identification:_identify(ros2_ws/src/ros2_kortex/doc/resources) by extension 'python'
[0.153s] Level 1:colcon.colcon_core.package_identification:_identify(ros2_ws/src/ros2_kortex/doc/resources) by extensions ['python_setup_py']
[0.153s] Level 1:colcon.colcon_core.package_identification:_identify(ros2_ws/src/ros2_kortex/doc/resources) by extension 'python_setup_py'
[0.153s] Level 1:colcon.colcon_core.package_identification:_identify(ros2_ws/src/ros2_kortex/kortex_api) by extensions ['ignore', 'ignore_ament_install']
[0.153s] Level 1:colcon.colcon_core.package_identification:_identify(ros2_ws/src/ros2_kortex/kortex_api) by extension 'ignore'
[0.153s] Level 1:colcon.colcon_core.package_identification:_identify(ros2_ws/src/ros2_kortex/kortex_api) by extension 'ignore_ament_install'
[0.153s] Level 1:colcon.colcon_core.package_identification:_identify(ros2_ws/src/ros2_kortex/kortex_api) by extensions ['colcon_pkg']
[0.153s] Level 1:colcon.colcon_core.package_identification:_identify(ros2_ws/src/ros2_kortex/kortex_api) by extension 'colcon_pkg'
[0.153s] Level 1:colcon.colcon_core.package_identification:_identify(ros2_ws/src/ros2_kortex/kortex_api) by extensions ['colcon_meta']
[0.153s] Level 1:colcon.colcon_core.package_identification:_identify(ros2_ws/src/ros2_kortex/kortex_api) by extension 'colcon_meta'
[0.153s] Level 1:colcon.colcon_core.package_identification:_identify(ros2_ws/src/ros2_kortex/kortex_api) by extensions ['ros']
[0.153s] Level 1:colcon.colcon_core.package_identification:_identify(ros2_ws/src/ros2_kortex/kortex_api) by extension 'ros'
[0.153s] DEBUG:colcon.colcon_core.package_identification:Package 'ros2_ws/src/ros2_kortex/kortex_api' with type 'ros.ament_cmake' and name 'kortex_api'
[0.153s] Level 1:colcon.colcon_core.package_identification:_identify(ros2_ws/src/ros2_kortex/kortex_bringup) by extensions ['ignore', 'ignore_ament_install']
[0.153s] Level 1:colcon.colcon_core.package_identification:_identify(ros2_ws/src/ros2_kortex/kortex_bringup) by extension 'ignore'
[0.153s] Level 1:colcon.colcon_core.package_identification:_identify(ros2_ws/src/ros2_kortex/kortex_bringup) by extension 'ignore_ament_install'
[0.153s] Level 1:colcon.colcon_core.package_identification:_identify(ros2_ws/src/ros2_kortex/kortex_bringup) by extensions ['colcon_pkg']
[0.153s] Level 1:colcon.colcon_core.package_identification:_identify(ros2_ws/src/ros2_kortex/kortex_bringup) by extension 'colcon_pkg'
[0.153s] Level 1:colcon.colcon_core.package_identification:_identify(ros2_ws/src/ros2_kortex/kortex_bringup) by extensions ['colcon_meta']
[0.153s] Level 1:colcon.colcon_core.package_identification:_identify(ros2_ws/src/ros2_kortex/kortex_bringup) by extension 'colcon_meta'
[0.153s] Level 1:colcon.colcon_core.package_identification:_identify(ros2_ws/src/ros2_kortex/kortex_bringup) by extensions ['ros']
[0.153s] Level 1:colcon.colcon_core.package_identification:_identify(ros2_ws/src/ros2_kortex/kortex_bringup) by extension 'ros'
[0.154s] DEBUG:colcon.colcon_core.package_identification:Package 'ros2_ws/src/ros2_kortex/kortex_bringup' with type 'ros.ament_cmake' and name 'kortex_bringup'
[0.154s] Level 1:colcon.colcon_core.package_identification:_identify(ros2_ws/src/ros2_kortex/kortex_description) by extensions ['ignore', 'ignore_ament_install']
[0.154s] Level 1:colcon.colcon_core.package_identification:_identify(ros2_ws/src/ros2_kortex/kortex_description) by extension 'ignore'
[0.154s] Level 1:colcon.colcon_core.package_identification:_identify(ros2_ws/src/ros2_kortex/kortex_description) by extension 'ignore_ament_install'
[0.154s] Level 1:colcon.colcon_core.package_identification:_identify(ros2_ws/src/ros2_kortex/kortex_description) by extensions ['colcon_pkg']
[0.154s] Level 1:colcon.colcon_core.package_identification:_identify(ros2_ws/src/ros2_kortex/kortex_description) by extension 'colcon_pkg'
[0.154s] Level 1:colcon.colcon_core.package_identification:_identify(ros2_ws/src/ros2_kortex/kortex_description) by extensions ['colcon_meta']
[0.154s] Level 1:colcon.colcon_core.package_identification:_identify(ros2_ws/src/ros2_kortex/kortex_description) by extension 'colcon_meta'
[0.154s] Level 1:colcon.colcon_core.package_identification:_identify(ros2_ws/src/ros2_kortex/kortex_description) by extensions ['ros']
[0.154s] Level 1:colcon.colcon_core.package_identification:_identify(ros2_ws/src/ros2_kortex/kortex_description) by extension 'ros'
[0.155s] DEBUG:colcon.colcon_core.package_identification:Package 'ros2_ws/src/ros2_kortex/kortex_description' with type 'ros.ament_cmake' and name 'kortex_description'
[0.155s] Level 1:colcon.colcon_core.package_identification:_identify(ros2_ws/src/ros2_kortex/kortex_driver) by extensions ['ignore', 'ignore_ament_install']
[0.155s] Level 1:colcon.colcon_core.package_identification:_identify(ros2_ws/src/ros2_kortex/kortex_driver) by extension 'ignore'
[0.155s] Level 1:colcon.colcon_core.package_identification:_identify(ros2_ws/src/ros2_kortex/kortex_driver) by extension 'ignore_ament_install'
[0.155s] Level 1:colcon.colcon_core.package_identification:_identify(ros2_ws/src/ros2_kortex/kortex_driver) by extensions ['colcon_pkg']
[0.155s] Level 1:colcon.colcon_core.package_identification:_identify(ros2_ws/src/ros2_kortex/kortex_driver) by extension 'colcon_pkg'
[0.155s] Level 1:colcon.colcon_core.package_identification:_identify(ros2_ws/src/ros2_kortex/kortex_driver) by extensions ['colcon_meta']
[0.155s] Level 1:colcon.colcon_core.package_identification:_identify(ros2_ws/src/ros2_kortex/kortex_driver) by extension 'colcon_meta'
[0.155s] Level 1:colcon.colcon_core.package_identification:_identify(ros2_ws/src/ros2_kortex/kortex_driver) by extensions ['ros']
[0.155s] Level 1:colcon.colcon_core.package_identification:_identify(ros2_ws/src/ros2_kortex/kortex_driver) by extension 'ros'
[0.155s] DEBUG:colcon.colcon_core.package_identification:Package 'ros2_ws/src/ros2_kortex/kortex_driver' with type 'ros.ament_cmake' and name 'kortex_driver'
[0.156s] Level 1:colcon.colcon_core.package_identification:_identify(ros2_ws/src/ros2_kortex/kortex_moveit_config) by extensions ['ignore', 'ignore_ament_install']
[0.156s] Level 1:colcon.colcon_core.package_identification:_identify(ros2_ws/src/ros2_kortex/kortex_moveit_config) by extension 'ignore'
[0.156s] Level 1:colcon.colcon_core.package_identification:_identify(ros2_ws/src/ros2_kortex/kortex_moveit_config) by extension 'ignore_ament_install'
[0.156s] Level 1:colcon.colcon_core.package_identification:_identify(ros2_ws/src/ros2_kortex/kortex_moveit_config) by extensions ['colcon_pkg']
[0.156s] Level 1:colcon.colcon_core.package_identification:_identify(ros2_ws/src/ros2_kortex/kortex_moveit_config) by extension 'colcon_pkg'
[0.156s] Level 1:colcon.colcon_core.package_identification:_identify(ros2_ws/src/ros2_kortex/kortex_moveit_config) by extensions ['colcon_meta']
[0.156s] Level 1:colcon.colcon_core.package_identification:_identify(ros2_ws/src/ros2_kortex/kortex_moveit_config) by extension 'colcon_meta'
[0.156s] Level 1:colcon.colcon_core.package_identification:_identify(ros2_ws/src/ros2_kortex/kortex_moveit_config) by extensions ['ros']
[0.156s] Level 1:colcon.colcon_core.package_identification:_identify(ros2_ws/src/ros2_kortex/kortex_moveit_config) by extension 'ros'
[0.156s] Level 1:colcon.colcon_core.package_identification:_identify(ros2_ws/src/ros2_kortex/kortex_moveit_config) by extensions ['cmake', 'python']
[0.156s] Level 1:colcon.colcon_core.package_identification:_identify(ros2_ws/src/ros2_kortex/kortex_moveit_config) by extension 'cmake'
[0.156s] Level 1:colcon.colcon_core.package_identification:_identify(ros2_ws/src/ros2_kortex/kortex_moveit_config) by extension 'python'
[0.156s] Level 1:colcon.colcon_core.package_identification:_identify(ros2_ws/src/ros2_kortex/kortex_moveit_config) by extensions ['python_setup_py']
[0.156s] Level 1:colcon.colcon_core.package_identification:_identify(ros2_ws/src/ros2_kortex/kortex_moveit_config) by extension 'python_setup_py'
[0.156s] Level 1:colcon.colcon_core.package_identification:_identify(ros2_ws/src/ros2_kortex/kortex_moveit_config/kinova_gen3_6dof_robotiq_2f_85_moveit_config) by extensions ['ignore', 'ignore_ament_install']
[0.156s] Level 1:colcon.colcon_core.package_identification:_identify(ros2_ws/src/ros2_kortex/kortex_moveit_config/kinova_gen3_6dof_robotiq_2f_85_moveit_config) by extension 'ignore'
[0.156s] Level 1:colcon.colcon_core.package_identification:_identify(ros2_ws/src/ros2_kortex/kortex_moveit_config/kinova_gen3_6dof_robotiq_2f_85_moveit_config) by extension 'ignore_ament_install'
[0.156s] Level 1:colcon.colcon_core.package_identification:_identify(ros2_ws/src/ros2_kortex/kortex_moveit_config/kinova_gen3_6dof_robotiq_2f_85_moveit_config) by extensions ['colcon_pkg']
[0.156s] Level 1:colcon.colcon_core.package_identification:_identify(ros2_ws/src/ros2_kortex/kortex_moveit_config/kinova_gen3_6dof_robotiq_2f_85_moveit_config) by extension 'colcon_pkg'
[0.156s] Level 1:colcon.colcon_core.package_identification:_identify(ros2_ws/src/ros2_kortex/kortex_moveit_config/kinova_gen3_6dof_robotiq_2f_85_moveit_config) by extensions ['colcon_meta']
[0.156s] Level 1:colcon.colcon_core.package_identification:_identify(ros2_ws/src/ros2_kortex/kortex_moveit_config/kinova_gen3_6dof_robotiq_2f_85_moveit_config) by extension 'colcon_meta'
[0.156s] Level 1:colcon.colcon_core.package_identification:_identify(ros2_ws/src/ros2_kortex/kortex_moveit_config/kinova_gen3_6dof_robotiq_2f_85_moveit_config) by extensions ['ros']
[0.156s] Level 1:colcon.colcon_core.package_identification:_identify(ros2_ws/src/ros2_kortex/kortex_moveit_config/kinova_gen3_6dof_robotiq_2f_85_moveit_config) by extension 'ros'
[0.157s] DEBUG:colcon.colcon_core.package_identification:Package 'ros2_ws/src/ros2_kortex/kortex_moveit_config/kinova_gen3_6dof_robotiq_2f_85_moveit_config' with type 'ros.ament_cmake' and name 'kinova_gen3_6dof_robotiq_2f_85_moveit_config'
[0.157s] Level 1:colcon.colcon_core.package_identification:_identify(ros2_ws/src/ros2_kortex/kortex_moveit_config/kinova_gen3_7dof_robotiq_2f_85_moveit_config) by extensions ['ignore', 'ignore_ament_install']
[0.157s] Level 1:colcon.colcon_core.package_identification:_identify(ros2_ws/src/ros2_kortex/kortex_moveit_config/kinova_gen3_7dof_robotiq_2f_85_moveit_config) by extension 'ignore'
[0.157s] Level 1:colcon.colcon_core.package_identification:_identify(ros2_ws/src/ros2_kortex/kortex_moveit_config/kinova_gen3_7dof_robotiq_2f_85_moveit_config) by extension 'ignore_ament_install'
[0.157s] Level 1:colcon.colcon_core.package_identification:_identify(ros2_ws/src/ros2_kortex/kortex_moveit_config/kinova_gen3_7dof_robotiq_2f_85_moveit_config) by extensions ['colcon_pkg']
[0.157s] Level 1:colcon.colcon_core.package_identification:_identify(ros2_ws/src/ros2_kortex/kortex_moveit_config/kinova_gen3_7dof_robotiq_2f_85_moveit_config) by extension 'colcon_pkg'
[0.157s] Level 1:colcon.colcon_core.package_identification:_identify(ros2_ws/src/ros2_kortex/kortex_moveit_config/kinova_gen3_7dof_robotiq_2f_85_moveit_config) by extensions ['colcon_meta']
[0.157s] Level 1:colcon.colcon_core.package_identification:_identify(ros2_ws/src/ros2_kortex/kortex_moveit_config/kinova_gen3_7dof_robotiq_2f_85_moveit_config) by extension 'colcon_meta'
[0.157s] Level 1:colcon.colcon_core.package_identification:_identify(ros2_ws/src/ros2_kortex/kortex_moveit_config/kinova_gen3_7dof_robotiq_2f_85_moveit_config) by extensions ['ros']
[0.157s] Level 1:colcon.colcon_core.package_identification:_identify(ros2_ws/src/ros2_kortex/kortex_moveit_config/kinova_gen3_7dof_robotiq_2f_85_moveit_config) by extension 'ros'
[0.158s] DEBUG:colcon.colcon_core.package_identification:Package 'ros2_ws/src/ros2_kortex/kortex_moveit_config/kinova_gen3_7dof_robotiq_2f_85_moveit_config' with type 'ros.ament_cmake' and name 'kinova_gen3_7dof_robotiq_2f_85_moveit_config'
[0.158s] Level 1:colcon.colcon_core.package_identification:_identify(ros2_ws/src/ros2_kortex/kortex_moveit_config/kinova_gen3_lite_moveit_config) by extensions ['ignore', 'ignore_ament_install']
[0.158s] Level 1:colcon.colcon_core.package_identification:_identify(ros2_ws/src/ros2_kortex/kortex_moveit_config/kinova_gen3_lite_moveit_config) by extension 'ignore'
[0.158s] Level 1:colcon.colcon_core.package_identification:_identify(ros2_ws/src/ros2_kortex/kortex_moveit_config/kinova_gen3_lite_moveit_config) by extension 'ignore_ament_install'
[0.158s] Level 1:colcon.colcon_core.package_identification:_identify(ros2_ws/src/ros2_kortex/kortex_moveit_config/kinova_gen3_lite_moveit_config) by extensions ['colcon_pkg']
[0.158s] Level 1:colcon.colcon_core.package_identification:_identify(ros2_ws/src/ros2_kortex/kortex_moveit_config/kinova_gen3_lite_moveit_config) by extension 'colcon_pkg'
[0.158s] Level 1:colcon.colcon_core.package_identification:_identify(ros2_ws/src/ros2_kortex/kortex_moveit_config/kinova_gen3_lite_moveit_config) by extensions ['colcon_meta']
[0.158s] Level 1:colcon.colcon_core.package_identification:_identify(ros2_ws/src/ros2_kortex/kortex_moveit_config/kinova_gen3_lite_moveit_config) by extension 'colcon_meta'
[0.158s] Level 1:colcon.colcon_core.package_identification:_identify(ros2_ws/src/ros2_kortex/kortex_moveit_config/kinova_gen3_lite_moveit_config) by extensions ['ros']
[0.158s] Level 1:colcon.colcon_core.package_identification:_identify(ros2_ws/src/ros2_kortex/kortex_moveit_config/kinova_gen3_lite_moveit_config) by extension 'ros'
[0.159s] DEBUG:colcon.colcon_core.package_identification:Package 'ros2_ws/src/ros2_kortex/kortex_moveit_config/kinova_gen3_lite_moveit_config' with type 'ros.ament_cmake' and name 'kinova_gen3_lite_moveit_config'
[0.159s] Level 1:colcon.colcon_core.package_identification:_identify(ros2_ws/src/ros2_kortex/kortex_moveit_config/launch) by extensions ['ignore', 'ignore_ament_install']
[0.159s] Level 1:colcon.colcon_core.package_identification:_identify(ros2_ws/src/ros2_kortex/kortex_moveit_config/launch) by extension 'ignore'
[0.159s] Level 1:colcon.colcon_core.package_identification:_identify(ros2_ws/src/ros2_kortex/kortex_moveit_config/launch) by extension 'ignore_ament_install'
[0.159s] Level 1:colcon.colcon_core.package_identification:_identify(ros2_ws/src/ros2_kortex/kortex_moveit_config/launch) by extensions ['colcon_pkg']
[0.159s] Level 1:colcon.colcon_core.package_identification:_identify(ros2_ws/src/ros2_kortex/kortex_moveit_config/launch) by extension 'colcon_pkg'
[0.159s] Level 1:colcon.colcon_core.package_identification:_identify(ros2_ws/src/ros2_kortex/kortex_moveit_config/launch) by extensions ['colcon_meta']
[0.159s] Level 1:colcon.colcon_core.package_identification:_identify(ros2_ws/src/ros2_kortex/kortex_moveit_config/launch) by extension 'colcon_meta'
[0.159s] Level 1:colcon.colcon_core.package_identification:_identify(ros2_ws/src/ros2_kortex/kortex_moveit_config/launch) by extensions ['ros']
[0.159s] Level 1:colcon.colcon_core.package_identification:_identify(ros2_ws/src/ros2_kortex/kortex_moveit_config/launch) by extension 'ros'
[0.159s] Level 1:colcon.colcon_core.package_identification:_identify(ros2_ws/src/ros2_kortex/kortex_moveit_config/launch) by extensions ['cmake', 'python']
[0.159s] Level 1:colcon.colcon_core.package_identification:_identify(ros2_ws/src/ros2_kortex/kortex_moveit_config/launch) by extension 'cmake'
[0.159s] Level 1:colcon.colcon_core.package_identification:_identify(ros2_ws/src/ros2_kortex/kortex_moveit_config/launch) by extension 'python'
[0.159s] Level 1:colcon.colcon_core.package_identification:_identify(ros2_ws/src/ros2_kortex/kortex_moveit_config/launch) by extensions ['python_setup_py']
[0.159s] Level 1:colcon.colcon_core.package_identification:_identify(ros2_ws/src/ros2_kortex/kortex_moveit_config/launch) by extension 'python_setup_py'
[0.159s] Level 1:colcon.colcon_core.package_identification:_identify(scripts) by extensions ['ignore', 'ignore_ament_install']
[0.159s] Level 1:colcon.colcon_core.package_identification:_identify(scripts) by extension 'ignore'
[0.159s] Level 1:colcon.colcon_core.package_identification:_identify(scripts) by extension 'ignore_ament_install'
[0.159s] Level 1:colcon.colcon_core.package_identification:_identify(scripts) by extensions ['colcon_pkg']
[0.159s] Level 1:colcon.colcon_core.package_identification:_identify(scripts) by extension 'colcon_pkg'
[0.159s] Level 1:colcon.colcon_core.package_identification:_identify(scripts) by extensions ['colcon_meta']
[0.159s] Level 1:colcon.colcon_core.package_identification:_identify(scripts) by extension 'colcon_meta'
[0.159s] Level 1:colcon.colcon_core.package_identification:_identify(scripts) by extensions ['ros']
[0.159s] Level 1:colcon.colcon_core.package_identification:_identify(scripts) by extension 'ros'
[0.159s] Level 1:colcon.colcon_core.package_identification:_identify(scripts) by extensions ['cmake', 'python']
[0.159s] Level 1:colcon.colcon_core.package_identification:_identify(scripts) by extension 'cmake'
[0.159s] Level 1:colcon.colcon_core.package_identification:_identify(scripts) by extension 'python'
[0.159s] Level 1:colcon.colcon_core.package_identification:_identify(scripts) by extensions ['python_setup_py']
[0.159s] Level 1:colcon.colcon_core.package_identification:_identify(scripts) by extension 'python_setup_py'
[0.159s] Level 1:colcon.colcon_core.package_identification:_identify(volumes) by extensions ['ignore', 'ignore_ament_install']
[0.159s] Level 1:colcon.colcon_core.package_identification:_identify(volumes) by extension 'ignore'
[0.160s] Level 1:colcon.colcon_core.package_identification:_identify(volumes) by extension 'ignore_ament_install'
[0.160s] Level 1:colcon.colcon_core.package_identification:_identify(volumes) by extensions ['colcon_pkg']
[0.160s] Level 1:colcon.colcon_core.package_identification:_identify(volumes) by extension 'colcon_pkg'
[0.160s] Level 1:colcon.colcon_core.package_identification:_identify(volumes) by extensions ['colcon_meta']
[0.160s] Level 1:colcon.colcon_core.package_identification:_identify(volumes) by extension 'colcon_meta'
[0.160s] Level 1:colcon.colcon_core.package_identification:_identify(volumes) by extensions ['ros']
[0.160s] Level 1:colcon.colcon_core.package_identification:_identify(volumes) by extension 'ros'
[0.160s] Level 1:colcon.colcon_core.package_identification:_identify(volumes) by extensions ['cmake', 'python']
[0.160s] Level 1:colcon.colcon_core.package_identification:_identify(volumes) by extension 'cmake'
[0.160s] Level 1:colcon.colcon_core.package_identification:_identify(volumes) by extension 'python'
[0.160s] Level 1:colcon.colcon_core.package_identification:_identify(volumes) by extensions ['python_setup_py']
[0.160s] Level 1:colcon.colcon_core.package_identification:_identify(volumes) by extension 'python_setup_py'
[0.160s] Level 1:colcon.colcon_core.package_identification:_identify(volumes/data) by extensions ['ignore', 'ignore_ament_install']
[0.160s] Level 1:colcon.colcon_core.package_identification:_identify(volumes/data) by extension 'ignore'
[0.160s] Level 1:colcon.colcon_core.package_identification:_identify(volumes/data) by extension 'ignore_ament_install'
[0.160s] Level 1:colcon.colcon_core.package_identification:_identify(volumes/data) by extensions ['colcon_pkg']
[0.160s] Level 1:colcon.colcon_core.package_identification:_identify(volumes/data) by extension 'colcon_pkg'
[0.160s] Level 1:colcon.colcon_core.package_identification:_identify(volumes/data) by extensions ['colcon_meta']
[0.160s] Level 1:colcon.colcon_core.package_identification:_identify(volumes/data) by extension 'colcon_meta'
[0.160s] Level 1:colcon.colcon_core.package_identification:_identify(volumes/data) by extensions ['ros']
[0.160s] Level 1:colcon.colcon_core.package_identification:_identify(volumes/data) by extension 'ros'
[0.160s] Level 1:colcon.colcon_core.package_identification:_identify(volumes/data) by extensions ['cmake', 'python']
[0.160s] Level 1:colcon.colcon_core.package_identification:_identify(volumes/data) by extension 'cmake'
[0.160s] Level 1:colcon.colcon_core.package_identification:_identify(volumes/data) by extension 'python'
[0.160s] Level 1:colcon.colcon_core.package_identification:_identify(volumes/data) by extensions ['python_setup_py']
[0.160s] Level 1:colcon.colcon_core.package_identification:_identify(volumes/data) by extension 'python_setup_py'
[0.160s] Level 1:colcon.colcon_core.package_discovery:discover_packages(recursive) using defaults
[0.160s] Level 1:colcon.colcon_core.package_discovery:discover_packages(ignore) discover
[0.160s] Level 1:colcon.colcon_core.package_discovery:discover_packages(ignore) using defaults
[0.160s] Level 1:colcon.colcon_core.package_discovery:discover_packages(path) discover
[0.160s] Level 1:colcon.colcon_core.package_discovery:discover_packages(path) using defaults
[0.175s] Level 1:colcon.colcon_core.package_discovery:discover_packages(prefix_path) check parameters
[0.175s] Level 1:colcon.colcon_core.package_discovery:discover_packages(prefix_path) discover
[0.175s] Level 1:colcon.colcon_core.package_discovery:discover_packages(prefix_path) using defaults
[0.176s] ERROR:colcon:colcon build: Duplicate package names not supported:
- moving_table_pkg:
  - backup
  - ros2_ws/src/moving_table_pkg
